[ +208 ms] Artifact Instance of 'MaterialFonts' is not required, skipping update.
[   +6 ms] Artifact Instance of 'GradleWrapper' is not required, skipping update.
[        ] Artifact Instance of 'AndroidGenSnapshotArtifacts' is not required, skipping update.
[        ] Artifact Instance of 'AndroidInternalBuildArtifacts' is not required, skipping update.
[        ] Artifact Instance of 'IOSEngineArtifacts' is not required, skipping update.
[        ] Artifact Instance of 'FlutterWebSdk' is not required, skipping update.
[   +2 ms] Artifact Instance of 'LegacyCanvasKitRemover' is not required, skipping update.
[        ] Artifact Instance of 'FlutterSdk' is not required, skipping update.
[        ] Artifact Instance of 'WindowsEngineArtifacts' is not required, skipping update.
[        ] Artifact Instance of 'MacOSEngineArtifacts' is not required, skipping update.
[   +1 ms] Artifact Instance of 'LinuxEngineArtifacts' is not required, skipping update.
[        ] Artifact Instance of 'LinuxFuchsiaSDKArtifacts' is not required, skipping update.
[        ] Artifact Instance of 'MacOSFuchsiaSDKArtifacts' is not required, skipping update.
[        ] Artifact Instance of 'FlutterRunnerSDKArtifacts' is not required, skipping update.
[        ] Artifact Instance of 'FlutterRunnerDebugSymbols' is not required, skipping update.
[        ] Artifact Instance of 'IosUsbArtifacts' is not required, skipping update.
[        ] Artifact Instance of 'IosUsbArtifacts' is not required, skipping update.
[        ] Artifact Instance of 'IosUsbArtifacts' is not required, skipping update.
[        ] Artifact Instance of 'IosUsbArtifacts' is not required, skipping update.
[        ] Artifact Instance of 'IosUsbArtifacts' is not required, skipping update.
[        ] Artifact Instance of 'IosUsbArtifacts' is not required, skipping update.
[        ] Artifact Instance of 'FontSubsetArtifacts' is not required, skipping update.
[        ] Artifact Instance of 'PubDependencies' is not required, skipping update.
[  +99 ms] Artifact Instance of 'AndroidGenSnapshotArtifacts' is not required, skipping update.
[        ] Artifact Instance of 'AndroidInternalBuildArtifacts' is not required, skipping update.
[        ] Artifact Instance of 'IOSEngineArtifacts' is not required, skipping update.
[        ] Artifact Instance of 'FlutterWebSdk' is not required, skipping update.
[        ] Artifact Instance of 'FlutterEngineStamp' is not required, skipping update.
[        ] Artifact Instance of 'LegacyCanvasKitRemover' is not required, skipping update.
[   +2 ms] Artifact Instance of 'WindowsEngineArtifacts' is not required, skipping update.
[        ] Artifact Instance of 'MacOSEngineArtifacts' is not required, skipping update.
[        ] Artifact Instance of 'LinuxEngineArtifacts' is not required, skipping update.
[        ] Artifact Instance of 'LinuxFuchsiaSDKArtifacts' is not required, skipping update.
[        ] Artifact Instance of 'MacOSFuchsiaSDKArtifacts' is not required, skipping update.
[        ] Artifact Instance of 'FlutterRunnerSDKArtifacts' is not required, skipping update.
[        ] Artifact Instance of 'FlutterRunnerDebugSymbols' is not required, skipping update.
[  +47 ms] Artifact Instance of 'MaterialFonts' is not required, skipping update.
[        ] Artifact Instance of 'GradleWrapper' is not required, skipping update.
[   +2 ms] Artifact Instance of 'AndroidInternalBuildArtifacts' is not required, skipping update.
[        ] Artifact Instance of 'IOSEngineArtifacts' is not required, skipping update.
[        ] Artifact Instance of 'FlutterWebSdk' is not required, skipping update.
[        ] Artifact Instance of 'FlutterEngineStamp' is not required, skipping update.
[        ] Artifact Instance of 'LegacyCanvasKitRemover' is not required, skipping update.
[        ] Artifact Instance of 'FlutterSdk' is not required, skipping update.
[        ] Artifact Instance of 'WindowsEngineArtifacts' is not required, skipping update.
[        ] Artifact Instance of 'MacOSEngineArtifacts' is not required, skipping update.
[        ] Artifact Instance of 'LinuxEngineArtifacts' is not required, skipping update.
[        ] Artifact Instance of 'LinuxFuchsiaSDKArtifacts' is not required, skipping update.
[        ] Artifact Instance of 'MacOSFuchsiaSDKArtifacts' is not required, skipping update.
[        ] Artifact Instance of 'FlutterRunnerSDKArtifacts' is not required, skipping update.
[        ] Artifact Instance of 'FlutterRunnerDebugSymbols' is not required, skipping update.
[        ] Artifact Instance of 'IosUsbArtifacts' is not required, skipping update.
[        ] Artifact Instance of 'IosUsbArtifacts' is not required, skipping update.
[        ] Artifact Instance of 'IosUsbArtifacts' is not required, skipping update.
[        ] Artifact Instance of 'IosUsbArtifacts' is not required, skipping update.
[        ] Artifact Instance of 'IosUsbArtifacts' is not required, skipping update.
[        ] Artifact Instance of 'IosUsbArtifacts' is not required, skipping update.
[        ] Artifact Instance of 'FontSubsetArtifacts' is not required, skipping update.
[        ] Artifact Instance of 'PubDependencies' is not required, skipping update.
[  +69 ms] Skipping pub get: version match.
[ +138 ms] Found plugin vibration at C:\Users\jakao\AppData\Local\Pub\Cache\hosted\pub.dev\vibration-2.1.0\
[   +9 ms] Found plugin device_info_plus at C:\Users\jakao\AppData\Local\Pub\Cache\hosted\pub.dev\device_info_plus-11.5.0\
[  +15 ms] Found plugin url_launcher at C:\Users\jakao\AppData\Local\Pub\Cache\hosted\pub.dev\url_launcher-6.3.2\
[   +2 ms] Found plugin url_launcher_windows at C:\Users\jakao\AppData\Local\Pub\Cache\hosted\pub.dev\url_launcher_windows-3.1.4\
[   +4 ms] Found plugin url_launcher_web at C:\Users\jakao\AppData\Local\Pub\Cache\hosted\pub.dev\url_launcher_web-2.4.1\
[   +1 ms] Found plugin url_launcher_macos at C:\Users\jakao\AppData\Local\Pub\Cache\hosted\pub.dev\url_launcher_macos-3.2.2\
[   +1 ms] Found plugin url_launcher_linux at C:\Users\jakao\AppData\Local\Pub\Cache\hosted\pub.dev\url_launcher_linux-3.2.1\
[   +2 ms] Found plugin url_launcher_ios at C:\Users\jakao\AppData\Local\Pub\Cache\hosted\pub.dev\url_launcher_ios-6.3.3\
[   +4 ms] Found plugin url_launcher_android at C:\Users\jakao\AppData\Local\Pub\Cache\hosted\pub.dev\url_launcher_android-6.3.16\
[  +12 ms] Found plugin sqflite at C:\Users\jakao\AppData\Local\Pub\Cache\hosted\pub.dev\sqflite-2.4.2\
[   +7 ms] Found plugin sqflite_darwin at C:\Users\jakao\AppData\Local\Pub\Cache\hosted\pub.dev\sqflite_darwin-2.4.2\
[   +3 ms] Found plugin sqflite_android at C:\Users\jakao\AppData\Local\Pub\Cache\hosted\pub.dev\sqflite_android-2.4.1\
[   +2 ms] Found plugin shared_preferences at C:\Users\jakao\AppData\Local\Pub\Cache\hosted\pub.dev\shared_preferences-2.5.3\
[   +1 ms] Found plugin shared_preferences_windows at C:\Users\jakao\AppData\Local\Pub\Cache\hosted\pub.dev\shared_preferences_windows-2.4.1\
[   +3 ms] Found plugin path_provider_windows at C:\Users\jakao\AppData\Local\Pub\Cache\hosted\pub.dev\path_provider_windows-2.3.0\
[   +4 ms] Found plugin shared_preferences_web at C:\Users\jakao\AppData\Local\Pub\Cache\hosted\pub.dev\shared_preferences_web-2.4.3\
[   +3 ms] Found plugin shared_preferences_linux at C:\Users\jakao\AppData\Local\Pub\Cache\hosted\pub.dev\shared_preferences_linux-2.4.1\
[   +3 ms] Found plugin path_provider_linux at C:\Users\jakao\AppData\Local\Pub\Cache\hosted\pub.dev\path_provider_linux-2.2.1\
[   +4 ms] Found plugin shared_preferences_foundation at C:\Users\jakao\AppData\Local\Pub\Cache\hosted\pub.dev\shared_preferences_foundation-2.5.4\
[   +2 ms] Found plugin shared_preferences_android at C:\Users\jakao\AppData\Local\Pub\Cache\hosted\pub.dev\shared_preferences_android-2.4.10\
[   +2 ms] Found plugin share_plus at C:\Users\jakao\AppData\Local\Pub\Cache\hosted\pub.dev\share_plus-7.2.2\
[   +7 ms] Found plugin path_provider at C:\Users\jakao\AppData\Local\Pub\Cache\hosted\pub.dev\path_provider-2.1.5\
[   +2 ms] Found plugin path_provider_foundation at C:\Users\jakao\AppData\Local\Pub\Cache\hosted\pub.dev\path_provider_foundation-2.4.1\
[   +3 ms] Found plugin path_provider_android at C:\Users\jakao\AppData\Local\Pub\Cache\hosted\pub.dev\path_provider_android-2.2.17\
[  +10 ms] Found plugin printing at C:\Users\jakao\AppData\Local\Pub\Cache\hosted\pub.dev\printing-5.14.2\
[   +9 ms] Found plugin package_info_plus at C:\Users\jakao\AppData\Local\Pub\Cache\hosted\pub.dev\package_info_plus-4.2.0\
[   +3 ms] Found plugin mobile_scanner at C:\Users\jakao\AppData\Local\Pub\Cache\hosted\pub.dev\mobile_scanner-7.0.1\
[   +3 ms] Found plugin image_picker at C:\Users\jakao\AppData\Local\Pub\Cache\hosted\pub.dev\image_picker-1.1.2\
[   +1 ms] Found plugin image_picker_windows at C:\Users\jakao\AppData\Local\Pub\Cache\hosted\pub.dev\image_picker_windows-0.2.1+1\
[   +3 ms] Found plugin file_selector_windows at C:\Users\jakao\AppData\Local\Pub\Cache\hosted\pub.dev\file_selector_windows-0.9.3+4\
[   +4 ms] Found plugin image_picker_macos at C:\Users\jakao\AppData\Local\Pub\Cache\hosted\pub.dev\image_picker_macos-0.2.1+2\
[   +2 ms] Found plugin file_selector_macos at C:\Users\jakao\AppData\Local\Pub\Cache\hosted\pub.dev\file_selector_macos-0.9.4+3\
[   +1 ms] Found plugin image_picker_linux at C:\Users\jakao\AppData\Local\Pub\Cache\hosted\pub.dev\image_picker_linux-0.2.1+2\
[   +1 ms] Found plugin file_selector_linux at C:\Users\jakao\AppData\Local\Pub\Cache\hosted\pub.dev\file_selector_linux-0.9.3+2\
[   +1 ms] Found plugin image_picker_ios at C:\Users\jakao\AppData\Local\Pub\Cache\hosted\pub.dev\image_picker_ios-0.8.12+2\
[   +1 ms] Found plugin image_picker_for_web at C:\Users\jakao\AppData\Local\Pub\Cache\hosted\pub.dev\image_picker_for_web-3.0.6\
[   +1 ms] Found plugin image_picker_android at C:\Users\jakao\AppData\Local\Pub\Cache\hosted\pub.dev\image_picker_android-0.8.12+23\
[   +1 ms] Found plugin flutter_plugin_android_lifecycle at C:\Users\jakao\AppData\Local\Pub\Cache\hosted\pub.dev\flutter_plugin_android_lifecycle-2.0.28\
[  +14 ms] Found plugin file_picker at C:\Users\jakao\AppData\Local\Pub\Cache\hosted\pub.dev\file_picker-8.3.7\
[  +84 ms] Found plugin vibration at C:\Users\jakao\AppData\Local\Pub\Cache\hosted\pub.dev\vibration-2.1.0\
[   +2 ms] Found plugin device_info_plus at C:\Users\jakao\AppData\Local\Pub\Cache\hosted\pub.dev\device_info_plus-11.5.0\
[   +5 ms] Found plugin url_launcher at C:\Users\jakao\AppData\Local\Pub\Cache\hosted\pub.dev\url_launcher-6.3.2\
[        ] Found plugin url_launcher_windows at C:\Users\jakao\AppData\Local\Pub\Cache\hosted\pub.dev\url_launcher_windows-3.1.4\
[   +1 ms] Found plugin url_launcher_web at C:\Users\jakao\AppData\Local\Pub\Cache\hosted\pub.dev\url_launcher_web-2.4.1\
[        ] Found plugin url_launcher_macos at C:\Users\jakao\AppData\Local\Pub\Cache\hosted\pub.dev\url_launcher_macos-3.2.2\
[        ] Found plugin url_launcher_linux at C:\Users\jakao\AppData\Local\Pub\Cache\hosted\pub.dev\url_launcher_linux-3.2.1\
[        ] Found plugin url_launcher_ios at C:\Users\jakao\AppData\Local\Pub\Cache\hosted\pub.dev\url_launcher_ios-6.3.3\
[        ] Found plugin url_launcher_android at C:\Users\jakao\AppData\Local\Pub\Cache\hosted\pub.dev\url_launcher_android-6.3.16\
[   +3 ms] Found plugin sqflite at C:\Users\jakao\AppData\Local\Pub\Cache\hosted\pub.dev\sqflite-2.4.2\
[   +2 ms] Found plugin sqflite_darwin at C:\Users\jakao\AppData\Local\Pub\Cache\hosted\pub.dev\sqflite_darwin-2.4.2\
[   +1 ms] Found plugin sqflite_android at C:\Users\jakao\AppData\Local\Pub\Cache\hosted\pub.dev\sqflite_android-2.4.1\
[   +2 ms] Found plugin shared_preferences at C:\Users\jakao\AppData\Local\Pub\Cache\hosted\pub.dev\shared_preferences-2.5.3\
[   +1 ms] Found plugin shared_preferences_windows at C:\Users\jakao\AppData\Local\Pub\Cache\hosted\pub.dev\shared_preferences_windows-2.4.1\
[   +2 ms] Found plugin path_provider_windows at C:\Users\jakao\AppData\Local\Pub\Cache\hosted\pub.dev\path_provider_windows-2.3.0\
[   +1 ms] Found plugin shared_preferences_web at C:\Users\jakao\AppData\Local\Pub\Cache\hosted\pub.dev\shared_preferences_web-2.4.3\
[        ] Found plugin shared_preferences_linux at C:\Users\jakao\AppData\Local\Pub\Cache\hosted\pub.dev\shared_preferences_linux-2.4.1\
[        ] Found plugin path_provider_linux at C:\Users\jakao\AppData\Local\Pub\Cache\hosted\pub.dev\path_provider_linux-2.2.1\
[   +1 ms] Found plugin shared_preferences_foundation at C:\Users\jakao\AppData\Local\Pub\Cache\hosted\pub.dev\shared_preferences_foundation-2.5.4\
[        ] Found plugin shared_preferences_android at C:\Users\jakao\AppData\Local\Pub\Cache\hosted\pub.dev\shared_preferences_android-2.4.10\
[        ] Found plugin share_plus at C:\Users\jakao\AppData\Local\Pub\Cache\hosted\pub.dev\share_plus-7.2.2\
[   +4 ms] Found plugin path_provider at C:\Users\jakao\AppData\Local\Pub\Cache\hosted\pub.dev\path_provider-2.1.5\
[   +1 ms] Found plugin path_provider_foundation at C:\Users\jakao\AppData\Local\Pub\Cache\hosted\pub.dev\path_provider_foundation-2.4.1\
[   +1 ms] Found plugin path_provider_android at C:\Users\jakao\AppData\Local\Pub\Cache\hosted\pub.dev\path_provider_android-2.2.17\
[   +3 ms] Found plugin printing at C:\Users\jakao\AppData\Local\Pub\Cache\hosted\pub.dev\printing-5.14.2\
[   +4 ms] Found plugin package_info_plus at C:\Users\jakao\AppData\Local\Pub\Cache\hosted\pub.dev\package_info_plus-4.2.0\
[   +1 ms] Found plugin mobile_scanner at C:\Users\jakao\AppData\Local\Pub\Cache\hosted\pub.dev\mobile_scanner-7.0.1\
[   +3 ms] Found plugin image_picker at C:\Users\jakao\AppData\Local\Pub\Cache\hosted\pub.dev\image_picker-1.1.2\
[   +2 ms] Found plugin image_picker_windows at C:\Users\jakao\AppData\Local\Pub\Cache\hosted\pub.dev\image_picker_windows-0.2.1+1\
[   +2 ms] Found plugin file_selector_windows at C:\Users\jakao\AppData\Local\Pub\Cache\hosted\pub.dev\file_selector_windows-0.9.3+4\
[   +2 ms] Found plugin image_picker_macos at C:\Users\jakao\AppData\Local\Pub\Cache\hosted\pub.dev\image_picker_macos-0.2.1+2\
[   +1 ms] Found plugin file_selector_macos at C:\Users\jakao\AppData\Local\Pub\Cache\hosted\pub.dev\file_selector_macos-0.9.4+3\
[        ] Found plugin image_picker_linux at C:\Users\jakao\AppData\Local\Pub\Cache\hosted\pub.dev\image_picker_linux-0.2.1+2\
[        ] Found plugin file_selector_linux at C:\Users\jakao\AppData\Local\Pub\Cache\hosted\pub.dev\file_selector_linux-0.9.3+2\
[   +1 ms] Found plugin image_picker_ios at C:\Users\jakao\AppData\Local\Pub\Cache\hosted\pub.dev\image_picker_ios-0.8.12+2\
[        ] Found plugin image_picker_for_web at C:\Users\jakao\AppData\Local\Pub\Cache\hosted\pub.dev\image_picker_for_web-3.0.6\
[        ] Found plugin image_picker_android at C:\Users\jakao\AppData\Local\Pub\Cache\hosted\pub.dev\image_picker_android-0.8.12+23\
[        ] Found plugin flutter_plugin_android_lifecycle at C:\Users\jakao\AppData\Local\Pub\Cache\hosted\pub.dev\flutter_plugin_android_lifecycle-2.0.28\
[   +7 ms] Found plugin file_picker at C:\Users\jakao\AppData\Local\Pub\Cache\hosted\pub.dev\file_picker-8.3.7\
[  +19 ms] Skipping generating web_plugin_registrant.dart because it is up-to-date.
[  +44 ms] Found plugin vibration at C:\Users\jakao\AppData\Local\Pub\Cache\hosted\pub.dev\vibration-2.1.0\
[   +2 ms] Found plugin device_info_plus at C:\Users\jakao\AppData\Local\Pub\Cache\hosted\pub.dev\device_info_plus-11.5.0\
[   +4 ms] Found plugin url_launcher at C:\Users\jakao\AppData\Local\Pub\Cache\hosted\pub.dev\url_launcher-6.3.2\
[        ] Found plugin url_launcher_windows at C:\Users\jakao\AppData\Local\Pub\Cache\hosted\pub.dev\url_launcher_windows-3.1.4\
[   +1 ms] Found plugin url_launcher_web at C:\Users\jakao\AppData\Local\Pub\Cache\hosted\pub.dev\url_launcher_web-2.4.1\
[        ] Found plugin url_launcher_macos at C:\Users\jakao\AppData\Local\Pub\Cache\hosted\pub.dev\url_launcher_macos-3.2.2\
[        ] Found plugin url_launcher_linux at C:\Users\jakao\AppData\Local\Pub\Cache\hosted\pub.dev\url_launcher_linux-3.2.1\
[        ] Found plugin url_launcher_ios at C:\Users\jakao\AppData\Local\Pub\Cache\hosted\pub.dev\url_launcher_ios-6.3.3\
[        ] Found plugin url_launcher_android at C:\Users\jakao\AppData\Local\Pub\Cache\hosted\pub.dev\url_launcher_android-6.3.16\
[   +6 ms] Found plugin sqflite at C:\Users\jakao\AppData\Local\Pub\Cache\hosted\pub.dev\sqflite-2.4.2\
[   +2 ms] Found plugin sqflite_darwin at C:\Users\jakao\AppData\Local\Pub\Cache\hosted\pub.dev\sqflite_darwin-2.4.2\
[   +1 ms] Found plugin sqflite_android at C:\Users\jakao\AppData\Local\Pub\Cache\hosted\pub.dev\sqflite_android-2.4.1\
[        ] Found plugin shared_preferences at C:\Users\jakao\AppData\Local\Pub\Cache\hosted\pub.dev\shared_preferences-2.5.3\
[        ] Found plugin shared_preferences_windows at C:\Users\jakao\AppData\Local\Pub\Cache\hosted\pub.dev\shared_preferences_windows-2.4.1\
[   +1 ms] Found plugin path_provider_windows at C:\Users\jakao\AppData\Local\Pub\Cache\hosted\pub.dev\path_provider_windows-2.3.0\
[   +1 ms] Found plugin shared_preferences_web at C:\Users\jakao\AppData\Local\Pub\Cache\hosted\pub.dev\shared_preferences_web-2.4.3\
[        ] Found plugin shared_preferences_linux at C:\Users\jakao\AppData\Local\Pub\Cache\hosted\pub.dev\shared_preferences_linux-2.4.1\
[        ] Found plugin path_provider_linux at C:\Users\jakao\AppData\Local\Pub\Cache\hosted\pub.dev\path_provider_linux-2.2.1\
[   +1 ms] Found plugin shared_preferences_foundation at C:\Users\jakao\AppData\Local\Pub\Cache\hosted\pub.dev\shared_preferences_foundation-2.5.4\
[        ] Found plugin shared_preferences_android at C:\Users\jakao\AppData\Local\Pub\Cache\hosted\pub.dev\shared_preferences_android-2.4.10\
[   +1 ms] Found plugin share_plus at C:\Users\jakao\AppData\Local\Pub\Cache\hosted\pub.dev\share_plus-7.2.2\
[   +4 ms] Found plugin path_provider at C:\Users\jakao\AppData\Local\Pub\Cache\hosted\pub.dev\path_provider-2.1.5\
[        ] Found plugin path_provider_foundation at C:\Users\jakao\AppData\Local\Pub\Cache\hosted\pub.dev\path_provider_foundation-2.4.1\
[        ] Found plugin path_provider_android at C:\Users\jakao\AppData\Local\Pub\Cache\hosted\pub.dev\path_provider_android-2.2.17\
[   +2 ms] Found plugin printing at C:\Users\jakao\AppData\Local\Pub\Cache\hosted\pub.dev\printing-5.14.2\
[   +3 ms] Found plugin package_info_plus at C:\Users\jakao\AppData\Local\Pub\Cache\hosted\pub.dev\package_info_plus-4.2.0\
[   +1 ms] Found plugin mobile_scanner at C:\Users\jakao\AppData\Local\Pub\Cache\hosted\pub.dev\mobile_scanner-7.0.1\
[   +1 ms] Found plugin image_picker at C:\Users\jakao\AppData\Local\Pub\Cache\hosted\pub.dev\image_picker-1.1.2\
[   +1 ms] Found plugin image_picker_windows at C:\Users\jakao\AppData\Local\Pub\Cache\hosted\pub.dev\image_picker_windows-0.2.1+1\
[   +1 ms] Found plugin file_selector_windows at C:\Users\jakao\AppData\Local\Pub\Cache\hosted\pub.dev\file_selector_windows-0.9.3+4\
[   +2 ms] Found plugin image_picker_macos at C:\Users\jakao\AppData\Local\Pub\Cache\hosted\pub.dev\image_picker_macos-0.2.1+2\
[   +1 ms] Found plugin file_selector_macos at C:\Users\jakao\AppData\Local\Pub\Cache\hosted\pub.dev\file_selector_macos-0.9.4+3\
[   +1 ms] Found plugin image_picker_linux at C:\Users\jakao\AppData\Local\Pub\Cache\hosted\pub.dev\image_picker_linux-0.2.1+2\
[        ] Found plugin file_selector_linux at C:\Users\jakao\AppData\Local\Pub\Cache\hosted\pub.dev\file_selector_linux-0.9.3+2\
[        ] Found plugin image_picker_ios at C:\Users\jakao\AppData\Local\Pub\Cache\hosted\pub.dev\image_picker_ios-0.8.12+2\
[        ] Found plugin image_picker_for_web at C:\Users\jakao\AppData\Local\Pub\Cache\hosted\pub.dev\image_picker_for_web-3.0.6\
[        ] Found plugin image_picker_android at C:\Users\jakao\AppData\Local\Pub\Cache\hosted\pub.dev\image_picker_android-0.8.12+23\
[        ] Found plugin flutter_plugin_android_lifecycle at C:\Users\jakao\AppData\Local\Pub\Cache\hosted\pub.dev\flutter_plugin_android_lifecycle-2.0.28\
[   +4 ms] Found plugin file_picker at C:\Users\jakao\AppData\Local\Pub\Cache\hosted\pub.dev\file_picker-8.3.7\
[  +23 ms] Generating C:\Users\jakao\Proyectos\app_gestor\android\app\src\main\java\io\flutter\plugins\GeneratedPluginRegistrant.java
[   +1 ms] Skipping generating GeneratedPluginRegistrant.java because it is up-to-date.
[   +4 ms] Skipping generating generated_plugin_registrant.h because it is up-to-date.
[        ] Skipping generating generated_plugin_registrant.cc because it is up-to-date.
[   +1 ms] Skipping generating generated_plugins.cmake because it is up-to-date.
[   +1 ms] Skipping generating generated_plugin_registrant.h because it is up-to-date.
[   +1 ms] Skipping generating generated_plugin_registrant.cc because it is up-to-date.
[   +1 ms] Skipping generating generated_plugins.cmake because it is up-to-date.
[   +2 ms] Skipping generating GeneratedPluginRegistrant.h because it is up-to-date.
[   +1 ms] Skipping generating GeneratedPluginRegistrant.m because it is up-to-date.
[   +1 ms] Skipping generating GeneratedPluginRegistrant.swift because it is up-to-date.
[  +86 ms] executing: C:\Program Files\Android\Android Studio1\jbr\bin\java -version
[  +28 ms] Exit code 1 from: C:\Program Files\Android\Android Studio1\jbr\bin\java -version
[        ] Error: could not open `C:\Program Files\Android\Android Studio1\jbr\lib\jvm.cfg'
[   +2 ms] executing: C:\Program Files\Android\Android Studio1\jbr\bin\java -version
[  +21 ms] Exit code 1 from: C:\Program Files\Android\Android Studio1\jbr\bin\java -version
[        ] Error: could not open `C:\Program Files\Android\Android Studio1\jbr\lib\jvm.cfg'
[   +1 ms] executing: C:\Program Files\Android\Android Studio2\jbr\bin\java -version
[ +121 ms] Exit code 0 from: C:\Program Files\Android\Android Studio2\jbr\bin\java -version
[        ] openjdk version "21.0.6" 2025-01-21
           OpenJDK Runtime Environment (build 21.0.6+-13391695-b895.109)
           OpenJDK 64-Bit Server VM (build 21.0.6+-13391695-b895.109, mixed mode)
[  +10 ms] Top-level Gradle build file not found, skipping migration of task "clean".
[   +2 ms] executing: C:\Program Files\Android\Android Studio2\jbr\bin\java --version
[ +110 ms] Exit code 0 from: C:\Program Files\Android\Android Studio2\jbr\bin\java --version
[        ] openjdk 21.0.6 2025-01-21
           OpenJDK Runtime Environment (build 21.0.6+-13391695-b895.109)
           OpenJDK 64-Bit Server VM (build 21.0.6+-13391695-b895.109, mixed mode)
[   +1 ms] Version of Java is different than impacted version, no migration attempted.
[  +12 ms] CMake project not found, skipping support Android 15 16k page size migration.
[   +4 ms] Using gradle from C:\Users\jakao\Proyectos\app_gestor\android\gradlew.bat.
[  +11 ms] LocalFile: 'C:\Users\jakao\Proyectos\app_gestor\android\build.gradle.kts' provides AGP version from classpath: 8.4.0
[   +8 ms] Running Gradle task 'bundleRelease'...
[   +1 ms] executing: [C:\Users\jakao\Proyectos\app_gestor\android/] C:\Users\jakao\Proyectos\app_gestor\android\gradlew.bat --full-stacktrace --info -Pverbose=true -Ptarget-platform=android-arm,android-arm64,android-x64 -Ptarget=lib\main.dart -Pbase-application-name=android.app.Application -Pdart-defines=RkxVVFRFUl9WRVJTSU9OPTMuMzUuMg==,RkxVVFRFUl9DSEFOTkVMPXN0YWJsZQ==,RkxVVFRFUl9HSVRfVVJMPWh0dHBzOi8vZ2l0aHViLmNvbS9mbHV0dGVyL2ZsdXR0ZXIuZ2l0,RkxVVFRFUl9GUkFNRVdPUktfUkVWSVNJT049MDVkYjk2ODkwOA==,RkxVVFRFUl9FTkdJTkVfUkVWSVNJT049YThiZmRmYzM5NA==,RkxVVFRFUl9EQVJUX1ZFUlNJT049My45LjA= -Pdart-obfuscation=false -Ptrack-widget-creation=true -Ptree-shake-icons=true bundleRelease
[ +793 ms] Initialized native services in: C:\Users\jakao\.gradle\native
[   +1 ms] Initialized jansi services in: C:\Users\jakao\.gradle\native
[ +117 ms] Received JVM installation metadata from 'C:\Program Files\Android\Android Studio2\jbr': {JAVA_HOME=C:\Program Files\Android\Android Studio2\jbr, JAVA_VERSION=21.0.6, JAVA_VENDOR=JetBrains s.r.o., RUNTIME_NAME=OpenJDK Runtime Environment, RUNTIME_VERSION=21.0.6+-13391695-b895.109, VM_NAME=OpenJDK 64-Bit Server VM, VM_VERSION=21.0.6+-13391695-b895.109, VM_VENDOR=JetBrains s.r.o., OS_ARCH=amd64}
[ +201 ms] Found daemon DaemonInfo{pid=18160, address=[d8ba4af7-e4ce-4d20-9500-1827d2a23608 port:55353, addresses:[/127.0.0.1]], state=Idle, lastBusy=1767566641531, context=DefaultDaemonContext[uid=8b3c19d1-6af4-460e-b21d-984620a0d5f0,javaHome=C:\Users\jakao\AppData\Local\Android\jdk\jdk-17.0.10+7,javaVersion=17,daemonRegistryDir=C:\Users\jakao\.gradle\daemon,pid=18160,idleTimeout=10800000,priority=NORMAL,applyInstrumentationAgent=true,nativeServicesMode=ENABLED,daemonOpts=-XX:MaxMetaspaceSize=4G,-XX:ReservedCodeCacheSize=512m,-XX:+HeapDumpOnOutOfMemoryError,--add-opens=java.base/java.util=ALL-UNNAMED,--add-opens=java.base/java.lang=ALL-UNNAMED,--add-opens=java.base/java.lang.invoke=ALL-UNNAMED,--add-opens=java.prefs/java.util.prefs=ALL-UNNAMED,--add-exports=jdk.compiler/com.sun.tools.javac.api=ALL-UNNAMED,--add-exports=jdk.compiler/com.sun.tools.javac.util=ALL-UNNAMED,--add-opens=java.base/java.nio.charset=ALL-UNNAMED,--add-opens=java.base/java.net=ALL-UNNAMED,--add-opens=java.base/java.util.concurrent.atomic=ALL-UNNAMED,-Xmx8G,-Dfile.encoding=windows-1252,-Duser.country=AR,-Duser.language=es,-Duser.variant]} however its context does not match the desired criteria.
[        ] JVM is incompatible.
[        ] Wanted: DaemonRequestContext{jvmCriteria=C:\Program Files\Android\Android Studio2\jbr (no JDK specified, using current Java home), daemonOpts=[-XX:MaxMetaspaceSize=4G, -XX:ReservedCodeCacheSize=512m, -XX:+HeapDumpOnOutOfMemoryError, --add-opens=java.base/java.util=ALL-UNNAMED, --add-opens=java.base/java.lang=ALL-UNNAMED, --add-opens=java.base/java.lang.invoke=ALL-UNNAMED, --add-opens=java.prefs/java.util.prefs=ALL-UNNAMED, --add-exports=jdk.compiler/com.sun.tools.javac.api=ALL-UNNAMED, --add-exports=jdk.compiler/com.sun.tools.javac.util=ALL-UNNAMED, --add-opens=java.base/java.nio.charset=ALL-UNNAMED, --add-opens=java.base/java.net=ALL-UNNAMED, --add-opens=java.base/java.util.concurrent.atomic=ALL-UNNAMED, -Xmx8G, -Dfile.encoding=UTF-8, -Duser.country=AR, -Duser.language=es, -Duser.variant], applyInstrumentationAgent=true, nativeServicesMode=ENABLED, priority=NORMAL}
[        ] Actual: DefaultDaemonContext[uid=8b3c19d1-6af4-460e-b21d-984620a0d5f0,javaHome=C:\Users\jakao\AppData\Local\Android\jdk\jdk-17.0.10+7,javaVersion=17,daemonRegistryDir=C:\Users\jakao\.gradle\daemon,pid=18160,idleTimeout=10800000,priority=NORMAL,applyInstrumentationAgent=true,nativeServicesMode=ENABLED,daemonOpts=-XX:MaxMetaspaceSize=4G,-XX:ReservedCodeCacheSize=512m,-XX:+HeapDumpOnOutOfMemoryError,--add-opens=java.base/java.util=ALL-UNNAMED,--add-opens=java.base/java.lang=ALL-UNNAMED,--add-opens=java.base/java.lang.invoke=ALL-UNNAMED,--add-opens=java.prefs/java.util.prefs=ALL-UNNAMED,--add-exports=jdk.compiler/com.sun.tools.javac.api=ALL-UNNAMED,--add-exports=jdk.compiler/com.sun.tools.javac.util=ALL-UNNAMED,--add-opens=java.base/java.nio.charset=ALL-UNNAMED,--add-opens=java.base/java.net=ALL-UNNAMED,--add-opens=java.base/java.util.concurrent.atomic=ALL-UNNAMED,-Xmx8G,-Dfile.encoding=windows-1252,-Duser.country=AR,-Duser.language=es,-Duser.variant]
[        ]   Looking for a different daemon...
[  +90 ms] The client will now receive all logging from the daemon (pid: 22264). The daemon log file: C:\Users\jakao\.gradle\daemon\8.9\daemon-22264.out.log
[        ] Starting 4th build in daemon [uptime: 26 mins 19.013 secs, performance: 99%, GC rate: 0.00/s, heap usage: 0% of 8 GiB, non-heap usage: 5% of 4 GiB]
[        ] Using 12 worker leases.
[        ] Now considering [C:\Users\jakao\Proyectos\app_gestor\android, C:\dev\flutter\packages\flutter_tools\gradle] as hierarchies to watch
[        ] Watching the file system is configured to be enabled if available
[ +107 ms] File system watching is active
[        ] Starting Build
[        ] Now considering [C:\dev\flutter\packages\flutter_tools\gradle, C:\Users\jakao\Proyectos\app_gestor\android] as hierarchies to watch
[ +406 ms] > Configure project :gradle
[        ] Evaluating project ':gradle' using build file 'C:\dev\flutter\packages\flutter_tools\gradle\build.gradle.kts'.
[        ] Transforming gradle-kotlin-dsl-plugins-4.4.0.jar (org.gradle.kotlin:gradle-kotlin-dsl-plugins:4.4.0) with InstrumentationAnalysisTransform
[        ] Transforming kotlin-stdlib-1.9.23.jar (org.jetbrains.kotlin:kotlin-stdlib:1.9.23) with InstrumentationAnalysisTransform
[        ] Transforming annotations-13.0.jar (org.jetbrains:annotations:13.0) with InstrumentationAnalysisTransform
[        ] Transforming kotlin-sam-with-receiver-1.9.23-gradle82.jar (org.jetbrains.kotlin:kotlin-sam-with-receiver:1.9.23) with InstrumentationAnalysisTransform
[        ] Transforming kotlin-assignment-1.9.23-gradle82.jar (org.jetbrains.kotlin:kotlin-assignment:1.9.23) with InstrumentationAnalysisTransform
[        ] Transforming kotlin-gradle-plugin-model-1.9.23.jar (org.jetbrains.kotlin:kotlin-gradle-plugin-model:1.9.23) with InstrumentationAnalysisTransform
[        ] Transforming kotlin-gradle-plugin-api-1.9.23.jar (org.jetbrains.kotlin:kotlin-gradle-plugin-api:1.9.23) with InstrumentationAnalysisTransform
[        ] Transforming kotlin-gradle-plugin-api-1.9.23-gradle82.jar (org.jetbrains.kotlin:kotlin-gradle-plugin-api:1.9.23) with InstrumentationAnalysisTransform
[        ] Transforming kotlin-gradle-plugin-1.9.23-gradle82.jar (org.jetbrains.kotlin:kotlin-gradle-plugin:1.9.23) with InstrumentationAnalysisTransform
[        ] Transforming kotlin-gradle-plugin-idea-proto-1.9.23.jar (org.jetbrains.kotlin:kotlin-gradle-plugin-idea-proto:1.9.23) with InstrumentationAnalysisTransform
[        ] Transforming kotlin-gradle-plugin-idea-1.9.23.jar (org.jetbrains.kotlin:kotlin-gradle-plugin-idea:1.9.23) with InstrumentationAnalysisTransform
[        ] Transforming kotlin-klib-commonizer-api-1.9.23.jar (org.jetbrains.kotlin:kotlin-klib-commonizer-api:1.9.23) with InstrumentationAnalysisTransform
[        ] Transforming kotlin-native-utils-1.9.23.jar (org.jetbrains.kotlin:kotlin-native-utils:1.9.23) with InstrumentationAnalysisTransform
[        ] Transforming kotlin-util-klib-1.9.23.jar (org.jetbrains.kotlin:kotlin-util-klib:1.9.23) with InstrumentationAnalysisTransform
[        ] Transforming kotlin-build-tools-api-1.9.23.jar (org.jetbrains.kotlin:kotlin-build-tools-api:1.9.23) with InstrumentationAnalysisTransform
[        ] Transforming kotlin-android-extensions-1.9.23.jar (org.jetbrains.kotlin:kotlin-android-extensions:1.9.23) with InstrumentationAnalysisTransform
[        ] Transforming kotlin-compiler-runner-1.9.23.jar (org.jetbrains.kotlin:kotlin-compiler-runner:1.9.23) with InstrumentationAnalysisTransform
[        ] Transforming kotlin-compiler-embeddable-1.9.23.jar (org.jetbrains.kotlin:kotlin-compiler-embeddable:1.9.23) with InstrumentationAnalysisTransform
[        ] Transforming kotlin-scripting-compiler-embeddable-1.9.23.jar (org.jetbrains.kotlin:kotlin-scripting-compiler-embeddable:1.9.23) with InstrumentationAnalysisTransform
[        ] Transforming kotlin-scripting-compiler-impl-embeddable-1.9.23.jar (org.jetbrains.kotlin:kotlin-scripting-compiler-impl-embeddable:1.9.23) with InstrumentationAnalysisTransform
[        ] Transforming kotlin-gradle-plugin-annotations-1.9.23.jar (org.jetbrains.kotlin:kotlin-gradle-plugin-annotations:1.9.23) with InstrumentationAnalysisTransform
[        ] Transforming kotlin-project-model-1.9.23.jar (org.jetbrains.kotlin:kotlin-project-model:1.9.23) with InstrumentationAnalysisTransform
[        ] Transforming kotlin-tooling-core-1.9.23.jar (org.jetbrains.kotlin:kotlin-tooling-core:1.9.23) with InstrumentationAnalysisTransform
[        ] Transforming kotlin-util-io-1.9.23.jar (org.jetbrains.kotlin:kotlin-util-io:1.9.23) with InstrumentationAnalysisTransform
[        ] Transforming kotlin-daemon-embeddable-1.9.23.jar (org.jetbrains.kotlin:kotlin-daemon-embeddable:1.9.23) with InstrumentationAnalysisTransform
[        ] Transforming trove4j-1.0.20200330.jar (org.jetbrains.intellij.deps:trove4j:1.0.20200330) with InstrumentationAnalysisTransform
[        ] Transforming kotlin-daemon-client-1.9.23.jar (org.jetbrains.kotlin:kotlin-daemon-client:1.9.23) with InstrumentationAnalysisTransform
[        ] Transforming kotlinx-coroutines-core-jvm-1.5.0.jar (org.jetbrains.kotlinx:kotlinx-coroutines-core-jvm:1.5.0) with InstrumentationAnalysisTransform
[        ] Transforming kotlin-scripting-jvm-1.9.23.jar (org.jetbrains.kotlin:kotlin-scripting-jvm:1.9.23) with InstrumentationAnalysisTransform
[        ] Transforming kotlin-scripting-common-1.9.23.jar (org.jetbrains.kotlin:kotlin-scripting-common:1.9.23) with InstrumentationAnalysisTransform
[        ] Transforming gradle-kotlin-dsl-plugins-4.4.0.jar (org.gradle.kotlin:gradle-kotlin-dsl-plugins:4.4.0) with InstrumentationAnalysisTransform
[        ] Transforming gradle-kotlin-dsl-plugins-4.4.0.jar (org.gradle.kotlin:gradle-kotlin-dsl-plugins:4.4.0) with MergeInstrumentationAnalysisTransform
[        ] Transforming kotlin-stdlib-1.9.23.jar (org.jetbrains.kotlin:kotlin-stdlib:1.9.23) with InstrumentationAnalysisTransform
[        ] Transforming kotlin-stdlib-1.9.23.jar (org.jetbrains.kotlin:kotlin-stdlib:1.9.23) with MergeInstrumentationAnalysisTransform
[        ] Transforming gradle-kotlin-dsl-plugins-4.4.0.jar (org.gradle.kotlin:gradle-kotlin-dsl-plugins:4.4.0) with ExternalDependencyInstrumentingArtifactTransform
[        ] Transforming annotations-13.0.jar (org.jetbrains:annotations:13.0) with InstrumentationAnalysisTransform
[        ] Transforming annotations-13.0.jar (org.jetbrains:annotations:13.0) with MergeInstrumentationAnalysisTransform
[        ] Transforming kotlin-sam-with-receiver-1.9.23-gradle82.jar (org.jetbrains.kotlin:kotlin-sam-with-receiver:1.9.23) with InstrumentationAnalysisTransform
[        ] Transforming kotlin-sam-with-receiver-1.9.23-gradle82.jar (org.jetbrains.kotlin:kotlin-sam-with-receiver:1.9.23) with MergeInstrumentationAnalysisTransform
[        ] Transforming kotlin-stdlib-1.9.23.jar (org.jetbrains.kotlin:kotlin-stdlib:1.9.23) with ExternalDependencyInstrumentingArtifactTransform
[        ] Transforming kotlin-assignment-1.9.23-gradle82.jar (org.jetbrains.kotlin:kotlin-assignment:1.9.23) with InstrumentationAnalysisTransform
[        ] Transforming annotations-13.0.jar (org.jetbrains:annotations:13.0) with ExternalDependencyInstrumentingArtifactTransform
[        ] Transforming kotlin-assignment-1.9.23-gradle82.jar (org.jetbrains.kotlin:kotlin-assignment:1.9.23) with MergeInstrumentationAnalysisTransform
[        ] Transforming kotlin-sam-with-receiver-1.9.23-gradle82.jar (org.jetbrains.kotlin:kotlin-sam-with-receiver:1.9.23) with ExternalDependencyInstrumentingArtifactTransform
[        ] Transforming kotlin-gradle-plugin-model-1.9.23.jar (org.jetbrains.kotlin:kotlin-gradle-plugin-model:1.9.23) with InstrumentationAnalysisTransform
[        ] Transforming kotlin-gradle-plugin-model-1.9.23.jar (org.jetbrains.kotlin:kotlin-gradle-plugin-model:1.9.23) with MergeInstrumentationAnalysisTransform
[        ] Transforming kotlin-gradle-plugin-api-1.9.23.jar (org.jetbrains.kotlin:kotlin-gradle-plugin-api:1.9.23) with InstrumentationAnalysisTransform
[        ] Transforming kotlin-gradle-plugin-api-1.9.23.jar (org.jetbrains.kotlin:kotlin-gradle-plugin-api:1.9.23) with MergeInstrumentationAnalysisTransform
[        ] Transforming kotlin-assignment-1.9.23-gradle82.jar (org.jetbrains.kotlin:kotlin-assignment:1.9.23) with ExternalDependencyInstrumentingArtifactTransform
[        ] Transforming kotlin-gradle-plugin-api-1.9.23-gradle82.jar (org.jetbrains.kotlin:kotlin-gradle-plugin-api:1.9.23) with InstrumentationAnalysisTransform
[        ] Transforming kotlin-gradle-plugin-model-1.9.23.jar (org.jetbrains.kotlin:kotlin-gradle-plugin-model:1.9.23) with ExternalDependencyInstrumentingArtifactTransform
[        ] Transforming kotlin-gradle-plugin-api-1.9.23-gradle82.jar (org.jetbrains.kotlin:kotlin-gradle-plugin-api:1.9.23) with MergeInstrumentationAnalysisTransform
[        ] Transforming kotlin-gradle-plugin-api-1.9.23.jar (org.jetbrains.kotlin:kotlin-gradle-plugin-api:1.9.23) with ExternalDependencyInstrumentingArtifactTransform
[        ] Transforming kotlin-gradle-plugin-1.9.23-gradle82.jar (org.jetbrains.kotlin:kotlin-gradle-plugin:1.9.23) with InstrumentationAnalysisTransform
[        ] Transforming kotlin-gradle-plugin-1.9.23-gradle82.jar (org.jetbrains.kotlin:kotlin-gradle-plugin:1.9.23) with MergeInstrumentationAnalysisTransform
[        ] Transforming kotlin-gradle-plugin-api-1.9.23-gradle82.jar (org.jetbrains.kotlin:kotlin-gradle-plugin-api:1.9.23) with ExternalDependencyInstrumentingArtifactTransform
[        ] Transforming kotlin-gradle-plugin-idea-proto-1.9.23.jar (org.jetbrains.kotlin:kotlin-gradle-plugin-idea-proto:1.9.23) with InstrumentationAnalysisTransform
[        ] Transforming kotlin-gradle-plugin-idea-proto-1.9.23.jar (org.jetbrains.kotlin:kotlin-gradle-plugin-idea-proto:1.9.23) with MergeInstrumentationAnalysisTransform
[   +1 ms] Transforming kotlin-gradle-plugin-1.9.23-gradle82.jar (org.jetbrains.kotlin:kotlin-gradle-plugin:1.9.23) with ExternalDependencyInstrumentingArtifactTransform
[        ] Transforming kotlin-gradle-plugin-idea-1.9.23.jar (org.jetbrains.kotlin:kotlin-gradle-plugin-idea:1.9.23) with InstrumentationAnalysisTransform
[        ] Transforming kotlin-gradle-plugin-idea-1.9.23.jar (org.jetbrains.kotlin:kotlin-gradle-plugin-idea:1.9.23) with MergeInstrumentationAnalysisTransform
[        ] Transforming kotlin-klib-commonizer-api-1.9.23.jar (org.jetbrains.kotlin:kotlin-klib-commonizer-api:1.9.23) with InstrumentationAnalysisTransform
[        ] Transforming kotlin-gradle-plugin-idea-proto-1.9.23.jar (org.jetbrains.kotlin:kotlin-gradle-plugin-idea-proto:1.9.23) with ExternalDependencyInstrumentingArtifactTransform
[        ] Transforming kotlin-klib-commonizer-api-1.9.23.jar (org.jetbrains.kotlin:kotlin-klib-commonizer-api:1.9.23) with MergeInstrumentationAnalysisTransform
[        ] Transforming kotlin-native-utils-1.9.23.jar (org.jetbrains.kotlin:kotlin-native-utils:1.9.23) with InstrumentationAnalysisTransform
[        ] Transforming kotlin-gradle-plugin-idea-1.9.23.jar (org.jetbrains.kotlin:kotlin-gradle-plugin-idea:1.9.23) with ExternalDependencyInstrumentingArtifactTransform
[        ] Transforming kotlin-native-utils-1.9.23.jar (org.jetbrains.kotlin:kotlin-native-utils:1.9.23) with MergeInstrumentationAnalysisTransform
[        ] Transforming kotlin-util-klib-1.9.23.jar (org.jetbrains.kotlin:kotlin-util-klib:1.9.23) with InstrumentationAnalysisTransform
[        ] Transforming kotlin-util-klib-1.9.23.jar (org.jetbrains.kotlin:kotlin-util-klib:1.9.23) with MergeInstrumentationAnalysisTransform
[        ] Transforming kotlin-build-tools-api-1.9.23.jar (org.jetbrains.kotlin:kotlin-build-tools-api:1.9.23) with InstrumentationAnalysisTransform
[        ] Transforming kotlin-build-tools-api-1.9.23.jar (org.jetbrains.kotlin:kotlin-build-tools-api:1.9.23) with MergeInstrumentationAnalysisTransform
[        ] Transforming kotlin-android-extensions-1.9.23.jar (org.jetbrains.kotlin:kotlin-android-extensions:1.9.23) with InstrumentationAnalysisTransform
[        ] Transforming kotlin-android-extensions-1.9.23.jar (org.jetbrains.kotlin:kotlin-android-extensions:1.9.23) with MergeInstrumentationAnalysisTransform
[        ] Transforming kotlin-util-klib-1.9.23.jar (org.jetbrains.kotlin:kotlin-util-klib:1.9.23) with ExternalDependencyInstrumentingArtifactTransform
[        ] Transforming kotlin-compiler-runner-1.9.23.jar (org.jetbrains.kotlin:kotlin-compiler-runner:1.9.23) with InstrumentationAnalysisTransform
[        ] Transforming kotlin-klib-commonizer-api-1.9.23.jar (org.jetbrains.kotlin:kotlin-klib-commonizer-api:1.9.23) with ExternalDependencyInstrumentingArtifactTransform
[        ] Transforming kotlin-compiler-runner-1.9.23.jar (org.jetbrains.kotlin:kotlin-compiler-runner:1.9.23) with MergeInstrumentationAnalysisTransform
[        ] Transforming kotlin-compiler-embeddable-1.9.23.jar (org.jetbrains.kotlin:kotlin-compiler-embeddable:1.9.23) with InstrumentationAnalysisTransform
[        ] Transforming kotlin-compiler-embeddable-1.9.23.jar (org.jetbrains.kotlin:kotlin-compiler-embeddable:1.9.23) with MergeInstrumentationAnalysisTransform
[        ] Transforming kotlin-scripting-compiler-embeddable-1.9.23.jar (org.jetbrains.kotlin:kotlin-scripting-compiler-embeddable:1.9.23) with InstrumentationAnalysisTransform
[        ] Transforming kotlin-scripting-compiler-embeddable-1.9.23.jar (org.jetbrains.kotlin:kotlin-scripting-compiler-embeddable:1.9.23) with MergeInstrumentationAnalysisTransform
[        ] Transforming kotlin-scripting-compiler-impl-embeddable-1.9.23.jar (org.jetbrains.kotlin:kotlin-scripting-compiler-impl-embeddable:1.9.23) with InstrumentationAnalysisTransform
[        ] Transforming kotlin-build-tools-api-1.9.23.jar (org.jetbrains.kotlin:kotlin-build-tools-api:1.9.23) with ExternalDependencyInstrumentingArtifactTransform
[        ] Transforming kotlin-scripting-compiler-impl-embeddable-1.9.23.jar (org.jetbrains.kotlin:kotlin-scripting-compiler-impl-embeddable:1.9.23) with MergeInstrumentationAnalysisTransform
[        ] Transforming kotlin-gradle-plugin-annotations-1.9.23.jar (org.jetbrains.kotlin:kotlin-gradle-plugin-annotations:1.9.23) with InstrumentationAnalysisTransform
[        ] Transforming kotlin-native-utils-1.9.23.jar (org.jetbrains.kotlin:kotlin-native-utils:1.9.23) with ExternalDependencyInstrumentingArtifactTransform
[        ] Transforming kotlin-compiler-runner-1.9.23.jar (org.jetbrains.kotlin:kotlin-compiler-runner:1.9.23) with ExternalDependencyInstrumentingArtifactTransform
[        ] Transforming kotlin-compiler-embeddable-1.9.23.jar (org.jetbrains.kotlin:kotlin-compiler-embeddable:1.9.23) with ExternalDependencyInstrumentingArtifactTransform
[        ] Transforming kotlin-scripting-compiler-embeddable-1.9.23.jar (org.jetbrains.kotlin:kotlin-scripting-compiler-embeddable:1.9.23) with ExternalDependencyInstrumentingArtifactTransform
[        ] Transforming kotlin-android-extensions-1.9.23.jar (org.jetbrains.kotlin:kotlin-android-extensions:1.9.23) with ExternalDependencyInstrumentingArtifactTransform
[        ] Transforming kotlin-gradle-plugin-annotations-1.9.23.jar (org.jetbrains.kotlin:kotlin-gradle-plugin-annotations:1.9.23) with MergeInstrumentationAnalysisTransform
[        ] Transforming kotlin-project-model-1.9.23.jar (org.jetbrains.kotlin:kotlin-project-model:1.9.23) with InstrumentationAnalysisTransform
[        ] Transforming kotlin-project-model-1.9.23.jar (org.jetbrains.kotlin:kotlin-project-model:1.9.23) with MergeInstrumentationAnalysisTransform
[        ] Transforming kotlin-scripting-compiler-impl-embeddable-1.9.23.jar (org.jetbrains.kotlin:kotlin-scripting-compiler-impl-embeddable:1.9.23) with ExternalDependencyInstrumentingArtifactTransform
[        ] Transforming kotlin-tooling-core-1.9.23.jar (org.jetbrains.kotlin:kotlin-tooling-core:1.9.23) with InstrumentationAnalysisTransform
[        ] Transforming kotlin-tooling-core-1.9.23.jar (org.jetbrains.kotlin:kotlin-tooling-core:1.9.23) with MergeInstrumentationAnalysisTransform
[        ] Transforming kotlin-gradle-plugin-annotations-1.9.23.jar (org.jetbrains.kotlin:kotlin-gradle-plugin-annotations:1.9.23) with ExternalDependencyInstrumentingArtifactTransform
[        ] Transforming kotlin-util-io-1.9.23.jar (org.jetbrains.kotlin:kotlin-util-io:1.9.23) with InstrumentationAnalysisTransform
[        ] Transforming kotlin-project-model-1.9.23.jar (org.jetbrains.kotlin:kotlin-project-model:1.9.23) with ExternalDependencyInstrumentingArtifactTransform
[        ] Transforming kotlin-util-io-1.9.23.jar (org.jetbrains.kotlin:kotlin-util-io:1.9.23) with MergeInstrumentationAnalysisTransform
[        ] Transforming kotlin-tooling-core-1.9.23.jar (org.jetbrains.kotlin:kotlin-tooling-core:1.9.23) with ExternalDependencyInstrumentingArtifactTransform
[        ] Transforming kotlin-daemon-embeddable-1.9.23.jar (org.jetbrains.kotlin:kotlin-daemon-embeddable:1.9.23) with InstrumentationAnalysisTransform
[        ] Transforming kotlin-daemon-embeddable-1.9.23.jar (org.jetbrains.kotlin:kotlin-daemon-embeddable:1.9.23) with MergeInstrumentationAnalysisTransform
[        ] Transforming trove4j-1.0.20200330.jar (org.jetbrains.intellij.deps:trove4j:1.0.20200330) with InstrumentationAnalysisTransform
[        ] Transforming kotlin-util-io-1.9.23.jar (org.jetbrains.kotlin:kotlin-util-io:1.9.23) with ExternalDependencyInstrumentingArtifactTransform
[        ] Transforming trove4j-1.0.20200330.jar (org.jetbrains.intellij.deps:trove4j:1.0.20200330) with MergeInstrumentationAnalysisTransform
[        ] Transforming kotlin-daemon-embeddable-1.9.23.jar (org.jetbrains.kotlin:kotlin-daemon-embeddable:1.9.23) with ExternalDependencyInstrumentingArtifactTransform
[        ] Transforming kotlin-daemon-client-1.9.23.jar (org.jetbrains.kotlin:kotlin-daemon-client:1.9.23) with InstrumentationAnalysisTransform
[        ] Transforming kotlin-daemon-client-1.9.23.jar (org.jetbrains.kotlin:kotlin-daemon-client:1.9.23) with MergeInstrumentationAnalysisTransform
[        ] Transforming kotlinx-coroutines-core-jvm-1.5.0.jar (org.jetbrains.kotlinx:kotlinx-coroutines-core-jvm:1.5.0) with InstrumentationAnalysisTransform
[        ] Transforming trove4j-1.0.20200330.jar (org.jetbrains.intellij.deps:trove4j:1.0.20200330) with ExternalDependencyInstrumentingArtifactTransform
[        ] Transforming kotlinx-coroutines-core-jvm-1.5.0.jar (org.jetbrains.kotlinx:kotlinx-coroutines-core-jvm:1.5.0) with MergeInstrumentationAnalysisTransform
[        ] Transforming kotlin-scripting-jvm-1.9.23.jar (org.jetbrains.kotlin:kotlin-scripting-jvm:1.9.23) with InstrumentationAnalysisTransform
[        ] Transforming kotlin-scripting-jvm-1.9.23.jar (org.jetbrains.kotlin:kotlin-scripting-jvm:1.9.23) with MergeInstrumentationAnalysisTransform
[        ] Transforming kotlin-daemon-client-1.9.23.jar (org.jetbrains.kotlin:kotlin-daemon-client:1.9.23) with ExternalDependencyInstrumentingArtifactTransform
[        ] Transforming kotlin-scripting-common-1.9.23.jar (org.jetbrains.kotlin:kotlin-scripting-common:1.9.23) with InstrumentationAnalysisTransform
[        ] Transforming kotlin-scripting-common-1.9.23.jar (org.jetbrains.kotlin:kotlin-scripting-common:1.9.23) with MergeInstrumentationAnalysisTransform
[        ] Transforming kotlinx-coroutines-core-jvm-1.5.0.jar (org.jetbrains.kotlinx:kotlinx-coroutines-core-jvm:1.5.0) with ExternalDependencyInstrumentingArtifactTransform
[        ] Transforming kotlin-scripting-jvm-1.9.23.jar (org.jetbrains.kotlin:kotlin-scripting-jvm:1.9.23) with ExternalDependencyInstrumentingArtifactTransform
[        ] Transforming kotlin-scripting-common-1.9.23.jar (org.jetbrains.kotlin:kotlin-scripting-common:1.9.23) with ExternalDependencyInstrumentingArtifactTransform
[        ] Using Kotlin Gradle Plugin gradle82 variant
[        ] kotlin scripting plugin: created the scripting discovery configuration: kotlinScriptDef
[        ] kotlin scripting plugin: created the scripting discovery configuration: testKotlinScriptDef
[        ] file or directory 'C:\dev\flutter\packages\flutter_tools\gradle\src\main\java', not found
[  +59 ms] Resolve mutations for :gradle:checkKotlinGradlePluginConfigurationErrors (Thread[#891,Execution worker Thread 2,5,main]) started.
[        ] :gradle:checkKotlinGradlePluginConfigurationErrors (Thread[#891,Execution worker Thread 2,5,main]) started.
[ +107 ms] > Task :gradle:checkKotlinGradlePluginConfigurationErrors
[        ] Caching disabled for task ':gradle:checkKotlinGradlePluginConfigurationErrors' because:
[        ]   Build cache is disabled
[        ] Task ':gradle:checkKotlinGradlePluginConfigurationErrors' is not up-to-date because:
[        ]   Task has not declared any outputs despite executing actions.
[        ] Resolve mutations for :gradle:compileKotlin (Thread[#891,Execution worker Thread 2,5,main]) started.
[        ] :gradle:compileKotlin (Thread[#891,Execution worker Thread 2,5,main]) started.
[  +89 ms] > Task :gradle:compileKotlin UP-TO-DATE
[        ] Transforming gradle-api-8.9.jar with ClasspathEntrySnapshotTransform
[        ] Transforming groovy-3.0.21.jar with ClasspathEntrySnapshotTransform
[        ] Transforming groovy-ant-3.0.21.jar with ClasspathEntrySnapshotTransform
[        ] Transforming groovy-astbuilder-3.0.21.jar with ClasspathEntrySnapshotTransform
[        ] Transforming groovy-console-3.0.21.jar with ClasspathEntrySnapshotTransform
[        ] Transforming groovy-datetime-3.0.21.jar with ClasspathEntrySnapshotTransform
[        ] Transforming groovy-dateutil-3.0.21.jar with ClasspathEntrySnapshotTransform
[        ] Transforming groovy-groovydoc-3.0.21.jar with ClasspathEntrySnapshotTransform
[        ] Transforming groovy-json-3.0.21.jar with ClasspathEntrySnapshotTransform
[        ] Transforming groovy-nio-3.0.21.jar with ClasspathEntrySnapshotTransform
[        ] Transforming groovy-sql-3.0.21.jar with ClasspathEntrySnapshotTransform
[        ] Transforming groovy-templates-3.0.21.jar with ClasspathEntrySnapshotTransform
[        ] Transforming groovy-test-3.0.21.jar with ClasspathEntrySnapshotTransform
[        ] Transforming groovy-xml-3.0.21.jar with ClasspathEntrySnapshotTransform
[        ] Transforming javaparser-core-3.17.0.jar with ClasspathEntrySnapshotTransform
[        ] Transforming kotlin-reflect-1.9.23.jar with ClasspathEntrySnapshotTransform
[        ] Transforming kotlin-stdlib-1.9.23.jar with ClasspathEntrySnapshotTransform
[        ] Transforming gradle-installation-beacon-8.9.jar with ClasspathEntrySnapshotTransform
[        ] Transforming gradle-kotlin-dsl-extensions-8.9.jar with ClasspathEntrySnapshotTransform
[        ] Transforming gradle-kotlin-dsl-8.9.jar with ClasspathEntrySnapshotTransform
[        ] Transforming gradle-kotlin-dsl-shared-runtime-8.9.jar with ClasspathEntrySnapshotTransform
[        ] Transforming gradle-kotlin-dsl-tooling-models-8.9.jar with ClasspathEntrySnapshotTransform
[        ] Transforming annotation-jvm-1.9.1.jar with ClasspathEntrySnapshotTransform
[        ] Transforming gradle-8.9.1.jar with ClasspathEntrySnapshotTransform
[        ] Transforming kotlin-reflect-1.9.23.jar with ClasspathEntrySnapshotTransform
[        ] Transforming kotlinx-serialization-json-jvm-1.4.0.jar with ClasspathEntrySnapshotTransform
[        ] Transforming kotlinx-serialization-core-jvm-1.4.0.jar with ClasspathEntrySnapshotTransform
[        ] Transforming kotlin-stdlib-jdk8-1.8.0.jar with ClasspathEntrySnapshotTransform
[        ] Transforming kotlin-stdlib-jdk7-1.8.0.jar with ClasspathEntrySnapshotTransform
[        ] Transforming kotlin-stdlib-1.9.24.jar with ClasspathEntrySnapshotTransform
[        ] Transforming kotlin-gradle-plugin-1.8.0-gradle76.jar with ClasspathEntrySnapshotTransform
[        ] Transforming builder-8.9.1.jar with ClasspathEntrySnapshotTransform
[        ] Transforming builder-model-8.9.1.jar with ClasspathEntrySnapshotTransform
[        ] Transforming gradle-api-8.9.1.jar with ClasspathEntrySnapshotTransform
[        ] Transforming kotlin-gradle-plugin-model-1.8.0.jar with ClasspathEntrySnapshotTransform
[        ] Transforming kotlin-gradle-plugin-api-1.8.0-gradle76.jar with ClasspathEntrySnapshotTransform
[        ] Transforming kotlin-gradle-plugin-api-1.8.0.jar with ClasspathEntrySnapshotTransform
[        ] Transforming kotlin-tooling-core-1.8.0.jar with ClasspathEntrySnapshotTransform
[        ] Transforming annotations-13.0.jar with ClasspathEntrySnapshotTransform
[        ] Transforming manifest-merger-31.9.1.jar with ClasspathEntrySnapshotTransform
[        ] Transforming zipflinger-8.9.1.jar with ClasspathEntrySnapshotTransform
[        ] Transforming apksig-8.9.1.jar with ClasspathEntrySnapshotTransform
[        ] Transforming apkzlib-8.9.1.jar with ClasspathEntrySnapshotTransform
[   +2 ms] Transforming javawriter-2.5.0.jar with ClasspathEntrySnapshotTransform
[        ] Transforming asm-9.7.jar with ClasspathEntrySnapshotTransform
[        ] Transforming kotlin-native-utils-1.8.0.jar with ClasspathEntrySnapshotTransform
[        ] Transforming kotlin-project-model-1.8.0.jar with ClasspathEntrySnapshotTransform
[        ] Transforming kotlin-util-io-1.8.0.jar with ClasspathEntrySnapshotTransform
[        ] Caching disabled for task ':gradle:compileKotlin' because:
[        ]   Build cache is disabled
[        ] Skipping task ':gradle:compileKotlin' as it is up-to-date.
[        ] Resolve mutations for :gradle:compileJava (Thread[#891,Execution worker Thread 2,5,main]) started.
[        ] :gradle:compileJava (Thread[#891,Execution worker Thread 2,5,main]) started.
[  +84 ms] > Task :gradle:compileJava NO-SOURCE
[        ] Skipping task ':gradle:compileJava' as it has no source files and no previous output files.
[        ] Resolve mutations for :gradle:compileGroovy (Thread[#891,Execution worker Thread 2,5,main]) started.
[        ] :gradle:compileGroovy (Thread[#891,Execution worker Thread 2,5,main]) started.
[        ] > Task :gradle:compileGroovy NO-SOURCE
[        ] Skipping task ':gradle:compileGroovy' as it has no source files and no previous output files.
[        ] Resolve mutations for :gradle:pluginDescriptors (Thread[#891,Execution worker Thread 2,5,main]) started.
[        ] :gradle:pluginDescriptors (Thread[#891,Execution worker Thread 2,5,main]) started.
[        ] > Task :gradle:pluginDescriptors UP-TO-DATE
[        ] Caching disabled for task ':gradle:pluginDescriptors' because:
[   +1 ms]   Build cache is disabled
[        ]   Not worth caching
[        ] Skipping task ':gradle:pluginDescriptors' as it is up-to-date.
[        ] Resolve mutations for :gradle:processResources (Thread[#891,Execution worker Thread 2,5,main]) started.
[        ] :gradle:processResources (Thread[#891,Execution worker Thread 2,5,main]) started.
[        ] > Task :gradle:processResources UP-TO-DATE
[        ] Caching disabled for task ':gradle:processResources' because:
[        ]   Build cache is disabled
[        ]   Not worth caching
[        ] Skipping task ':gradle:processResources' as it is up-to-date.
[        ] Resolve mutations for :gradle:classes (Thread[#891,Execution worker Thread 2,5,main]) started.
[        ] :gradle:classes (Thread[#891,Execution worker Thread 2,5,main]) started.
[        ] > Task :gradle:classes UP-TO-DATE
[        ] Skipping task ':gradle:classes' as it has no actions.
[        ] Resolve mutations for :gradle:jar (Thread[#891,Execution worker Thread 2,5,main]) started.
[        ] :gradle:jar (Thread[#891,Execution worker Thread 2,5,main]) started.
[        ] > Task :gradle:jar UP-TO-DATE
[        ] Caching disabled for task ':gradle:jar' because:
[        ]   Build cache is disabled
[        ]   Not worth caching
[        ] Skipping task ':gradle:jar' as it is up-to-date.
[ +298 ms] Transforming kotlinx-serialization-json-jvm-1.4.0.jar (org.jetbrains.kotlinx:kotlinx-serialization-json-jvm:1.4.0) with InstrumentationAnalysisTransform
[        ] Transforming gradle-8.7.3.jar (com.android.tools.build:gradle:8.7.3) with InstrumentationAnalysisTransform
[        ] Transforming gradle-settings-api-8.7.3.jar (com.android.tools.build:gradle-settings-api:8.7.3) with InstrumentationAnalysisTransform
[        ] Transforming lint-model-31.7.3.jar (com.android.tools.lint:lint-model:31.7.3) with InstrumentationAnalysisTransform
[        ] Transforming builder-8.7.3.jar (com.android.tools.build:builder:8.7.3) with InstrumentationAnalysisTransform
[        ] Transforming manifest-merger-31.7.3.jar (com.android.tools.build:manifest-merger:31.7.3) with InstrumentationAnalysisTransform
[        ] Transforming sdk-common-31.7.3.jar (com.android.tools:sdk-common:31.7.3) with InstrumentationAnalysisTransform
[        ] Transforming sdklib-31.7.3.jar (com.android.tools:sdklib:31.7.3) with InstrumentationAnalysisTransform
[        ] Transforming repository-31.7.3.jar (com.android.tools:repository:31.7.3) with InstrumentationAnalysisTransform
[        ] Transforming aaptcompiler-8.7.3.jar (com.android.tools.build:aaptcompiler:8.7.3) with InstrumentationAnalysisTransform
[        ] Transforming tracker-31.7.3.jar (com.android.tools.analytics-library:tracker:31.7.3) with InstrumentationAnalysisTransform
[        ] Transforming shared-31.7.3.jar (com.android.tools.analytics-library:shared:31.7.3) with InstrumentationAnalysisTransform
[        ] Transforming databinding-compiler-common-8.7.3.jar (androidx.databinding:databinding-compiler-common:8.7.3) with InstrumentationAnalysisTransform
[        ] Transforming android-test-plugin-host-emulator-control-proto-31.7.3.jar (com.android.tools.utp:android-test-plugin-host-emulator-control-proto:31.7.3) with InstrumentationAnalysisTransform
[        ] Transforming android-test-plugin-host-retention-proto-31.7.3.jar (com.android.tools.utp:android-test-plugin-host-retention-proto:31.7.3) with InstrumentationAnalysisTransform
[        ] Transforming builder-model-8.7.3.jar (com.android.tools.build:builder-model:8.7.3) with InstrumentationAnalysisTransform
[        ] Transforming gradle-api-8.7.3.jar (com.android.tools.build:gradle-api:8.7.3) with InstrumentationAnalysisTransform
[        ] Transforming builder-test-api-8.7.3.jar (com.android.tools.build:builder-test-api:8.7.3) with InstrumentationAnalysisTransform
[        ] Transforming ddmlib-31.7.3.jar (com.android.tools.ddms:ddmlib:31.7.3) with InstrumentationAnalysisTransform
[        ] Transforming layoutlib-api-31.7.3.jar (com.android.tools.layoutlib:layoutlib-api:31.7.3) with InstrumentationAnalysisTransform
[        ] Transforming dvlib-31.7.3.jar (com.android.tools:dvlib:31.7.3) with InstrumentationAnalysisTransform
[        ] Transforming common-31.7.3.jar (com.android.tools:common:31.7.3) with InstrumentationAnalysisTransform
[        ] Transforming kotlinx-serialization-core-jvm-1.4.0.jar (org.jetbrains.kotlinx:kotlinx-serialization-core-jvm:1.4.0) with InstrumentationAnalysisTransform
[        ] Transforming kotlin-stdlib-jdk8-1.9.20.jar (org.jetbrains.kotlin:kotlin-stdlib-jdk8:1.9.20) with InstrumentationAnalysisTransform
[        ] Transforming jetifier-processor-1.0.0-beta10.jar (com.android.tools.build.jetifier:jetifier-processor:1.0.0-beta10) with InstrumentationAnalysisTransform
[        ] Transforming jetifier-core-1.0.0-beta10.jar (com.android.tools.build.jetifier:jetifier-core:1.0.0-beta10) with InstrumentationAnalysisTransform
[        ] Transforming kotlin-reflect-1.9.23.jar (org.jetbrains.kotlin:kotlin-reflect:1.9.23) with InstrumentationAnalysisTransform
[        ] Transforming kotlin-stdlib-jdk7-1.9.20.jar (org.jetbrains.kotlin:kotlin-stdlib-jdk7:1.9.20) with InstrumentationAnalysisTransform
[        ] Transforming kotlin-stdlib-1.9.23.jar (org.jetbrains.kotlin:kotlin-stdlib:1.9.23) with InstrumentationAnalysisTransform
[        ] Transforming annotations-13.0.jar (org.jetbrains:annotations:13.0) with InstrumentationAnalysisTransform
[        ] Transforming kotlin-gradle-plugin-model-2.1.0.jar (org.jetbrains.kotlin:kotlin-gradle-plugin-model:2.1.0) with InstrumentationAnalysisTransform
[        ] Transforming kotlin-gradle-plugin-api-2.1.0.jar (org.jetbrains.kotlin:kotlin-gradle-plugin-api:2.1.0) with InstrumentationAnalysisTransform
[        ] Transforming kotlin-gradle-plugin-2.1.0-gradle85.jar (org.jetbrains.kotlin:kotlin-gradle-plugin:2.1.0) with InstrumentationAnalysisTransform
[        ] Transforming bundletool-1.17.1.jar (com.android.tools.build:bundletool:1.17.1) with InstrumentationAnalysisTransform
[        ] Transforming aapt2-proto-8.7.3-12006047.jar (com.android.tools.build:aapt2-proto:8.7.3-12006047) with InstrumentationAnalysisTransform
[        ] Transforming crash-31.7.3.jar (com.android.tools.analytics-library:crash:31.7.3) with InstrumentationAnalysisTransform
[        ] Transforming lint-typedef-remover-31.7.3.jar (com.android.tools.lint:lint-typedef-remover:31.7.3) with InstrumentationAnalysisTransform
[        ] Transforming databinding-common-8.7.3.jar (androidx.databinding:databinding-common:8.7.3) with InstrumentationAnalysisTransform
[        ] Transforming baseLibrary-8.7.3.jar (com.android.databinding:baseLibrary:8.7.3) with InstrumentationAnalysisTransform
[        ] Transforming android-device-provider-ddmlib-proto-31.7.3.jar (com.android.tools.utp:android-device-provider-ddmlib-proto:31.7.3) with InstrumentationAnalysisTransform
[        ] Transforming android-device-provider-gradle-proto-31.7.3.jar (com.android.tools.utp:android-device-provider-gradle-proto:31.7.3) with InstrumentationAnalysisTransform
[        ] Transforming android-device-provider-profile-proto-31.7.3.jar (com.android.tools.utp:android-device-provider-profile-proto:31.7.3) with InstrumentationAnalysisTransform
[        ] Transforming android-test-plugin-host-additional-test-output-proto-31.7.3.jar (com.android.tools.utp:android-test-plugin-host-additional-test-output-proto:31.7.3) with InstrumentationAnalysisTransform
[        ] Transforming android-test-plugin-host-coverage-proto-31.7.3.jar (com.android.tools.utp:android-test-plugin-host-coverage-proto:31.7.3) with InstrumentationAnalysisTransform
[        ] Transforming android-test-plugin-host-logcat-proto-31.7.3.jar (com.android.tools.utp:android-test-plugin-host-logcat-proto:31.7.3) with InstrumentationAnalysisTransform
[        ] Transforming android-test-plugin-host-apk-installer-proto-31.7.3.jar (com.android.tools.utp:android-test-plugin-host-apk-installer-proto:31.7.3) with InstrumentationAnalysisTransform
[        ] Transforming android-test-plugin-result-listener-gradle-proto-31.7.3.jar (com.android.tools.utp:android-test-plugin-result-listener-gradle-proto:31.7.3) with InstrumentationAnalysisTransform
[        ] Transforming transform-api-2.0.0-deprecated-use-gradle-api.jar (com.android.tools.build:transform-api:2.0.0-deprecated-use-gradle-api) with InstrumentationAnalysisTransform
[        ] Transforming httpmime-4.5.6.jar (org.apache.httpcomponents:httpmime:4.5.6) with InstrumentationAnalysisTransform
[        ] Transforming commons-io-2.13.0.jar (commons-io:commons-io:2.13.0) with InstrumentationAnalysisTransform
[        ] Transforming asm-commons-9.6.jar (org.ow2.asm:asm-commons:9.6) with InstrumentationAnalysisTransform
[        ] Transforming asm-util-9.6.jar (org.ow2.asm:asm-util:9.6) with InstrumentationAnalysisTransform
[        ] Transforming asm-analysis-9.6.jar (org.ow2.asm:asm-analysis:9.6) with InstrumentationAnalysisTransform
[        ] Transforming asm-tree-9.6.jar (org.ow2.asm:asm-tree:9.6) with InstrumentationAnalysisTransform
[        ] Transforming asm-9.6.jar (org.ow2.asm:asm:9.6) with InstrumentationAnalysisTransform
[        ] Transforming apkzlib-8.7.3.jar (com.android.tools.build:apkzlib:8.7.3) with InstrumentationAnalysisTransform
[        ] Transforming bcpkix-jdk18on-1.77.jar (org.bouncycastle:bcpkix-jdk18on:1.77) with InstrumentationAnalysisTransform
[  +84 ms] Transforming jaxb-runtime-2.3.2.jar (org.glassfish.jaxb:jaxb-runtime:2.3.2) with InstrumentationAnalysisTransform
[        ] Transforming jopt-simple-4.9.jar (net.sf.jopt-simple:jopt-simple:4.9) with InstrumentationAnalysisTransform
[        ] Transforming javapoet-1.10.0.jar (com.squareup:javapoet:1.10.0) with InstrumentationAnalysisTransform
[        ] Transforming protobuf-java-util-3.22.3.jar (com.google.protobuf:protobuf-java-util:3.22.3) with InstrumentationAnalysisTransform
[        ] Transforming grpc-protobuf-1.57.0.jar (io.grpc:grpc-protobuf:1.57.0) with InstrumentationAnalysisTransform
[        ] Transforming tink-1.7.0.jar (com.google.crypto.tink:tink:1.7.0) with InstrumentationAnalysisTransform
[        ] Transforming protos-31.7.3.jar (com.android.tools.analytics-library:protos:31.7.3) with InstrumentationAnalysisTransform
[        ] Transforming proto-google-common-protos-2.17.0.jar (com.google.api.grpc:proto-google-common-protos:2.17.0) with InstrumentationAnalysisTransform
[        ] Transforming protobuf-java-3.22.3.jar (com.google.protobuf:protobuf-java:3.22.3) with InstrumentationAnalysisTransform
[        ] Transforming grpc-netty-1.57.0.jar (io.grpc:grpc-netty:1.57.0) with InstrumentationAnalysisTransform
[        ] Transforming grpc-core-1.57.0.jar (io.grpc:grpc-core:1.57.0) with InstrumentationAnalysisTransform
[        ] Transforming kotlin-build-statistics-2.1.0.jar (org.jetbrains.kotlin:kotlin-build-statistics:2.1.0) with InstrumentationAnalysisTransform
[        ] Transforming gson-2.10.1.jar (com.google.code.gson:gson:2.10.1) with InstrumentationAnalysisTransform
[        ] Transforming grpc-stub-1.57.0.jar (io.grpc:grpc-stub:1.57.0) with InstrumentationAnalysisTransform
[        ] Transforming core-proto-0.0.9-alpha02.jar (com.google.testing.platform:core-proto:0.0.9-alpha02) with InstrumentationAnalysisTransform
[        ] Transforming tensorflow-lite-metadata-0.1.0-rc2.jar (org.tensorflow:tensorflow-lite-metadata:0.1.0-rc2) with InstrumentationAnalysisTransform
[        ] Transforming flatbuffers-java-1.12.0.jar (com.google.flatbuffers:flatbuffers-java:1.12.0) with InstrumentationAnalysisTransform
[        ] Transforming kotlin-gradle-plugin-idea-proto-2.1.0.jar (org.jetbrains.kotlin:kotlin-gradle-plugin-idea-proto:2.1.0) with InstrumentationAnalysisTransform
[        ] Transforming kotlin-gradle-plugin-idea-2.1.0.jar (org.jetbrains.kotlin:kotlin-gradle-plugin-idea:2.1.0) with InstrumentationAnalysisTransform
[        ] Transforming kotlin-klib-commonizer-api-2.1.0.jar (org.jetbrains.kotlin:kotlin-klib-commonizer-api:2.1.0) with InstrumentationAnalysisTransform
[        ] Transforming kotlin-util-klib-metadata-2.1.0.jar (org.jetbrains.kotlin:kotlin-util-klib-metadata:2.1.0) with InstrumentationAnalysisTransform
[        ] Transforming kotlin-compiler-runner-2.1.0.jar (org.jetbrains.kotlin:kotlin-compiler-runner:2.1.0) with InstrumentationAnalysisTransform
[        ] Transforming jimfs-1.1.jar (com.google.jimfs:jimfs:1.1) with InstrumentationAnalysisTransform
[        ] Transforming grpc-context-1.57.0.jar (io.grpc:grpc-context:1.57.0) with InstrumentationAnalysisTransform
[        ] Transforming grpc-protobuf-lite-1.57.0.jar (io.grpc:grpc-protobuf-lite:1.57.0) with InstrumentationAnalysisTransform
[        ] Transforming grpc-api-1.57.0.jar (io.grpc:grpc-api:1.57.0) with InstrumentationAnalysisTransform
[        ] Transforming guava-32.0.1-jre.jar (com.google.guava:guava:32.0.1-jre) with InstrumentationAnalysisTransform
[        ] Transforming dagger-2.28.3.jar (com.google.dagger:dagger:2.28.3) with InstrumentationAnalysisTransform
[        ] Transforming javax.inject-1.jar (javax.inject:javax.inject:1) with InstrumentationAnalysisTransform
[        ] Transforming kxml2-2.3.0.jar (net.sf.kxml:kxml2:2.3.0) with InstrumentationAnalysisTransform
[        ] Transforming bcutil-jdk18on-1.77.jar (org.bouncycastle:bcutil-jdk18on:1.77) with InstrumentationAnalysisTransform
[        ] Transforming bcprov-jdk18on-1.77.jar (org.bouncycastle:bcprov-jdk18on:1.77) with InstrumentationAnalysisTransform
[        ] Transforming trove4j-1.0.20200330.jar (org.jetbrains.intellij.deps:trove4j:1.0.20200330) with InstrumentationAnalysisTransform
[        ] Transforming commons-compress-1.21.jar (org.apache.commons:commons-compress:1.21) with InstrumentationAnalysisTransform
[        ] Transforming httpclient-4.5.14.jar (org.apache.httpcomponents:httpclient:4.5.14) with InstrumentationAnalysisTransform
[        ] Transforming httpcore-4.4.16.jar (org.apache.httpcomponents:httpcore:4.4.16) with InstrumentationAnalysisTransform
[        ] Transforming javax.activation-1.2.0.jar (com.sun.activation:javax.activation:1.2.0) with InstrumentationAnalysisTransform
[        ] Transforming signflinger-8.7.3.jar (com.android:signflinger:8.7.3) with InstrumentationAnalysisTransform
[        ] Transforming zipflinger-8.7.3.jar (com.android:zipflinger:8.7.3) with InstrumentationAnalysisTransform
[        ] Transforming annotations-31.7.3.jar (com.android.tools:annotations:31.7.3) with InstrumentationAnalysisTransform
[        ] Transforming jna-platform-5.6.0.jar (net.java.dev.jna:jna-platform:5.6.0) with InstrumentationAnalysisTransform
[        ] Transforming juniversalchardet-1.0.3.jar (com.googlecode.juniversalchardet:juniversalchardet:1.0.3) with InstrumentationAnalysisTransform
[        ] Transforming javax.annotation-api-1.3.2.jar (javax.annotation:javax.annotation-api:1.3.2) with InstrumentationAnalysisTransform
[        ] Transforming stax-ex-1.8.1.jar (org.jvnet.staxex:stax-ex:1.8.1) with InstrumentationAnalysisTransform
[        ] Transforming jakarta.xml.bind-api-2.3.2.jar (jakarta.xml.bind:jakarta.xml.bind-api:2.3.2) with InstrumentationAnalysisTransform
[        ] Transforming txw2-2.3.2.jar (org.glassfish.jaxb:txw2:2.3.2) with InstrumentationAnalysisTransform
[        ] Transforming istack-commons-runtime-3.0.8.jar (com.sun.istack:istack-commons-runtime:3.0.8) with InstrumentationAnalysisTransform
[        ] Transforming FastInfoset-1.2.16.jar (com.sun.xml.fastinfoset:FastInfoset:1.2.16) with InstrumentationAnalysisTransform
[        ] Transforming jakarta.activation-api-1.2.1.jar (jakarta.activation:jakarta.activation-api:1.2.1) with InstrumentationAnalysisTransform
[        ] Transforming auto-value-annotations-1.6.2.jar (com.google.auto.value:auto-value-annotations:1.6.2) with InstrumentationAnalysisTransform
[        ] Transforming error_prone_annotations-2.18.0.jar (com.google.errorprone:error_prone_annotations:2.18.0) with InstrumentationAnalysisTransform
[        ] Transforming jose4j-0.9.5.jar (org.bitbucket.b_c:jose4j:0.9.5) with InstrumentationAnalysisTransform
[        ] Transforming slf4j-api-1.7.30.jar (org.slf4j:slf4j-api:1.7.30) with InstrumentationAnalysisTransform
[        ] Transforming jdom2-2.0.6.jar (org.jdom:jdom2:2.0.6) with InstrumentationAnalysisTransform
[        ] Transforming jsr305-3.0.2.jar (com.google.code.findbugs:jsr305:3.0.2) with InstrumentationAnalysisTransform
[        ] Transforming j2objc-annotations-2.8.jar (com.google.j2objc:j2objc-annotations:2.8) with InstrumentationAnalysisTransform
[        ] Transforming annotations-4.1.1.4.jar (com.google.android:annotations:4.1.1.4) with InstrumentationAnalysisTransform
[        ] Transforming animal-sniffer-annotations-1.23.jar (org.codehaus.mojo:animal-sniffer-annotations:1.23) with InstrumentationAnalysisTransform
[        ] Transforming perfmark-api-0.26.0.jar (io.perfmark:perfmark-api:0.26.0) with InstrumentationAnalysisTransform
[        ] Transforming netty-codec-http2-4.1.93.Final.jar (io.netty:netty-codec-http2:4.1.93.Final) with InstrumentationAnalysisTransform
[        ] Transforming netty-handler-proxy-4.1.93.Final.jar (io.netty:netty-handler-proxy:4.1.93.Final) with InstrumentationAnalysisTransform
[        ] Transforming netty-codec-http-4.1.93.Final.jar (io.netty:netty-codec-http:4.1.93.Final) with InstrumentationAnalysisTransform
[        ] Transforming netty-handler-4.1.93.Final.jar (io.netty:netty-handler:4.1.93.Final) with InstrumentationAnalysisTransform
[        ] Transforming netty-transport-native-unix-common-4.1.93.Final.jar (io.netty:netty-transport-native-unix-common:4.1.93.Final) with InstrumentationAnalysisTransform
[        ] Transforming checker-qual-3.33.0.jar (org.checkerframework:checker-qual:3.33.0) with InstrumentationAnalysisTransform
[        ] Transforming commons-codec-1.11.jar (commons-codec:commons-codec:1.11) with InstrumentationAnalysisTransform
[        ] Transforming apksig-8.7.3.jar (com.android.tools.build:apksig:8.7.3) with InstrumentationAnalysisTransform
[        ] Transforming javawriter-2.5.0.jar (com.squareup:javawriter:2.5.0) with InstrumentationAnalysisTransform
[        ] Transforming kotlin-gradle-plugin-annotations-2.1.0.jar (org.jetbrains.kotlin:kotlin-gradle-plugin-annotations:2.1.0) with InstrumentationAnalysisTransform
[        ] Transforming kotlin-native-utils-2.1.0.jar (org.jetbrains.kotlin:kotlin-native-utils:2.1.0) with InstrumentationAnalysisTransform
[        ] Transforming kotlin-tooling-core-2.1.0.jar (org.jetbrains.kotlin:kotlin-tooling-core:2.1.0) with InstrumentationAnalysisTransform
[        ] Transforming kotlin-build-tools-api-2.1.0.jar (org.jetbrains.kotlin:kotlin-build-tools-api:2.1.0) with InstrumentationAnalysisTransform
[        ] Transforming kotlin-util-klib-2.1.0.jar (org.jetbrains.kotlin:kotlin-util-klib:2.1.0) with InstrumentationAnalysisTransform
[        ] Transforming kotlin-util-io-2.1.0.jar (org.jetbrains.kotlin:kotlin-util-io:2.1.0) with InstrumentationAnalysisTransform
[        ] Transforming kotlin-daemon-client-2.1.0.jar (org.jetbrains.kotlin:kotlin-daemon-client:2.1.0) with InstrumentationAnalysisTransform
[        ] Transforming kotlinx-coroutines-core-jvm-1.6.4.jar (org.jetbrains.kotlinx:kotlinx-coroutines-core-jvm:1.6.4) with InstrumentationAnalysisTransform
[        ] Transforming failureaccess-1.0.1.jar (com.google.guava:failureaccess:1.0.1) with InstrumentationAnalysisTransform
[        ] Transforming listenablefuture-9999.0-empty-to-avoid-conflict-with-guava.jar (com.google.guava:listenablefuture:9999.0-empty-to-avoid-conflict-with-guava) with InstrumentationAnalysisTransform
[        ] Transforming commons-logging-1.2.jar (commons-logging:commons-logging:1.2) with InstrumentationAnalysisTransform
[        ] Transforming jna-5.6.0.jar (net.java.dev.jna:jna:5.6.0) with InstrumentationAnalysisTransform
[        ] Transforming netty-codec-socks-4.1.93.Final.jar (io.netty:netty-codec-socks:4.1.93.Final) with InstrumentationAnalysisTransform
[        ] Transforming netty-codec-4.1.93.Final.jar (io.netty:netty-codec:4.1.93.Final) with InstrumentationAnalysisTransform
[        ] Transforming netty-transport-4.1.93.Final.jar (io.netty:netty-transport:4.1.93.Final) with InstrumentationAnalysisTransform
[        ] Transforming netty-buffer-4.1.93.Final.jar (io.netty:netty-buffer:4.1.93.Final) with InstrumentationAnalysisTransform
[        ] Transforming netty-resolver-4.1.93.Final.jar (io.netty:netty-resolver:4.1.93.Final) with InstrumentationAnalysisTransform
[        ] Transforming netty-common-4.1.93.Final.jar (io.netty:netty-common:4.1.93.Final) with InstrumentationAnalysisTransform
[        ] Transforming main (project :gradle) with InstrumentationAnalysisTransform
[        ] Transforming main (project :gradle) with InstrumentationAnalysisTransform
[        ] Transforming main (project :gradle) with InstrumentationAnalysisTransform
[        ] Transforming kotlinx-serialization-json-jvm-1.4.0.jar (org.jetbrains.kotlinx:kotlinx-serialization-json-jvm:1.4.0) with InstrumentationAnalysisTransform
[        ] Transforming kotlinx-serialization-json-jvm-1.4.0.jar (org.jetbrains.kotlinx:kotlinx-serialization-json-jvm:1.4.0) with MergeInstrumentationAnalysisTransform
[        ] Transforming gradle-8.7.3.jar (com.android.tools.build:gradle:8.7.3) with InstrumentationAnalysisTransform
[        ] Transforming gradle-8.7.3.jar (com.android.tools.build:gradle:8.7.3) with MergeInstrumentationAnalysisTransform
[        ] Transforming gradle-settings-api-8.7.3.jar (com.android.tools.build:gradle-settings-api:8.7.3) with InstrumentationAnalysisTransform
[        ] Transforming gradle-settings-api-8.7.3.jar (com.android.tools.build:gradle-settings-api:8.7.3) with MergeInstrumentationAnalysisTransform
[   +1 ms] Transforming kotlinx-serialization-json-jvm-1.4.0.jar (org.jetbrains.kotlinx:kotlinx-serialization-json-jvm:1.4.0) with ExternalDependencyInstrumentingArtifactTransform
[   +1 ms] Transforming lint-model-31.7.3.jar (com.android.tools.lint:lint-model:31.7.3) with InstrumentationAnalysisTransform
[        ] Transforming lint-model-31.7.3.jar (com.android.tools.lint:lint-model:31.7.3) with MergeInstrumentationAnalysisTransform
[        ] Transforming gradle-8.7.3.jar (com.android.tools.build:gradle:8.7.3) with ExternalDependencyInstrumentingArtifactTransform
[        ] Transforming gradle-settings-api-8.7.3.jar (com.android.tools.build:gradle-settings-api:8.7.3) with ExternalDependencyInstrumentingArtifactTransform
[        ] Transforming builder-8.7.3.jar (com.android.tools.build:builder:8.7.3) with InstrumentationAnalysisTransform
[        ] Transforming builder-8.7.3.jar (com.android.tools.build:builder:8.7.3) with MergeInstrumentationAnalysisTransform
[        ] Transforming lint-model-31.7.3.jar (com.android.tools.lint:lint-model:31.7.3) with ExternalDependencyInstrumentingArtifactTransform
[        ] Transforming manifest-merger-31.7.3.jar (com.android.tools.build:manifest-merger:31.7.3) with InstrumentationAnalysisTransform
[        ] Transforming manifest-merger-31.7.3.jar (com.android.tools.build:manifest-merger:31.7.3) with MergeInstrumentationAnalysisTransform
[        ] Transforming builder-8.7.3.jar (com.android.tools.build:builder:8.7.3) with ExternalDependencyInstrumentingArtifactTransform
[        ] Transforming sdk-common-31.7.3.jar (com.android.tools:sdk-common:31.7.3) with InstrumentationAnalysisTransform
[        ] Transforming sdk-common-31.7.3.jar (com.android.tools:sdk-common:31.7.3) with MergeInstrumentationAnalysisTransform
[        ] Transforming manifest-merger-31.7.3.jar (com.android.tools.build:manifest-merger:31.7.3) with ExternalDependencyInstrumentingArtifactTransform
[        ] Transforming sdklib-31.7.3.jar (com.android.tools:sdklib:31.7.3) with InstrumentationAnalysisTransform
[        ] Transforming sdklib-31.7.3.jar (com.android.tools:sdklib:31.7.3) with MergeInstrumentationAnalysisTransform
[        ] Transforming repository-31.7.3.jar (com.android.tools:repository:31.7.3) with InstrumentationAnalysisTransform
[        ] Transforming sdk-common-31.7.3.jar (com.android.tools:sdk-common:31.7.3) with ExternalDependencyInstrumentingArtifactTransform
[        ] Transforming repository-31.7.3.jar (com.android.tools:repository:31.7.3) with MergeInstrumentationAnalysisTransform
[        ] Transforming aaptcompiler-8.7.3.jar (com.android.tools.build:aaptcompiler:8.7.3) with InstrumentationAnalysisTransform
[        ] Transforming sdklib-31.7.3.jar (com.android.tools:sdklib:31.7.3) with ExternalDependencyInstrumentingArtifactTransform
[        ] Transforming aaptcompiler-8.7.3.jar (com.android.tools.build:aaptcompiler:8.7.3) with MergeInstrumentationAnalysisTransform
[        ] Transforming repository-31.7.3.jar (com.android.tools:repository:31.7.3) with ExternalDependencyInstrumentingArtifactTransform
[        ] Transforming tracker-31.7.3.jar (com.android.tools.analytics-library:tracker:31.7.3) with InstrumentationAnalysisTransform
[        ] Transforming tracker-31.7.3.jar (com.android.tools.analytics-library:tracker:31.7.3) with MergeInstrumentationAnalysisTransform
[        ] Transforming shared-31.7.3.jar (com.android.tools.analytics-library:shared:31.7.3) with InstrumentationAnalysisTransform
[        ] Transforming shared-31.7.3.jar (com.android.tools.analytics-library:shared:31.7.3) with MergeInstrumentationAnalysisTransform
[        ] Transforming databinding-compiler-common-8.7.3.jar (androidx.databinding:databinding-compiler-common:8.7.3) with InstrumentationAnalysisTransform
[        ] Transforming aaptcompiler-8.7.3.jar (com.android.tools.build:aaptcompiler:8.7.3) with ExternalDependencyInstrumentingArtifactTransform
[        ] Transforming databinding-compiler-common-8.7.3.jar (androidx.databinding:databinding-compiler-common:8.7.3) with MergeInstrumentationAnalysisTransform
[        ] Transforming android-test-plugin-host-emulator-control-proto-31.7.3.jar (com.android.tools.utp:android-test-plugin-host-emulator-control-proto:31.7.3) with InstrumentationAnalysisTransform
[        ] Transforming tracker-31.7.3.jar (com.android.tools.analytics-library:tracker:31.7.3) with ExternalDependencyInstrumentingArtifactTransform
[        ] Transforming shared-31.7.3.jar (com.android.tools.analytics-library:shared:31.7.3) with ExternalDependencyInstrumentingArtifactTransform
[        ] Transforming databinding-compiler-common-8.7.3.jar (androidx.databinding:databinding-compiler-common:8.7.3) with ExternalDependencyInstrumentingArtifactTransform
[        ] Transforming android-test-plugin-host-emulator-control-proto-31.7.3.jar (com.android.tools.utp:android-test-plugin-host-emulator-control-proto:31.7.3) with MergeInstrumentationAnalysisTransform
[        ] Transforming android-test-plugin-host-retention-proto-31.7.3.jar (com.android.tools.utp:android-test-plugin-host-retention-proto:31.7.3) with InstrumentationAnalysisTransform
[        ] Transforming android-test-plugin-host-retention-proto-31.7.3.jar (com.android.tools.utp:android-test-plugin-host-retention-proto:31.7.3) with MergeInstrumentationAnalysisTransform
[        ] Transforming builder-model-8.7.3.jar (com.android.tools.build:builder-model:8.7.3) with InstrumentationAnalysisTransform
[        ] Transforming android-test-plugin-host-emulator-control-proto-31.7.3.jar (com.android.tools.utp:android-test-plugin-host-emulator-control-proto:31.7.3) with ExternalDependencyInstrumentingArtifactTransform
[        ] Transforming builder-model-8.7.3.jar (com.android.tools.build:builder-model:8.7.3) with MergeInstrumentationAnalysisTransform
[        ] Transforming gradle-api-8.7.3.jar (com.android.tools.build:gradle-api:8.7.3) with InstrumentationAnalysisTransform
[        ] Transforming android-test-plugin-host-retention-proto-31.7.3.jar (com.android.tools.utp:android-test-plugin-host-retention-proto:31.7.3) with ExternalDependencyInstrumentingArtifactTransform
[        ] Transforming gradle-api-8.7.3.jar (com.android.tools.build:gradle-api:8.7.3) with MergeInstrumentationAnalysisTransform
[        ] Transforming builder-test-api-8.7.3.jar (com.android.tools.build:builder-test-api:8.7.3) with InstrumentationAnalysisTransform
[        ] Transforming builder-test-api-8.7.3.jar (com.android.tools.build:builder-test-api:8.7.3) with MergeInstrumentationAnalysisTransform
[        ] Transforming builder-model-8.7.3.jar (com.android.tools.build:builder-model:8.7.3) with ExternalDependencyInstrumentingArtifactTransform
[        ] Transforming ddmlib-31.7.3.jar (com.android.tools.ddms:ddmlib:31.7.3) with InstrumentationAnalysisTransform
[        ] Transforming ddmlib-31.7.3.jar (com.android.tools.ddms:ddmlib:31.7.3) with MergeInstrumentationAnalysisTransform
[        ] Transforming builder-test-api-8.7.3.jar (com.android.tools.build:builder-test-api:8.7.3) with ExternalDependencyInstrumentingArtifactTransform
[        ] Transforming ddmlib-31.7.3.jar (com.android.tools.ddms:ddmlib:31.7.3) with ExternalDependencyInstrumentingArtifactTransform
[        ] Transforming gradle-api-8.7.3.jar (com.android.tools.build:gradle-api:8.7.3) with ExternalDependencyInstrumentingArtifactTransform
[        ] Transforming layoutlib-api-31.7.3.jar (com.android.tools.layoutlib:layoutlib-api:31.7.3) with InstrumentationAnalysisTransform
[        ] Transforming layoutlib-api-31.7.3.jar (com.android.tools.layoutlib:layoutlib-api:31.7.3) with MergeInstrumentationAnalysisTransform
[        ] Transforming dvlib-31.7.3.jar (com.android.tools:dvlib:31.7.3) with InstrumentationAnalysisTransform
[        ] Transforming dvlib-31.7.3.jar (com.android.tools:dvlib:31.7.3) with MergeInstrumentationAnalysisTransform
[        ] Transforming common-31.7.3.jar (com.android.tools:common:31.7.3) with InstrumentationAnalysisTransform
[        ] Transforming common-31.7.3.jar (com.android.tools:common:31.7.3) with MergeInstrumentationAnalysisTransform
[        ] Transforming layoutlib-api-31.7.3.jar (com.android.tools.layoutlib:layoutlib-api:31.7.3) with ExternalDependencyInstrumentingArtifactTransform
[        ] Transforming kotlinx-serialization-core-jvm-1.4.0.jar (org.jetbrains.kotlinx:kotlinx-serialization-core-jvm:1.4.0) with InstrumentationAnalysisTransform
[        ] Transforming kotlinx-serialization-core-jvm-1.4.0.jar (org.jetbrains.kotlinx:kotlinx-serialization-core-jvm:1.4.0) with MergeInstrumentationAnalysisTransform
[        ] Transforming kotlin-stdlib-jdk8-1.9.20.jar (org.jetbrains.kotlin:kotlin-stdlib-jdk8:1.9.20) with InstrumentationAnalysisTransform
[        ] Transforming common-31.7.3.jar (com.android.tools:common:31.7.3) with ExternalDependencyInstrumentingArtifactTransform
[        ] Transforming dvlib-31.7.3.jar (com.android.tools:dvlib:31.7.3) with ExternalDependencyInstrumentingArtifactTransform
[        ] Transforming kotlinx-serialization-core-jvm-1.4.0.jar (org.jetbrains.kotlinx:kotlinx-serialization-core-jvm:1.4.0) with ExternalDependencyInstrumentingArtifactTransform
[        ] Transforming kotlin-stdlib-jdk8-1.9.20.jar (org.jetbrains.kotlin:kotlin-stdlib-jdk8:1.9.20) with MergeInstrumentationAnalysisTransform
[        ] Transforming jetifier-processor-1.0.0-beta10.jar (com.android.tools.build.jetifier:jetifier-processor:1.0.0-beta10) with InstrumentationAnalysisTransform
[        ] Transforming jetifier-processor-1.0.0-beta10.jar (com.android.tools.build.jetifier:jetifier-processor:1.0.0-beta10) with MergeInstrumentationAnalysisTransform
[        ] Transforming jetifier-core-1.0.0-beta10.jar (com.android.tools.build.jetifier:jetifier-core:1.0.0-beta10) with InstrumentationAnalysisTransform
[        ] Transforming kotlin-stdlib-jdk8-1.9.20.jar (org.jetbrains.kotlin:kotlin-stdlib-jdk8:1.9.20) with ExternalDependencyInstrumentingArtifactTransform
[        ] Transforming jetifier-core-1.0.0-beta10.jar (com.android.tools.build.jetifier:jetifier-core:1.0.0-beta10) with MergeInstrumentationAnalysisTransform
[        ] Transforming kotlin-reflect-1.9.23.jar (org.jetbrains.kotlin:kotlin-reflect:1.9.23) with InstrumentationAnalysisTransform
[        ] Transforming kotlin-reflect-1.9.23.jar (org.jetbrains.kotlin:kotlin-reflect:1.9.23) with MergeInstrumentationAnalysisTransform
[        ] Transforming kotlin-stdlib-jdk7-1.9.20.jar (org.jetbrains.kotlin:kotlin-stdlib-jdk7:1.9.20) with InstrumentationAnalysisTransform
[        ] Transforming kotlin-stdlib-jdk7-1.9.20.jar (org.jetbrains.kotlin:kotlin-stdlib-jdk7:1.9.20) with MergeInstrumentationAnalysisTransform
[        ] Transforming kotlin-stdlib-1.9.23.jar (org.jetbrains.kotlin:kotlin-stdlib:1.9.23) with InstrumentationAnalysisTransform
[        ] Transforming jetifier-processor-1.0.0-beta10.jar (com.android.tools.build.jetifier:jetifier-processor:1.0.0-beta10) with ExternalDependencyInstrumentingArtifactTransform
[        ] Transforming kotlin-stdlib-1.9.23.jar (org.jetbrains.kotlin:kotlin-stdlib:1.9.23) with MergeInstrumentationAnalysisTransform
[        ] Transforming annotations-13.0.jar (org.jetbrains:annotations:13.0) with InstrumentationAnalysisTransform
[        ] Transforming annotations-13.0.jar (org.jetbrains:annotations:13.0) with MergeInstrumentationAnalysisTransform
[        ] Transforming jetifier-core-1.0.0-beta10.jar (com.android.tools.build.jetifier:jetifier-core:1.0.0-beta10) with ExternalDependencyInstrumentingArtifactTransform
[        ] Transforming kotlin-reflect-1.9.23.jar (org.jetbrains.kotlin:kotlin-reflect:1.9.23) with ExternalDependencyInstrumentingArtifactTransform
[        ] Transforming kotlin-gradle-plugin-model-2.1.0.jar (org.jetbrains.kotlin:kotlin-gradle-plugin-model:2.1.0) with InstrumentationAnalysisTransform
[        ] Transforming kotlin-gradle-plugin-model-2.1.0.jar (org.jetbrains.kotlin:kotlin-gradle-plugin-model:2.1.0) with MergeInstrumentationAnalysisTransform
[        ] Transforming kotlin-gradle-plugin-api-2.1.0.jar (org.jetbrains.kotlin:kotlin-gradle-plugin-api:2.1.0) with InstrumentationAnalysisTransform
[        ] Transforming kotlin-gradle-plugin-api-2.1.0.jar (org.jetbrains.kotlin:kotlin-gradle-plugin-api:2.1.0) with MergeInstrumentationAnalysisTransform
[        ] Transforming kotlin-gradle-plugin-2.1.0-gradle85.jar (org.jetbrains.kotlin:kotlin-gradle-plugin:2.1.0) with InstrumentationAnalysisTransform
[        ] Transforming kotlin-gradle-plugin-2.1.0-gradle85.jar (org.jetbrains.kotlin:kotlin-gradle-plugin:2.1.0) with MergeInstrumentationAnalysisTransform
[        ] Transforming bundletool-1.17.1.jar (com.android.tools.build:bundletool:1.17.1) with InstrumentationAnalysisTransform
[        ] Transforming kotlin-stdlib-1.9.23.jar (org.jetbrains.kotlin:kotlin-stdlib:1.9.23) with ExternalDependencyInstrumentingArtifactTransform
[        ] Transforming annotations-13.0.jar (org.jetbrains:annotations:13.0) with ExternalDependencyInstrumentingArtifactTransform
[        ] Transforming bundletool-1.17.1.jar (com.android.tools.build:bundletool:1.17.1) with MergeInstrumentationAnalysisTransform
[        ] Transforming aapt2-proto-8.7.3-12006047.jar (com.android.tools.build:aapt2-proto:8.7.3-12006047) with InstrumentationAnalysisTransform
[        ] Transforming kotlin-gradle-plugin-model-2.1.0.jar (org.jetbrains.kotlin:kotlin-gradle-plugin-model:2.1.0) with ExternalDependencyInstrumentingArtifactTransform
[        ] Transforming kotlin-gradle-plugin-api-2.1.0.jar (org.jetbrains.kotlin:kotlin-gradle-plugin-api:2.1.0) with ExternalDependencyInstrumentingArtifactTransform
[        ] Transforming aapt2-proto-8.7.3-12006047.jar (com.android.tools.build:aapt2-proto:8.7.3-12006047) with MergeInstrumentationAnalysisTransform
[        ] Transforming kotlin-gradle-plugin-2.1.0-gradle85.jar (org.jetbrains.kotlin:kotlin-gradle-plugin:2.1.0) with ExternalDependencyInstrumentingArtifactTransform
[        ] Transforming crash-31.7.3.jar (com.android.tools.analytics-library:crash:31.7.3) with InstrumentationAnalysisTransform
[        ] Transforming crash-31.7.3.jar (com.android.tools.analytics-library:crash:31.7.3) with MergeInstrumentationAnalysisTransform
[        ] Transforming lint-typedef-remover-31.7.3.jar (com.android.tools.lint:lint-typedef-remover:31.7.3) with InstrumentationAnalysisTransform
[        ] Transforming lint-typedef-remover-31.7.3.jar (com.android.tools.lint:lint-typedef-remover:31.7.3) with MergeInstrumentationAnalysisTransform
[        ] Transforming bundletool-1.17.1.jar (com.android.tools.build:bundletool:1.17.1) with ExternalDependencyInstrumentingArtifactTransform
[        ] Transforming aapt2-proto-8.7.3-12006047.jar (com.android.tools.build:aapt2-proto:8.7.3-12006047) with ExternalDependencyInstrumentingArtifactTransform
[        ] Transforming databinding-common-8.7.3.jar (androidx.databinding:databinding-common:8.7.3) with InstrumentationAnalysisTransform
[        ] Transforming databinding-common-8.7.3.jar (androidx.databinding:databinding-common:8.7.3) with MergeInstrumentationAnalysisTransform
[        ] Transforming baseLibrary-8.7.3.jar (com.android.databinding:baseLibrary:8.7.3) with InstrumentationAnalysisTransform
[        ] Transforming baseLibrary-8.7.3.jar (com.android.databinding:baseLibrary:8.7.3) with MergeInstrumentationAnalysisTransform
[        ] Transforming crash-31.7.3.jar (com.android.tools.analytics-library:crash:31.7.3) with ExternalDependencyInstrumentingArtifactTransform
[        ] Transforming android-device-provider-ddmlib-proto-31.7.3.jar (com.android.tools.utp:android-device-provider-ddmlib-proto:31.7.3) with InstrumentationAnalysisTransform
[   +3 ms] Transforming lint-typedef-remover-31.7.3.jar (com.android.tools.lint:lint-typedef-remover:31.7.3) with ExternalDependencyInstrumentingArtifactTransform
[        ] Transforming android-device-provider-ddmlib-proto-31.7.3.jar (com.android.tools.utp:android-device-provider-ddmlib-proto:31.7.3) with MergeInstrumentationAnalysisTransform
[        ] Transforming android-device-provider-gradle-proto-31.7.3.jar (com.android.tools.utp:android-device-provider-gradle-proto:31.7.3) with InstrumentationAnalysisTransform
[        ] Transforming baseLibrary-8.7.3.jar (com.android.databinding:baseLibrary:8.7.3) with ExternalDependencyInstrumentingArtifactTransform
[        ] Transforming android-device-provider-gradle-proto-31.7.3.jar (com.android.tools.utp:android-device-provider-gradle-proto:31.7.3) with MergeInstrumentationAnalysisTransform
[        ] Transforming android-device-provider-profile-proto-31.7.3.jar (com.android.tools.utp:android-device-provider-profile-proto:31.7.3) with InstrumentationAnalysisTransform
[        ] Transforming android-device-provider-profile-proto-31.7.3.jar (com.android.tools.utp:android-device-provider-profile-proto:31.7.3) with MergeInstrumentationAnalysisTransform
[        ] Transforming android-test-plugin-host-additional-test-output-proto-31.7.3.jar (com.android.tools.utp:android-test-plugin-host-additional-test-output-proto:31.7.3) with InstrumentationAnalysisTransform
[        ] Transforming android-device-provider-ddmlib-proto-31.7.3.jar (com.android.tools.utp:android-device-provider-ddmlib-proto:31.7.3) with ExternalDependencyInstrumentingArtifactTransform
[        ] Transforming android-test-plugin-host-additional-test-output-proto-31.7.3.jar (com.android.tools.utp:android-test-plugin-host-additional-test-output-proto:31.7.3) with MergeInstrumentationAnalysisTransform
[        ] Transforming android-test-plugin-host-coverage-proto-31.7.3.jar (com.android.tools.utp:android-test-plugin-host-coverage-proto:31.7.3) with InstrumentationAnalysisTransform
[        ] Transforming android-test-plugin-host-coverage-proto-31.7.3.jar (com.android.tools.utp:android-test-plugin-host-coverage-proto:31.7.3) with MergeInstrumentationAnalysisTransform
[        ] Transforming android-test-plugin-host-logcat-proto-31.7.3.jar (com.android.tools.utp:android-test-plugin-host-logcat-proto:31.7.3) with InstrumentationAnalysisTransform
[        ] Transforming android-test-plugin-host-logcat-proto-31.7.3.jar (com.android.tools.utp:android-test-plugin-host-logcat-proto:31.7.3) with MergeInstrumentationAnalysisTransform
[        ] Transforming android-device-provider-profile-proto-31.7.3.jar (com.android.tools.utp:android-device-provider-profile-proto:31.7.3) with ExternalDependencyInstrumentingArtifactTransform
[        ] Transforming android-device-provider-gradle-proto-31.7.3.jar (com.android.tools.utp:android-device-provider-gradle-proto:31.7.3) with ExternalDependencyInstrumentingArtifactTransform
[        ] Transforming android-test-plugin-host-additional-test-output-proto-31.7.3.jar (com.android.tools.utp:android-test-plugin-host-additional-test-output-proto:31.7.3) with ExternalDependencyInstrumentingArtifactTransform
[        ] Transforming android-test-plugin-host-coverage-proto-31.7.3.jar (com.android.tools.utp:android-test-plugin-host-coverage-proto:31.7.3) with ExternalDependencyInstrumentingArtifactTransform
[        ] Transforming databinding-common-8.7.3.jar (androidx.databinding:databinding-common:8.7.3) with ExternalDependencyInstrumentingArtifactTransform
[        ] Transforming android-test-plugin-host-logcat-proto-31.7.3.jar (com.android.tools.utp:android-test-plugin-host-logcat-proto:31.7.3) with ExternalDependencyInstrumentingArtifactTransform
[        ] Transforming android-test-plugin-host-apk-installer-proto-31.7.3.jar (com.android.tools.utp:android-test-plugin-host-apk-installer-proto:31.7.3) with InstrumentationAnalysisTransform
[        ] Transforming kotlin-stdlib-jdk7-1.9.20.jar (org.jetbrains.kotlin:kotlin-stdlib-jdk7:1.9.20) with ExternalDependencyInstrumentingArtifactTransform
[        ] Transforming android-test-plugin-host-apk-installer-proto-31.7.3.jar (com.android.tools.utp:android-test-plugin-host-apk-installer-proto:31.7.3) with MergeInstrumentationAnalysisTransform
[        ] Transforming android-test-plugin-result-listener-gradle-proto-31.7.3.jar (com.android.tools.utp:android-test-plugin-result-listener-gradle-proto:31.7.3) with InstrumentationAnalysisTransform
[        ] Transforming android-test-plugin-result-listener-gradle-proto-31.7.3.jar (com.android.tools.utp:android-test-plugin-result-listener-gradle-proto:31.7.3) with MergeInstrumentationAnalysisTransform
[        ] Transforming android-test-plugin-host-apk-installer-proto-31.7.3.jar (com.android.tools.utp:android-test-plugin-host-apk-installer-proto:31.7.3) with ExternalDependencyInstrumentingArtifactTransform
[        ] Transforming transform-api-2.0.0-deprecated-use-gradle-api.jar (com.android.tools.build:transform-api:2.0.0-deprecated-use-gradle-api) with InstrumentationAnalysisTransform
[        ] Transforming transform-api-2.0.0-deprecated-use-gradle-api.jar (com.android.tools.build:transform-api:2.0.0-deprecated-use-gradle-api) with MergeInstrumentationAnalysisTransform
[        ] Transforming httpmime-4.5.6.jar (org.apache.httpcomponents:httpmime:4.5.6) with InstrumentationAnalysisTransform
[        ] Transforming httpmime-4.5.6.jar (org.apache.httpcomponents:httpmime:4.5.6) with MergeInstrumentationAnalysisTransform
[        ] Transforming android-test-plugin-result-listener-gradle-proto-31.7.3.jar (com.android.tools.utp:android-test-plugin-result-listener-gradle-proto:31.7.3) with ExternalDependencyInstrumentingArtifactTransform
[        ] Transforming commons-io-2.13.0.jar (commons-io:commons-io:2.13.0) with InstrumentationAnalysisTransform
[        ] Transforming transform-api-2.0.0-deprecated-use-gradle-api.jar (com.android.tools.build:transform-api:2.0.0-deprecated-use-gradle-api) with ExternalDependencyInstrumentingArtifactTransform
[        ] Transforming commons-io-2.13.0.jar (commons-io:commons-io:2.13.0) with MergeInstrumentationAnalysisTransform
[        ] Transforming httpmime-4.5.6.jar (org.apache.httpcomponents:httpmime:4.5.6) with ExternalDependencyInstrumentingArtifactTransform
[        ] Transforming asm-commons-9.6.jar (org.ow2.asm:asm-commons:9.6) with InstrumentationAnalysisTransform
[        ] Transforming asm-commons-9.6.jar (org.ow2.asm:asm-commons:9.6) with MergeInstrumentationAnalysisTransform
[        ] Transforming commons-io-2.13.0.jar (commons-io:commons-io:2.13.0) with ExternalDependencyInstrumentingArtifactTransform
[        ] Transforming asm-util-9.6.jar (org.ow2.asm:asm-util:9.6) with InstrumentationAnalysisTransform
[        ] Transforming asm-util-9.6.jar (org.ow2.asm:asm-util:9.6) with MergeInstrumentationAnalysisTransform
[        ] Transforming asm-analysis-9.6.jar (org.ow2.asm:asm-analysis:9.6) with InstrumentationAnalysisTransform
[        ] Transforming asm-analysis-9.6.jar (org.ow2.asm:asm-analysis:9.6) with MergeInstrumentationAnalysisTransform
[        ] Transforming asm-commons-9.6.jar (org.ow2.asm:asm-commons:9.6) with ExternalDependencyInstrumentingArtifactTransform
[        ] Transforming asm-tree-9.6.jar (org.ow2.asm:asm-tree:9.6) with InstrumentationAnalysisTransform
[        ] Transforming asm-util-9.6.jar (org.ow2.asm:asm-util:9.6) with ExternalDependencyInstrumentingArtifactTransform
[        ] Transforming asm-analysis-9.6.jar (org.ow2.asm:asm-analysis:9.6) with ExternalDependencyInstrumentingArtifactTransform
[        ] Transforming asm-tree-9.6.jar (org.ow2.asm:asm-tree:9.6) with MergeInstrumentationAnalysisTransform
[        ] Transforming asm-9.6.jar (org.ow2.asm:asm:9.6) with InstrumentationAnalysisTransform
[        ] Transforming asm-tree-9.6.jar (org.ow2.asm:asm-tree:9.6) with ExternalDependencyInstrumentingArtifactTransform
[        ] Transforming asm-9.6.jar (org.ow2.asm:asm:9.6) with MergeInstrumentationAnalysisTransform
[        ] Transforming apkzlib-8.7.3.jar (com.android.tools.build:apkzlib:8.7.3) with InstrumentationAnalysisTransform
[        ] Transforming apkzlib-8.7.3.jar (com.android.tools.build:apkzlib:8.7.3) with MergeInstrumentationAnalysisTransform
[        ] Transforming bcpkix-jdk18on-1.77.jar (org.bouncycastle:bcpkix-jdk18on:1.77) with InstrumentationAnalysisTransform
[        ] Transforming asm-9.6.jar (org.ow2.asm:asm:9.6) with ExternalDependencyInstrumentingArtifactTransform
[        ] Transforming bcpkix-jdk18on-1.77.jar (org.bouncycastle:bcpkix-jdk18on:1.77) with MergeInstrumentationAnalysisTransform
[        ] Transforming jaxb-runtime-2.3.2.jar (org.glassfish.jaxb:jaxb-runtime:2.3.2) with InstrumentationAnalysisTransform
[        ] Transforming jaxb-runtime-2.3.2.jar (org.glassfish.jaxb:jaxb-runtime:2.3.2) with MergeInstrumentationAnalysisTransform
[        ] Transforming apkzlib-8.7.3.jar (com.android.tools.build:apkzlib:8.7.3) with ExternalDependencyInstrumentingArtifactTransform
[        ] Transforming jopt-simple-4.9.jar (net.sf.jopt-simple:jopt-simple:4.9) with InstrumentationAnalysisTransform
[        ] Transforming jopt-simple-4.9.jar (net.sf.jopt-simple:jopt-simple:4.9) with MergeInstrumentationAnalysisTransform
[        ] Transforming bcpkix-jdk18on-1.77.jar (org.bouncycastle:bcpkix-jdk18on:1.77) with ExternalDependencyInstrumentingArtifactTransform
[        ] Transforming javapoet-1.10.0.jar (com.squareup:javapoet:1.10.0) with InstrumentationAnalysisTransform
[        ] Transforming jaxb-runtime-2.3.2.jar (org.glassfish.jaxb:jaxb-runtime:2.3.2) with ExternalDependencyInstrumentingArtifactTransform
[        ] Transforming javapoet-1.10.0.jar (com.squareup:javapoet:1.10.0) with MergeInstrumentationAnalysisTransform
[        ] Transforming jopt-simple-4.9.jar (net.sf.jopt-simple:jopt-simple:4.9) with ExternalDependencyInstrumentingArtifactTransform
[        ] Transforming protobuf-java-util-3.22.3.jar (com.google.protobuf:protobuf-java-util:3.22.3) with InstrumentationAnalysisTransform
[        ] Transforming protobuf-java-util-3.22.3.jar (com.google.protobuf:protobuf-java-util:3.22.3) with MergeInstrumentationAnalysisTransform
[        ] Transforming javapoet-1.10.0.jar (com.squareup:javapoet:1.10.0) with ExternalDependencyInstrumentingArtifactTransform
[        ] Transforming grpc-protobuf-1.57.0.jar (io.grpc:grpc-protobuf:1.57.0) with InstrumentationAnalysisTransform
[        ] Transforming grpc-protobuf-1.57.0.jar (io.grpc:grpc-protobuf:1.57.0) with MergeInstrumentationAnalysisTransform
[        ] Transforming tink-1.7.0.jar (com.google.crypto.tink:tink:1.7.0) with InstrumentationAnalysisTransform
[        ] Transforming protobuf-java-util-3.22.3.jar (com.google.protobuf:protobuf-java-util:3.22.3) with ExternalDependencyInstrumentingArtifactTransform
[        ] Transforming tink-1.7.0.jar (com.google.crypto.tink:tink:1.7.0) with MergeInstrumentationAnalysisTransform
[        ] Transforming protos-31.7.3.jar (com.android.tools.analytics-library:protos:31.7.3) with InstrumentationAnalysisTransform
[        ] Transforming grpc-protobuf-1.57.0.jar (io.grpc:grpc-protobuf:1.57.0) with ExternalDependencyInstrumentingArtifactTransform
[        ] Transforming protos-31.7.3.jar (com.android.tools.analytics-library:protos:31.7.3) with MergeInstrumentationAnalysisTransform
[        ] Transforming proto-google-common-protos-2.17.0.jar (com.google.api.grpc:proto-google-common-protos:2.17.0) with InstrumentationAnalysisTransform
[        ] Transforming tink-1.7.0.jar (com.google.crypto.tink:tink:1.7.0) with ExternalDependencyInstrumentingArtifactTransform
[        ] Transforming proto-google-common-protos-2.17.0.jar (com.google.api.grpc:proto-google-common-protos:2.17.0) with MergeInstrumentationAnalysisTransform
[        ] Transforming protobuf-java-3.22.3.jar (com.google.protobuf:protobuf-java:3.22.3) with InstrumentationAnalysisTransform
[        ] Transforming protos-31.7.3.jar (com.android.tools.analytics-library:protos:31.7.3) with ExternalDependencyInstrumentingArtifactTransform
[        ] Transforming protobuf-java-3.22.3.jar (com.google.protobuf:protobuf-java:3.22.3) with MergeInstrumentationAnalysisTransform
[        ] Transforming grpc-netty-1.57.0.jar (io.grpc:grpc-netty:1.57.0) with InstrumentationAnalysisTransform
[        ] Transforming grpc-netty-1.57.0.jar (io.grpc:grpc-netty:1.57.0) with MergeInstrumentationAnalysisTransform
[        ] Transforming grpc-core-1.57.0.jar (io.grpc:grpc-core:1.57.0) with InstrumentationAnalysisTransform
[        ] Transforming proto-google-common-protos-2.17.0.jar (com.google.api.grpc:proto-google-common-protos:2.17.0) with ExternalDependencyInstrumentingArtifactTransform
[        ] Transforming grpc-core-1.57.0.jar (io.grpc:grpc-core:1.57.0) with MergeInstrumentationAnalysisTransform
[        ] Transforming protobuf-java-3.22.3.jar (com.google.protobuf:protobuf-java:3.22.3) with ExternalDependencyInstrumentingArtifactTransform
[        ] Transforming grpc-netty-1.57.0.jar (io.grpc:grpc-netty:1.57.0) with ExternalDependencyInstrumentingArtifactTransform
[        ] Transforming kotlin-build-statistics-2.1.0.jar (org.jetbrains.kotlin:kotlin-build-statistics:2.1.0) with InstrumentationAnalysisTransform
[        ] Transforming grpc-core-1.57.0.jar (io.grpc:grpc-core:1.57.0) with ExternalDependencyInstrumentingArtifactTransform
[        ] Transforming kotlin-build-statistics-2.1.0.jar (org.jetbrains.kotlin:kotlin-build-statistics:2.1.0) with MergeInstrumentationAnalysisTransform
[        ] Transforming gson-2.10.1.jar (com.google.code.gson:gson:2.10.1) with InstrumentationAnalysisTransform
[        ] Transforming gson-2.10.1.jar (com.google.code.gson:gson:2.10.1) with MergeInstrumentationAnalysisTransform
[        ] Transforming kotlin-build-statistics-2.1.0.jar (org.jetbrains.kotlin:kotlin-build-statistics:2.1.0) with ExternalDependencyInstrumentingArtifactTransform
[        ] Transforming grpc-stub-1.57.0.jar (io.grpc:grpc-stub:1.57.0) with InstrumentationAnalysisTransform
[        ] Transforming grpc-stub-1.57.0.jar (io.grpc:grpc-stub:1.57.0) with MergeInstrumentationAnalysisTransform
[        ] Transforming gson-2.10.1.jar (com.google.code.gson:gson:2.10.1) with ExternalDependencyInstrumentingArtifactTransform
[        ] Transforming core-proto-0.0.9-alpha02.jar (com.google.testing.platform:core-proto:0.0.9-alpha02) with InstrumentationAnalysisTransform
[        ] Transforming core-proto-0.0.9-alpha02.jar (com.google.testing.platform:core-proto:0.0.9-alpha02) with MergeInstrumentationAnalysisTransform
[        ] Transforming tensorflow-lite-metadata-0.1.0-rc2.jar (org.tensorflow:tensorflow-lite-metadata:0.1.0-rc2) with InstrumentationAnalysisTransform
[        ] Transforming grpc-stub-1.57.0.jar (io.grpc:grpc-stub:1.57.0) with ExternalDependencyInstrumentingArtifactTransform
[        ] Transforming tensorflow-lite-metadata-0.1.0-rc2.jar (org.tensorflow:tensorflow-lite-metadata:0.1.0-rc2) with MergeInstrumentationAnalysisTransform
[        ] Transforming flatbuffers-java-1.12.0.jar (com.google.flatbuffers:flatbuffers-java:1.12.0) with InstrumentationAnalysisTransform
[        ] Transforming flatbuffers-java-1.12.0.jar (com.google.flatbuffers:flatbuffers-java:1.12.0) with MergeInstrumentationAnalysisTransform
[        ] Transforming core-proto-0.0.9-alpha02.jar (com.google.testing.platform:core-proto:0.0.9-alpha02) with ExternalDependencyInstrumentingArtifactTransform
[        ] Transforming kotlin-gradle-plugin-idea-proto-2.1.0.jar (org.jetbrains.kotlin:kotlin-gradle-plugin-idea-proto:2.1.0) with InstrumentationAnalysisTransform
[        ] Transforming tensorflow-lite-metadata-0.1.0-rc2.jar (org.tensorflow:tensorflow-lite-metadata:0.1.0-rc2) with ExternalDependencyInstrumentingArtifactTransform
[        ] Transforming flatbuffers-java-1.12.0.jar (com.google.flatbuffers:flatbuffers-java:1.12.0) with ExternalDependencyInstrumentingArtifactTransform
[        ] Transforming kotlin-gradle-plugin-idea-proto-2.1.0.jar (org.jetbrains.kotlin:kotlin-gradle-plugin-idea-proto:2.1.0) with MergeInstrumentationAnalysisTransform
[        ] Transforming kotlin-gradle-plugin-idea-2.1.0.jar (org.jetbrains.kotlin:kotlin-gradle-plugin-idea:2.1.0) with InstrumentationAnalysisTransform
[        ] Transforming kotlin-gradle-plugin-idea-2.1.0.jar (org.jetbrains.kotlin:kotlin-gradle-plugin-idea:2.1.0) with MergeInstrumentationAnalysisTransform
[        ] Transforming kotlin-klib-commonizer-api-2.1.0.jar (org.jetbrains.kotlin:kotlin-klib-commonizer-api:2.1.0) with InstrumentationAnalysisTransform
[        ] Transforming kotlin-gradle-plugin-idea-proto-2.1.0.jar (org.jetbrains.kotlin:kotlin-gradle-plugin-idea-proto:2.1.0) with ExternalDependencyInstrumentingArtifactTransform
[        ] Transforming kotlin-klib-commonizer-api-2.1.0.jar (org.jetbrains.kotlin:kotlin-klib-commonizer-api:2.1.0) with MergeInstrumentationAnalysisTransform
[        ] Transforming kotlin-gradle-plugin-idea-2.1.0.jar (org.jetbrains.kotlin:kotlin-gradle-plugin-idea:2.1.0) with ExternalDependencyInstrumentingArtifactTransform
[        ] Transforming kotlin-util-klib-metadata-2.1.0.jar (org.jetbrains.kotlin:kotlin-util-klib-metadata:2.1.0) with InstrumentationAnalysisTransform
[        ] Transforming kotlin-util-klib-metadata-2.1.0.jar (org.jetbrains.kotlin:kotlin-util-klib-metadata:2.1.0) with MergeInstrumentationAnalysisTransform
[        ] Transforming kotlin-klib-commonizer-api-2.1.0.jar (org.jetbrains.kotlin:kotlin-klib-commonizer-api:2.1.0) with ExternalDependencyInstrumentingArtifactTransform
[        ] Transforming kotlin-compiler-runner-2.1.0.jar (org.jetbrains.kotlin:kotlin-compiler-runner:2.1.0) with InstrumentationAnalysisTransform
[        ] Transforming kotlin-compiler-runner-2.1.0.jar (org.jetbrains.kotlin:kotlin-compiler-runner:2.1.0) with MergeInstrumentationAnalysisTransform
[        ] Transforming kotlin-util-klib-metadata-2.1.0.jar (org.jetbrains.kotlin:kotlin-util-klib-metadata:2.1.0) with ExternalDependencyInstrumentingArtifactTransform
[        ] Transforming kotlin-compiler-runner-2.1.0.jar (org.jetbrains.kotlin:kotlin-compiler-runner:2.1.0) with ExternalDependencyInstrumentingArtifactTransform
[        ] Transforming jimfs-1.1.jar (com.google.jimfs:jimfs:1.1) with InstrumentationAnalysisTransform
[        ] Transforming jimfs-1.1.jar (com.google.jimfs:jimfs:1.1) with MergeInstrumentationAnalysisTransform
[        ] Transforming grpc-context-1.57.0.jar (io.grpc:grpc-context:1.57.0) with InstrumentationAnalysisTransform
[        ] Transforming grpc-context-1.57.0.jar (io.grpc:grpc-context:1.57.0) with MergeInstrumentationAnalysisTransform
[        ] Transforming grpc-protobuf-lite-1.57.0.jar (io.grpc:grpc-protobuf-lite:1.57.0) with InstrumentationAnalysisTransform
[        ] Transforming grpc-protobuf-lite-1.57.0.jar (io.grpc:grpc-protobuf-lite:1.57.0) with MergeInstrumentationAnalysisTransform
[        ] Transforming jimfs-1.1.jar (com.google.jimfs:jimfs:1.1) with ExternalDependencyInstrumentingArtifactTransform
[        ] Transforming grpc-context-1.57.0.jar (io.grpc:grpc-context:1.57.0) with ExternalDependencyInstrumentingArtifactTransform
[        ] Transforming grpc-api-1.57.0.jar (io.grpc:grpc-api:1.57.0) with InstrumentationAnalysisTransform
[        ] Transforming grpc-protobuf-lite-1.57.0.jar (io.grpc:grpc-protobuf-lite:1.57.0) with ExternalDependencyInstrumentingArtifactTransform
[        ] Transforming grpc-api-1.57.0.jar (io.grpc:grpc-api:1.57.0) with MergeInstrumentationAnalysisTransform
[        ] Transforming guava-32.0.1-jre.jar (com.google.guava:guava:32.0.1-jre) with InstrumentationAnalysisTransform
[        ] Transforming guava-32.0.1-jre.jar (com.google.guava:guava:32.0.1-jre) with MergeInstrumentationAnalysisTransform
[        ] Transforming dagger-2.28.3.jar (com.google.dagger:dagger:2.28.3) with InstrumentationAnalysisTransform
[        ] Transforming dagger-2.28.3.jar (com.google.dagger:dagger:2.28.3) with MergeInstrumentationAnalysisTransform
[        ] Transforming grpc-api-1.57.0.jar (io.grpc:grpc-api:1.57.0) with ExternalDependencyInstrumentingArtifactTransform
[        ] Transforming javax.inject-1.jar (javax.inject:javax.inject:1) with InstrumentationAnalysisTransform
[        ] Transforming guava-32.0.1-jre.jar (com.google.guava:guava:32.0.1-jre) with ExternalDependencyInstrumentingArtifactTransform
[        ] Transforming javax.inject-1.jar (javax.inject:javax.inject:1) with MergeInstrumentationAnalysisTransform
[        ] Transforming kxml2-2.3.0.jar (net.sf.kxml:kxml2:2.3.0) with InstrumentationAnalysisTransform
[        ] Transforming kxml2-2.3.0.jar (net.sf.kxml:kxml2:2.3.0) with MergeInstrumentationAnalysisTransform
[        ] Transforming dagger-2.28.3.jar (com.google.dagger:dagger:2.28.3) with ExternalDependencyInstrumentingArtifactTransform
[        ] Transforming bcutil-jdk18on-1.77.jar (org.bouncycastle:bcutil-jdk18on:1.77) with InstrumentationAnalysisTransform
[        ] Transforming javax.inject-1.jar (javax.inject:javax.inject:1) with ExternalDependencyInstrumentingArtifactTransform
[        ] Transforming bcutil-jdk18on-1.77.jar (org.bouncycastle:bcutil-jdk18on:1.77) with MergeInstrumentationAnalysisTransform
[        ] Transforming kxml2-2.3.0.jar (net.sf.kxml:kxml2:2.3.0) with ExternalDependencyInstrumentingArtifactTransform
[        ] Transforming bcprov-jdk18on-1.77.jar (org.bouncycastle:bcprov-jdk18on:1.77) with InstrumentationAnalysisTransform
[        ] Transforming bcprov-jdk18on-1.77.jar (org.bouncycastle:bcprov-jdk18on:1.77) with MergeInstrumentationAnalysisTransform
[        ] Transforming trove4j-1.0.20200330.jar (org.jetbrains.intellij.deps:trove4j:1.0.20200330) with InstrumentationAnalysisTransform
[        ] Transforming bcutil-jdk18on-1.77.jar (org.bouncycastle:bcutil-jdk18on:1.77) with ExternalDependencyInstrumentingArtifactTransform
[        ] Transforming trove4j-1.0.20200330.jar (org.jetbrains.intellij.deps:trove4j:1.0.20200330) with MergeInstrumentationAnalysisTransform
[        ] Transforming bcprov-jdk18on-1.77.jar (org.bouncycastle:bcprov-jdk18on:1.77) with ExternalDependencyInstrumentingArtifactTransform
[        ] Transforming commons-compress-1.21.jar (org.apache.commons:commons-compress:1.21) with InstrumentationAnalysisTransform
[        ] Transforming commons-compress-1.21.jar (org.apache.commons:commons-compress:1.21) with MergeInstrumentationAnalysisTransform
[        ] Transforming trove4j-1.0.20200330.jar (org.jetbrains.intellij.deps:trove4j:1.0.20200330) with ExternalDependencyInstrumentingArtifactTransform
[        ] Transforming httpclient-4.5.14.jar (org.apache.httpcomponents:httpclient:4.5.14) with InstrumentationAnalysisTransform
[        ] Transforming httpclient-4.5.14.jar (org.apache.httpcomponents:httpclient:4.5.14) with MergeInstrumentationAnalysisTransform
[        ] Transforming httpcore-4.4.16.jar (org.apache.httpcomponents:httpcore:4.4.16) with InstrumentationAnalysisTransform
[        ] Transforming commons-compress-1.21.jar (org.apache.commons:commons-compress:1.21) with ExternalDependencyInstrumentingArtifactTransform
[        ] Transforming httpcore-4.4.16.jar (org.apache.httpcomponents:httpcore:4.4.16) with MergeInstrumentationAnalysisTransform
[        ] Transforming javax.activation-1.2.0.jar (com.sun.activation:javax.activation:1.2.0) with InstrumentationAnalysisTransform
[        ] Transforming httpclient-4.5.14.jar (org.apache.httpcomponents:httpclient:4.5.14) with ExternalDependencyInstrumentingArtifactTransform
[        ] Transforming javax.activation-1.2.0.jar (com.sun.activation:javax.activation:1.2.0) with MergeInstrumentationAnalysisTransform
[        ] Transforming signflinger-8.7.3.jar (com.android:signflinger:8.7.3) with InstrumentationAnalysisTransform
[        ] Transforming signflinger-8.7.3.jar (com.android:signflinger:8.7.3) with MergeInstrumentationAnalysisTransform
[        ] Transforming httpcore-4.4.16.jar (org.apache.httpcomponents:httpcore:4.4.16) with ExternalDependencyInstrumentingArtifactTransform
[        ] Transforming javax.activation-1.2.0.jar (com.sun.activation:javax.activation:1.2.0) with ExternalDependencyInstrumentingArtifactTransform
[        ] Transforming zipflinger-8.7.3.jar (com.android:zipflinger:8.7.3) with InstrumentationAnalysisTransform
[        ] Transforming signflinger-8.7.3.jar (com.android:signflinger:8.7.3) with ExternalDependencyInstrumentingArtifactTransform
[        ] Transforming zipflinger-8.7.3.jar (com.android:zipflinger:8.7.3) with MergeInstrumentationAnalysisTransform
[        ] Transforming annotations-31.7.3.jar (com.android.tools:annotations:31.7.3) with InstrumentationAnalysisTransform
[        ] Transforming annotations-31.7.3.jar (com.android.tools:annotations:31.7.3) with MergeInstrumentationAnalysisTransform
[        ] Transforming jna-platform-5.6.0.jar (net.java.dev.jna:jna-platform:5.6.0) with InstrumentationAnalysisTransform
[        ] Transforming jna-platform-5.6.0.jar (net.java.dev.jna:jna-platform:5.6.0) with MergeInstrumentationAnalysisTransform
[        ] Transforming juniversalchardet-1.0.3.jar (com.googlecode.juniversalchardet:juniversalchardet:1.0.3) with InstrumentationAnalysisTransform
[        ] Transforming juniversalchardet-1.0.3.jar (com.googlecode.juniversalchardet:juniversalchardet:1.0.3) with MergeInstrumentationAnalysisTransform
[        ] Transforming javax.annotation-api-1.3.2.jar (javax.annotation:javax.annotation-api:1.3.2) with InstrumentationAnalysisTransform
[        ] Transforming jna-platform-5.6.0.jar (net.java.dev.jna:jna-platform:5.6.0) with ExternalDependencyInstrumentingArtifactTransform
[        ] Transforming javax.annotation-api-1.3.2.jar (javax.annotation:javax.annotation-api:1.3.2) with MergeInstrumentationAnalysisTransform
[        ] Transforming javax.annotation-api-1.3.2.jar (javax.annotation:javax.annotation-api:1.3.2) with ExternalDependencyInstrumentingArtifactTransform
[        ] Transforming zipflinger-8.7.3.jar (com.android:zipflinger:8.7.3) with ExternalDependencyInstrumentingArtifactTransform
[        ] Transforming stax-ex-1.8.1.jar (org.jvnet.staxex:stax-ex:1.8.1) with InstrumentationAnalysisTransform
[        ] Transforming juniversalchardet-1.0.3.jar (com.googlecode.juniversalchardet:juniversalchardet:1.0.3) with ExternalDependencyInstrumentingArtifactTransform
[        ] Transforming stax-ex-1.8.1.jar (org.jvnet.staxex:stax-ex:1.8.1) with MergeInstrumentationAnalysisTransform
[        ] Transforming jakarta.xml.bind-api-2.3.2.jar (jakarta.xml.bind:jakarta.xml.bind-api:2.3.2) with InstrumentationAnalysisTransform
[        ] Transforming jakarta.xml.bind-api-2.3.2.jar (jakarta.xml.bind:jakarta.xml.bind-api:2.3.2) with MergeInstrumentationAnalysisTransform
[        ] Transforming txw2-2.3.2.jar (org.glassfish.jaxb:txw2:2.3.2) with InstrumentationAnalysisTransform
[        ] Transforming txw2-2.3.2.jar (org.glassfish.jaxb:txw2:2.3.2) with MergeInstrumentationAnalysisTransform
[        ] Transforming istack-commons-runtime-3.0.8.jar (com.sun.istack:istack-commons-runtime:3.0.8) with InstrumentationAnalysisTransform
[        ] Transforming istack-commons-runtime-3.0.8.jar (com.sun.istack:istack-commons-runtime:3.0.8) with MergeInstrumentationAnalysisTransform
[        ] Transforming FastInfoset-1.2.16.jar (com.sun.xml.fastinfoset:FastInfoset:1.2.16) with InstrumentationAnalysisTransform
[        ] Transforming stax-ex-1.8.1.jar (org.jvnet.staxex:stax-ex:1.8.1) with ExternalDependencyInstrumentingArtifactTransform
[        ] Transforming jakarta.xml.bind-api-2.3.2.jar (jakarta.xml.bind:jakarta.xml.bind-api:2.3.2) with ExternalDependencyInstrumentingArtifactTransform
[        ] Transforming istack-commons-runtime-3.0.8.jar (com.sun.istack:istack-commons-runtime:3.0.8) with ExternalDependencyInstrumentingArtifactTransform
[        ] Transforming annotations-31.7.3.jar (com.android.tools:annotations:31.7.3) with ExternalDependencyInstrumentingArtifactTransform
[        ] Transforming txw2-2.3.2.jar (org.glassfish.jaxb:txw2:2.3.2) with ExternalDependencyInstrumentingArtifactTransform
[        ] Transforming FastInfoset-1.2.16.jar (com.sun.xml.fastinfoset:FastInfoset:1.2.16) with MergeInstrumentationAnalysisTransform
[        ] Transforming jakarta.activation-api-1.2.1.jar (jakarta.activation:jakarta.activation-api:1.2.1) with InstrumentationAnalysisTransform
[        ] Transforming jakarta.activation-api-1.2.1.jar (jakarta.activation:jakarta.activation-api:1.2.1) with MergeInstrumentationAnalysisTransform
[        ] Transforming auto-value-annotations-1.6.2.jar (com.google.auto.value:auto-value-annotations:1.6.2) with InstrumentationAnalysisTransform
[        ] Transforming auto-value-annotations-1.6.2.jar (com.google.auto.value:auto-value-annotations:1.6.2) with MergeInstrumentationAnalysisTransform
[        ] Transforming error_prone_annotations-2.18.0.jar (com.google.errorprone:error_prone_annotations:2.18.0) with InstrumentationAnalysisTransform
[        ] Transforming error_prone_annotations-2.18.0.jar (com.google.errorprone:error_prone_annotations:2.18.0) with MergeInstrumentationAnalysisTransform
[        ] Transforming jose4j-0.9.5.jar (org.bitbucket.b_c:jose4j:0.9.5) with InstrumentationAnalysisTransform
[        ] Transforming FastInfoset-1.2.16.jar (com.sun.xml.fastinfoset:FastInfoset:1.2.16) with ExternalDependencyInstrumentingArtifactTransform
[        ] Transforming jose4j-0.9.5.jar (org.bitbucket.b_c:jose4j:0.9.5) with MergeInstrumentationAnalysisTransform
[        ] Transforming slf4j-api-1.7.30.jar (org.slf4j:slf4j-api:1.7.30) with InstrumentationAnalysisTransform
[        ] Transforming slf4j-api-1.7.30.jar (org.slf4j:slf4j-api:1.7.30) with MergeInstrumentationAnalysisTransform
[        ] Transforming jdom2-2.0.6.jar (org.jdom:jdom2:2.0.6) with InstrumentationAnalysisTransform
[        ] Transforming jdom2-2.0.6.jar (org.jdom:jdom2:2.0.6) with MergeInstrumentationAnalysisTransform
[        ] Transforming jakarta.activation-api-1.2.1.jar (jakarta.activation:jakarta.activation-api:1.2.1) with ExternalDependencyInstrumentingArtifactTransform
[        ] Transforming auto-value-annotations-1.6.2.jar (com.google.auto.value:auto-value-annotations:1.6.2) with ExternalDependencyInstrumentingArtifactTransform
[        ] Transforming error_prone_annotations-2.18.0.jar (com.google.errorprone:error_prone_annotations:2.18.0) with ExternalDependencyInstrumentingArtifactTransform
[        ] Transforming jose4j-0.9.5.jar (org.bitbucket.b_c:jose4j:0.9.5) with ExternalDependencyInstrumentingArtifactTransform
[        ] Transforming slf4j-api-1.7.30.jar (org.slf4j:slf4j-api:1.7.30) with ExternalDependencyInstrumentingArtifactTransform
[        ] Transforming jdom2-2.0.6.jar (org.jdom:jdom2:2.0.6) with ExternalDependencyInstrumentingArtifactTransform
[        ] Transforming jsr305-3.0.2.jar (com.google.code.findbugs:jsr305:3.0.2) with InstrumentationAnalysisTransform
[        ] Transforming jsr305-3.0.2.jar (com.google.code.findbugs:jsr305:3.0.2) with MergeInstrumentationAnalysisTransform
[        ] Transforming j2objc-annotations-2.8.jar (com.google.j2objc:j2objc-annotations:2.8) with InstrumentationAnalysisTransform
[        ] Transforming j2objc-annotations-2.8.jar (com.google.j2objc:j2objc-annotations:2.8) with MergeInstrumentationAnalysisTransform
[        ] Transforming annotations-4.1.1.4.jar (com.google.android:annotations:4.1.1.4) with InstrumentationAnalysisTransform
[        ] Transforming annotations-4.1.1.4.jar (com.google.android:annotations:4.1.1.4) with MergeInstrumentationAnalysisTransform
[        ] Transforming animal-sniffer-annotations-1.23.jar (org.codehaus.mojo:animal-sniffer-annotations:1.23) with InstrumentationAnalysisTransform
[        ] Transforming jsr305-3.0.2.jar (com.google.code.findbugs:jsr305:3.0.2) with ExternalDependencyInstrumentingArtifactTransform
[        ] Transforming animal-sniffer-annotations-1.23.jar (org.codehaus.mojo:animal-sniffer-annotations:1.23) with MergeInstrumentationAnalysisTransform
[        ] Transforming perfmark-api-0.26.0.jar (io.perfmark:perfmark-api:0.26.0) with InstrumentationAnalysisTransform
[        ] Transforming perfmark-api-0.26.0.jar (io.perfmark:perfmark-api:0.26.0) with MergeInstrumentationAnalysisTransform
[        ] Transforming j2objc-annotations-2.8.jar (com.google.j2objc:j2objc-annotations:2.8) with ExternalDependencyInstrumentingArtifactTransform
[        ] Transforming netty-codec-http2-4.1.93.Final.jar (io.netty:netty-codec-http2:4.1.93.Final) with InstrumentationAnalysisTransform
[        ] Transforming annotations-4.1.1.4.jar (com.google.android:annotations:4.1.1.4) with ExternalDependencyInstrumentingArtifactTransform
[        ] Transforming netty-codec-http2-4.1.93.Final.jar (io.netty:netty-codec-http2:4.1.93.Final) with MergeInstrumentationAnalysisTransform
[        ] Transforming animal-sniffer-annotations-1.23.jar (org.codehaus.mojo:animal-sniffer-annotations:1.23) with ExternalDependencyInstrumentingArtifactTransform
[        ] Transforming perfmark-api-0.26.0.jar (io.perfmark:perfmark-api:0.26.0) with ExternalDependencyInstrumentingArtifactTransform
[        ] Transforming netty-handler-proxy-4.1.93.Final.jar (io.netty:netty-handler-proxy:4.1.93.Final) with InstrumentationAnalysisTransform
[        ] Transforming netty-handler-proxy-4.1.93.Final.jar (io.netty:netty-handler-proxy:4.1.93.Final) with MergeInstrumentationAnalysisTransform
[        ] Transforming netty-codec-http-4.1.93.Final.jar (io.netty:netty-codec-http:4.1.93.Final) with InstrumentationAnalysisTransform
[        ] Transforming netty-codec-http2-4.1.93.Final.jar (io.netty:netty-codec-http2:4.1.93.Final) with ExternalDependencyInstrumentingArtifactTransform
[        ] Transforming netty-codec-http-4.1.93.Final.jar (io.netty:netty-codec-http:4.1.93.Final) with MergeInstrumentationAnalysisTransform
[        ] Transforming netty-handler-4.1.93.Final.jar (io.netty:netty-handler:4.1.93.Final) with InstrumentationAnalysisTransform
[        ] Transforming netty-handler-proxy-4.1.93.Final.jar (io.netty:netty-handler-proxy:4.1.93.Final) with ExternalDependencyInstrumentingArtifactTransform
[        ] Transforming netty-handler-4.1.93.Final.jar (io.netty:netty-handler:4.1.93.Final) with MergeInstrumentationAnalysisTransform
[        ] Transforming netty-transport-native-unix-common-4.1.93.Final.jar (io.netty:netty-transport-native-unix-common:4.1.93.Final) with InstrumentationAnalysisTransform
[        ] Transforming netty-transport-native-unix-common-4.1.93.Final.jar (io.netty:netty-transport-native-unix-common:4.1.93.Final) with MergeInstrumentationAnalysisTransform
[        ] Transforming checker-qual-3.33.0.jar (org.checkerframework:checker-qual:3.33.0) with InstrumentationAnalysisTransform
[        ] Transforming netty-codec-http-4.1.93.Final.jar (io.netty:netty-codec-http:4.1.93.Final) with ExternalDependencyInstrumentingArtifactTransform
[        ] Transforming checker-qual-3.33.0.jar (org.checkerframework:checker-qual:3.33.0) with MergeInstrumentationAnalysisTransform
[        ] Transforming netty-handler-4.1.93.Final.jar (io.netty:netty-handler:4.1.93.Final) with ExternalDependencyInstrumentingArtifactTransform
[        ] Transforming commons-codec-1.11.jar (commons-codec:commons-codec:1.11) with InstrumentationAnalysisTransform
[        ] Transforming netty-transport-native-unix-common-4.1.93.Final.jar (io.netty:netty-transport-native-unix-common:4.1.93.Final) with ExternalDependencyInstrumentingArtifactTransform
[        ] Transforming commons-codec-1.11.jar (commons-codec:commons-codec:1.11) with MergeInstrumentationAnalysisTransform
[        ] Transforming apksig-8.7.3.jar (com.android.tools.build:apksig:8.7.3) with InstrumentationAnalysisTransform
[        ] Transforming checker-qual-3.33.0.jar (org.checkerframework:checker-qual:3.33.0) with ExternalDependencyInstrumentingArtifactTransform
[        ] Transforming apksig-8.7.3.jar (com.android.tools.build:apksig:8.7.3) with MergeInstrumentationAnalysisTransform
[        ] Transforming javawriter-2.5.0.jar (com.squareup:javawriter:2.5.0) with InstrumentationAnalysisTransform
[        ] Transforming commons-codec-1.11.jar (commons-codec:commons-codec:1.11) with ExternalDependencyInstrumentingArtifactTransform
[        ] Transforming javawriter-2.5.0.jar (com.squareup:javawriter:2.5.0) with MergeInstrumentationAnalysisTransform
[        ] Transforming kotlin-gradle-plugin-annotations-2.1.0.jar (org.jetbrains.kotlin:kotlin-gradle-plugin-annotations:2.1.0) with InstrumentationAnalysisTransform
[        ] Transforming apksig-8.7.3.jar (com.android.tools.build:apksig:8.7.3) with ExternalDependencyInstrumentingArtifactTransform
[        ] Transforming kotlin-gradle-plugin-annotations-2.1.0.jar (org.jetbrains.kotlin:kotlin-gradle-plugin-annotations:2.1.0) with MergeInstrumentationAnalysisTransform
[        ] Transforming kotlin-native-utils-2.1.0.jar (org.jetbrains.kotlin:kotlin-native-utils:2.1.0) with InstrumentationAnalysisTransform
[        ] Transforming kotlin-native-utils-2.1.0.jar (org.jetbrains.kotlin:kotlin-native-utils:2.1.0) with MergeInstrumentationAnalysisTransform
[        ] Transforming kotlin-tooling-core-2.1.0.jar (org.jetbrains.kotlin:kotlin-tooling-core:2.1.0) with InstrumentationAnalysisTransform
[        ] Transforming javawriter-2.5.0.jar (com.squareup:javawriter:2.5.0) with ExternalDependencyInstrumentingArtifactTransform
[        ] Transforming kotlin-gradle-plugin-annotations-2.1.0.jar (org.jetbrains.kotlin:kotlin-gradle-plugin-annotations:2.1.0) with ExternalDependencyInstrumentingArtifactTransform
[        ] Transforming kotlin-tooling-core-2.1.0.jar (org.jetbrains.kotlin:kotlin-tooling-core:2.1.0) with MergeInstrumentationAnalysisTransform
[        ] Transforming kotlin-native-utils-2.1.0.jar (org.jetbrains.kotlin:kotlin-native-utils:2.1.0) with ExternalDependencyInstrumentingArtifactTransform
[        ] Transforming kotlin-build-tools-api-2.1.0.jar (org.jetbrains.kotlin:kotlin-build-tools-api:2.1.0) with InstrumentationAnalysisTransform
[        ] Transforming kotlin-build-tools-api-2.1.0.jar (org.jetbrains.kotlin:kotlin-build-tools-api:2.1.0) with MergeInstrumentationAnalysisTransform
[        ] Transforming kotlin-util-klib-2.1.0.jar (org.jetbrains.kotlin:kotlin-util-klib:2.1.0) with InstrumentationAnalysisTransform
[        ] Transforming kotlin-util-klib-2.1.0.jar (org.jetbrains.kotlin:kotlin-util-klib:2.1.0) with MergeInstrumentationAnalysisTransform
[        ] Transforming kotlin-util-io-2.1.0.jar (org.jetbrains.kotlin:kotlin-util-io:2.1.0) with InstrumentationAnalysisTransform
[        ] Transforming kotlin-util-io-2.1.0.jar (org.jetbrains.kotlin:kotlin-util-io:2.1.0) with MergeInstrumentationAnalysisTransform
[        ] Transforming kotlin-build-tools-api-2.1.0.jar (org.jetbrains.kotlin:kotlin-build-tools-api:2.1.0) with ExternalDependencyInstrumentingArtifactTransform
[        ] Transforming kotlin-daemon-client-2.1.0.jar (org.jetbrains.kotlin:kotlin-daemon-client:2.1.0) with InstrumentationAnalysisTransform
[        ] Transforming kotlin-tooling-core-2.1.0.jar (org.jetbrains.kotlin:kotlin-tooling-core:2.1.0) with ExternalDependencyInstrumentingArtifactTransform
[   +1 ms] Transforming kotlin-util-io-2.1.0.jar (org.jetbrains.kotlin:kotlin-util-io:2.1.0) with ExternalDependencyInstrumentingArtifactTransform
[        ] Transforming kotlin-util-klib-2.1.0.jar (org.jetbrains.kotlin:kotlin-util-klib:2.1.0) with ExternalDependencyInstrumentingArtifactTransform
[        ] Transforming kotlin-daemon-client-2.1.0.jar (org.jetbrains.kotlin:kotlin-daemon-client:2.1.0) with MergeInstrumentationAnalysisTransform
[        ] Transforming kotlinx-coroutines-core-jvm-1.6.4.jar (org.jetbrains.kotlinx:kotlinx-coroutines-core-jvm:1.6.4) with InstrumentationAnalysisTransform
[        ] Transforming kotlinx-coroutines-core-jvm-1.6.4.jar (org.jetbrains.kotlinx:kotlinx-coroutines-core-jvm:1.6.4) with MergeInstrumentationAnalysisTransform
[        ] Transforming failureaccess-1.0.1.jar (com.google.guava:failureaccess:1.0.1) with InstrumentationAnalysisTransform
[        ] Transforming kotlin-daemon-client-2.1.0.jar (org.jetbrains.kotlin:kotlin-daemon-client:2.1.0) with ExternalDependencyInstrumentingArtifactTransform
[        ] Transforming failureaccess-1.0.1.jar (com.google.guava:failureaccess:1.0.1) with MergeInstrumentationAnalysisTransform
[        ] Transforming listenablefuture-9999.0-empty-to-avoid-conflict-with-guava.jar (com.google.guava:listenablefuture:9999.0-empty-to-avoid-conflict-with-guava) with InstrumentationAnalysisTransform
[        ] Transforming listenablefuture-9999.0-empty-to-avoid-conflict-with-guava.jar (com.google.guava:listenablefuture:9999.0-empty-to-avoid-conflict-with-guava) with MergeInstrumentationAnalysisTransform
[        ] Transforming commons-logging-1.2.jar (commons-logging:commons-logging:1.2) with InstrumentationAnalysisTransform
[        ] Transforming commons-logging-1.2.jar (commons-logging:commons-logging:1.2) with MergeInstrumentationAnalysisTransform
[        ] Transforming jna-5.6.0.jar (net.java.dev.jna:jna:5.6.0) with InstrumentationAnalysisTransform
[        ] Transforming kotlinx-coroutines-core-jvm-1.6.4.jar (org.jetbrains.kotlinx:kotlinx-coroutines-core-jvm:1.6.4) with ExternalDependencyInstrumentingArtifactTransform
[        ] Transforming jna-5.6.0.jar (net.java.dev.jna:jna:5.6.0) with MergeInstrumentationAnalysisTransform
[   +1 ms] Transforming netty-codec-socks-4.1.93.Final.jar (io.netty:netty-codec-socks:4.1.93.Final) with InstrumentationAnalysisTransform
[        ] Transforming commons-logging-1.2.jar (commons-logging:commons-logging:1.2) with ExternalDependencyInstrumentingArtifactTransform
[        ] Transforming netty-codec-socks-4.1.93.Final.jar (io.netty:netty-codec-socks:4.1.93.Final) with MergeInstrumentationAnalysisTransform
[        ] Transforming netty-codec-4.1.93.Final.jar (io.netty:netty-codec:4.1.93.Final) with InstrumentationAnalysisTransform
[        ] Transforming listenablefuture-9999.0-empty-to-avoid-conflict-with-guava.jar (com.google.guava:listenablefuture:9999.0-empty-to-avoid-conflict-with-guava) with ExternalDependencyInstrumentingArtifactTransform
[        ] Transforming netty-codec-4.1.93.Final.jar (io.netty:netty-codec:4.1.93.Final) with MergeInstrumentationAnalysisTransform
[        ] Transforming jna-5.6.0.jar (net.java.dev.jna:jna:5.6.0) with ExternalDependencyInstrumentingArtifactTransform
[        ] Transforming failureaccess-1.0.1.jar (com.google.guava:failureaccess:1.0.1) with ExternalDependencyInstrumentingArtifactTransform
[        ] Transforming netty-codec-socks-4.1.93.Final.jar (io.netty:netty-codec-socks:4.1.93.Final) with ExternalDependencyInstrumentingArtifactTransform
[        ] Transforming netty-codec-4.1.93.Final.jar (io.netty:netty-codec:4.1.93.Final) with ExternalDependencyInstrumentingArtifactTransform
[        ] Transforming netty-transport-4.1.93.Final.jar (io.netty:netty-transport:4.1.93.Final) with InstrumentationAnalysisTransform
[        ] Transforming netty-transport-4.1.93.Final.jar (io.netty:netty-transport:4.1.93.Final) with MergeInstrumentationAnalysisTransform
[        ] Transforming netty-buffer-4.1.93.Final.jar (io.netty:netty-buffer:4.1.93.Final) with InstrumentationAnalysisTransform
[        ] Transforming netty-buffer-4.1.93.Final.jar (io.netty:netty-buffer:4.1.93.Final) with MergeInstrumentationAnalysisTransform
[        ] Transforming netty-resolver-4.1.93.Final.jar (io.netty:netty-resolver:4.1.93.Final) with InstrumentationAnalysisTransform
[        ] Transforming netty-transport-4.1.93.Final.jar (io.netty:netty-transport:4.1.93.Final) with ExternalDependencyInstrumentingArtifactTransform
[        ] Transforming netty-resolver-4.1.93.Final.jar (io.netty:netty-resolver:4.1.93.Final) with MergeInstrumentationAnalysisTransform
[        ] Transforming netty-common-4.1.93.Final.jar (io.netty:netty-common:4.1.93.Final) with InstrumentationAnalysisTransform
[        ] Transforming netty-common-4.1.93.Final.jar (io.netty:netty-common:4.1.93.Final) with MergeInstrumentationAnalysisTransform
[        ] Transforming netty-buffer-4.1.93.Final.jar (io.netty:netty-buffer:4.1.93.Final) with ExternalDependencyInstrumentingArtifactTransform
[        ] Transforming netty-common-4.1.93.Final.jar (io.netty:netty-common:4.1.93.Final) with ExternalDependencyInstrumentingArtifactTransform
[        ] Transforming netty-resolver-4.1.93.Final.jar (io.netty:netty-resolver:4.1.93.Final) with ExternalDependencyInstrumentingArtifactTransform
[        ] Transforming gradle-1.0.0.jar (project :gradle) with ProjectDependencyInstrumentingArtifactTransform
[  +18 ms] Settings evaluated using settings file 'C:\Users\jakao\Proyectos\app_gestor\android\settings.gradle.kts'.
[        ] Projects loaded. Root project using build file 'C:\Users\jakao\Proyectos\app_gestor\android\build.gradle.kts'.
[        ] Included projects: [root project 'android', project ':app', project ':device_info_plus', project ':file_picker', project ':flutter_plugin_android_lifecycle', project ':image_picker_android', project ':mobile_scanner', project ':package_info_plus', project ':path_provider_android', project ':printing', project ':share_plus', project ':shared_preferences_android', project ':sqflite_android', project ':url_launcher_android', project ':vibration']
[ +792 ms] > Configure project :app
[        ] Evaluating project ':app' using build file 'C:\Users\jakao\Proyectos\app_gestor\android\app\build.gradle.kts'.
[        ] WARNING: The option setting 'android.defaults.buildfeatures.buildconfig=true' is deprecated.
[        ] The current default is 'false'.
[        ] It will be removed in version 9.0 of the Android Gradle plugin.
[        ] To keep using this feature, add the following to your module-level build.gradle files:
[        ]     android.buildFeatures.buildConfig = true
[        ] or from Android Studio, click: `Refactor` > `Migrate BuildConfig to Gradle Build Files`.
[        ] Using default execution profile
[        ] Using Kotlin Gradle Plugin gradle85 variant
[        ] Build was configured to prefer settings repositories over project repositories but repository 'maven2' was added by plugin 'dev.flutter.flutter-gradle-plugin'
[        ] Build was configured to prefer settings repositories over project repositories but repository 'maven2' was added by plugin 'dev.flutter.flutter-gradle-plugin'
[        ] Build was configured to prefer settings repositories over project repositories but repository 'maven2' was added by plugin 'dev.flutter.flutter-gradle-plugin'
[        ] Build was configured to prefer settings repositories over project repositories but repository 'maven2' was added by plugin 'dev.flutter.flutter-gradle-plugin'
[        ] Build was configured to prefer settings repositories over project repositories but repository 'maven2' was added by plugin 'dev.flutter.flutter-gradle-plugin'
[        ] Build was configured to prefer settings repositories over project repositories but repository 'maven2' was added by plugin 'dev.flutter.flutter-gradle-plugin'
[        ] Build was configured to prefer settings repositories over project repositories but repository 'maven2' was added by plugin 'dev.flutter.flutter-gradle-plugin'
[        ] Build was configured to prefer settings repositories over project repositories but repository 'maven2' was added by plugin 'dev.flutter.flutter-gradle-plugin'
[        ] Build was configured to prefer settings repositories over project repositories but repository 'maven2' was added by plugin 'dev.flutter.flutter-gradle-plugin'
[        ] Build was configured to prefer settings repositories over project repositories but repository 'maven2' was added by plugin 'dev.flutter.flutter-gradle-plugin'
[        ] Build was configured to prefer settings repositories over project repositories but repository 'maven2' was added by plugin 'dev.flutter.flutter-gradle-plugin'
[        ] Build was configured to prefer settings repositories over project repositories but repository 'maven2' was added by plugin 'dev.flutter.flutter-gradle-plugin'
[        ] Build was configured to prefer settings repositories over project repositories but repository 'maven2' was added by plugin 'dev.flutter.flutter-gradle-plugin'
[        ] Build was configured to prefer settings repositories over project repositories but repository 'maven2' was added by plugin 'dev.flutter.flutter-gradle-plugin'
[        ] Build was configured to prefer settings repositories over project repositories but repository 'maven2' was added by plugin 'dev.flutter.flutter-gradle-plugin'
[        ] C/C++: android.ndkVersion from module build.gradle is [27.0.12077973]
[        ] C/C++: android.ndkPath from module build.gradle is not set
[        ] C/C++: ndk.dir in local.properties is not set
[        ] C/C++: Not considering ANDROID_NDK_HOME because support was removed after deprecation period.
[        ] C/C++: sdkFolder is C:\Users\jakao\AppData\Local\Android\sdk
[        ] C/C++: android.ndkVersion from module build.gradle is [27.0.12077973]
[        ] C/C++: android.ndkPath from module build.gradle is not set
[        ] C/C++: ndk.dir in local.properties is not set
[        ] C/C++: Not considering ANDROID_NDK_HOME because support was removed after deprecation period.
[        ] C/C++: sdkFolder is C:\Users\jakao\AppData\Local\Android\sdk
[        ] C/C++: android.ndkVersion from module build.gradle is [27.0.12077973]
[        ] C/C++: android.ndkPath from module build.gradle is not set
[        ] C/C++: ndk.dir in local.properties is not set
[        ] C/C++: Not considering ANDROID_NDK_HOME because support was removed after deprecation period.
[        ] C/C++: sdkFolder is C:\Users\jakao\AppData\Local\Android\sdk
[        ] C/C++: android.ndkVersion from module build.gradle is [27.0.12077973]
[        ] C/C++: android.ndkPath from module build.gradle is not set
[        ] C/C++: ndk.dir in local.properties is not set
[        ] C/C++: Not considering ANDROID_NDK_HOME because support was removed after deprecation period.
[        ] C/C++: sdkFolder is C:\Users\jakao\AppData\Local\Android\sdk
[        ] C/C++: android.ndkVersion from module build.gradle is [27.0.12077973]
[        ] C/C++: android.ndkPath from module build.gradle is not set
[        ] C/C++: ndk.dir in local.properties is not set
[        ] C/C++: Not considering ANDROID_NDK_HOME because support was removed after deprecation period.
[        ] C/C++: sdkFolder is C:\Users\jakao\AppData\Local\Android\sdk
[        ] C/C++: android.ndkVersion from module build.gradle is [27.0.12077973]
[        ] C/C++: android.ndkPath from module build.gradle is not set
[        ] C/C++: ndk.dir in local.properties is not set
[        ] C/C++: Not considering ANDROID_NDK_HOME because support was removed after deprecation period.
[        ] C/C++: sdkFolder is C:\Users\jakao\AppData\Local\Android\sdk
[        ] C/C++: android.ndkVersion from module build.gradle is [27.0.12077973]
[        ] C/C++: android.ndkPath from module build.gradle is not set
[        ] C/C++: ndk.dir in local.properties is not set
[        ] C/C++: Not considering ANDROID_NDK_HOME because support was removed after deprecation period.
[        ] C/C++: sdkFolder is C:\Users\jakao\AppData\Local\Android\sdk
[        ] C/C++: android.ndkVersion from module build.gradle is [27.0.12077973]
[        ] C/C++: android.ndkPath from module build.gradle is not set
[        ] C/C++: ndk.dir in local.properties is not set
[        ] C/C++: Not considering ANDROID_NDK_HOME because support was removed after deprecation period.
[        ] C/C++: sdkFolder is C:\Users\jakao\AppData\Local\Android\sdk
[        ] C/C++: android.ndkVersion from module build.gradle is [27.0.12077973]
[        ] C/C++: android.ndkPath from module build.gradle is not set
[        ] C/C++: ndk.dir in local.properties is not set
[        ] C/C++: Not considering ANDROID_NDK_HOME because support was removed after deprecation period.
[        ] C/C++: sdkFolder is C:\Users\jakao\AppData\Local\Android\sdk
[        ] C/C++: android.ndkVersion from module build.gradle is [27.0.12077973]
[        ] C/C++: android.ndkPath from module build.gradle is not set
[        ] C/C++: ndk.dir in local.properties is not set
[        ] C/C++: Not considering ANDROID_NDK_HOME because support was removed after deprecation period.
[        ] C/C++: sdkFolder is C:\Users\jakao\AppData\Local\Android\sdk
[        ] C/C++: android.ndkVersion from module build.gradle is [27.0.12077973]
[        ] C/C++: android.ndkPath from module build.gradle is not set
[        ] C/C++: ndk.dir in local.properties is not set
[        ] C/C++: Not considering ANDROID_NDK_HOME because support was removed after deprecation period.
[        ] C/C++: sdkFolder is C:\Users\jakao\AppData\Local\Android\sdk
[        ] C/C++: android.ndkVersion from module build.gradle is [27.0.12077973]
[        ] C/C++: android.ndkPath from module build.gradle is not set
[        ] C/C++: ndk.dir in local.properties is not set
[        ] C/C++: Not considering ANDROID_NDK_HOME because support was removed after deprecation period.
[        ] C/C++: sdkFolder is C:\Users\jakao\AppData\Local\Android\sdk
[        ] C/C++: android.ndkVersion from module build.gradle is [27.0.12077973]
[        ] C/C++: android.ndkPath from module build.gradle is not set
[        ] C/C++: ndk.dir in local.properties is not set
[        ] C/C++: Not considering ANDROID_NDK_HOME because support was removed after deprecation period.
[        ] C/C++: sdkFolder is C:\Users\jakao\AppData\Local\Android\sdk
[        ] C/C++: android.ndkVersion from module build.gradle is [27.0.12077973]
[        ] C/C++: android.ndkPath from module build.gradle is not set
[        ] C/C++: ndk.dir in local.properties is not set
[        ] C/C++: Not considering ANDROID_NDK_HOME because support was removed after deprecation period.
[        ] C/C++: sdkFolder is C:\Users\jakao\AppData\Local\Android\sdk
[        ] C/C++: android.ndkVersion from module build.gradle is [27.0.12077973]
[        ] C/C++: android.ndkPath from module build.gradle is not set
[        ] C/C++: ndk.dir in local.properties is not set
[        ] C/C++: Not considering ANDROID_NDK_HOME because support was removed after deprecation period.
[        ] C/C++: sdkFolder is C:\Users\jakao\AppData\Local\Android\sdk
[        ] C/C++: android.ndkVersion from module build.gradle is [27.0.12077973]
[        ] C/C++: android.ndkPath from module build.gradle is not set
[        ] C/C++: ndk.dir in local.properties is not set
[        ] C/C++: Not considering ANDROID_NDK_HOME because support was removed after deprecation period.
[        ] C/C++: sdkFolder is C:\Users\jakao\AppData\Local\Android\sdk
[        ] C/C++: android.ndkVersion from module build.gradle is [27.0.12077973]
[        ] C/C++: android.ndkPath from module build.gradle is not set
[        ] C/C++: ndk.dir in local.properties is not set
[        ] C/C++: Not considering ANDROID_NDK_HOME because support was removed after deprecation period.
[        ] C/C++: sdkFolder is C:\Users\jakao\AppData\Local\Android\sdk
[        ] C/C++: android.ndkVersion from module build.gradle is [27.0.12077973]
[        ] C/C++: android.ndkPath from module build.gradle is not set
[        ] C/C++: ndk.dir in local.properties is not set
[        ] C/C++: Not considering ANDROID_NDK_HOME because support was removed after deprecation period.
[        ] C/C++: sdkFolder is C:\Users\jakao\AppData\Local\Android\sdk
[        ] C/C++: android.ndkVersion from module build.gradle is [27.0.12077973]
[        ] C/C++: android.ndkPath from module build.gradle is not set
[        ] C/C++: ndk.dir in local.properties is not set
[        ] C/C++: Not considering ANDROID_NDK_HOME because support was removed after deprecation period.
[        ] C/C++: sdkFolder is C:\Users\jakao\AppData\Local\Android\sdk
[        ] > Configure project :
[        ] Evaluating root project 'android' using build file 'C:\Users\jakao\Proyectos\app_gestor\android\build.gradle.kts'.
[        ] Transforming gradle-8.4.0.jar (com.android.tools.build:gradle:8.4.0) with InstrumentationAnalysisTransform
[        ] Transforming kotlin-gradle-plugin-model-1.9.24.jar (org.jetbrains.kotlin:kotlin-gradle-plugin-model:1.9.24) with InstrumentationAnalysisTransform
[        ] Transforming kotlin-gradle-plugin-api-1.9.24.jar (org.jetbrains.kotlin:kotlin-gradle-plugin-api:1.9.24) with InstrumentationAnalysisTransform
[        ] Transforming kotlin-gradle-plugin-1.9.24-gradle82.jar (org.jetbrains.kotlin:kotlin-gradle-plugin:1.9.24) with InstrumentationAnalysisTransform
[        ] Transforming gradle-settings-api-8.4.0.jar (com.android.tools.build:gradle-settings-api:8.4.0) with InstrumentationAnalysisTransform
[        ] Transforming lint-model-31.4.0.jar (com.android.tools.lint:lint-model:31.4.0) with InstrumentationAnalysisTransform
[        ] Transforming builder-8.4.0.jar (com.android.tools.build:builder:8.4.0) with InstrumentationAnalysisTransform
[        ] Transforming manifest-merger-31.4.0.jar (com.android.tools.build:manifest-merger:31.4.0) with InstrumentationAnalysisTransform
[        ] Transforming sdk-common-31.4.0.jar (com.android.tools:sdk-common:31.4.0) with InstrumentationAnalysisTransform
[        ] Transforming sdklib-31.4.0.jar (com.android.tools:sdklib:31.4.0) with InstrumentationAnalysisTransform
[        ] Transforming repository-31.4.0.jar (com.android.tools:repository:31.4.0) with InstrumentationAnalysisTransform
[        ] Transforming aaptcompiler-8.4.0.jar (com.android.tools.build:aaptcompiler:8.4.0) with InstrumentationAnalysisTransform
[        ] Transforming tracker-31.4.0.jar (com.android.tools.analytics-library:tracker:31.4.0) with InstrumentationAnalysisTransform
[        ] Transforming shared-31.4.0.jar (com.android.tools.analytics-library:shared:31.4.0) with InstrumentationAnalysisTransform
[        ] Transforming databinding-compiler-common-8.4.0.jar (androidx.databinding:databinding-compiler-common:8.4.0) with InstrumentationAnalysisTransform
[        ] Transforming android-test-plugin-host-emulator-control-proto-31.4.0.jar (com.android.tools.utp:android-test-plugin-host-emulator-control-proto:31.4.0) with InstrumentationAnalysisTransform
[        ] Transforming android-test-plugin-host-retention-proto-31.4.0.jar (com.android.tools.utp:android-test-plugin-host-retention-proto:31.4.0) with InstrumentationAnalysisTransform
[        ] Transforming builder-model-8.4.0.jar (com.android.tools.build:builder-model:8.4.0) with InstrumentationAnalysisTransform
[        ] Transforming gradle-api-8.4.0.jar (com.android.tools.build:gradle-api:8.4.0) with InstrumentationAnalysisTransform
[        ] Transforming builder-test-api-8.4.0.jar (com.android.tools.build:builder-test-api:8.4.0) with InstrumentationAnalysisTransform
[        ] Transforming ddmlib-31.4.0.jar (com.android.tools.ddms:ddmlib:31.4.0) with InstrumentationAnalysisTransform
[        ] Transforming layoutlib-api-31.4.0.jar (com.android.tools.layoutlib:layoutlib-api:31.4.0) with InstrumentationAnalysisTransform
[        ] Transforming dvlib-31.4.0.jar (com.android.tools:dvlib:31.4.0) with InstrumentationAnalysisTransform
[        ] Transforming common-31.4.0.jar (com.android.tools:common:31.4.0) with InstrumentationAnalysisTransform
[        ] Transforming kotlin-stdlib-jdk8-1.9.20.jar (org.jetbrains.kotlin:kotlin-stdlib-jdk8:1.9.20) with InstrumentationAnalysisTransform
[        ] Transforming jetifier-processor-1.0.0-beta10.jar (com.android.tools.build.jetifier:jetifier-processor:1.0.0-beta10) with InstrumentationAnalysisTransform
[        ] Transforming jetifier-core-1.0.0-beta10.jar (com.android.tools.build.jetifier:jetifier-core:1.0.0-beta10) with InstrumentationAnalysisTransform
[        ] Transforming kotlin-reflect-1.9.23.jar (org.jetbrains.kotlin:kotlin-reflect:1.9.23) with InstrumentationAnalysisTransform
[        ] Transforming kotlin-stdlib-jdk7-1.9.20.jar (org.jetbrains.kotlin:kotlin-stdlib-jdk7:1.9.20) with InstrumentationAnalysisTransform
[        ] Transforming kotlin-stdlib-1.9.23.jar (org.jetbrains.kotlin:kotlin-stdlib:1.9.23) with InstrumentationAnalysisTransform
[        ] Transforming annotations-13.0.jar (org.jetbrains:annotations:13.0) with InstrumentationAnalysisTransform
[        ] Transforming bundletool-1.15.6.jar (com.android.tools.build:bundletool:1.15.6) with InstrumentationAnalysisTransform
[        ] Transforming aapt2-proto-8.4.0-11315950.jar (com.android.tools.build:aapt2-proto:8.4.0-11315950) with InstrumentationAnalysisTransform
[        ] Transforming crash-31.4.0.jar (com.android.tools.analytics-library:crash:31.4.0) with InstrumentationAnalysisTransform
[        ] Transforming lint-typedef-remover-31.4.0.jar (com.android.tools.lint:lint-typedef-remover:31.4.0) with InstrumentationAnalysisTransform
[        ] Transforming databinding-common-8.4.0.jar (androidx.databinding:databinding-common:8.4.0) with InstrumentationAnalysisTransform
[        ] Transforming baseLibrary-8.4.0.jar (com.android.databinding:baseLibrary:8.4.0) with InstrumentationAnalysisTransform
[        ] Transforming android-device-provider-ddmlib-proto-31.4.0.jar (com.android.tools.utp:android-device-provider-ddmlib-proto:31.4.0) with InstrumentationAnalysisTransform
[        ] Transforming android-device-provider-gradle-proto-31.4.0.jar (com.android.tools.utp:android-device-provider-gradle-proto:31.4.0) with InstrumentationAnalysisTransform
[        ] Transforming android-test-plugin-host-additional-test-output-proto-31.4.0.jar (com.android.tools.utp:android-test-plugin-host-additional-test-output-proto:31.4.0) with InstrumentationAnalysisTransform
[        ] Transforming android-test-plugin-host-coverage-proto-31.4.0.jar (com.android.tools.utp:android-test-plugin-host-coverage-proto:31.4.0) with InstrumentationAnalysisTransform
[        ] Transforming android-test-plugin-host-logcat-proto-31.4.0.jar (com.android.tools.utp:android-test-plugin-host-logcat-proto:31.4.0) with InstrumentationAnalysisTransform
[        ] Transforming android-test-plugin-host-apk-installer-proto-31.4.0.jar (com.android.tools.utp:android-test-plugin-host-apk-installer-proto:31.4.0) with InstrumentationAnalysisTransform
[        ] Transforming android-test-plugin-result-listener-gradle-proto-31.4.0.jar (com.android.tools.utp:android-test-plugin-result-listener-gradle-proto:31.4.0) with InstrumentationAnalysisTransform
[        ] Transforming transform-api-2.0.0-deprecated-use-gradle-api.jar (com.android.tools.build:transform-api:2.0.0-deprecated-use-gradle-api) with InstrumentationAnalysisTransform
[        ] Transforming httpmime-4.5.6.jar (org.apache.httpcomponents:httpmime:4.5.6) with InstrumentationAnalysisTransform
[        ] Transforming commons-io-2.13.0.jar (commons-io:commons-io:2.13.0) with InstrumentationAnalysisTransform
[        ] Transforming asm-commons-9.6.jar (org.ow2.asm:asm-commons:9.6) with InstrumentationAnalysisTransform
[        ] Transforming asm-util-9.6.jar (org.ow2.asm:asm-util:9.6) with InstrumentationAnalysisTransform
[        ] Transforming asm-analysis-9.6.jar (org.ow2.asm:asm-analysis:9.6) with InstrumentationAnalysisTransform
[        ] Transforming asm-tree-9.6.jar (org.ow2.asm:asm-tree:9.6) with InstrumentationAnalysisTransform
[        ] Transforming asm-9.6.jar (org.ow2.asm:asm:9.6) with InstrumentationAnalysisTransform
[        ] Transforming apkzlib-8.4.0.jar (com.android.tools.build:apkzlib:8.4.0) with InstrumentationAnalysisTransform
[        ] Transforming bcpkix-jdk18on-1.77.jar (org.bouncycastle:bcpkix-jdk18on:1.77) with InstrumentationAnalysisTransform
[        ] Transforming jaxb-runtime-2.3.2.jar (org.glassfish.jaxb:jaxb-runtime:2.3.2) with InstrumentationAnalysisTransform
[        ] Transforming jopt-simple-4.9.jar (net.sf.jopt-simple:jopt-simple:4.9) with InstrumentationAnalysisTransform
[        ] Transforming javapoet-1.10.0.jar (com.squareup:javapoet:1.10.0) with InstrumentationAnalysisTransform
[        ] Transforming protobuf-java-util-3.22.3.jar (com.google.protobuf:protobuf-java-util:3.22.3) with InstrumentationAnalysisTransform
[        ] Transforming grpc-protobuf-1.57.0.jar (io.grpc:grpc-protobuf:1.57.0) with InstrumentationAnalysisTransform
[        ] Transforming tink-1.7.0.jar (com.google.crypto.tink:tink:1.7.0) with InstrumentationAnalysisTransform
[        ] Transforming protos-31.4.0.jar (com.android.tools.analytics-library:protos:31.4.0) with InstrumentationAnalysisTransform
[        ] Transforming proto-google-common-protos-2.17.0.jar (com.google.api.grpc:proto-google-common-protos:2.17.0) with InstrumentationAnalysisTransform
[        ] Transforming protobuf-java-3.22.3.jar (com.google.protobuf:protobuf-java:3.22.3) with InstrumentationAnalysisTransform
[        ] Transforming grpc-netty-1.57.0.jar (io.grpc:grpc-netty:1.57.0) with InstrumentationAnalysisTransform
[        ] Transforming grpc-core-1.57.0.jar (io.grpc:grpc-core:1.57.0) with InstrumentationAnalysisTransform
[        ] Transforming gson-2.10.1.jar (com.google.code.gson:gson:2.10.1) with InstrumentationAnalysisTransform
[        ] Transforming grpc-stub-1.57.0.jar (io.grpc:grpc-stub:1.57.0) with InstrumentationAnalysisTransform
[        ] Transforming core-proto-0.0.9-alpha02.jar (com.google.testing.platform:core-proto:0.0.9-alpha02) with InstrumentationAnalysisTransform
[        ] Transforming kxml2-2.3.0.jar (net.sf.kxml:kxml2:2.3.0) with InstrumentationAnalysisTransform
[        ] Transforming tensorflow-lite-metadata-0.1.0-rc2.jar (org.tensorflow:tensorflow-lite-metadata:0.1.0-rc2) with InstrumentationAnalysisTransform
[        ] Transforming flatbuffers-java-1.12.0.jar (com.google.flatbuffers:flatbuffers-java:1.12.0) with InstrumentationAnalysisTransform
[        ] Transforming kotlin-gradle-plugin-idea-proto-1.9.24.jar (org.jetbrains.kotlin:kotlin-gradle-plugin-idea-proto:1.9.24) with InstrumentationAnalysisTransform
[        ] Transforming kotlin-gradle-plugin-idea-1.9.24.jar (org.jetbrains.kotlin:kotlin-gradle-plugin-idea:1.9.24) with InstrumentationAnalysisTransform
[        ] Transforming kotlin-klib-commonizer-api-1.9.24.jar (org.jetbrains.kotlin:kotlin-klib-commonizer-api:1.9.24) with InstrumentationAnalysisTransform
[        ] Transforming kotlin-native-utils-1.9.24.jar (org.jetbrains.kotlin:kotlin-native-utils:1.9.24) with InstrumentationAnalysisTransform
[        ] Transforming kotlin-util-klib-1.9.24.jar (org.jetbrains.kotlin:kotlin-util-klib:1.9.24) with InstrumentationAnalysisTransform
[        ] Transforming kotlin-build-tools-api-1.9.24.jar (org.jetbrains.kotlin:kotlin-build-tools-api:1.9.24) with InstrumentationAnalysisTransform
[        ] Transforming kotlin-android-extensions-1.9.24.jar (org.jetbrains.kotlin:kotlin-android-extensions:1.9.24) with InstrumentationAnalysisTransform
[        ] Transforming kotlin-compiler-runner-1.9.24.jar (org.jetbrains.kotlin:kotlin-compiler-runner:1.9.24) with InstrumentationAnalysisTransform
[        ] Transforming kotlin-compiler-embeddable-1.9.24.jar (org.jetbrains.kotlin:kotlin-compiler-embeddable:1.9.24) with InstrumentationAnalysisTransform
[        ] Transforming kotlin-scripting-compiler-embeddable-1.9.24.jar (org.jetbrains.kotlin:kotlin-scripting-compiler-embeddable:1.9.24) with InstrumentationAnalysisTransform
[        ] Transforming kotlin-scripting-compiler-impl-embeddable-1.9.24.jar (org.jetbrains.kotlin:kotlin-scripting-compiler-impl-embeddable:1.9.24) with InstrumentationAnalysisTransform
[        ] Transforming jimfs-1.1.jar (com.google.jimfs:jimfs:1.1) with InstrumentationAnalysisTransform
[        ] Transforming grpc-context-1.57.0.jar (io.grpc:grpc-context:1.57.0) with InstrumentationAnalysisTransform
[        ] Transforming grpc-protobuf-lite-1.57.0.jar (io.grpc:grpc-protobuf-lite:1.57.0) with InstrumentationAnalysisTransform
[        ] Transforming grpc-api-1.57.0.jar (io.grpc:grpc-api:1.57.0) with InstrumentationAnalysisTransform
[        ] Transforming guava-32.0.1-jre.jar (com.google.guava:guava:32.0.1-jre) with InstrumentationAnalysisTransform
[        ] Transforming dagger-2.28.3.jar (com.google.dagger:dagger:2.28.3) with InstrumentationAnalysisTransform
[        ] Transforming javax.inject-1.jar (javax.inject:javax.inject:1) with InstrumentationAnalysisTransform
[        ] Transforming bcutil-jdk18on-1.77.jar (org.bouncycastle:bcutil-jdk18on:1.77) with InstrumentationAnalysisTransform
[        ] Transforming bcprov-jdk18on-1.77.jar (org.bouncycastle:bcprov-jdk18on:1.77) with InstrumentationAnalysisTransform
[        ] Transforming trove4j-1.0.20200330.jar (org.jetbrains.intellij.deps:trove4j:1.0.20200330) with InstrumentationAnalysisTransform
[        ] Transforming commons-compress-1.21.jar (org.apache.commons:commons-compress:1.21) with InstrumentationAnalysisTransform
[        ] Transforming httpclient-4.5.14.jar (org.apache.httpcomponents:httpclient:4.5.14) with InstrumentationAnalysisTransform
[        ] Transforming httpcore-4.4.16.jar (org.apache.httpcomponents:httpcore:4.4.16) with InstrumentationAnalysisTransform
[        ] Transforming javax.activation-1.2.0.jar (com.sun.activation:javax.activation:1.2.0) with InstrumentationAnalysisTransform
[        ] Transforming signflinger-8.4.0.jar (com.android:signflinger:8.4.0) with InstrumentationAnalysisTransform
[        ] Transforming zipflinger-8.4.0.jar (com.android:zipflinger:8.4.0) with InstrumentationAnalysisTransform
[        ] Transforming annotations-31.4.0.jar (com.android.tools:annotations:31.4.0) with InstrumentationAnalysisTransform
[        ] Transforming jna-platform-5.6.0.jar (net.java.dev.jna:jna-platform:5.6.0) with InstrumentationAnalysisTransform
[        ] Transforming juniversalchardet-1.0.3.jar (com.googlecode.juniversalchardet:juniversalchardet:1.0.3) with InstrumentationAnalysisTransform
[        ] Transforming javax.annotation-api-1.3.2.jar (javax.annotation:javax.annotation-api:1.3.2) with InstrumentationAnalysisTransform
[        ] Transforming stax-ex-1.8.1.jar (org.jvnet.staxex:stax-ex:1.8.1) with InstrumentationAnalysisTransform
[        ] Transforming jakarta.xml.bind-api-2.3.2.jar (jakarta.xml.bind:jakarta.xml.bind-api:2.3.2) with InstrumentationAnalysisTransform
[        ] Transforming txw2-2.3.2.jar (org.glassfish.jaxb:txw2:2.3.2) with InstrumentationAnalysisTransform
[        ] Transforming istack-commons-runtime-3.0.8.jar (com.sun.istack:istack-commons-runtime:3.0.8) with InstrumentationAnalysisTransform
[        ] Transforming FastInfoset-1.2.16.jar (com.sun.xml.fastinfoset:FastInfoset:1.2.16) with InstrumentationAnalysisTransform
[        ] Transforming jakarta.activation-api-1.2.1.jar (jakarta.activation:jakarta.activation-api:1.2.1) with InstrumentationAnalysisTransform
[        ] Transforming auto-value-annotations-1.6.2.jar (com.google.auto.value:auto-value-annotations:1.6.2) with InstrumentationAnalysisTransform
[        ] Transforming error_prone_annotations-2.18.0.jar (com.google.errorprone:error_prone_annotations:2.18.0) with InstrumentationAnalysisTransform
[        ] Transforming jose4j-0.7.0.jar (org.bitbucket.b_c:jose4j:0.7.0) with InstrumentationAnalysisTransform
[        ] Transforming slf4j-api-1.7.30.jar (org.slf4j:slf4j-api:1.7.30) with InstrumentationAnalysisTransform
[        ] Transforming jdom2-2.0.6.jar (org.jdom:jdom2:2.0.6) with InstrumentationAnalysisTransform
[        ] Transforming jsr305-3.0.2.jar (com.google.code.findbugs:jsr305:3.0.2) with InstrumentationAnalysisTransform
[        ] Transforming j2objc-annotations-2.8.jar (com.google.j2objc:j2objc-annotations:2.8) with InstrumentationAnalysisTransform
[        ] Transforming annotations-4.1.1.4.jar (com.google.android:annotations:4.1.1.4) with InstrumentationAnalysisTransform
[        ] Transforming animal-sniffer-annotations-1.23.jar (org.codehaus.mojo:animal-sniffer-annotations:1.23) with InstrumentationAnalysisTransform
[        ] Transforming perfmark-api-0.26.0.jar (io.perfmark:perfmark-api:0.26.0) with InstrumentationAnalysisTransform
[        ] Transforming netty-codec-http2-4.1.93.Final.jar (io.netty:netty-codec-http2:4.1.93.Final) with InstrumentationAnalysisTransform
[        ] Transforming netty-handler-proxy-4.1.93.Final.jar (io.netty:netty-handler-proxy:4.1.93.Final) with InstrumentationAnalysisTransform
[        ] Transforming netty-codec-http-4.1.93.Final.jar (io.netty:netty-codec-http:4.1.93.Final) with InstrumentationAnalysisTransform
[        ] Transforming netty-handler-4.1.93.Final.jar (io.netty:netty-handler:4.1.93.Final) with InstrumentationAnalysisTransform
[        ] Transforming netty-transport-native-unix-common-4.1.93.Final.jar (io.netty:netty-transport-native-unix-common:4.1.93.Final) with InstrumentationAnalysisTransform
[        ] Transforming checker-qual-3.33.0.jar (org.checkerframework:checker-qual:3.33.0) with InstrumentationAnalysisTransform
[        ] Transforming commons-codec-1.11.jar (commons-codec:commons-codec:1.11) with InstrumentationAnalysisTransform
[        ] Transforming apksig-8.4.0.jar (com.android.tools.build:apksig:8.4.0) with InstrumentationAnalysisTransform
[        ] Transforming javawriter-2.5.0.jar (com.squareup:javawriter:2.5.0) with InstrumentationAnalysisTransform
[        ] Transforming kotlin-gradle-plugin-annotations-1.9.24.jar (org.jetbrains.kotlin:kotlin-gradle-plugin-annotations:1.9.24) with InstrumentationAnalysisTransform
[        ] Transforming kotlin-project-model-1.9.24.jar (org.jetbrains.kotlin:kotlin-project-model:1.9.24) with InstrumentationAnalysisTransform
[        ] Transforming kotlin-tooling-core-1.9.24.jar (org.jetbrains.kotlin:kotlin-tooling-core:1.9.24) with InstrumentationAnalysisTransform
[        ] Transforming kotlin-util-io-1.9.24.jar (org.jetbrains.kotlin:kotlin-util-io:1.9.24) with InstrumentationAnalysisTransform
[        ] Transforming kotlin-daemon-embeddable-1.9.24.jar (org.jetbrains.kotlin:kotlin-daemon-embeddable:1.9.24) with InstrumentationAnalysisTransform
[        ] Transforming kotlin-daemon-client-1.9.24.jar (org.jetbrains.kotlin:kotlin-daemon-client:1.9.24) with InstrumentationAnalysisTransform
[        ] Transforming kotlinx-coroutines-core-jvm-1.5.0.jar (org.jetbrains.kotlinx:kotlinx-coroutines-core-jvm:1.5.0) with InstrumentationAnalysisTransform
[        ] Transforming kotlin-scripting-jvm-1.9.24.jar (org.jetbrains.kotlin:kotlin-scripting-jvm:1.9.24) with InstrumentationAnalysisTransform
[        ] Transforming kotlin-scripting-common-1.9.24.jar (org.jetbrains.kotlin:kotlin-scripting-common:1.9.24) with InstrumentationAnalysisTransform
[        ] Transforming failureaccess-1.0.1.jar (com.google.guava:failureaccess:1.0.1) with InstrumentationAnalysisTransform
[        ] Transforming listenablefuture-9999.0-empty-to-avoid-conflict-with-guava.jar (com.google.guava:listenablefuture:9999.0-empty-to-avoid-conflict-with-guava) with InstrumentationAnalysisTransform
[        ] Transforming commons-logging-1.2.jar (commons-logging:commons-logging:1.2) with InstrumentationAnalysisTransform
[        ] Transforming jna-5.6.0.jar (net.java.dev.jna:jna:5.6.0) with InstrumentationAnalysisTransform
[        ] Transforming netty-codec-socks-4.1.93.Final.jar (io.netty:netty-codec-socks:4.1.93.Final) with InstrumentationAnalysisTransform
[        ] Transforming netty-codec-4.1.93.Final.jar (io.netty:netty-codec:4.1.93.Final) with InstrumentationAnalysisTransform
[        ] Transforming netty-transport-4.1.93.Final.jar (io.netty:netty-transport:4.1.93.Final) with InstrumentationAnalysisTransform
[        ] Transforming netty-buffer-4.1.93.Final.jar (io.netty:netty-buffer:4.1.93.Final) with InstrumentationAnalysisTransform
[        ] Transforming netty-resolver-4.1.93.Final.jar (io.netty:netty-resolver:4.1.93.Final) with InstrumentationAnalysisTransform
[        ] Transforming netty-common-4.1.93.Final.jar (io.netty:netty-common:4.1.93.Final) with InstrumentationAnalysisTransform
[        ] Transforming gradle-8.4.0.jar (com.android.tools.build:gradle:8.4.0) with InstrumentationAnalysisTransform
[        ] Transforming gradle-8.4.0.jar (com.android.tools.build:gradle:8.4.0) with MergeInstrumentationAnalysisTransform
[        ] Transforming kotlin-gradle-plugin-model-1.9.24.jar (org.jetbrains.kotlin:kotlin-gradle-plugin-model:1.9.24) with InstrumentationAnalysisTransform
[        ] Transforming kotlin-gradle-plugin-model-1.9.24.jar (org.jetbrains.kotlin:kotlin-gradle-plugin-model:1.9.24) with MergeInstrumentationAnalysisTransform
[        ] Transforming kotlin-gradle-plugin-api-1.9.24.jar (org.jetbrains.kotlin:kotlin-gradle-plugin-api:1.9.24) with InstrumentationAnalysisTransform
[        ] Transforming kotlin-gradle-plugin-api-1.9.24.jar (org.jetbrains.kotlin:kotlin-gradle-plugin-api:1.9.24) with MergeInstrumentationAnalysisTransform
[        ] Transforming gradle-8.4.0.jar (com.android.tools.build:gradle:8.4.0) with ExternalDependencyInstrumentingArtifactTransform
[        ] Transforming kotlin-gradle-plugin-1.9.24-gradle82.jar (org.jetbrains.kotlin:kotlin-gradle-plugin:1.9.24) with InstrumentationAnalysisTransform
[        ] Transforming kotlin-gradle-plugin-1.9.24-gradle82.jar (org.jetbrains.kotlin:kotlin-gradle-plugin:1.9.24) with MergeInstrumentationAnalysisTransform
[        ] Transforming kotlin-gradle-plugin-model-1.9.24.jar (org.jetbrains.kotlin:kotlin-gradle-plugin-model:1.9.24) with ExternalDependencyInstrumentingArtifactTransform
[        ] Transforming gradle-settings-api-8.4.0.jar (com.android.tools.build:gradle-settings-api:8.4.0) with InstrumentationAnalysisTransform
[        ] Transforming kotlin-gradle-plugin-api-1.9.24.jar (org.jetbrains.kotlin:kotlin-gradle-plugin-api:1.9.24) with ExternalDependencyInstrumentingArtifactTransform
[        ] Transforming gradle-settings-api-8.4.0.jar (com.android.tools.build:gradle-settings-api:8.4.0) with MergeInstrumentationAnalysisTransform
[        ] Transforming kotlin-gradle-plugin-1.9.24-gradle82.jar (org.jetbrains.kotlin:kotlin-gradle-plugin:1.9.24) with ExternalDependencyInstrumentingArtifactTransform
[        ] Transforming lint-model-31.4.0.jar (com.android.tools.lint:lint-model:31.4.0) with InstrumentationAnalysisTransform
[        ] Transforming lint-model-31.4.0.jar (com.android.tools.lint:lint-model:31.4.0) with MergeInstrumentationAnalysisTransform
[        ] Transforming gradle-settings-api-8.4.0.jar (com.android.tools.build:gradle-settings-api:8.4.0) with ExternalDependencyInstrumentingArtifactTransform
[        ] Transforming builder-8.4.0.jar (com.android.tools.build:builder:8.4.0) with InstrumentationAnalysisTransform
[        ] Transforming builder-8.4.0.jar (com.android.tools.build:builder:8.4.0) with MergeInstrumentationAnalysisTransform
[        ] Transforming manifest-merger-31.4.0.jar (com.android.tools.build:manifest-merger:31.4.0) with InstrumentationAnalysisTransform
[        ] Transforming manifest-merger-31.4.0.jar (com.android.tools.build:manifest-merger:31.4.0) with MergeInstrumentationAnalysisTransform
[        ] Transforming lint-model-31.4.0.jar (com.android.tools.lint:lint-model:31.4.0) with ExternalDependencyInstrumentingArtifactTransform
[        ] Transforming sdk-common-31.4.0.jar (com.android.tools:sdk-common:31.4.0) with InstrumentationAnalysisTransform
[        ] Transforming sdk-common-31.4.0.jar (com.android.tools:sdk-common:31.4.0) with MergeInstrumentationAnalysisTransform
[        ] Transforming builder-8.4.0.jar (com.android.tools.build:builder:8.4.0) with ExternalDependencyInstrumentingArtifactTransform
[        ] Transforming sdklib-31.4.0.jar (com.android.tools:sdklib:31.4.0) with InstrumentationAnalysisTransform
[        ] Transforming sdk-common-31.4.0.jar (com.android.tools:sdk-common:31.4.0) with ExternalDependencyInstrumentingArtifactTransform
[        ] Transforming manifest-merger-31.4.0.jar (com.android.tools.build:manifest-merger:31.4.0) with ExternalDependencyInstrumentingArtifactTransform
[        ] Transforming sdklib-31.4.0.jar (com.android.tools:sdklib:31.4.0) with MergeInstrumentationAnalysisTransform
[        ] Transforming repository-31.4.0.jar (com.android.tools:repository:31.4.0) with InstrumentationAnalysisTransform
[        ] Transforming repository-31.4.0.jar (com.android.tools:repository:31.4.0) with MergeInstrumentationAnalysisTransform
[        ] Transforming sdklib-31.4.0.jar (com.android.tools:sdklib:31.4.0) with ExternalDependencyInstrumentingArtifactTransform
[        ] Transforming aaptcompiler-8.4.0.jar (com.android.tools.build:aaptcompiler:8.4.0) with InstrumentationAnalysisTransform
[        ] Transforming aaptcompiler-8.4.0.jar (com.android.tools.build:aaptcompiler:8.4.0) with MergeInstrumentationAnalysisTransform
[        ] Transforming tracker-31.4.0.jar (com.android.tools.analytics-library:tracker:31.4.0) with InstrumentationAnalysisTransform
[        ] Transforming tracker-31.4.0.jar (com.android.tools.analytics-library:tracker:31.4.0) with MergeInstrumentationAnalysisTransform
[        ] Transforming shared-31.4.0.jar (com.android.tools.analytics-library:shared:31.4.0) with InstrumentationAnalysisTransform
[        ] Transforming shared-31.4.0.jar (com.android.tools.analytics-library:shared:31.4.0) with MergeInstrumentationAnalysisTransform
[        ] Transforming databinding-compiler-common-8.4.0.jar (androidx.databinding:databinding-compiler-common:8.4.0) with InstrumentationAnalysisTransform
[        ] Transforming databinding-compiler-common-8.4.0.jar (androidx.databinding:databinding-compiler-common:8.4.0) with MergeInstrumentationAnalysisTransform
[        ] Transforming repository-31.4.0.jar (com.android.tools:repository:31.4.0) with ExternalDependencyInstrumentingArtifactTransform
[        ] Transforming databinding-compiler-common-8.4.0.jar (androidx.databinding:databinding-compiler-common:8.4.0) with ExternalDependencyInstrumentingArtifactTransform
[        ] Transforming tracker-31.4.0.jar (com.android.tools.analytics-library:tracker:31.4.0) with ExternalDependencyInstrumentingArtifactTransform
[        ] Transforming shared-31.4.0.jar (com.android.tools.analytics-library:shared:31.4.0) with ExternalDependencyInstrumentingArtifactTransform
[        ] Transforming aaptcompiler-8.4.0.jar (com.android.tools.build:aaptcompiler:8.4.0) with ExternalDependencyInstrumentingArtifactTransform
[        ] Transforming android-test-plugin-host-emulator-control-proto-31.4.0.jar (com.android.tools.utp:android-test-plugin-host-emulator-control-proto:31.4.0) with InstrumentationAnalysisTransform
[        ] Transforming android-test-plugin-host-emulator-control-proto-31.4.0.jar (com.android.tools.utp:android-test-plugin-host-emulator-control-proto:31.4.0) with MergeInstrumentationAnalysisTransform
[        ] Transforming android-test-plugin-host-retention-proto-31.4.0.jar (com.android.tools.utp:android-test-plugin-host-retention-proto:31.4.0) with InstrumentationAnalysisTransform
[        ] Transforming android-test-plugin-host-retention-proto-31.4.0.jar (com.android.tools.utp:android-test-plugin-host-retention-proto:31.4.0) with MergeInstrumentationAnalysisTransform
[        ] Transforming builder-model-8.4.0.jar (com.android.tools.build:builder-model:8.4.0) with InstrumentationAnalysisTransform
[        ] Transforming builder-model-8.4.0.jar (com.android.tools.build:builder-model:8.4.0) with MergeInstrumentationAnalysisTransform
[        ] Transforming gradle-api-8.4.0.jar (com.android.tools.build:gradle-api:8.4.0) with InstrumentationAnalysisTransform
[        ] Transforming android-test-plugin-host-emulator-control-proto-31.4.0.jar (com.android.tools.utp:android-test-plugin-host-emulator-control-proto:31.4.0) with ExternalDependencyInstrumentingArtifactTransform
[        ] Transforming gradle-api-8.4.0.jar (com.android.tools.build:gradle-api:8.4.0) with MergeInstrumentationAnalysisTransform
[        ] Transforming builder-model-8.4.0.jar (com.android.tools.build:builder-model:8.4.0) with ExternalDependencyInstrumentingArtifactTransform
[        ] Transforming builder-test-api-8.4.0.jar (com.android.tools.build:builder-test-api:8.4.0) with InstrumentationAnalysisTransform
[        ] Transforming android-test-plugin-host-retention-proto-31.4.0.jar (com.android.tools.utp:android-test-plugin-host-retention-proto:31.4.0) with ExternalDependencyInstrumentingArtifactTransform
[        ] Transforming gradle-api-8.4.0.jar (com.android.tools.build:gradle-api:8.4.0) with ExternalDependencyInstrumentingArtifactTransform
[        ] Transforming builder-test-api-8.4.0.jar (com.android.tools.build:builder-test-api:8.4.0) with MergeInstrumentationAnalysisTransform
[        ] Transforming ddmlib-31.4.0.jar (com.android.tools.ddms:ddmlib:31.4.0) with InstrumentationAnalysisTransform
[        ] Transforming ddmlib-31.4.0.jar (com.android.tools.ddms:ddmlib:31.4.0) with MergeInstrumentationAnalysisTransform
[        ] Transforming layoutlib-api-31.4.0.jar (com.android.tools.layoutlib:layoutlib-api:31.4.0) with InstrumentationAnalysisTransform
[        ] Transforming builder-test-api-8.4.0.jar (com.android.tools.build:builder-test-api:8.4.0) with ExternalDependencyInstrumentingArtifactTransform
[        ] Transforming layoutlib-api-31.4.0.jar (com.android.tools.layoutlib:layoutlib-api:31.4.0) with MergeInstrumentationAnalysisTransform
[        ] Transforming dvlib-31.4.0.jar (com.android.tools:dvlib:31.4.0) with InstrumentationAnalysisTransform
[        ] Transforming dvlib-31.4.0.jar (com.android.tools:dvlib:31.4.0) with MergeInstrumentationAnalysisTransform
[        ] Transforming ddmlib-31.4.0.jar (com.android.tools.ddms:ddmlib:31.4.0) with ExternalDependencyInstrumentingArtifactTransform
[        ] Transforming layoutlib-api-31.4.0.jar (com.android.tools.layoutlib:layoutlib-api:31.4.0) with ExternalDependencyInstrumentingArtifactTransform
[        ] Transforming common-31.4.0.jar (com.android.tools:common:31.4.0) with InstrumentationAnalysisTransform
[        ] Transforming dvlib-31.4.0.jar (com.android.tools:dvlib:31.4.0) with ExternalDependencyInstrumentingArtifactTransform
[        ] Transforming common-31.4.0.jar (com.android.tools:common:31.4.0) with MergeInstrumentationAnalysisTransform
[        ] Transforming kotlin-stdlib-jdk8-1.9.20.jar (org.jetbrains.kotlin:kotlin-stdlib-jdk8:1.9.20) with InstrumentationAnalysisTransform
[        ] Transforming kotlin-stdlib-jdk8-1.9.20.jar (org.jetbrains.kotlin:kotlin-stdlib-jdk8:1.9.20) with MergeInstrumentationAnalysisTransform
[        ] Transforming jetifier-processor-1.0.0-beta10.jar (com.android.tools.build.jetifier:jetifier-processor:1.0.0-beta10) with InstrumentationAnalysisTransform
[        ] Transforming common-31.4.0.jar (com.android.tools:common:31.4.0) with ExternalDependencyInstrumentingArtifactTransform
[        ] Transforming jetifier-processor-1.0.0-beta10.jar (com.android.tools.build.jetifier:jetifier-processor:1.0.0-beta10) with MergeInstrumentationAnalysisTransform
[        ] Transforming kotlin-stdlib-jdk8-1.9.20.jar (org.jetbrains.kotlin:kotlin-stdlib-jdk8:1.9.20) with ExternalDependencyInstrumentingArtifactTransform
[        ] Transforming jetifier-core-1.0.0-beta10.jar (com.android.tools.build.jetifier:jetifier-core:1.0.0-beta10) with InstrumentationAnalysisTransform
[        ] Transforming jetifier-core-1.0.0-beta10.jar (com.android.tools.build.jetifier:jetifier-core:1.0.0-beta10) with MergeInstrumentationAnalysisTransform
[        ] Transforming kotlin-reflect-1.9.23.jar (org.jetbrains.kotlin:kotlin-reflect:1.9.23) with InstrumentationAnalysisTransform
[        ] Transforming jetifier-processor-1.0.0-beta10.jar (com.android.tools.build.jetifier:jetifier-processor:1.0.0-beta10) with ExternalDependencyInstrumentingArtifactTransform
[        ] Transforming kotlin-reflect-1.9.23.jar (org.jetbrains.kotlin:kotlin-reflect:1.9.23) with MergeInstrumentationAnalysisTransform
[        ] Transforming kotlin-stdlib-jdk7-1.9.20.jar (org.jetbrains.kotlin:kotlin-stdlib-jdk7:1.9.20) with InstrumentationAnalysisTransform
[        ] Transforming kotlin-stdlib-jdk7-1.9.20.jar (org.jetbrains.kotlin:kotlin-stdlib-jdk7:1.9.20) with MergeInstrumentationAnalysisTransform
[        ] Transforming jetifier-core-1.0.0-beta10.jar (com.android.tools.build.jetifier:jetifier-core:1.0.0-beta10) with ExternalDependencyInstrumentingArtifactTransform
[        ] Transforming kotlin-stdlib-1.9.23.jar (org.jetbrains.kotlin:kotlin-stdlib:1.9.23) with InstrumentationAnalysisTransform
[        ] Transforming kotlin-reflect-1.9.23.jar (org.jetbrains.kotlin:kotlin-reflect:1.9.23) with ExternalDependencyInstrumentingArtifactTransform
[        ] Transforming kotlin-stdlib-jdk7-1.9.20.jar (org.jetbrains.kotlin:kotlin-stdlib-jdk7:1.9.20) with ExternalDependencyInstrumentingArtifactTransform
[        ] Transforming kotlin-stdlib-1.9.23.jar (org.jetbrains.kotlin:kotlin-stdlib:1.9.23) with MergeInstrumentationAnalysisTransform
[        ] Transforming annotations-13.0.jar (org.jetbrains:annotations:13.0) with InstrumentationAnalysisTransform
[        ] Transforming annotations-13.0.jar (org.jetbrains:annotations:13.0) with MergeInstrumentationAnalysisTransform
[        ] Transforming kotlin-stdlib-1.9.23.jar (org.jetbrains.kotlin:kotlin-stdlib:1.9.23) with ExternalDependencyInstrumentingArtifactTransform
[        ] Transforming bundletool-1.15.6.jar (com.android.tools.build:bundletool:1.15.6) with InstrumentationAnalysisTransform
[        ] Transforming bundletool-1.15.6.jar (com.android.tools.build:bundletool:1.15.6) with MergeInstrumentationAnalysisTransform
[        ] Transforming aapt2-proto-8.4.0-11315950.jar (com.android.tools.build:aapt2-proto:8.4.0-11315950) with InstrumentationAnalysisTransform
[        ] Transforming aapt2-proto-8.4.0-11315950.jar (com.android.tools.build:aapt2-proto:8.4.0-11315950) with MergeInstrumentationAnalysisTransform
[        ] Transforming crash-31.4.0.jar (com.android.tools.analytics-library:crash:31.4.0) with InstrumentationAnalysisTransform
[        ] Transforming bundletool-1.15.6.jar (com.android.tools.build:bundletool:1.15.6) with ExternalDependencyInstrumentingArtifactTransform
[        ] Transforming crash-31.4.0.jar (com.android.tools.analytics-library:crash:31.4.0) with MergeInstrumentationAnalysisTransform
[        ] Transforming lint-typedef-remover-31.4.0.jar (com.android.tools.lint:lint-typedef-remover:31.4.0) with InstrumentationAnalysisTransform
[        ] Transforming lint-typedef-remover-31.4.0.jar (com.android.tools.lint:lint-typedef-remover:31.4.0) with MergeInstrumentationAnalysisTransform
[        ] Transforming aapt2-proto-8.4.0-11315950.jar (com.android.tools.build:aapt2-proto:8.4.0-11315950) with ExternalDependencyInstrumentingArtifactTransform
[        ] Transforming crash-31.4.0.jar (com.android.tools.analytics-library:crash:31.4.0) with ExternalDependencyInstrumentingArtifactTransform
[        ] Transforming lint-typedef-remover-31.4.0.jar (com.android.tools.lint:lint-typedef-remover:31.4.0) with ExternalDependencyInstrumentingArtifactTransform
[        ] Transforming databinding-common-8.4.0.jar (androidx.databinding:databinding-common:8.4.0) with InstrumentationAnalysisTransform
[        ] Transforming databinding-common-8.4.0.jar (androidx.databinding:databinding-common:8.4.0) with MergeInstrumentationAnalysisTransform
[        ] Transforming annotations-13.0.jar (org.jetbrains:annotations:13.0) with ExternalDependencyInstrumentingArtifactTransform
[        ] Transforming baseLibrary-8.4.0.jar (com.android.databinding:baseLibrary:8.4.0) with InstrumentationAnalysisTransform
[        ] Transforming baseLibrary-8.4.0.jar (com.android.databinding:baseLibrary:8.4.0) with MergeInstrumentationAnalysisTransform
[        ] Transforming databinding-common-8.4.0.jar (androidx.databinding:databinding-common:8.4.0) with ExternalDependencyInstrumentingArtifactTransform
[        ] Transforming android-device-provider-ddmlib-proto-31.4.0.jar (com.android.tools.utp:android-device-provider-ddmlib-proto:31.4.0) with InstrumentationAnalysisTransform
[        ] Transforming android-device-provider-ddmlib-proto-31.4.0.jar (com.android.tools.utp:android-device-provider-ddmlib-proto:31.4.0) with MergeInstrumentationAnalysisTransform
[        ] Transforming android-device-provider-gradle-proto-31.4.0.jar (com.android.tools.utp:android-device-provider-gradle-proto:31.4.0) with InstrumentationAnalysisTransform
[        ] Transforming android-device-provider-gradle-proto-31.4.0.jar (com.android.tools.utp:android-device-provider-gradle-proto:31.4.0) with MergeInstrumentationAnalysisTransform
[        ] Transforming android-test-plugin-host-additional-test-output-proto-31.4.0.jar (com.android.tools.utp:android-test-plugin-host-additional-test-output-proto:31.4.0) with InstrumentationAnalysisTransform
[        ] Transforming android-device-provider-ddmlib-proto-31.4.0.jar (com.android.tools.utp:android-device-provider-ddmlib-proto:31.4.0) with ExternalDependencyInstrumentingArtifactTransform
[        ] Transforming baseLibrary-8.4.0.jar (com.android.databinding:baseLibrary:8.4.0) with ExternalDependencyInstrumentingArtifactTransform
[        ] Transforming android-test-plugin-host-additional-test-output-proto-31.4.0.jar (com.android.tools.utp:android-test-plugin-host-additional-test-output-proto:31.4.0) with MergeInstrumentationAnalysisTransform
[        ] Transforming android-test-plugin-host-coverage-proto-31.4.0.jar (com.android.tools.utp:android-test-plugin-host-coverage-proto:31.4.0) with InstrumentationAnalysisTransform
[        ] Transforming android-device-provider-gradle-proto-31.4.0.jar (com.android.tools.utp:android-device-provider-gradle-proto:31.4.0) with ExternalDependencyInstrumentingArtifactTransform
[        ] Transforming android-test-plugin-host-coverage-proto-31.4.0.jar (com.android.tools.utp:android-test-plugin-host-coverage-proto:31.4.0) with MergeInstrumentationAnalysisTransform
[        ] Transforming android-test-plugin-host-logcat-proto-31.4.0.jar (com.android.tools.utp:android-test-plugin-host-logcat-proto:31.4.0) with InstrumentationAnalysisTransform
[        ] Transforming android-test-plugin-host-logcat-proto-31.4.0.jar (com.android.tools.utp:android-test-plugin-host-logcat-proto:31.4.0) with MergeInstrumentationAnalysisTransform
[        ] Transforming android-test-plugin-host-additional-test-output-proto-31.4.0.jar (com.android.tools.utp:android-test-plugin-host-additional-test-output-proto:31.4.0) with ExternalDependencyInstrumentingArtifactTransform
[        ] Transforming android-test-plugin-host-coverage-proto-31.4.0.jar (com.android.tools.utp:android-test-plugin-host-coverage-proto:31.4.0) with ExternalDependencyInstrumentingArtifactTransform
[        ] Transforming android-test-plugin-host-apk-installer-proto-31.4.0.jar (com.android.tools.utp:android-test-plugin-host-apk-installer-proto:31.4.0) with InstrumentationAnalysisTransform
[        ] Transforming android-test-plugin-host-logcat-proto-31.4.0.jar (com.android.tools.utp:android-test-plugin-host-logcat-proto:31.4.0) with ExternalDependencyInstrumentingArtifactTransform
[        ] Transforming android-test-plugin-host-apk-installer-proto-31.4.0.jar (com.android.tools.utp:android-test-plugin-host-apk-installer-proto:31.4.0) with MergeInstrumentationAnalysisTransform
[        ] Transforming android-test-plugin-result-listener-gradle-proto-31.4.0.jar (com.android.tools.utp:android-test-plugin-result-listener-gradle-proto:31.4.0) with InstrumentationAnalysisTransform
[        ] Transforming android-test-plugin-result-listener-gradle-proto-31.4.0.jar (com.android.tools.utp:android-test-plugin-result-listener-gradle-proto:31.4.0) with MergeInstrumentationAnalysisTransform
[        ] Transforming android-test-plugin-host-apk-installer-proto-31.4.0.jar (com.android.tools.utp:android-test-plugin-host-apk-installer-proto:31.4.0) with ExternalDependencyInstrumentingArtifactTransform
[        ] Transforming transform-api-2.0.0-deprecated-use-gradle-api.jar (com.android.tools.build:transform-api:2.0.0-deprecated-use-gradle-api) with InstrumentationAnalysisTransform
[        ] Transforming transform-api-2.0.0-deprecated-use-gradle-api.jar (com.android.tools.build:transform-api:2.0.0-deprecated-use-gradle-api) with MergeInstrumentationAnalysisTransform
[        ] Transforming android-test-plugin-result-listener-gradle-proto-31.4.0.jar (com.android.tools.utp:android-test-plugin-result-listener-gradle-proto:31.4.0) with ExternalDependencyInstrumentingArtifactTransform
[        ] Transforming httpmime-4.5.6.jar (org.apache.httpcomponents:httpmime:4.5.6) with InstrumentationAnalysisTransform
[        ] Transforming httpmime-4.5.6.jar (org.apache.httpcomponents:httpmime:4.5.6) with MergeInstrumentationAnalysisTransform
[        ] Transforming commons-io-2.13.0.jar (commons-io:commons-io:2.13.0) with InstrumentationAnalysisTransform
[        ] Transforming transform-api-2.0.0-deprecated-use-gradle-api.jar (com.android.tools.build:transform-api:2.0.0-deprecated-use-gradle-api) with ExternalDependencyInstrumentingArtifactTransform
[        ] Transforming commons-io-2.13.0.jar (commons-io:commons-io:2.13.0) with MergeInstrumentationAnalysisTransform
[        ] Transforming asm-commons-9.6.jar (org.ow2.asm:asm-commons:9.6) with InstrumentationAnalysisTransform
[        ] Transforming asm-commons-9.6.jar (org.ow2.asm:asm-commons:9.6) with MergeInstrumentationAnalysisTransform
[        ] Transforming asm-util-9.6.jar (org.ow2.asm:asm-util:9.6) with InstrumentationAnalysisTransform
[        ] Transforming asm-util-9.6.jar (org.ow2.asm:asm-util:9.6) with MergeInstrumentationAnalysisTransform
[        ] Transforming asm-analysis-9.6.jar (org.ow2.asm:asm-analysis:9.6) with InstrumentationAnalysisTransform
[        ] Transforming asm-analysis-9.6.jar (org.ow2.asm:asm-analysis:9.6) with MergeInstrumentationAnalysisTransform
[        ] Transforming asm-tree-9.6.jar (org.ow2.asm:asm-tree:9.6) with InstrumentationAnalysisTransform
[        ] Transforming asm-commons-9.6.jar (org.ow2.asm:asm-commons:9.6) with ExternalDependencyInstrumentingArtifactTransform
[        ] Transforming asm-tree-9.6.jar (org.ow2.asm:asm-tree:9.6) with MergeInstrumentationAnalysisTransform
[        ] Transforming asm-util-9.6.jar (org.ow2.asm:asm-util:9.6) with ExternalDependencyInstrumentingArtifactTransform
[        ] Transforming asm-9.6.jar (org.ow2.asm:asm:9.6) with InstrumentationAnalysisTransform
[        ] Transforming httpmime-4.5.6.jar (org.apache.httpcomponents:httpmime:4.5.6) with ExternalDependencyInstrumentingArtifactTransform
[        ] Transforming asm-analysis-9.6.jar (org.ow2.asm:asm-analysis:9.6) with ExternalDependencyInstrumentingArtifactTransform
[        ] Transforming commons-io-2.13.0.jar (commons-io:commons-io:2.13.0) with ExternalDependencyInstrumentingArtifactTransform
[        ] Transforming asm-tree-9.6.jar (org.ow2.asm:asm-tree:9.6) with ExternalDependencyInstrumentingArtifactTransform
[        ] Transforming asm-9.6.jar (org.ow2.asm:asm:9.6) with MergeInstrumentationAnalysisTransform
[        ] Transforming apkzlib-8.4.0.jar (com.android.tools.build:apkzlib:8.4.0) with InstrumentationAnalysisTransform
[        ] Transforming apkzlib-8.4.0.jar (com.android.tools.build:apkzlib:8.4.0) with MergeInstrumentationAnalysisTransform
[        ] Transforming bcpkix-jdk18on-1.77.jar (org.bouncycastle:bcpkix-jdk18on:1.77) with InstrumentationAnalysisTransform
[        ] Transforming asm-9.6.jar (org.ow2.asm:asm:9.6) with ExternalDependencyInstrumentingArtifactTransform
[        ] Transforming bcpkix-jdk18on-1.77.jar (org.bouncycastle:bcpkix-jdk18on:1.77) with MergeInstrumentationAnalysisTransform
[        ] Transforming jaxb-runtime-2.3.2.jar (org.glassfish.jaxb:jaxb-runtime:2.3.2) with InstrumentationAnalysisTransform
[        ] Transforming apkzlib-8.4.0.jar (com.android.tools.build:apkzlib:8.4.0) with ExternalDependencyInstrumentingArtifactTransform
[        ] Transforming jaxb-runtime-2.3.2.jar (org.glassfish.jaxb:jaxb-runtime:2.3.2) with MergeInstrumentationAnalysisTransform
[        ] Transforming jopt-simple-4.9.jar (net.sf.jopt-simple:jopt-simple:4.9) with InstrumentationAnalysisTransform
[        ] Transforming jopt-simple-4.9.jar (net.sf.jopt-simple:jopt-simple:4.9) with MergeInstrumentationAnalysisTransform
[        ] Transforming javapoet-1.10.0.jar (com.squareup:javapoet:1.10.0) with InstrumentationAnalysisTransform
[        ] Transforming jaxb-runtime-2.3.2.jar (org.glassfish.jaxb:jaxb-runtime:2.3.2) with ExternalDependencyInstrumentingArtifactTransform
[        ] Transforming javapoet-1.10.0.jar (com.squareup:javapoet:1.10.0) with MergeInstrumentationAnalysisTransform
[        ] Transforming protobuf-java-util-3.22.3.jar (com.google.protobuf:protobuf-java-util:3.22.3) with InstrumentationAnalysisTransform
[        ] Transforming jopt-simple-4.9.jar (net.sf.jopt-simple:jopt-simple:4.9) with ExternalDependencyInstrumentingArtifactTransform
[        ] Transforming protobuf-java-util-3.22.3.jar (com.google.protobuf:protobuf-java-util:3.22.3) with MergeInstrumentationAnalysisTransform
[        ] Transforming javapoet-1.10.0.jar (com.squareup:javapoet:1.10.0) with ExternalDependencyInstrumentingArtifactTransform
[        ] Transforming grpc-protobuf-1.57.0.jar (io.grpc:grpc-protobuf:1.57.0) with InstrumentationAnalysisTransform
[        ] Transforming bcpkix-jdk18on-1.77.jar (org.bouncycastle:bcpkix-jdk18on:1.77) with ExternalDependencyInstrumentingArtifactTransform
[        ] Transforming grpc-protobuf-1.57.0.jar (io.grpc:grpc-protobuf:1.57.0) with MergeInstrumentationAnalysisTransform
[        ] Transforming protobuf-java-util-3.22.3.jar (com.google.protobuf:protobuf-java-util:3.22.3) with ExternalDependencyInstrumentingArtifactTransform
[        ] Transforming tink-1.7.0.jar (com.google.crypto.tink:tink:1.7.0) with InstrumentationAnalysisTransform
[        ] Transforming tink-1.7.0.jar (com.google.crypto.tink:tink:1.7.0) with MergeInstrumentationAnalysisTransform
[        ] Transforming protos-31.4.0.jar (com.android.tools.analytics-library:protos:31.4.0) with InstrumentationAnalysisTransform
[        ] Transforming protos-31.4.0.jar (com.android.tools.analytics-library:protos:31.4.0) with MergeInstrumentationAnalysisTransform
[        ] Transforming proto-google-common-protos-2.17.0.jar (com.google.api.grpc:proto-google-common-protos:2.17.0) with InstrumentationAnalysisTransform
[        ] Transforming proto-google-common-protos-2.17.0.jar (com.google.api.grpc:proto-google-common-protos:2.17.0) with MergeInstrumentationAnalysisTransform
[        ] Transforming tink-1.7.0.jar (com.google.crypto.tink:tink:1.7.0) with ExternalDependencyInstrumentingArtifactTransform
[        ] Transforming protobuf-java-3.22.3.jar (com.google.protobuf:protobuf-java:3.22.3) with InstrumentationAnalysisTransform
[        ] Transforming grpc-protobuf-1.57.0.jar (io.grpc:grpc-protobuf:1.57.0) with ExternalDependencyInstrumentingArtifactTransform
[        ] Transforming proto-google-common-protos-2.17.0.jar (com.google.api.grpc:proto-google-common-protos:2.17.0) with ExternalDependencyInstrumentingArtifactTransform
[        ] Transforming protobuf-java-3.22.3.jar (com.google.protobuf:protobuf-java:3.22.3) with MergeInstrumentationAnalysisTransform
[        ] Transforming protos-31.4.0.jar (com.android.tools.analytics-library:protos:31.4.0) with ExternalDependencyInstrumentingArtifactTransform
[        ] Transforming grpc-netty-1.57.0.jar (io.grpc:grpc-netty:1.57.0) with InstrumentationAnalysisTransform
[        ] Transforming grpc-netty-1.57.0.jar (io.grpc:grpc-netty:1.57.0) with MergeInstrumentationAnalysisTransform
[        ] Transforming grpc-core-1.57.0.jar (io.grpc:grpc-core:1.57.0) with InstrumentationAnalysisTransform
[        ] Transforming grpc-core-1.57.0.jar (io.grpc:grpc-core:1.57.0) with MergeInstrumentationAnalysisTransform
[        ] Transforming protobuf-java-3.22.3.jar (com.google.protobuf:protobuf-java:3.22.3) with ExternalDependencyInstrumentingArtifactTransform
[        ] Transforming gson-2.10.1.jar (com.google.code.gson:gson:2.10.1) with InstrumentationAnalysisTransform
[        ] Transforming grpc-netty-1.57.0.jar (io.grpc:grpc-netty:1.57.0) with ExternalDependencyInstrumentingArtifactTransform
[        ] Transforming gson-2.10.1.jar (com.google.code.gson:gson:2.10.1) with MergeInstrumentationAnalysisTransform
[        ] Transforming grpc-stub-1.57.0.jar (io.grpc:grpc-stub:1.57.0) with InstrumentationAnalysisTransform
[        ] Transforming grpc-stub-1.57.0.jar (io.grpc:grpc-stub:1.57.0) with MergeInstrumentationAnalysisTransform
[        ] Transforming core-proto-0.0.9-alpha02.jar (com.google.testing.platform:core-proto:0.0.9-alpha02) with InstrumentationAnalysisTransform
[        ] Transforming core-proto-0.0.9-alpha02.jar (com.google.testing.platform:core-proto:0.0.9-alpha02) with MergeInstrumentationAnalysisTransform
[        ] Transforming gson-2.10.1.jar (com.google.code.gson:gson:2.10.1) with ExternalDependencyInstrumentingArtifactTransform
[        ] Transforming kxml2-2.3.0.jar (net.sf.kxml:kxml2:2.3.0) with InstrumentationAnalysisTransform
[        ] Transforming grpc-stub-1.57.0.jar (io.grpc:grpc-stub:1.57.0) with ExternalDependencyInstrumentingArtifactTransform
[        ] Transforming kxml2-2.3.0.jar (net.sf.kxml:kxml2:2.3.0) with MergeInstrumentationAnalysisTransform
[        ] Transforming grpc-core-1.57.0.jar (io.grpc:grpc-core:1.57.0) with ExternalDependencyInstrumentingArtifactTransform
[        ] Transforming core-proto-0.0.9-alpha02.jar (com.google.testing.platform:core-proto:0.0.9-alpha02) with ExternalDependencyInstrumentingArtifactTransform
[        ] Transforming tensorflow-lite-metadata-0.1.0-rc2.jar (org.tensorflow:tensorflow-lite-metadata:0.1.0-rc2) with InstrumentationAnalysisTransform
[        ] Transforming tensorflow-lite-metadata-0.1.0-rc2.jar (org.tensorflow:tensorflow-lite-metadata:0.1.0-rc2) with MergeInstrumentationAnalysisTransform
[        ] Transforming kxml2-2.3.0.jar (net.sf.kxml:kxml2:2.3.0) with ExternalDependencyInstrumentingArtifactTransform
[        ] Transforming flatbuffers-java-1.12.0.jar (com.google.flatbuffers:flatbuffers-java:1.12.0) with InstrumentationAnalysisTransform
[        ] Transforming tensorflow-lite-metadata-0.1.0-rc2.jar (org.tensorflow:tensorflow-lite-metadata:0.1.0-rc2) with ExternalDependencyInstrumentingArtifactTransform
[        ] Transforming flatbuffers-java-1.12.0.jar (com.google.flatbuffers:flatbuffers-java:1.12.0) with MergeInstrumentationAnalysisTransform
[        ] Transforming kotlin-gradle-plugin-idea-proto-1.9.24.jar (org.jetbrains.kotlin:kotlin-gradle-plugin-idea-proto:1.9.24) with InstrumentationAnalysisTransform
[        ] Transforming kotlin-gradle-plugin-idea-proto-1.9.24.jar (org.jetbrains.kotlin:kotlin-gradle-plugin-idea-proto:1.9.24) with MergeInstrumentationAnalysisTransform
[        ] Transforming kotlin-gradle-plugin-idea-1.9.24.jar (org.jetbrains.kotlin:kotlin-gradle-plugin-idea:1.9.24) with InstrumentationAnalysisTransform
[        ] Transforming kotlin-gradle-plugin-idea-1.9.24.jar (org.jetbrains.kotlin:kotlin-gradle-plugin-idea:1.9.24) with MergeInstrumentationAnalysisTransform
[        ] Transforming flatbuffers-java-1.12.0.jar (com.google.flatbuffers:flatbuffers-java:1.12.0) with ExternalDependencyInstrumentingArtifactTransform
[        ] Transforming kotlin-klib-commonizer-api-1.9.24.jar (org.jetbrains.kotlin:kotlin-klib-commonizer-api:1.9.24) with InstrumentationAnalysisTransform
[        ] Transforming kotlin-gradle-plugin-idea-proto-1.9.24.jar (org.jetbrains.kotlin:kotlin-gradle-plugin-idea-proto:1.9.24) with ExternalDependencyInstrumentingArtifactTransform
[        ] Transforming kotlin-klib-commonizer-api-1.9.24.jar (org.jetbrains.kotlin:kotlin-klib-commonizer-api:1.9.24) with MergeInstrumentationAnalysisTransform
[        ] Transforming kotlin-gradle-plugin-idea-1.9.24.jar (org.jetbrains.kotlin:kotlin-gradle-plugin-idea:1.9.24) with ExternalDependencyInstrumentingArtifactTransform
[        ] Transforming kotlin-native-utils-1.9.24.jar (org.jetbrains.kotlin:kotlin-native-utils:1.9.24) with InstrumentationAnalysisTransform
[        ] Transforming kotlin-native-utils-1.9.24.jar (org.jetbrains.kotlin:kotlin-native-utils:1.9.24) with MergeInstrumentationAnalysisTransform
[        ] Transforming kotlin-util-klib-1.9.24.jar (org.jetbrains.kotlin:kotlin-util-klib:1.9.24) with InstrumentationAnalysisTransform
[        ] Transforming kotlin-klib-commonizer-api-1.9.24.jar (org.jetbrains.kotlin:kotlin-klib-commonizer-api:1.9.24) with ExternalDependencyInstrumentingArtifactTransform
[        ] Transforming kotlin-util-klib-1.9.24.jar (org.jetbrains.kotlin:kotlin-util-klib:1.9.24) with MergeInstrumentationAnalysisTransform
[        ] Transforming kotlin-build-tools-api-1.9.24.jar (org.jetbrains.kotlin:kotlin-build-tools-api:1.9.24) with InstrumentationAnalysisTransform
[        ] Transforming kotlin-native-utils-1.9.24.jar (org.jetbrains.kotlin:kotlin-native-utils:1.9.24) with ExternalDependencyInstrumentingArtifactTransform
[        ] Transforming kotlin-build-tools-api-1.9.24.jar (org.jetbrains.kotlin:kotlin-build-tools-api:1.9.24) with MergeInstrumentationAnalysisTransform
[        ] Transforming kotlin-android-extensions-1.9.24.jar (org.jetbrains.kotlin:kotlin-android-extensions:1.9.24) with InstrumentationAnalysisTransform
[        ] Transforming kotlin-android-extensions-1.9.24.jar (org.jetbrains.kotlin:kotlin-android-extensions:1.9.24) with MergeInstrumentationAnalysisTransform
[        ] Transforming kotlin-compiler-runner-1.9.24.jar (org.jetbrains.kotlin:kotlin-compiler-runner:1.9.24) with InstrumentationAnalysisTransform
[        ] Transforming kotlin-compiler-runner-1.9.24.jar (org.jetbrains.kotlin:kotlin-compiler-runner:1.9.24) with MergeInstrumentationAnalysisTransform
[        ] Transforming kotlin-compiler-embeddable-1.9.24.jar (org.jetbrains.kotlin:kotlin-compiler-embeddable:1.9.24) with InstrumentationAnalysisTransform
[        ] Transforming kotlin-android-extensions-1.9.24.jar (org.jetbrains.kotlin:kotlin-android-extensions:1.9.24) with ExternalDependencyInstrumentingArtifactTransform
[        ] Transforming kotlin-compiler-embeddable-1.9.24.jar (org.jetbrains.kotlin:kotlin-compiler-embeddable:1.9.24) with MergeInstrumentationAnalysisTransform
[        ] Transforming kotlin-scripting-compiler-embeddable-1.9.24.jar (org.jetbrains.kotlin:kotlin-scripting-compiler-embeddable:1.9.24) with InstrumentationAnalysisTransform
[        ] Transforming kotlin-util-klib-1.9.24.jar (org.jetbrains.kotlin:kotlin-util-klib:1.9.24) with ExternalDependencyInstrumentingArtifactTransform
[        ] Transforming kotlin-compiler-runner-1.9.24.jar (org.jetbrains.kotlin:kotlin-compiler-runner:1.9.24) with ExternalDependencyInstrumentingArtifactTransform
[        ] Transforming kotlin-scripting-compiler-embeddable-1.9.24.jar (org.jetbrains.kotlin:kotlin-scripting-compiler-embeddable:1.9.24) with MergeInstrumentationAnalysisTransform
[        ] Transforming kotlin-scripting-compiler-impl-embeddable-1.9.24.jar (org.jetbrains.kotlin:kotlin-scripting-compiler-impl-embeddable:1.9.24) with InstrumentationAnalysisTransform
[        ] Transforming kotlin-build-tools-api-1.9.24.jar (org.jetbrains.kotlin:kotlin-build-tools-api:1.9.24) with ExternalDependencyInstrumentingArtifactTransform
[        ] Transforming kotlin-scripting-compiler-impl-embeddable-1.9.24.jar (org.jetbrains.kotlin:kotlin-scripting-compiler-impl-embeddable:1.9.24) with MergeInstrumentationAnalysisTransform
[        ] Transforming kotlin-compiler-embeddable-1.9.24.jar (org.jetbrains.kotlin:kotlin-compiler-embeddable:1.9.24) with ExternalDependencyInstrumentingArtifactTransform
[        ] Transforming jimfs-1.1.jar (com.google.jimfs:jimfs:1.1) with InstrumentationAnalysisTransform
[        ] Transforming kotlin-scripting-compiler-embeddable-1.9.24.jar (org.jetbrains.kotlin:kotlin-scripting-compiler-embeddable:1.9.24) with ExternalDependencyInstrumentingArtifactTransform
[        ] Transforming kotlin-scripting-compiler-impl-embeddable-1.9.24.jar (org.jetbrains.kotlin:kotlin-scripting-compiler-impl-embeddable:1.9.24) with ExternalDependencyInstrumentingArtifactTransform
[        ] Transforming jimfs-1.1.jar (com.google.jimfs:jimfs:1.1) with MergeInstrumentationAnalysisTransform
[        ] Transforming grpc-context-1.57.0.jar (io.grpc:grpc-context:1.57.0) with InstrumentationAnalysisTransform
[        ] Transforming grpc-context-1.57.0.jar (io.grpc:grpc-context:1.57.0) with MergeInstrumentationAnalysisTransform
[        ] Transforming jimfs-1.1.jar (com.google.jimfs:jimfs:1.1) with ExternalDependencyInstrumentingArtifactTransform
[        ] Transforming grpc-protobuf-lite-1.57.0.jar (io.grpc:grpc-protobuf-lite:1.57.0) with InstrumentationAnalysisTransform
[        ] Transforming grpc-protobuf-lite-1.57.0.jar (io.grpc:grpc-protobuf-lite:1.57.0) with MergeInstrumentationAnalysisTransform
[        ] Transforming grpc-api-1.57.0.jar (io.grpc:grpc-api:1.57.0) with InstrumentationAnalysisTransform
[        ] Transforming grpc-context-1.57.0.jar (io.grpc:grpc-context:1.57.0) with ExternalDependencyInstrumentingArtifactTransform
[        ] Transforming grpc-protobuf-lite-1.57.0.jar (io.grpc:grpc-protobuf-lite:1.57.0) with ExternalDependencyInstrumentingArtifactTransform
[        ] Transforming grpc-api-1.57.0.jar (io.grpc:grpc-api:1.57.0) with MergeInstrumentationAnalysisTransform
[        ] Transforming guava-32.0.1-jre.jar (com.google.guava:guava:32.0.1-jre) with InstrumentationAnalysisTransform
[        ] Transforming guava-32.0.1-jre.jar (com.google.guava:guava:32.0.1-jre) with MergeInstrumentationAnalysisTransform
[        ] Transforming dagger-2.28.3.jar (com.google.dagger:dagger:2.28.3) with InstrumentationAnalysisTransform
[        ] Transforming grpc-api-1.57.0.jar (io.grpc:grpc-api:1.57.0) with ExternalDependencyInstrumentingArtifactTransform
[        ] Transforming dagger-2.28.3.jar (com.google.dagger:dagger:2.28.3) with MergeInstrumentationAnalysisTransform
[        ] Transforming guava-32.0.1-jre.jar (com.google.guava:guava:32.0.1-jre) with ExternalDependencyInstrumentingArtifactTransform
[        ] Transforming javax.inject-1.jar (javax.inject:javax.inject:1) with InstrumentationAnalysisTransform
[        ] Transforming javax.inject-1.jar (javax.inject:javax.inject:1) with MergeInstrumentationAnalysisTransform
[        ] Transforming bcutil-jdk18on-1.77.jar (org.bouncycastle:bcutil-jdk18on:1.77) with InstrumentationAnalysisTransform
[        ] Transforming dagger-2.28.3.jar (com.google.dagger:dagger:2.28.3) with ExternalDependencyInstrumentingArtifactTransform
[        ] Transforming bcutil-jdk18on-1.77.jar (org.bouncycastle:bcutil-jdk18on:1.77) with MergeInstrumentationAnalysisTransform
[        ] Transforming bcprov-jdk18on-1.77.jar (org.bouncycastle:bcprov-jdk18on:1.77) with InstrumentationAnalysisTransform
[        ] Transforming javax.inject-1.jar (javax.inject:javax.inject:1) with ExternalDependencyInstrumentingArtifactTransform
[        ] Transforming bcprov-jdk18on-1.77.jar (org.bouncycastle:bcprov-jdk18on:1.77) with MergeInstrumentationAnalysisTransform
[        ] Transforming bcutil-jdk18on-1.77.jar (org.bouncycastle:bcutil-jdk18on:1.77) with ExternalDependencyInstrumentingArtifactTransform
[        ] Transforming bcprov-jdk18on-1.77.jar (org.bouncycastle:bcprov-jdk18on:1.77) with ExternalDependencyInstrumentingArtifactTransform
[        ] Transforming trove4j-1.0.20200330.jar (org.jetbrains.intellij.deps:trove4j:1.0.20200330) with InstrumentationAnalysisTransform
[        ] Transforming trove4j-1.0.20200330.jar (org.jetbrains.intellij.deps:trove4j:1.0.20200330) with MergeInstrumentationAnalysisTransform
[        ] Transforming commons-compress-1.21.jar (org.apache.commons:commons-compress:1.21) with InstrumentationAnalysisTransform
[        ] Transforming trove4j-1.0.20200330.jar (org.jetbrains.intellij.deps:trove4j:1.0.20200330) with ExternalDependencyInstrumentingArtifactTransform
[        ] Transforming commons-compress-1.21.jar (org.apache.commons:commons-compress:1.21) with MergeInstrumentationAnalysisTransform
[        ] Transforming httpclient-4.5.14.jar (org.apache.httpcomponents:httpclient:4.5.14) with InstrumentationAnalysisTransform
[        ] Transforming httpclient-4.5.14.jar (org.apache.httpcomponents:httpclient:4.5.14) with MergeInstrumentationAnalysisTransform
[        ] Transforming httpcore-4.4.16.jar (org.apache.httpcomponents:httpcore:4.4.16) with InstrumentationAnalysisTransform
[        ] Transforming httpcore-4.4.16.jar (org.apache.httpcomponents:httpcore:4.4.16) with MergeInstrumentationAnalysisTransform
[        ] Transforming javax.activation-1.2.0.jar (com.sun.activation:javax.activation:1.2.0) with InstrumentationAnalysisTransform
[        ] Transforming javax.activation-1.2.0.jar (com.sun.activation:javax.activation:1.2.0) with MergeInstrumentationAnalysisTransform
[        ] Transforming signflinger-8.4.0.jar (com.android:signflinger:8.4.0) with InstrumentationAnalysisTransform
[        ] Transforming signflinger-8.4.0.jar (com.android:signflinger:8.4.0) with MergeInstrumentationAnalysisTransform
[        ] Transforming zipflinger-8.4.0.jar (com.android:zipflinger:8.4.0) with InstrumentationAnalysisTransform
[        ] Transforming zipflinger-8.4.0.jar (com.android:zipflinger:8.4.0) with MergeInstrumentationAnalysisTransform
[        ] Transforming annotations-31.4.0.jar (com.android.tools:annotations:31.4.0) with InstrumentationAnalysisTransform
[        ] Transforming annotations-31.4.0.jar (com.android.tools:annotations:31.4.0) with MergeInstrumentationAnalysisTransform
[        ] Transforming jna-platform-5.6.0.jar (net.java.dev.jna:jna-platform:5.6.0) with InstrumentationAnalysisTransform
[        ] Transforming jna-platform-5.6.0.jar (net.java.dev.jna:jna-platform:5.6.0) with MergeInstrumentationAnalysisTransform
[        ] Transforming juniversalchardet-1.0.3.jar (com.googlecode.juniversalchardet:juniversalchardet:1.0.3) with InstrumentationAnalysisTransform
[        ] Transforming commons-compress-1.21.jar (org.apache.commons:commons-compress:1.21) with ExternalDependencyInstrumentingArtifactTransform
[        ] Transforming httpclient-4.5.14.jar (org.apache.httpcomponents:httpclient:4.5.14) with ExternalDependencyInstrumentingArtifactTransform
[        ] Transforming httpcore-4.4.16.jar (org.apache.httpcomponents:httpcore:4.4.16) with ExternalDependencyInstrumentingArtifactTransform
[        ] Transforming javax.activation-1.2.0.jar (com.sun.activation:javax.activation:1.2.0) with ExternalDependencyInstrumentingArtifactTransform
[        ] Transforming zipflinger-8.4.0.jar (com.android:zipflinger:8.4.0) with ExternalDependencyInstrumentingArtifactTransform
[        ] Transforming annotations-31.4.0.jar (com.android.tools:annotations:31.4.0) with ExternalDependencyInstrumentingArtifactTransform
[        ] Transforming jna-platform-5.6.0.jar (net.java.dev.jna:jna-platform:5.6.0) with ExternalDependencyInstrumentingArtifactTransform
[        ] Transforming juniversalchardet-1.0.3.jar (com.googlecode.juniversalchardet:juniversalchardet:1.0.3) with MergeInstrumentationAnalysisTransform
[        ] Transforming signflinger-8.4.0.jar (com.android:signflinger:8.4.0) with ExternalDependencyInstrumentingArtifactTransform
[        ] Transforming javax.annotation-api-1.3.2.jar (javax.annotation:javax.annotation-api:1.3.2) with InstrumentationAnalysisTransform
[        ] Transforming javax.annotation-api-1.3.2.jar (javax.annotation:javax.annotation-api:1.3.2) with MergeInstrumentationAnalysisTransform
[        ] Transforming stax-ex-1.8.1.jar (org.jvnet.staxex:stax-ex:1.8.1) with InstrumentationAnalysisTransform
[        ] Transforming stax-ex-1.8.1.jar (org.jvnet.staxex:stax-ex:1.8.1) with MergeInstrumentationAnalysisTransform
[        ] Transforming jakarta.xml.bind-api-2.3.2.jar (jakarta.xml.bind:jakarta.xml.bind-api:2.3.2) with InstrumentationAnalysisTransform
[        ] Transforming jakarta.xml.bind-api-2.3.2.jar (jakarta.xml.bind:jakarta.xml.bind-api:2.3.2) with MergeInstrumentationAnalysisTransform
[        ] Transforming juniversalchardet-1.0.3.jar (com.googlecode.juniversalchardet:juniversalchardet:1.0.3) with ExternalDependencyInstrumentingArtifactTransform
[        ] Transforming txw2-2.3.2.jar (org.glassfish.jaxb:txw2:2.3.2) with InstrumentationAnalysisTransform
[        ] Transforming txw2-2.3.2.jar (org.glassfish.jaxb:txw2:2.3.2) with MergeInstrumentationAnalysisTransform
[        ] Transforming javax.annotation-api-1.3.2.jar (javax.annotation:javax.annotation-api:1.3.2) with ExternalDependencyInstrumentingArtifactTransform
[        ] Transforming istack-commons-runtime-3.0.8.jar (com.sun.istack:istack-commons-runtime:3.0.8) with InstrumentationAnalysisTransform
[        ] Transforming jakarta.xml.bind-api-2.3.2.jar (jakarta.xml.bind:jakarta.xml.bind-api:2.3.2) with ExternalDependencyInstrumentingArtifactTransform
[        ] Transforming istack-commons-runtime-3.0.8.jar (com.sun.istack:istack-commons-runtime:3.0.8) with MergeInstrumentationAnalysisTransform
[        ] Transforming txw2-2.3.2.jar (org.glassfish.jaxb:txw2:2.3.2) with ExternalDependencyInstrumentingArtifactTransform
[        ] Transforming FastInfoset-1.2.16.jar (com.sun.xml.fastinfoset:FastInfoset:1.2.16) with InstrumentationAnalysisTransform
[        ] Transforming FastInfoset-1.2.16.jar (com.sun.xml.fastinfoset:FastInfoset:1.2.16) with MergeInstrumentationAnalysisTransform
[        ] Transforming jakarta.activation-api-1.2.1.jar (jakarta.activation:jakarta.activation-api:1.2.1) with InstrumentationAnalysisTransform
[        ] Transforming istack-commons-runtime-3.0.8.jar (com.sun.istack:istack-commons-runtime:3.0.8) with ExternalDependencyInstrumentingArtifactTransform
[        ] Transforming stax-ex-1.8.1.jar (org.jvnet.staxex:stax-ex:1.8.1) with ExternalDependencyInstrumentingArtifactTransform
[        ] Transforming jakarta.activation-api-1.2.1.jar (jakarta.activation:jakarta.activation-api:1.2.1) with MergeInstrumentationAnalysisTransform
[        ] Transforming FastInfoset-1.2.16.jar (com.sun.xml.fastinfoset:FastInfoset:1.2.16) with ExternalDependencyInstrumentingArtifactTransform
[        ] Transforming auto-value-annotations-1.6.2.jar (com.google.auto.value:auto-value-annotations:1.6.2) with InstrumentationAnalysisTransform
[        ] Transforming auto-value-annotations-1.6.2.jar (com.google.auto.value:auto-value-annotations:1.6.2) with MergeInstrumentationAnalysisTransform
[        ] Transforming jakarta.activation-api-1.2.1.jar (jakarta.activation:jakarta.activation-api:1.2.1) with ExternalDependencyInstrumentingArtifactTransform
[        ] Transforming error_prone_annotations-2.18.0.jar (com.google.errorprone:error_prone_annotations:2.18.0) with InstrumentationAnalysisTransform
[        ] Transforming error_prone_annotations-2.18.0.jar (com.google.errorprone:error_prone_annotations:2.18.0) with MergeInstrumentationAnalysisTransform
[        ] Transforming auto-value-annotations-1.6.2.jar (com.google.auto.value:auto-value-annotations:1.6.2) with ExternalDependencyInstrumentingArtifactTransform
[        ] Transforming jose4j-0.7.0.jar (org.bitbucket.b_c:jose4j:0.7.0) with InstrumentationAnalysisTransform
[        ] Transforming error_prone_annotations-2.18.0.jar (com.google.errorprone:error_prone_annotations:2.18.0) with ExternalDependencyInstrumentingArtifactTransform
[        ] Transforming jose4j-0.7.0.jar (org.bitbucket.b_c:jose4j:0.7.0) with MergeInstrumentationAnalysisTransform
[        ] Transforming slf4j-api-1.7.30.jar (org.slf4j:slf4j-api:1.7.30) with InstrumentationAnalysisTransform
[        ] Transforming slf4j-api-1.7.30.jar (org.slf4j:slf4j-api:1.7.30) with MergeInstrumentationAnalysisTransform
[        ] Transforming jdom2-2.0.6.jar (org.jdom:jdom2:2.0.6) with InstrumentationAnalysisTransform
[        ] Transforming jdom2-2.0.6.jar (org.jdom:jdom2:2.0.6) with MergeInstrumentationAnalysisTransform
[        ] Transforming jsr305-3.0.2.jar (com.google.code.findbugs:jsr305:3.0.2) with InstrumentationAnalysisTransform
[        ] Transforming jose4j-0.7.0.jar (org.bitbucket.b_c:jose4j:0.7.0) with ExternalDependencyInstrumentingArtifactTransform
[        ] Transforming jsr305-3.0.2.jar (com.google.code.findbugs:jsr305:3.0.2) with MergeInstrumentationAnalysisTransform
[        ] Transforming j2objc-annotations-2.8.jar (com.google.j2objc:j2objc-annotations:2.8) with InstrumentationAnalysisTransform
[        ] Transforming slf4j-api-1.7.30.jar (org.slf4j:slf4j-api:1.7.30) with ExternalDependencyInstrumentingArtifactTransform
[        ] Transforming jdom2-2.0.6.jar (org.jdom:jdom2:2.0.6) with ExternalDependencyInstrumentingArtifactTransform
[        ] Transforming jsr305-3.0.2.jar (com.google.code.findbugs:jsr305:3.0.2) with ExternalDependencyInstrumentingArtifactTransform
[        ] Transforming j2objc-annotations-2.8.jar (com.google.j2objc:j2objc-annotations:2.8) with MergeInstrumentationAnalysisTransform
[        ] Transforming annotations-4.1.1.4.jar (com.google.android:annotations:4.1.1.4) with InstrumentationAnalysisTransform
[        ] Transforming annotations-4.1.1.4.jar (com.google.android:annotations:4.1.1.4) with MergeInstrumentationAnalysisTransform
[        ] Transforming animal-sniffer-annotations-1.23.jar (org.codehaus.mojo:animal-sniffer-annotations:1.23) with InstrumentationAnalysisTransform
[        ] Transforming j2objc-annotations-2.8.jar (com.google.j2objc:j2objc-annotations:2.8) with ExternalDependencyInstrumentingArtifactTransform
[        ] Transforming animal-sniffer-annotations-1.23.jar (org.codehaus.mojo:animal-sniffer-annotations:1.23) with MergeInstrumentationAnalysisTransform
[        ] Transforming perfmark-api-0.26.0.jar (io.perfmark:perfmark-api:0.26.0) with InstrumentationAnalysisTransform
[        ] Transforming annotations-4.1.1.4.jar (com.google.android:annotations:4.1.1.4) with ExternalDependencyInstrumentingArtifactTransform
[        ] Transforming perfmark-api-0.26.0.jar (io.perfmark:perfmark-api:0.26.0) with MergeInstrumentationAnalysisTransform
[        ] Transforming netty-codec-http2-4.1.93.Final.jar (io.netty:netty-codec-http2:4.1.93.Final) with InstrumentationAnalysisTransform
[        ] Transforming animal-sniffer-annotations-1.23.jar (org.codehaus.mojo:animal-sniffer-annotations:1.23) with ExternalDependencyInstrumentingArtifactTransform
[        ] Transforming perfmark-api-0.26.0.jar (io.perfmark:perfmark-api:0.26.0) with ExternalDependencyInstrumentingArtifactTransform
[        ] Transforming netty-codec-http2-4.1.93.Final.jar (io.netty:netty-codec-http2:4.1.93.Final) with MergeInstrumentationAnalysisTransform
[        ] Transforming netty-handler-proxy-4.1.93.Final.jar (io.netty:netty-handler-proxy:4.1.93.Final) with InstrumentationAnalysisTransform
[        ] Transforming netty-handler-proxy-4.1.93.Final.jar (io.netty:netty-handler-proxy:4.1.93.Final) with MergeInstrumentationAnalysisTransform
[        ] Transforming netty-codec-http-4.1.93.Final.jar (io.netty:netty-codec-http:4.1.93.Final) with InstrumentationAnalysisTransform
[        ] Transforming netty-codec-http2-4.1.93.Final.jar (io.netty:netty-codec-http2:4.1.93.Final) with ExternalDependencyInstrumentingArtifactTransform
[        ] Transforming netty-handler-proxy-4.1.93.Final.jar (io.netty:netty-handler-proxy:4.1.93.Final) with ExternalDependencyInstrumentingArtifactTransform
[        ] Transforming netty-codec-http-4.1.93.Final.jar (io.netty:netty-codec-http:4.1.93.Final) with MergeInstrumentationAnalysisTransform
[        ] Transforming netty-handler-4.1.93.Final.jar (io.netty:netty-handler:4.1.93.Final) with InstrumentationAnalysisTransform
[        ] Transforming netty-handler-4.1.93.Final.jar (io.netty:netty-handler:4.1.93.Final) with MergeInstrumentationAnalysisTransform
[        ] Transforming netty-transport-native-unix-common-4.1.93.Final.jar (io.netty:netty-transport-native-unix-common:4.1.93.Final) with InstrumentationAnalysisTransform
[        ] Transforming netty-transport-native-unix-common-4.1.93.Final.jar (io.netty:netty-transport-native-unix-common:4.1.93.Final) with MergeInstrumentationAnalysisTransform
[        ] Transforming checker-qual-3.33.0.jar (org.checkerframework:checker-qual:3.33.0) with InstrumentationAnalysisTransform
[        ] Transforming checker-qual-3.33.0.jar (org.checkerframework:checker-qual:3.33.0) with MergeInstrumentationAnalysisTransform
[        ] Transforming commons-codec-1.11.jar (commons-codec:commons-codec:1.11) with InstrumentationAnalysisTransform
[        ] Transforming netty-codec-http-4.1.93.Final.jar (io.netty:netty-codec-http:4.1.93.Final) with ExternalDependencyInstrumentingArtifactTransform
[        ] Transforming checker-qual-3.33.0.jar (org.checkerframework:checker-qual:3.33.0) with ExternalDependencyInstrumentingArtifactTransform
[        ] Transforming commons-codec-1.11.jar (commons-codec:commons-codec:1.11) with MergeInstrumentationAnalysisTransform
[        ] Transforming netty-handler-4.1.93.Final.jar (io.netty:netty-handler:4.1.93.Final) with ExternalDependencyInstrumentingArtifactTransform
[        ] Transforming netty-transport-native-unix-common-4.1.93.Final.jar (io.netty:netty-transport-native-unix-common:4.1.93.Final) with ExternalDependencyInstrumentingArtifactTransform
[        ] Transforming commons-codec-1.11.jar (commons-codec:commons-codec:1.11) with ExternalDependencyInstrumentingArtifactTransform
[        ] Transforming apksig-8.4.0.jar (com.android.tools.build:apksig:8.4.0) with InstrumentationAnalysisTransform
[        ] Transforming apksig-8.4.0.jar (com.android.tools.build:apksig:8.4.0) with MergeInstrumentationAnalysisTransform
[        ] Transforming javawriter-2.5.0.jar (com.squareup:javawriter:2.5.0) with InstrumentationAnalysisTransform
[        ] Transforming javawriter-2.5.0.jar (com.squareup:javawriter:2.5.0) with MergeInstrumentationAnalysisTransform
[        ] Transforming kotlin-gradle-plugin-annotations-1.9.24.jar (org.jetbrains.kotlin:kotlin-gradle-plugin-annotations:1.9.24) with InstrumentationAnalysisTransform
[        ] Transforming apksig-8.4.0.jar (com.android.tools.build:apksig:8.4.0) with ExternalDependencyInstrumentingArtifactTransform
[        ] Transforming kotlin-gradle-plugin-annotations-1.9.24.jar (org.jetbrains.kotlin:kotlin-gradle-plugin-annotations:1.9.24) with MergeInstrumentationAnalysisTransform
[        ] Transforming kotlin-project-model-1.9.24.jar (org.jetbrains.kotlin:kotlin-project-model:1.9.24) with InstrumentationAnalysisTransform
[        ] Transforming kotlin-project-model-1.9.24.jar (org.jetbrains.kotlin:kotlin-project-model:1.9.24) with MergeInstrumentationAnalysisTransform
[        ] Transforming kotlin-tooling-core-1.9.24.jar (org.jetbrains.kotlin:kotlin-tooling-core:1.9.24) with InstrumentationAnalysisTransform
[        ] Transforming kotlin-gradle-plugin-annotations-1.9.24.jar (org.jetbrains.kotlin:kotlin-gradle-plugin-annotations:1.9.24) with ExternalDependencyInstrumentingArtifactTransform
[        ] Transforming javawriter-2.5.0.jar (com.squareup:javawriter:2.5.0) with ExternalDependencyInstrumentingArtifactTransform
[        ] Transforming kotlin-project-model-1.9.24.jar (org.jetbrains.kotlin:kotlin-project-model:1.9.24) with ExternalDependencyInstrumentingArtifactTransform
[        ] Transforming kotlin-tooling-core-1.9.24.jar (org.jetbrains.kotlin:kotlin-tooling-core:1.9.24) with MergeInstrumentationAnalysisTransform
[        ] Transforming kotlin-util-io-1.9.24.jar (org.jetbrains.kotlin:kotlin-util-io:1.9.24) with InstrumentationAnalysisTransform
[        ] Transforming kotlin-util-io-1.9.24.jar (org.jetbrains.kotlin:kotlin-util-io:1.9.24) with MergeInstrumentationAnalysisTransform
[        ] Transforming kotlin-daemon-embeddable-1.9.24.jar (org.jetbrains.kotlin:kotlin-daemon-embeddable:1.9.24) with InstrumentationAnalysisTransform
[        ] Transforming kotlin-daemon-embeddable-1.9.24.jar (org.jetbrains.kotlin:kotlin-daemon-embeddable:1.9.24) with MergeInstrumentationAnalysisTransform
[        ] Transforming kotlin-daemon-client-1.9.24.jar (org.jetbrains.kotlin:kotlin-daemon-client:1.9.24) with InstrumentationAnalysisTransform
[        ] Transforming kotlin-tooling-core-1.9.24.jar (org.jetbrains.kotlin:kotlin-tooling-core:1.9.24) with ExternalDependencyInstrumentingArtifactTransform
[        ] Transforming kotlin-daemon-client-1.9.24.jar (org.jetbrains.kotlin:kotlin-daemon-client:1.9.24) with MergeInstrumentationAnalysisTransform
[        ] Transforming kotlinx-coroutines-core-jvm-1.5.0.jar (org.jetbrains.kotlinx:kotlinx-coroutines-core-jvm:1.5.0) with InstrumentationAnalysisTransform
[        ] Transforming kotlin-util-io-1.9.24.jar (org.jetbrains.kotlin:kotlin-util-io:1.9.24) with ExternalDependencyInstrumentingArtifactTransform
[        ] Transforming kotlinx-coroutines-core-jvm-1.5.0.jar (org.jetbrains.kotlinx:kotlinx-coroutines-core-jvm:1.5.0) with MergeInstrumentationAnalysisTransform
[        ] Transforming kotlin-daemon-embeddable-1.9.24.jar (org.jetbrains.kotlin:kotlin-daemon-embeddable:1.9.24) with ExternalDependencyInstrumentingArtifactTransform
[        ] Transforming kotlinx-coroutines-core-jvm-1.5.0.jar (org.jetbrains.kotlinx:kotlinx-coroutines-core-jvm:1.5.0) with ExternalDependencyInstrumentingArtifactTransform
[        ] Transforming kotlin-scripting-jvm-1.9.24.jar (org.jetbrains.kotlin:kotlin-scripting-jvm:1.9.24) with InstrumentationAnalysisTransform
[        ] Transforming kotlin-daemon-client-1.9.24.jar (org.jetbrains.kotlin:kotlin-daemon-client:1.9.24) with ExternalDependencyInstrumentingArtifactTransform
[        ] Transforming kotlin-scripting-jvm-1.9.24.jar (org.jetbrains.kotlin:kotlin-scripting-jvm:1.9.24) with MergeInstrumentationAnalysisTransform
[        ] Transforming kotlin-scripting-common-1.9.24.jar (org.jetbrains.kotlin:kotlin-scripting-common:1.9.24) with InstrumentationAnalysisTransform
[        ] Transforming kotlin-scripting-common-1.9.24.jar (org.jetbrains.kotlin:kotlin-scripting-common:1.9.24) with MergeInstrumentationAnalysisTransform
[        ] Transforming kotlin-scripting-jvm-1.9.24.jar (org.jetbrains.kotlin:kotlin-scripting-jvm:1.9.24) with ExternalDependencyInstrumentingArtifactTransform
[        ] Transforming failureaccess-1.0.1.jar (com.google.guava:failureaccess:1.0.1) with InstrumentationAnalysisTransform
[        ] Transforming failureaccess-1.0.1.jar (com.google.guava:failureaccess:1.0.1) with MergeInstrumentationAnalysisTransform
[        ] Transforming kotlin-scripting-common-1.9.24.jar (org.jetbrains.kotlin:kotlin-scripting-common:1.9.24) with ExternalDependencyInstrumentingArtifactTransform
[        ] Transforming failureaccess-1.0.1.jar (com.google.guava:failureaccess:1.0.1) with ExternalDependencyInstrumentingArtifactTransform
[        ] Transforming listenablefuture-9999.0-empty-to-avoid-conflict-with-guava.jar (com.google.guava:listenablefuture:9999.0-empty-to-avoid-conflict-with-guava) with InstrumentationAnalysisTransform
[        ] Transforming listenablefuture-9999.0-empty-to-avoid-conflict-with-guava.jar (com.google.guava:listenablefuture:9999.0-empty-to-avoid-conflict-with-guava) with MergeInstrumentationAnalysisTransform
[        ] Transforming commons-logging-1.2.jar (commons-logging:commons-logging:1.2) with InstrumentationAnalysisTransform
[        ] Transforming commons-logging-1.2.jar (commons-logging:commons-logging:1.2) with MergeInstrumentationAnalysisTransform
[        ] Transforming jna-5.6.0.jar (net.java.dev.jna:jna:5.6.0) with InstrumentationAnalysisTransform
[        ] Transforming listenablefuture-9999.0-empty-to-avoid-conflict-with-guava.jar (com.google.guava:listenablefuture:9999.0-empty-to-avoid-conflict-with-guava) with ExternalDependencyInstrumentingArtifactTransform
[        ] Transforming jna-5.6.0.jar (net.java.dev.jna:jna:5.6.0) with MergeInstrumentationAnalysisTransform
[        ] Transforming commons-logging-1.2.jar (commons-logging:commons-logging:1.2) with ExternalDependencyInstrumentingArtifactTransform
[        ] Transforming netty-codec-socks-4.1.93.Final.jar (io.netty:netty-codec-socks:4.1.93.Final) with InstrumentationAnalysisTransform
[        ] Transforming jna-5.6.0.jar (net.java.dev.jna:jna:5.6.0) with ExternalDependencyInstrumentingArtifactTransform
[        ] Transforming netty-codec-socks-4.1.93.Final.jar (io.netty:netty-codec-socks:4.1.93.Final) with MergeInstrumentationAnalysisTransform
[        ] Transforming netty-codec-4.1.93.Final.jar (io.netty:netty-codec:4.1.93.Final) with InstrumentationAnalysisTransform
[        ] Transforming netty-codec-4.1.93.Final.jar (io.netty:netty-codec:4.1.93.Final) with MergeInstrumentationAnalysisTransform
[        ] Transforming netty-transport-4.1.93.Final.jar (io.netty:netty-transport:4.1.93.Final) with InstrumentationAnalysisTransform
[        ] Transforming netty-codec-socks-4.1.93.Final.jar (io.netty:netty-codec-socks:4.1.93.Final) with ExternalDependencyInstrumentingArtifactTransform
[        ] Transforming netty-transport-4.1.93.Final.jar (io.netty:netty-transport:4.1.93.Final) with MergeInstrumentationAnalysisTransform
[        ] Transforming netty-buffer-4.1.93.Final.jar (io.netty:netty-buffer:4.1.93.Final) with InstrumentationAnalysisTransform
[        ] Transforming netty-codec-4.1.93.Final.jar (io.netty:netty-codec:4.1.93.Final) with ExternalDependencyInstrumentingArtifactTransform
[        ] Transforming netty-transport-4.1.93.Final.jar (io.netty:netty-transport:4.1.93.Final) with ExternalDependencyInstrumentingArtifactTransform
[        ] Transforming netty-buffer-4.1.93.Final.jar (io.netty:netty-buffer:4.1.93.Final) with MergeInstrumentationAnalysisTransform
[        ] Transforming netty-resolver-4.1.93.Final.jar (io.netty:netty-resolver:4.1.93.Final) with InstrumentationAnalysisTransform
[        ] Transforming netty-resolver-4.1.93.Final.jar (io.netty:netty-resolver:4.1.93.Final) with MergeInstrumentationAnalysisTransform
[        ] Transforming netty-common-4.1.93.Final.jar (io.netty:netty-common:4.1.93.Final) with InstrumentationAnalysisTransform
[        ] Transforming netty-common-4.1.93.Final.jar (io.netty:netty-common:4.1.93.Final) with MergeInstrumentationAnalysisTransform
[        ] Transforming netty-buffer-4.1.93.Final.jar (io.netty:netty-buffer:4.1.93.Final) with ExternalDependencyInstrumentingArtifactTransform
[        ] Transforming netty-common-4.1.93.Final.jar (io.netty:netty-common:4.1.93.Final) with ExternalDependencyInstrumentingArtifactTransform
[        ] Transforming netty-resolver-4.1.93.Final.jar (io.netty:netty-resolver:4.1.93.Final) with ExternalDependencyInstrumentingArtifactTransform
[        ] Build was configured to prefer settings repositories over project repositories but repository 'Google' was added by build file 'build.gradle.kts'
[        ] Build was configured to prefer settings repositories over project repositories but repository 'MavenRepo' was added by build file 'build.gradle.kts'
[        ] Build was configured to prefer settings repositories over project repositories but repository 'maven' was added by build file 'build.gradle.kts'
[        ] Build was configured to prefer settings repositories over project repositories but repository 'Google' was added by build file 'build.gradle.kts'
[        ] Build was configured to prefer settings repositories over project repositories but repository 'MavenRepo' was added by build file 'build.gradle.kts'
[        ] Build was configured to prefer settings repositories over project repositories but repository 'maven' was added by build file 'build.gradle.kts'
[        ] Build was configured to prefer settings repositories over project repositories but repository 'Google' was added by build file 'build.gradle.kts'
[        ] Build was configured to prefer settings repositories over project repositories but repository 'MavenRepo' was added by build file 'build.gradle.kts'
[        ] Build was configured to prefer settings repositories over project repositories but repository 'maven' was added by build file 'build.gradle.kts'
[        ] Build was configured to prefer settings repositories over project repositories but repository 'Google' was added by build file 'build.gradle.kts'
[        ] Build was configured to prefer settings repositories over project repositories but repository 'MavenRepo' was added by build file 'build.gradle.kts'
[        ] Build was configured to prefer settings repositories over project repositories but repository 'maven' was added by build file 'build.gradle.kts'
[        ] Build was configured to prefer settings repositories over project repositories but repository 'Google' was added by build file 'build.gradle.kts'
[        ] Build was configured to prefer settings repositories over project repositories but repository 'MavenRepo' was added by build file 'build.gradle.kts'
[        ] Build was configured to prefer settings repositories over project repositories but repository 'maven' was added by build file 'build.gradle.kts'
[        ] Build was configured to prefer settings repositories over project repositories but repository 'Google' was added by build file 'build.gradle.kts'
[        ] Build was configured to prefer settings repositories over project repositories but repository 'MavenRepo' was added by build file 'build.gradle.kts'
[        ] Build was configured to prefer settings repositories over project repositories but repository 'maven' was added by build file 'build.gradle.kts'
[        ] Build was configured to prefer settings repositories over project repositories but repository 'Google' was added by build file 'build.gradle.kts'
[        ] Build was configured to prefer settings repositories over project repositories but repository 'MavenRepo' was added by build file 'build.gradle.kts'
[        ] Build was configured to prefer settings repositories over project repositories but repository 'maven' was added by build file 'build.gradle.kts'
[        ] Build was configured to prefer settings repositories over project repositories but repository 'Google' was added by build file 'build.gradle.kts'
[        ] Build was configured to prefer settings repositories over project repositories but repository 'MavenRepo' was added by build file 'build.gradle.kts'
[        ] Build was configured to prefer settings repositories over project repositories but repository 'maven' was added by build file 'build.gradle.kts'
[        ] Build was configured to prefer settings repositories over project repositories but repository 'Google' was added by build file 'build.gradle.kts'
[        ] Build was configured to prefer settings repositories over project repositories but repository 'MavenRepo' was added by build file 'build.gradle.kts'
[        ] Build was configured to prefer settings repositories over project repositories but repository 'maven' was added by build file 'build.gradle.kts'
[        ] Build was configured to prefer settings repositories over project repositories but repository 'Google' was added by build file 'build.gradle.kts'
[        ] Build was configured to prefer settings repositories over project repositories but repository 'MavenRepo' was added by build file 'build.gradle.kts'
[        ] Build was configured to prefer settings repositories over project repositories but repository 'maven' was added by build file 'build.gradle.kts'
[        ] Build was configured to prefer settings repositories over project repositories but repository 'Google' was added by build file 'build.gradle.kts'
[        ] Build was configured to prefer settings repositories over project repositories but repository 'MavenRepo' was added by build file 'build.gradle.kts'
[        ] Build was configured to prefer settings repositories over project repositories but repository 'maven' was added by build file 'build.gradle.kts'
[        ] Build was configured to prefer settings repositories over project repositories but repository 'Google' was added by build file 'build.gradle.kts'
[        ] Build was configured to prefer settings repositories over project repositories but repository 'MavenRepo' was added by build file 'build.gradle.kts'
[        ] Build was configured to prefer settings repositories over project repositories but repository 'maven' was added by build file 'build.gradle.kts'
[        ] Build was configured to prefer settings repositories over project repositories but repository 'Google' was added by build file 'build.gradle.kts'
[        ] Build was configured to prefer settings repositories over project repositories but repository 'MavenRepo' was added by build file 'build.gradle.kts'
[        ] Build was configured to prefer settings repositories over project repositories but repository 'maven' was added by build file 'build.gradle.kts'
[        ] Build was configured to prefer settings repositories over project repositories but repository 'Google' was added by build file 'build.gradle.kts'
[        ] Build was configured to prefer settings repositories over project repositories but repository 'MavenRepo' was added by build file 'build.gradle.kts'
[        ] Build was configured to prefer settings repositories over project repositories but repository 'maven' was added by build file 'build.gradle.kts'
[        ] Build was configured to prefer settings repositories over project repositories but repository 'Google' was added by build file 'build.gradle.kts'
[        ] Build was configured to prefer settings repositories over project repositories but repository 'MavenRepo' was added by build file 'build.gradle.kts'
[        ] Build was configured to prefer settings repositories over project repositories but repository 'maven' was added by build file 'build.gradle.kts'
[ +235 ms] > Configure project :device_info_plus
[        ] Evaluating project ':device_info_plus' using build file 'C:\Users\jakao\AppData\Local\Pub\Cache\hosted\pub.dev\device_info_plus-11.5.0\android\build.gradle'.
[        ] Transforming gradle-8.3.1.jar (com.android.tools.build:gradle:8.3.1) with InstrumentationAnalysisTransform
[        ] Transforming kotlin-gradle-plugin-1.7.22-gradle71.jar (org.jetbrains.kotlin:kotlin-gradle-plugin:1.7.22) with InstrumentationAnalysisTransform
[        ] Transforming gradle-settings-api-8.3.1.jar (com.android.tools.build:gradle-settings-api:8.3.1) with InstrumentationAnalysisTransform
[        ] Transforming lint-model-31.3.1.jar (com.android.tools.lint:lint-model:31.3.1) with InstrumentationAnalysisTransform
[        ] Transforming builder-8.3.1.jar (com.android.tools.build:builder:8.3.1) with InstrumentationAnalysisTransform
[        ] Transforming manifest-merger-31.3.1.jar (com.android.tools.build:manifest-merger:31.3.1) with InstrumentationAnalysisTransform
[        ] Transforming sdk-common-31.3.1.jar (com.android.tools:sdk-common:31.3.1) with InstrumentationAnalysisTransform
[        ] Transforming sdklib-31.3.1.jar (com.android.tools:sdklib:31.3.1) with InstrumentationAnalysisTransform
[        ] Transforming repository-31.3.1.jar (com.android.tools:repository:31.3.1) with InstrumentationAnalysisTransform
[        ] Transforming gradle-api-8.3.1.jar (com.android.tools.build:gradle-api:8.3.1) with InstrumentationAnalysisTransform
[        ] Transforming builder-test-api-8.3.1.jar (com.android.tools.build:builder-test-api:8.3.1) with InstrumentationAnalysisTransform
[        ] Transforming ddmlib-31.3.1.jar (com.android.tools.ddms:ddmlib:31.3.1) with InstrumentationAnalysisTransform
[        ] Transforming aaptcompiler-8.3.1.jar (com.android.tools.build:aaptcompiler:8.3.1) with InstrumentationAnalysisTransform
[        ] Transforming bundletool-1.15.6.jar (com.android.tools.build:bundletool:1.15.6) with InstrumentationAnalysisTransform
[        ] Transforming aapt2-proto-8.3.1-10880808.jar (com.android.tools.build:aapt2-proto:8.3.1-10880808) with InstrumentationAnalysisTransform
[        ] Transforming crash-31.3.1.jar (com.android.tools.analytics-library:crash:31.3.1) with InstrumentationAnalysisTransform
[        ] Transforming tracker-31.3.1.jar (com.android.tools.analytics-library:tracker:31.3.1) with InstrumentationAnalysisTransform
[        ] Transforming shared-31.3.1.jar (com.android.tools.analytics-library:shared:31.3.1) with InstrumentationAnalysisTransform
[        ] Transforming lint-typedef-remover-31.3.1.jar (com.android.tools.lint:lint-typedef-remover:31.3.1) with InstrumentationAnalysisTransform
[        ] Transforming databinding-compiler-common-8.3.1.jar (androidx.databinding:databinding-compiler-common:8.3.1) with InstrumentationAnalysisTransform
[        ] Transforming databinding-common-8.3.1.jar (androidx.databinding:databinding-common:8.3.1) with InstrumentationAnalysisTransform
[        ] Transforming baseLibrary-8.3.1.jar (com.android.databinding:baseLibrary:8.3.1) with InstrumentationAnalysisTransform
[        ] Transforming layoutlib-api-31.3.1.jar (com.android.tools.layoutlib:layoutlib-api:31.3.1) with InstrumentationAnalysisTransform
[        ] Transforming android-device-provider-ddmlib-proto-31.3.1.jar (com.android.tools.utp:android-device-provider-ddmlib-proto:31.3.1) with InstrumentationAnalysisTransform
[        ] Transforming android-device-provider-gradle-proto-31.3.1.jar (com.android.tools.utp:android-device-provider-gradle-proto:31.3.1) with InstrumentationAnalysisTransform
[        ] Transforming android-test-plugin-host-additional-test-output-proto-31.3.1.jar (com.android.tools.utp:android-test-plugin-host-additional-test-output-proto:31.3.1) with InstrumentationAnalysisTransform
[        ] Transforming android-test-plugin-host-coverage-proto-31.3.1.jar (com.android.tools.utp:android-test-plugin-host-coverage-proto:31.3.1) with InstrumentationAnalysisTransform
[        ] Transforming android-test-plugin-host-emulator-control-proto-31.3.1.jar (com.android.tools.utp:android-test-plugin-host-emulator-control-proto:31.3.1) with InstrumentationAnalysisTransform
[        ] Transforming android-test-plugin-host-logcat-proto-31.3.1.jar (com.android.tools.utp:android-test-plugin-host-logcat-proto:31.3.1) with InstrumentationAnalysisTransform
[        ] Transforming android-test-plugin-host-apk-installer-proto-31.3.1.jar (com.android.tools.utp:android-test-plugin-host-apk-installer-proto:31.3.1) with InstrumentationAnalysisTransform
[        ] Transforming android-test-plugin-host-retention-proto-31.3.1.jar (com.android.tools.utp:android-test-plugin-host-retention-proto:31.3.1) with InstrumentationAnalysisTransform
[        ] Transforming android-test-plugin-result-listener-gradle-proto-31.3.1.jar (com.android.tools.utp:android-test-plugin-result-listener-gradle-proto:31.3.1) with InstrumentationAnalysisTransform
[        ] Transforming builder-model-8.3.1.jar (com.android.tools.build:builder-model:8.3.1) with InstrumentationAnalysisTransform
[        ] Transforming dvlib-31.3.1.jar (com.android.tools:dvlib:31.3.1) with InstrumentationAnalysisTransform
[        ] Transforming common-31.3.1.jar (com.android.tools:common:31.3.1) with InstrumentationAnalysisTransform
[        ] Transforming jetifier-processor-1.0.0-beta10.jar (com.android.tools.build.jetifier:jetifier-processor:1.0.0-beta10) with InstrumentationAnalysisTransform
[        ] Transforming jetifier-core-1.0.0-beta10.jar (com.android.tools.build.jetifier:jetifier-core:1.0.0-beta10) with InstrumentationAnalysisTransform
[        ] Transforming kotlin-reflect-1.9.20.jar (org.jetbrains.kotlin:kotlin-reflect:1.9.20) with InstrumentationAnalysisTransform
[        ] Transforming kotlin-stdlib-jdk7-1.9.20.jar (org.jetbrains.kotlin:kotlin-stdlib-jdk7:1.9.20) with InstrumentationAnalysisTransform
[        ] Transforming kotlin-stdlib-1.9.20.jar (org.jetbrains.kotlin:kotlin-stdlib:1.9.20) with InstrumentationAnalysisTransform
[        ] Transforming kotlin-stdlib-jdk8-1.9.20.jar (org.jetbrains.kotlin:kotlin-stdlib-jdk8:1.9.20) with InstrumentationAnalysisTransform
[        ] Transforming transform-api-2.0.0-deprecated-use-gradle-api.jar (com.android.tools.build:transform-api:2.0.0-deprecated-use-gradle-api) with InstrumentationAnalysisTransform
[        ] Transforming httpmime-4.5.6.jar (org.apache.httpcomponents:httpmime:4.5.6) with InstrumentationAnalysisTransform
[        ] Transforming commons-io-2.13.0.jar (commons-io:commons-io:2.13.0) with InstrumentationAnalysisTransform
[        ] Transforming asm-commons-9.6.jar (org.ow2.asm:asm-commons:9.6) with InstrumentationAnalysisTransform
[        ] Transforming asm-util-9.6.jar (org.ow2.asm:asm-util:9.6) with InstrumentationAnalysisTransform
[        ] Transforming asm-analysis-9.6.jar (org.ow2.asm:asm-analysis:9.6) with InstrumentationAnalysisTransform
[        ] Transforming asm-tree-9.6.jar (org.ow2.asm:asm-tree:9.6) with InstrumentationAnalysisTransform
[        ] Transforming asm-9.6.jar (org.ow2.asm:asm:9.6) with InstrumentationAnalysisTransform
[        ] Transforming apkzlib-8.3.1.jar (com.android.tools.build:apkzlib:8.3.1) with InstrumentationAnalysisTransform
[        ] Transforming bcpkix-jdk15on-1.67.jar (org.bouncycastle:bcpkix-jdk15on:1.67) with InstrumentationAnalysisTransform
[        ] Transforming jaxb-runtime-2.3.2.jar (org.glassfish.jaxb:jaxb-runtime:2.3.2) with InstrumentationAnalysisTransform
[        ] Transforming jopt-simple-4.9.jar (net.sf.jopt-simple:jopt-simple:4.9) with InstrumentationAnalysisTransform
[        ] Transforming javapoet-1.10.0.jar (com.squareup:javapoet:1.10.0) with InstrumentationAnalysisTransform
[        ] Transforming protobuf-java-util-3.22.3.jar (com.google.protobuf:protobuf-java-util:3.22.3) with InstrumentationAnalysisTransform
[        ] Transforming grpc-protobuf-1.57.0.jar (io.grpc:grpc-protobuf:1.57.0) with InstrumentationAnalysisTransform
[        ] Transforming tink-1.7.0.jar (com.google.crypto.tink:tink:1.7.0) with InstrumentationAnalysisTransform
[        ] Transforming protos-31.3.1.jar (com.android.tools.analytics-library:protos:31.3.1) with InstrumentationAnalysisTransform
[        ] Transforming proto-google-common-protos-2.17.0.jar (com.google.api.grpc:proto-google-common-protos:2.17.0) with InstrumentationAnalysisTransform
[        ] Transforming protobuf-java-3.22.3.jar (com.google.protobuf:protobuf-java:3.22.3) with InstrumentationAnalysisTransform
[        ] Transforming grpc-netty-1.57.0.jar (io.grpc:grpc-netty:1.57.0) with InstrumentationAnalysisTransform
[        ] Transforming grpc-core-1.57.0.jar (io.grpc:grpc-core:1.57.0) with InstrumentationAnalysisTransform
[        ] Transforming gson-2.10.1.jar (com.google.code.gson:gson:2.10.1) with InstrumentationAnalysisTransform
[        ] Transforming grpc-stub-1.57.0.jar (io.grpc:grpc-stub:1.57.0) with InstrumentationAnalysisTransform
[        ] Transforming core-proto-0.0.9-alpha02.jar (com.google.testing.platform:core-proto:0.0.9-alpha02) with InstrumentationAnalysisTransform
[        ] Transforming kxml2-2.3.0.jar (net.sf.kxml:kxml2:2.3.0) with InstrumentationAnalysisTransform
[        ] Transforming tensorflow-lite-metadata-0.1.0-rc2.jar (org.tensorflow:tensorflow-lite-metadata:0.1.0-rc2) with InstrumentationAnalysisTransform
[        ] Transforming flatbuffers-java-1.12.0.jar (com.google.flatbuffers:flatbuffers-java:1.12.0) with InstrumentationAnalysisTransform
[        ] Transforming kotlin-gradle-plugin-model-1.7.22.jar (org.jetbrains.kotlin:kotlin-gradle-plugin-model:1.7.22) with InstrumentationAnalysisTransform
[        ] Transforming kotlin-gradle-plugin-api-1.7.22-gradle71.jar (org.jetbrains.kotlin:kotlin-gradle-plugin-api:1.7.22) with InstrumentationAnalysisTransform
[        ] Transforming kotlin-gradle-plugin-api-1.7.22.jar (org.jetbrains.kotlin:kotlin-gradle-plugin-api:1.7.22) with InstrumentationAnalysisTransform
[        ] Transforming kotlin-gradle-plugin-idea-proto-1.7.22.jar (org.jetbrains.kotlin:kotlin-gradle-plugin-idea-proto:1.7.22) with InstrumentationAnalysisTransform
[        ] Transforming kotlin-gradle-plugin-idea-1.7.22.jar (org.jetbrains.kotlin:kotlin-gradle-plugin-idea:1.7.22) with InstrumentationAnalysisTransform
[        ] Transforming kotlin-project-model-1.7.22.jar (org.jetbrains.kotlin:kotlin-project-model:1.7.22) with InstrumentationAnalysisTransform
[        ] Transforming kotlin-tooling-core-1.7.22.jar (org.jetbrains.kotlin:kotlin-tooling-core:1.7.22) with InstrumentationAnalysisTransform
[        ] Transforming kotlin-util-klib-1.7.22.jar (org.jetbrains.kotlin:kotlin-util-klib:1.7.22) with InstrumentationAnalysisTransform
[        ] Transforming kotlin-klib-commonizer-api-1.7.22.jar (org.jetbrains.kotlin:kotlin-klib-commonizer-api:1.7.22) with InstrumentationAnalysisTransform
[        ] Transforming kotlin-annotation-processing-gradle-1.7.22.jar (org.jetbrains.kotlin:kotlin-annotation-processing-gradle:1.7.22) with InstrumentationAnalysisTransform
[        ] Transforming kotlin-android-extensions-1.7.22.jar (org.jetbrains.kotlin:kotlin-android-extensions:1.7.22) with InstrumentationAnalysisTransform
[        ] Transforming kotlin-compiler-runner-1.7.22.jar (org.jetbrains.kotlin:kotlin-compiler-runner:1.7.22) with InstrumentationAnalysisTransform
[        ] Transforming kotlin-compiler-embeddable-1.7.22.jar (org.jetbrains.kotlin:kotlin-compiler-embeddable:1.7.22) with InstrumentationAnalysisTransform
[        ] Transforming kotlin-scripting-compiler-embeddable-1.7.22.jar (org.jetbrains.kotlin:kotlin-scripting-compiler-embeddable:1.7.22) with InstrumentationAnalysisTransform
[        ] Transforming kotlin-scripting-compiler-impl-embeddable-1.7.22.jar (org.jetbrains.kotlin:kotlin-scripting-compiler-impl-embeddable:1.7.22) with InstrumentationAnalysisTransform
[        ] Transforming jimfs-1.1.jar (com.google.jimfs:jimfs:1.1) with InstrumentationAnalysisTransform
[        ] Transforming grpc-context-1.57.0.jar (io.grpc:grpc-context:1.57.0) with InstrumentationAnalysisTransform
[        ] Transforming grpc-protobuf-lite-1.57.0.jar (io.grpc:grpc-protobuf-lite:1.57.0) with InstrumentationAnalysisTransform
[        ] Transforming grpc-api-1.57.0.jar (io.grpc:grpc-api:1.57.0) with InstrumentationAnalysisTransform
[        ] Transforming guava-32.0.1-jre.jar (com.google.guava:guava:32.0.1-jre) with InstrumentationAnalysisTransform
[        ] Transforming dagger-2.28.3.jar (com.google.dagger:dagger:2.28.3) with InstrumentationAnalysisTransform
[        ] Transforming javax.inject-1.jar (javax.inject:javax.inject:1) with InstrumentationAnalysisTransform
[        ] Transforming bcprov-jdk15on-1.67.jar (org.bouncycastle:bcprov-jdk15on:1.67) with InstrumentationAnalysisTransform
[        ] Transforming trove4j-1.0.20200330.jar (org.jetbrains.intellij.deps:trove4j:1.0.20200330) with InstrumentationAnalysisTransform
[        ] Transforming commons-compress-1.21.jar (org.apache.commons:commons-compress:1.21) with InstrumentationAnalysisTransform
[        ] Transforming httpclient-4.5.14.jar (org.apache.httpcomponents:httpclient:4.5.14) with InstrumentationAnalysisTransform
[        ] Transforming httpcore-4.4.16.jar (org.apache.httpcomponents:httpcore:4.4.16) with InstrumentationAnalysisTransform
[        ] Transforming javax.activation-1.2.0.jar (com.sun.activation:javax.activation:1.2.0) with InstrumentationAnalysisTransform
[        ] Transforming annotations-23.0.0.jar (org.jetbrains:annotations:23.0.0) with InstrumentationAnalysisTransform
[        ] Transforming signflinger-8.3.1.jar (com.android:signflinger:8.3.1) with InstrumentationAnalysisTransform
[        ] Transforming zipflinger-8.3.1.jar (com.android:zipflinger:8.3.1) with InstrumentationAnalysisTransform
[        ] Transforming annotations-31.3.1.jar (com.android.tools:annotations:31.3.1) with InstrumentationAnalysisTransform
[        ] Transforming jna-platform-5.6.0.jar (net.java.dev.jna:jna-platform:5.6.0) with InstrumentationAnalysisTransform
[        ] Transforming juniversalchardet-1.0.3.jar (com.googlecode.juniversalchardet:juniversalchardet:1.0.3) with InstrumentationAnalysisTransform
[        ] Transforming javax.annotation-api-1.3.2.jar (javax.annotation:javax.annotation-api:1.3.2) with InstrumentationAnalysisTransform
[        ] Transforming stax-ex-1.8.1.jar (org.jvnet.staxex:stax-ex:1.8.1) with InstrumentationAnalysisTransform
[        ] Transforming jakarta.xml.bind-api-2.3.2.jar (jakarta.xml.bind:jakarta.xml.bind-api:2.3.2) with InstrumentationAnalysisTransform
[        ] Transforming txw2-2.3.2.jar (org.glassfish.jaxb:txw2:2.3.2) with InstrumentationAnalysisTransform
[        ] Transforming istack-commons-runtime-3.0.8.jar (com.sun.istack:istack-commons-runtime:3.0.8) with InstrumentationAnalysisTransform
[        ] Transforming FastInfoset-1.2.16.jar (com.sun.xml.fastinfoset:FastInfoset:1.2.16) with InstrumentationAnalysisTransform
[        ] Transforming jakarta.activation-api-1.2.1.jar (jakarta.activation:jakarta.activation-api:1.2.1) with InstrumentationAnalysisTransform
[        ] Transforming auto-value-annotations-1.6.2.jar (com.google.auto.value:auto-value-annotations:1.6.2) with InstrumentationAnalysisTransform
[        ] Transforming error_prone_annotations-2.18.0.jar (com.google.errorprone:error_prone_annotations:2.18.0) with InstrumentationAnalysisTransform
[        ] Transforming jose4j-0.7.0.jar (org.bitbucket.b_c:jose4j:0.7.0) with InstrumentationAnalysisTransform
[        ] Transforming slf4j-api-1.7.30.jar (org.slf4j:slf4j-api:1.7.30) with InstrumentationAnalysisTransform
[        ] Transforming jdom2-2.0.6.jar (org.jdom:jdom2:2.0.6) with InstrumentationAnalysisTransform
[        ] Transforming jsr305-3.0.2.jar (com.google.code.findbugs:jsr305:3.0.2) with InstrumentationAnalysisTransform
[        ] Transforming j2objc-annotations-2.8.jar (com.google.j2objc:j2objc-annotations:2.8) with InstrumentationAnalysisTransform
[        ] Transforming annotations-4.1.1.4.jar (com.google.android:annotations:4.1.1.4) with InstrumentationAnalysisTransform
[        ] Transforming animal-sniffer-annotations-1.23.jar (org.codehaus.mojo:animal-sniffer-annotations:1.23) with InstrumentationAnalysisTransform
[        ] Transforming perfmark-api-0.26.0.jar (io.perfmark:perfmark-api:0.26.0) with InstrumentationAnalysisTransform
[        ] Transforming netty-codec-http2-4.1.93.Final.jar (io.netty:netty-codec-http2:4.1.93.Final) with InstrumentationAnalysisTransform
[        ] Transforming netty-handler-proxy-4.1.93.Final.jar (io.netty:netty-handler-proxy:4.1.93.Final) with InstrumentationAnalysisTransform
[        ] Transforming netty-codec-http-4.1.93.Final.jar (io.netty:netty-codec-http:4.1.93.Final) with InstrumentationAnalysisTransform
[        ] Transforming netty-handler-4.1.93.Final.jar (io.netty:netty-handler:4.1.93.Final) with InstrumentationAnalysisTransform
[        ] Transforming netty-transport-native-unix-common-4.1.93.Final.jar (io.netty:netty-transport-native-unix-common:4.1.93.Final) with InstrumentationAnalysisTransform
[        ] Transforming checker-qual-3.33.0.jar (org.checkerframework:checker-qual:3.33.0) with InstrumentationAnalysisTransform
[        ] Transforming commons-codec-1.11.jar (commons-codec:commons-codec:1.11) with InstrumentationAnalysisTransform
[        ] Transforming apksig-8.3.1.jar (com.android.tools.build:apksig:8.3.1) with InstrumentationAnalysisTransform
[        ] Transforming javawriter-2.5.0.jar (com.squareup:javawriter:2.5.0) with InstrumentationAnalysisTransform
[        ] Transforming kotlin-native-utils-1.7.22.jar (org.jetbrains.kotlin:kotlin-native-utils:1.7.22) with InstrumentationAnalysisTransform
[        ] Transforming kotlin-util-io-1.7.22.jar (org.jetbrains.kotlin:kotlin-util-io:1.7.22) with InstrumentationAnalysisTransform
[        ] Transforming kotlin-daemon-embeddable-1.7.22.jar (org.jetbrains.kotlin:kotlin-daemon-embeddable:1.7.22) with InstrumentationAnalysisTransform
[        ] Transforming jna-5.6.0.jar (net.java.dev.jna:jna:5.6.0) with InstrumentationAnalysisTransform
[        ] Transforming kotlin-build-common-1.7.22.jar (org.jetbrains.kotlin:kotlin-build-common:1.7.22) with InstrumentationAnalysisTransform
[        ] Transforming kotlin-daemon-client-1.7.22.jar (org.jetbrains.kotlin:kotlin-daemon-client:1.7.22) with InstrumentationAnalysisTransform
[        ] Transforming kotlinx-coroutines-core-jvm-1.5.0.jar (org.jetbrains.kotlinx:kotlinx-coroutines-core-jvm:1.5.0) with InstrumentationAnalysisTransform
[        ] Transforming kotlin-scripting-jvm-1.7.22.jar (org.jetbrains.kotlin:kotlin-scripting-jvm:1.7.22) with InstrumentationAnalysisTransform
[        ] Transforming kotlin-scripting-common-1.7.22.jar (org.jetbrains.kotlin:kotlin-scripting-common:1.7.22) with InstrumentationAnalysisTransform
[        ] Transforming failureaccess-1.0.1.jar (com.google.guava:failureaccess:1.0.1) with InstrumentationAnalysisTransform
[        ] Transforming listenablefuture-9999.0-empty-to-avoid-conflict-with-guava.jar (com.google.guava:listenablefuture:9999.0-empty-to-avoid-conflict-with-guava) with InstrumentationAnalysisTransform
[        ] Transforming commons-logging-1.2.jar (commons-logging:commons-logging:1.2) with InstrumentationAnalysisTransform
[        ] Transforming netty-codec-socks-4.1.93.Final.jar (io.netty:netty-codec-socks:4.1.93.Final) with InstrumentationAnalysisTransform
[        ] Transforming netty-codec-4.1.93.Final.jar (io.netty:netty-codec:4.1.93.Final) with InstrumentationAnalysisTransform
[        ] Transforming netty-transport-4.1.93.Final.jar (io.netty:netty-transport:4.1.93.Final) with InstrumentationAnalysisTransform
[        ] Transforming netty-buffer-4.1.93.Final.jar (io.netty:netty-buffer:4.1.93.Final) with InstrumentationAnalysisTransform
[        ] Transforming netty-resolver-4.1.93.Final.jar (io.netty:netty-resolver:4.1.93.Final) with InstrumentationAnalysisTransform
[        ] Transforming netty-common-4.1.93.Final.jar (io.netty:netty-common:4.1.93.Final) with InstrumentationAnalysisTransform
[        ] Transforming gradle-8.3.1.jar (com.android.tools.build:gradle:8.3.1) with InstrumentationAnalysisTransform
[        ] Transforming gradle-8.3.1.jar (com.android.tools.build:gradle:8.3.1) with MergeInstrumentationAnalysisTransform
[        ] Transforming kotlin-gradle-plugin-1.7.22-gradle71.jar (org.jetbrains.kotlin:kotlin-gradle-plugin:1.7.22) with InstrumentationAnalysisTransform
[        ] Transforming kotlin-gradle-plugin-1.7.22-gradle71.jar (org.jetbrains.kotlin:kotlin-gradle-plugin:1.7.22) with MergeInstrumentationAnalysisTransform
[        ] Transforming gradle-settings-api-8.3.1.jar (com.android.tools.build:gradle-settings-api:8.3.1) with InstrumentationAnalysisTransform
[        ] Transforming gradle-settings-api-8.3.1.jar (com.android.tools.build:gradle-settings-api:8.3.1) with MergeInstrumentationAnalysisTransform
[        ] Transforming lint-model-31.3.1.jar (com.android.tools.lint:lint-model:31.3.1) with InstrumentationAnalysisTransform
[        ] Transforming lint-model-31.3.1.jar (com.android.tools.lint:lint-model:31.3.1) with MergeInstrumentationAnalysisTransform
[        ] Transforming builder-8.3.1.jar (com.android.tools.build:builder:8.3.1) with InstrumentationAnalysisTransform
[        ] Transforming builder-8.3.1.jar (com.android.tools.build:builder:8.3.1) with MergeInstrumentationAnalysisTransform
[        ] Transforming manifest-merger-31.3.1.jar (com.android.tools.build:manifest-merger:31.3.1) with InstrumentationAnalysisTransform
[        ] Transforming gradle-8.3.1.jar (com.android.tools.build:gradle:8.3.1) with ExternalDependencyInstrumentingArtifactTransform
[        ] Transforming gradle-settings-api-8.3.1.jar (com.android.tools.build:gradle-settings-api:8.3.1) with ExternalDependencyInstrumentingArtifactTransform
[        ] Transforming kotlin-gradle-plugin-1.7.22-gradle71.jar (org.jetbrains.kotlin:kotlin-gradle-plugin:1.7.22) with ExternalDependencyInstrumentingArtifactTransform
[        ] Transforming manifest-merger-31.3.1.jar (com.android.tools.build:manifest-merger:31.3.1) with MergeInstrumentationAnalysisTransform
[        ] Transforming lint-model-31.3.1.jar (com.android.tools.lint:lint-model:31.3.1) with ExternalDependencyInstrumentingArtifactTransform
[        ] Transforming builder-8.3.1.jar (com.android.tools.build:builder:8.3.1) with ExternalDependencyInstrumentingArtifactTransform
[        ] Transforming manifest-merger-31.3.1.jar (com.android.tools.build:manifest-merger:31.3.1) with ExternalDependencyInstrumentingArtifactTransform
[        ] Transforming sdk-common-31.3.1.jar (com.android.tools:sdk-common:31.3.1) with InstrumentationAnalysisTransform
[        ] Transforming sdk-common-31.3.1.jar (com.android.tools:sdk-common:31.3.1) with MergeInstrumentationAnalysisTransform
[        ] Transforming sdklib-31.3.1.jar (com.android.tools:sdklib:31.3.1) with InstrumentationAnalysisTransform
[        ] Transforming sdklib-31.3.1.jar (com.android.tools:sdklib:31.3.1) with MergeInstrumentationAnalysisTransform
[        ] Transforming sdk-common-31.3.1.jar (com.android.tools:sdk-common:31.3.1) with ExternalDependencyInstrumentingArtifactTransform
[        ] Transforming repository-31.3.1.jar (com.android.tools:repository:31.3.1) with InstrumentationAnalysisTransform
[        ] Transforming repository-31.3.1.jar (com.android.tools:repository:31.3.1) with MergeInstrumentationAnalysisTransform
[        ] Transforming sdklib-31.3.1.jar (com.android.tools:sdklib:31.3.1) with ExternalDependencyInstrumentingArtifactTransform
[        ] Transforming gradle-api-8.3.1.jar (com.android.tools.build:gradle-api:8.3.1) with InstrumentationAnalysisTransform
[        ] Transforming gradle-api-8.3.1.jar (com.android.tools.build:gradle-api:8.3.1) with MergeInstrumentationAnalysisTransform
[        ] Transforming repository-31.3.1.jar (com.android.tools:repository:31.3.1) with ExternalDependencyInstrumentingArtifactTransform
[        ] Transforming builder-test-api-8.3.1.jar (com.android.tools.build:builder-test-api:8.3.1) with InstrumentationAnalysisTransform
[        ] Transforming gradle-api-8.3.1.jar (com.android.tools.build:gradle-api:8.3.1) with ExternalDependencyInstrumentingArtifactTransform
[        ] Transforming builder-test-api-8.3.1.jar (com.android.tools.build:builder-test-api:8.3.1) with MergeInstrumentationAnalysisTransform
[        ] Transforming ddmlib-31.3.1.jar (com.android.tools.ddms:ddmlib:31.3.1) with InstrumentationAnalysisTransform
[        ] Transforming ddmlib-31.3.1.jar (com.android.tools.ddms:ddmlib:31.3.1) with MergeInstrumentationAnalysisTransform
[        ] Transforming aaptcompiler-8.3.1.jar (com.android.tools.build:aaptcompiler:8.3.1) with InstrumentationAnalysisTransform
[        ] Transforming builder-test-api-8.3.1.jar (com.android.tools.build:builder-test-api:8.3.1) with ExternalDependencyInstrumentingArtifactTransform
[        ] Transforming aaptcompiler-8.3.1.jar (com.android.tools.build:aaptcompiler:8.3.1) with MergeInstrumentationAnalysisTransform
[        ] Transforming bundletool-1.15.6.jar (com.android.tools.build:bundletool:1.15.6) with InstrumentationAnalysisTransform
[        ] Transforming bundletool-1.15.6.jar (com.android.tools.build:bundletool:1.15.6) with MergeInstrumentationAnalysisTransform
[        ] Transforming aapt2-proto-8.3.1-10880808.jar (com.android.tools.build:aapt2-proto:8.3.1-10880808) with InstrumentationAnalysisTransform
[        ] Transforming aapt2-proto-8.3.1-10880808.jar (com.android.tools.build:aapt2-proto:8.3.1-10880808) with MergeInstrumentationAnalysisTransform
[        ] Transforming crash-31.3.1.jar (com.android.tools.analytics-library:crash:31.3.1) with InstrumentationAnalysisTransform
[        ] Transforming aaptcompiler-8.3.1.jar (com.android.tools.build:aaptcompiler:8.3.1) with ExternalDependencyInstrumentingArtifactTransform
[        ] Transforming bundletool-1.15.6.jar (com.android.tools.build:bundletool:1.15.6) with ExternalDependencyInstrumentingArtifactTransform
[        ] Transforming aapt2-proto-8.3.1-10880808.jar (com.android.tools.build:aapt2-proto:8.3.1-10880808) with ExternalDependencyInstrumentingArtifactTransform
[        ] Transforming crash-31.3.1.jar (com.android.tools.analytics-library:crash:31.3.1) with MergeInstrumentationAnalysisTransform
[        ] Transforming tracker-31.3.1.jar (com.android.tools.analytics-library:tracker:31.3.1) with InstrumentationAnalysisTransform
[        ] Transforming tracker-31.3.1.jar (com.android.tools.analytics-library:tracker:31.3.1) with MergeInstrumentationAnalysisTransform
[        ] Transforming shared-31.3.1.jar (com.android.tools.analytics-library:shared:31.3.1) with InstrumentationAnalysisTransform
[        ] Transforming shared-31.3.1.jar (com.android.tools.analytics-library:shared:31.3.1) with MergeInstrumentationAnalysisTransform
[        ] Transforming lint-typedef-remover-31.3.1.jar (com.android.tools.lint:lint-typedef-remover:31.3.1) with InstrumentationAnalysisTransform
[        ] Transforming lint-typedef-remover-31.3.1.jar (com.android.tools.lint:lint-typedef-remover:31.3.1) with MergeInstrumentationAnalysisTransform
[        ] Transforming databinding-compiler-common-8.3.1.jar (androidx.databinding:databinding-compiler-common:8.3.1) with InstrumentationAnalysisTransform
[        ] Transforming databinding-compiler-common-8.3.1.jar (androidx.databinding:databinding-compiler-common:8.3.1) with MergeInstrumentationAnalysisTransform
[        ] Transforming databinding-common-8.3.1.jar (androidx.databinding:databinding-common:8.3.1) with InstrumentationAnalysisTransform
[        ] Transforming databinding-common-8.3.1.jar (androidx.databinding:databinding-common:8.3.1) with MergeInstrumentationAnalysisTransform
[        ] Transforming baseLibrary-8.3.1.jar (com.android.databinding:baseLibrary:8.3.1) with InstrumentationAnalysisTransform
[        ] Transforming baseLibrary-8.3.1.jar (com.android.databinding:baseLibrary:8.3.1) with MergeInstrumentationAnalysisTransform
[        ] Transforming layoutlib-api-31.3.1.jar (com.android.tools.layoutlib:layoutlib-api:31.3.1) with InstrumentationAnalysisTransform
[        ] Transforming layoutlib-api-31.3.1.jar (com.android.tools.layoutlib:layoutlib-api:31.3.1) with MergeInstrumentationAnalysisTransform
[        ] Transforming android-device-provider-ddmlib-proto-31.3.1.jar (com.android.tools.utp:android-device-provider-ddmlib-proto:31.3.1) with InstrumentationAnalysisTransform
[        ] Transforming ddmlib-31.3.1.jar (com.android.tools.ddms:ddmlib:31.3.1) with ExternalDependencyInstrumentingArtifactTransform
[        ] Transforming tracker-31.3.1.jar (com.android.tools.analytics-library:tracker:31.3.1) with ExternalDependencyInstrumentingArtifactTransform
[        ] Transforming shared-31.3.1.jar (com.android.tools.analytics-library:shared:31.3.1) with ExternalDependencyInstrumentingArtifactTransform
[        ] Transforming databinding-compiler-common-8.3.1.jar (androidx.databinding:databinding-compiler-common:8.3.1) with ExternalDependencyInstrumentingArtifactTransform
[        ] Transforming baseLibrary-8.3.1.jar (com.android.databinding:baseLibrary:8.3.1) with ExternalDependencyInstrumentingArtifactTransform
[        ] Transforming crash-31.3.1.jar (com.android.tools.analytics-library:crash:31.3.1) with ExternalDependencyInstrumentingArtifactTransform
[        ] Transforming databinding-common-8.3.1.jar (androidx.databinding:databinding-common:8.3.1) with ExternalDependencyInstrumentingArtifactTransform
[        ] Transforming layoutlib-api-31.3.1.jar (com.android.tools.layoutlib:layoutlib-api:31.3.1) with ExternalDependencyInstrumentingArtifactTransform
[        ] Transforming lint-typedef-remover-31.3.1.jar (com.android.tools.lint:lint-typedef-remover:31.3.1) with ExternalDependencyInstrumentingArtifactTransform
[        ] Transforming android-device-provider-ddmlib-proto-31.3.1.jar (com.android.tools.utp:android-device-provider-ddmlib-proto:31.3.1) with MergeInstrumentationAnalysisTransform
[        ] Transforming android-device-provider-gradle-proto-31.3.1.jar (com.android.tools.utp:android-device-provider-gradle-proto:31.3.1) with InstrumentationAnalysisTransform
[        ] Transforming android-device-provider-gradle-proto-31.3.1.jar (com.android.tools.utp:android-device-provider-gradle-proto:31.3.1) with MergeInstrumentationAnalysisTransform
[        ] Transforming android-device-provider-ddmlib-proto-31.3.1.jar (com.android.tools.utp:android-device-provider-ddmlib-proto:31.3.1) with ExternalDependencyInstrumentingArtifactTransform
[        ] Transforming android-test-plugin-host-additional-test-output-proto-31.3.1.jar (com.android.tools.utp:android-test-plugin-host-additional-test-output-proto:31.3.1) with InstrumentationAnalysisTransform
[        ] Transforming android-test-plugin-host-additional-test-output-proto-31.3.1.jar (com.android.tools.utp:android-test-plugin-host-additional-test-output-proto:31.3.1) with MergeInstrumentationAnalysisTransform
[        ] Transforming android-test-plugin-host-coverage-proto-31.3.1.jar (com.android.tools.utp:android-test-plugin-host-coverage-proto:31.3.1) with InstrumentationAnalysisTransform
[        ] Transforming android-device-provider-gradle-proto-31.3.1.jar (com.android.tools.utp:android-device-provider-gradle-proto:31.3.1) with ExternalDependencyInstrumentingArtifactTransform
[        ] Transforming android-test-plugin-host-coverage-proto-31.3.1.jar (com.android.tools.utp:android-test-plugin-host-coverage-proto:31.3.1) with MergeInstrumentationAnalysisTransform
[        ] Transforming android-test-plugin-host-additional-test-output-proto-31.3.1.jar (com.android.tools.utp:android-test-plugin-host-additional-test-output-proto:31.3.1) with ExternalDependencyInstrumentingArtifactTransform
[        ] Transforming android-test-plugin-host-emulator-control-proto-31.3.1.jar (com.android.tools.utp:android-test-plugin-host-emulator-control-proto:31.3.1) with InstrumentationAnalysisTransform
[        ] Transforming android-test-plugin-host-coverage-proto-31.3.1.jar (com.android.tools.utp:android-test-plugin-host-coverage-proto:31.3.1) with ExternalDependencyInstrumentingArtifactTransform
[        ] Transforming android-test-plugin-host-emulator-control-proto-31.3.1.jar (com.android.tools.utp:android-test-plugin-host-emulator-control-proto:31.3.1) with MergeInstrumentationAnalysisTransform
[        ] Transforming android-test-plugin-host-logcat-proto-31.3.1.jar (com.android.tools.utp:android-test-plugin-host-logcat-proto:31.3.1) with InstrumentationAnalysisTransform
[        ] Transforming android-test-plugin-host-logcat-proto-31.3.1.jar (com.android.tools.utp:android-test-plugin-host-logcat-proto:31.3.1) with MergeInstrumentationAnalysisTransform
[        ] Transforming android-test-plugin-host-emulator-control-proto-31.3.1.jar (com.android.tools.utp:android-test-plugin-host-emulator-control-proto:31.3.1) with ExternalDependencyInstrumentingArtifactTransform
[        ] Transforming android-test-plugin-host-logcat-proto-31.3.1.jar (com.android.tools.utp:android-test-plugin-host-logcat-proto:31.3.1) with ExternalDependencyInstrumentingArtifactTransform
[        ] Transforming android-test-plugin-host-apk-installer-proto-31.3.1.jar (com.android.tools.utp:android-test-plugin-host-apk-installer-proto:31.3.1) with InstrumentationAnalysisTransform
[        ] Transforming android-test-plugin-host-apk-installer-proto-31.3.1.jar (com.android.tools.utp:android-test-plugin-host-apk-installer-proto:31.3.1) with MergeInstrumentationAnalysisTransform
[        ] Transforming android-test-plugin-host-retention-proto-31.3.1.jar (com.android.tools.utp:android-test-plugin-host-retention-proto:31.3.1) with InstrumentationAnalysisTransform
[        ] Transforming android-test-plugin-host-retention-proto-31.3.1.jar (com.android.tools.utp:android-test-plugin-host-retention-proto:31.3.1) with MergeInstrumentationAnalysisTransform
[        ] Transforming android-test-plugin-result-listener-gradle-proto-31.3.1.jar (com.android.tools.utp:android-test-plugin-result-listener-gradle-proto:31.3.1) with InstrumentationAnalysisTransform
[        ] Transforming android-test-plugin-result-listener-gradle-proto-31.3.1.jar (com.android.tools.utp:android-test-plugin-result-listener-gradle-proto:31.3.1) with MergeInstrumentationAnalysisTransform
[        ] Transforming builder-model-8.3.1.jar (com.android.tools.build:builder-model:8.3.1) with InstrumentationAnalysisTransform
[        ] Transforming builder-model-8.3.1.jar (com.android.tools.build:builder-model:8.3.1) with MergeInstrumentationAnalysisTransform
[        ] Transforming android-test-plugin-host-retention-proto-31.3.1.jar (com.android.tools.utp:android-test-plugin-host-retention-proto:31.3.1) with ExternalDependencyInstrumentingArtifactTransform
[        ] Transforming dvlib-31.3.1.jar (com.android.tools:dvlib:31.3.1) with InstrumentationAnalysisTransform
[        ] Transforming android-test-plugin-host-apk-installer-proto-31.3.1.jar (com.android.tools.utp:android-test-plugin-host-apk-installer-proto:31.3.1) with ExternalDependencyInstrumentingArtifactTransform
[        ] Transforming dvlib-31.3.1.jar (com.android.tools:dvlib:31.3.1) with MergeInstrumentationAnalysisTransform
[        ] Transforming android-test-plugin-result-listener-gradle-proto-31.3.1.jar (com.android.tools.utp:android-test-plugin-result-listener-gradle-proto:31.3.1) with ExternalDependencyInstrumentingArtifactTransform
[        ] Transforming common-31.3.1.jar (com.android.tools:common:31.3.1) with InstrumentationAnalysisTransform
[        ] Transforming builder-model-8.3.1.jar (com.android.tools.build:builder-model:8.3.1) with ExternalDependencyInstrumentingArtifactTransform
[        ] Transforming common-31.3.1.jar (com.android.tools:common:31.3.1) with MergeInstrumentationAnalysisTransform
[        ] Transforming dvlib-31.3.1.jar (com.android.tools:dvlib:31.3.1) with ExternalDependencyInstrumentingArtifactTransform
[        ] Transforming jetifier-processor-1.0.0-beta10.jar (com.android.tools.build.jetifier:jetifier-processor:1.0.0-beta10) with InstrumentationAnalysisTransform
[        ] Transforming common-31.3.1.jar (com.android.tools:common:31.3.1) with ExternalDependencyInstrumentingArtifactTransform
[        ] Transforming jetifier-processor-1.0.0-beta10.jar (com.android.tools.build.jetifier:jetifier-processor:1.0.0-beta10) with MergeInstrumentationAnalysisTransform
[        ] Transforming jetifier-core-1.0.0-beta10.jar (com.android.tools.build.jetifier:jetifier-core:1.0.0-beta10) with InstrumentationAnalysisTransform
[        ] Transforming jetifier-core-1.0.0-beta10.jar (com.android.tools.build.jetifier:jetifier-core:1.0.0-beta10) with MergeInstrumentationAnalysisTransform
[        ] Transforming kotlin-reflect-1.9.20.jar (org.jetbrains.kotlin:kotlin-reflect:1.9.20) with InstrumentationAnalysisTransform
[        ] Transforming jetifier-processor-1.0.0-beta10.jar (com.android.tools.build.jetifier:jetifier-processor:1.0.0-beta10) with ExternalDependencyInstrumentingArtifactTransform
[        ] Transforming kotlin-reflect-1.9.20.jar (org.jetbrains.kotlin:kotlin-reflect:1.9.20) with MergeInstrumentationAnalysisTransform
[        ] Transforming kotlin-stdlib-jdk7-1.9.20.jar (org.jetbrains.kotlin:kotlin-stdlib-jdk7:1.9.20) with InstrumentationAnalysisTransform
[        ] Transforming jetifier-core-1.0.0-beta10.jar (com.android.tools.build.jetifier:jetifier-core:1.0.0-beta10) with ExternalDependencyInstrumentingArtifactTransform
[        ] Transforming kotlin-stdlib-jdk7-1.9.20.jar (org.jetbrains.kotlin:kotlin-stdlib-jdk7:1.9.20) with MergeInstrumentationAnalysisTransform
[        ] Transforming kotlin-stdlib-1.9.20.jar (org.jetbrains.kotlin:kotlin-stdlib:1.9.20) with InstrumentationAnalysisTransform
[        ] Transforming kotlin-stdlib-1.9.20.jar (org.jetbrains.kotlin:kotlin-stdlib:1.9.20) with MergeInstrumentationAnalysisTransform
[        ] Transforming kotlin-stdlib-jdk8-1.9.20.jar (org.jetbrains.kotlin:kotlin-stdlib-jdk8:1.9.20) with InstrumentationAnalysisTransform
[        ] Transforming kotlin-stdlib-jdk7-1.9.20.jar (org.jetbrains.kotlin:kotlin-stdlib-jdk7:1.9.20) with ExternalDependencyInstrumentingArtifactTransform
[        ] Transforming kotlin-stdlib-jdk8-1.9.20.jar (org.jetbrains.kotlin:kotlin-stdlib-jdk8:1.9.20) with MergeInstrumentationAnalysisTransform
[        ] Transforming transform-api-2.0.0-deprecated-use-gradle-api.jar (com.android.tools.build:transform-api:2.0.0-deprecated-use-gradle-api) with InstrumentationAnalysisTransform
[        ] Transforming kotlin-stdlib-1.9.20.jar (org.jetbrains.kotlin:kotlin-stdlib:1.9.20) with ExternalDependencyInstrumentingArtifactTransform
[        ] Transforming transform-api-2.0.0-deprecated-use-gradle-api.jar (com.android.tools.build:transform-api:2.0.0-deprecated-use-gradle-api) with MergeInstrumentationAnalysisTransform
[        ] Transforming kotlin-reflect-1.9.20.jar (org.jetbrains.kotlin:kotlin-reflect:1.9.20) with ExternalDependencyInstrumentingArtifactTransform
[        ] Transforming httpmime-4.5.6.jar (org.apache.httpcomponents:httpmime:4.5.6) with InstrumentationAnalysisTransform
[        ] Transforming kotlin-stdlib-jdk8-1.9.20.jar (org.jetbrains.kotlin:kotlin-stdlib-jdk8:1.9.20) with ExternalDependencyInstrumentingArtifactTransform
[        ] Transforming httpmime-4.5.6.jar (org.apache.httpcomponents:httpmime:4.5.6) with MergeInstrumentationAnalysisTransform
[        ] Transforming commons-io-2.13.0.jar (commons-io:commons-io:2.13.0) with InstrumentationAnalysisTransform
[        ] Transforming commons-io-2.13.0.jar (commons-io:commons-io:2.13.0) with MergeInstrumentationAnalysisTransform
[        ] Transforming asm-commons-9.6.jar (org.ow2.asm:asm-commons:9.6) with InstrumentationAnalysisTransform
[        ] Transforming asm-commons-9.6.jar (org.ow2.asm:asm-commons:9.6) with MergeInstrumentationAnalysisTransform
[        ] Transforming httpmime-4.5.6.jar (org.apache.httpcomponents:httpmime:4.5.6) with ExternalDependencyInstrumentingArtifactTransform
[        ] Transforming asm-util-9.6.jar (org.ow2.asm:asm-util:9.6) with InstrumentationAnalysisTransform
[        ] Transforming commons-io-2.13.0.jar (commons-io:commons-io:2.13.0) with ExternalDependencyInstrumentingArtifactTransform
[        ] Transforming asm-util-9.6.jar (org.ow2.asm:asm-util:9.6) with MergeInstrumentationAnalysisTransform
[        ] Transforming transform-api-2.0.0-deprecated-use-gradle-api.jar (com.android.tools.build:transform-api:2.0.0-deprecated-use-gradle-api) with ExternalDependencyInstrumentingArtifactTransform
[        ] Transforming asm-analysis-9.6.jar (org.ow2.asm:asm-analysis:9.6) with InstrumentationAnalysisTransform
[        ] Transforming asm-analysis-9.6.jar (org.ow2.asm:asm-analysis:9.6) with MergeInstrumentationAnalysisTransform
[        ] Transforming asm-commons-9.6.jar (org.ow2.asm:asm-commons:9.6) with ExternalDependencyInstrumentingArtifactTransform
[        ] Transforming asm-tree-9.6.jar (org.ow2.asm:asm-tree:9.6) with InstrumentationAnalysisTransform
[        ] Transforming asm-tree-9.6.jar (org.ow2.asm:asm-tree:9.6) with MergeInstrumentationAnalysisTransform
[        ] Transforming asm-analysis-9.6.jar (org.ow2.asm:asm-analysis:9.6) with ExternalDependencyInstrumentingArtifactTransform
[        ] Transforming asm-9.6.jar (org.ow2.asm:asm:9.6) with InstrumentationAnalysisTransform
[        ] Transforming asm-tree-9.6.jar (org.ow2.asm:asm-tree:9.6) with ExternalDependencyInstrumentingArtifactTransform
[        ] Transforming asm-9.6.jar (org.ow2.asm:asm:9.6) with MergeInstrumentationAnalysisTransform
[        ] Transforming asm-util-9.6.jar (org.ow2.asm:asm-util:9.6) with ExternalDependencyInstrumentingArtifactTransform
[        ] Transforming apkzlib-8.3.1.jar (com.android.tools.build:apkzlib:8.3.1) with InstrumentationAnalysisTransform
[        ] Transforming apkzlib-8.3.1.jar (com.android.tools.build:apkzlib:8.3.1) with MergeInstrumentationAnalysisTransform
[        ] Transforming bcpkix-jdk15on-1.67.jar (org.bouncycastle:bcpkix-jdk15on:1.67) with InstrumentationAnalysisTransform
[        ] Transforming bcpkix-jdk15on-1.67.jar (org.bouncycastle:bcpkix-jdk15on:1.67) with MergeInstrumentationAnalysisTransform
[        ] Transforming jaxb-runtime-2.3.2.jar (org.glassfish.jaxb:jaxb-runtime:2.3.2) with InstrumentationAnalysisTransform
[        ] Transforming apkzlib-8.3.1.jar (com.android.tools.build:apkzlib:8.3.1) with ExternalDependencyInstrumentingArtifactTransform
[        ] Transforming jaxb-runtime-2.3.2.jar (org.glassfish.jaxb:jaxb-runtime:2.3.2) with MergeInstrumentationAnalysisTransform
[        ] Transforming bcpkix-jdk15on-1.67.jar (org.bouncycastle:bcpkix-jdk15on:1.67) with ExternalDependencyInstrumentingArtifactTransform
[        ] Transforming jopt-simple-4.9.jar (net.sf.jopt-simple:jopt-simple:4.9) with InstrumentationAnalysisTransform
[        ] Transforming asm-9.6.jar (org.ow2.asm:asm:9.6) with ExternalDependencyInstrumentingArtifactTransform
[        ] Transforming jopt-simple-4.9.jar (net.sf.jopt-simple:jopt-simple:4.9) with MergeInstrumentationAnalysisTransform
[        ] Transforming jaxb-runtime-2.3.2.jar (org.glassfish.jaxb:jaxb-runtime:2.3.2) with ExternalDependencyInstrumentingArtifactTransform
[        ] Transforming javapoet-1.10.0.jar (com.squareup:javapoet:1.10.0) with InstrumentationAnalysisTransform
[        ] Transforming javapoet-1.10.0.jar (com.squareup:javapoet:1.10.0) with MergeInstrumentationAnalysisTransform
[        ] Transforming jopt-simple-4.9.jar (net.sf.jopt-simple:jopt-simple:4.9) with ExternalDependencyInstrumentingArtifactTransform
[        ] Transforming protobuf-java-util-3.22.3.jar (com.google.protobuf:protobuf-java-util:3.22.3) with InstrumentationAnalysisTransform
[        ] Transforming protobuf-java-util-3.22.3.jar (com.google.protobuf:protobuf-java-util:3.22.3) with MergeInstrumentationAnalysisTransform
[        ] Transforming javapoet-1.10.0.jar (com.squareup:javapoet:1.10.0) with ExternalDependencyInstrumentingArtifactTransform
[        ] Transforming grpc-protobuf-1.57.0.jar (io.grpc:grpc-protobuf:1.57.0) with InstrumentationAnalysisTransform
[        ] Transforming grpc-protobuf-1.57.0.jar (io.grpc:grpc-protobuf:1.57.0) with MergeInstrumentationAnalysisTransform
[        ] Transforming protobuf-java-util-3.22.3.jar (com.google.protobuf:protobuf-java-util:3.22.3) with ExternalDependencyInstrumentingArtifactTransform
[        ] Transforming tink-1.7.0.jar (com.google.crypto.tink:tink:1.7.0) with InstrumentationAnalysisTransform
[        ] Transforming tink-1.7.0.jar (com.google.crypto.tink:tink:1.7.0) with MergeInstrumentationAnalysisTransform
[        ] Transforming grpc-protobuf-1.57.0.jar (io.grpc:grpc-protobuf:1.57.0) with ExternalDependencyInstrumentingArtifactTransform
[        ] Transforming protos-31.3.1.jar (com.android.tools.analytics-library:protos:31.3.1) with InstrumentationAnalysisTransform
[        ] Transforming protos-31.3.1.jar (com.android.tools.analytics-library:protos:31.3.1) with MergeInstrumentationAnalysisTransform
[        ] Transforming tink-1.7.0.jar (com.google.crypto.tink:tink:1.7.0) with ExternalDependencyInstrumentingArtifactTransform
[        ] Transforming proto-google-common-protos-2.17.0.jar (com.google.api.grpc:proto-google-common-protos:2.17.0) with InstrumentationAnalysisTransform
[        ] Transforming proto-google-common-protos-2.17.0.jar (com.google.api.grpc:proto-google-common-protos:2.17.0) with MergeInstrumentationAnalysisTransform
[        ] Transforming protobuf-java-3.22.3.jar (com.google.protobuf:protobuf-java:3.22.3) with InstrumentationAnalysisTransform
[        ] Transforming protos-31.3.1.jar (com.android.tools.analytics-library:protos:31.3.1) with ExternalDependencyInstrumentingArtifactTransform
[        ] Transforming protobuf-java-3.22.3.jar (com.google.protobuf:protobuf-java:3.22.3) with MergeInstrumentationAnalysisTransform
[        ] Transforming grpc-netty-1.57.0.jar (io.grpc:grpc-netty:1.57.0) with InstrumentationAnalysisTransform
[        ] Transforming proto-google-common-protos-2.17.0.jar (com.google.api.grpc:proto-google-common-protos:2.17.0) with ExternalDependencyInstrumentingArtifactTransform
[        ] Transforming grpc-netty-1.57.0.jar (io.grpc:grpc-netty:1.57.0) with MergeInstrumentationAnalysisTransform
[        ] Transforming grpc-core-1.57.0.jar (io.grpc:grpc-core:1.57.0) with InstrumentationAnalysisTransform
[        ] Transforming protobuf-java-3.22.3.jar (com.google.protobuf:protobuf-java:3.22.3) with ExternalDependencyInstrumentingArtifactTransform
[        ] Transforming grpc-core-1.57.0.jar (io.grpc:grpc-core:1.57.0) with MergeInstrumentationAnalysisTransform
[        ] Transforming gson-2.10.1.jar (com.google.code.gson:gson:2.10.1) with InstrumentationAnalysisTransform
[        ] Transforming grpc-netty-1.57.0.jar (io.grpc:grpc-netty:1.57.0) with ExternalDependencyInstrumentingArtifactTransform
[        ] Transforming grpc-core-1.57.0.jar (io.grpc:grpc-core:1.57.0) with ExternalDependencyInstrumentingArtifactTransform
[        ] Transforming gson-2.10.1.jar (com.google.code.gson:gson:2.10.1) with MergeInstrumentationAnalysisTransform
[        ] Transforming grpc-stub-1.57.0.jar (io.grpc:grpc-stub:1.57.0) with InstrumentationAnalysisTransform
[        ] Transforming grpc-stub-1.57.0.jar (io.grpc:grpc-stub:1.57.0) with MergeInstrumentationAnalysisTransform
[        ] Transforming core-proto-0.0.9-alpha02.jar (com.google.testing.platform:core-proto:0.0.9-alpha02) with InstrumentationAnalysisTransform
[        ] Transforming gson-2.10.1.jar (com.google.code.gson:gson:2.10.1) with ExternalDependencyInstrumentingArtifactTransform
[        ] Transforming core-proto-0.0.9-alpha02.jar (com.google.testing.platform:core-proto:0.0.9-alpha02) with MergeInstrumentationAnalysisTransform
[        ] Transforming kxml2-2.3.0.jar (net.sf.kxml:kxml2:2.3.0) with InstrumentationAnalysisTransform
[        ] Transforming kxml2-2.3.0.jar (net.sf.kxml:kxml2:2.3.0) with MergeInstrumentationAnalysisTransform
[        ] Transforming tensorflow-lite-metadata-0.1.0-rc2.jar (org.tensorflow:tensorflow-lite-metadata:0.1.0-rc2) with InstrumentationAnalysisTransform
[        ] Transforming tensorflow-lite-metadata-0.1.0-rc2.jar (org.tensorflow:tensorflow-lite-metadata:0.1.0-rc2) with MergeInstrumentationAnalysisTransform
[        ] Transforming grpc-stub-1.57.0.jar (io.grpc:grpc-stub:1.57.0) with ExternalDependencyInstrumentingArtifactTransform
[        ] Transforming flatbuffers-java-1.12.0.jar (com.google.flatbuffers:flatbuffers-java:1.12.0) with InstrumentationAnalysisTransform
[        ] Transforming kxml2-2.3.0.jar (net.sf.kxml:kxml2:2.3.0) with ExternalDependencyInstrumentingArtifactTransform
[        ] Transforming tensorflow-lite-metadata-0.1.0-rc2.jar (org.tensorflow:tensorflow-lite-metadata:0.1.0-rc2) with ExternalDependencyInstrumentingArtifactTransform
[        ] Transforming flatbuffers-java-1.12.0.jar (com.google.flatbuffers:flatbuffers-java:1.12.0) with MergeInstrumentationAnalysisTransform
[        ] Transforming core-proto-0.0.9-alpha02.jar (com.google.testing.platform:core-proto:0.0.9-alpha02) with ExternalDependencyInstrumentingArtifactTransform
[        ] Transforming kotlin-gradle-plugin-model-1.7.22.jar (org.jetbrains.kotlin:kotlin-gradle-plugin-model:1.7.22) with InstrumentationAnalysisTransform
[        ] Transforming flatbuffers-java-1.12.0.jar (com.google.flatbuffers:flatbuffers-java:1.12.0) with ExternalDependencyInstrumentingArtifactTransform
[        ] Transforming kotlin-gradle-plugin-model-1.7.22.jar (org.jetbrains.kotlin:kotlin-gradle-plugin-model:1.7.22) with MergeInstrumentationAnalysisTransform
[        ] Transforming kotlin-gradle-plugin-api-1.7.22-gradle71.jar (org.jetbrains.kotlin:kotlin-gradle-plugin-api:1.7.22) with InstrumentationAnalysisTransform
[        ] Transforming kotlin-gradle-plugin-api-1.7.22-gradle71.jar (org.jetbrains.kotlin:kotlin-gradle-plugin-api:1.7.22) with MergeInstrumentationAnalysisTransform
[        ] Transforming kotlin-gradle-plugin-model-1.7.22.jar (org.jetbrains.kotlin:kotlin-gradle-plugin-model:1.7.22) with ExternalDependencyInstrumentingArtifactTransform
[        ] Transforming kotlin-gradle-plugin-api-1.7.22.jar (org.jetbrains.kotlin:kotlin-gradle-plugin-api:1.7.22) with InstrumentationAnalysisTransform
[        ] Transforming kotlin-gradle-plugin-api-1.7.22.jar (org.jetbrains.kotlin:kotlin-gradle-plugin-api:1.7.22) with MergeInstrumentationAnalysisTransform
[        ] Transforming kotlin-gradle-plugin-idea-proto-1.7.22.jar (org.jetbrains.kotlin:kotlin-gradle-plugin-idea-proto:1.7.22) with InstrumentationAnalysisTransform
[        ] Transforming kotlin-gradle-plugin-api-1.7.22-gradle71.jar (org.jetbrains.kotlin:kotlin-gradle-plugin-api:1.7.22) with ExternalDependencyInstrumentingArtifactTransform
[        ] Transforming kotlin-gradle-plugin-idea-proto-1.7.22.jar (org.jetbrains.kotlin:kotlin-gradle-plugin-idea-proto:1.7.22) with MergeInstrumentationAnalysisTransform
[        ] Transforming kotlin-gradle-plugin-api-1.7.22.jar (org.jetbrains.kotlin:kotlin-gradle-plugin-api:1.7.22) with ExternalDependencyInstrumentingArtifactTransform
[        ] Transforming kotlin-gradle-plugin-idea-1.7.22.jar (org.jetbrains.kotlin:kotlin-gradle-plugin-idea:1.7.22) with InstrumentationAnalysisTransform
[        ] Transforming kotlin-gradle-plugin-idea-1.7.22.jar (org.jetbrains.kotlin:kotlin-gradle-plugin-idea:1.7.22) with MergeInstrumentationAnalysisTransform
[        ] Transforming kotlin-gradle-plugin-idea-proto-1.7.22.jar (org.jetbrains.kotlin:kotlin-gradle-plugin-idea-proto:1.7.22) with ExternalDependencyInstrumentingArtifactTransform
[        ] Transforming kotlin-project-model-1.7.22.jar (org.jetbrains.kotlin:kotlin-project-model:1.7.22) with InstrumentationAnalysisTransform
[        ] Transforming kotlin-gradle-plugin-idea-1.7.22.jar (org.jetbrains.kotlin:kotlin-gradle-plugin-idea:1.7.22) with ExternalDependencyInstrumentingArtifactTransform
[        ] Transforming kotlin-project-model-1.7.22.jar (org.jetbrains.kotlin:kotlin-project-model:1.7.22) with MergeInstrumentationAnalysisTransform
[        ] Transforming kotlin-tooling-core-1.7.22.jar (org.jetbrains.kotlin:kotlin-tooling-core:1.7.22) with InstrumentationAnalysisTransform
[        ] Transforming kotlin-tooling-core-1.7.22.jar (org.jetbrains.kotlin:kotlin-tooling-core:1.7.22) with MergeInstrumentationAnalysisTransform
[        ] Transforming kotlin-project-model-1.7.22.jar (org.jetbrains.kotlin:kotlin-project-model:1.7.22) with ExternalDependencyInstrumentingArtifactTransform
[        ] Transforming kotlin-util-klib-1.7.22.jar (org.jetbrains.kotlin:kotlin-util-klib:1.7.22) with InstrumentationAnalysisTransform
[        ] Transforming kotlin-util-klib-1.7.22.jar (org.jetbrains.kotlin:kotlin-util-klib:1.7.22) with MergeInstrumentationAnalysisTransform
[        ] Transforming kotlin-tooling-core-1.7.22.jar (org.jetbrains.kotlin:kotlin-tooling-core:1.7.22) with ExternalDependencyInstrumentingArtifactTransform
[        ] Transforming kotlin-klib-commonizer-api-1.7.22.jar (org.jetbrains.kotlin:kotlin-klib-commonizer-api:1.7.22) with InstrumentationAnalysisTransform
[        ] Transforming kotlin-klib-commonizer-api-1.7.22.jar (org.jetbrains.kotlin:kotlin-klib-commonizer-api:1.7.22) with MergeInstrumentationAnalysisTransform
[        ] Transforming kotlin-util-klib-1.7.22.jar (org.jetbrains.kotlin:kotlin-util-klib:1.7.22) with ExternalDependencyInstrumentingArtifactTransform
[        ] Transforming kotlin-annotation-processing-gradle-1.7.22.jar (org.jetbrains.kotlin:kotlin-annotation-processing-gradle:1.7.22) with InstrumentationAnalysisTransform
[        ] Transforming kotlin-klib-commonizer-api-1.7.22.jar (org.jetbrains.kotlin:kotlin-klib-commonizer-api:1.7.22) with ExternalDependencyInstrumentingArtifactTransform
[        ] Transforming kotlin-annotation-processing-gradle-1.7.22.jar (org.jetbrains.kotlin:kotlin-annotation-processing-gradle:1.7.22) with MergeInstrumentationAnalysisTransform
[        ] Transforming kotlin-android-extensions-1.7.22.jar (org.jetbrains.kotlin:kotlin-android-extensions:1.7.22) with InstrumentationAnalysisTransform
[        ] Transforming kotlin-android-extensions-1.7.22.jar (org.jetbrains.kotlin:kotlin-android-extensions:1.7.22) with MergeInstrumentationAnalysisTransform
[        ] Transforming kotlin-compiler-runner-1.7.22.jar (org.jetbrains.kotlin:kotlin-compiler-runner:1.7.22) with InstrumentationAnalysisTransform
[        ] Transforming kotlin-annotation-processing-gradle-1.7.22.jar (org.jetbrains.kotlin:kotlin-annotation-processing-gradle:1.7.22) with ExternalDependencyInstrumentingArtifactTransform
[        ] Transforming kotlin-compiler-runner-1.7.22.jar (org.jetbrains.kotlin:kotlin-compiler-runner:1.7.22) with MergeInstrumentationAnalysisTransform
[        ] Transforming kotlin-compiler-embeddable-1.7.22.jar (org.jetbrains.kotlin:kotlin-compiler-embeddable:1.7.22) with InstrumentationAnalysisTransform
[        ] Transforming kotlin-compiler-embeddable-1.7.22.jar (org.jetbrains.kotlin:kotlin-compiler-embeddable:1.7.22) with MergeInstrumentationAnalysisTransform
[        ] Transforming kotlin-scripting-compiler-embeddable-1.7.22.jar (org.jetbrains.kotlin:kotlin-scripting-compiler-embeddable:1.7.22) with InstrumentationAnalysisTransform
[        ] Transforming kotlin-compiler-runner-1.7.22.jar (org.jetbrains.kotlin:kotlin-compiler-runner:1.7.22) with ExternalDependencyInstrumentingArtifactTransform
[        ] Transforming kotlin-scripting-compiler-embeddable-1.7.22.jar (org.jetbrains.kotlin:kotlin-scripting-compiler-embeddable:1.7.22) with MergeInstrumentationAnalysisTransform
[        ] Transforming kotlin-scripting-compiler-impl-embeddable-1.7.22.jar (org.jetbrains.kotlin:kotlin-scripting-compiler-impl-embeddable:1.7.22) with InstrumentationAnalysisTransform
[        ] Transforming kotlin-android-extensions-1.7.22.jar (org.jetbrains.kotlin:kotlin-android-extensions:1.7.22) with ExternalDependencyInstrumentingArtifactTransform
[        ] Transforming kotlin-scripting-compiler-impl-embeddable-1.7.22.jar (org.jetbrains.kotlin:kotlin-scripting-compiler-impl-embeddable:1.7.22) with MergeInstrumentationAnalysisTransform
[        ] Transforming jimfs-1.1.jar (com.google.jimfs:jimfs:1.1) with InstrumentationAnalysisTransform
[        ] Transforming jimfs-1.1.jar (com.google.jimfs:jimfs:1.1) with MergeInstrumentationAnalysisTransform
[        ] Transforming kotlin-scripting-compiler-embeddable-1.7.22.jar (org.jetbrains.kotlin:kotlin-scripting-compiler-embeddable:1.7.22) with ExternalDependencyInstrumentingArtifactTransform
[        ] Transforming grpc-context-1.57.0.jar (io.grpc:grpc-context:1.57.0) with InstrumentationAnalysisTransform
[        ] Transforming jimfs-1.1.jar (com.google.jimfs:jimfs:1.1) with ExternalDependencyInstrumentingArtifactTransform
[        ] Transforming grpc-context-1.57.0.jar (io.grpc:grpc-context:1.57.0) with MergeInstrumentationAnalysisTransform
[        ] Transforming kotlin-compiler-embeddable-1.7.22.jar (org.jetbrains.kotlin:kotlin-compiler-embeddable:1.7.22) with ExternalDependencyInstrumentingArtifactTransform
[        ] Transforming grpc-protobuf-lite-1.57.0.jar (io.grpc:grpc-protobuf-lite:1.57.0) with InstrumentationAnalysisTransform
[        ] Transforming kotlin-scripting-compiler-impl-embeddable-1.7.22.jar (org.jetbrains.kotlin:kotlin-scripting-compiler-impl-embeddable:1.7.22) with ExternalDependencyInstrumentingArtifactTransform
[        ] Transforming grpc-protobuf-lite-1.57.0.jar (io.grpc:grpc-protobuf-lite:1.57.0) with MergeInstrumentationAnalysisTransform
[        ] Transforming grpc-context-1.57.0.jar (io.grpc:grpc-context:1.57.0) with ExternalDependencyInstrumentingArtifactTransform
[        ] Transforming grpc-api-1.57.0.jar (io.grpc:grpc-api:1.57.0) with InstrumentationAnalysisTransform
[        ] Transforming grpc-protobuf-lite-1.57.0.jar (io.grpc:grpc-protobuf-lite:1.57.0) with ExternalDependencyInstrumentingArtifactTransform
[        ] Transforming grpc-api-1.57.0.jar (io.grpc:grpc-api:1.57.0) with MergeInstrumentationAnalysisTransform
[        ] Transforming guava-32.0.1-jre.jar (com.google.guava:guava:32.0.1-jre) with InstrumentationAnalysisTransform
[        ] Transforming guava-32.0.1-jre.jar (com.google.guava:guava:32.0.1-jre) with MergeInstrumentationAnalysisTransform
[        ] Transforming dagger-2.28.3.jar (com.google.dagger:dagger:2.28.3) with InstrumentationAnalysisTransform
[        ] Transforming grpc-api-1.57.0.jar (io.grpc:grpc-api:1.57.0) with ExternalDependencyInstrumentingArtifactTransform
[        ] Transforming dagger-2.28.3.jar (com.google.dagger:dagger:2.28.3) with MergeInstrumentationAnalysisTransform
[        ] Transforming guava-32.0.1-jre.jar (com.google.guava:guava:32.0.1-jre) with ExternalDependencyInstrumentingArtifactTransform
[        ] Transforming javax.inject-1.jar (javax.inject:javax.inject:1) with InstrumentationAnalysisTransform
[        ] Transforming javax.inject-1.jar (javax.inject:javax.inject:1) with MergeInstrumentationAnalysisTransform
[        ] Transforming dagger-2.28.3.jar (com.google.dagger:dagger:2.28.3) with ExternalDependencyInstrumentingArtifactTransform
[        ] Transforming bcprov-jdk15on-1.67.jar (org.bouncycastle:bcprov-jdk15on:1.67) with InstrumentationAnalysisTransform
[        ] Transforming javax.inject-1.jar (javax.inject:javax.inject:1) with ExternalDependencyInstrumentingArtifactTransform
[        ] Transforming bcprov-jdk15on-1.67.jar (org.bouncycastle:bcprov-jdk15on:1.67) with MergeInstrumentationAnalysisTransform
[        ] Transforming trove4j-1.0.20200330.jar (org.jetbrains.intellij.deps:trove4j:1.0.20200330) with InstrumentationAnalysisTransform
[        ] Transforming trove4j-1.0.20200330.jar (org.jetbrains.intellij.deps:trove4j:1.0.20200330) with MergeInstrumentationAnalysisTransform
[        ] Transforming commons-compress-1.21.jar (org.apache.commons:commons-compress:1.21) with InstrumentationAnalysisTransform
[        ] Transforming bcprov-jdk15on-1.67.jar (org.bouncycastle:bcprov-jdk15on:1.67) with ExternalDependencyInstrumentingArtifactTransform
[        ] Transforming commons-compress-1.21.jar (org.apache.commons:commons-compress:1.21) with MergeInstrumentationAnalysisTransform
[        ] Transforming httpclient-4.5.14.jar (org.apache.httpcomponents:httpclient:4.5.14) with InstrumentationAnalysisTransform
[        ] Transforming trove4j-1.0.20200330.jar (org.jetbrains.intellij.deps:trove4j:1.0.20200330) with ExternalDependencyInstrumentingArtifactTransform
[        ] Transforming httpclient-4.5.14.jar (org.apache.httpcomponents:httpclient:4.5.14) with MergeInstrumentationAnalysisTransform
[        ] Transforming httpcore-4.4.16.jar (org.apache.httpcomponents:httpcore:4.4.16) with InstrumentationAnalysisTransform
[        ] Transforming commons-compress-1.21.jar (org.apache.commons:commons-compress:1.21) with ExternalDependencyInstrumentingArtifactTransform
[        ] Transforming httpcore-4.4.16.jar (org.apache.httpcomponents:httpcore:4.4.16) with MergeInstrumentationAnalysisTransform
[        ] Transforming javax.activation-1.2.0.jar (com.sun.activation:javax.activation:1.2.0) with InstrumentationAnalysisTransform
[        ] Transforming javax.activation-1.2.0.jar (com.sun.activation:javax.activation:1.2.0) with MergeInstrumentationAnalysisTransform
[        ] Transforming httpclient-4.5.14.jar (org.apache.httpcomponents:httpclient:4.5.14) with ExternalDependencyInstrumentingArtifactTransform
[        ] Transforming annotations-23.0.0.jar (org.jetbrains:annotations:23.0.0) with InstrumentationAnalysisTransform
[        ] Transforming httpcore-4.4.16.jar (org.apache.httpcomponents:httpcore:4.4.16) with ExternalDependencyInstrumentingArtifactTransform
[        ] Transforming annotations-23.0.0.jar (org.jetbrains:annotations:23.0.0) with MergeInstrumentationAnalysisTransform
[        ] Transforming javax.activation-1.2.0.jar (com.sun.activation:javax.activation:1.2.0) with ExternalDependencyInstrumentingArtifactTransform
[        ] Transforming signflinger-8.3.1.jar (com.android:signflinger:8.3.1) with InstrumentationAnalysisTransform
[        ] Transforming signflinger-8.3.1.jar (com.android:signflinger:8.3.1) with MergeInstrumentationAnalysisTransform
[        ] Transforming zipflinger-8.3.1.jar (com.android:zipflinger:8.3.1) with InstrumentationAnalysisTransform
[        ] Transforming zipflinger-8.3.1.jar (com.android:zipflinger:8.3.1) with MergeInstrumentationAnalysisTransform
[        ] Transforming annotations-31.3.1.jar (com.android.tools:annotations:31.3.1) with InstrumentationAnalysisTransform
[        ] Transforming signflinger-8.3.1.jar (com.android:signflinger:8.3.1) with ExternalDependencyInstrumentingArtifactTransform
[        ] Transforming annotations-31.3.1.jar (com.android.tools:annotations:31.3.1) with MergeInstrumentationAnalysisTransform
[        ] Transforming jna-platform-5.6.0.jar (net.java.dev.jna:jna-platform:5.6.0) with InstrumentationAnalysisTransform
[        ] Transforming zipflinger-8.3.1.jar (com.android:zipflinger:8.3.1) with ExternalDependencyInstrumentingArtifactTransform
[        ] Transforming annotations-23.0.0.jar (org.jetbrains:annotations:23.0.0) with ExternalDependencyInstrumentingArtifactTransform
[        ] Transforming annotations-31.3.1.jar (com.android.tools:annotations:31.3.1) with ExternalDependencyInstrumentingArtifactTransform
[        ] Transforming jna-platform-5.6.0.jar (net.java.dev.jna:jna-platform:5.6.0) with MergeInstrumentationAnalysisTransform
[        ] Transforming juniversalchardet-1.0.3.jar (com.googlecode.juniversalchardet:juniversalchardet:1.0.3) with InstrumentationAnalysisTransform
[        ] Transforming juniversalchardet-1.0.3.jar (com.googlecode.juniversalchardet:juniversalchardet:1.0.3) with MergeInstrumentationAnalysisTransform
[        ] Transforming javax.annotation-api-1.3.2.jar (javax.annotation:javax.annotation-api:1.3.2) with InstrumentationAnalysisTransform
[        ] Transforming javax.annotation-api-1.3.2.jar (javax.annotation:javax.annotation-api:1.3.2) with MergeInstrumentationAnalysisTransform
[        ] Transforming stax-ex-1.8.1.jar (org.jvnet.staxex:stax-ex:1.8.1) with InstrumentationAnalysisTransform
[        ] Transforming juniversalchardet-1.0.3.jar (com.googlecode.juniversalchardet:juniversalchardet:1.0.3) with ExternalDependencyInstrumentingArtifactTransform
[        ] Transforming stax-ex-1.8.1.jar (org.jvnet.staxex:stax-ex:1.8.1) with MergeInstrumentationAnalysisTransform
[        ] Transforming jakarta.xml.bind-api-2.3.2.jar (jakarta.xml.bind:jakarta.xml.bind-api:2.3.2) with InstrumentationAnalysisTransform
[        ] Transforming javax.annotation-api-1.3.2.jar (javax.annotation:javax.annotation-api:1.3.2) with ExternalDependencyInstrumentingArtifactTransform
[        ] Transforming jna-platform-5.6.0.jar (net.java.dev.jna:jna-platform:5.6.0) with ExternalDependencyInstrumentingArtifactTransform
[        ] Transforming jakarta.xml.bind-api-2.3.2.jar (jakarta.xml.bind:jakarta.xml.bind-api:2.3.2) with MergeInstrumentationAnalysisTransform
[        ] Transforming stax-ex-1.8.1.jar (org.jvnet.staxex:stax-ex:1.8.1) with ExternalDependencyInstrumentingArtifactTransform
[        ] Transforming txw2-2.3.2.jar (org.glassfish.jaxb:txw2:2.3.2) with InstrumentationAnalysisTransform
[        ] Transforming txw2-2.3.2.jar (org.glassfish.jaxb:txw2:2.3.2) with MergeInstrumentationAnalysisTransform
[        ] Transforming istack-commons-runtime-3.0.8.jar (com.sun.istack:istack-commons-runtime:3.0.8) with InstrumentationAnalysisTransform
[        ] Transforming jakarta.xml.bind-api-2.3.2.jar (jakarta.xml.bind:jakarta.xml.bind-api:2.3.2) with ExternalDependencyInstrumentingArtifactTransform
[        ] Transforming txw2-2.3.2.jar (org.glassfish.jaxb:txw2:2.3.2) with ExternalDependencyInstrumentingArtifactTransform
[        ] Transforming istack-commons-runtime-3.0.8.jar (com.sun.istack:istack-commons-runtime:3.0.8) with MergeInstrumentationAnalysisTransform
[        ] Transforming FastInfoset-1.2.16.jar (com.sun.xml.fastinfoset:FastInfoset:1.2.16) with InstrumentationAnalysisTransform
[        ] Transforming FastInfoset-1.2.16.jar (com.sun.xml.fastinfoset:FastInfoset:1.2.16) with MergeInstrumentationAnalysisTransform
[        ] Transforming jakarta.activation-api-1.2.1.jar (jakarta.activation:jakarta.activation-api:1.2.1) with InstrumentationAnalysisTransform
[        ] Transforming istack-commons-runtime-3.0.8.jar (com.sun.istack:istack-commons-runtime:3.0.8) with ExternalDependencyInstrumentingArtifactTransform
[        ] Transforming jakarta.activation-api-1.2.1.jar (jakarta.activation:jakarta.activation-api:1.2.1) with MergeInstrumentationAnalysisTransform
[        ] Transforming auto-value-annotations-1.6.2.jar (com.google.auto.value:auto-value-annotations:1.6.2) with InstrumentationAnalysisTransform
[        ] Transforming FastInfoset-1.2.16.jar (com.sun.xml.fastinfoset:FastInfoset:1.2.16) with ExternalDependencyInstrumentingArtifactTransform
[        ] Transforming auto-value-annotations-1.6.2.jar (com.google.auto.value:auto-value-annotations:1.6.2) with MergeInstrumentationAnalysisTransform
[        ] Transforming error_prone_annotations-2.18.0.jar (com.google.errorprone:error_prone_annotations:2.18.0) with InstrumentationAnalysisTransform
[        ] Transforming jakarta.activation-api-1.2.1.jar (jakarta.activation:jakarta.activation-api:1.2.1) with ExternalDependencyInstrumentingArtifactTransform
[        ] Transforming error_prone_annotations-2.18.0.jar (com.google.errorprone:error_prone_annotations:2.18.0) with MergeInstrumentationAnalysisTransform
[        ] Transforming jose4j-0.7.0.jar (org.bitbucket.b_c:jose4j:0.7.0) with InstrumentationAnalysisTransform
[        ] Transforming auto-value-annotations-1.6.2.jar (com.google.auto.value:auto-value-annotations:1.6.2) with ExternalDependencyInstrumentingArtifactTransform
[        ] Transforming jose4j-0.7.0.jar (org.bitbucket.b_c:jose4j:0.7.0) with MergeInstrumentationAnalysisTransform
[        ] Transforming slf4j-api-1.7.30.jar (org.slf4j:slf4j-api:1.7.30) with InstrumentationAnalysisTransform
[        ] Transforming slf4j-api-1.7.30.jar (org.slf4j:slf4j-api:1.7.30) with MergeInstrumentationAnalysisTransform
[        ] Transforming jdom2-2.0.6.jar (org.jdom:jdom2:2.0.6) with InstrumentationAnalysisTransform
[        ] Transforming jdom2-2.0.6.jar (org.jdom:jdom2:2.0.6) with MergeInstrumentationAnalysisTransform
[        ] Transforming jose4j-0.7.0.jar (org.bitbucket.b_c:jose4j:0.7.0) with ExternalDependencyInstrumentingArtifactTransform
[        ] Transforming error_prone_annotations-2.18.0.jar (com.google.errorprone:error_prone_annotations:2.18.0) with ExternalDependencyInstrumentingArtifactTransform
[        ] Transforming jsr305-3.0.2.jar (com.google.code.findbugs:jsr305:3.0.2) with InstrumentationAnalysisTransform
[        ] Transforming slf4j-api-1.7.30.jar (org.slf4j:slf4j-api:1.7.30) with ExternalDependencyInstrumentingArtifactTransform
[        ] Transforming jdom2-2.0.6.jar (org.jdom:jdom2:2.0.6) with ExternalDependencyInstrumentingArtifactTransform
[        ] Transforming jsr305-3.0.2.jar (com.google.code.findbugs:jsr305:3.0.2) with MergeInstrumentationAnalysisTransform
[        ] Transforming j2objc-annotations-2.8.jar (com.google.j2objc:j2objc-annotations:2.8) with InstrumentationAnalysisTransform
[        ] Transforming j2objc-annotations-2.8.jar (com.google.j2objc:j2objc-annotations:2.8) with MergeInstrumentationAnalysisTransform
[        ] Transforming jsr305-3.0.2.jar (com.google.code.findbugs:jsr305:3.0.2) with ExternalDependencyInstrumentingArtifactTransform
[        ] Transforming annotations-4.1.1.4.jar (com.google.android:annotations:4.1.1.4) with InstrumentationAnalysisTransform
[        ] Transforming annotations-4.1.1.4.jar (com.google.android:annotations:4.1.1.4) with MergeInstrumentationAnalysisTransform
[        ] Transforming animal-sniffer-annotations-1.23.jar (org.codehaus.mojo:animal-sniffer-annotations:1.23) with InstrumentationAnalysisTransform
[        ] Transforming animal-sniffer-annotations-1.23.jar (org.codehaus.mojo:animal-sniffer-annotations:1.23) with MergeInstrumentationAnalysisTransform
[        ] Transforming perfmark-api-0.26.0.jar (io.perfmark:perfmark-api:0.26.0) with InstrumentationAnalysisTransform
[        ] Transforming annotations-4.1.1.4.jar (com.google.android:annotations:4.1.1.4) with ExternalDependencyInstrumentingArtifactTransform
[        ] Transforming j2objc-annotations-2.8.jar (com.google.j2objc:j2objc-annotations:2.8) with ExternalDependencyInstrumentingArtifactTransform
[        ] Transforming perfmark-api-0.26.0.jar (io.perfmark:perfmark-api:0.26.0) with MergeInstrumentationAnalysisTransform
[        ] Transforming animal-sniffer-annotations-1.23.jar (org.codehaus.mojo:animal-sniffer-annotations:1.23) with ExternalDependencyInstrumentingArtifactTransform
[        ] Transforming netty-codec-http2-4.1.93.Final.jar (io.netty:netty-codec-http2:4.1.93.Final) with InstrumentationAnalysisTransform
[        ] Transforming netty-codec-http2-4.1.93.Final.jar (io.netty:netty-codec-http2:4.1.93.Final) with MergeInstrumentationAnalysisTransform
[        ] Transforming netty-handler-proxy-4.1.93.Final.jar (io.netty:netty-handler-proxy:4.1.93.Final) with InstrumentationAnalysisTransform
[        ] Transforming perfmark-api-0.26.0.jar (io.perfmark:perfmark-api:0.26.0) with ExternalDependencyInstrumentingArtifactTransform
[        ] Transforming netty-handler-proxy-4.1.93.Final.jar (io.netty:netty-handler-proxy:4.1.93.Final) with MergeInstrumentationAnalysisTransform
[        ] Transforming netty-codec-http2-4.1.93.Final.jar (io.netty:netty-codec-http2:4.1.93.Final) with ExternalDependencyInstrumentingArtifactTransform
[        ] Transforming netty-codec-http-4.1.93.Final.jar (io.netty:netty-codec-http:4.1.93.Final) with InstrumentationAnalysisTransform
[        ] Transforming netty-codec-http-4.1.93.Final.jar (io.netty:netty-codec-http:4.1.93.Final) with MergeInstrumentationAnalysisTransform
[        ] Transforming netty-handler-4.1.93.Final.jar (io.netty:netty-handler:4.1.93.Final) with InstrumentationAnalysisTransform
[        ] Transforming netty-handler-proxy-4.1.93.Final.jar (io.netty:netty-handler-proxy:4.1.93.Final) with ExternalDependencyInstrumentingArtifactTransform
[        ] Transforming netty-handler-4.1.93.Final.jar (io.netty:netty-handler:4.1.93.Final) with MergeInstrumentationAnalysisTransform
[        ] Transforming netty-transport-native-unix-common-4.1.93.Final.jar (io.netty:netty-transport-native-unix-common:4.1.93.Final) with InstrumentationAnalysisTransform
[        ] Transforming netty-transport-native-unix-common-4.1.93.Final.jar (io.netty:netty-transport-native-unix-common:4.1.93.Final) with MergeInstrumentationAnalysisTransform
[        ] Transforming checker-qual-3.33.0.jar (org.checkerframework:checker-qual:3.33.0) with InstrumentationAnalysisTransform
[        ] Transforming checker-qual-3.33.0.jar (org.checkerframework:checker-qual:3.33.0) with MergeInstrumentationAnalysisTransform
[        ] Transforming commons-codec-1.11.jar (commons-codec:commons-codec:1.11) with InstrumentationAnalysisTransform
[        ] Transforming netty-transport-native-unix-common-4.1.93.Final.jar (io.netty:netty-transport-native-unix-common:4.1.93.Final) with ExternalDependencyInstrumentingArtifactTransform
[        ] Transforming netty-handler-4.1.93.Final.jar (io.netty:netty-handler:4.1.93.Final) with ExternalDependencyInstrumentingArtifactTransform
[        ] Transforming commons-codec-1.11.jar (commons-codec:commons-codec:1.11) with MergeInstrumentationAnalysisTransform
[        ] Transforming netty-codec-http-4.1.93.Final.jar (io.netty:netty-codec-http:4.1.93.Final) with ExternalDependencyInstrumentingArtifactTransform
[        ] Transforming checker-qual-3.33.0.jar (org.checkerframework:checker-qual:3.33.0) with ExternalDependencyInstrumentingArtifactTransform
[        ] Transforming commons-codec-1.11.jar (commons-codec:commons-codec:1.11) with ExternalDependencyInstrumentingArtifactTransform
[        ] Transforming apksig-8.3.1.jar (com.android.tools.build:apksig:8.3.1) with InstrumentationAnalysisTransform
[        ] Transforming apksig-8.3.1.jar (com.android.tools.build:apksig:8.3.1) with MergeInstrumentationAnalysisTransform
[        ] Transforming javawriter-2.5.0.jar (com.squareup:javawriter:2.5.0) with InstrumentationAnalysisTransform
[        ] Transforming apksig-8.3.1.jar (com.android.tools.build:apksig:8.3.1) with ExternalDependencyInstrumentingArtifactTransform
[        ] Transforming javawriter-2.5.0.jar (com.squareup:javawriter:2.5.0) with MergeInstrumentationAnalysisTransform
[        ] Transforming kotlin-native-utils-1.7.22.jar (org.jetbrains.kotlin:kotlin-native-utils:1.7.22) with InstrumentationAnalysisTransform
[        ] Transforming kotlin-native-utils-1.7.22.jar (org.jetbrains.kotlin:kotlin-native-utils:1.7.22) with MergeInstrumentationAnalysisTransform
[        ] Transforming kotlin-util-io-1.7.22.jar (org.jetbrains.kotlin:kotlin-util-io:1.7.22) with InstrumentationAnalysisTransform
[        ] Transforming javawriter-2.5.0.jar (com.squareup:javawriter:2.5.0) with ExternalDependencyInstrumentingArtifactTransform
[        ] Transforming kotlin-native-utils-1.7.22.jar (org.jetbrains.kotlin:kotlin-native-utils:1.7.22) with ExternalDependencyInstrumentingArtifactTransform
[        ] Transforming kotlin-util-io-1.7.22.jar (org.jetbrains.kotlin:kotlin-util-io:1.7.22) with MergeInstrumentationAnalysisTransform
[        ] Transforming kotlin-daemon-embeddable-1.7.22.jar (org.jetbrains.kotlin:kotlin-daemon-embeddable:1.7.22) with InstrumentationAnalysisTransform
[        ] Transforming kotlin-daemon-embeddable-1.7.22.jar (org.jetbrains.kotlin:kotlin-daemon-embeddable:1.7.22) with MergeInstrumentationAnalysisTransform
[        ] Transforming jna-5.6.0.jar (net.java.dev.jna:jna:5.6.0) with InstrumentationAnalysisTransform
[        ] Transforming jna-5.6.0.jar (net.java.dev.jna:jna:5.6.0) with MergeInstrumentationAnalysisTransform
[        ] Transforming kotlin-build-common-1.7.22.jar (org.jetbrains.kotlin:kotlin-build-common:1.7.22) with InstrumentationAnalysisTransform
[        ] Transforming kotlin-build-common-1.7.22.jar (org.jetbrains.kotlin:kotlin-build-common:1.7.22) with MergeInstrumentationAnalysisTransform
[        ] Transforming kotlin-daemon-client-1.7.22.jar (org.jetbrains.kotlin:kotlin-daemon-client:1.7.22) with InstrumentationAnalysisTransform
[        ] Transforming kotlin-daemon-client-1.7.22.jar (org.jetbrains.kotlin:kotlin-daemon-client:1.7.22) with MergeInstrumentationAnalysisTransform
[        ] Transforming kotlinx-coroutines-core-jvm-1.5.0.jar (org.jetbrains.kotlinx:kotlinx-coroutines-core-jvm:1.5.0) with InstrumentationAnalysisTransform
[        ] Transforming kotlinx-coroutines-core-jvm-1.5.0.jar (org.jetbrains.kotlinx:kotlinx-coroutines-core-jvm:1.5.0) with MergeInstrumentationAnalysisTransform
[        ] Transforming kotlin-daemon-embeddable-1.7.22.jar (org.jetbrains.kotlin:kotlin-daemon-embeddable:1.7.22) with ExternalDependencyInstrumentingArtifactTransform
[        ] Transforming kotlin-util-io-1.7.22.jar (org.jetbrains.kotlin:kotlin-util-io:1.7.22) with ExternalDependencyInstrumentingArtifactTransform
[        ] Transforming kotlin-scripting-jvm-1.7.22.jar (org.jetbrains.kotlin:kotlin-scripting-jvm:1.7.22) with InstrumentationAnalysisTransform
[        ] Transforming kotlin-scripting-jvm-1.7.22.jar (org.jetbrains.kotlin:kotlin-scripting-jvm:1.7.22) with MergeInstrumentationAnalysisTransform
[        ] Transforming kotlin-scripting-common-1.7.22.jar (org.jetbrains.kotlin:kotlin-scripting-common:1.7.22) with InstrumentationAnalysisTransform
[        ] Transforming kotlin-daemon-client-1.7.22.jar (org.jetbrains.kotlin:kotlin-daemon-client:1.7.22) with ExternalDependencyInstrumentingArtifactTransform
[        ] Transforming kotlin-build-common-1.7.22.jar (org.jetbrains.kotlin:kotlin-build-common:1.7.22) with ExternalDependencyInstrumentingArtifactTransform
[        ] Transforming kotlin-scripting-jvm-1.7.22.jar (org.jetbrains.kotlin:kotlin-scripting-jvm:1.7.22) with ExternalDependencyInstrumentingArtifactTransform
[        ] Transforming kotlinx-coroutines-core-jvm-1.5.0.jar (org.jetbrains.kotlinx:kotlinx-coroutines-core-jvm:1.5.0) with ExternalDependencyInstrumentingArtifactTransform
[        ] Transforming kotlin-scripting-common-1.7.22.jar (org.jetbrains.kotlin:kotlin-scripting-common:1.7.22) with MergeInstrumentationAnalysisTransform
[        ] Transforming jna-5.6.0.jar (net.java.dev.jna:jna:5.6.0) with ExternalDependencyInstrumentingArtifactTransform
[        ] Transforming failureaccess-1.0.1.jar (com.google.guava:failureaccess:1.0.1) with InstrumentationAnalysisTransform
[        ] Transforming failureaccess-1.0.1.jar (com.google.guava:failureaccess:1.0.1) with MergeInstrumentationAnalysisTransform
[        ] Transforming listenablefuture-9999.0-empty-to-avoid-conflict-with-guava.jar (com.google.guava:listenablefuture:9999.0-empty-to-avoid-conflict-with-guava) with InstrumentationAnalysisTransform
[        ] Transforming listenablefuture-9999.0-empty-to-avoid-conflict-with-guava.jar (com.google.guava:listenablefuture:9999.0-empty-to-avoid-conflict-with-guava) with MergeInstrumentationAnalysisTransform
[        ] Transforming commons-logging-1.2.jar (commons-logging:commons-logging:1.2) with InstrumentationAnalysisTransform
[        ] Transforming commons-logging-1.2.jar (commons-logging:commons-logging:1.2) with MergeInstrumentationAnalysisTransform
[        ] Transforming listenablefuture-9999.0-empty-to-avoid-conflict-with-guava.jar (com.google.guava:listenablefuture:9999.0-empty-to-avoid-conflict-with-guava) with ExternalDependencyInstrumentingArtifactTransform
[        ] Transforming failureaccess-1.0.1.jar (com.google.guava:failureaccess:1.0.1) with ExternalDependencyInstrumentingArtifactTransform
[        ] Transforming kotlin-scripting-common-1.7.22.jar (org.jetbrains.kotlin:kotlin-scripting-common:1.7.22) with ExternalDependencyInstrumentingArtifactTransform
[        ] Transforming commons-logging-1.2.jar (commons-logging:commons-logging:1.2) with ExternalDependencyInstrumentingArtifactTransform
[        ] Transforming netty-codec-socks-4.1.93.Final.jar (io.netty:netty-codec-socks:4.1.93.Final) with InstrumentationAnalysisTransform
[        ] Transforming netty-codec-socks-4.1.93.Final.jar (io.netty:netty-codec-socks:4.1.93.Final) with MergeInstrumentationAnalysisTransform
[        ] Transforming netty-codec-4.1.93.Final.jar (io.netty:netty-codec:4.1.93.Final) with InstrumentationAnalysisTransform
[        ] Transforming netty-codec-4.1.93.Final.jar (io.netty:netty-codec:4.1.93.Final) with MergeInstrumentationAnalysisTransform
[        ] Transforming netty-transport-4.1.93.Final.jar (io.netty:netty-transport:4.1.93.Final) with InstrumentationAnalysisTransform
[        ] Transforming netty-codec-socks-4.1.93.Final.jar (io.netty:netty-codec-socks:4.1.93.Final) with ExternalDependencyInstrumentingArtifactTransform
[        ] Transforming netty-transport-4.1.93.Final.jar (io.netty:netty-transport:4.1.93.Final) with MergeInstrumentationAnalysisTransform
[        ] Transforming netty-buffer-4.1.93.Final.jar (io.netty:netty-buffer:4.1.93.Final) with InstrumentationAnalysisTransform
[        ] Transforming netty-codec-4.1.93.Final.jar (io.netty:netty-codec:4.1.93.Final) with ExternalDependencyInstrumentingArtifactTransform
[        ] Transforming netty-buffer-4.1.93.Final.jar (io.netty:netty-buffer:4.1.93.Final) with MergeInstrumentationAnalysisTransform
[        ] Transforming netty-transport-4.1.93.Final.jar (io.netty:netty-transport:4.1.93.Final) with ExternalDependencyInstrumentingArtifactTransform
[        ] Transforming netty-resolver-4.1.93.Final.jar (io.netty:netty-resolver:4.1.93.Final) with InstrumentationAnalysisTransform
[        ] Transforming netty-buffer-4.1.93.Final.jar (io.netty:netty-buffer:4.1.93.Final) with ExternalDependencyInstrumentingArtifactTransform
[        ] Transforming netty-resolver-4.1.93.Final.jar (io.netty:netty-resolver:4.1.93.Final) with MergeInstrumentationAnalysisTransform
[        ] Transforming netty-common-4.1.93.Final.jar (io.netty:netty-common:4.1.93.Final) with InstrumentationAnalysisTransform
[        ] Transforming netty-common-4.1.93.Final.jar (io.netty:netty-common:4.1.93.Final) with MergeInstrumentationAnalysisTransform
[        ] Transforming netty-resolver-4.1.93.Final.jar (io.netty:netty-resolver:4.1.93.Final) with ExternalDependencyInstrumentingArtifactTransform
[        ] Transforming netty-common-4.1.93.Final.jar (io.netty:netty-common:4.1.93.Final) with ExternalDependencyInstrumentingArtifactTransform
[        ] Build was configured to prefer settings repositories over project repositories but repository 'Google2' was added by build file 'C:\Users\jakao\AppData\Local\Pub\Cache\hosted\pub.dev\device_info_plus-11.5.0\android\build.gradle'
[        ] Build was configured to prefer settings repositories over project repositories but repository 'MavenRepo2' was added by build file 'C:\Users\jakao\AppData\Local\Pub\Cache\hosted\pub.dev\device_info_plus-11.5.0\android\build.gradle'
[        ] Build was configured to prefer settings repositories over project repositories but repository 'Google2' was added by build file 'C:\Users\jakao\AppData\Local\Pub\Cache\hosted\pub.dev\device_info_plus-11.5.0\android\build.gradle'
[        ] Build was configured to prefer settings repositories over project repositories but repository 'MavenRepo2' was added by build file 'C:\Users\jakao\AppData\Local\Pub\Cache\hosted\pub.dev\device_info_plus-11.5.0\android\build.gradle'
[        ] Build was configured to prefer settings repositories over project repositories but repository 'Google2' was added by build file 'C:\Users\jakao\AppData\Local\Pub\Cache\hosted\pub.dev\device_info_plus-11.5.0\android\build.gradle'
[        ] Build was configured to prefer settings repositories over project repositories but repository 'MavenRepo2' was added by build file 'C:\Users\jakao\AppData\Local\Pub\Cache\hosted\pub.dev\device_info_plus-11.5.0\android\build.gradle'
[        ] Build was configured to prefer settings repositories over project repositories but repository 'Google2' was added by build file 'C:\Users\jakao\AppData\Local\Pub\Cache\hosted\pub.dev\device_info_plus-11.5.0\android\build.gradle'
[        ] Build was configured to prefer settings repositories over project repositories but repository 'MavenRepo2' was added by build file 'C:\Users\jakao\AppData\Local\Pub\Cache\hosted\pub.dev\device_info_plus-11.5.0\android\build.gradle'
[        ] Build was configured to prefer settings repositories over project repositories but repository 'Google2' was added by build file 'C:\Users\jakao\AppData\Local\Pub\Cache\hosted\pub.dev\device_info_plus-11.5.0\android\build.gradle'
[        ] Build was configured to prefer settings repositories over project repositories but repository 'MavenRepo2' was added by build file 'C:\Users\jakao\AppData\Local\Pub\Cache\hosted\pub.dev\device_info_plus-11.5.0\android\build.gradle'
[        ] Build was configured to prefer settings repositories over project repositories but repository 'Google2' was added by build file 'C:\Users\jakao\AppData\Local\Pub\Cache\hosted\pub.dev\device_info_plus-11.5.0\android\build.gradle'
[        ] Build was configured to prefer settings repositories over project repositories but repository 'MavenRepo2' was added by build file 'C:\Users\jakao\AppData\Local\Pub\Cache\hosted\pub.dev\device_info_plus-11.5.0\android\build.gradle'
[        ] Build was configured to prefer settings repositories over project repositories but repository 'Google2' was added by build file 'C:\Users\jakao\AppData\Local\Pub\Cache\hosted\pub.dev\device_info_plus-11.5.0\android\build.gradle'
[   +3 ms] Build was configured to prefer settings repositories over project repositories but repository 'MavenRepo2' was added by build file 'C:\Users\jakao\AppData\Local\Pub\Cache\hosted\pub.dev\device_info_plus-11.5.0\android\build.gradle'
[        ] Build was configured to prefer settings repositories over project repositories but repository 'Google2' was added by build file 'C:\Users\jakao\AppData\Local\Pub\Cache\hosted\pub.dev\device_info_plus-11.5.0\android\build.gradle'
[        ] Build was configured to prefer settings repositories over project repositories but repository 'MavenRepo2' was added by build file 'C:\Users\jakao\AppData\Local\Pub\Cache\hosted\pub.dev\device_info_plus-11.5.0\android\build.gradle'
[        ] Build was configured to prefer settings repositories over project repositories but repository 'Google2' was added by build file 'C:\Users\jakao\AppData\Local\Pub\Cache\hosted\pub.dev\device_info_plus-11.5.0\android\build.gradle'
[        ] Build was configured to prefer settings repositories over project repositories but repository 'MavenRepo2' was added by build file 'C:\Users\jakao\AppData\Local\Pub\Cache\hosted\pub.dev\device_info_plus-11.5.0\android\build.gradle'
[        ] Build was configured to prefer settings repositories over project repositories but repository 'Google2' was added by build file 'C:\Users\jakao\AppData\Local\Pub\Cache\hosted\pub.dev\device_info_plus-11.5.0\android\build.gradle'
[        ] Build was configured to prefer settings repositories over project repositories but repository 'MavenRepo2' was added by build file 'C:\Users\jakao\AppData\Local\Pub\Cache\hosted\pub.dev\device_info_plus-11.5.0\android\build.gradle'
[        ] Build was configured to prefer settings repositories over project repositories but repository 'Google2' was added by build file 'C:\Users\jakao\AppData\Local\Pub\Cache\hosted\pub.dev\device_info_plus-11.5.0\android\build.gradle'
[        ] Build was configured to prefer settings repositories over project repositories but repository 'MavenRepo2' was added by build file 'C:\Users\jakao\AppData\Local\Pub\Cache\hosted\pub.dev\device_info_plus-11.5.0\android\build.gradle'
[   +1 ms] Build was configured to prefer settings repositories over project repositories but repository 'Google2' was added by build file 'C:\Users\jakao\AppData\Local\Pub\Cache\hosted\pub.dev\device_info_plus-11.5.0\android\build.gradle'
[        ] Build was configured to prefer settings repositories over project repositories but repository 'MavenRepo2' was added by build file 'C:\Users\jakao\AppData\Local\Pub\Cache\hosted\pub.dev\device_info_plus-11.5.0\android\build.gradle'
[        ] Build was configured to prefer settings repositories over project repositories but repository 'Google2' was added by build file 'C:\Users\jakao\AppData\Local\Pub\Cache\hosted\pub.dev\device_info_plus-11.5.0\android\build.gradle'
[        ] Build was configured to prefer settings repositories over project repositories but repository 'MavenRepo2' was added by build file 'C:\Users\jakao\AppData\Local\Pub\Cache\hosted\pub.dev\device_info_plus-11.5.0\android\build.gradle'
[        ] Build was configured to prefer settings repositories over project repositories but repository 'Google2' was added by build file 'C:\Users\jakao\AppData\Local\Pub\Cache\hosted\pub.dev\device_info_plus-11.5.0\android\build.gradle'
[        ] Build was configured to prefer settings repositories over project repositories but repository 'MavenRepo2' was added by build file 'C:\Users\jakao\AppData\Local\Pub\Cache\hosted\pub.dev\device_info_plus-11.5.0\android\build.gradle'
[        ] Build was configured to prefer settings repositories over project repositories but repository 'Google2' was added by build file 'C:\Users\jakao\AppData\Local\Pub\Cache\hosted\pub.dev\device_info_plus-11.5.0\android\build.gradle'
[        ] Build was configured to prefer settings repositories over project repositories but repository 'MavenRepo2' was added by build file 'C:\Users\jakao\AppData\Local\Pub\Cache\hosted\pub.dev\device_info_plus-11.5.0\android\build.gradle'
[        ] Using default execution profile
[        ] Using Kotlin Gradle Plugin gradle85 variant
[ +118 ms] > Configure project :file_picker
[        ] Evaluating project ':file_picker' using build file 'C:\Users\jakao\AppData\Local\Pub\Cache\hosted\pub.dev\file_picker-8.3.7\android\build.gradle'.
[        ] Transforming gradle-7.4.2.jar (com.android.tools.build:gradle:7.4.2) with InstrumentationAnalysisTransform
[        ] Transforming gradle-settings-api-7.4.2.jar (com.android.tools.build:gradle-settings-api:7.4.2) with InstrumentationAnalysisTransform
[        ] Transforming lint-model-30.4.2.jar (com.android.tools.lint:lint-model:30.4.2) with InstrumentationAnalysisTransform
[        ] Transforming builder-7.4.2.jar (com.android.tools.build:builder:7.4.2) with InstrumentationAnalysisTransform
[        ] Transforming manifest-merger-30.4.2.jar (com.android.tools.build:manifest-merger:30.4.2) with InstrumentationAnalysisTransform
[        ] Transforming sdk-common-30.4.2.jar (com.android.tools:sdk-common:30.4.2) with InstrumentationAnalysisTransform
[        ] Transforming sdklib-30.4.2.jar (com.android.tools:sdklib:30.4.2) with InstrumentationAnalysisTransform
[        ] Transforming repository-30.4.2.jar (com.android.tools:repository:30.4.2) with InstrumentationAnalysisTransform
[        ] Transforming gradle-api-7.4.2.jar (com.android.tools.build:gradle-api:7.4.2) with InstrumentationAnalysisTransform
[        ] Transforming builder-test-api-7.4.2.jar (com.android.tools.build:builder-test-api:7.4.2) with InstrumentationAnalysisTransform
[        ] Transforming ddmlib-30.4.2.jar (com.android.tools.ddms:ddmlib:30.4.2) with InstrumentationAnalysisTransform
[        ] Transforming aaptcompiler-7.4.2.jar (com.android.tools.build:aaptcompiler:7.4.2) with InstrumentationAnalysisTransform
[        ] Transforming bundletool-1.11.4.jar (com.android.tools.build:bundletool:1.11.4) with InstrumentationAnalysisTransform
[        ] Transforming aapt2-proto-7.4.2-8841542.jar (com.android.tools.build:aapt2-proto:7.4.2-8841542) with InstrumentationAnalysisTransform
[        ] Transforming crash-30.4.2.jar (com.android.tools.analytics-library:crash:30.4.2) with InstrumentationAnalysisTransform
[        ] Transforming tracker-30.4.2.jar (com.android.tools.analytics-library:tracker:30.4.2) with InstrumentationAnalysisTransform
[        ] Transforming shared-30.4.2.jar (com.android.tools.analytics-library:shared:30.4.2) with InstrumentationAnalysisTransform
[        ] Transforming lint-typedef-remover-30.4.2.jar (com.android.tools.lint:lint-typedef-remover:30.4.2) with InstrumentationAnalysisTransform
[        ] Transforming databinding-compiler-common-7.4.2.jar (androidx.databinding:databinding-compiler-common:7.4.2) with InstrumentationAnalysisTransform
[        ] Transforming databinding-common-7.4.2.jar (androidx.databinding:databinding-common:7.4.2) with InstrumentationAnalysisTransform
[        ] Transforming baseLibrary-7.4.2.jar (com.android.databinding:baseLibrary:7.4.2) with InstrumentationAnalysisTransform
[        ] Transforming layoutlib-api-30.4.2.jar (com.android.tools.layoutlib:layoutlib-api:30.4.2) with InstrumentationAnalysisTransform
[        ] Transforming android-device-provider-ddmlib-proto-30.4.2.jar (com.android.tools.utp:android-device-provider-ddmlib-proto:30.4.2) with InstrumentationAnalysisTransform
[        ] Transforming android-device-provider-gradle-proto-30.4.2.jar (com.android.tools.utp:android-device-provider-gradle-proto:30.4.2) with InstrumentationAnalysisTransform
[        ] Transforming android-test-plugin-host-additional-test-output-proto-30.4.2.jar (com.android.tools.utp:android-test-plugin-host-additional-test-output-proto:30.4.2) with InstrumentationAnalysisTransform
[        ] Transforming android-test-plugin-host-coverage-proto-30.4.2.jar (com.android.tools.utp:android-test-plugin-host-coverage-proto:30.4.2) with InstrumentationAnalysisTransform
[        ] Transforming android-test-plugin-host-retention-proto-30.4.2.jar (com.android.tools.utp:android-test-plugin-host-retention-proto:30.4.2) with InstrumentationAnalysisTransform
[        ] Transforming android-test-plugin-result-listener-gradle-proto-30.4.2.jar (com.android.tools.utp:android-test-plugin-result-listener-gradle-proto:30.4.2) with InstrumentationAnalysisTransform
[        ] Transforming builder-model-7.4.2.jar (com.android.tools.build:builder-model:7.4.2) with InstrumentationAnalysisTransform
[        ] Transforming dvlib-30.4.2.jar (com.android.tools:dvlib:30.4.2) with InstrumentationAnalysisTransform
[        ] Transforming common-30.4.2.jar (com.android.tools:common:30.4.2) with InstrumentationAnalysisTransform
[        ] Transforming kotlin-stdlib-jdk8-1.7.10.jar (org.jetbrains.kotlin:kotlin-stdlib-jdk8:1.7.10) with InstrumentationAnalysisTransform
[        ] Transforming transform-api-2.0.0-deprecated-use-gradle-api.jar (com.android.tools.build:transform-api:2.0.0-deprecated-use-gradle-api) with InstrumentationAnalysisTransform
[        ] Transforming httpmime-4.5.6.jar (org.apache.httpcomponents:httpmime:4.5.6) with InstrumentationAnalysisTransform
[        ] Transforming commons-io-2.4.jar (commons-io:commons-io:2.4) with InstrumentationAnalysisTransform
[        ] Transforming jetifier-processor-1.0.0-beta10.jar (com.android.tools.build.jetifier:jetifier-processor:1.0.0-beta10) with InstrumentationAnalysisTransform
[        ] Transforming asm-commons-9.2.jar (org.ow2.asm:asm-commons:9.2) with InstrumentationAnalysisTransform
[        ] Transforming asm-util-9.2.jar (org.ow2.asm:asm-util:9.2) with InstrumentationAnalysisTransform
[        ] Transforming asm-analysis-9.2.jar (org.ow2.asm:asm-analysis:9.2) with InstrumentationAnalysisTransform
[        ] Transforming asm-tree-9.2.jar (org.ow2.asm:asm-tree:9.2) with InstrumentationAnalysisTransform
[        ] Transforming asm-9.2.jar (org.ow2.asm:asm:9.2) with InstrumentationAnalysisTransform
[        ] Transforming apkzlib-7.4.2.jar (com.android.tools.build:apkzlib:7.4.2) with InstrumentationAnalysisTransform
[        ] Transforming bcpkix-jdk15on-1.67.jar (org.bouncycastle:bcpkix-jdk15on:1.67) with InstrumentationAnalysisTransform
[        ] Transforming jaxb-runtime-2.3.2.jar (org.glassfish.jaxb:jaxb-runtime:2.3.2) with InstrumentationAnalysisTransform
[        ] Transforming jopt-simple-4.9.jar (net.sf.jopt-simple:jopt-simple:4.9) with InstrumentationAnalysisTransform
[        ] Transforming jetifier-core-1.0.0-beta10.jar (com.android.tools.build.jetifier:jetifier-core:1.0.0-beta10) with InstrumentationAnalysisTransform
[        ] Transforming javapoet-1.10.0.jar (com.squareup:javapoet:1.10.0) with InstrumentationAnalysisTransform
[        ] Transforming protobuf-java-util-3.17.2.jar (com.google.protobuf:protobuf-java-util:3.17.2) with InstrumentationAnalysisTransform
[        ] Transforming grpc-protobuf-1.39.0.jar (io.grpc:grpc-protobuf:1.39.0) with InstrumentationAnalysisTransform
[        ] Transforming tink-1.3.0-rc2.jar (com.google.crypto.tink:tink:1.3.0-rc2) with InstrumentationAnalysisTransform
[        ] Transforming protos-30.4.2.jar (com.android.tools.analytics-library:protos:30.4.2) with InstrumentationAnalysisTransform
[        ] Transforming proto-google-common-protos-2.0.1.jar (com.google.api.grpc:proto-google-common-protos:2.0.1) with InstrumentationAnalysisTransform
[        ] Transforming protobuf-java-3.17.2.jar (com.google.protobuf:protobuf-java:3.17.2) with InstrumentationAnalysisTransform
[        ] Transforming grpc-netty-1.39.0.jar (io.grpc:grpc-netty:1.39.0) with InstrumentationAnalysisTransform
[        ] Transforming grpc-core-1.39.0.jar (io.grpc:grpc-core:1.39.0) with InstrumentationAnalysisTransform
[        ] Transforming gson-2.8.9.jar (com.google.code.gson:gson:2.8.9) with InstrumentationAnalysisTransform
[        ] Transforming grpc-stub-1.39.0.jar (io.grpc:grpc-stub:1.39.0) with InstrumentationAnalysisTransform
[        ] Transforming core-proto-0.0.8-alpha08.jar (com.google.testing.platform:core-proto:0.0.8-alpha08) with InstrumentationAnalysisTransform
[        ] Transforming tensorflow-lite-metadata-0.1.0-rc2.jar (org.tensorflow:tensorflow-lite-metadata:0.1.0-rc2) with InstrumentationAnalysisTransform
[        ] Transforming flatbuffers-java-1.12.0.jar (com.google.flatbuffers:flatbuffers-java:1.12.0) with InstrumentationAnalysisTransform
[        ] Transforming jimfs-1.1.jar (com.google.jimfs:jimfs:1.1) with InstrumentationAnalysisTransform
[        ] Transforming grpc-protobuf-lite-1.39.0.jar (io.grpc:grpc-protobuf-lite:1.39.0) with InstrumentationAnalysisTransform
[        ] Transforming grpc-api-1.39.0.jar (io.grpc:grpc-api:1.39.0) with InstrumentationAnalysisTransform
[        ] Transforming guava-30.1-jre.jar (com.google.guava:guava:30.1-jre) with InstrumentationAnalysisTransform
[        ] Transforming dagger-2.28.3.jar (com.google.dagger:dagger:2.28.3) with InstrumentationAnalysisTransform
[        ] Transforming javax.inject-1.jar (javax.inject:javax.inject:1) with InstrumentationAnalysisTransform
[        ] Transforming kxml2-2.3.0.jar (net.sf.kxml:kxml2:2.3.0) with InstrumentationAnalysisTransform
[        ] Transforming bcprov-jdk15on-1.67.jar (org.bouncycastle:bcprov-jdk15on:1.67) with InstrumentationAnalysisTransform
[        ] Transforming trove4j-1.0.20200330.jar (org.jetbrains.intellij.deps:trove4j:1.0.20200330) with InstrumentationAnalysisTransform
[        ] Transforming kotlin-reflect-1.7.10.jar (org.jetbrains.kotlin:kotlin-reflect:1.7.10) with InstrumentationAnalysisTransform
[        ] Transforming xercesImpl-2.12.0.jar (xerces:xercesImpl:2.12.0) with InstrumentationAnalysisTransform
[        ] Transforming commons-compress-1.20.jar (org.apache.commons:commons-compress:1.20) with InstrumentationAnalysisTransform
[        ] Transforming httpclient-4.5.13.jar (org.apache.httpcomponents:httpclient:4.5.13) with InstrumentationAnalysisTransform
[        ] Transforming httpcore-4.4.13.jar (org.apache.httpcomponents:httpcore:4.4.13) with InstrumentationAnalysisTransform
[        ] Transforming javax.activation-1.2.0.jar (com.sun.activation:javax.activation:1.2.0) with InstrumentationAnalysisTransform
[        ] Transforming kotlin-stdlib-jdk7-1.7.10.jar (org.jetbrains.kotlin:kotlin-stdlib-jdk7:1.7.10) with InstrumentationAnalysisTransform
[        ] Transforming kotlin-stdlib-1.7.10.jar (org.jetbrains.kotlin:kotlin-stdlib:1.7.10) with InstrumentationAnalysisTransform
[        ] Transforming annotations-13.0.jar (org.jetbrains:annotations:13.0) with InstrumentationAnalysisTransform
[        ] Transforming signflinger-7.4.2.jar (com.android:signflinger:7.4.2) with InstrumentationAnalysisTransform
[        ] Transforming zipflinger-7.4.2.jar (com.android:zipflinger:7.4.2) with InstrumentationAnalysisTransform
[        ] Transforming annotations-30.4.2.jar (com.android.tools:annotations:30.4.2) with InstrumentationAnalysisTransform
[        ] Transforming jna-platform-5.6.0.jar (net.java.dev.jna:jna-platform:5.6.0) with InstrumentationAnalysisTransform
[        ] Transforming juniversalchardet-1.0.3.jar (com.googlecode.juniversalchardet:juniversalchardet:1.0.3) with InstrumentationAnalysisTransform
[        ] Transforming javax.annotation-api-1.3.2.jar (javax.annotation:javax.annotation-api:1.3.2) with InstrumentationAnalysisTransform
[        ] Transforming stax-ex-1.8.1.jar (org.jvnet.staxex:stax-ex:1.8.1) with InstrumentationAnalysisTransform
[        ] Transforming jakarta.xml.bind-api-2.3.2.jar (jakarta.xml.bind:jakarta.xml.bind-api:2.3.2) with InstrumentationAnalysisTransform
[        ] Transforming txw2-2.3.2.jar (org.glassfish.jaxb:txw2:2.3.2) with InstrumentationAnalysisTransform
[        ] Transforming istack-commons-runtime-3.0.8.jar (com.sun.istack:istack-commons-runtime:3.0.8) with InstrumentationAnalysisTransform
[        ] Transforming FastInfoset-1.2.16.jar (com.sun.xml.fastinfoset:FastInfoset:1.2.16) with InstrumentationAnalysisTransform
[        ] Transforming jakarta.activation-api-1.2.1.jar (jakarta.activation:jakarta.activation-api:1.2.1) with InstrumentationAnalysisTransform
[        ] Transforming auto-value-annotations-1.6.2.jar (com.google.auto.value:auto-value-annotations:1.6.2) with InstrumentationAnalysisTransform
[        ] Transforming error_prone_annotations-2.4.0.jar (com.google.errorprone:error_prone_annotations:2.4.0) with InstrumentationAnalysisTransform
[        ] Transforming jose4j-0.7.0.jar (org.bitbucket.b_c:jose4j:0.7.0) with InstrumentationAnalysisTransform
[        ] Transforming slf4j-api-1.7.30.jar (org.slf4j:slf4j-api:1.7.30) with InstrumentationAnalysisTransform
[        ] Transforming jdom2-2.0.6.jar (org.jdom:jdom2:2.0.6) with InstrumentationAnalysisTransform
[        ] Transforming annotations-4.1.1.4.jar (com.google.android:annotations:4.1.1.4) with InstrumentationAnalysisTransform
[        ] Transforming animal-sniffer-annotations-1.19.jar (org.codehaus.mojo:animal-sniffer-annotations:1.19) with InstrumentationAnalysisTransform
[        ] Transforming perfmark-api-0.23.0.jar (io.perfmark:perfmark-api:0.23.0) with InstrumentationAnalysisTransform
[        ] Transforming netty-codec-http2-4.1.52.Final.jar (io.netty:netty-codec-http2:4.1.52.Final) with InstrumentationAnalysisTransform
[        ] Transforming netty-handler-proxy-4.1.52.Final.jar (io.netty:netty-handler-proxy:4.1.52.Final) with InstrumentationAnalysisTransform
[        ] Transforming jsr305-3.0.2.jar (com.google.code.findbugs:jsr305:3.0.2) with InstrumentationAnalysisTransform
[        ] Transforming json-20180813.jar (org.json:json:20180813) with InstrumentationAnalysisTransform
[        ] Transforming checker-qual-3.5.0.jar (org.checkerframework:checker-qual:3.5.0) with InstrumentationAnalysisTransform
[        ] Transforming commons-codec-1.11.jar (commons-codec:commons-codec:1.11) with InstrumentationAnalysisTransform
[        ] Transforming apksig-7.4.2.jar (com.android.tools.build:apksig:7.4.2) with InstrumentationAnalysisTransform
[        ] Transforming javawriter-2.5.0.jar (com.squareup:javawriter:2.5.0) with InstrumentationAnalysisTransform
[        ] Transforming failureaccess-1.0.1.jar (com.google.guava:failureaccess:1.0.1) with InstrumentationAnalysisTransform
[        ] Transforming listenablefuture-9999.0-empty-to-avoid-conflict-with-guava.jar (com.google.guava:listenablefuture:9999.0-empty-to-avoid-conflict-with-guava) with InstrumentationAnalysisTransform
[        ] Transforming j2objc-annotations-1.3.jar (com.google.j2objc:j2objc-annotations:1.3) with InstrumentationAnalysisTransform
[        ] Transforming xml-apis-1.4.01.jar (xml-apis:xml-apis:1.4.01) with InstrumentationAnalysisTransform
[        ] Transforming commons-logging-1.2.jar (commons-logging:commons-logging:1.2) with InstrumentationAnalysisTransform
[        ] Transforming jna-5.6.0.jar (net.java.dev.jna:jna:5.6.0) with InstrumentationAnalysisTransform
[        ] Transforming kotlin-stdlib-common-1.7.10.jar (org.jetbrains.kotlin:kotlin-stdlib-common:1.7.10) with InstrumentationAnalysisTransform
[        ] Transforming grpc-context-1.39.0.jar (io.grpc:grpc-context:1.39.0) with InstrumentationAnalysisTransform
[        ] Transforming netty-codec-http-4.1.52.Final.jar (io.netty:netty-codec-http:4.1.52.Final) with InstrumentationAnalysisTransform
[        ] Transforming netty-handler-4.1.52.Final.jar (io.netty:netty-handler:4.1.52.Final) with InstrumentationAnalysisTransform
[        ] Transforming netty-codec-socks-4.1.52.Final.jar (io.netty:netty-codec-socks:4.1.52.Final) with InstrumentationAnalysisTransform
[        ] Transforming netty-codec-4.1.52.Final.jar (io.netty:netty-codec:4.1.52.Final) with InstrumentationAnalysisTransform
[        ] Transforming netty-transport-4.1.52.Final.jar (io.netty:netty-transport:4.1.52.Final) with InstrumentationAnalysisTransform
[        ] Transforming netty-buffer-4.1.52.Final.jar (io.netty:netty-buffer:4.1.52.Final) with InstrumentationAnalysisTransform
[        ] Transforming netty-resolver-4.1.52.Final.jar (io.netty:netty-resolver:4.1.52.Final) with InstrumentationAnalysisTransform
[        ] Transforming netty-common-4.1.52.Final.jar (io.netty:netty-common:4.1.52.Final) with InstrumentationAnalysisTransform
[        ] Transforming gradle-7.4.2.jar (com.android.tools.build:gradle:7.4.2) with InstrumentationAnalysisTransform
[        ] Transforming gradle-7.4.2.jar (com.android.tools.build:gradle:7.4.2) with MergeInstrumentationAnalysisTransform
[        ] Transforming gradle-settings-api-7.4.2.jar (com.android.tools.build:gradle-settings-api:7.4.2) with InstrumentationAnalysisTransform
[        ] Transforming gradle-settings-api-7.4.2.jar (com.android.tools.build:gradle-settings-api:7.4.2) with MergeInstrumentationAnalysisTransform
[        ] Transforming lint-model-30.4.2.jar (com.android.tools.lint:lint-model:30.4.2) with InstrumentationAnalysisTransform
[        ] Transforming lint-model-30.4.2.jar (com.android.tools.lint:lint-model:30.4.2) with MergeInstrumentationAnalysisTransform
[        ] Transforming gradle-7.4.2.jar (com.android.tools.build:gradle:7.4.2) with ExternalDependencyInstrumentingArtifactTransform
[        ] Transforming builder-7.4.2.jar (com.android.tools.build:builder:7.4.2) with InstrumentationAnalysisTransform
[        ] Transforming gradle-settings-api-7.4.2.jar (com.android.tools.build:gradle-settings-api:7.4.2) with ExternalDependencyInstrumentingArtifactTransform
[        ] Transforming builder-7.4.2.jar (com.android.tools.build:builder:7.4.2) with MergeInstrumentationAnalysisTransform
[        ] Transforming manifest-merger-30.4.2.jar (com.android.tools.build:manifest-merger:30.4.2) with InstrumentationAnalysisTransform
[        ] Transforming lint-model-30.4.2.jar (com.android.tools.lint:lint-model:30.4.2) with ExternalDependencyInstrumentingArtifactTransform
[        ] Transforming builder-7.4.2.jar (com.android.tools.build:builder:7.4.2) with ExternalDependencyInstrumentingArtifactTransform
[        ] Transforming manifest-merger-30.4.2.jar (com.android.tools.build:manifest-merger:30.4.2) with MergeInstrumentationAnalysisTransform
[        ] Transforming sdk-common-30.4.2.jar (com.android.tools:sdk-common:30.4.2) with InstrumentationAnalysisTransform
[        ] Transforming sdk-common-30.4.2.jar (com.android.tools:sdk-common:30.4.2) with MergeInstrumentationAnalysisTransform
[        ] Transforming manifest-merger-30.4.2.jar (com.android.tools.build:manifest-merger:30.4.2) with ExternalDependencyInstrumentingArtifactTransform
[        ] Transforming sdklib-30.4.2.jar (com.android.tools:sdklib:30.4.2) with InstrumentationAnalysisTransform
[        ] Transforming sdklib-30.4.2.jar (com.android.tools:sdklib:30.4.2) with MergeInstrumentationAnalysisTransform
[        ] Transforming sdk-common-30.4.2.jar (com.android.tools:sdk-common:30.4.2) with ExternalDependencyInstrumentingArtifactTransform
[        ] Transforming repository-30.4.2.jar (com.android.tools:repository:30.4.2) with InstrumentationAnalysisTransform
[        ] Transforming repository-30.4.2.jar (com.android.tools:repository:30.4.2) with MergeInstrumentationAnalysisTransform
[        ] Transforming sdklib-30.4.2.jar (com.android.tools:sdklib:30.4.2) with ExternalDependencyInstrumentingArtifactTransform
[        ] Transforming gradle-api-7.4.2.jar (com.android.tools.build:gradle-api:7.4.2) with InstrumentationAnalysisTransform
[        ] Transforming gradle-api-7.4.2.jar (com.android.tools.build:gradle-api:7.4.2) with MergeInstrumentationAnalysisTransform
[        ] Transforming builder-test-api-7.4.2.jar (com.android.tools.build:builder-test-api:7.4.2) with InstrumentationAnalysisTransform
[        ] Transforming builder-test-api-7.4.2.jar (com.android.tools.build:builder-test-api:7.4.2) with MergeInstrumentationAnalysisTransform
[        ] Transforming ddmlib-30.4.2.jar (com.android.tools.ddms:ddmlib:30.4.2) with InstrumentationAnalysisTransform
[        ] Transforming ddmlib-30.4.2.jar (com.android.tools.ddms:ddmlib:30.4.2) with MergeInstrumentationAnalysisTransform
[        ] Transforming repository-30.4.2.jar (com.android.tools:repository:30.4.2) with ExternalDependencyInstrumentingArtifactTransform
[        ] Transforming aaptcompiler-7.4.2.jar (com.android.tools.build:aaptcompiler:7.4.2) with InstrumentationAnalysisTransform
[        ] Transforming gradle-api-7.4.2.jar (com.android.tools.build:gradle-api:7.4.2) with ExternalDependencyInstrumentingArtifactTransform
[        ] Transforming aaptcompiler-7.4.2.jar (com.android.tools.build:aaptcompiler:7.4.2) with MergeInstrumentationAnalysisTransform
[        ] Transforming builder-test-api-7.4.2.jar (com.android.tools.build:builder-test-api:7.4.2) with ExternalDependencyInstrumentingArtifactTransform
[        ] Transforming ddmlib-30.4.2.jar (com.android.tools.ddms:ddmlib:30.4.2) with ExternalDependencyInstrumentingArtifactTransform
[        ] Transforming bundletool-1.11.4.jar (com.android.tools.build:bundletool:1.11.4) with InstrumentationAnalysisTransform
[        ] Transforming bundletool-1.11.4.jar (com.android.tools.build:bundletool:1.11.4) with MergeInstrumentationAnalysisTransform
[        ] Transforming aapt2-proto-7.4.2-8841542.jar (com.android.tools.build:aapt2-proto:7.4.2-8841542) with InstrumentationAnalysisTransform
[        ] Transforming aapt2-proto-7.4.2-8841542.jar (com.android.tools.build:aapt2-proto:7.4.2-8841542) with MergeInstrumentationAnalysisTransform
[        ] Transforming crash-30.4.2.jar (com.android.tools.analytics-library:crash:30.4.2) with InstrumentationAnalysisTransform
[        ] Transforming bundletool-1.11.4.jar (com.android.tools.build:bundletool:1.11.4) with ExternalDependencyInstrumentingArtifactTransform
[        ] Transforming crash-30.4.2.jar (com.android.tools.analytics-library:crash:30.4.2) with MergeInstrumentationAnalysisTransform
[        ] Transforming aaptcompiler-7.4.2.jar (com.android.tools.build:aaptcompiler:7.4.2) with ExternalDependencyInstrumentingArtifactTransform
[        ] Transforming tracker-30.4.2.jar (com.android.tools.analytics-library:tracker:30.4.2) with InstrumentationAnalysisTransform
[        ] Transforming aapt2-proto-7.4.2-8841542.jar (com.android.tools.build:aapt2-proto:7.4.2-8841542) with ExternalDependencyInstrumentingArtifactTransform
[        ] Transforming tracker-30.4.2.jar (com.android.tools.analytics-library:tracker:30.4.2) with MergeInstrumentationAnalysisTransform
[        ] Transforming crash-30.4.2.jar (com.android.tools.analytics-library:crash:30.4.2) with ExternalDependencyInstrumentingArtifactTransform
[        ] Transforming shared-30.4.2.jar (com.android.tools.analytics-library:shared:30.4.2) with InstrumentationAnalysisTransform
[        ] Transforming shared-30.4.2.jar (com.android.tools.analytics-library:shared:30.4.2) with MergeInstrumentationAnalysisTransform
[        ] Transforming lint-typedef-remover-30.4.2.jar (com.android.tools.lint:lint-typedef-remover:30.4.2) with InstrumentationAnalysisTransform
[        ] Transforming tracker-30.4.2.jar (com.android.tools.analytics-library:tracker:30.4.2) with ExternalDependencyInstrumentingArtifactTransform
[        ] Transforming lint-typedef-remover-30.4.2.jar (com.android.tools.lint:lint-typedef-remover:30.4.2) with MergeInstrumentationAnalysisTransform
[        ] Transforming databinding-compiler-common-7.4.2.jar (androidx.databinding:databinding-compiler-common:7.4.2) with InstrumentationAnalysisTransform
[        ] Transforming shared-30.4.2.jar (com.android.tools.analytics-library:shared:30.4.2) with ExternalDependencyInstrumentingArtifactTransform
[        ] Transforming databinding-compiler-common-7.4.2.jar (androidx.databinding:databinding-compiler-common:7.4.2) with MergeInstrumentationAnalysisTransform
[        ] Transforming lint-typedef-remover-30.4.2.jar (com.android.tools.lint:lint-typedef-remover:30.4.2) with ExternalDependencyInstrumentingArtifactTransform
[        ] Transforming databinding-common-7.4.2.jar (androidx.databinding:databinding-common:7.4.2) with InstrumentationAnalysisTransform
[        ] Transforming databinding-common-7.4.2.jar (androidx.databinding:databinding-common:7.4.2) with MergeInstrumentationAnalysisTransform
[        ] Transforming databinding-compiler-common-7.4.2.jar (androidx.databinding:databinding-compiler-common:7.4.2) with ExternalDependencyInstrumentingArtifactTransform
[        ] Transforming baseLibrary-7.4.2.jar (com.android.databinding:baseLibrary:7.4.2) with InstrumentationAnalysisTransform
[        ] Transforming databinding-common-7.4.2.jar (androidx.databinding:databinding-common:7.4.2) with ExternalDependencyInstrumentingArtifactTransform
[        ] Transforming baseLibrary-7.4.2.jar (com.android.databinding:baseLibrary:7.4.2) with MergeInstrumentationAnalysisTransform
[        ] Transforming layoutlib-api-30.4.2.jar (com.android.tools.layoutlib:layoutlib-api:30.4.2) with InstrumentationAnalysisTransform
[        ] Transforming baseLibrary-7.4.2.jar (com.android.databinding:baseLibrary:7.4.2) with ExternalDependencyInstrumentingArtifactTransform
[        ] Transforming layoutlib-api-30.4.2.jar (com.android.tools.layoutlib:layoutlib-api:30.4.2) with MergeInstrumentationAnalysisTransform
[        ] Transforming android-device-provider-ddmlib-proto-30.4.2.jar (com.android.tools.utp:android-device-provider-ddmlib-proto:30.4.2) with InstrumentationAnalysisTransform
[        ] Transforming android-device-provider-ddmlib-proto-30.4.2.jar (com.android.tools.utp:android-device-provider-ddmlib-proto:30.4.2) with MergeInstrumentationAnalysisTransform
[        ] Transforming layoutlib-api-30.4.2.jar (com.android.tools.layoutlib:layoutlib-api:30.4.2) with ExternalDependencyInstrumentingArtifactTransform
[        ] Transforming android-device-provider-gradle-proto-30.4.2.jar (com.android.tools.utp:android-device-provider-gradle-proto:30.4.2) with InstrumentationAnalysisTransform
[        ] Transforming android-device-provider-gradle-proto-30.4.2.jar (com.android.tools.utp:android-device-provider-gradle-proto:30.4.2) with MergeInstrumentationAnalysisTransform
[        ] Transforming android-device-provider-ddmlib-proto-30.4.2.jar (com.android.tools.utp:android-device-provider-ddmlib-proto:30.4.2) with ExternalDependencyInstrumentingArtifactTransform
[        ] Transforming android-test-plugin-host-additional-test-output-proto-30.4.2.jar (com.android.tools.utp:android-test-plugin-host-additional-test-output-proto:30.4.2) with InstrumentationAnalysisTransform
[        ] Transforming android-device-provider-gradle-proto-30.4.2.jar (com.android.tools.utp:android-device-provider-gradle-proto:30.4.2) with ExternalDependencyInstrumentingArtifactTransform
[        ] Transforming android-test-plugin-host-additional-test-output-proto-30.4.2.jar (com.android.tools.utp:android-test-plugin-host-additional-test-output-proto:30.4.2) with MergeInstrumentationAnalysisTransform
[        ] Transforming android-test-plugin-host-coverage-proto-30.4.2.jar (com.android.tools.utp:android-test-plugin-host-coverage-proto:30.4.2) with InstrumentationAnalysisTransform
[   +2 ms] Transforming android-test-plugin-host-coverage-proto-30.4.2.jar (com.android.tools.utp:android-test-plugin-host-coverage-proto:30.4.2) with MergeInstrumentationAnalysisTransform
[        ] Transforming android-test-plugin-host-additional-test-output-proto-30.4.2.jar (com.android.tools.utp:android-test-plugin-host-additional-test-output-proto:30.4.2) with ExternalDependencyInstrumentingArtifactTransform
[        ] Transforming android-test-plugin-host-retention-proto-30.4.2.jar (com.android.tools.utp:android-test-plugin-host-retention-proto:30.4.2) with InstrumentationAnalysisTransform
[        ] Transforming android-test-plugin-host-coverage-proto-30.4.2.jar (com.android.tools.utp:android-test-plugin-host-coverage-proto:30.4.2) with ExternalDependencyInstrumentingArtifactTransform
[        ] Transforming android-test-plugin-host-retention-proto-30.4.2.jar (com.android.tools.utp:android-test-plugin-host-retention-proto:30.4.2) with MergeInstrumentationAnalysisTransform
[        ] Transforming android-test-plugin-host-retention-proto-30.4.2.jar (com.android.tools.utp:android-test-plugin-host-retention-proto:30.4.2) with ExternalDependencyInstrumentingArtifactTransform
[        ] Transforming android-test-plugin-result-listener-gradle-proto-30.4.2.jar (com.android.tools.utp:android-test-plugin-result-listener-gradle-proto:30.4.2) with InstrumentationAnalysisTransform
[        ] Transforming android-test-plugin-result-listener-gradle-proto-30.4.2.jar (com.android.tools.utp:android-test-plugin-result-listener-gradle-proto:30.4.2) with MergeInstrumentationAnalysisTransform
[        ] Transforming builder-model-7.4.2.jar (com.android.tools.build:builder-model:7.4.2) with InstrumentationAnalysisTransform
[        ] Transforming builder-model-7.4.2.jar (com.android.tools.build:builder-model:7.4.2) with MergeInstrumentationAnalysisTransform
[        ] Transforming dvlib-30.4.2.jar (com.android.tools:dvlib:30.4.2) with InstrumentationAnalysisTransform
[        ] Transforming android-test-plugin-result-listener-gradle-proto-30.4.2.jar (com.android.tools.utp:android-test-plugin-result-listener-gradle-proto:30.4.2) with ExternalDependencyInstrumentingArtifactTransform
[        ] Transforming dvlib-30.4.2.jar (com.android.tools:dvlib:30.4.2) with MergeInstrumentationAnalysisTransform
[        ] Transforming common-30.4.2.jar (com.android.tools:common:30.4.2) with InstrumentationAnalysisTransform
[        ] Transforming common-30.4.2.jar (com.android.tools:common:30.4.2) with MergeInstrumentationAnalysisTransform
[        ] Transforming kotlin-stdlib-jdk8-1.7.10.jar (org.jetbrains.kotlin:kotlin-stdlib-jdk8:1.7.10) with InstrumentationAnalysisTransform
[        ] Transforming builder-model-7.4.2.jar (com.android.tools.build:builder-model:7.4.2) with ExternalDependencyInstrumentingArtifactTransform
[        ] Transforming dvlib-30.4.2.jar (com.android.tools:dvlib:30.4.2) with ExternalDependencyInstrumentingArtifactTransform
[        ] Transforming kotlin-stdlib-jdk8-1.7.10.jar (org.jetbrains.kotlin:kotlin-stdlib-jdk8:1.7.10) with MergeInstrumentationAnalysisTransform
[        ] Transforming transform-api-2.0.0-deprecated-use-gradle-api.jar (com.android.tools.build:transform-api:2.0.0-deprecated-use-gradle-api) with InstrumentationAnalysisTransform
[        ] Transforming transform-api-2.0.0-deprecated-use-gradle-api.jar (com.android.tools.build:transform-api:2.0.0-deprecated-use-gradle-api) with MergeInstrumentationAnalysisTransform
[        ] Transforming common-30.4.2.jar (com.android.tools:common:30.4.2) with ExternalDependencyInstrumentingArtifactTransform
[        ] Transforming transform-api-2.0.0-deprecated-use-gradle-api.jar (com.android.tools.build:transform-api:2.0.0-deprecated-use-gradle-api) with ExternalDependencyInstrumentingArtifactTransform
[        ] Transforming kotlin-stdlib-jdk8-1.7.10.jar (org.jetbrains.kotlin:kotlin-stdlib-jdk8:1.7.10) with ExternalDependencyInstrumentingArtifactTransform
[        ] Transforming httpmime-4.5.6.jar (org.apache.httpcomponents:httpmime:4.5.6) with InstrumentationAnalysisTransform
[        ] Transforming httpmime-4.5.6.jar (org.apache.httpcomponents:httpmime:4.5.6) with MergeInstrumentationAnalysisTransform
[        ] Transforming commons-io-2.4.jar (commons-io:commons-io:2.4) with InstrumentationAnalysisTransform
[        ] Transforming commons-io-2.4.jar (commons-io:commons-io:2.4) with MergeInstrumentationAnalysisTransform
[        ] Transforming jetifier-processor-1.0.0-beta10.jar (com.android.tools.build.jetifier:jetifier-processor:1.0.0-beta10) with InstrumentationAnalysisTransform
[        ] Transforming jetifier-processor-1.0.0-beta10.jar (com.android.tools.build.jetifier:jetifier-processor:1.0.0-beta10) with MergeInstrumentationAnalysisTransform
[        ] Transforming asm-commons-9.2.jar (org.ow2.asm:asm-commons:9.2) with InstrumentationAnalysisTransform
[        ] Transforming asm-commons-9.2.jar (org.ow2.asm:asm-commons:9.2) with MergeInstrumentationAnalysisTransform
[        ] Transforming asm-util-9.2.jar (org.ow2.asm:asm-util:9.2) with InstrumentationAnalysisTransform
[        ] Transforming jetifier-processor-1.0.0-beta10.jar (com.android.tools.build.jetifier:jetifier-processor:1.0.0-beta10) with ExternalDependencyInstrumentingArtifactTransform
[        ] Transforming httpmime-4.5.6.jar (org.apache.httpcomponents:httpmime:4.5.6) with ExternalDependencyInstrumentingArtifactTransform
[        ] Transforming asm-commons-9.2.jar (org.ow2.asm:asm-commons:9.2) with ExternalDependencyInstrumentingArtifactTransform
[        ] Transforming commons-io-2.4.jar (commons-io:commons-io:2.4) with ExternalDependencyInstrumentingArtifactTransform
[        ] Transforming asm-util-9.2.jar (org.ow2.asm:asm-util:9.2) with MergeInstrumentationAnalysisTransform
[        ] Transforming asm-analysis-9.2.jar (org.ow2.asm:asm-analysis:9.2) with InstrumentationAnalysisTransform
[        ] Transforming asm-analysis-9.2.jar (org.ow2.asm:asm-analysis:9.2) with MergeInstrumentationAnalysisTransform
[        ] Transforming asm-util-9.2.jar (org.ow2.asm:asm-util:9.2) with ExternalDependencyInstrumentingArtifactTransform
[        ] Transforming asm-tree-9.2.jar (org.ow2.asm:asm-tree:9.2) with InstrumentationAnalysisTransform
[        ] Transforming asm-tree-9.2.jar (org.ow2.asm:asm-tree:9.2) with MergeInstrumentationAnalysisTransform
[        ] Transforming asm-9.2.jar (org.ow2.asm:asm:9.2) with InstrumentationAnalysisTransform
[        ] Transforming asm-analysis-9.2.jar (org.ow2.asm:asm-analysis:9.2) with ExternalDependencyInstrumentingArtifactTransform
[        ] Transforming asm-9.2.jar (org.ow2.asm:asm:9.2) with MergeInstrumentationAnalysisTransform
[        ] Transforming apkzlib-7.4.2.jar (com.android.tools.build:apkzlib:7.4.2) with InstrumentationAnalysisTransform
[        ] Transforming asm-tree-9.2.jar (org.ow2.asm:asm-tree:9.2) with ExternalDependencyInstrumentingArtifactTransform
[        ] Transforming apkzlib-7.4.2.jar (com.android.tools.build:apkzlib:7.4.2) with MergeInstrumentationAnalysisTransform
[        ] Transforming asm-9.2.jar (org.ow2.asm:asm:9.2) with ExternalDependencyInstrumentingArtifactTransform
[        ] Transforming bcpkix-jdk15on-1.67.jar (org.bouncycastle:bcpkix-jdk15on:1.67) with InstrumentationAnalysisTransform
[        ] Transforming bcpkix-jdk15on-1.67.jar (org.bouncycastle:bcpkix-jdk15on:1.67) with MergeInstrumentationAnalysisTransform
[        ] Transforming apkzlib-7.4.2.jar (com.android.tools.build:apkzlib:7.4.2) with ExternalDependencyInstrumentingArtifactTransform
[        ] Transforming jaxb-runtime-2.3.2.jar (org.glassfish.jaxb:jaxb-runtime:2.3.2) with InstrumentationAnalysisTransform
[        ] Transforming jaxb-runtime-2.3.2.jar (org.glassfish.jaxb:jaxb-runtime:2.3.2) with MergeInstrumentationAnalysisTransform
[        ] Transforming bcpkix-jdk15on-1.67.jar (org.bouncycastle:bcpkix-jdk15on:1.67) with ExternalDependencyInstrumentingArtifactTransform
[        ] Transforming jopt-simple-4.9.jar (net.sf.jopt-simple:jopt-simple:4.9) with InstrumentationAnalysisTransform
[        ] Transforming jopt-simple-4.9.jar (net.sf.jopt-simple:jopt-simple:4.9) with MergeInstrumentationAnalysisTransform
[        ] Transforming jetifier-core-1.0.0-beta10.jar (com.android.tools.build.jetifier:jetifier-core:1.0.0-beta10) with InstrumentationAnalysisTransform
[        ] Transforming jetifier-core-1.0.0-beta10.jar (com.android.tools.build.jetifier:jetifier-core:1.0.0-beta10) with MergeInstrumentationAnalysisTransform
[        ] Transforming javapoet-1.10.0.jar (com.squareup:javapoet:1.10.0) with InstrumentationAnalysisTransform
[        ] Transforming javapoet-1.10.0.jar (com.squareup:javapoet:1.10.0) with MergeInstrumentationAnalysisTransform
[        ] Transforming protobuf-java-util-3.17.2.jar (com.google.protobuf:protobuf-java-util:3.17.2) with InstrumentationAnalysisTransform
[        ] Transforming protobuf-java-util-3.17.2.jar (com.google.protobuf:protobuf-java-util:3.17.2) with MergeInstrumentationAnalysisTransform
[        ] Transforming grpc-protobuf-1.39.0.jar (io.grpc:grpc-protobuf:1.39.0) with InstrumentationAnalysisTransform
[        ] Transforming grpc-protobuf-1.39.0.jar (io.grpc:grpc-protobuf:1.39.0) with MergeInstrumentationAnalysisTransform
[        ] Transforming tink-1.3.0-rc2.jar (com.google.crypto.tink:tink:1.3.0-rc2) with InstrumentationAnalysisTransform
[        ] Transforming tink-1.3.0-rc2.jar (com.google.crypto.tink:tink:1.3.0-rc2) with MergeInstrumentationAnalysisTransform
[        ] Transforming protos-30.4.2.jar (com.android.tools.analytics-library:protos:30.4.2) with InstrumentationAnalysisTransform
[        ] Transforming protos-30.4.2.jar (com.android.tools.analytics-library:protos:30.4.2) with MergeInstrumentationAnalysisTransform
[        ] Transforming jaxb-runtime-2.3.2.jar (org.glassfish.jaxb:jaxb-runtime:2.3.2) with ExternalDependencyInstrumentingArtifactTransform
[        ] Transforming proto-google-common-protos-2.0.1.jar (com.google.api.grpc:proto-google-common-protos:2.0.1) with InstrumentationAnalysisTransform
[        ] Transforming proto-google-common-protos-2.0.1.jar (com.google.api.grpc:proto-google-common-protos:2.0.1) with MergeInstrumentationAnalysisTransform
[        ] Transforming protobuf-java-3.17.2.jar (com.google.protobuf:protobuf-java:3.17.2) with InstrumentationAnalysisTransform
[        ] Transforming jopt-simple-4.9.jar (net.sf.jopt-simple:jopt-simple:4.9) with ExternalDependencyInstrumentingArtifactTransform
[        ] Transforming protobuf-java-3.17.2.jar (com.google.protobuf:protobuf-java:3.17.2) with MergeInstrumentationAnalysisTransform
[        ] Transforming grpc-netty-1.39.0.jar (io.grpc:grpc-netty:1.39.0) with InstrumentationAnalysisTransform
[        ] Transforming grpc-netty-1.39.0.jar (io.grpc:grpc-netty:1.39.0) with MergeInstrumentationAnalysisTransform
[        ] Transforming jetifier-core-1.0.0-beta10.jar (com.android.tools.build.jetifier:jetifier-core:1.0.0-beta10) with ExternalDependencyInstrumentingArtifactTransform
[        ] Transforming grpc-core-1.39.0.jar (io.grpc:grpc-core:1.39.0) with InstrumentationAnalysisTransform
[        ] Transforming grpc-core-1.39.0.jar (io.grpc:grpc-core:1.39.0) with MergeInstrumentationAnalysisTransform
[        ] Transforming gson-2.8.9.jar (com.google.code.gson:gson:2.8.9) with InstrumentationAnalysisTransform
[        ] Transforming gson-2.8.9.jar (com.google.code.gson:gson:2.8.9) with MergeInstrumentationAnalysisTransform
[        ] Transforming grpc-stub-1.39.0.jar (io.grpc:grpc-stub:1.39.0) with InstrumentationAnalysisTransform
[        ] Transforming grpc-stub-1.39.0.jar (io.grpc:grpc-stub:1.39.0) with MergeInstrumentationAnalysisTransform
[        ] Transforming core-proto-0.0.8-alpha08.jar (com.google.testing.platform:core-proto:0.0.8-alpha08) with InstrumentationAnalysisTransform
[        ] Transforming javapoet-1.10.0.jar (com.squareup:javapoet:1.10.0) with ExternalDependencyInstrumentingArtifactTransform
[        ] Transforming protobuf-java-util-3.17.2.jar (com.google.protobuf:protobuf-java-util:3.17.2) with ExternalDependencyInstrumentingArtifactTransform
[        ] Transforming grpc-protobuf-1.39.0.jar (io.grpc:grpc-protobuf:1.39.0) with ExternalDependencyInstrumentingArtifactTransform
[        ] Transforming tink-1.3.0-rc2.jar (com.google.crypto.tink:tink:1.3.0-rc2) with ExternalDependencyInstrumentingArtifactTransform
[        ] Transforming protos-30.4.2.jar (com.android.tools.analytics-library:protos:30.4.2) with ExternalDependencyInstrumentingArtifactTransform
[        ] Transforming proto-google-common-protos-2.0.1.jar (com.google.api.grpc:proto-google-common-protos:2.0.1) with ExternalDependencyInstrumentingArtifactTransform
[        ] Transforming protobuf-java-3.17.2.jar (com.google.protobuf:protobuf-java:3.17.2) with ExternalDependencyInstrumentingArtifactTransform
[        ] Transforming grpc-netty-1.39.0.jar (io.grpc:grpc-netty:1.39.0) with ExternalDependencyInstrumentingArtifactTransform
[        ] Transforming grpc-core-1.39.0.jar (io.grpc:grpc-core:1.39.0) with ExternalDependencyInstrumentingArtifactTransform
[        ] Transforming gson-2.8.9.jar (com.google.code.gson:gson:2.8.9) with ExternalDependencyInstrumentingArtifactTransform
[        ] Transforming grpc-stub-1.39.0.jar (io.grpc:grpc-stub:1.39.0) with ExternalDependencyInstrumentingArtifactTransform
[        ] Transforming core-proto-0.0.8-alpha08.jar (com.google.testing.platform:core-proto:0.0.8-alpha08) with MergeInstrumentationAnalysisTransform
[        ] Transforming tensorflow-lite-metadata-0.1.0-rc2.jar (org.tensorflow:tensorflow-lite-metadata:0.1.0-rc2) with InstrumentationAnalysisTransform
[        ] Transforming tensorflow-lite-metadata-0.1.0-rc2.jar (org.tensorflow:tensorflow-lite-metadata:0.1.0-rc2) with MergeInstrumentationAnalysisTransform
[        ] Transforming flatbuffers-java-1.12.0.jar (com.google.flatbuffers:flatbuffers-java:1.12.0) with InstrumentationAnalysisTransform
[        ] Transforming flatbuffers-java-1.12.0.jar (com.google.flatbuffers:flatbuffers-java:1.12.0) with MergeInstrumentationAnalysisTransform
[        ] Transforming jimfs-1.1.jar (com.google.jimfs:jimfs:1.1) with InstrumentationAnalysisTransform
[        ] Transforming jimfs-1.1.jar (com.google.jimfs:jimfs:1.1) with MergeInstrumentationAnalysisTransform
[        ] Transforming grpc-protobuf-lite-1.39.0.jar (io.grpc:grpc-protobuf-lite:1.39.0) with InstrumentationAnalysisTransform
[        ] Transforming core-proto-0.0.8-alpha08.jar (com.google.testing.platform:core-proto:0.0.8-alpha08) with ExternalDependencyInstrumentingArtifactTransform
[        ] Transforming grpc-protobuf-lite-1.39.0.jar (io.grpc:grpc-protobuf-lite:1.39.0) with MergeInstrumentationAnalysisTransform
[        ] Transforming grpc-api-1.39.0.jar (io.grpc:grpc-api:1.39.0) with InstrumentationAnalysisTransform
[        ] Transforming flatbuffers-java-1.12.0.jar (com.google.flatbuffers:flatbuffers-java:1.12.0) with ExternalDependencyInstrumentingArtifactTransform
[   +1 ms] Transforming grpc-protobuf-lite-1.39.0.jar (io.grpc:grpc-protobuf-lite:1.39.0) with ExternalDependencyInstrumentingArtifactTransform
[        ] Transforming jimfs-1.1.jar (com.google.jimfs:jimfs:1.1) with ExternalDependencyInstrumentingArtifactTransform
[        ] Transforming grpc-api-1.39.0.jar (io.grpc:grpc-api:1.39.0) with MergeInstrumentationAnalysisTransform
[        ] Transforming guava-30.1-jre.jar (com.google.guava:guava:30.1-jre) with InstrumentationAnalysisTransform
[        ] Transforming guava-30.1-jre.jar (com.google.guava:guava:30.1-jre) with MergeInstrumentationAnalysisTransform
[        ] Transforming dagger-2.28.3.jar (com.google.dagger:dagger:2.28.3) with InstrumentationAnalysisTransform
[        ] Transforming grpc-api-1.39.0.jar (io.grpc:grpc-api:1.39.0) with ExternalDependencyInstrumentingArtifactTransform
[        ] Transforming tensorflow-lite-metadata-0.1.0-rc2.jar (org.tensorflow:tensorflow-lite-metadata:0.1.0-rc2) with ExternalDependencyInstrumentingArtifactTransform
[        ] Transforming dagger-2.28.3.jar (com.google.dagger:dagger:2.28.3) with MergeInstrumentationAnalysisTransform
[        ] Transforming javax.inject-1.jar (javax.inject:javax.inject:1) with InstrumentationAnalysisTransform
[        ] Transforming guava-30.1-jre.jar (com.google.guava:guava:30.1-jre) with ExternalDependencyInstrumentingArtifactTransform
[        ] Transforming javax.inject-1.jar (javax.inject:javax.inject:1) with MergeInstrumentationAnalysisTransform
[   +1 ms] Transforming kxml2-2.3.0.jar (net.sf.kxml:kxml2:2.3.0) with InstrumentationAnalysisTransform
[        ] Transforming kxml2-2.3.0.jar (net.sf.kxml:kxml2:2.3.0) with MergeInstrumentationAnalysisTransform
[        ] Transforming dagger-2.28.3.jar (com.google.dagger:dagger:2.28.3) with ExternalDependencyInstrumentingArtifactTransform
[        ] Transforming kxml2-2.3.0.jar (net.sf.kxml:kxml2:2.3.0) with ExternalDependencyInstrumentingArtifactTransform
[        ] Transforming javax.inject-1.jar (javax.inject:javax.inject:1) with ExternalDependencyInstrumentingArtifactTransform
[        ] Transforming bcprov-jdk15on-1.67.jar (org.bouncycastle:bcprov-jdk15on:1.67) with InstrumentationAnalysisTransform
[        ] Transforming bcprov-jdk15on-1.67.jar (org.bouncycastle:bcprov-jdk15on:1.67) with MergeInstrumentationAnalysisTransform
[        ] Transforming trove4j-1.0.20200330.jar (org.jetbrains.intellij.deps:trove4j:1.0.20200330) with InstrumentationAnalysisTransform
[        ] Transforming trove4j-1.0.20200330.jar (org.jetbrains.intellij.deps:trove4j:1.0.20200330) with MergeInstrumentationAnalysisTransform
[        ] Transforming kotlin-reflect-1.7.10.jar (org.jetbrains.kotlin:kotlin-reflect:1.7.10) with InstrumentationAnalysisTransform
[        ] Transforming kotlin-reflect-1.7.10.jar (org.jetbrains.kotlin:kotlin-reflect:1.7.10) with MergeInstrumentationAnalysisTransform
[        ] Transforming bcprov-jdk15on-1.67.jar (org.bouncycastle:bcprov-jdk15on:1.67) with ExternalDependencyInstrumentingArtifactTransform
[        ] Transforming xercesImpl-2.12.0.jar (xerces:xercesImpl:2.12.0) with InstrumentationAnalysisTransform
[        ] Transforming xercesImpl-2.12.0.jar (xerces:xercesImpl:2.12.0) with MergeInstrumentationAnalysisTransform
[        ] Transforming trove4j-1.0.20200330.jar (org.jetbrains.intellij.deps:trove4j:1.0.20200330) with ExternalDependencyInstrumentingArtifactTransform
[        ] Transforming kotlin-reflect-1.7.10.jar (org.jetbrains.kotlin:kotlin-reflect:1.7.10) with ExternalDependencyInstrumentingArtifactTransform
[        ] Transforming commons-compress-1.20.jar (org.apache.commons:commons-compress:1.20) with InstrumentationAnalysisTransform
[        ] Transforming commons-compress-1.20.jar (org.apache.commons:commons-compress:1.20) with MergeInstrumentationAnalysisTransform
[        ] Transforming xercesImpl-2.12.0.jar (xerces:xercesImpl:2.12.0) with ExternalDependencyInstrumentingArtifactTransform
[        ] Transforming httpclient-4.5.13.jar (org.apache.httpcomponents:httpclient:4.5.13) with InstrumentationAnalysisTransform
[        ] Transforming httpclient-4.5.13.jar (org.apache.httpcomponents:httpclient:4.5.13) with MergeInstrumentationAnalysisTransform
[        ] Transforming httpcore-4.4.13.jar (org.apache.httpcomponents:httpcore:4.4.13) with InstrumentationAnalysisTransform
[        ] Transforming httpcore-4.4.13.jar (org.apache.httpcomponents:httpcore:4.4.13) with MergeInstrumentationAnalysisTransform
[        ] Transforming javax.activation-1.2.0.jar (com.sun.activation:javax.activation:1.2.0) with InstrumentationAnalysisTransform
[        ] Transforming httpclient-4.5.13.jar (org.apache.httpcomponents:httpclient:4.5.13) with ExternalDependencyInstrumentingArtifactTransform
[        ] Transforming javax.activation-1.2.0.jar (com.sun.activation:javax.activation:1.2.0) with MergeInstrumentationAnalysisTransform
[        ] Transforming kotlin-stdlib-jdk7-1.7.10.jar (org.jetbrains.kotlin:kotlin-stdlib-jdk7:1.7.10) with InstrumentationAnalysisTransform
[        ] Transforming httpcore-4.4.13.jar (org.apache.httpcomponents:httpcore:4.4.13) with ExternalDependencyInstrumentingArtifactTransform
[        ] Transforming kotlin-stdlib-jdk7-1.7.10.jar (org.jetbrains.kotlin:kotlin-stdlib-jdk7:1.7.10) with MergeInstrumentationAnalysisTransform
[        ] Transforming kotlin-stdlib-1.7.10.jar (org.jetbrains.kotlin:kotlin-stdlib:1.7.10) with InstrumentationAnalysisTransform
[        ] Transforming javax.activation-1.2.0.jar (com.sun.activation:javax.activation:1.2.0) with ExternalDependencyInstrumentingArtifactTransform
[        ] Transforming kotlin-stdlib-1.7.10.jar (org.jetbrains.kotlin:kotlin-stdlib:1.7.10) with MergeInstrumentationAnalysisTransform
[        ] Transforming annotations-13.0.jar (org.jetbrains:annotations:13.0) with InstrumentationAnalysisTransform
[        ] Transforming kotlin-stdlib-jdk7-1.7.10.jar (org.jetbrains.kotlin:kotlin-stdlib-jdk7:1.7.10) with ExternalDependencyInstrumentingArtifactTransform
[        ] Transforming annotations-13.0.jar (org.jetbrains:annotations:13.0) with MergeInstrumentationAnalysisTransform
[        ] Transforming signflinger-7.4.2.jar (com.android:signflinger:7.4.2) with InstrumentationAnalysisTransform
[        ] Transforming kotlin-stdlib-1.7.10.jar (org.jetbrains.kotlin:kotlin-stdlib:1.7.10) with ExternalDependencyInstrumentingArtifactTransform
[        ] Transforming signflinger-7.4.2.jar (com.android:signflinger:7.4.2) with MergeInstrumentationAnalysisTransform
[        ] Transforming zipflinger-7.4.2.jar (com.android:zipflinger:7.4.2) with InstrumentationAnalysisTransform
[        ] Transforming zipflinger-7.4.2.jar (com.android:zipflinger:7.4.2) with MergeInstrumentationAnalysisTransform
[        ] Transforming annotations-30.4.2.jar (com.android.tools:annotations:30.4.2) with InstrumentationAnalysisTransform
[        ] Transforming signflinger-7.4.2.jar (com.android:signflinger:7.4.2) with ExternalDependencyInstrumentingArtifactTransform
[        ] Transforming annotations-30.4.2.jar (com.android.tools:annotations:30.4.2) with MergeInstrumentationAnalysisTransform
[        ] Transforming zipflinger-7.4.2.jar (com.android:zipflinger:7.4.2) with ExternalDependencyInstrumentingArtifactTransform
[        ] Transforming commons-compress-1.20.jar (org.apache.commons:commons-compress:1.20) with ExternalDependencyInstrumentingArtifactTransform
[        ] Transforming jna-platform-5.6.0.jar (net.java.dev.jna:jna-platform:5.6.0) with InstrumentationAnalysisTransform
[        ] Transforming jna-platform-5.6.0.jar (net.java.dev.jna:jna-platform:5.6.0) with MergeInstrumentationAnalysisTransform
[        ] Transforming annotations-30.4.2.jar (com.android.tools:annotations:30.4.2) with ExternalDependencyInstrumentingArtifactTransform
[        ] Transforming juniversalchardet-1.0.3.jar (com.googlecode.juniversalchardet:juniversalchardet:1.0.3) with InstrumentationAnalysisTransform
[        ] Transforming annotations-13.0.jar (org.jetbrains:annotations:13.0) with ExternalDependencyInstrumentingArtifactTransform
[        ] Transforming juniversalchardet-1.0.3.jar (com.googlecode.juniversalchardet:juniversalchardet:1.0.3) with MergeInstrumentationAnalysisTransform
[        ] Transforming javax.annotation-api-1.3.2.jar (javax.annotation:javax.annotation-api:1.3.2) with InstrumentationAnalysisTransform
[        ] Transforming jna-platform-5.6.0.jar (net.java.dev.jna:jna-platform:5.6.0) with ExternalDependencyInstrumentingArtifactTransform
[        ] Transforming javax.annotation-api-1.3.2.jar (javax.annotation:javax.annotation-api:1.3.2) with MergeInstrumentationAnalysisTransform
[        ] Transforming stax-ex-1.8.1.jar (org.jvnet.staxex:stax-ex:1.8.1) with InstrumentationAnalysisTransform
[        ] Transforming juniversalchardet-1.0.3.jar (com.googlecode.juniversalchardet:juniversalchardet:1.0.3) with ExternalDependencyInstrumentingArtifactTransform
[        ] Transforming stax-ex-1.8.1.jar (org.jvnet.staxex:stax-ex:1.8.1) with MergeInstrumentationAnalysisTransform
[        ] Transforming javax.annotation-api-1.3.2.jar (javax.annotation:javax.annotation-api:1.3.2) with ExternalDependencyInstrumentingArtifactTransform
[        ] Transforming jakarta.xml.bind-api-2.3.2.jar (jakarta.xml.bind:jakarta.xml.bind-api:2.3.2) with InstrumentationAnalysisTransform
[        ] Transforming jakarta.xml.bind-api-2.3.2.jar (jakarta.xml.bind:jakarta.xml.bind-api:2.3.2) with MergeInstrumentationAnalysisTransform
[        ] Transforming stax-ex-1.8.1.jar (org.jvnet.staxex:stax-ex:1.8.1) with ExternalDependencyInstrumentingArtifactTransform
[        ] Transforming txw2-2.3.2.jar (org.glassfish.jaxb:txw2:2.3.2) with InstrumentationAnalysisTransform
[        ] Transforming txw2-2.3.2.jar (org.glassfish.jaxb:txw2:2.3.2) with MergeInstrumentationAnalysisTransform
[        ] Transforming istack-commons-runtime-3.0.8.jar (com.sun.istack:istack-commons-runtime:3.0.8) with InstrumentationAnalysisTransform
[        ] Transforming istack-commons-runtime-3.0.8.jar (com.sun.istack:istack-commons-runtime:3.0.8) with MergeInstrumentationAnalysisTransform
[        ] Transforming FastInfoset-1.2.16.jar (com.sun.xml.fastinfoset:FastInfoset:1.2.16) with InstrumentationAnalysisTransform
[        ] Transforming txw2-2.3.2.jar (org.glassfish.jaxb:txw2:2.3.2) with ExternalDependencyInstrumentingArtifactTransform
[        ] Transforming FastInfoset-1.2.16.jar (com.sun.xml.fastinfoset:FastInfoset:1.2.16) with MergeInstrumentationAnalysisTransform
[        ] Transforming jakarta.xml.bind-api-2.3.2.jar (jakarta.xml.bind:jakarta.xml.bind-api:2.3.2) with ExternalDependencyInstrumentingArtifactTransform
[        ] Transforming jakarta.activation-api-1.2.1.jar (jakarta.activation:jakarta.activation-api:1.2.1) with InstrumentationAnalysisTransform
[        ] Transforming jakarta.activation-api-1.2.1.jar (jakarta.activation:jakarta.activation-api:1.2.1) with MergeInstrumentationAnalysisTransform
[        ] Transforming FastInfoset-1.2.16.jar (com.sun.xml.fastinfoset:FastInfoset:1.2.16) with ExternalDependencyInstrumentingArtifactTransform
[        ] Transforming istack-commons-runtime-3.0.8.jar (com.sun.istack:istack-commons-runtime:3.0.8) with ExternalDependencyInstrumentingArtifactTransform
[        ] Transforming auto-value-annotations-1.6.2.jar (com.google.auto.value:auto-value-annotations:1.6.2) with InstrumentationAnalysisTransform
[        ] Transforming jakarta.activation-api-1.2.1.jar (jakarta.activation:jakarta.activation-api:1.2.1) with ExternalDependencyInstrumentingArtifactTransform
[        ] Transforming auto-value-annotations-1.6.2.jar (com.google.auto.value:auto-value-annotations:1.6.2) with MergeInstrumentationAnalysisTransform
[        ] Transforming auto-value-annotations-1.6.2.jar (com.google.auto.value:auto-value-annotations:1.6.2) with ExternalDependencyInstrumentingArtifactTransform
[        ] Transforming error_prone_annotations-2.4.0.jar (com.google.errorprone:error_prone_annotations:2.4.0) with InstrumentationAnalysisTransform
[        ] Transforming error_prone_annotations-2.4.0.jar (com.google.errorprone:error_prone_annotations:2.4.0) with MergeInstrumentationAnalysisTransform
[        ] Transforming error_prone_annotations-2.4.0.jar (com.google.errorprone:error_prone_annotations:2.4.0) with ExternalDependencyInstrumentingArtifactTransform
[        ] Transforming jose4j-0.7.0.jar (org.bitbucket.b_c:jose4j:0.7.0) with InstrumentationAnalysisTransform
[        ] Transforming jose4j-0.7.0.jar (org.bitbucket.b_c:jose4j:0.7.0) with MergeInstrumentationAnalysisTransform
[        ] Transforming slf4j-api-1.7.30.jar (org.slf4j:slf4j-api:1.7.30) with InstrumentationAnalysisTransform
[        ] Transforming slf4j-api-1.7.30.jar (org.slf4j:slf4j-api:1.7.30) with MergeInstrumentationAnalysisTransform
[        ] Transforming jdom2-2.0.6.jar (org.jdom:jdom2:2.0.6) with InstrumentationAnalysisTransform
[        ] Transforming jdom2-2.0.6.jar (org.jdom:jdom2:2.0.6) with MergeInstrumentationAnalysisTransform
[        ] Transforming annotations-4.1.1.4.jar (com.google.android:annotations:4.1.1.4) with InstrumentationAnalysisTransform
[        ] Transforming annotations-4.1.1.4.jar (com.google.android:annotations:4.1.1.4) with MergeInstrumentationAnalysisTransform
[        ] Transforming animal-sniffer-annotations-1.19.jar (org.codehaus.mojo:animal-sniffer-annotations:1.19) with InstrumentationAnalysisTransform
[        ] Transforming animal-sniffer-annotations-1.19.jar (org.codehaus.mojo:animal-sniffer-annotations:1.19) with MergeInstrumentationAnalysisTransform
[        ] Transforming perfmark-api-0.23.0.jar (io.perfmark:perfmark-api:0.23.0) with InstrumentationAnalysisTransform
[        ] Transforming perfmark-api-0.23.0.jar (io.perfmark:perfmark-api:0.23.0) with MergeInstrumentationAnalysisTransform
[        ] Transforming netty-codec-http2-4.1.52.Final.jar (io.netty:netty-codec-http2:4.1.52.Final) with InstrumentationAnalysisTransform
[        ] Transforming netty-codec-http2-4.1.52.Final.jar (io.netty:netty-codec-http2:4.1.52.Final) with MergeInstrumentationAnalysisTransform
[   +2 ms] Transforming netty-handler-proxy-4.1.52.Final.jar (io.netty:netty-handler-proxy:4.1.52.Final) with InstrumentationAnalysisTransform
[   +1 ms] Transforming jose4j-0.7.0.jar (org.bitbucket.b_c:jose4j:0.7.0) with ExternalDependencyInstrumentingArtifactTransform
[        ] Transforming annotations-4.1.1.4.jar (com.google.android:annotations:4.1.1.4) with ExternalDependencyInstrumentingArtifactTransform
[        ] Transforming jdom2-2.0.6.jar (org.jdom:jdom2:2.0.6) with ExternalDependencyInstrumentingArtifactTransform
[        ] Transforming animal-sniffer-annotations-1.19.jar (org.codehaus.mojo:animal-sniffer-annotations:1.19) with ExternalDependencyInstrumentingArtifactTransform
[        ] Transforming slf4j-api-1.7.30.jar (org.slf4j:slf4j-api:1.7.30) with ExternalDependencyInstrumentingArtifactTransform
[        ] Transforming netty-codec-http2-4.1.52.Final.jar (io.netty:netty-codec-http2:4.1.52.Final) with ExternalDependencyInstrumentingArtifactTransform
[        ] Transforming perfmark-api-0.23.0.jar (io.perfmark:perfmark-api:0.23.0) with ExternalDependencyInstrumentingArtifactTransform
[        ] Transforming netty-handler-proxy-4.1.52.Final.jar (io.netty:netty-handler-proxy:4.1.52.Final) with MergeInstrumentationAnalysisTransform
[        ] Transforming jsr305-3.0.2.jar (com.google.code.findbugs:jsr305:3.0.2) with InstrumentationAnalysisTransform
[        ] Transforming jsr305-3.0.2.jar (com.google.code.findbugs:jsr305:3.0.2) with MergeInstrumentationAnalysisTransform
[        ] Transforming json-20180813.jar (org.json:json:20180813) with InstrumentationAnalysisTransform
[        ] Transforming json-20180813.jar (org.json:json:20180813) with MergeInstrumentationAnalysisTransform
[        ] Transforming checker-qual-3.5.0.jar (org.checkerframework:checker-qual:3.5.0) with InstrumentationAnalysisTransform
[        ] Transforming checker-qual-3.5.0.jar (org.checkerframework:checker-qual:3.5.0) with MergeInstrumentationAnalysisTransform
[        ] Transforming commons-codec-1.11.jar (commons-codec:commons-codec:1.11) with InstrumentationAnalysisTransform
[        ] Transforming commons-codec-1.11.jar (commons-codec:commons-codec:1.11) with MergeInstrumentationAnalysisTransform
[        ] Transforming apksig-7.4.2.jar (com.android.tools.build:apksig:7.4.2) with InstrumentationAnalysisTransform
[        ] Transforming apksig-7.4.2.jar (com.android.tools.build:apksig:7.4.2) with MergeInstrumentationAnalysisTransform
[        ] Transforming javawriter-2.5.0.jar (com.squareup:javawriter:2.5.0) with InstrumentationAnalysisTransform
[        ] Transforming javawriter-2.5.0.jar (com.squareup:javawriter:2.5.0) with MergeInstrumentationAnalysisTransform
[        ] Transforming failureaccess-1.0.1.jar (com.google.guava:failureaccess:1.0.1) with InstrumentationAnalysisTransform
[        ] Transforming failureaccess-1.0.1.jar (com.google.guava:failureaccess:1.0.1) with MergeInstrumentationAnalysisTransform
[        ] Transforming listenablefuture-9999.0-empty-to-avoid-conflict-with-guava.jar (com.google.guava:listenablefuture:9999.0-empty-to-avoid-conflict-with-guava) with InstrumentationAnalysisTransform
[        ] Transforming listenablefuture-9999.0-empty-to-avoid-conflict-with-guava.jar (com.google.guava:listenablefuture:9999.0-empty-to-avoid-conflict-with-guava) with MergeInstrumentationAnalysisTransform
[        ] Transforming j2objc-annotations-1.3.jar (com.google.j2objc:j2objc-annotations:1.3) with InstrumentationAnalysisTransform
[        ] Transforming j2objc-annotations-1.3.jar (com.google.j2objc:j2objc-annotations:1.3) with MergeInstrumentationAnalysisTransform
[        ] Transforming xml-apis-1.4.01.jar (xml-apis:xml-apis:1.4.01) with InstrumentationAnalysisTransform
[        ] Transforming xml-apis-1.4.01.jar (xml-apis:xml-apis:1.4.01) with MergeInstrumentationAnalysisTransform
[        ] Transforming commons-logging-1.2.jar (commons-logging:commons-logging:1.2) with InstrumentationAnalysisTransform
[        ] Transforming commons-logging-1.2.jar (commons-logging:commons-logging:1.2) with MergeInstrumentationAnalysisTransform
[        ] Transforming jna-5.6.0.jar (net.java.dev.jna:jna:5.6.0) with InstrumentationAnalysisTransform
[        ] Transforming jna-5.6.0.jar (net.java.dev.jna:jna:5.6.0) with MergeInstrumentationAnalysisTransform
[        ] Transforming kotlin-stdlib-common-1.7.10.jar (org.jetbrains.kotlin:kotlin-stdlib-common:1.7.10) with InstrumentationAnalysisTransform
[        ] Transforming kotlin-stdlib-common-1.7.10.jar (org.jetbrains.kotlin:kotlin-stdlib-common:1.7.10) with MergeInstrumentationAnalysisTransform
[        ] Transforming netty-handler-proxy-4.1.52.Final.jar (io.netty:netty-handler-proxy:4.1.52.Final) with ExternalDependencyInstrumentingArtifactTransform
[        ] Transforming commons-codec-1.11.jar (commons-codec:commons-codec:1.11) with ExternalDependencyInstrumentingArtifactTransform
[        ] Transforming checker-qual-3.5.0.jar (org.checkerframework:checker-qual:3.5.0) with ExternalDependencyInstrumentingArtifactTransform
[        ] Transforming jsr305-3.0.2.jar (com.google.code.findbugs:jsr305:3.0.2) with ExternalDependencyInstrumentingArtifactTransform
[        ] Transforming apksig-7.4.2.jar (com.android.tools.build:apksig:7.4.2) with ExternalDependencyInstrumentingArtifactTransform
[        ] Transforming failureaccess-1.0.1.jar (com.google.guava:failureaccess:1.0.1) with ExternalDependencyInstrumentingArtifactTransform
[        ] Transforming xml-apis-1.4.01.jar (xml-apis:xml-apis:1.4.01) with ExternalDependencyInstrumentingArtifactTransform
[        ] Transforming javawriter-2.5.0.jar (com.squareup:javawriter:2.5.0) with ExternalDependencyInstrumentingArtifactTransform
[        ] Transforming commons-logging-1.2.jar (commons-logging:commons-logging:1.2) with ExternalDependencyInstrumentingArtifactTransform
[        ] Transforming listenablefuture-9999.0-empty-to-avoid-conflict-with-guava.jar (com.google.guava:listenablefuture:9999.0-empty-to-avoid-conflict-with-guava) with ExternalDependencyInstrumentingArtifactTransform
[        ] Transforming jna-5.6.0.jar (net.java.dev.jna:jna:5.6.0) with ExternalDependencyInstrumentingArtifactTransform
[        ] Transforming j2objc-annotations-1.3.jar (com.google.j2objc:j2objc-annotations:1.3) with ExternalDependencyInstrumentingArtifactTransform
[        ] Transforming json-20180813.jar (org.json:json:20180813) with ExternalDependencyInstrumentingArtifactTransform
[        ] Transforming grpc-context-1.39.0.jar (io.grpc:grpc-context:1.39.0) with InstrumentationAnalysisTransform
[        ] Transforming kotlin-stdlib-common-1.7.10.jar (org.jetbrains.kotlin:kotlin-stdlib-common:1.7.10) with ExternalDependencyInstrumentingArtifactTransform
[        ] Transforming grpc-context-1.39.0.jar (io.grpc:grpc-context:1.39.0) with MergeInstrumentationAnalysisTransform
[        ] Transforming netty-codec-http-4.1.52.Final.jar (io.netty:netty-codec-http:4.1.52.Final) with InstrumentationAnalysisTransform
[        ] Transforming netty-codec-http-4.1.52.Final.jar (io.netty:netty-codec-http:4.1.52.Final) with MergeInstrumentationAnalysisTransform
[        ] Transforming netty-handler-4.1.52.Final.jar (io.netty:netty-handler:4.1.52.Final) with InstrumentationAnalysisTransform
[        ] Transforming netty-handler-4.1.52.Final.jar (io.netty:netty-handler:4.1.52.Final) with MergeInstrumentationAnalysisTransform
[        ] Transforming grpc-context-1.39.0.jar (io.grpc:grpc-context:1.39.0) with ExternalDependencyInstrumentingArtifactTransform
[        ] Transforming netty-codec-http-4.1.52.Final.jar (io.netty:netty-codec-http:4.1.52.Final) with ExternalDependencyInstrumentingArtifactTransform
[        ] Transforming netty-handler-4.1.52.Final.jar (io.netty:netty-handler:4.1.52.Final) with ExternalDependencyInstrumentingArtifactTransform
[        ] Transforming netty-codec-socks-4.1.52.Final.jar (io.netty:netty-codec-socks:4.1.52.Final) with InstrumentationAnalysisTransform
[        ] Transforming netty-codec-socks-4.1.52.Final.jar (io.netty:netty-codec-socks:4.1.52.Final) with MergeInstrumentationAnalysisTransform
[        ] Transforming netty-codec-4.1.52.Final.jar (io.netty:netty-codec:4.1.52.Final) with InstrumentationAnalysisTransform
[        ] Transforming netty-codec-4.1.52.Final.jar (io.netty:netty-codec:4.1.52.Final) with MergeInstrumentationAnalysisTransform
[        ] Transforming netty-transport-4.1.52.Final.jar (io.netty:netty-transport:4.1.52.Final) with InstrumentationAnalysisTransform
[        ] Transforming netty-codec-socks-4.1.52.Final.jar (io.netty:netty-codec-socks:4.1.52.Final) with ExternalDependencyInstrumentingArtifactTransform
[        ] Transforming netty-transport-4.1.52.Final.jar (io.netty:netty-transport:4.1.52.Final) with MergeInstrumentationAnalysisTransform
[        ] Transforming netty-buffer-4.1.52.Final.jar (io.netty:netty-buffer:4.1.52.Final) with InstrumentationAnalysisTransform
[        ] Transforming netty-buffer-4.1.52.Final.jar (io.netty:netty-buffer:4.1.52.Final) with MergeInstrumentationAnalysisTransform
[        ] Transforming netty-resolver-4.1.52.Final.jar (io.netty:netty-resolver:4.1.52.Final) with InstrumentationAnalysisTransform
[        ] Transforming netty-codec-4.1.52.Final.jar (io.netty:netty-codec:4.1.52.Final) with ExternalDependencyInstrumentingArtifactTransform
[        ] Transforming netty-resolver-4.1.52.Final.jar (io.netty:netty-resolver:4.1.52.Final) with MergeInstrumentationAnalysisTransform
[        ] Transforming netty-common-4.1.52.Final.jar (io.netty:netty-common:4.1.52.Final) with InstrumentationAnalysisTransform
[        ] Transforming netty-transport-4.1.52.Final.jar (io.netty:netty-transport:4.1.52.Final) with ExternalDependencyInstrumentingArtifactTransform
[        ] Transforming netty-common-4.1.52.Final.jar (io.netty:netty-common:4.1.52.Final) with MergeInstrumentationAnalysisTransform
[        ] Transforming netty-buffer-4.1.52.Final.jar (io.netty:netty-buffer:4.1.52.Final) with ExternalDependencyInstrumentingArtifactTransform
[        ] Transforming netty-resolver-4.1.52.Final.jar (io.netty:netty-resolver:4.1.52.Final) with ExternalDependencyInstrumentingArtifactTransform
[        ] Transforming netty-common-4.1.52.Final.jar (io.netty:netty-common:4.1.52.Final) with ExternalDependencyInstrumentingArtifactTransform
[        ] Build was configured to prefer settings repositories over project repositories but repository 'Google3' was added by build file 'C:\Users\jakao\AppData\Local\Pub\Cache\hosted\pub.dev\file_picker-8.3.7\android\build.gradle'
[        ] Build was configured to prefer settings repositories over project repositories but repository 'MavenRepo3' was added by build file 'C:\Users\jakao\AppData\Local\Pub\Cache\hosted\pub.dev\file_picker-8.3.7\android\build.gradle'
[        ] Build was configured to prefer settings repositories over project repositories but repository 'Google3' was added by build file 'C:\Users\jakao\AppData\Local\Pub\Cache\hosted\pub.dev\file_picker-8.3.7\android\build.gradle'
[        ] Build was configured to prefer settings repositories over project repositories but repository 'MavenRepo3' was added by build file 'C:\Users\jakao\AppData\Local\Pub\Cache\hosted\pub.dev\file_picker-8.3.7\android\build.gradle'
[        ] Build was configured to prefer settings repositories over project repositories but repository 'Google3' was added by build file 'C:\Users\jakao\AppData\Local\Pub\Cache\hosted\pub.dev\file_picker-8.3.7\android\build.gradle'
[        ] Build was configured to prefer settings repositories over project repositories but repository 'MavenRepo3' was added by build file 'C:\Users\jakao\AppData\Local\Pub\Cache\hosted\pub.dev\file_picker-8.3.7\android\build.gradle'
[        ] Build was configured to prefer settings repositories over project repositories but repository 'Google3' was added by build file 'C:\Users\jakao\AppData\Local\Pub\Cache\hosted\pub.dev\file_picker-8.3.7\android\build.gradle'
[        ] Build was configured to prefer settings repositories over project repositories but repository 'MavenRepo3' was added by build file 'C:\Users\jakao\AppData\Local\Pub\Cache\hosted\pub.dev\file_picker-8.3.7\android\build.gradle'
[        ] Build was configured to prefer settings repositories over project repositories but repository 'Google3' was added by build file 'C:\Users\jakao\AppData\Local\Pub\Cache\hosted\pub.dev\file_picker-8.3.7\android\build.gradle'
[        ] Build was configured to prefer settings repositories over project repositories but repository 'MavenRepo3' was added by build file 'C:\Users\jakao\AppData\Local\Pub\Cache\hosted\pub.dev\file_picker-8.3.7\android\build.gradle'
[        ] Build was configured to prefer settings repositories over project repositories but repository 'Google3' was added by build file 'C:\Users\jakao\AppData\Local\Pub\Cache\hosted\pub.dev\file_picker-8.3.7\android\build.gradle'
[        ] Build was configured to prefer settings repositories over project repositories but repository 'MavenRepo3' was added by build file 'C:\Users\jakao\AppData\Local\Pub\Cache\hosted\pub.dev\file_picker-8.3.7\android\build.gradle'
[        ] Build was configured to prefer settings repositories over project repositories but repository 'Google3' was added by build file 'C:\Users\jakao\AppData\Local\Pub\Cache\hosted\pub.dev\file_picker-8.3.7\android\build.gradle'
[        ] Build was configured to prefer settings repositories over project repositories but repository 'MavenRepo3' was added by build file 'C:\Users\jakao\AppData\Local\Pub\Cache\hosted\pub.dev\file_picker-8.3.7\android\build.gradle'
[        ] Build was configured to prefer settings repositories over project repositories but repository 'Google3' was added by build file 'C:\Users\jakao\AppData\Local\Pub\Cache\hosted\pub.dev\file_picker-8.3.7\android\build.gradle'
[        ] Build was configured to prefer settings repositories over project repositories but repository 'MavenRepo3' was added by build file 'C:\Users\jakao\AppData\Local\Pub\Cache\hosted\pub.dev\file_picker-8.3.7\android\build.gradle'
[        ] Build was configured to prefer settings repositories over project repositories but repository 'Google3' was added by build file 'C:\Users\jakao\AppData\Local\Pub\Cache\hosted\pub.dev\file_picker-8.3.7\android\build.gradle'
[        ] Build was configured to prefer settings repositories over project repositories but repository 'MavenRepo3' was added by build file 'C:\Users\jakao\AppData\Local\Pub\Cache\hosted\pub.dev\file_picker-8.3.7\android\build.gradle'
[        ] Build was configured to prefer settings repositories over project repositories but repository 'Google3' was added by build file 'C:\Users\jakao\AppData\Local\Pub\Cache\hosted\pub.dev\file_picker-8.3.7\android\build.gradle'
[        ] Build was configured to prefer settings repositories over project repositories but repository 'MavenRepo3' was added by build file 'C:\Users\jakao\AppData\Local\Pub\Cache\hosted\pub.dev\file_picker-8.3.7\android\build.gradle'
[        ] Build was configured to prefer settings repositories over project repositories but repository 'Google3' was added by build file 'C:\Users\jakao\AppData\Local\Pub\Cache\hosted\pub.dev\file_picker-8.3.7\android\build.gradle'
[        ] Build was configured to prefer settings repositories over project repositories but repository 'MavenRepo3' was added by build file 'C:\Users\jakao\AppData\Local\Pub\Cache\hosted\pub.dev\file_picker-8.3.7\android\build.gradle'
[        ] Build was configured to prefer settings repositories over project repositories but repository 'Google3' was added by build file 'C:\Users\jakao\AppData\Local\Pub\Cache\hosted\pub.dev\file_picker-8.3.7\android\build.gradle'
[        ] Build was configured to prefer settings repositories over project repositories but repository 'MavenRepo3' was added by build file 'C:\Users\jakao\AppData\Local\Pub\Cache\hosted\pub.dev\file_picker-8.3.7\android\build.gradle'
[        ] Build was configured to prefer settings repositories over project repositories but repository 'Google3' was added by build file 'C:\Users\jakao\AppData\Local\Pub\Cache\hosted\pub.dev\file_picker-8.3.7\android\build.gradle'
[        ] Build was configured to prefer settings repositories over project repositories but repository 'MavenRepo3' was added by build file 'C:\Users\jakao\AppData\Local\Pub\Cache\hosted\pub.dev\file_picker-8.3.7\android\build.gradle'
[        ] Build was configured to prefer settings repositories over project repositories but repository 'Google3' was added by build file 'C:\Users\jakao\AppData\Local\Pub\Cache\hosted\pub.dev\file_picker-8.3.7\android\build.gradle'
[        ] Build was configured to prefer settings repositories over project repositories but repository 'MavenRepo3' was added by build file 'C:\Users\jakao\AppData\Local\Pub\Cache\hosted\pub.dev\file_picker-8.3.7\android\build.gradle'
[        ] Build was configured to prefer settings repositories over project repositories but repository 'Google3' was added by build file 'C:\Users\jakao\AppData\Local\Pub\Cache\hosted\pub.dev\file_picker-8.3.7\android\build.gradle'
[        ] Build was configured to prefer settings repositories over project repositories but repository 'MavenRepo3' was added by build file 'C:\Users\jakao\AppData\Local\Pub\Cache\hosted\pub.dev\file_picker-8.3.7\android\build.gradle'
[        ] Using default execution profile
[ +223 ms] > Configure project :flutter_plugin_android_lifecycle
[        ] Evaluating project ':flutter_plugin_android_lifecycle' using build file 'C:\Users\jakao\AppData\Local\Pub\Cache\hosted\pub.dev\flutter_plugin_android_lifecycle-2.0.28\android\build.gradle'.
[        ] Transforming gradle-8.5.1.jar (com.android.tools.build:gradle:8.5.1) with InstrumentationAnalysisTransform
[        ] Transforming gradle-settings-api-8.5.1.jar (com.android.tools.build:gradle-settings-api:8.5.1) with InstrumentationAnalysisTransform
[        ] Transforming lint-model-31.5.1.jar (com.android.tools.lint:lint-model:31.5.1) with InstrumentationAnalysisTransform
[        ] Transforming builder-8.5.1.jar (com.android.tools.build:builder:8.5.1) with InstrumentationAnalysisTransform
[        ] Transforming manifest-merger-31.5.1.jar (com.android.tools.build:manifest-merger:31.5.1) with InstrumentationAnalysisTransform
[        ] Transforming sdk-common-31.5.1.jar (com.android.tools:sdk-common:31.5.1) with InstrumentationAnalysisTransform
[        ] Transforming sdklib-31.5.1.jar (com.android.tools:sdklib:31.5.1) with InstrumentationAnalysisTransform
[        ] Transforming repository-31.5.1.jar (com.android.tools:repository:31.5.1) with InstrumentationAnalysisTransform
[        ] Transforming gradle-api-8.5.1.jar (com.android.tools.build:gradle-api:8.5.1) with InstrumentationAnalysisTransform
[        ] Transforming builder-test-api-8.5.1.jar (com.android.tools.build:builder-test-api:8.5.1) with InstrumentationAnalysisTransform
[        ] Transforming ddmlib-31.5.1.jar (com.android.tools.ddms:ddmlib:31.5.1) with InstrumentationAnalysisTransform
[        ] Transforming aaptcompiler-8.5.1.jar (com.android.tools.build:aaptcompiler:8.5.1) with InstrumentationAnalysisTransform
[        ] Transforming bundletool-1.16.0.jar (com.android.tools.build:bundletool:1.16.0) with InstrumentationAnalysisTransform
[        ] Transforming aapt2-proto-8.5.1-11315950.jar (com.android.tools.build:aapt2-proto:8.5.1-11315950) with InstrumentationAnalysisTransform
[        ] Transforming crash-31.5.1.jar (com.android.tools.analytics-library:crash:31.5.1) with InstrumentationAnalysisTransform
[        ] Transforming tracker-31.5.1.jar (com.android.tools.analytics-library:tracker:31.5.1) with InstrumentationAnalysisTransform
[        ] Transforming shared-31.5.1.jar (com.android.tools.analytics-library:shared:31.5.1) with InstrumentationAnalysisTransform
[        ] Transforming lint-typedef-remover-31.5.1.jar (com.android.tools.lint:lint-typedef-remover:31.5.1) with InstrumentationAnalysisTransform
[        ] Transforming databinding-compiler-common-8.5.1.jar (androidx.databinding:databinding-compiler-common:8.5.1) with InstrumentationAnalysisTransform
[        ] Transforming databinding-common-8.5.1.jar (androidx.databinding:databinding-common:8.5.1) with InstrumentationAnalysisTransform
[        ] Transforming baseLibrary-8.5.1.jar (com.android.databinding:baseLibrary:8.5.1) with InstrumentationAnalysisTransform
[        ] Transforming layoutlib-api-31.5.1.jar (com.android.tools.layoutlib:layoutlib-api:31.5.1) with InstrumentationAnalysisTransform
[        ] Transforming android-device-provider-ddmlib-proto-31.5.1.jar (com.android.tools.utp:android-device-provider-ddmlib-proto:31.5.1) with InstrumentationAnalysisTransform
[        ] Transforming android-device-provider-gradle-proto-31.5.1.jar (com.android.tools.utp:android-device-provider-gradle-proto:31.5.1) with InstrumentationAnalysisTransform
[        ] Transforming android-test-plugin-host-additional-test-output-proto-31.5.1.jar (com.android.tools.utp:android-test-plugin-host-additional-test-output-proto:31.5.1) with InstrumentationAnalysisTransform
[        ] Transforming android-test-plugin-host-coverage-proto-31.5.1.jar (com.android.tools.utp:android-test-plugin-host-coverage-proto:31.5.1) with InstrumentationAnalysisTransform
[        ] Transforming android-test-plugin-host-emulator-control-proto-31.5.1.jar (com.android.tools.utp:android-test-plugin-host-emulator-control-proto:31.5.1) with InstrumentationAnalysisTransform
[        ] Transforming android-test-plugin-host-logcat-proto-31.5.1.jar (com.android.tools.utp:android-test-plugin-host-logcat-proto:31.5.1) with InstrumentationAnalysisTransform
[        ] Transforming android-test-plugin-host-apk-installer-proto-31.5.1.jar (com.android.tools.utp:android-test-plugin-host-apk-installer-proto:31.5.1) with InstrumentationAnalysisTransform
[        ] Transforming android-test-plugin-host-retention-proto-31.5.1.jar (com.android.tools.utp:android-test-plugin-host-retention-proto:31.5.1) with InstrumentationAnalysisTransform
[        ] Transforming android-test-plugin-result-listener-gradle-proto-31.5.1.jar (com.android.tools.utp:android-test-plugin-result-listener-gradle-proto:31.5.1) with InstrumentationAnalysisTransform
[        ] Transforming builder-model-8.5.1.jar (com.android.tools.build:builder-model:8.5.1) with InstrumentationAnalysisTransform
[        ] Transforming dvlib-31.5.1.jar (com.android.tools:dvlib:31.5.1) with InstrumentationAnalysisTransform
[        ] Transforming common-31.5.1.jar (com.android.tools:common:31.5.1) with InstrumentationAnalysisTransform
[        ] Transforming jetifier-processor-1.0.0-beta10.jar (com.android.tools.build.jetifier:jetifier-processor:1.0.0-beta10) with InstrumentationAnalysisTransform
[        ] Transforming jetifier-core-1.0.0-beta10.jar (com.android.tools.build.jetifier:jetifier-core:1.0.0-beta10) with InstrumentationAnalysisTransform
[        ] Transforming kotlin-reflect-1.9.20.jar (org.jetbrains.kotlin:kotlin-reflect:1.9.20) with InstrumentationAnalysisTransform
[        ] Transforming kotlin-stdlib-jdk7-1.9.20.jar (org.jetbrains.kotlin:kotlin-stdlib-jdk7:1.9.20) with InstrumentationAnalysisTransform
[        ] Transforming kotlin-stdlib-1.9.20.jar (org.jetbrains.kotlin:kotlin-stdlib:1.9.20) with InstrumentationAnalysisTransform
[        ] Transforming kotlin-stdlib-jdk8-1.9.20.jar (org.jetbrains.kotlin:kotlin-stdlib-jdk8:1.9.20) with InstrumentationAnalysisTransform
[        ] Transforming transform-api-2.0.0-deprecated-use-gradle-api.jar (com.android.tools.build:transform-api:2.0.0-deprecated-use-gradle-api) with InstrumentationAnalysisTransform
[        ] Transforming httpmime-4.5.6.jar (org.apache.httpcomponents:httpmime:4.5.6) with InstrumentationAnalysisTransform
[        ] Transforming commons-io-2.13.0.jar (commons-io:commons-io:2.13.0) with InstrumentationAnalysisTransform
[        ] Transforming asm-commons-9.6.jar (org.ow2.asm:asm-commons:9.6) with InstrumentationAnalysisTransform
[        ] Transforming asm-util-9.6.jar (org.ow2.asm:asm-util:9.6) with InstrumentationAnalysisTransform
[        ] Transforming asm-analysis-9.6.jar (org.ow2.asm:asm-analysis:9.6) with InstrumentationAnalysisTransform
[        ] Transforming asm-tree-9.6.jar (org.ow2.asm:asm-tree:9.6) with InstrumentationAnalysisTransform
[        ] Transforming asm-9.6.jar (org.ow2.asm:asm:9.6) with InstrumentationAnalysisTransform
[        ] Transforming apkzlib-8.5.1.jar (com.android.tools.build:apkzlib:8.5.1) with InstrumentationAnalysisTransform
[        ] Transforming bcpkix-jdk18on-1.77.jar (org.bouncycastle:bcpkix-jdk18on:1.77) with InstrumentationAnalysisTransform
[        ] Transforming jaxb-runtime-2.3.2.jar (org.glassfish.jaxb:jaxb-runtime:2.3.2) with InstrumentationAnalysisTransform
[        ] Transforming jopt-simple-4.9.jar (net.sf.jopt-simple:jopt-simple:4.9) with InstrumentationAnalysisTransform
[        ] Transforming javapoet-1.10.0.jar (com.squareup:javapoet:1.10.0) with InstrumentationAnalysisTransform
[        ] Transforming protobuf-java-util-3.22.3.jar (com.google.protobuf:protobuf-java-util:3.22.3) with InstrumentationAnalysisTransform
[        ] Transforming grpc-protobuf-1.57.0.jar (io.grpc:grpc-protobuf:1.57.0) with InstrumentationAnalysisTransform
[        ] Transforming tink-1.7.0.jar (com.google.crypto.tink:tink:1.7.0) with InstrumentationAnalysisTransform
[        ] Transforming protos-31.5.1.jar (com.android.tools.analytics-library:protos:31.5.1) with InstrumentationAnalysisTransform
[        ] Transforming proto-google-common-protos-2.17.0.jar (com.google.api.grpc:proto-google-common-protos:2.17.0) with InstrumentationAnalysisTransform
[        ] Transforming protobuf-java-3.22.3.jar (com.google.protobuf:protobuf-java:3.22.3) with InstrumentationAnalysisTransform
[        ] Transforming grpc-netty-1.57.0.jar (io.grpc:grpc-netty:1.57.0) with InstrumentationAnalysisTransform
[        ] Transforming grpc-core-1.57.0.jar (io.grpc:grpc-core:1.57.0) with InstrumentationAnalysisTransform
[        ] Transforming gson-2.10.1.jar (com.google.code.gson:gson:2.10.1) with InstrumentationAnalysisTransform
[        ] Transforming grpc-stub-1.57.0.jar (io.grpc:grpc-stub:1.57.0) with InstrumentationAnalysisTransform
[        ] Transforming core-proto-0.0.9-alpha02.jar (com.google.testing.platform:core-proto:0.0.9-alpha02) with InstrumentationAnalysisTransform
[        ] Transforming kxml2-2.3.0.jar (net.sf.kxml:kxml2:2.3.0) with InstrumentationAnalysisTransform
[        ] Transforming tensorflow-lite-metadata-0.1.0-rc2.jar (org.tensorflow:tensorflow-lite-metadata:0.1.0-rc2) with InstrumentationAnalysisTransform
[        ] Transforming flatbuffers-java-1.12.0.jar (com.google.flatbuffers:flatbuffers-java:1.12.0) with InstrumentationAnalysisTransform
[        ] Transforming jimfs-1.1.jar (com.google.jimfs:jimfs:1.1) with InstrumentationAnalysisTransform
[        ] Transforming grpc-context-1.57.0.jar (io.grpc:grpc-context:1.57.0) with InstrumentationAnalysisTransform
[        ] Transforming grpc-protobuf-lite-1.57.0.jar (io.grpc:grpc-protobuf-lite:1.57.0) with InstrumentationAnalysisTransform
[        ] Transforming grpc-api-1.57.0.jar (io.grpc:grpc-api:1.57.0) with InstrumentationAnalysisTransform
[        ] Transforming guava-32.0.1-jre.jar (com.google.guava:guava:32.0.1-jre) with InstrumentationAnalysisTransform
[        ] Transforming dagger-2.28.3.jar (com.google.dagger:dagger:2.28.3) with InstrumentationAnalysisTransform
[        ] Transforming javax.inject-1.jar (javax.inject:javax.inject:1) with InstrumentationAnalysisTransform
[        ] Transforming bcutil-jdk18on-1.77.jar (org.bouncycastle:bcutil-jdk18on:1.77) with InstrumentationAnalysisTransform
[        ] Transforming bcprov-jdk18on-1.77.jar (org.bouncycastle:bcprov-jdk18on:1.77) with InstrumentationAnalysisTransform
[        ] Transforming trove4j-1.0.20200330.jar (org.jetbrains.intellij.deps:trove4j:1.0.20200330) with InstrumentationAnalysisTransform
[        ] Transforming commons-compress-1.21.jar (org.apache.commons:commons-compress:1.21) with InstrumentationAnalysisTransform
[        ] Transforming httpclient-4.5.14.jar (org.apache.httpcomponents:httpclient:4.5.14) with InstrumentationAnalysisTransform
[        ] Transforming httpcore-4.4.16.jar (org.apache.httpcomponents:httpcore:4.4.16) with InstrumentationAnalysisTransform
[        ] Transforming javax.activation-1.2.0.jar (com.sun.activation:javax.activation:1.2.0) with InstrumentationAnalysisTransform
[        ] Transforming annotations-23.0.0.jar (org.jetbrains:annotations:23.0.0) with InstrumentationAnalysisTransform
[        ] Transforming signflinger-8.5.1.jar (com.android:signflinger:8.5.1) with InstrumentationAnalysisTransform
[        ] Transforming zipflinger-8.5.1.jar (com.android:zipflinger:8.5.1) with InstrumentationAnalysisTransform
[        ] Transforming annotations-31.5.1.jar (com.android.tools:annotations:31.5.1) with InstrumentationAnalysisTransform
[        ] Transforming jna-platform-5.6.0.jar (net.java.dev.jna:jna-platform:5.6.0) with InstrumentationAnalysisTransform
[        ] Transforming juniversalchardet-1.0.3.jar (com.googlecode.juniversalchardet:juniversalchardet:1.0.3) with InstrumentationAnalysisTransform
[   +1 ms] Transforming javax.annotation-api-1.3.2.jar (javax.annotation:javax.annotation-api:1.3.2) with InstrumentationAnalysisTransform
[        ] Transforming stax-ex-1.8.1.jar (org.jvnet.staxex:stax-ex:1.8.1) with InstrumentationAnalysisTransform
[        ] Transforming jakarta.xml.bind-api-2.3.2.jar (jakarta.xml.bind:jakarta.xml.bind-api:2.3.2) with InstrumentationAnalysisTransform
[        ] Transforming txw2-2.3.2.jar (org.glassfish.jaxb:txw2:2.3.2) with InstrumentationAnalysisTransform
[        ] Transforming istack-commons-runtime-3.0.8.jar (com.sun.istack:istack-commons-runtime:3.0.8) with InstrumentationAnalysisTransform
[        ] Transforming FastInfoset-1.2.16.jar (com.sun.xml.fastinfoset:FastInfoset:1.2.16) with InstrumentationAnalysisTransform
[        ] Transforming jakarta.activation-api-1.2.1.jar (jakarta.activation:jakarta.activation-api:1.2.1) with InstrumentationAnalysisTransform
[        ] Transforming auto-value-annotations-1.6.2.jar (com.google.auto.value:auto-value-annotations:1.6.2) with InstrumentationAnalysisTransform
[        ] Transforming error_prone_annotations-2.18.0.jar (com.google.errorprone:error_prone_annotations:2.18.0) with InstrumentationAnalysisTransform
[        ] Transforming jose4j-0.9.5.jar (org.bitbucket.b_c:jose4j:0.9.5) with InstrumentationAnalysisTransform
[        ] Transforming slf4j-api-1.7.30.jar (org.slf4j:slf4j-api:1.7.30) with InstrumentationAnalysisTransform
[        ] Transforming jdom2-2.0.6.jar (org.jdom:jdom2:2.0.6) with InstrumentationAnalysisTransform
[        ] Transforming jsr305-3.0.2.jar (com.google.code.findbugs:jsr305:3.0.2) with InstrumentationAnalysisTransform
[        ] Transforming j2objc-annotations-2.8.jar (com.google.j2objc:j2objc-annotations:2.8) with InstrumentationAnalysisTransform
[        ] Transforming annotations-4.1.1.4.jar (com.google.android:annotations:4.1.1.4) with InstrumentationAnalysisTransform
[        ] Transforming animal-sniffer-annotations-1.23.jar (org.codehaus.mojo:animal-sniffer-annotations:1.23) with InstrumentationAnalysisTransform
[        ] Transforming perfmark-api-0.26.0.jar (io.perfmark:perfmark-api:0.26.0) with InstrumentationAnalysisTransform
[        ] Transforming netty-codec-http2-4.1.93.Final.jar (io.netty:netty-codec-http2:4.1.93.Final) with InstrumentationAnalysisTransform
[        ] Transforming netty-handler-proxy-4.1.93.Final.jar (io.netty:netty-handler-proxy:4.1.93.Final) with InstrumentationAnalysisTransform
[        ] Transforming netty-codec-http-4.1.93.Final.jar (io.netty:netty-codec-http:4.1.93.Final) with InstrumentationAnalysisTransform
[   +1 ms] Transforming netty-handler-4.1.93.Final.jar (io.netty:netty-handler:4.1.93.Final) with InstrumentationAnalysisTransform
[        ] Transforming netty-transport-native-unix-common-4.1.93.Final.jar (io.netty:netty-transport-native-unix-common:4.1.93.Final) with InstrumentationAnalysisTransform
[        ] Transforming checker-qual-3.33.0.jar (org.checkerframework:checker-qual:3.33.0) with InstrumentationAnalysisTransform
[        ] Transforming commons-codec-1.11.jar (commons-codec:commons-codec:1.11) with InstrumentationAnalysisTransform
[        ] Transforming apksig-8.5.1.jar (com.android.tools.build:apksig:8.5.1) with InstrumentationAnalysisTransform
[        ] Transforming javawriter-2.5.0.jar (com.squareup:javawriter:2.5.0) with InstrumentationAnalysisTransform
[        ] Transforming failureaccess-1.0.1.jar (com.google.guava:failureaccess:1.0.1) with InstrumentationAnalysisTransform
[        ] Transforming listenablefuture-9999.0-empty-to-avoid-conflict-with-guava.jar (com.google.guava:listenablefuture:9999.0-empty-to-avoid-conflict-with-guava) with InstrumentationAnalysisTransform
[        ] Transforming commons-logging-1.2.jar (commons-logging:commons-logging:1.2) with InstrumentationAnalysisTransform
[        ] Transforming jna-5.6.0.jar (net.java.dev.jna:jna:5.6.0) with InstrumentationAnalysisTransform
[        ] Transforming netty-codec-socks-4.1.93.Final.jar (io.netty:netty-codec-socks:4.1.93.Final) with InstrumentationAnalysisTransform
[        ] Transforming netty-codec-4.1.93.Final.jar (io.netty:netty-codec:4.1.93.Final) with InstrumentationAnalysisTransform
[        ] Transforming netty-transport-4.1.93.Final.jar (io.netty:netty-transport:4.1.93.Final) with InstrumentationAnalysisTransform
[        ] Transforming netty-buffer-4.1.93.Final.jar (io.netty:netty-buffer:4.1.93.Final) with InstrumentationAnalysisTransform
[        ] Transforming netty-resolver-4.1.93.Final.jar (io.netty:netty-resolver:4.1.93.Final) with InstrumentationAnalysisTransform
[        ] Transforming netty-common-4.1.93.Final.jar (io.netty:netty-common:4.1.93.Final) with InstrumentationAnalysisTransform
[        ] Transforming gradle-8.5.1.jar (com.android.tools.build:gradle:8.5.1) with InstrumentationAnalysisTransform
[        ] Transforming gradle-8.5.1.jar (com.android.tools.build:gradle:8.5.1) with MergeInstrumentationAnalysisTransform
[        ] Transforming gradle-settings-api-8.5.1.jar (com.android.tools.build:gradle-settings-api:8.5.1) with InstrumentationAnalysisTransform
[        ] Transforming gradle-settings-api-8.5.1.jar (com.android.tools.build:gradle-settings-api:8.5.1) with MergeInstrumentationAnalysisTransform
[        ] Transforming lint-model-31.5.1.jar (com.android.tools.lint:lint-model:31.5.1) with InstrumentationAnalysisTransform
[        ] Transforming lint-model-31.5.1.jar (com.android.tools.lint:lint-model:31.5.1) with MergeInstrumentationAnalysisTransform
[        ] Transforming gradle-8.5.1.jar (com.android.tools.build:gradle:8.5.1) with ExternalDependencyInstrumentingArtifactTransform
[        ] Transforming builder-8.5.1.jar (com.android.tools.build:builder:8.5.1) with InstrumentationAnalysisTransform
[        ] Transforming gradle-settings-api-8.5.1.jar (com.android.tools.build:gradle-settings-api:8.5.1) with ExternalDependencyInstrumentingArtifactTransform
[        ] Transforming lint-model-31.5.1.jar (com.android.tools.lint:lint-model:31.5.1) with ExternalDependencyInstrumentingArtifactTransform
[        ] Transforming builder-8.5.1.jar (com.android.tools.build:builder:8.5.1) with MergeInstrumentationAnalysisTransform
[        ] Transforming manifest-merger-31.5.1.jar (com.android.tools.build:manifest-merger:31.5.1) with InstrumentationAnalysisTransform
[        ] Transforming manifest-merger-31.5.1.jar (com.android.tools.build:manifest-merger:31.5.1) with MergeInstrumentationAnalysisTransform
[        ] Transforming sdk-common-31.5.1.jar (com.android.tools:sdk-common:31.5.1) with InstrumentationAnalysisTransform
[        ] Transforming sdk-common-31.5.1.jar (com.android.tools:sdk-common:31.5.1) with MergeInstrumentationAnalysisTransform
[        ] Transforming sdklib-31.5.1.jar (com.android.tools:sdklib:31.5.1) with InstrumentationAnalysisTransform
[        ] Transforming sdklib-31.5.1.jar (com.android.tools:sdklib:31.5.1) with MergeInstrumentationAnalysisTransform
[        ] Transforming manifest-merger-31.5.1.jar (com.android.tools.build:manifest-merger:31.5.1) with ExternalDependencyInstrumentingArtifactTransform
[        ] Transforming repository-31.5.1.jar (com.android.tools:repository:31.5.1) with InstrumentationAnalysisTransform
[        ] Transforming builder-8.5.1.jar (com.android.tools.build:builder:8.5.1) with ExternalDependencyInstrumentingArtifactTransform
[        ] Transforming sdk-common-31.5.1.jar (com.android.tools:sdk-common:31.5.1) with ExternalDependencyInstrumentingArtifactTransform
[        ] Transforming sdklib-31.5.1.jar (com.android.tools:sdklib:31.5.1) with ExternalDependencyInstrumentingArtifactTransform
[        ] Transforming repository-31.5.1.jar (com.android.tools:repository:31.5.1) with MergeInstrumentationAnalysisTransform
[        ] Transforming gradle-api-8.5.1.jar (com.android.tools.build:gradle-api:8.5.1) with InstrumentationAnalysisTransform
[        ] Transforming gradle-api-8.5.1.jar (com.android.tools.build:gradle-api:8.5.1) with MergeInstrumentationAnalysisTransform
[        ] Transforming builder-test-api-8.5.1.jar (com.android.tools.build:builder-test-api:8.5.1) with InstrumentationAnalysisTransform
[        ] Transforming builder-test-api-8.5.1.jar (com.android.tools.build:builder-test-api:8.5.1) with MergeInstrumentationAnalysisTransform
[        ] Transforming ddmlib-31.5.1.jar (com.android.tools.ddms:ddmlib:31.5.1) with InstrumentationAnalysisTransform
[        ] Transforming ddmlib-31.5.1.jar (com.android.tools.ddms:ddmlib:31.5.1) with MergeInstrumentationAnalysisTransform
[        ] Transforming gradle-api-8.5.1.jar (com.android.tools.build:gradle-api:8.5.1) with ExternalDependencyInstrumentingArtifactTransform
[        ] Transforming builder-test-api-8.5.1.jar (com.android.tools.build:builder-test-api:8.5.1) with ExternalDependencyInstrumentingArtifactTransform
[        ] Transforming aaptcompiler-8.5.1.jar (com.android.tools.build:aaptcompiler:8.5.1) with InstrumentationAnalysisTransform
[        ] Transforming ddmlib-31.5.1.jar (com.android.tools.ddms:ddmlib:31.5.1) with ExternalDependencyInstrumentingArtifactTransform
[        ] Transforming repository-31.5.1.jar (com.android.tools:repository:31.5.1) with ExternalDependencyInstrumentingArtifactTransform
[        ] Transforming aaptcompiler-8.5.1.jar (com.android.tools.build:aaptcompiler:8.5.1) with MergeInstrumentationAnalysisTransform
[        ] Transforming bundletool-1.16.0.jar (com.android.tools.build:bundletool:1.16.0) with InstrumentationAnalysisTransform
[        ] Transforming bundletool-1.16.0.jar (com.android.tools.build:bundletool:1.16.0) with MergeInstrumentationAnalysisTransform
[        ] Transforming aapt2-proto-8.5.1-11315950.jar (com.android.tools.build:aapt2-proto:8.5.1-11315950) with InstrumentationAnalysisTransform
[        ] Transforming aapt2-proto-8.5.1-11315950.jar (com.android.tools.build:aapt2-proto:8.5.1-11315950) with MergeInstrumentationAnalysisTransform
[        ] Transforming crash-31.5.1.jar (com.android.tools.analytics-library:crash:31.5.1) with InstrumentationAnalysisTransform
[        ] Transforming crash-31.5.1.jar (com.android.tools.analytics-library:crash:31.5.1) with MergeInstrumentationAnalysisTransform
[        ] Transforming tracker-31.5.1.jar (com.android.tools.analytics-library:tracker:31.5.1) with InstrumentationAnalysisTransform
[        ] Transforming aapt2-proto-8.5.1-11315950.jar (com.android.tools.build:aapt2-proto:8.5.1-11315950) with ExternalDependencyInstrumentingArtifactTransform
[        ] Transforming crash-31.5.1.jar (com.android.tools.analytics-library:crash:31.5.1) with ExternalDependencyInstrumentingArtifactTransform
[        ] Transforming tracker-31.5.1.jar (com.android.tools.analytics-library:tracker:31.5.1) with MergeInstrumentationAnalysisTransform
[        ] Transforming shared-31.5.1.jar (com.android.tools.analytics-library:shared:31.5.1) with InstrumentationAnalysisTransform
[        ] Transforming shared-31.5.1.jar (com.android.tools.analytics-library:shared:31.5.1) with MergeInstrumentationAnalysisTransform
[        ] Transforming lint-typedef-remover-31.5.1.jar (com.android.tools.lint:lint-typedef-remover:31.5.1) with InstrumentationAnalysisTransform
[        ] Transforming lint-typedef-remover-31.5.1.jar (com.android.tools.lint:lint-typedef-remover:31.5.1) with MergeInstrumentationAnalysisTransform
[        ] Transforming databinding-compiler-common-8.5.1.jar (androidx.databinding:databinding-compiler-common:8.5.1) with InstrumentationAnalysisTransform
[        ] Transforming databinding-compiler-common-8.5.1.jar (androidx.databinding:databinding-compiler-common:8.5.1) with MergeInstrumentationAnalysisTransform
[        ] Transforming tracker-31.5.1.jar (com.android.tools.analytics-library:tracker:31.5.1) with ExternalDependencyInstrumentingArtifactTransform
[        ] Transforming shared-31.5.1.jar (com.android.tools.analytics-library:shared:31.5.1) with ExternalDependencyInstrumentingArtifactTransform
[        ] Transforming lint-typedef-remover-31.5.1.jar (com.android.tools.lint:lint-typedef-remover:31.5.1) with ExternalDependencyInstrumentingArtifactTransform
[        ] Transforming databinding-compiler-common-8.5.1.jar (androidx.databinding:databinding-compiler-common:8.5.1) with ExternalDependencyInstrumentingArtifactTransform
[        ] Transforming bundletool-1.16.0.jar (com.android.tools.build:bundletool:1.16.0) with ExternalDependencyInstrumentingArtifactTransform
[        ] Transforming databinding-common-8.5.1.jar (androidx.databinding:databinding-common:8.5.1) with InstrumentationAnalysisTransform
[        ] Transforming databinding-common-8.5.1.jar (androidx.databinding:databinding-common:8.5.1) with MergeInstrumentationAnalysisTransform
[        ] Transforming baseLibrary-8.5.1.jar (com.android.databinding:baseLibrary:8.5.1) with InstrumentationAnalysisTransform
[        ] Transforming baseLibrary-8.5.1.jar (com.android.databinding:baseLibrary:8.5.1) with MergeInstrumentationAnalysisTransform
[        ] Transforming layoutlib-api-31.5.1.jar (com.android.tools.layoutlib:layoutlib-api:31.5.1) with InstrumentationAnalysisTransform
[        ] Transforming layoutlib-api-31.5.1.jar (com.android.tools.layoutlib:layoutlib-api:31.5.1) with MergeInstrumentationAnalysisTransform
[        ] Transforming android-device-provider-ddmlib-proto-31.5.1.jar (com.android.tools.utp:android-device-provider-ddmlib-proto:31.5.1) with InstrumentationAnalysisTransform
[        ] Transforming android-device-provider-ddmlib-proto-31.5.1.jar (com.android.tools.utp:android-device-provider-ddmlib-proto:31.5.1) with MergeInstrumentationAnalysisTransform
[        ] Transforming android-device-provider-gradle-proto-31.5.1.jar (com.android.tools.utp:android-device-provider-gradle-proto:31.5.1) with InstrumentationAnalysisTransform
[        ] Transforming android-device-provider-gradle-proto-31.5.1.jar (com.android.tools.utp:android-device-provider-gradle-proto:31.5.1) with MergeInstrumentationAnalysisTransform
[        ] Transforming android-test-plugin-host-additional-test-output-proto-31.5.1.jar (com.android.tools.utp:android-test-plugin-host-additional-test-output-proto:31.5.1) with InstrumentationAnalysisTransform
[        ] Transforming android-test-plugin-host-additional-test-output-proto-31.5.1.jar (com.android.tools.utp:android-test-plugin-host-additional-test-output-proto:31.5.1) with MergeInstrumentationAnalysisTransform
[        ] Transforming android-test-plugin-host-coverage-proto-31.5.1.jar (com.android.tools.utp:android-test-plugin-host-coverage-proto:31.5.1) with InstrumentationAnalysisTransform
[        ] Transforming databinding-common-8.5.1.jar (androidx.databinding:databinding-common:8.5.1) with ExternalDependencyInstrumentingArtifactTransform
[        ] Transforming baseLibrary-8.5.1.jar (com.android.databinding:baseLibrary:8.5.1) with ExternalDependencyInstrumentingArtifactTransform
[        ] Transforming android-device-provider-ddmlib-proto-31.5.1.jar (com.android.tools.utp:android-device-provider-ddmlib-proto:31.5.1) with ExternalDependencyInstrumentingArtifactTransform
[        ] Transforming android-device-provider-gradle-proto-31.5.1.jar (com.android.tools.utp:android-device-provider-gradle-proto:31.5.1) with ExternalDependencyInstrumentingArtifactTransform
[        ] Transforming android-test-plugin-host-additional-test-output-proto-31.5.1.jar (com.android.tools.utp:android-test-plugin-host-additional-test-output-proto:31.5.1) with ExternalDependencyInstrumentingArtifactTransform
[        ] Transforming android-test-plugin-host-coverage-proto-31.5.1.jar (com.android.tools.utp:android-test-plugin-host-coverage-proto:31.5.1) with MergeInstrumentationAnalysisTransform
[        ] Transforming android-test-plugin-host-emulator-control-proto-31.5.1.jar (com.android.tools.utp:android-test-plugin-host-emulator-control-proto:31.5.1) with InstrumentationAnalysisTransform
[        ] Transforming android-test-plugin-host-emulator-control-proto-31.5.1.jar (com.android.tools.utp:android-test-plugin-host-emulator-control-proto:31.5.1) with MergeInstrumentationAnalysisTransform
[        ] Transforming android-test-plugin-host-logcat-proto-31.5.1.jar (com.android.tools.utp:android-test-plugin-host-logcat-proto:31.5.1) with InstrumentationAnalysisTransform
[        ] Transforming android-test-plugin-host-logcat-proto-31.5.1.jar (com.android.tools.utp:android-test-plugin-host-logcat-proto:31.5.1) with MergeInstrumentationAnalysisTransform
[        ] Transforming android-test-plugin-host-apk-installer-proto-31.5.1.jar (com.android.tools.utp:android-test-plugin-host-apk-installer-proto:31.5.1) with InstrumentationAnalysisTransform
[        ] Transforming android-test-plugin-host-apk-installer-proto-31.5.1.jar (com.android.tools.utp:android-test-plugin-host-apk-installer-proto:31.5.1) with MergeInstrumentationAnalysisTransform
[        ] Transforming android-test-plugin-host-retention-proto-31.5.1.jar (com.android.tools.utp:android-test-plugin-host-retention-proto:31.5.1) with InstrumentationAnalysisTransform
[        ] Transforming android-test-plugin-host-retention-proto-31.5.1.jar (com.android.tools.utp:android-test-plugin-host-retention-proto:31.5.1) with MergeInstrumentationAnalysisTransform
[        ] Transforming android-test-plugin-result-listener-gradle-proto-31.5.1.jar (com.android.tools.utp:android-test-plugin-result-listener-gradle-proto:31.5.1) with InstrumentationAnalysisTransform
[        ] Transforming android-test-plugin-result-listener-gradle-proto-31.5.1.jar (com.android.tools.utp:android-test-plugin-result-listener-gradle-proto:31.5.1) with MergeInstrumentationAnalysisTransform
[        ] Transforming builder-model-8.5.1.jar (com.android.tools.build:builder-model:8.5.1) with InstrumentationAnalysisTransform
[        ] Transforming builder-model-8.5.1.jar (com.android.tools.build:builder-model:8.5.1) with MergeInstrumentationAnalysisTransform
[        ] Transforming dvlib-31.5.1.jar (com.android.tools:dvlib:31.5.1) with InstrumentationAnalysisTransform
[        ] Transforming dvlib-31.5.1.jar (com.android.tools:dvlib:31.5.1) with MergeInstrumentationAnalysisTransform
[        ] Transforming common-31.5.1.jar (com.android.tools:common:31.5.1) with InstrumentationAnalysisTransform
[        ] Transforming common-31.5.1.jar (com.android.tools:common:31.5.1) with MergeInstrumentationAnalysisTransform
[        ] Transforming jetifier-processor-1.0.0-beta10.jar (com.android.tools.build.jetifier:jetifier-processor:1.0.0-beta10) with InstrumentationAnalysisTransform
[        ] Transforming jetifier-processor-1.0.0-beta10.jar (com.android.tools.build.jetifier:jetifier-processor:1.0.0-beta10) with MergeInstrumentationAnalysisTransform
[        ] Transforming jetifier-core-1.0.0-beta10.jar (com.android.tools.build.jetifier:jetifier-core:1.0.0-beta10) with InstrumentationAnalysisTransform
[        ] Transforming jetifier-core-1.0.0-beta10.jar (com.android.tools.build.jetifier:jetifier-core:1.0.0-beta10) with MergeInstrumentationAnalysisTransform
[        ] Transforming kotlin-reflect-1.9.20.jar (org.jetbrains.kotlin:kotlin-reflect:1.9.20) with InstrumentationAnalysisTransform
[        ] Transforming android-test-plugin-host-coverage-proto-31.5.1.jar (com.android.tools.utp:android-test-plugin-host-coverage-proto:31.5.1) with ExternalDependencyInstrumentingArtifactTransform
[        ] Transforming android-test-plugin-host-emulator-control-proto-31.5.1.jar (com.android.tools.utp:android-test-plugin-host-emulator-control-proto:31.5.1) with ExternalDependencyInstrumentingArtifactTransform
[        ] Transforming layoutlib-api-31.5.1.jar (com.android.tools.layoutlib:layoutlib-api:31.5.1) with ExternalDependencyInstrumentingArtifactTransform
[        ] Transforming kotlin-reflect-1.9.20.jar (org.jetbrains.kotlin:kotlin-reflect:1.9.20) with MergeInstrumentationAnalysisTransform
[        ] Transforming kotlin-stdlib-jdk7-1.9.20.jar (org.jetbrains.kotlin:kotlin-stdlib-jdk7:1.9.20) with InstrumentationAnalysisTransform
[        ] Transforming kotlin-stdlib-jdk7-1.9.20.jar (org.jetbrains.kotlin:kotlin-stdlib-jdk7:1.9.20) with MergeInstrumentationAnalysisTransform
[        ] Transforming kotlin-stdlib-1.9.20.jar (org.jetbrains.kotlin:kotlin-stdlib:1.9.20) with InstrumentationAnalysisTransform
[        ] Transforming kotlin-stdlib-1.9.20.jar (org.jetbrains.kotlin:kotlin-stdlib:1.9.20) with MergeInstrumentationAnalysisTransform
[        ] Transforming kotlin-stdlib-jdk8-1.9.20.jar (org.jetbrains.kotlin:kotlin-stdlib-jdk8:1.9.20) with InstrumentationAnalysisTransform
[        ] Transforming kotlin-stdlib-jdk8-1.9.20.jar (org.jetbrains.kotlin:kotlin-stdlib-jdk8:1.9.20) with MergeInstrumentationAnalysisTransform
[        ] Transforming transform-api-2.0.0-deprecated-use-gradle-api.jar (com.android.tools.build:transform-api:2.0.0-deprecated-use-gradle-api) with InstrumentationAnalysisTransform
[        ] Transforming transform-api-2.0.0-deprecated-use-gradle-api.jar (com.android.tools.build:transform-api:2.0.0-deprecated-use-gradle-api) with MergeInstrumentationAnalysisTransform
[        ] Transforming httpmime-4.5.6.jar (org.apache.httpcomponents:httpmime:4.5.6) with InstrumentationAnalysisTransform
[        ] Transforming httpmime-4.5.6.jar (org.apache.httpcomponents:httpmime:4.5.6) with MergeInstrumentationAnalysisTransform
[        ] Transforming commons-io-2.13.0.jar (commons-io:commons-io:2.13.0) with InstrumentationAnalysisTransform
[        ] Transforming commons-io-2.13.0.jar (commons-io:commons-io:2.13.0) with MergeInstrumentationAnalysisTransform
[        ] Transforming asm-commons-9.6.jar (org.ow2.asm:asm-commons:9.6) with InstrumentationAnalysisTransform
[        ] Transforming asm-commons-9.6.jar (org.ow2.asm:asm-commons:9.6) with MergeInstrumentationAnalysisTransform
[        ] Transforming android-test-plugin-host-apk-installer-proto-31.5.1.jar (com.android.tools.utp:android-test-plugin-host-apk-installer-proto:31.5.1) with ExternalDependencyInstrumentingArtifactTransform
[        ] Transforming android-test-plugin-host-retention-proto-31.5.1.jar (com.android.tools.utp:android-test-plugin-host-retention-proto:31.5.1) with ExternalDependencyInstrumentingArtifactTransform
[        ] Transforming builder-model-8.5.1.jar (com.android.tools.build:builder-model:8.5.1) with ExternalDependencyInstrumentingArtifactTransform
[        ] Transforming dvlib-31.5.1.jar (com.android.tools:dvlib:31.5.1) with ExternalDependencyInstrumentingArtifactTransform
[        ] Transforming common-31.5.1.jar (com.android.tools:common:31.5.1) with ExternalDependencyInstrumentingArtifactTransform
[        ] Transforming android-test-plugin-host-logcat-proto-31.5.1.jar (com.android.tools.utp:android-test-plugin-host-logcat-proto:31.5.1) with ExternalDependencyInstrumentingArtifactTransform
[        ] Transforming android-test-plugin-result-listener-gradle-proto-31.5.1.jar (com.android.tools.utp:android-test-plugin-result-listener-gradle-proto:31.5.1) with ExternalDependencyInstrumentingArtifactTransform
[        ] Transforming jetifier-core-1.0.0-beta10.jar (com.android.tools.build.jetifier:jetifier-core:1.0.0-beta10) with ExternalDependencyInstrumentingArtifactTransform
[        ] Transforming kotlin-stdlib-1.9.20.jar (org.jetbrains.kotlin:kotlin-stdlib:1.9.20) with ExternalDependencyInstrumentingArtifactTransform
[        ] Transforming httpmime-4.5.6.jar (org.apache.httpcomponents:httpmime:4.5.6) with ExternalDependencyInstrumentingArtifactTransform
[        ] Transforming asm-util-9.6.jar (org.ow2.asm:asm-util:9.6) with InstrumentationAnalysisTransform
[        ] Transforming asm-util-9.6.jar (org.ow2.asm:asm-util:9.6) with MergeInstrumentationAnalysisTransform
[        ] Transforming kotlin-stdlib-jdk8-1.9.20.jar (org.jetbrains.kotlin:kotlin-stdlib-jdk8:1.9.20) with ExternalDependencyInstrumentingArtifactTransform
[        ] Transforming aaptcompiler-8.5.1.jar (com.android.tools.build:aaptcompiler:8.5.1) with ExternalDependencyInstrumentingArtifactTransform
[        ] Transforming asm-commons-9.6.jar (org.ow2.asm:asm-commons:9.6) with ExternalDependencyInstrumentingArtifactTransform
[        ] Transforming commons-io-2.13.0.jar (commons-io:commons-io:2.13.0) with ExternalDependencyInstrumentingArtifactTransform
[        ] Transforming transform-api-2.0.0-deprecated-use-gradle-api.jar (com.android.tools.build:transform-api:2.0.0-deprecated-use-gradle-api) with ExternalDependencyInstrumentingArtifactTransform
[        ] Transforming kotlin-stdlib-jdk7-1.9.20.jar (org.jetbrains.kotlin:kotlin-stdlib-jdk7:1.9.20) with ExternalDependencyInstrumentingArtifactTransform
[        ] Transforming kotlin-reflect-1.9.20.jar (org.jetbrains.kotlin:kotlin-reflect:1.9.20) with ExternalDependencyInstrumentingArtifactTransform
[        ] Transforming jetifier-processor-1.0.0-beta10.jar (com.android.tools.build.jetifier:jetifier-processor:1.0.0-beta10) with ExternalDependencyInstrumentingArtifactTransform
[        ] Transforming asm-analysis-9.6.jar (org.ow2.asm:asm-analysis:9.6) with InstrumentationAnalysisTransform
[        ] Transforming asm-analysis-9.6.jar (org.ow2.asm:asm-analysis:9.6) with MergeInstrumentationAnalysisTransform
[        ] Transforming asm-tree-9.6.jar (org.ow2.asm:asm-tree:9.6) with InstrumentationAnalysisTransform
[        ] Transforming asm-tree-9.6.jar (org.ow2.asm:asm-tree:9.6) with MergeInstrumentationAnalysisTransform
[        ] Transforming asm-9.6.jar (org.ow2.asm:asm:9.6) with InstrumentationAnalysisTransform
[        ] Transforming asm-analysis-9.6.jar (org.ow2.asm:asm-analysis:9.6) with ExternalDependencyInstrumentingArtifactTransform
[        ] Transforming asm-util-9.6.jar (org.ow2.asm:asm-util:9.6) with ExternalDependencyInstrumentingArtifactTransform
[        ] Transforming asm-9.6.jar (org.ow2.asm:asm:9.6) with MergeInstrumentationAnalysisTransform
[        ] Transforming apkzlib-8.5.1.jar (com.android.tools.build:apkzlib:8.5.1) with InstrumentationAnalysisTransform
[        ] Transforming asm-tree-9.6.jar (org.ow2.asm:asm-tree:9.6) with ExternalDependencyInstrumentingArtifactTransform
[        ] Transforming asm-9.6.jar (org.ow2.asm:asm:9.6) with ExternalDependencyInstrumentingArtifactTransform
[        ] Transforming apkzlib-8.5.1.jar (com.android.tools.build:apkzlib:8.5.1) with MergeInstrumentationAnalysisTransform
[        ] Transforming bcpkix-jdk18on-1.77.jar (org.bouncycastle:bcpkix-jdk18on:1.77) with InstrumentationAnalysisTransform
[        ] Transforming bcpkix-jdk18on-1.77.jar (org.bouncycastle:bcpkix-jdk18on:1.77) with MergeInstrumentationAnalysisTransform
[        ] Transforming jaxb-runtime-2.3.2.jar (org.glassfish.jaxb:jaxb-runtime:2.3.2) with InstrumentationAnalysisTransform
[        ] Transforming apkzlib-8.5.1.jar (com.android.tools.build:apkzlib:8.5.1) with ExternalDependencyInstrumentingArtifactTransform
[        ] Transforming jaxb-runtime-2.3.2.jar (org.glassfish.jaxb:jaxb-runtime:2.3.2) with MergeInstrumentationAnalysisTransform
[        ] Transforming jopt-simple-4.9.jar (net.sf.jopt-simple:jopt-simple:4.9) with InstrumentationAnalysisTransform
[        ] Transforming jopt-simple-4.9.jar (net.sf.jopt-simple:jopt-simple:4.9) with MergeInstrumentationAnalysisTransform
[        ] Transforming javapoet-1.10.0.jar (com.squareup:javapoet:1.10.0) with InstrumentationAnalysisTransform
[        ] Transforming javapoet-1.10.0.jar (com.squareup:javapoet:1.10.0) with MergeInstrumentationAnalysisTransform
[        ] Transforming protobuf-java-util-3.22.3.jar (com.google.protobuf:protobuf-java-util:3.22.3) with InstrumentationAnalysisTransform
[        ] Transforming jaxb-runtime-2.3.2.jar (org.glassfish.jaxb:jaxb-runtime:2.3.2) with ExternalDependencyInstrumentingArtifactTransform
[        ] Transforming bcpkix-jdk18on-1.77.jar (org.bouncycastle:bcpkix-jdk18on:1.77) with ExternalDependencyInstrumentingArtifactTransform
[        ] Transforming protobuf-java-util-3.22.3.jar (com.google.protobuf:protobuf-java-util:3.22.3) with MergeInstrumentationAnalysisTransform
[        ] Transforming javapoet-1.10.0.jar (com.squareup:javapoet:1.10.0) with ExternalDependencyInstrumentingArtifactTransform
[        ] Transforming jopt-simple-4.9.jar (net.sf.jopt-simple:jopt-simple:4.9) with ExternalDependencyInstrumentingArtifactTransform
[        ] Transforming protobuf-java-util-3.22.3.jar (com.google.protobuf:protobuf-java-util:3.22.3) with ExternalDependencyInstrumentingArtifactTransform
[        ] Transforming grpc-protobuf-1.57.0.jar (io.grpc:grpc-protobuf:1.57.0) with InstrumentationAnalysisTransform
[        ] Transforming grpc-protobuf-1.57.0.jar (io.grpc:grpc-protobuf:1.57.0) with MergeInstrumentationAnalysisTransform
[        ] Transforming tink-1.7.0.jar (com.google.crypto.tink:tink:1.7.0) with InstrumentationAnalysisTransform
[        ] Transforming tink-1.7.0.jar (com.google.crypto.tink:tink:1.7.0) with MergeInstrumentationAnalysisTransform
[        ] Transforming protos-31.5.1.jar (com.android.tools.analytics-library:protos:31.5.1) with InstrumentationAnalysisTransform
[        ] Transforming protos-31.5.1.jar (com.android.tools.analytics-library:protos:31.5.1) with MergeInstrumentationAnalysisTransform
[        ] Transforming grpc-protobuf-1.57.0.jar (io.grpc:grpc-protobuf:1.57.0) with ExternalDependencyInstrumentingArtifactTransform
[        ] Transforming proto-google-common-protos-2.17.0.jar (com.google.api.grpc:proto-google-common-protos:2.17.0) with InstrumentationAnalysisTransform
[        ] Transforming tink-1.7.0.jar (com.google.crypto.tink:tink:1.7.0) with ExternalDependencyInstrumentingArtifactTransform
[        ] Transforming proto-google-common-protos-2.17.0.jar (com.google.api.grpc:proto-google-common-protos:2.17.0) with MergeInstrumentationAnalysisTransform
[        ] Transforming protobuf-java-3.22.3.jar (com.google.protobuf:protobuf-java:3.22.3) with InstrumentationAnalysisTransform
[        ] Transforming protobuf-java-3.22.3.jar (com.google.protobuf:protobuf-java:3.22.3) with MergeInstrumentationAnalysisTransform
[        ] Transforming grpc-netty-1.57.0.jar (io.grpc:grpc-netty:1.57.0) with InstrumentationAnalysisTransform
[        ] Transforming proto-google-common-protos-2.17.0.jar (com.google.api.grpc:proto-google-common-protos:2.17.0) with ExternalDependencyInstrumentingArtifactTransform
[        ] Transforming protos-31.5.1.jar (com.android.tools.analytics-library:protos:31.5.1) with ExternalDependencyInstrumentingArtifactTransform
[        ] Transforming protobuf-java-3.22.3.jar (com.google.protobuf:protobuf-java:3.22.3) with ExternalDependencyInstrumentingArtifactTransform
[        ] Transforming grpc-netty-1.57.0.jar (io.grpc:grpc-netty:1.57.0) with MergeInstrumentationAnalysisTransform
[        ] Transforming grpc-core-1.57.0.jar (io.grpc:grpc-core:1.57.0) with InstrumentationAnalysisTransform
[        ] Transforming grpc-core-1.57.0.jar (io.grpc:grpc-core:1.57.0) with MergeInstrumentationAnalysisTransform
[        ] Transforming grpc-netty-1.57.0.jar (io.grpc:grpc-netty:1.57.0) with ExternalDependencyInstrumentingArtifactTransform
[        ] Transforming gson-2.10.1.jar (com.google.code.gson:gson:2.10.1) with InstrumentationAnalysisTransform
[        ] Transforming grpc-core-1.57.0.jar (io.grpc:grpc-core:1.57.0) with ExternalDependencyInstrumentingArtifactTransform
[        ] Transforming gson-2.10.1.jar (com.google.code.gson:gson:2.10.1) with MergeInstrumentationAnalysisTransform
[        ] Transforming grpc-stub-1.57.0.jar (io.grpc:grpc-stub:1.57.0) with InstrumentationAnalysisTransform
[        ] Transforming grpc-stub-1.57.0.jar (io.grpc:grpc-stub:1.57.0) with MergeInstrumentationAnalysisTransform
[        ] Transforming core-proto-0.0.9-alpha02.jar (com.google.testing.platform:core-proto:0.0.9-alpha02) with InstrumentationAnalysisTransform
[        ] Transforming gson-2.10.1.jar (com.google.code.gson:gson:2.10.1) with ExternalDependencyInstrumentingArtifactTransform
[        ] Transforming core-proto-0.0.9-alpha02.jar (com.google.testing.platform:core-proto:0.0.9-alpha02) with MergeInstrumentationAnalysisTransform
[        ] Transforming kxml2-2.3.0.jar (net.sf.kxml:kxml2:2.3.0) with InstrumentationAnalysisTransform
[        ] Transforming grpc-stub-1.57.0.jar (io.grpc:grpc-stub:1.57.0) with ExternalDependencyInstrumentingArtifactTransform
[        ] Transforming kxml2-2.3.0.jar (net.sf.kxml:kxml2:2.3.0) with MergeInstrumentationAnalysisTransform
[        ] Transforming core-proto-0.0.9-alpha02.jar (com.google.testing.platform:core-proto:0.0.9-alpha02) with ExternalDependencyInstrumentingArtifactTransform
[        ] Transforming tensorflow-lite-metadata-0.1.0-rc2.jar (org.tensorflow:tensorflow-lite-metadata:0.1.0-rc2) with InstrumentationAnalysisTransform
[        ] Transforming kxml2-2.3.0.jar (net.sf.kxml:kxml2:2.3.0) with ExternalDependencyInstrumentingArtifactTransform
[        ] Transforming tensorflow-lite-metadata-0.1.0-rc2.jar (org.tensorflow:tensorflow-lite-metadata:0.1.0-rc2) with MergeInstrumentationAnalysisTransform
[        ] Transforming flatbuffers-java-1.12.0.jar (com.google.flatbuffers:flatbuffers-java:1.12.0) with InstrumentationAnalysisTransform
[        ] Transforming flatbuffers-java-1.12.0.jar (com.google.flatbuffers:flatbuffers-java:1.12.0) with MergeInstrumentationAnalysisTransform
[        ] Transforming jimfs-1.1.jar (com.google.jimfs:jimfs:1.1) with InstrumentationAnalysisTransform
[        ] Transforming tensorflow-lite-metadata-0.1.0-rc2.jar (org.tensorflow:tensorflow-lite-metadata:0.1.0-rc2) with ExternalDependencyInstrumentingArtifactTransform
[        ] Transforming flatbuffers-java-1.12.0.jar (com.google.flatbuffers:flatbuffers-java:1.12.0) with ExternalDependencyInstrumentingArtifactTransform
[        ] Transforming jimfs-1.1.jar (com.google.jimfs:jimfs:1.1) with MergeInstrumentationAnalysisTransform
[        ] Transforming grpc-context-1.57.0.jar (io.grpc:grpc-context:1.57.0) with InstrumentationAnalysisTransform
[        ] Transforming jimfs-1.1.jar (com.google.jimfs:jimfs:1.1) with ExternalDependencyInstrumentingArtifactTransform
[        ] Transforming grpc-context-1.57.0.jar (io.grpc:grpc-context:1.57.0) with MergeInstrumentationAnalysisTransform
[        ] Transforming grpc-protobuf-lite-1.57.0.jar (io.grpc:grpc-protobuf-lite:1.57.0) with InstrumentationAnalysisTransform
[        ] Transforming grpc-context-1.57.0.jar (io.grpc:grpc-context:1.57.0) with ExternalDependencyInstrumentingArtifactTransform
[        ] Transforming grpc-protobuf-lite-1.57.0.jar (io.grpc:grpc-protobuf-lite:1.57.0) with MergeInstrumentationAnalysisTransform
[        ] Transforming grpc-api-1.57.0.jar (io.grpc:grpc-api:1.57.0) with InstrumentationAnalysisTransform
[        ] Transforming grpc-api-1.57.0.jar (io.grpc:grpc-api:1.57.0) with MergeInstrumentationAnalysisTransform
[        ] Transforming guava-32.0.1-jre.jar (com.google.guava:guava:32.0.1-jre) with InstrumentationAnalysisTransform
[        ] Transforming grpc-protobuf-lite-1.57.0.jar (io.grpc:grpc-protobuf-lite:1.57.0) with ExternalDependencyInstrumentingArtifactTransform
[        ] Transforming guava-32.0.1-jre.jar (com.google.guava:guava:32.0.1-jre) with MergeInstrumentationAnalysisTransform
[        ] Transforming dagger-2.28.3.jar (com.google.dagger:dagger:2.28.3) with InstrumentationAnalysisTransform
[        ] Transforming grpc-api-1.57.0.jar (io.grpc:grpc-api:1.57.0) with ExternalDependencyInstrumentingArtifactTransform
[        ] Transforming dagger-2.28.3.jar (com.google.dagger:dagger:2.28.3) with MergeInstrumentationAnalysisTransform
[        ] Transforming guava-32.0.1-jre.jar (com.google.guava:guava:32.0.1-jre) with ExternalDependencyInstrumentingArtifactTransform
[        ] Transforming javax.inject-1.jar (javax.inject:javax.inject:1) with InstrumentationAnalysisTransform
[        ] Transforming javax.inject-1.jar (javax.inject:javax.inject:1) with MergeInstrumentationAnalysisTransform
[        ] Transforming dagger-2.28.3.jar (com.google.dagger:dagger:2.28.3) with ExternalDependencyInstrumentingArtifactTransform
[        ] Transforming bcutil-jdk18on-1.77.jar (org.bouncycastle:bcutil-jdk18on:1.77) with InstrumentationAnalysisTransform
[        ] Transforming bcutil-jdk18on-1.77.jar (org.bouncycastle:bcutil-jdk18on:1.77) with MergeInstrumentationAnalysisTransform
[        ] Transforming javax.inject-1.jar (javax.inject:javax.inject:1) with ExternalDependencyInstrumentingArtifactTransform
[        ] Transforming bcprov-jdk18on-1.77.jar (org.bouncycastle:bcprov-jdk18on:1.77) with InstrumentationAnalysisTransform
[        ] Transforming bcutil-jdk18on-1.77.jar (org.bouncycastle:bcutil-jdk18on:1.77) with ExternalDependencyInstrumentingArtifactTransform
[        ] Transforming bcprov-jdk18on-1.77.jar (org.bouncycastle:bcprov-jdk18on:1.77) with MergeInstrumentationAnalysisTransform
[        ] Transforming trove4j-1.0.20200330.jar (org.jetbrains.intellij.deps:trove4j:1.0.20200330) with InstrumentationAnalysisTransform
[        ] Transforming bcprov-jdk18on-1.77.jar (org.bouncycastle:bcprov-jdk18on:1.77) with ExternalDependencyInstrumentingArtifactTransform
[        ] Transforming trove4j-1.0.20200330.jar (org.jetbrains.intellij.deps:trove4j:1.0.20200330) with MergeInstrumentationAnalysisTransform
[        ] Transforming commons-compress-1.21.jar (org.apache.commons:commons-compress:1.21) with InstrumentationAnalysisTransform
[        ] Transforming commons-compress-1.21.jar (org.apache.commons:commons-compress:1.21) with MergeInstrumentationAnalysisTransform
[        ] Transforming httpclient-4.5.14.jar (org.apache.httpcomponents:httpclient:4.5.14) with InstrumentationAnalysisTransform
[        ] Transforming httpclient-4.5.14.jar (org.apache.httpcomponents:httpclient:4.5.14) with MergeInstrumentationAnalysisTransform
[        ] Transforming httpcore-4.4.16.jar (org.apache.httpcomponents:httpcore:4.4.16) with InstrumentationAnalysisTransform
[        ] Transforming httpcore-4.4.16.jar (org.apache.httpcomponents:httpcore:4.4.16) with MergeInstrumentationAnalysisTransform
[        ] Transforming javax.activation-1.2.0.jar (com.sun.activation:javax.activation:1.2.0) with InstrumentationAnalysisTransform
[        ] Transforming trove4j-1.0.20200330.jar (org.jetbrains.intellij.deps:trove4j:1.0.20200330) with ExternalDependencyInstrumentingArtifactTransform
[        ] Transforming httpclient-4.5.14.jar (org.apache.httpcomponents:httpclient:4.5.14) with ExternalDependencyInstrumentingArtifactTransform
[        ] Transforming javax.activation-1.2.0.jar (com.sun.activation:javax.activation:1.2.0) with MergeInstrumentationAnalysisTransform
[        ] Transforming commons-compress-1.21.jar (org.apache.commons:commons-compress:1.21) with ExternalDependencyInstrumentingArtifactTransform
[        ] Transforming annotations-23.0.0.jar (org.jetbrains:annotations:23.0.0) with InstrumentationAnalysisTransform
[        ] Transforming httpcore-4.4.16.jar (org.apache.httpcomponents:httpcore:4.4.16) with ExternalDependencyInstrumentingArtifactTransform
[        ] Transforming annotations-23.0.0.jar (org.jetbrains:annotations:23.0.0) with MergeInstrumentationAnalysisTransform
[        ] Transforming javax.activation-1.2.0.jar (com.sun.activation:javax.activation:1.2.0) with ExternalDependencyInstrumentingArtifactTransform
[        ] Transforming signflinger-8.5.1.jar (com.android:signflinger:8.5.1) with InstrumentationAnalysisTransform
[        ] Transforming signflinger-8.5.1.jar (com.android:signflinger:8.5.1) with MergeInstrumentationAnalysisTransform
[        ] Transforming zipflinger-8.5.1.jar (com.android:zipflinger:8.5.1) with InstrumentationAnalysisTransform
[        ] Transforming annotations-23.0.0.jar (org.jetbrains:annotations:23.0.0) with ExternalDependencyInstrumentingArtifactTransform
[        ] Transforming zipflinger-8.5.1.jar (com.android:zipflinger:8.5.1) with MergeInstrumentationAnalysisTransform
[        ] Transforming signflinger-8.5.1.jar (com.android:signflinger:8.5.1) with ExternalDependencyInstrumentingArtifactTransform
[        ] Transforming annotations-31.5.1.jar (com.android.tools:annotations:31.5.1) with InstrumentationAnalysisTransform
[        ] Transforming annotations-31.5.1.jar (com.android.tools:annotations:31.5.1) with MergeInstrumentationAnalysisTransform
[        ] Transforming zipflinger-8.5.1.jar (com.android:zipflinger:8.5.1) with ExternalDependencyInstrumentingArtifactTransform
[        ] Transforming jna-platform-5.6.0.jar (net.java.dev.jna:jna-platform:5.6.0) with InstrumentationAnalysisTransform
[        ] Transforming jna-platform-5.6.0.jar (net.java.dev.jna:jna-platform:5.6.0) with MergeInstrumentationAnalysisTransform
[        ] Transforming annotations-31.5.1.jar (com.android.tools:annotations:31.5.1) with ExternalDependencyInstrumentingArtifactTransform
[        ] Transforming juniversalchardet-1.0.3.jar (com.googlecode.juniversalchardet:juniversalchardet:1.0.3) with InstrumentationAnalysisTransform
[        ] Transforming juniversalchardet-1.0.3.jar (com.googlecode.juniversalchardet:juniversalchardet:1.0.3) with MergeInstrumentationAnalysisTransform
[        ] Transforming javax.annotation-api-1.3.2.jar (javax.annotation:javax.annotation-api:1.3.2) with InstrumentationAnalysisTransform
[        ] Transforming javax.annotation-api-1.3.2.jar (javax.annotation:javax.annotation-api:1.3.2) with MergeInstrumentationAnalysisTransform
[        ] Transforming stax-ex-1.8.1.jar (org.jvnet.staxex:stax-ex:1.8.1) with InstrumentationAnalysisTransform
[        ] Transforming stax-ex-1.8.1.jar (org.jvnet.staxex:stax-ex:1.8.1) with MergeInstrumentationAnalysisTransform
[        ] Transforming jakarta.xml.bind-api-2.3.2.jar (jakarta.xml.bind:jakarta.xml.bind-api:2.3.2) with InstrumentationAnalysisTransform
[        ] Transforming jna-platform-5.6.0.jar (net.java.dev.jna:jna-platform:5.6.0) with ExternalDependencyInstrumentingArtifactTransform
[        ] Transforming javax.annotation-api-1.3.2.jar (javax.annotation:javax.annotation-api:1.3.2) with ExternalDependencyInstrumentingArtifactTransform
[        ] Transforming jakarta.xml.bind-api-2.3.2.jar (jakarta.xml.bind:jakarta.xml.bind-api:2.3.2) with MergeInstrumentationAnalysisTransform
[        ] Transforming juniversalchardet-1.0.3.jar (com.googlecode.juniversalchardet:juniversalchardet:1.0.3) with ExternalDependencyInstrumentingArtifactTransform
[        ] Transforming stax-ex-1.8.1.jar (org.jvnet.staxex:stax-ex:1.8.1) with ExternalDependencyInstrumentingArtifactTransform
[        ] Transforming txw2-2.3.2.jar (org.glassfish.jaxb:txw2:2.3.2) with InstrumentationAnalysisTransform
[        ] Transforming txw2-2.3.2.jar (org.glassfish.jaxb:txw2:2.3.2) with MergeInstrumentationAnalysisTransform
[        ] Transforming jakarta.xml.bind-api-2.3.2.jar (jakarta.xml.bind:jakarta.xml.bind-api:2.3.2) with ExternalDependencyInstrumentingArtifactTransform
[        ] Transforming txw2-2.3.2.jar (org.glassfish.jaxb:txw2:2.3.2) with ExternalDependencyInstrumentingArtifactTransform
[        ] Transforming istack-commons-runtime-3.0.8.jar (com.sun.istack:istack-commons-runtime:3.0.8) with InstrumentationAnalysisTransform
[        ] Transforming istack-commons-runtime-3.0.8.jar (com.sun.istack:istack-commons-runtime:3.0.8) with MergeInstrumentationAnalysisTransform
[        ] Transforming FastInfoset-1.2.16.jar (com.sun.xml.fastinfoset:FastInfoset:1.2.16) with InstrumentationAnalysisTransform
[        ] Transforming FastInfoset-1.2.16.jar (com.sun.xml.fastinfoset:FastInfoset:1.2.16) with MergeInstrumentationAnalysisTransform
[        ] Transforming jakarta.activation-api-1.2.1.jar (jakarta.activation:jakarta.activation-api:1.2.1) with InstrumentationAnalysisTransform
[        ] Transforming istack-commons-runtime-3.0.8.jar (com.sun.istack:istack-commons-runtime:3.0.8) with ExternalDependencyInstrumentingArtifactTransform
[        ] Transforming jakarta.activation-api-1.2.1.jar (jakarta.activation:jakarta.activation-api:1.2.1) with MergeInstrumentationAnalysisTransform
[        ] Transforming auto-value-annotations-1.6.2.jar (com.google.auto.value:auto-value-annotations:1.6.2) with InstrumentationAnalysisTransform
[        ] Transforming FastInfoset-1.2.16.jar (com.sun.xml.fastinfoset:FastInfoset:1.2.16) with ExternalDependencyInstrumentingArtifactTransform
[        ] Transforming auto-value-annotations-1.6.2.jar (com.google.auto.value:auto-value-annotations:1.6.2) with MergeInstrumentationAnalysisTransform
[        ] Transforming error_prone_annotations-2.18.0.jar (com.google.errorprone:error_prone_annotations:2.18.0) with InstrumentationAnalysisTransform
[        ] Transforming error_prone_annotations-2.18.0.jar (com.google.errorprone:error_prone_annotations:2.18.0) with MergeInstrumentationAnalysisTransform
[        ] Transforming jose4j-0.9.5.jar (org.bitbucket.b_c:jose4j:0.9.5) with InstrumentationAnalysisTransform
[        ] Transforming auto-value-annotations-1.6.2.jar (com.google.auto.value:auto-value-annotations:1.6.2) with ExternalDependencyInstrumentingArtifactTransform
[        ] Transforming jose4j-0.9.5.jar (org.bitbucket.b_c:jose4j:0.9.5) with MergeInstrumentationAnalysisTransform
[        ] Transforming jakarta.activation-api-1.2.1.jar (jakarta.activation:jakarta.activation-api:1.2.1) with ExternalDependencyInstrumentingArtifactTransform
[        ] Transforming slf4j-api-1.7.30.jar (org.slf4j:slf4j-api:1.7.30) with InstrumentationAnalysisTransform
[        ] Transforming error_prone_annotations-2.18.0.jar (com.google.errorprone:error_prone_annotations:2.18.0) with ExternalDependencyInstrumentingArtifactTransform
[        ] Transforming slf4j-api-1.7.30.jar (org.slf4j:slf4j-api:1.7.30) with MergeInstrumentationAnalysisTransform
[        ] Transforming jose4j-0.9.5.jar (org.bitbucket.b_c:jose4j:0.9.5) with ExternalDependencyInstrumentingArtifactTransform
[        ] Transforming jdom2-2.0.6.jar (org.jdom:jdom2:2.0.6) with InstrumentationAnalysisTransform
[        ] Transforming jdom2-2.0.6.jar (org.jdom:jdom2:2.0.6) with MergeInstrumentationAnalysisTransform
[        ] Transforming jsr305-3.0.2.jar (com.google.code.findbugs:jsr305:3.0.2) with InstrumentationAnalysisTransform
[        ] Transforming slf4j-api-1.7.30.jar (org.slf4j:slf4j-api:1.7.30) with ExternalDependencyInstrumentingArtifactTransform
[        ] Transforming jsr305-3.0.2.jar (com.google.code.findbugs:jsr305:3.0.2) with MergeInstrumentationAnalysisTransform
[        ] Transforming jdom2-2.0.6.jar (org.jdom:jdom2:2.0.6) with ExternalDependencyInstrumentingArtifactTransform
[        ] Transforming j2objc-annotations-2.8.jar (com.google.j2objc:j2objc-annotations:2.8) with InstrumentationAnalysisTransform
[        ] Transforming j2objc-annotations-2.8.jar (com.google.j2objc:j2objc-annotations:2.8) with MergeInstrumentationAnalysisTransform
[        ] Transforming jsr305-3.0.2.jar (com.google.code.findbugs:jsr305:3.0.2) with ExternalDependencyInstrumentingArtifactTransform
[        ] Transforming annotations-4.1.1.4.jar (com.google.android:annotations:4.1.1.4) with InstrumentationAnalysisTransform
[        ] Transforming annotations-4.1.1.4.jar (com.google.android:annotations:4.1.1.4) with MergeInstrumentationAnalysisTransform
[        ] Transforming animal-sniffer-annotations-1.23.jar (org.codehaus.mojo:animal-sniffer-annotations:1.23) with InstrumentationAnalysisTransform
[        ] Transforming j2objc-annotations-2.8.jar (com.google.j2objc:j2objc-annotations:2.8) with ExternalDependencyInstrumentingArtifactTransform
[        ] Transforming animal-sniffer-annotations-1.23.jar (org.codehaus.mojo:animal-sniffer-annotations:1.23) with MergeInstrumentationAnalysisTransform
[        ] Transforming annotations-4.1.1.4.jar (com.google.android:annotations:4.1.1.4) with ExternalDependencyInstrumentingArtifactTransform
[        ] Transforming perfmark-api-0.26.0.jar (io.perfmark:perfmark-api:0.26.0) with InstrumentationAnalysisTransform
[        ] Transforming perfmark-api-0.26.0.jar (io.perfmark:perfmark-api:0.26.0) with MergeInstrumentationAnalysisTransform
[        ] Transforming animal-sniffer-annotations-1.23.jar (org.codehaus.mojo:animal-sniffer-annotations:1.23) with ExternalDependencyInstrumentingArtifactTransform
[        ] Transforming netty-codec-http2-4.1.93.Final.jar (io.netty:netty-codec-http2:4.1.93.Final) with InstrumentationAnalysisTransform
[        ] Transforming perfmark-api-0.26.0.jar (io.perfmark:perfmark-api:0.26.0) with ExternalDependencyInstrumentingArtifactTransform
[        ] Transforming netty-codec-http2-4.1.93.Final.jar (io.netty:netty-codec-http2:4.1.93.Final) with MergeInstrumentationAnalysisTransform
[        ] Transforming netty-handler-proxy-4.1.93.Final.jar (io.netty:netty-handler-proxy:4.1.93.Final) with InstrumentationAnalysisTransform
[        ] Transforming netty-handler-proxy-4.1.93.Final.jar (io.netty:netty-handler-proxy:4.1.93.Final) with MergeInstrumentationAnalysisTransform
[        ] Transforming netty-codec-http-4.1.93.Final.jar (io.netty:netty-codec-http:4.1.93.Final) with InstrumentationAnalysisTransform
[        ] Transforming netty-codec-http-4.1.93.Final.jar (io.netty:netty-codec-http:4.1.93.Final) with MergeInstrumentationAnalysisTransform
[        ] Transforming netty-handler-4.1.93.Final.jar (io.netty:netty-handler:4.1.93.Final) with InstrumentationAnalysisTransform
[        ] Transforming netty-codec-http2-4.1.93.Final.jar (io.netty:netty-codec-http2:4.1.93.Final) with ExternalDependencyInstrumentingArtifactTransform
[        ] Transforming netty-handler-4.1.93.Final.jar (io.netty:netty-handler:4.1.93.Final) with MergeInstrumentationAnalysisTransform
[        ] Transforming netty-transport-native-unix-common-4.1.93.Final.jar (io.netty:netty-transport-native-unix-common:4.1.93.Final) with InstrumentationAnalysisTransform
[        ] Transforming netty-transport-native-unix-common-4.1.93.Final.jar (io.netty:netty-transport-native-unix-common:4.1.93.Final) with MergeInstrumentationAnalysisTransform
[        ] Transforming checker-qual-3.33.0.jar (org.checkerframework:checker-qual:3.33.0) with InstrumentationAnalysisTransform
[        ] Transforming netty-handler-proxy-4.1.93.Final.jar (io.netty:netty-handler-proxy:4.1.93.Final) with ExternalDependencyInstrumentingArtifactTransform
[        ] Transforming netty-transport-native-unix-common-4.1.93.Final.jar (io.netty:netty-transport-native-unix-common:4.1.93.Final) with ExternalDependencyInstrumentingArtifactTransform
[        ] Transforming checker-qual-3.33.0.jar (org.checkerframework:checker-qual:3.33.0) with MergeInstrumentationAnalysisTransform
[        ] Transforming netty-codec-http-4.1.93.Final.jar (io.netty:netty-codec-http:4.1.93.Final) with ExternalDependencyInstrumentingArtifactTransform
[        ] Transforming netty-handler-4.1.93.Final.jar (io.netty:netty-handler:4.1.93.Final) with ExternalDependencyInstrumentingArtifactTransform
[        ] Transforming checker-qual-3.33.0.jar (org.checkerframework:checker-qual:3.33.0) with ExternalDependencyInstrumentingArtifactTransform
[        ] Transforming commons-codec-1.11.jar (commons-codec:commons-codec:1.11) with InstrumentationAnalysisTransform
[        ] Transforming commons-codec-1.11.jar (commons-codec:commons-codec:1.11) with MergeInstrumentationAnalysisTransform
[        ] Transforming apksig-8.5.1.jar (com.android.tools.build:apksig:8.5.1) with InstrumentationAnalysisTransform
[        ] Transforming apksig-8.5.1.jar (com.android.tools.build:apksig:8.5.1) with MergeInstrumentationAnalysisTransform
[        ] Transforming javawriter-2.5.0.jar (com.squareup:javawriter:2.5.0) with InstrumentationAnalysisTransform
[        ] Transforming javawriter-2.5.0.jar (com.squareup:javawriter:2.5.0) with MergeInstrumentationAnalysisTransform
[        ] Transforming failureaccess-1.0.1.jar (com.google.guava:failureaccess:1.0.1) with InstrumentationAnalysisTransform
[        ] Transforming commons-codec-1.11.jar (commons-codec:commons-codec:1.11) with ExternalDependencyInstrumentingArtifactTransform
[        ] Transforming apksig-8.5.1.jar (com.android.tools.build:apksig:8.5.1) with ExternalDependencyInstrumentingArtifactTransform
[        ] Transforming javawriter-2.5.0.jar (com.squareup:javawriter:2.5.0) with ExternalDependencyInstrumentingArtifactTransform
[        ] Transforming failureaccess-1.0.1.jar (com.google.guava:failureaccess:1.0.1) with MergeInstrumentationAnalysisTransform
[        ] Transforming listenablefuture-9999.0-empty-to-avoid-conflict-with-guava.jar (com.google.guava:listenablefuture:9999.0-empty-to-avoid-conflict-with-guava) with InstrumentationAnalysisTransform
[        ] Transforming listenablefuture-9999.0-empty-to-avoid-conflict-with-guava.jar (com.google.guava:listenablefuture:9999.0-empty-to-avoid-conflict-with-guava) with MergeInstrumentationAnalysisTransform
[        ] Transforming failureaccess-1.0.1.jar (com.google.guava:failureaccess:1.0.1) with ExternalDependencyInstrumentingArtifactTransform
[        ] Transforming commons-logging-1.2.jar (commons-logging:commons-logging:1.2) with InstrumentationAnalysisTransform
[        ] Transforming commons-logging-1.2.jar (commons-logging:commons-logging:1.2) with MergeInstrumentationAnalysisTransform
[        ] Transforming jna-5.6.0.jar (net.java.dev.jna:jna:5.6.0) with InstrumentationAnalysisTransform
[        ] Transforming listenablefuture-9999.0-empty-to-avoid-conflict-with-guava.jar (com.google.guava:listenablefuture:9999.0-empty-to-avoid-conflict-with-guava) with ExternalDependencyInstrumentingArtifactTransform
[        ] Transforming jna-5.6.0.jar (net.java.dev.jna:jna:5.6.0) with MergeInstrumentationAnalysisTransform
[        ] Transforming commons-logging-1.2.jar (commons-logging:commons-logging:1.2) with ExternalDependencyInstrumentingArtifactTransform
[        ] Transforming netty-codec-socks-4.1.93.Final.jar (io.netty:netty-codec-socks:4.1.93.Final) with InstrumentationAnalysisTransform
[        ] Transforming netty-codec-socks-4.1.93.Final.jar (io.netty:netty-codec-socks:4.1.93.Final) with MergeInstrumentationAnalysisTransform
[        ] Transforming jna-5.6.0.jar (net.java.dev.jna:jna:5.6.0) with ExternalDependencyInstrumentingArtifactTransform
[        ] Transforming netty-codec-4.1.93.Final.jar (io.netty:netty-codec:4.1.93.Final) with InstrumentationAnalysisTransform
[        ] Transforming netty-codec-4.1.93.Final.jar (io.netty:netty-codec:4.1.93.Final) with MergeInstrumentationAnalysisTransform
[        ] Transforming netty-codec-socks-4.1.93.Final.jar (io.netty:netty-codec-socks:4.1.93.Final) with ExternalDependencyInstrumentingArtifactTransform
[        ] Transforming netty-transport-4.1.93.Final.jar (io.netty:netty-transport:4.1.93.Final) with InstrumentationAnalysisTransform
[        ] Transforming netty-codec-4.1.93.Final.jar (io.netty:netty-codec:4.1.93.Final) with ExternalDependencyInstrumentingArtifactTransform
[        ] Transforming netty-transport-4.1.93.Final.jar (io.netty:netty-transport:4.1.93.Final) with MergeInstrumentationAnalysisTransform
[        ] Transforming netty-buffer-4.1.93.Final.jar (io.netty:netty-buffer:4.1.93.Final) with InstrumentationAnalysisTransform
[        ] Transforming netty-buffer-4.1.93.Final.jar (io.netty:netty-buffer:4.1.93.Final) with MergeInstrumentationAnalysisTransform
[        ] Transforming netty-resolver-4.1.93.Final.jar (io.netty:netty-resolver:4.1.93.Final) with InstrumentationAnalysisTransform
[        ] Transforming netty-resolver-4.1.93.Final.jar (io.netty:netty-resolver:4.1.93.Final) with MergeInstrumentationAnalysisTransform
[        ] Transforming netty-transport-4.1.93.Final.jar (io.netty:netty-transport:4.1.93.Final) with ExternalDependencyInstrumentingArtifactTransform
[        ] Transforming netty-common-4.1.93.Final.jar (io.netty:netty-common:4.1.93.Final) with InstrumentationAnalysisTransform
[        ] Transforming netty-buffer-4.1.93.Final.jar (io.netty:netty-buffer:4.1.93.Final) with ExternalDependencyInstrumentingArtifactTransform
[        ] Transforming netty-resolver-4.1.93.Final.jar (io.netty:netty-resolver:4.1.93.Final) with ExternalDependencyInstrumentingArtifactTransform
[        ] Transforming netty-common-4.1.93.Final.jar (io.netty:netty-common:4.1.93.Final) with MergeInstrumentationAnalysisTransform
[        ] Transforming netty-common-4.1.93.Final.jar (io.netty:netty-common:4.1.93.Final) with ExternalDependencyInstrumentingArtifactTransform
[        ] Build was configured to prefer settings repositories over project repositories but repository 'Google4' was added by build file 'C:\Users\jakao\AppData\Local\Pub\Cache\hosted\pub.dev\flutter_plugin_android_lifecycle-2.0.28\android\build.gradle'
[        ] Build was configured to prefer settings repositories over project repositories but repository 'MavenRepo4' was added by build file 'C:\Users\jakao\AppData\Local\Pub\Cache\hosted\pub.dev\flutter_plugin_android_lifecycle-2.0.28\android\build.gradle'
[        ] Build was configured to prefer settings repositories over project repositories but repository 'Google4' was added by build file 'C:\Users\jakao\AppData\Local\Pub\Cache\hosted\pub.dev\flutter_plugin_android_lifecycle-2.0.28\android\build.gradle'
[        ] Build was configured to prefer settings repositories over project repositories but repository 'MavenRepo4' was added by build file 'C:\Users\jakao\AppData\Local\Pub\Cache\hosted\pub.dev\flutter_plugin_android_lifecycle-2.0.28\android\build.gradle'
[        ] Build was configured to prefer settings repositories over project repositories but repository 'Google4' was added by build file 'C:\Users\jakao\AppData\Local\Pub\Cache\hosted\pub.dev\flutter_plugin_android_lifecycle-2.0.28\android\build.gradle'
[        ] Build was configured to prefer settings repositories over project repositories but repository 'MavenRepo4' was added by build file 'C:\Users\jakao\AppData\Local\Pub\Cache\hosted\pub.dev\flutter_plugin_android_lifecycle-2.0.28\android\build.gradle'
[        ] Build was configured to prefer settings repositories over project repositories but repository 'Google4' was added by build file 'C:\Users\jakao\AppData\Local\Pub\Cache\hosted\pub.dev\flutter_plugin_android_lifecycle-2.0.28\android\build.gradle'
[        ] Build was configured to prefer settings repositories over project repositories but repository 'MavenRepo4' was added by build file 'C:\Users\jakao\AppData\Local\Pub\Cache\hosted\pub.dev\flutter_plugin_android_lifecycle-2.0.28\android\build.gradle'
[        ] Build was configured to prefer settings repositories over project repositories but repository 'Google4' was added by build file 'C:\Users\jakao\AppData\Local\Pub\Cache\hosted\pub.dev\flutter_plugin_android_lifecycle-2.0.28\android\build.gradle'
[        ] Build was configured to prefer settings repositories over project repositories but repository 'MavenRepo4' was added by build file 'C:\Users\jakao\AppData\Local\Pub\Cache\hosted\pub.dev\flutter_plugin_android_lifecycle-2.0.28\android\build.gradle'
[        ] Build was configured to prefer settings repositories over project repositories but repository 'Google4' was added by build file 'C:\Users\jakao\AppData\Local\Pub\Cache\hosted\pub.dev\flutter_plugin_android_lifecycle-2.0.28\android\build.gradle'
[        ] Build was configured to prefer settings repositories over project repositories but repository 'MavenRepo4' was added by build file 'C:\Users\jakao\AppData\Local\Pub\Cache\hosted\pub.dev\flutter_plugin_android_lifecycle-2.0.28\android\build.gradle'
[        ] Build was configured to prefer settings repositories over project repositories but repository 'Google4' was added by build file 'C:\Users\jakao\AppData\Local\Pub\Cache\hosted\pub.dev\flutter_plugin_android_lifecycle-2.0.28\android\build.gradle'
[        ] Build was configured to prefer settings repositories over project repositories but repository 'MavenRepo4' was added by build file 'C:\Users\jakao\AppData\Local\Pub\Cache\hosted\pub.dev\flutter_plugin_android_lifecycle-2.0.28\android\build.gradle'
[        ] Build was configured to prefer settings repositories over project repositories but repository 'Google4' was added by build file 'C:\Users\jakao\AppData\Local\Pub\Cache\hosted\pub.dev\flutter_plugin_android_lifecycle-2.0.28\android\build.gradle'
[        ] Build was configured to prefer settings repositories over project repositories but repository 'MavenRepo4' was added by build file 'C:\Users\jakao\AppData\Local\Pub\Cache\hosted\pub.dev\flutter_plugin_android_lifecycle-2.0.28\android\build.gradle'
[        ] Build was configured to prefer settings repositories over project repositories but repository 'Google4' was added by build file 'C:\Users\jakao\AppData\Local\Pub\Cache\hosted\pub.dev\flutter_plugin_android_lifecycle-2.0.28\android\build.gradle'
[        ] Build was configured to prefer settings repositories over project repositories but repository 'MavenRepo4' was added by build file 'C:\Users\jakao\AppData\Local\Pub\Cache\hosted\pub.dev\flutter_plugin_android_lifecycle-2.0.28\android\build.gradle'
[        ] Build was configured to prefer settings repositories over project repositories but repository 'Google4' was added by build file 'C:\Users\jakao\AppData\Local\Pub\Cache\hosted\pub.dev\flutter_plugin_android_lifecycle-2.0.28\android\build.gradle'
[        ] Build was configured to prefer settings repositories over project repositories but repository 'MavenRepo4' was added by build file 'C:\Users\jakao\AppData\Local\Pub\Cache\hosted\pub.dev\flutter_plugin_android_lifecycle-2.0.28\android\build.gradle'
[        ] Build was configured to prefer settings repositories over project repositories but repository 'Google4' was added by build file 'C:\Users\jakao\AppData\Local\Pub\Cache\hosted\pub.dev\flutter_plugin_android_lifecycle-2.0.28\android\build.gradle'
[        ] Build was configured to prefer settings repositories over project repositories but repository 'MavenRepo4' was added by build file 'C:\Users\jakao\AppData\Local\Pub\Cache\hosted\pub.dev\flutter_plugin_android_lifecycle-2.0.28\android\build.gradle'
[        ] Build was configured to prefer settings repositories over project repositories but repository 'Google4' was added by build file 'C:\Users\jakao\AppData\Local\Pub\Cache\hosted\pub.dev\flutter_plugin_android_lifecycle-2.0.28\android\build.gradle'
[        ] Build was configured to prefer settings repositories over project repositories but repository 'MavenRepo4' was added by build file 'C:\Users\jakao\AppData\Local\Pub\Cache\hosted\pub.dev\flutter_plugin_android_lifecycle-2.0.28\android\build.gradle'
[        ] Build was configured to prefer settings repositories over project repositories but repository 'Google4' was added by build file 'C:\Users\jakao\AppData\Local\Pub\Cache\hosted\pub.dev\flutter_plugin_android_lifecycle-2.0.28\android\build.gradle'
[        ] Build was configured to prefer settings repositories over project repositories but repository 'MavenRepo4' was added by build file 'C:\Users\jakao\AppData\Local\Pub\Cache\hosted\pub.dev\flutter_plugin_android_lifecycle-2.0.28\android\build.gradle'
[        ] Build was configured to prefer settings repositories over project repositories but repository 'Google4' was added by build file 'C:\Users\jakao\AppData\Local\Pub\Cache\hosted\pub.dev\flutter_plugin_android_lifecycle-2.0.28\android\build.gradle'
[        ] Build was configured to prefer settings repositories over project repositories but repository 'MavenRepo4' was added by build file 'C:\Users\jakao\AppData\Local\Pub\Cache\hosted\pub.dev\flutter_plugin_android_lifecycle-2.0.28\android\build.gradle'
[        ] Build was configured to prefer settings repositories over project repositories but repository 'Google4' was added by build file 'C:\Users\jakao\AppData\Local\Pub\Cache\hosted\pub.dev\flutter_plugin_android_lifecycle-2.0.28\android\build.gradle'
[        ] Build was configured to prefer settings repositories over project repositories but repository 'MavenRepo4' was added by build file 'C:\Users\jakao\AppData\Local\Pub\Cache\hosted\pub.dev\flutter_plugin_android_lifecycle-2.0.28\android\build.gradle'
[        ] Using default execution profile
[  +60 ms] > Configure project :image_picker_android
[        ] Evaluating project ':image_picker_android' using build file 'C:\Users\jakao\AppData\Local\Pub\Cache\hosted\pub.dev\image_picker_android-0.8.12+23\android\build.gradle'.
[        ] Transforming gradle-8.5.1.jar (com.android.tools.build:gradle:8.5.1) with InstrumentationAnalysisTransform
[        ] Transforming gradle-settings-api-8.5.1.jar (com.android.tools.build:gradle-settings-api:8.5.1) with InstrumentationAnalysisTransform
[        ] Transforming lint-model-31.5.1.jar (com.android.tools.lint:lint-model:31.5.1) with InstrumentationAnalysisTransform
[        ] Transforming builder-8.5.1.jar (com.android.tools.build:builder:8.5.1) with InstrumentationAnalysisTransform
[        ] Transforming manifest-merger-31.5.1.jar (com.android.tools.build:manifest-merger:31.5.1) with InstrumentationAnalysisTransform
[        ] Transforming sdk-common-31.5.1.jar (com.android.tools:sdk-common:31.5.1) with InstrumentationAnalysisTransform
[        ] Transforming sdklib-31.5.1.jar (com.android.tools:sdklib:31.5.1) with InstrumentationAnalysisTransform
[        ] Transforming repository-31.5.1.jar (com.android.tools:repository:31.5.1) with InstrumentationAnalysisTransform
[        ] Transforming gradle-api-8.5.1.jar (com.android.tools.build:gradle-api:8.5.1) with InstrumentationAnalysisTransform
[        ] Transforming builder-test-api-8.5.1.jar (com.android.tools.build:builder-test-api:8.5.1) with InstrumentationAnalysisTransform
[        ] Transforming ddmlib-31.5.1.jar (com.android.tools.ddms:ddmlib:31.5.1) with InstrumentationAnalysisTransform
[        ] Transforming aaptcompiler-8.5.1.jar (com.android.tools.build:aaptcompiler:8.5.1) with InstrumentationAnalysisTransform
[        ] Transforming bundletool-1.16.0.jar (com.android.tools.build:bundletool:1.16.0) with InstrumentationAnalysisTransform
[        ] Transforming aapt2-proto-8.5.1-11315950.jar (com.android.tools.build:aapt2-proto:8.5.1-11315950) with InstrumentationAnalysisTransform
[        ] Transforming crash-31.5.1.jar (com.android.tools.analytics-library:crash:31.5.1) with InstrumentationAnalysisTransform
[        ] Transforming tracker-31.5.1.jar (com.android.tools.analytics-library:tracker:31.5.1) with InstrumentationAnalysisTransform
[        ] Transforming shared-31.5.1.jar (com.android.tools.analytics-library:shared:31.5.1) with InstrumentationAnalysisTransform
[        ] Transforming lint-typedef-remover-31.5.1.jar (com.android.tools.lint:lint-typedef-remover:31.5.1) with InstrumentationAnalysisTransform
[   +2 ms] Transforming databinding-compiler-common-8.5.1.jar (androidx.databinding:databinding-compiler-common:8.5.1) with InstrumentationAnalysisTransform
[        ] Transforming databinding-common-8.5.1.jar (androidx.databinding:databinding-common:8.5.1) with InstrumentationAnalysisTransform
[        ] Transforming baseLibrary-8.5.1.jar (com.android.databinding:baseLibrary:8.5.1) with InstrumentationAnalysisTransform
[        ] Transforming layoutlib-api-31.5.1.jar (com.android.tools.layoutlib:layoutlib-api:31.5.1) with InstrumentationAnalysisTransform
[        ] Transforming android-device-provider-ddmlib-proto-31.5.1.jar (com.android.tools.utp:android-device-provider-ddmlib-proto:31.5.1) with InstrumentationAnalysisTransform
[        ] Transforming android-device-provider-gradle-proto-31.5.1.jar (com.android.tools.utp:android-device-provider-gradle-proto:31.5.1) with InstrumentationAnalysisTransform
[        ] Transforming android-test-plugin-host-additional-test-output-proto-31.5.1.jar (com.android.tools.utp:android-test-plugin-host-additional-test-output-proto:31.5.1) with InstrumentationAnalysisTransform
[        ] Transforming android-test-plugin-host-coverage-proto-31.5.1.jar (com.android.tools.utp:android-test-plugin-host-coverage-proto:31.5.1) with InstrumentationAnalysisTransform
[        ] Transforming android-test-plugin-host-emulator-control-proto-31.5.1.jar (com.android.tools.utp:android-test-plugin-host-emulator-control-proto:31.5.1) with InstrumentationAnalysisTransform
[        ] Transforming android-test-plugin-host-logcat-proto-31.5.1.jar (com.android.tools.utp:android-test-plugin-host-logcat-proto:31.5.1) with InstrumentationAnalysisTransform
[        ] Transforming android-test-plugin-host-apk-installer-proto-31.5.1.jar (com.android.tools.utp:android-test-plugin-host-apk-installer-proto:31.5.1) with InstrumentationAnalysisTransform
[        ] Transforming android-test-plugin-host-retention-proto-31.5.1.jar (com.android.tools.utp:android-test-plugin-host-retention-proto:31.5.1) with InstrumentationAnalysisTransform
[        ] Transforming android-test-plugin-result-listener-gradle-proto-31.5.1.jar (com.android.tools.utp:android-test-plugin-result-listener-gradle-proto:31.5.1) with InstrumentationAnalysisTransform
[        ] Transforming builder-model-8.5.1.jar (com.android.tools.build:builder-model:8.5.1) with InstrumentationAnalysisTransform
[        ] Transforming dvlib-31.5.1.jar (com.android.tools:dvlib:31.5.1) with InstrumentationAnalysisTransform
[        ] Transforming common-31.5.1.jar (com.android.tools:common:31.5.1) with InstrumentationAnalysisTransform
[        ] Transforming jetifier-processor-1.0.0-beta10.jar (com.android.tools.build.jetifier:jetifier-processor:1.0.0-beta10) with InstrumentationAnalysisTransform
[        ] Transforming jetifier-core-1.0.0-beta10.jar (com.android.tools.build.jetifier:jetifier-core:1.0.0-beta10) with InstrumentationAnalysisTransform
[        ] Transforming kotlin-reflect-1.9.20.jar (org.jetbrains.kotlin:kotlin-reflect:1.9.20) with InstrumentationAnalysisTransform
[        ] Transforming kotlin-stdlib-jdk7-1.9.20.jar (org.jetbrains.kotlin:kotlin-stdlib-jdk7:1.9.20) with InstrumentationAnalysisTransform
[        ] Transforming kotlin-stdlib-1.9.20.jar (org.jetbrains.kotlin:kotlin-stdlib:1.9.20) with InstrumentationAnalysisTransform
[        ] Transforming kotlin-stdlib-jdk8-1.9.20.jar (org.jetbrains.kotlin:kotlin-stdlib-jdk8:1.9.20) with InstrumentationAnalysisTransform
[        ] Transforming transform-api-2.0.0-deprecated-use-gradle-api.jar (com.android.tools.build:transform-api:2.0.0-deprecated-use-gradle-api) with InstrumentationAnalysisTransform
[        ] Transforming httpmime-4.5.6.jar (org.apache.httpcomponents:httpmime:4.5.6) with InstrumentationAnalysisTransform
[        ] Transforming commons-io-2.13.0.jar (commons-io:commons-io:2.13.0) with InstrumentationAnalysisTransform
[        ] Transforming asm-commons-9.6.jar (org.ow2.asm:asm-commons:9.6) with InstrumentationAnalysisTransform
[        ] Transforming asm-util-9.6.jar (org.ow2.asm:asm-util:9.6) with InstrumentationAnalysisTransform
[        ] Transforming asm-analysis-9.6.jar (org.ow2.asm:asm-analysis:9.6) with InstrumentationAnalysisTransform
[        ] Transforming asm-tree-9.6.jar (org.ow2.asm:asm-tree:9.6) with InstrumentationAnalysisTransform
[        ] Transforming asm-9.6.jar (org.ow2.asm:asm:9.6) with InstrumentationAnalysisTransform
[        ] Transforming apkzlib-8.5.1.jar (com.android.tools.build:apkzlib:8.5.1) with InstrumentationAnalysisTransform
[        ] Transforming bcpkix-jdk18on-1.77.jar (org.bouncycastle:bcpkix-jdk18on:1.77) with InstrumentationAnalysisTransform
[        ] Transforming jaxb-runtime-2.3.2.jar (org.glassfish.jaxb:jaxb-runtime:2.3.2) with InstrumentationAnalysisTransform
[        ] Transforming jopt-simple-4.9.jar (net.sf.jopt-simple:jopt-simple:4.9) with InstrumentationAnalysisTransform
[        ] Transforming javapoet-1.10.0.jar (com.squareup:javapoet:1.10.0) with InstrumentationAnalysisTransform
[        ] Transforming protobuf-java-util-3.22.3.jar (com.google.protobuf:protobuf-java-util:3.22.3) with InstrumentationAnalysisTransform
[        ] Transforming grpc-protobuf-1.57.0.jar (io.grpc:grpc-protobuf:1.57.0) with InstrumentationAnalysisTransform
[        ] Transforming tink-1.7.0.jar (com.google.crypto.tink:tink:1.7.0) with InstrumentationAnalysisTransform
[        ] Transforming protos-31.5.1.jar (com.android.tools.analytics-library:protos:31.5.1) with InstrumentationAnalysisTransform
[        ] Transforming proto-google-common-protos-2.17.0.jar (com.google.api.grpc:proto-google-common-protos:2.17.0) with InstrumentationAnalysisTransform
[        ] Transforming protobuf-java-3.22.3.jar (com.google.protobuf:protobuf-java:3.22.3) with InstrumentationAnalysisTransform
[        ] Transforming grpc-netty-1.57.0.jar (io.grpc:grpc-netty:1.57.0) with InstrumentationAnalysisTransform
[        ] Transforming grpc-core-1.57.0.jar (io.grpc:grpc-core:1.57.0) with InstrumentationAnalysisTransform
[        ] Transforming gson-2.10.1.jar (com.google.code.gson:gson:2.10.1) with InstrumentationAnalysisTransform
[        ] Transforming grpc-stub-1.57.0.jar (io.grpc:grpc-stub:1.57.0) with InstrumentationAnalysisTransform
[        ] Transforming core-proto-0.0.9-alpha02.jar (com.google.testing.platform:core-proto:0.0.9-alpha02) with InstrumentationAnalysisTransform
[        ] Transforming kxml2-2.3.0.jar (net.sf.kxml:kxml2:2.3.0) with InstrumentationAnalysisTransform
[        ] Transforming tensorflow-lite-metadata-0.1.0-rc2.jar (org.tensorflow:tensorflow-lite-metadata:0.1.0-rc2) with InstrumentationAnalysisTransform
[        ] Transforming flatbuffers-java-1.12.0.jar (com.google.flatbuffers:flatbuffers-java:1.12.0) with InstrumentationAnalysisTransform
[        ] Transforming jimfs-1.1.jar (com.google.jimfs:jimfs:1.1) with InstrumentationAnalysisTransform
[        ] Transforming grpc-context-1.57.0.jar (io.grpc:grpc-context:1.57.0) with InstrumentationAnalysisTransform
[        ] Transforming grpc-protobuf-lite-1.57.0.jar (io.grpc:grpc-protobuf-lite:1.57.0) with InstrumentationAnalysisTransform
[        ] Transforming grpc-api-1.57.0.jar (io.grpc:grpc-api:1.57.0) with InstrumentationAnalysisTransform
[        ] Transforming guava-32.0.1-jre.jar (com.google.guava:guava:32.0.1-jre) with InstrumentationAnalysisTransform
[        ] Transforming dagger-2.28.3.jar (com.google.dagger:dagger:2.28.3) with InstrumentationAnalysisTransform
[        ] Transforming javax.inject-1.jar (javax.inject:javax.inject:1) with InstrumentationAnalysisTransform
[        ] Transforming bcutil-jdk18on-1.77.jar (org.bouncycastle:bcutil-jdk18on:1.77) with InstrumentationAnalysisTransform
[        ] Transforming bcprov-jdk18on-1.77.jar (org.bouncycastle:bcprov-jdk18on:1.77) with InstrumentationAnalysisTransform
[        ] Transforming trove4j-1.0.20200330.jar (org.jetbrains.intellij.deps:trove4j:1.0.20200330) with InstrumentationAnalysisTransform
[        ] Transforming commons-compress-1.21.jar (org.apache.commons:commons-compress:1.21) with InstrumentationAnalysisTransform
[        ] Transforming httpclient-4.5.14.jar (org.apache.httpcomponents:httpclient:4.5.14) with InstrumentationAnalysisTransform
[        ] Transforming httpcore-4.4.16.jar (org.apache.httpcomponents:httpcore:4.4.16) with InstrumentationAnalysisTransform
[        ] Transforming javax.activation-1.2.0.jar (com.sun.activation:javax.activation:1.2.0) with InstrumentationAnalysisTransform
[        ] Transforming annotations-23.0.0.jar (org.jetbrains:annotations:23.0.0) with InstrumentationAnalysisTransform
[        ] Transforming signflinger-8.5.1.jar (com.android:signflinger:8.5.1) with InstrumentationAnalysisTransform
[        ] Transforming zipflinger-8.5.1.jar (com.android:zipflinger:8.5.1) with InstrumentationAnalysisTransform
[        ] Transforming annotations-31.5.1.jar (com.android.tools:annotations:31.5.1) with InstrumentationAnalysisTransform
[        ] Transforming jna-platform-5.6.0.jar (net.java.dev.jna:jna-platform:5.6.0) with InstrumentationAnalysisTransform
[        ] Transforming juniversalchardet-1.0.3.jar (com.googlecode.juniversalchardet:juniversalchardet:1.0.3) with InstrumentationAnalysisTransform
[        ] Transforming javax.annotation-api-1.3.2.jar (javax.annotation:javax.annotation-api:1.3.2) with InstrumentationAnalysisTransform
[        ] Transforming stax-ex-1.8.1.jar (org.jvnet.staxex:stax-ex:1.8.1) with InstrumentationAnalysisTransform
[        ] Transforming jakarta.xml.bind-api-2.3.2.jar (jakarta.xml.bind:jakarta.xml.bind-api:2.3.2) with InstrumentationAnalysisTransform
[        ] Transforming txw2-2.3.2.jar (org.glassfish.jaxb:txw2:2.3.2) with InstrumentationAnalysisTransform
[        ] Transforming istack-commons-runtime-3.0.8.jar (com.sun.istack:istack-commons-runtime:3.0.8) with InstrumentationAnalysisTransform
[        ] Transforming FastInfoset-1.2.16.jar (com.sun.xml.fastinfoset:FastInfoset:1.2.16) with InstrumentationAnalysisTransform
[        ] Transforming jakarta.activation-api-1.2.1.jar (jakarta.activation:jakarta.activation-api:1.2.1) with InstrumentationAnalysisTransform
[        ] Transforming auto-value-annotations-1.6.2.jar (com.google.auto.value:auto-value-annotations:1.6.2) with InstrumentationAnalysisTransform
[        ] Transforming error_prone_annotations-2.18.0.jar (com.google.errorprone:error_prone_annotations:2.18.0) with InstrumentationAnalysisTransform
[        ] Transforming jose4j-0.9.5.jar (org.bitbucket.b_c:jose4j:0.9.5) with InstrumentationAnalysisTransform
[        ] Transforming slf4j-api-1.7.30.jar (org.slf4j:slf4j-api:1.7.30) with InstrumentationAnalysisTransform
[        ] Transforming jdom2-2.0.6.jar (org.jdom:jdom2:2.0.6) with InstrumentationAnalysisTransform
[        ] Transforming jsr305-3.0.2.jar (com.google.code.findbugs:jsr305:3.0.2) with InstrumentationAnalysisTransform
[        ] Transforming j2objc-annotations-2.8.jar (com.google.j2objc:j2objc-annotations:2.8) with InstrumentationAnalysisTransform
[        ] Transforming annotations-4.1.1.4.jar (com.google.android:annotations:4.1.1.4) with InstrumentationAnalysisTransform
[        ] Transforming animal-sniffer-annotations-1.23.jar (org.codehaus.mojo:animal-sniffer-annotations:1.23) with InstrumentationAnalysisTransform
[        ] Transforming perfmark-api-0.26.0.jar (io.perfmark:perfmark-api:0.26.0) with InstrumentationAnalysisTransform
[        ] Transforming netty-codec-http2-4.1.93.Final.jar (io.netty:netty-codec-http2:4.1.93.Final) with InstrumentationAnalysisTransform
[        ] Transforming netty-handler-proxy-4.1.93.Final.jar (io.netty:netty-handler-proxy:4.1.93.Final) with InstrumentationAnalysisTransform
[        ] Transforming netty-codec-http-4.1.93.Final.jar (io.netty:netty-codec-http:4.1.93.Final) with InstrumentationAnalysisTransform
[        ] Transforming netty-handler-4.1.93.Final.jar (io.netty:netty-handler:4.1.93.Final) with InstrumentationAnalysisTransform
[        ] Transforming netty-transport-native-unix-common-4.1.93.Final.jar (io.netty:netty-transport-native-unix-common:4.1.93.Final) with InstrumentationAnalysisTransform
[        ] Transforming checker-qual-3.33.0.jar (org.checkerframework:checker-qual:3.33.0) with InstrumentationAnalysisTransform
[        ] Transforming commons-codec-1.11.jar (commons-codec:commons-codec:1.11) with InstrumentationAnalysisTransform
[        ] Transforming apksig-8.5.1.jar (com.android.tools.build:apksig:8.5.1) with InstrumentationAnalysisTransform
[        ] Transforming javawriter-2.5.0.jar (com.squareup:javawriter:2.5.0) with InstrumentationAnalysisTransform
[        ] Transforming failureaccess-1.0.1.jar (com.google.guava:failureaccess:1.0.1) with InstrumentationAnalysisTransform
[        ] Transforming listenablefuture-9999.0-empty-to-avoid-conflict-with-guava.jar (com.google.guava:listenablefuture:9999.0-empty-to-avoid-conflict-with-guava) with InstrumentationAnalysisTransform
[        ] Transforming commons-logging-1.2.jar (commons-logging:commons-logging:1.2) with InstrumentationAnalysisTransform
[   +4 ms] Transforming jna-5.6.0.jar (net.java.dev.jna:jna:5.6.0) with InstrumentationAnalysisTransform
[        ] Transforming netty-codec-socks-4.1.93.Final.jar (io.netty:netty-codec-socks:4.1.93.Final) with InstrumentationAnalysisTransform
[        ] Transforming netty-codec-4.1.93.Final.jar (io.netty:netty-codec:4.1.93.Final) with InstrumentationAnalysisTransform
[        ] Transforming netty-transport-4.1.93.Final.jar (io.netty:netty-transport:4.1.93.Final) with InstrumentationAnalysisTransform
[        ] Transforming netty-buffer-4.1.93.Final.jar (io.netty:netty-buffer:4.1.93.Final) with InstrumentationAnalysisTransform
[        ] Transforming netty-resolver-4.1.93.Final.jar (io.netty:netty-resolver:4.1.93.Final) with InstrumentationAnalysisTransform
[        ] Transforming netty-common-4.1.93.Final.jar (io.netty:netty-common:4.1.93.Final) with InstrumentationAnalysisTransform
[        ] Transforming gradle-8.5.1.jar (com.android.tools.build:gradle:8.5.1) with InstrumentationAnalysisTransform
[        ] Transforming gradle-8.5.1.jar (com.android.tools.build:gradle:8.5.1) with MergeInstrumentationAnalysisTransform
[        ] Transforming gradle-settings-api-8.5.1.jar (com.android.tools.build:gradle-settings-api:8.5.1) with InstrumentationAnalysisTransform
[        ] Transforming gradle-settings-api-8.5.1.jar (com.android.tools.build:gradle-settings-api:8.5.1) with MergeInstrumentationAnalysisTransform
[        ] Transforming lint-model-31.5.1.jar (com.android.tools.lint:lint-model:31.5.1) with InstrumentationAnalysisTransform
[        ] Transforming lint-model-31.5.1.jar (com.android.tools.lint:lint-model:31.5.1) with MergeInstrumentationAnalysisTransform
[        ] Transforming builder-8.5.1.jar (com.android.tools.build:builder:8.5.1) with InstrumentationAnalysisTransform
[        ] Transforming builder-8.5.1.jar (com.android.tools.build:builder:8.5.1) with MergeInstrumentationAnalysisTransform
[        ] Transforming gradle-8.5.1.jar (com.android.tools.build:gradle:8.5.1) with ExternalDependencyInstrumentingArtifactTransform
[        ] Transforming manifest-merger-31.5.1.jar (com.android.tools.build:manifest-merger:31.5.1) with InstrumentationAnalysisTransform
[        ] Transforming gradle-settings-api-8.5.1.jar (com.android.tools.build:gradle-settings-api:8.5.1) with ExternalDependencyInstrumentingArtifactTransform
[        ] Transforming lint-model-31.5.1.jar (com.android.tools.lint:lint-model:31.5.1) with ExternalDependencyInstrumentingArtifactTransform
[        ] Transforming manifest-merger-31.5.1.jar (com.android.tools.build:manifest-merger:31.5.1) with MergeInstrumentationAnalysisTransform
[        ] Transforming sdk-common-31.5.1.jar (com.android.tools:sdk-common:31.5.1) with InstrumentationAnalysisTransform
[        ] Transforming builder-8.5.1.jar (com.android.tools.build:builder:8.5.1) with ExternalDependencyInstrumentingArtifactTransform
[        ] Transforming sdk-common-31.5.1.jar (com.android.tools:sdk-common:31.5.1) with MergeInstrumentationAnalysisTransform
[        ] Transforming sdklib-31.5.1.jar (com.android.tools:sdklib:31.5.1) with InstrumentationAnalysisTransform
[        ] Transforming sdklib-31.5.1.jar (com.android.tools:sdklib:31.5.1) with MergeInstrumentationAnalysisTransform
[        ] Transforming repository-31.5.1.jar (com.android.tools:repository:31.5.1) with InstrumentationAnalysisTransform
[        ] Transforming repository-31.5.1.jar (com.android.tools:repository:31.5.1) with MergeInstrumentationAnalysisTransform
[        ] Transforming sdk-common-31.5.1.jar (com.android.tools:sdk-common:31.5.1) with ExternalDependencyInstrumentingArtifactTransform
[        ] Transforming gradle-api-8.5.1.jar (com.android.tools.build:gradle-api:8.5.1) with InstrumentationAnalysisTransform
[        ] Transforming sdklib-31.5.1.jar (com.android.tools:sdklib:31.5.1) with ExternalDependencyInstrumentingArtifactTransform
[        ] Transforming gradle-api-8.5.1.jar (com.android.tools.build:gradle-api:8.5.1) with MergeInstrumentationAnalysisTransform
[        ] Transforming repository-31.5.1.jar (com.android.tools:repository:31.5.1) with ExternalDependencyInstrumentingArtifactTransform
[        ] Transforming builder-test-api-8.5.1.jar (com.android.tools.build:builder-test-api:8.5.1) with InstrumentationAnalysisTransform
[        ] Transforming manifest-merger-31.5.1.jar (com.android.tools.build:manifest-merger:31.5.1) with ExternalDependencyInstrumentingArtifactTransform
[        ] Transforming builder-test-api-8.5.1.jar (com.android.tools.build:builder-test-api:8.5.1) with MergeInstrumentationAnalysisTransform
[        ] Transforming ddmlib-31.5.1.jar (com.android.tools.ddms:ddmlib:31.5.1) with InstrumentationAnalysisTransform
[        ] Transforming ddmlib-31.5.1.jar (com.android.tools.ddms:ddmlib:31.5.1) with MergeInstrumentationAnalysisTransform
[        ] Transforming aaptcompiler-8.5.1.jar (com.android.tools.build:aaptcompiler:8.5.1) with InstrumentationAnalysisTransform
[        ] Transforming builder-test-api-8.5.1.jar (com.android.tools.build:builder-test-api:8.5.1) with ExternalDependencyInstrumentingArtifactTransform
[        ] Transforming aaptcompiler-8.5.1.jar (com.android.tools.build:aaptcompiler:8.5.1) with MergeInstrumentationAnalysisTransform
[        ] Transforming bundletool-1.16.0.jar (com.android.tools.build:bundletool:1.16.0) with InstrumentationAnalysisTransform
[        ] Transforming gradle-api-8.5.1.jar (com.android.tools.build:gradle-api:8.5.1) with ExternalDependencyInstrumentingArtifactTransform
[        ] Transforming bundletool-1.16.0.jar (com.android.tools.build:bundletool:1.16.0) with MergeInstrumentationAnalysisTransform
[        ] Transforming ddmlib-31.5.1.jar (com.android.tools.ddms:ddmlib:31.5.1) with ExternalDependencyInstrumentingArtifactTransform
[        ] Transforming aaptcompiler-8.5.1.jar (com.android.tools.build:aaptcompiler:8.5.1) with ExternalDependencyInstrumentingArtifactTransform
[        ] Transforming aapt2-proto-8.5.1-11315950.jar (com.android.tools.build:aapt2-proto:8.5.1-11315950) with InstrumentationAnalysisTransform
[        ] Transforming aapt2-proto-8.5.1-11315950.jar (com.android.tools.build:aapt2-proto:8.5.1-11315950) with MergeInstrumentationAnalysisTransform
[        ] Transforming bundletool-1.16.0.jar (com.android.tools.build:bundletool:1.16.0) with ExternalDependencyInstrumentingArtifactTransform
[        ] Transforming crash-31.5.1.jar (com.android.tools.analytics-library:crash:31.5.1) with InstrumentationAnalysisTransform
[        ] Transforming crash-31.5.1.jar (com.android.tools.analytics-library:crash:31.5.1) with MergeInstrumentationAnalysisTransform
[        ] Transforming aapt2-proto-8.5.1-11315950.jar (com.android.tools.build:aapt2-proto:8.5.1-11315950) with ExternalDependencyInstrumentingArtifactTransform
[        ] Transforming tracker-31.5.1.jar (com.android.tools.analytics-library:tracker:31.5.1) with InstrumentationAnalysisTransform
[        ] Transforming tracker-31.5.1.jar (com.android.tools.analytics-library:tracker:31.5.1) with MergeInstrumentationAnalysisTransform
[        ] Transforming crash-31.5.1.jar (com.android.tools.analytics-library:crash:31.5.1) with ExternalDependencyInstrumentingArtifactTransform
[        ] Transforming shared-31.5.1.jar (com.android.tools.analytics-library:shared:31.5.1) with InstrumentationAnalysisTransform
[        ] Transforming shared-31.5.1.jar (com.android.tools.analytics-library:shared:31.5.1) with MergeInstrumentationAnalysisTransform
[        ] Transforming tracker-31.5.1.jar (com.android.tools.analytics-library:tracker:31.5.1) with ExternalDependencyInstrumentingArtifactTransform
[        ] Transforming lint-typedef-remover-31.5.1.jar (com.android.tools.lint:lint-typedef-remover:31.5.1) with InstrumentationAnalysisTransform
[        ] Transforming lint-typedef-remover-31.5.1.jar (com.android.tools.lint:lint-typedef-remover:31.5.1) with MergeInstrumentationAnalysisTransform
[        ] Transforming databinding-compiler-common-8.5.1.jar (androidx.databinding:databinding-compiler-common:8.5.1) with InstrumentationAnalysisTransform
[        ] Transforming shared-31.5.1.jar (com.android.tools.analytics-library:shared:31.5.1) with ExternalDependencyInstrumentingArtifactTransform
[        ] Transforming databinding-compiler-common-8.5.1.jar (androidx.databinding:databinding-compiler-common:8.5.1) with MergeInstrumentationAnalysisTransform
[        ] Transforming databinding-common-8.5.1.jar (androidx.databinding:databinding-common:8.5.1) with InstrumentationAnalysisTransform
[        ] Transforming lint-typedef-remover-31.5.1.jar (com.android.tools.lint:lint-typedef-remover:31.5.1) with ExternalDependencyInstrumentingArtifactTransform
[        ] Transforming databinding-common-8.5.1.jar (androidx.databinding:databinding-common:8.5.1) with MergeInstrumentationAnalysisTransform
[        ] Transforming baseLibrary-8.5.1.jar (com.android.databinding:baseLibrary:8.5.1) with InstrumentationAnalysisTransform
[        ] Transforming databinding-compiler-common-8.5.1.jar (androidx.databinding:databinding-compiler-common:8.5.1) with ExternalDependencyInstrumentingArtifactTransform
[        ] Transforming baseLibrary-8.5.1.jar (com.android.databinding:baseLibrary:8.5.1) with MergeInstrumentationAnalysisTransform
[        ] Transforming layoutlib-api-31.5.1.jar (com.android.tools.layoutlib:layoutlib-api:31.5.1) with InstrumentationAnalysisTransform
[        ] Transforming databinding-common-8.5.1.jar (androidx.databinding:databinding-common:8.5.1) with ExternalDependencyInstrumentingArtifactTransform
[        ] Transforming layoutlib-api-31.5.1.jar (com.android.tools.layoutlib:layoutlib-api:31.5.1) with MergeInstrumentationAnalysisTransform
[        ] Transforming android-device-provider-ddmlib-proto-31.5.1.jar (com.android.tools.utp:android-device-provider-ddmlib-proto:31.5.1) with InstrumentationAnalysisTransform
[        ] Transforming baseLibrary-8.5.1.jar (com.android.databinding:baseLibrary:8.5.1) with ExternalDependencyInstrumentingArtifactTransform
[        ] Transforming android-device-provider-ddmlib-proto-31.5.1.jar (com.android.tools.utp:android-device-provider-ddmlib-proto:31.5.1) with MergeInstrumentationAnalysisTransform
[        ] Transforming layoutlib-api-31.5.1.jar (com.android.tools.layoutlib:layoutlib-api:31.5.1) with ExternalDependencyInstrumentingArtifactTransform
[        ] Transforming android-device-provider-gradle-proto-31.5.1.jar (com.android.tools.utp:android-device-provider-gradle-proto:31.5.1) with InstrumentationAnalysisTransform
[        ] Transforming android-device-provider-gradle-proto-31.5.1.jar (com.android.tools.utp:android-device-provider-gradle-proto:31.5.1) with MergeInstrumentationAnalysisTransform
[        ] Transforming android-test-plugin-host-additional-test-output-proto-31.5.1.jar (com.android.tools.utp:android-test-plugin-host-additional-test-output-proto:31.5.1) with InstrumentationAnalysisTransform
[        ] Transforming android-device-provider-ddmlib-proto-31.5.1.jar (com.android.tools.utp:android-device-provider-ddmlib-proto:31.5.1) with ExternalDependencyInstrumentingArtifactTransform
[        ] Transforming android-test-plugin-host-additional-test-output-proto-31.5.1.jar (com.android.tools.utp:android-test-plugin-host-additional-test-output-proto:31.5.1) with MergeInstrumentationAnalysisTransform
[        ] Transforming android-test-plugin-host-coverage-proto-31.5.1.jar (com.android.tools.utp:android-test-plugin-host-coverage-proto:31.5.1) with InstrumentationAnalysisTransform
[        ] Transforming android-device-provider-gradle-proto-31.5.1.jar (com.android.tools.utp:android-device-provider-gradle-proto:31.5.1) with ExternalDependencyInstrumentingArtifactTransform
[        ] Transforming android-test-plugin-host-coverage-proto-31.5.1.jar (com.android.tools.utp:android-test-plugin-host-coverage-proto:31.5.1) with MergeInstrumentationAnalysisTransform
[        ] Transforming android-test-plugin-host-emulator-control-proto-31.5.1.jar (com.android.tools.utp:android-test-plugin-host-emulator-control-proto:31.5.1) with InstrumentationAnalysisTransform
[        ] Transforming android-test-plugin-host-emulator-control-proto-31.5.1.jar (com.android.tools.utp:android-test-plugin-host-emulator-control-proto:31.5.1) with MergeInstrumentationAnalysisTransform
[        ] Transforming android-test-plugin-host-logcat-proto-31.5.1.jar (com.android.tools.utp:android-test-plugin-host-logcat-proto:31.5.1) with InstrumentationAnalysisTransform
[        ] Transforming android-test-plugin-host-additional-test-output-proto-31.5.1.jar (com.android.tools.utp:android-test-plugin-host-additional-test-output-proto:31.5.1) with ExternalDependencyInstrumentingArtifactTransform
[        ] Transforming android-test-plugin-host-coverage-proto-31.5.1.jar (com.android.tools.utp:android-test-plugin-host-coverage-proto:31.5.1) with ExternalDependencyInstrumentingArtifactTransform
[        ] Transforming android-test-plugin-host-emulator-control-proto-31.5.1.jar (com.android.tools.utp:android-test-plugin-host-emulator-control-proto:31.5.1) with ExternalDependencyInstrumentingArtifactTransform
[        ] Transforming android-test-plugin-host-logcat-proto-31.5.1.jar (com.android.tools.utp:android-test-plugin-host-logcat-proto:31.5.1) with MergeInstrumentationAnalysisTransform
[        ] Transforming android-test-plugin-host-apk-installer-proto-31.5.1.jar (com.android.tools.utp:android-test-plugin-host-apk-installer-proto:31.5.1) with InstrumentationAnalysisTransform
[        ] Transforming android-test-plugin-host-apk-installer-proto-31.5.1.jar (com.android.tools.utp:android-test-plugin-host-apk-installer-proto:31.5.1) with MergeInstrumentationAnalysisTransform
[        ] Transforming android-test-plugin-host-retention-proto-31.5.1.jar (com.android.tools.utp:android-test-plugin-host-retention-proto:31.5.1) with InstrumentationAnalysisTransform
[        ] Transforming android-test-plugin-host-logcat-proto-31.5.1.jar (com.android.tools.utp:android-test-plugin-host-logcat-proto:31.5.1) with ExternalDependencyInstrumentingArtifactTransform
[        ] Transforming android-test-plugin-host-retention-proto-31.5.1.jar (com.android.tools.utp:android-test-plugin-host-retention-proto:31.5.1) with MergeInstrumentationAnalysisTransform
[        ] Transforming android-test-plugin-result-listener-gradle-proto-31.5.1.jar (com.android.tools.utp:android-test-plugin-result-listener-gradle-proto:31.5.1) with InstrumentationAnalysisTransform
[        ] Transforming android-test-plugin-host-apk-installer-proto-31.5.1.jar (com.android.tools.utp:android-test-plugin-host-apk-installer-proto:31.5.1) with ExternalDependencyInstrumentingArtifactTransform
[        ] Transforming android-test-plugin-result-listener-gradle-proto-31.5.1.jar (com.android.tools.utp:android-test-plugin-result-listener-gradle-proto:31.5.1) with MergeInstrumentationAnalysisTransform
[        ] Transforming android-test-plugin-host-retention-proto-31.5.1.jar (com.android.tools.utp:android-test-plugin-host-retention-proto:31.5.1) with ExternalDependencyInstrumentingArtifactTransform
[        ] Transforming android-test-plugin-result-listener-gradle-proto-31.5.1.jar (com.android.tools.utp:android-test-plugin-result-listener-gradle-proto:31.5.1) with ExternalDependencyInstrumentingArtifactTransform
[        ] Transforming builder-model-8.5.1.jar (com.android.tools.build:builder-model:8.5.1) with InstrumentationAnalysisTransform
[        ] Transforming builder-model-8.5.1.jar (com.android.tools.build:builder-model:8.5.1) with MergeInstrumentationAnalysisTransform
[        ] Transforming dvlib-31.5.1.jar (com.android.tools:dvlib:31.5.1) with InstrumentationAnalysisTransform
[        ] Transforming dvlib-31.5.1.jar (com.android.tools:dvlib:31.5.1) with MergeInstrumentationAnalysisTransform
[        ] Transforming common-31.5.1.jar (com.android.tools:common:31.5.1) with InstrumentationAnalysisTransform
[        ] Transforming builder-model-8.5.1.jar (com.android.tools.build:builder-model:8.5.1) with ExternalDependencyInstrumentingArtifactTransform
[        ] Transforming common-31.5.1.jar (com.android.tools:common:31.5.1) with MergeInstrumentationAnalysisTransform
[        ] Transforming jetifier-processor-1.0.0-beta10.jar (com.android.tools.build.jetifier:jetifier-processor:1.0.0-beta10) with InstrumentationAnalysisTransform
[        ] Transforming dvlib-31.5.1.jar (com.android.tools:dvlib:31.5.1) with ExternalDependencyInstrumentingArtifactTransform
[        ] Transforming jetifier-processor-1.0.0-beta10.jar (com.android.tools.build.jetifier:jetifier-processor:1.0.0-beta10) with MergeInstrumentationAnalysisTransform
[        ] Transforming common-31.5.1.jar (com.android.tools:common:31.5.1) with ExternalDependencyInstrumentingArtifactTransform
[        ] Transforming jetifier-core-1.0.0-beta10.jar (com.android.tools.build.jetifier:jetifier-core:1.0.0-beta10) with InstrumentationAnalysisTransform
[        ] Transforming jetifier-processor-1.0.0-beta10.jar (com.android.tools.build.jetifier:jetifier-processor:1.0.0-beta10) with ExternalDependencyInstrumentingArtifactTransform
[        ] Transforming jetifier-core-1.0.0-beta10.jar (com.android.tools.build.jetifier:jetifier-core:1.0.0-beta10) with MergeInstrumentationAnalysisTransform
[        ] Transforming kotlin-reflect-1.9.20.jar (org.jetbrains.kotlin:kotlin-reflect:1.9.20) with InstrumentationAnalysisTransform
[        ] Transforming kotlin-reflect-1.9.20.jar (org.jetbrains.kotlin:kotlin-reflect:1.9.20) with MergeInstrumentationAnalysisTransform
[        ] Transforming kotlin-stdlib-jdk7-1.9.20.jar (org.jetbrains.kotlin:kotlin-stdlib-jdk7:1.9.20) with InstrumentationAnalysisTransform
[        ] Transforming jetifier-core-1.0.0-beta10.jar (com.android.tools.build.jetifier:jetifier-core:1.0.0-beta10) with ExternalDependencyInstrumentingArtifactTransform
[        ] Transforming kotlin-stdlib-jdk7-1.9.20.jar (org.jetbrains.kotlin:kotlin-stdlib-jdk7:1.9.20) with MergeInstrumentationAnalysisTransform
[        ] Transforming kotlin-reflect-1.9.20.jar (org.jetbrains.kotlin:kotlin-reflect:1.9.20) with ExternalDependencyInstrumentingArtifactTransform
[        ] Transforming kotlin-stdlib-1.9.20.jar (org.jetbrains.kotlin:kotlin-stdlib:1.9.20) with InstrumentationAnalysisTransform
[        ] Transforming kotlin-stdlib-1.9.20.jar (org.jetbrains.kotlin:kotlin-stdlib:1.9.20) with MergeInstrumentationAnalysisTransform
[        ] Transforming kotlin-stdlib-jdk7-1.9.20.jar (org.jetbrains.kotlin:kotlin-stdlib-jdk7:1.9.20) with ExternalDependencyInstrumentingArtifactTransform
[        ] Transforming kotlin-stdlib-jdk8-1.9.20.jar (org.jetbrains.kotlin:kotlin-stdlib-jdk8:1.9.20) with InstrumentationAnalysisTransform
[        ] Transforming kotlin-stdlib-1.9.20.jar (org.jetbrains.kotlin:kotlin-stdlib:1.9.20) with ExternalDependencyInstrumentingArtifactTransform
[        ] Transforming kotlin-stdlib-jdk8-1.9.20.jar (org.jetbrains.kotlin:kotlin-stdlib-jdk8:1.9.20) with MergeInstrumentationAnalysisTransform
[        ] Transforming transform-api-2.0.0-deprecated-use-gradle-api.jar (com.android.tools.build:transform-api:2.0.0-deprecated-use-gradle-api) with InstrumentationAnalysisTransform
[        ] Transforming transform-api-2.0.0-deprecated-use-gradle-api.jar (com.android.tools.build:transform-api:2.0.0-deprecated-use-gradle-api) with MergeInstrumentationAnalysisTransform
[        ] Transforming httpmime-4.5.6.jar (org.apache.httpcomponents:httpmime:4.5.6) with InstrumentationAnalysisTransform
[        ] Transforming httpmime-4.5.6.jar (org.apache.httpcomponents:httpmime:4.5.6) with MergeInstrumentationAnalysisTransform
[        ] Transforming commons-io-2.13.0.jar (commons-io:commons-io:2.13.0) with InstrumentationAnalysisTransform
[        ] Transforming transform-api-2.0.0-deprecated-use-gradle-api.jar (com.android.tools.build:transform-api:2.0.0-deprecated-use-gradle-api) with ExternalDependencyInstrumentingArtifactTransform
[        ] Transforming commons-io-2.13.0.jar (commons-io:commons-io:2.13.0) with MergeInstrumentationAnalysisTransform
[        ] Transforming kotlin-stdlib-jdk8-1.9.20.jar (org.jetbrains.kotlin:kotlin-stdlib-jdk8:1.9.20) with ExternalDependencyInstrumentingArtifactTransform
[        ] Transforming asm-commons-9.6.jar (org.ow2.asm:asm-commons:9.6) with InstrumentationAnalysisTransform
[        ] Transforming httpmime-4.5.6.jar (org.apache.httpcomponents:httpmime:4.5.6) with ExternalDependencyInstrumentingArtifactTransform
[        ] Transforming asm-commons-9.6.jar (org.ow2.asm:asm-commons:9.6) with MergeInstrumentationAnalysisTransform
[        ] Transforming asm-util-9.6.jar (org.ow2.asm:asm-util:9.6) with InstrumentationAnalysisTransform
[        ] Transforming commons-io-2.13.0.jar (commons-io:commons-io:2.13.0) with ExternalDependencyInstrumentingArtifactTransform
[        ] Transforming asm-commons-9.6.jar (org.ow2.asm:asm-commons:9.6) with ExternalDependencyInstrumentingArtifactTransform
[        ] Transforming asm-util-9.6.jar (org.ow2.asm:asm-util:9.6) with MergeInstrumentationAnalysisTransform
[        ] Transforming asm-analysis-9.6.jar (org.ow2.asm:asm-analysis:9.6) with InstrumentationAnalysisTransform
[        ] Transforming asm-util-9.6.jar (org.ow2.asm:asm-util:9.6) with ExternalDependencyInstrumentingArtifactTransform
[        ] Transforming asm-analysis-9.6.jar (org.ow2.asm:asm-analysis:9.6) with MergeInstrumentationAnalysisTransform
[        ] Transforming asm-tree-9.6.jar (org.ow2.asm:asm-tree:9.6) with InstrumentationAnalysisTransform
[        ] Transforming asm-tree-9.6.jar (org.ow2.asm:asm-tree:9.6) with MergeInstrumentationAnalysisTransform
[        ] Transforming asm-9.6.jar (org.ow2.asm:asm:9.6) with InstrumentationAnalysisTransform
[        ] Transforming asm-analysis-9.6.jar (org.ow2.asm:asm-analysis:9.6) with ExternalDependencyInstrumentingArtifactTransform
[        ] Transforming asm-9.6.jar (org.ow2.asm:asm:9.6) with MergeInstrumentationAnalysisTransform
[        ] Transforming apkzlib-8.5.1.jar (com.android.tools.build:apkzlib:8.5.1) with InstrumentationAnalysisTransform
[        ] Transforming asm-tree-9.6.jar (org.ow2.asm:asm-tree:9.6) with ExternalDependencyInstrumentingArtifactTransform
[        ] Transforming apkzlib-8.5.1.jar (com.android.tools.build:apkzlib:8.5.1) with MergeInstrumentationAnalysisTransform
[        ] Transforming asm-9.6.jar (org.ow2.asm:asm:9.6) with ExternalDependencyInstrumentingArtifactTransform
[        ] Transforming bcpkix-jdk18on-1.77.jar (org.bouncycastle:bcpkix-jdk18on:1.77) with InstrumentationAnalysisTransform
[        ] Transforming bcpkix-jdk18on-1.77.jar (org.bouncycastle:bcpkix-jdk18on:1.77) with MergeInstrumentationAnalysisTransform
[        ] Transforming jaxb-runtime-2.3.2.jar (org.glassfish.jaxb:jaxb-runtime:2.3.2) with InstrumentationAnalysisTransform
[        ] Transforming jaxb-runtime-2.3.2.jar (org.glassfish.jaxb:jaxb-runtime:2.3.2) with MergeInstrumentationAnalysisTransform
[        ] Transforming jopt-simple-4.9.jar (net.sf.jopt-simple:jopt-simple:4.9) with InstrumentationAnalysisTransform
[        ] Transforming jopt-simple-4.9.jar (net.sf.jopt-simple:jopt-simple:4.9) with MergeInstrumentationAnalysisTransform
[        ] Transforming javapoet-1.10.0.jar (com.squareup:javapoet:1.10.0) with InstrumentationAnalysisTransform
[        ] Transforming bcpkix-jdk18on-1.77.jar (org.bouncycastle:bcpkix-jdk18on:1.77) with ExternalDependencyInstrumentingArtifactTransform
[        ] Transforming jaxb-runtime-2.3.2.jar (org.glassfish.jaxb:jaxb-runtime:2.3.2) with ExternalDependencyInstrumentingArtifactTransform
[        ] Transforming apkzlib-8.5.1.jar (com.android.tools.build:apkzlib:8.5.1) with ExternalDependencyInstrumentingArtifactTransform
[        ] Transforming javapoet-1.10.0.jar (com.squareup:javapoet:1.10.0) with MergeInstrumentationAnalysisTransform
[        ] Transforming jopt-simple-4.9.jar (net.sf.jopt-simple:jopt-simple:4.9) with ExternalDependencyInstrumentingArtifactTransform
[        ] Transforming protobuf-java-util-3.22.3.jar (com.google.protobuf:protobuf-java-util:3.22.3) with InstrumentationAnalysisTransform
[        ] Transforming javapoet-1.10.0.jar (com.squareup:javapoet:1.10.0) with ExternalDependencyInstrumentingArtifactTransform
[        ] Transforming protobuf-java-util-3.22.3.jar (com.google.protobuf:protobuf-java-util:3.22.3) with MergeInstrumentationAnalysisTransform
[        ] Transforming grpc-protobuf-1.57.0.jar (io.grpc:grpc-protobuf:1.57.0) with InstrumentationAnalysisTransform
[        ] Transforming grpc-protobuf-1.57.0.jar (io.grpc:grpc-protobuf:1.57.0) with MergeInstrumentationAnalysisTransform
[        ] Transforming tink-1.7.0.jar (com.google.crypto.tink:tink:1.7.0) with InstrumentationAnalysisTransform
[        ] Transforming protobuf-java-util-3.22.3.jar (com.google.protobuf:protobuf-java-util:3.22.3) with ExternalDependencyInstrumentingArtifactTransform
[        ] Transforming tink-1.7.0.jar (com.google.crypto.tink:tink:1.7.0) with MergeInstrumentationAnalysisTransform
[        ] Transforming protos-31.5.1.jar (com.android.tools.analytics-library:protos:31.5.1) with InstrumentationAnalysisTransform
[        ] Transforming grpc-protobuf-1.57.0.jar (io.grpc:grpc-protobuf:1.57.0) with ExternalDependencyInstrumentingArtifactTransform
[        ] Transforming protos-31.5.1.jar (com.android.tools.analytics-library:protos:31.5.1) with MergeInstrumentationAnalysisTransform
[        ] Transforming tink-1.7.0.jar (com.google.crypto.tink:tink:1.7.0) with ExternalDependencyInstrumentingArtifactTransform
[        ] Transforming proto-google-common-protos-2.17.0.jar (com.google.api.grpc:proto-google-common-protos:2.17.0) with InstrumentationAnalysisTransform
[        ] Transforming proto-google-common-protos-2.17.0.jar (com.google.api.grpc:proto-google-common-protos:2.17.0) with MergeInstrumentationAnalysisTransform
[        ] Transforming protobuf-java-3.22.3.jar (com.google.protobuf:protobuf-java:3.22.3) with InstrumentationAnalysisTransform
[        ] Transforming protos-31.5.1.jar (com.android.tools.analytics-library:protos:31.5.1) with ExternalDependencyInstrumentingArtifactTransform
[        ] Transforming protobuf-java-3.22.3.jar (com.google.protobuf:protobuf-java:3.22.3) with MergeInstrumentationAnalysisTransform
[        ] Transforming proto-google-common-protos-2.17.0.jar (com.google.api.grpc:proto-google-common-protos:2.17.0) with ExternalDependencyInstrumentingArtifactTransform
[        ] Transforming grpc-netty-1.57.0.jar (io.grpc:grpc-netty:1.57.0) with InstrumentationAnalysisTransform
[        ] Transforming grpc-netty-1.57.0.jar (io.grpc:grpc-netty:1.57.0) with MergeInstrumentationAnalysisTransform
[        ] Transforming protobuf-java-3.22.3.jar (com.google.protobuf:protobuf-java:3.22.3) with ExternalDependencyInstrumentingArtifactTransform
[        ] Transforming grpc-core-1.57.0.jar (io.grpc:grpc-core:1.57.0) with InstrumentationAnalysisTransform
[        ] Transforming grpc-core-1.57.0.jar (io.grpc:grpc-core:1.57.0) with MergeInstrumentationAnalysisTransform
[        ] Transforming gson-2.10.1.jar (com.google.code.gson:gson:2.10.1) with InstrumentationAnalysisTransform
[        ] Transforming gson-2.10.1.jar (com.google.code.gson:gson:2.10.1) with MergeInstrumentationAnalysisTransform
[        ] Transforming grpc-netty-1.57.0.jar (io.grpc:grpc-netty:1.57.0) with ExternalDependencyInstrumentingArtifactTransform
[        ] Transforming grpc-core-1.57.0.jar (io.grpc:grpc-core:1.57.0) with ExternalDependencyInstrumentingArtifactTransform
[        ] Transforming grpc-stub-1.57.0.jar (io.grpc:grpc-stub:1.57.0) with InstrumentationAnalysisTransform
[        ] Transforming gson-2.10.1.jar (com.google.code.gson:gson:2.10.1) with ExternalDependencyInstrumentingArtifactTransform
[        ] Transforming grpc-stub-1.57.0.jar (io.grpc:grpc-stub:1.57.0) with MergeInstrumentationAnalysisTransform
[        ] Transforming core-proto-0.0.9-alpha02.jar (com.google.testing.platform:core-proto:0.0.9-alpha02) with InstrumentationAnalysisTransform
[        ] Transforming core-proto-0.0.9-alpha02.jar (com.google.testing.platform:core-proto:0.0.9-alpha02) with MergeInstrumentationAnalysisTransform
[        ] Transforming grpc-stub-1.57.0.jar (io.grpc:grpc-stub:1.57.0) with ExternalDependencyInstrumentingArtifactTransform
[        ] Transforming kxml2-2.3.0.jar (net.sf.kxml:kxml2:2.3.0) with InstrumentationAnalysisTransform
[        ] Transforming kxml2-2.3.0.jar (net.sf.kxml:kxml2:2.3.0) with MergeInstrumentationAnalysisTransform
[        ] Transforming tensorflow-lite-metadata-0.1.0-rc2.jar (org.tensorflow:tensorflow-lite-metadata:0.1.0-rc2) with InstrumentationAnalysisTransform
[        ] Transforming core-proto-0.0.9-alpha02.jar (com.google.testing.platform:core-proto:0.0.9-alpha02) with ExternalDependencyInstrumentingArtifactTransform
[        ] Transforming tensorflow-lite-metadata-0.1.0-rc2.jar (org.tensorflow:tensorflow-lite-metadata:0.1.0-rc2) with MergeInstrumentationAnalysisTransform
[        ] Transforming kxml2-2.3.0.jar (net.sf.kxml:kxml2:2.3.0) with ExternalDependencyInstrumentingArtifactTransform
[        ] Transforming flatbuffers-java-1.12.0.jar (com.google.flatbuffers:flatbuffers-java:1.12.0) with InstrumentationAnalysisTransform
[        ] Transforming tensorflow-lite-metadata-0.1.0-rc2.jar (org.tensorflow:tensorflow-lite-metadata:0.1.0-rc2) with ExternalDependencyInstrumentingArtifactTransform
[        ] Transforming flatbuffers-java-1.12.0.jar (com.google.flatbuffers:flatbuffers-java:1.12.0) with MergeInstrumentationAnalysisTransform
[        ] Transforming jimfs-1.1.jar (com.google.jimfs:jimfs:1.1) with InstrumentationAnalysisTransform
[        ] Transforming jimfs-1.1.jar (com.google.jimfs:jimfs:1.1) with MergeInstrumentationAnalysisTransform
[        ] Transforming flatbuffers-java-1.12.0.jar (com.google.flatbuffers:flatbuffers-java:1.12.0) with ExternalDependencyInstrumentingArtifactTransform
[        ] Transforming grpc-context-1.57.0.jar (io.grpc:grpc-context:1.57.0) with InstrumentationAnalysisTransform
[        ] Transforming grpc-context-1.57.0.jar (io.grpc:grpc-context:1.57.0) with MergeInstrumentationAnalysisTransform
[        ] Transforming jimfs-1.1.jar (com.google.jimfs:jimfs:1.1) with ExternalDependencyInstrumentingArtifactTransform
[        ] Transforming grpc-protobuf-lite-1.57.0.jar (io.grpc:grpc-protobuf-lite:1.57.0) with InstrumentationAnalysisTransform
[        ] Transforming grpc-context-1.57.0.jar (io.grpc:grpc-context:1.57.0) with ExternalDependencyInstrumentingArtifactTransform
[        ] Transforming grpc-protobuf-lite-1.57.0.jar (io.grpc:grpc-protobuf-lite:1.57.0) with MergeInstrumentationAnalysisTransform
[        ] Transforming grpc-api-1.57.0.jar (io.grpc:grpc-api:1.57.0) with InstrumentationAnalysisTransform
[        ] Transforming grpc-api-1.57.0.jar (io.grpc:grpc-api:1.57.0) with MergeInstrumentationAnalysisTransform
[        ] Transforming guava-32.0.1-jre.jar (com.google.guava:guava:32.0.1-jre) with InstrumentationAnalysisTransform
[        ] Transforming grpc-protobuf-lite-1.57.0.jar (io.grpc:grpc-protobuf-lite:1.57.0) with ExternalDependencyInstrumentingArtifactTransform
[        ] Transforming guava-32.0.1-jre.jar (com.google.guava:guava:32.0.1-jre) with MergeInstrumentationAnalysisTransform
[        ] Transforming grpc-api-1.57.0.jar (io.grpc:grpc-api:1.57.0) with ExternalDependencyInstrumentingArtifactTransform
[        ] Transforming dagger-2.28.3.jar (com.google.dagger:dagger:2.28.3) with InstrumentationAnalysisTransform
[        ] Transforming dagger-2.28.3.jar (com.google.dagger:dagger:2.28.3) with MergeInstrumentationAnalysisTransform
[        ] Transforming guava-32.0.1-jre.jar (com.google.guava:guava:32.0.1-jre) with ExternalDependencyInstrumentingArtifactTransform
[        ] Transforming javax.inject-1.jar (javax.inject:javax.inject:1) with InstrumentationAnalysisTransform
[        ] Transforming javax.inject-1.jar (javax.inject:javax.inject:1) with MergeInstrumentationAnalysisTransform
[        ] Transforming dagger-2.28.3.jar (com.google.dagger:dagger:2.28.3) with ExternalDependencyInstrumentingArtifactTransform
[        ] Transforming bcutil-jdk18on-1.77.jar (org.bouncycastle:bcutil-jdk18on:1.77) with InstrumentationAnalysisTransform
[        ] Transforming bcutil-jdk18on-1.77.jar (org.bouncycastle:bcutil-jdk18on:1.77) with MergeInstrumentationAnalysisTransform
[        ] Transforming bcprov-jdk18on-1.77.jar (org.bouncycastle:bcprov-jdk18on:1.77) with InstrumentationAnalysisTransform
[        ] Transforming javax.inject-1.jar (javax.inject:javax.inject:1) with ExternalDependencyInstrumentingArtifactTransform
[        ] Transforming bcprov-jdk18on-1.77.jar (org.bouncycastle:bcprov-jdk18on:1.77) with MergeInstrumentationAnalysisTransform
[        ] Transforming trove4j-1.0.20200330.jar (org.jetbrains.intellij.deps:trove4j:1.0.20200330) with InstrumentationAnalysisTransform
[        ] Transforming trove4j-1.0.20200330.jar (org.jetbrains.intellij.deps:trove4j:1.0.20200330) with MergeInstrumentationAnalysisTransform
[        ] Transforming commons-compress-1.21.jar (org.apache.commons:commons-compress:1.21) with InstrumentationAnalysisTransform
[        ] Transforming commons-compress-1.21.jar (org.apache.commons:commons-compress:1.21) with MergeInstrumentationAnalysisTransform
[        ] Transforming bcprov-jdk18on-1.77.jar (org.bouncycastle:bcprov-jdk18on:1.77) with ExternalDependencyInstrumentingArtifactTransform
[        ] Transforming trove4j-1.0.20200330.jar (org.jetbrains.intellij.deps:trove4j:1.0.20200330) with ExternalDependencyInstrumentingArtifactTransform
[        ] Transforming httpclient-4.5.14.jar (org.apache.httpcomponents:httpclient:4.5.14) with InstrumentationAnalysisTransform
[        ] Transforming commons-compress-1.21.jar (org.apache.commons:commons-compress:1.21) with ExternalDependencyInstrumentingArtifactTransform
[        ] Transforming httpclient-4.5.14.jar (org.apache.httpcomponents:httpclient:4.5.14) with MergeInstrumentationAnalysisTransform
[        ] Transforming bcutil-jdk18on-1.77.jar (org.bouncycastle:bcutil-jdk18on:1.77) with ExternalDependencyInstrumentingArtifactTransform
[        ] Transforming httpcore-4.4.16.jar (org.apache.httpcomponents:httpcore:4.4.16) with InstrumentationAnalysisTransform
[        ] Transforming httpcore-4.4.16.jar (org.apache.httpcomponents:httpcore:4.4.16) with MergeInstrumentationAnalysisTransform
[        ] Transforming javax.activation-1.2.0.jar (com.sun.activation:javax.activation:1.2.0) with InstrumentationAnalysisTransform
[        ] Transforming httpclient-4.5.14.jar (org.apache.httpcomponents:httpclient:4.5.14) with ExternalDependencyInstrumentingArtifactTransform
[        ] Transforming javax.activation-1.2.0.jar (com.sun.activation:javax.activation:1.2.0) with MergeInstrumentationAnalysisTransform
[        ] Transforming httpcore-4.4.16.jar (org.apache.httpcomponents:httpcore:4.4.16) with ExternalDependencyInstrumentingArtifactTransform
[        ] Transforming annotations-23.0.0.jar (org.jetbrains:annotations:23.0.0) with InstrumentationAnalysisTransform
[        ] Transforming annotations-23.0.0.jar (org.jetbrains:annotations:23.0.0) with MergeInstrumentationAnalysisTransform
[        ] Transforming javax.activation-1.2.0.jar (com.sun.activation:javax.activation:1.2.0) with ExternalDependencyInstrumentingArtifactTransform
[        ] Transforming signflinger-8.5.1.jar (com.android:signflinger:8.5.1) with InstrumentationAnalysisTransform
[        ] Transforming signflinger-8.5.1.jar (com.android:signflinger:8.5.1) with MergeInstrumentationAnalysisTransform
[        ] Transforming annotations-23.0.0.jar (org.jetbrains:annotations:23.0.0) with ExternalDependencyInstrumentingArtifactTransform
[        ] Transforming zipflinger-8.5.1.jar (com.android:zipflinger:8.5.1) with InstrumentationAnalysisTransform
[        ] Transforming zipflinger-8.5.1.jar (com.android:zipflinger:8.5.1) with MergeInstrumentationAnalysisTransform
[        ] Transforming annotations-31.5.1.jar (com.android.tools:annotations:31.5.1) with InstrumentationAnalysisTransform
[        ] Transforming signflinger-8.5.1.jar (com.android:signflinger:8.5.1) with ExternalDependencyInstrumentingArtifactTransform
[        ] Transforming annotations-31.5.1.jar (com.android.tools:annotations:31.5.1) with MergeInstrumentationAnalysisTransform
[        ] Transforming jna-platform-5.6.0.jar (net.java.dev.jna:jna-platform:5.6.0) with InstrumentationAnalysisTransform
[        ] Transforming zipflinger-8.5.1.jar (com.android:zipflinger:8.5.1) with ExternalDependencyInstrumentingArtifactTransform
[        ] Transforming jna-platform-5.6.0.jar (net.java.dev.jna:jna-platform:5.6.0) with MergeInstrumentationAnalysisTransform
[        ] Transforming annotations-31.5.1.jar (com.android.tools:annotations:31.5.1) with ExternalDependencyInstrumentingArtifactTransform
[        ] Transforming juniversalchardet-1.0.3.jar (com.googlecode.juniversalchardet:juniversalchardet:1.0.3) with InstrumentationAnalysisTransform
[        ] Transforming juniversalchardet-1.0.3.jar (com.googlecode.juniversalchardet:juniversalchardet:1.0.3) with MergeInstrumentationAnalysisTransform
[        ] Transforming jna-platform-5.6.0.jar (net.java.dev.jna:jna-platform:5.6.0) with ExternalDependencyInstrumentingArtifactTransform
[        ] Transforming javax.annotation-api-1.3.2.jar (javax.annotation:javax.annotation-api:1.3.2) with InstrumentationAnalysisTransform
[        ] Transforming javax.annotation-api-1.3.2.jar (javax.annotation:javax.annotation-api:1.3.2) with MergeInstrumentationAnalysisTransform
[        ] Transforming stax-ex-1.8.1.jar (org.jvnet.staxex:stax-ex:1.8.1) with InstrumentationAnalysisTransform
[        ] Transforming stax-ex-1.8.1.jar (org.jvnet.staxex:stax-ex:1.8.1) with MergeInstrumentationAnalysisTransform
[        ] Transforming jakarta.xml.bind-api-2.3.2.jar (jakarta.xml.bind:jakarta.xml.bind-api:2.3.2) with InstrumentationAnalysisTransform
[        ] Transforming jakarta.xml.bind-api-2.3.2.jar (jakarta.xml.bind:jakarta.xml.bind-api:2.3.2) with MergeInstrumentationAnalysisTransform
[        ] Transforming txw2-2.3.2.jar (org.glassfish.jaxb:txw2:2.3.2) with InstrumentationAnalysisTransform
[        ] Transforming stax-ex-1.8.1.jar (org.jvnet.staxex:stax-ex:1.8.1) with ExternalDependencyInstrumentingArtifactTransform
[        ] Transforming jakarta.xml.bind-api-2.3.2.jar (jakarta.xml.bind:jakarta.xml.bind-api:2.3.2) with ExternalDependencyInstrumentingArtifactTransform
[        ] Transforming txw2-2.3.2.jar (org.glassfish.jaxb:txw2:2.3.2) with MergeInstrumentationAnalysisTransform
[        ] Transforming istack-commons-runtime-3.0.8.jar (com.sun.istack:istack-commons-runtime:3.0.8) with InstrumentationAnalysisTransform
[        ] Transforming istack-commons-runtime-3.0.8.jar (com.sun.istack:istack-commons-runtime:3.0.8) with MergeInstrumentationAnalysisTransform
[        ] Transforming FastInfoset-1.2.16.jar (com.sun.xml.fastinfoset:FastInfoset:1.2.16) with InstrumentationAnalysisTransform
[        ] Transforming juniversalchardet-1.0.3.jar (com.googlecode.juniversalchardet:juniversalchardet:1.0.3) with ExternalDependencyInstrumentingArtifactTransform
[        ] Transforming txw2-2.3.2.jar (org.glassfish.jaxb:txw2:2.3.2) with ExternalDependencyInstrumentingArtifactTransform
[        ] Transforming istack-commons-runtime-3.0.8.jar (com.sun.istack:istack-commons-runtime:3.0.8) with ExternalDependencyInstrumentingArtifactTransform
[        ] Transforming javax.annotation-api-1.3.2.jar (javax.annotation:javax.annotation-api:1.3.2) with ExternalDependencyInstrumentingArtifactTransform
[        ] Transforming FastInfoset-1.2.16.jar (com.sun.xml.fastinfoset:FastInfoset:1.2.16) with MergeInstrumentationAnalysisTransform
[        ] Transforming jakarta.activation-api-1.2.1.jar (jakarta.activation:jakarta.activation-api:1.2.1) with InstrumentationAnalysisTransform
[        ] Transforming jakarta.activation-api-1.2.1.jar (jakarta.activation:jakarta.activation-api:1.2.1) with MergeInstrumentationAnalysisTransform
[        ] Transforming auto-value-annotations-1.6.2.jar (com.google.auto.value:auto-value-annotations:1.6.2) with InstrumentationAnalysisTransform
[        ] Transforming FastInfoset-1.2.16.jar (com.sun.xml.fastinfoset:FastInfoset:1.2.16) with ExternalDependencyInstrumentingArtifactTransform
[        ] Transforming auto-value-annotations-1.6.2.jar (com.google.auto.value:auto-value-annotations:1.6.2) with MergeInstrumentationAnalysisTransform
[        ] Transforming error_prone_annotations-2.18.0.jar (com.google.errorprone:error_prone_annotations:2.18.0) with InstrumentationAnalysisTransform
[        ] Transforming error_prone_annotations-2.18.0.jar (com.google.errorprone:error_prone_annotations:2.18.0) with MergeInstrumentationAnalysisTransform
[        ] Transforming jose4j-0.9.5.jar (org.bitbucket.b_c:jose4j:0.9.5) with InstrumentationAnalysisTransform
[        ] Transforming jakarta.activation-api-1.2.1.jar (jakarta.activation:jakarta.activation-api:1.2.1) with ExternalDependencyInstrumentingArtifactTransform
[        ] Transforming jose4j-0.9.5.jar (org.bitbucket.b_c:jose4j:0.9.5) with MergeInstrumentationAnalysisTransform
[        ] Transforming slf4j-api-1.7.30.jar (org.slf4j:slf4j-api:1.7.30) with InstrumentationAnalysisTransform
[        ] Transforming slf4j-api-1.7.30.jar (org.slf4j:slf4j-api:1.7.30) with MergeInstrumentationAnalysisTransform
[        ] Transforming jdom2-2.0.6.jar (org.jdom:jdom2:2.0.6) with InstrumentationAnalysisTransform
[        ] Transforming jdom2-2.0.6.jar (org.jdom:jdom2:2.0.6) with MergeInstrumentationAnalysisTransform
[        ] Transforming jsr305-3.0.2.jar (com.google.code.findbugs:jsr305:3.0.2) with InstrumentationAnalysisTransform
[        ] Transforming error_prone_annotations-2.18.0.jar (com.google.errorprone:error_prone_annotations:2.18.0) with ExternalDependencyInstrumentingArtifactTransform
[        ] Transforming auto-value-annotations-1.6.2.jar (com.google.auto.value:auto-value-annotations:1.6.2) with ExternalDependencyInstrumentingArtifactTransform
[        ] Transforming slf4j-api-1.7.30.jar (org.slf4j:slf4j-api:1.7.30) with ExternalDependencyInstrumentingArtifactTransform
[        ] Transforming jsr305-3.0.2.jar (com.google.code.findbugs:jsr305:3.0.2) with MergeInstrumentationAnalysisTransform
[        ] Transforming jose4j-0.9.5.jar (org.bitbucket.b_c:jose4j:0.9.5) with ExternalDependencyInstrumentingArtifactTransform
[        ] Transforming jdom2-2.0.6.jar (org.jdom:jdom2:2.0.6) with ExternalDependencyInstrumentingArtifactTransform
[        ] Transforming j2objc-annotations-2.8.jar (com.google.j2objc:j2objc-annotations:2.8) with InstrumentationAnalysisTransform
[        ] Transforming j2objc-annotations-2.8.jar (com.google.j2objc:j2objc-annotations:2.8) with MergeInstrumentationAnalysisTransform
[        ] Transforming jsr305-3.0.2.jar (com.google.code.findbugs:jsr305:3.0.2) with ExternalDependencyInstrumentingArtifactTransform
[        ] Transforming annotations-4.1.1.4.jar (com.google.android:annotations:4.1.1.4) with InstrumentationAnalysisTransform
[        ] Transforming annotations-4.1.1.4.jar (com.google.android:annotations:4.1.1.4) with MergeInstrumentationAnalysisTransform
[        ] Transforming j2objc-annotations-2.8.jar (com.google.j2objc:j2objc-annotations:2.8) with ExternalDependencyInstrumentingArtifactTransform
[        ] Transforming animal-sniffer-annotations-1.23.jar (org.codehaus.mojo:animal-sniffer-annotations:1.23) with InstrumentationAnalysisTransform
[        ] Transforming annotations-4.1.1.4.jar (com.google.android:annotations:4.1.1.4) with ExternalDependencyInstrumentingArtifactTransform
[        ] Transforming animal-sniffer-annotations-1.23.jar (org.codehaus.mojo:animal-sniffer-annotations:1.23) with MergeInstrumentationAnalysisTransform
[        ] Transforming perfmark-api-0.26.0.jar (io.perfmark:perfmark-api:0.26.0) with InstrumentationAnalysisTransform
[        ] Transforming perfmark-api-0.26.0.jar (io.perfmark:perfmark-api:0.26.0) with MergeInstrumentationAnalysisTransform
[        ] Transforming netty-codec-http2-4.1.93.Final.jar (io.netty:netty-codec-http2:4.1.93.Final) with InstrumentationAnalysisTransform
[        ] Transforming netty-codec-http2-4.1.93.Final.jar (io.netty:netty-codec-http2:4.1.93.Final) with MergeInstrumentationAnalysisTransform
[        ] Transforming netty-handler-proxy-4.1.93.Final.jar (io.netty:netty-handler-proxy:4.1.93.Final) with InstrumentationAnalysisTransform
[        ] Transforming netty-handler-proxy-4.1.93.Final.jar (io.netty:netty-handler-proxy:4.1.93.Final) with MergeInstrumentationAnalysisTransform
[        ] Transforming netty-codec-http-4.1.93.Final.jar (io.netty:netty-codec-http:4.1.93.Final) with InstrumentationAnalysisTransform
[        ] Transforming netty-codec-http-4.1.93.Final.jar (io.netty:netty-codec-http:4.1.93.Final) with MergeInstrumentationAnalysisTransform
[        ] Transforming netty-handler-4.1.93.Final.jar (io.netty:netty-handler:4.1.93.Final) with InstrumentationAnalysisTransform
[        ] Transforming netty-handler-4.1.93.Final.jar (io.netty:netty-handler:4.1.93.Final) with MergeInstrumentationAnalysisTransform
[        ] Transforming netty-transport-native-unix-common-4.1.93.Final.jar (io.netty:netty-transport-native-unix-common:4.1.93.Final) with InstrumentationAnalysisTransform
[        ] Transforming netty-transport-native-unix-common-4.1.93.Final.jar (io.netty:netty-transport-native-unix-common:4.1.93.Final) with MergeInstrumentationAnalysisTransform
[        ] Transforming checker-qual-3.33.0.jar (org.checkerframework:checker-qual:3.33.0) with InstrumentationAnalysisTransform
[        ] Transforming checker-qual-3.33.0.jar (org.checkerframework:checker-qual:3.33.0) with MergeInstrumentationAnalysisTransform
[        ] Transforming commons-codec-1.11.jar (commons-codec:commons-codec:1.11) with InstrumentationAnalysisTransform
[        ] Transforming commons-codec-1.11.jar (commons-codec:commons-codec:1.11) with MergeInstrumentationAnalysisTransform
[        ] Transforming apksig-8.5.1.jar (com.android.tools.build:apksig:8.5.1) with InstrumentationAnalysisTransform
[        ] Transforming apksig-8.5.1.jar (com.android.tools.build:apksig:8.5.1) with MergeInstrumentationAnalysisTransform
[        ] Transforming animal-sniffer-annotations-1.23.jar (org.codehaus.mojo:animal-sniffer-annotations:1.23) with ExternalDependencyInstrumentingArtifactTransform
[        ] Transforming netty-codec-http2-4.1.93.Final.jar (io.netty:netty-codec-http2:4.1.93.Final) with ExternalDependencyInstrumentingArtifactTransform
[        ] Transforming netty-handler-proxy-4.1.93.Final.jar (io.netty:netty-handler-proxy:4.1.93.Final) with ExternalDependencyInstrumentingArtifactTransform
[        ] Transforming netty-codec-http-4.1.93.Final.jar (io.netty:netty-codec-http:4.1.93.Final) with ExternalDependencyInstrumentingArtifactTransform
[        ] Transforming netty-handler-4.1.93.Final.jar (io.netty:netty-handler:4.1.93.Final) with ExternalDependencyInstrumentingArtifactTransform
[        ] Transforming commons-codec-1.11.jar (commons-codec:commons-codec:1.11) with ExternalDependencyInstrumentingArtifactTransform
[        ] Transforming checker-qual-3.33.0.jar (org.checkerframework:checker-qual:3.33.0) with ExternalDependencyInstrumentingArtifactTransform
[        ] Transforming perfmark-api-0.26.0.jar (io.perfmark:perfmark-api:0.26.0) with ExternalDependencyInstrumentingArtifactTransform
[        ] Transforming netty-transport-native-unix-common-4.1.93.Final.jar (io.netty:netty-transport-native-unix-common:4.1.93.Final) with ExternalDependencyInstrumentingArtifactTransform
[        ] Transforming javawriter-2.5.0.jar (com.squareup:javawriter:2.5.0) with InstrumentationAnalysisTransform
[        ] Transforming apksig-8.5.1.jar (com.android.tools.build:apksig:8.5.1) with ExternalDependencyInstrumentingArtifactTransform
[        ] Transforming javawriter-2.5.0.jar (com.squareup:javawriter:2.5.0) with MergeInstrumentationAnalysisTransform
[        ] Transforming failureaccess-1.0.1.jar (com.google.guava:failureaccess:1.0.1) with InstrumentationAnalysisTransform
[        ] Transforming failureaccess-1.0.1.jar (com.google.guava:failureaccess:1.0.1) with MergeInstrumentationAnalysisTransform
[        ] Transforming listenablefuture-9999.0-empty-to-avoid-conflict-with-guava.jar (com.google.guava:listenablefuture:9999.0-empty-to-avoid-conflict-with-guava) with InstrumentationAnalysisTransform
[        ] Transforming javawriter-2.5.0.jar (com.squareup:javawriter:2.5.0) with ExternalDependencyInstrumentingArtifactTransform
[        ] Transforming listenablefuture-9999.0-empty-to-avoid-conflict-with-guava.jar (com.google.guava:listenablefuture:9999.0-empty-to-avoid-conflict-with-guava) with MergeInstrumentationAnalysisTransform
[        ] Transforming commons-logging-1.2.jar (commons-logging:commons-logging:1.2) with InstrumentationAnalysisTransform
[        ] Transforming commons-logging-1.2.jar (commons-logging:commons-logging:1.2) with MergeInstrumentationAnalysisTransform
[        ] Transforming jna-5.6.0.jar (net.java.dev.jna:jna:5.6.0) with InstrumentationAnalysisTransform
[        ] Transforming failureaccess-1.0.1.jar (com.google.guava:failureaccess:1.0.1) with ExternalDependencyInstrumentingArtifactTransform
[        ] Transforming commons-logging-1.2.jar (commons-logging:commons-logging:1.2) with ExternalDependencyInstrumentingArtifactTransform
[        ] Transforming listenablefuture-9999.0-empty-to-avoid-conflict-with-guava.jar (com.google.guava:listenablefuture:9999.0-empty-to-avoid-conflict-with-guava) with ExternalDependencyInstrumentingArtifactTransform
[        ] Transforming jna-5.6.0.jar (net.java.dev.jna:jna:5.6.0) with MergeInstrumentationAnalysisTransform
[        ] Transforming netty-codec-socks-4.1.93.Final.jar (io.netty:netty-codec-socks:4.1.93.Final) with InstrumentationAnalysisTransform
[        ] Transforming netty-codec-socks-4.1.93.Final.jar (io.netty:netty-codec-socks:4.1.93.Final) with MergeInstrumentationAnalysisTransform
[        ] Transforming jna-5.6.0.jar (net.java.dev.jna:jna:5.6.0) with ExternalDependencyInstrumentingArtifactTransform
[        ] Transforming netty-codec-4.1.93.Final.jar (io.netty:netty-codec:4.1.93.Final) with InstrumentationAnalysisTransform
[        ] Transforming netty-codec-4.1.93.Final.jar (io.netty:netty-codec:4.1.93.Final) with MergeInstrumentationAnalysisTransform
[        ] Transforming netty-transport-4.1.93.Final.jar (io.netty:netty-transport:4.1.93.Final) with InstrumentationAnalysisTransform
[        ] Transforming netty-transport-4.1.93.Final.jar (io.netty:netty-transport:4.1.93.Final) with MergeInstrumentationAnalysisTransform
[        ] Transforming netty-codec-socks-4.1.93.Final.jar (io.netty:netty-codec-socks:4.1.93.Final) with ExternalDependencyInstrumentingArtifactTransform
[        ] Transforming netty-buffer-4.1.93.Final.jar (io.netty:netty-buffer:4.1.93.Final) with InstrumentationAnalysisTransform
[        ] Transforming netty-codec-4.1.93.Final.jar (io.netty:netty-codec:4.1.93.Final) with ExternalDependencyInstrumentingArtifactTransform
[        ] Transforming netty-buffer-4.1.93.Final.jar (io.netty:netty-buffer:4.1.93.Final) with MergeInstrumentationAnalysisTransform
[        ] Transforming netty-resolver-4.1.93.Final.jar (io.netty:netty-resolver:4.1.93.Final) with InstrumentationAnalysisTransform
[        ] Transforming netty-resolver-4.1.93.Final.jar (io.netty:netty-resolver:4.1.93.Final) with MergeInstrumentationAnalysisTransform
[        ] Transforming netty-common-4.1.93.Final.jar (io.netty:netty-common:4.1.93.Final) with InstrumentationAnalysisTransform
[        ] Transforming netty-common-4.1.93.Final.jar (io.netty:netty-common:4.1.93.Final) with MergeInstrumentationAnalysisTransform
[        ] Transforming netty-resolver-4.1.93.Final.jar (io.netty:netty-resolver:4.1.93.Final) with ExternalDependencyInstrumentingArtifactTransform
[        ] Transforming netty-buffer-4.1.93.Final.jar (io.netty:netty-buffer:4.1.93.Final) with ExternalDependencyInstrumentingArtifactTransform
[        ] Transforming netty-common-4.1.93.Final.jar (io.netty:netty-common:4.1.93.Final) with ExternalDependencyInstrumentingArtifactTransform
[        ] Transforming netty-transport-4.1.93.Final.jar (io.netty:netty-transport:4.1.93.Final) with ExternalDependencyInstrumentingArtifactTransform
[        ] Build was configured to prefer settings repositories over project repositories but repository 'Google5' was added by build file 'C:\Users\jakao\AppData\Local\Pub\Cache\hosted\pub.dev\image_picker_android-0.8.12+23\android\build.gradle'
[        ] Build was configured to prefer settings repositories over project repositories but repository 'MavenRepo5' was added by build file 'C:\Users\jakao\AppData\Local\Pub\Cache\hosted\pub.dev\image_picker_android-0.8.12+23\android\build.gradle'
[        ] Build was configured to prefer settings repositories over project repositories but repository 'Google5' was added by build file 'C:\Users\jakao\AppData\Local\Pub\Cache\hosted\pub.dev\image_picker_android-0.8.12+23\android\build.gradle'
[        ] Build was configured to prefer settings repositories over project repositories but repository 'MavenRepo5' was added by build file 'C:\Users\jakao\AppData\Local\Pub\Cache\hosted\pub.dev\image_picker_android-0.8.12+23\android\build.gradle'
[        ] Build was configured to prefer settings repositories over project repositories but repository 'Google5' was added by build file 'C:\Users\jakao\AppData\Local\Pub\Cache\hosted\pub.dev\image_picker_android-0.8.12+23\android\build.gradle'
[        ] Build was configured to prefer settings repositories over project repositories but repository 'MavenRepo5' was added by build file 'C:\Users\jakao\AppData\Local\Pub\Cache\hosted\pub.dev\image_picker_android-0.8.12+23\android\build.gradle'
[        ] Build was configured to prefer settings repositories over project repositories but repository 'Google5' was added by build file 'C:\Users\jakao\AppData\Local\Pub\Cache\hosted\pub.dev\image_picker_android-0.8.12+23\android\build.gradle'
[        ] Build was configured to prefer settings repositories over project repositories but repository 'MavenRepo5' was added by build file 'C:\Users\jakao\AppData\Local\Pub\Cache\hosted\pub.dev\image_picker_android-0.8.12+23\android\build.gradle'
[        ] Build was configured to prefer settings repositories over project repositories but repository 'Google5' was added by build file 'C:\Users\jakao\AppData\Local\Pub\Cache\hosted\pub.dev\image_picker_android-0.8.12+23\android\build.gradle'
[        ] Build was configured to prefer settings repositories over project repositories but repository 'MavenRepo5' was added by build file 'C:\Users\jakao\AppData\Local\Pub\Cache\hosted\pub.dev\image_picker_android-0.8.12+23\android\build.gradle'
[        ] Build was configured to prefer settings repositories over project repositories but repository 'Google5' was added by build file 'C:\Users\jakao\AppData\Local\Pub\Cache\hosted\pub.dev\image_picker_android-0.8.12+23\android\build.gradle'
[        ] Build was configured to prefer settings repositories over project repositories but repository 'MavenRepo5' was added by build file 'C:\Users\jakao\AppData\Local\Pub\Cache\hosted\pub.dev\image_picker_android-0.8.12+23\android\build.gradle'
[        ] Build was configured to prefer settings repositories over project repositories but repository 'Google5' was added by build file 'C:\Users\jakao\AppData\Local\Pub\Cache\hosted\pub.dev\image_picker_android-0.8.12+23\android\build.gradle'
[        ] Build was configured to prefer settings repositories over project repositories but repository 'MavenRepo5' was added by build file 'C:\Users\jakao\AppData\Local\Pub\Cache\hosted\pub.dev\image_picker_android-0.8.12+23\android\build.gradle'
[        ] Build was configured to prefer settings repositories over project repositories but repository 'Google5' was added by build file 'C:\Users\jakao\AppData\Local\Pub\Cache\hosted\pub.dev\image_picker_android-0.8.12+23\android\build.gradle'
[        ] Build was configured to prefer settings repositories over project repositories but repository 'MavenRepo5' was added by build file 'C:\Users\jakao\AppData\Local\Pub\Cache\hosted\pub.dev\image_picker_android-0.8.12+23\android\build.gradle'
[        ] Build was configured to prefer settings repositories over project repositories but repository 'Google5' was added by build file 'C:\Users\jakao\AppData\Local\Pub\Cache\hosted\pub.dev\image_picker_android-0.8.12+23\android\build.gradle'
[        ] Build was configured to prefer settings repositories over project repositories but repository 'MavenRepo5' was added by build file 'C:\Users\jakao\AppData\Local\Pub\Cache\hosted\pub.dev\image_picker_android-0.8.12+23\android\build.gradle'
[        ] Build was configured to prefer settings repositories over project repositories but repository 'Google5' was added by build file 'C:\Users\jakao\AppData\Local\Pub\Cache\hosted\pub.dev\image_picker_android-0.8.12+23\android\build.gradle'
[        ] Build was configured to prefer settings repositories over project repositories but repository 'MavenRepo5' was added by build file 'C:\Users\jakao\AppData\Local\Pub\Cache\hosted\pub.dev\image_picker_android-0.8.12+23\android\build.gradle'
[        ] Build was configured to prefer settings repositories over project repositories but repository 'Google5' was added by build file 'C:\Users\jakao\AppData\Local\Pub\Cache\hosted\pub.dev\image_picker_android-0.8.12+23\android\build.gradle'
[        ] Build was configured to prefer settings repositories over project repositories but repository 'MavenRepo5' was added by build file 'C:\Users\jakao\AppData\Local\Pub\Cache\hosted\pub.dev\image_picker_android-0.8.12+23\android\build.gradle'
[        ] Build was configured to prefer settings repositories over project repositories but repository 'Google5' was added by build file 'C:\Users\jakao\AppData\Local\Pub\Cache\hosted\pub.dev\image_picker_android-0.8.12+23\android\build.gradle'
[        ] Build was configured to prefer settings repositories over project repositories but repository 'MavenRepo5' was added by build file 'C:\Users\jakao\AppData\Local\Pub\Cache\hosted\pub.dev\image_picker_android-0.8.12+23\android\build.gradle'
[        ] Build was configured to prefer settings repositories over project repositories but repository 'Google5' was added by build file 'C:\Users\jakao\AppData\Local\Pub\Cache\hosted\pub.dev\image_picker_android-0.8.12+23\android\build.gradle'
[        ] Build was configured to prefer settings repositories over project repositories but repository 'MavenRepo5' was added by build file 'C:\Users\jakao\AppData\Local\Pub\Cache\hosted\pub.dev\image_picker_android-0.8.12+23\android\build.gradle'
[        ] Build was configured to prefer settings repositories over project repositories but repository 'Google5' was added by build file 'C:\Users\jakao\AppData\Local\Pub\Cache\hosted\pub.dev\image_picker_android-0.8.12+23\android\build.gradle'
[        ] Build was configured to prefer settings repositories over project repositories but repository 'MavenRepo5' was added by build file 'C:\Users\jakao\AppData\Local\Pub\Cache\hosted\pub.dev\image_picker_android-0.8.12+23\android\build.gradle'
[        ] Build was configured to prefer settings repositories over project repositories but repository 'Google5' was added by build file 'C:\Users\jakao\AppData\Local\Pub\Cache\hosted\pub.dev\image_picker_android-0.8.12+23\android\build.gradle'
[        ] Build was configured to prefer settings repositories over project repositories but repository 'MavenRepo5' was added by build file 'C:\Users\jakao\AppData\Local\Pub\Cache\hosted\pub.dev\image_picker_android-0.8.12+23\android\build.gradle'
[        ] Using default execution profile
[ +321 ms] > Configure project :mobile_scanner
[        ] Evaluating project ':mobile_scanner' using build file 'C:\Users\jakao\AppData\Local\Pub\Cache\hosted\pub.dev\mobile_scanner-7.0.1\android\build.gradle'.
[        ] Transforming gradle-8.10.1.jar (com.android.tools.build:gradle:8.10.1) with InstrumentationAnalysisTransform
[        ] Transforming kotlin-gradle-plugin-1.8.0-gradle76.jar (org.jetbrains.kotlin:kotlin-gradle-plugin:1.8.0) with InstrumentationAnalysisTransform
[        ] Transforming gradle-settings-api-8.10.1.jar (com.android.tools.build:gradle-settings-api:8.10.1) with InstrumentationAnalysisTransform
[        ] Transforming lint-model-31.10.1.jar (com.android.tools.lint:lint-model:31.10.1) with InstrumentationAnalysisTransform
[        ] Transforming builder-8.10.1.jar (com.android.tools.build:builder:8.10.1) with InstrumentationAnalysisTransform
[        ] Transforming manifest-merger-31.10.1.jar (com.android.tools.build:manifest-merger:31.10.1) with InstrumentationAnalysisTransform
[        ] Transforming sdk-common-31.10.1.jar (com.android.tools:sdk-common:31.10.1) with InstrumentationAnalysisTransform
[        ] Transforming sdklib-31.10.1.jar (com.android.tools:sdklib:31.10.1) with InstrumentationAnalysisTransform
[        ] Transforming repository-31.10.1.jar (com.android.tools:repository:31.10.1) with InstrumentationAnalysisTransform
[        ] Transforming gradle-api-8.10.1.jar (com.android.tools.build:gradle-api:8.10.1) with InstrumentationAnalysisTransform
[        ] Transforming builder-test-api-8.10.1.jar (com.android.tools.build:builder-test-api:8.10.1) with InstrumentationAnalysisTransform
[        ] Transforming ddmlib-31.10.1.jar (com.android.tools.ddms:ddmlib:31.10.1) with InstrumentationAnalysisTransform
[        ] Transforming aaptcompiler-8.10.1.jar (com.android.tools.build:aaptcompiler:8.10.1) with InstrumentationAnalysisTransform
[        ] Transforming bundletool-1.18.0.jar (com.android.tools.build:bundletool:1.18.0) with InstrumentationAnalysisTransform
[        ] Transforming aapt2-proto-8.10.1-12782657.jar (com.android.tools.build:aapt2-proto:8.10.1-12782657) with InstrumentationAnalysisTransform
[        ] Transforming crash-31.10.1.jar (com.android.tools.analytics-library:crash:31.10.1) with InstrumentationAnalysisTransform
[        ] Transforming tracker-31.10.1.jar (com.android.tools.analytics-library:tracker:31.10.1) with InstrumentationAnalysisTransform
[        ] Transforming shared-31.10.1.jar (com.android.tools.analytics-library:shared:31.10.1) with InstrumentationAnalysisTransform
[        ] Transforming lint-typedef-remover-31.10.1.jar (com.android.tools.lint:lint-typedef-remover:31.10.1) with InstrumentationAnalysisTransform
[        ] Transforming databinding-compiler-common-8.10.1.jar (androidx.databinding:databinding-compiler-common:8.10.1) with InstrumentationAnalysisTransform
[        ] Transforming databinding-common-8.10.1.jar (androidx.databinding:databinding-common:8.10.1) with InstrumentationAnalysisTransform
[        ] Transforming baseLibrary-8.10.1.jar (com.android.databinding:baseLibrary:8.10.1) with InstrumentationAnalysisTransform
[        ] Transforming layoutlib-api-31.10.1.jar (com.android.tools.layoutlib:layoutlib-api:31.10.1) with InstrumentationAnalysisTransform
[        ] Transforming android-device-provider-ddmlib-proto-31.10.1.jar (com.android.tools.utp:android-device-provider-ddmlib-proto:31.10.1) with InstrumentationAnalysisTransform
[        ] Transforming android-device-provider-gradle-proto-31.10.1.jar (com.android.tools.utp:android-device-provider-gradle-proto:31.10.1) with InstrumentationAnalysisTransform
[        ] Transforming android-device-provider-profile-proto-31.10.1.jar (com.android.tools.utp:android-device-provider-profile-proto:31.10.1) with InstrumentationAnalysisTransform
[        ] Transforming android-test-plugin-host-additional-test-output-proto-31.10.1.jar (com.android.tools.utp:android-test-plugin-host-additional-test-output-proto:31.10.1) with InstrumentationAnalysisTransform
[        ] Transforming android-test-plugin-host-coverage-proto-31.10.1.jar (com.android.tools.utp:android-test-plugin-host-coverage-proto:31.10.1) with InstrumentationAnalysisTransform
[        ] Transforming android-test-plugin-host-emulator-control-proto-31.10.1.jar (com.android.tools.utp:android-test-plugin-host-emulator-control-proto:31.10.1) with InstrumentationAnalysisTransform
[        ] Transforming android-test-plugin-host-logcat-proto-31.10.1.jar (com.android.tools.utp:android-test-plugin-host-logcat-proto:31.10.1) with InstrumentationAnalysisTransform
[        ] Transforming android-test-plugin-host-apk-installer-proto-31.10.1.jar (com.android.tools.utp:android-test-plugin-host-apk-installer-proto:31.10.1) with InstrumentationAnalysisTransform
[        ] Transforming android-test-plugin-result-listener-gradle-proto-31.10.1.jar (com.android.tools.utp:android-test-plugin-result-listener-gradle-proto:31.10.1) with InstrumentationAnalysisTransform
[        ] Transforming builder-model-8.10.1.jar (com.android.tools.build:builder-model:8.10.1) with InstrumentationAnalysisTransform
[        ] Transforming dvlib-31.10.1.jar (com.android.tools:dvlib:31.10.1) with InstrumentationAnalysisTransform
[        ] Transforming common-31.10.1.jar (com.android.tools:common:31.10.1) with InstrumentationAnalysisTransform
[        ] Transforming jetifier-processor-1.0.0-beta10.jar (com.android.tools.build.jetifier:jetifier-processor:1.0.0-beta10) with InstrumentationAnalysisTransform
[        ] Transforming jetifier-core-1.0.0-beta10.jar (com.android.tools.build.jetifier:jetifier-core:1.0.0-beta10) with InstrumentationAnalysisTransform
[        ] Transforming kotlin-reflect-2.1.0.jar (org.jetbrains.kotlin:kotlin-reflect:2.1.0) with InstrumentationAnalysisTransform
[        ] Transforming kotlin-stdlib-jdk7-2.1.0.jar (org.jetbrains.kotlin:kotlin-stdlib-jdk7:2.1.0) with InstrumentationAnalysisTransform
[        ] Transforming kotlin-stdlib-2.1.0.jar (org.jetbrains.kotlin:kotlin-stdlib:2.1.0) with InstrumentationAnalysisTransform
[        ] Transforming kotlin-stdlib-jdk8-2.1.0.jar (org.jetbrains.kotlin:kotlin-stdlib-jdk8:2.1.0) with InstrumentationAnalysisTransform
[        ] Transforming transform-api-2.0.0-deprecated-use-gradle-api.jar (com.android.tools.build:transform-api:2.0.0-deprecated-use-gradle-api) with InstrumentationAnalysisTransform
[        ] Transforming httpmime-4.5.6.jar (org.apache.httpcomponents:httpmime:4.5.6) with InstrumentationAnalysisTransform
[        ] Transforming commons-io-2.16.1.jar (commons-io:commons-io:2.16.1) with InstrumentationAnalysisTransform
[        ] Transforming asm-commons-9.7.1.jar (org.ow2.asm:asm-commons:9.7.1) with InstrumentationAnalysisTransform
[        ] Transforming asm-util-9.7.1.jar (org.ow2.asm:asm-util:9.7.1) with InstrumentationAnalysisTransform
[        ] Transforming asm-analysis-9.7.1.jar (org.ow2.asm:asm-analysis:9.7.1) with InstrumentationAnalysisTransform
[        ] Transforming asm-tree-9.7.1.jar (org.ow2.asm:asm-tree:9.7.1) with InstrumentationAnalysisTransform
[        ] Transforming asm-9.7.1.jar (org.ow2.asm:asm:9.7.1) with InstrumentationAnalysisTransform
[        ] Transforming apkzlib-8.10.1.jar (com.android.tools.build:apkzlib:8.10.1) with InstrumentationAnalysisTransform
[        ] Transforming bcpkix-jdk18on-1.79.jar (org.bouncycastle:bcpkix-jdk18on:1.79) with InstrumentationAnalysisTransform
[        ] Transforming jaxb-runtime-2.3.2.jar (org.glassfish.jaxb:jaxb-runtime:2.3.2) with InstrumentationAnalysisTransform
[        ] Transforming jopt-simple-4.9.jar (net.sf.jopt-simple:jopt-simple:4.9) with InstrumentationAnalysisTransform
[        ] Transforming javapoet-1.10.0.jar (com.squareup:javapoet:1.10.0) with InstrumentationAnalysisTransform
[        ] Transforming protobuf-java-util-3.25.5.jar (com.google.protobuf:protobuf-java-util:3.25.5) with InstrumentationAnalysisTransform
[        ] Transforming grpc-protobuf-1.69.1.jar (io.grpc:grpc-protobuf:1.69.1) with InstrumentationAnalysisTransform
[        ] Transforming tink-1.7.0.jar (com.google.crypto.tink:tink:1.7.0) with InstrumentationAnalysisTransform
[        ] Transforming core-proto-0.0.9-alpha03.jar (com.google.testing.platform:core-proto:0.0.9-alpha03) with InstrumentationAnalysisTransform
[        ] Transforming protos-31.10.1.jar (com.android.tools.analytics-library:protos:31.10.1) with InstrumentationAnalysisTransform
[        ] Transforming proto-google-common-protos-2.48.0.jar (com.google.api.grpc:proto-google-common-protos:2.48.0) with InstrumentationAnalysisTransform
[        ] Transforming protobuf-java-3.25.5.jar (com.google.protobuf:protobuf-java:3.25.5) with InstrumentationAnalysisTransform
[        ] Transforming grpc-netty-1.69.1.jar (io.grpc:grpc-netty:1.69.1) with InstrumentationAnalysisTransform
[        ] Transforming grpc-inprocess-1.69.1.jar (io.grpc:grpc-inprocess:1.69.1) with InstrumentationAnalysisTransform
[        ] Transforming grpc-util-1.69.1.jar (io.grpc:grpc-util:1.69.1) with InstrumentationAnalysisTransform
[        ] Transforming grpc-core-1.69.1.jar (io.grpc:grpc-core:1.69.1) with InstrumentationAnalysisTransform
[        ] Transforming gson-2.11.0.jar (com.google.code.gson:gson:2.11.0) with InstrumentationAnalysisTransform
[        ] Transforming grpc-stub-1.69.1.jar (io.grpc:grpc-stub:1.69.1) with InstrumentationAnalysisTransform
[        ] Transforming tensorflow-lite-metadata-0.2.0.jar (org.tensorflow:tensorflow-lite-metadata:0.2.0) with InstrumentationAnalysisTransform
[        ] Transforming flatbuffers-java-1.12.0.jar (com.google.flatbuffers:flatbuffers-java:1.12.0) with InstrumentationAnalysisTransform
[        ] Transforming kotlin-gradle-plugin-model-1.8.0.jar (org.jetbrains.kotlin:kotlin-gradle-plugin-model:1.8.0) with InstrumentationAnalysisTransform
[        ] Transforming kotlin-gradle-plugin-api-1.8.0-gradle76.jar (org.jetbrains.kotlin:kotlin-gradle-plugin-api:1.8.0) with InstrumentationAnalysisTransform
[        ] Transforming kotlin-gradle-plugin-api-1.8.0.jar (org.jetbrains.kotlin:kotlin-gradle-plugin-api:1.8.0) with InstrumentationAnalysisTransform
[        ] Transforming kotlin-gradle-plugin-idea-proto-1.8.0.jar (org.jetbrains.kotlin:kotlin-gradle-plugin-idea-proto:1.8.0) with InstrumentationAnalysisTransform
[        ] Transforming kotlin-gradle-plugin-idea-1.8.0.jar (org.jetbrains.kotlin:kotlin-gradle-plugin-idea:1.8.0) with InstrumentationAnalysisTransform
[        ] Transforming kotlin-project-model-1.8.0.jar (org.jetbrains.kotlin:kotlin-project-model:1.8.0) with InstrumentationAnalysisTransform
[        ] Transforming kotlin-tooling-core-1.8.0.jar (org.jetbrains.kotlin:kotlin-tooling-core:1.8.0) with InstrumentationAnalysisTransform
[        ] Transforming kotlin-util-klib-1.8.0.jar (org.jetbrains.kotlin:kotlin-util-klib:1.8.0) with InstrumentationAnalysisTransform
[        ] Transforming kotlin-klib-commonizer-api-1.8.0.jar (org.jetbrains.kotlin:kotlin-klib-commonizer-api:1.8.0) with InstrumentationAnalysisTransform
[        ] Transforming kotlin-annotation-processing-gradle-1.8.0.jar (org.jetbrains.kotlin:kotlin-annotation-processing-gradle:1.8.0) with InstrumentationAnalysisTransform
[        ] Transforming kotlin-android-extensions-1.8.0.jar (org.jetbrains.kotlin:kotlin-android-extensions:1.8.0) with InstrumentationAnalysisTransform
[        ] Transforming kotlin-compiler-runner-1.8.0.jar (org.jetbrains.kotlin:kotlin-compiler-runner:1.8.0) with InstrumentationAnalysisTransform
[        ] Transforming kotlin-compiler-embeddable-1.8.0.jar (org.jetbrains.kotlin:kotlin-compiler-embeddable:1.8.0) with InstrumentationAnalysisTransform
[        ] Transforming kotlin-scripting-compiler-embeddable-1.8.0.jar (org.jetbrains.kotlin:kotlin-scripting-compiler-embeddable:1.8.0) with InstrumentationAnalysisTransform
[        ] Transforming kotlin-scripting-compiler-impl-embeddable-1.8.0.jar (org.jetbrains.kotlin:kotlin-scripting-compiler-impl-embeddable:1.8.0) with InstrumentationAnalysisTransform
[        ] Transforming jimfs-1.1.jar (com.google.jimfs:jimfs:1.1) with InstrumentationAnalysisTransform
[        ] Transforming grpc-context-1.69.1.jar (io.grpc:grpc-context:1.69.1) with InstrumentationAnalysisTransform
[        ] Transforming grpc-protobuf-lite-1.69.1.jar (io.grpc:grpc-protobuf-lite:1.69.1) with InstrumentationAnalysisTransform
[        ] Transforming grpc-api-1.69.1.jar (io.grpc:grpc-api:1.69.1) with InstrumentationAnalysisTransform
[        ] Transforming guava-33.3.1-jre.jar (com.google.guava:guava:33.3.1-jre) with InstrumentationAnalysisTransform
[        ] Transforming dagger-2.28.3.jar (com.google.dagger:dagger:2.28.3) with InstrumentationAnalysisTransform
[        ] Transforming javax.inject-1.jar (javax.inject:javax.inject:1) with InstrumentationAnalysisTransform
[        ] Transforming kxml2-2.3.0.jar (net.sf.kxml:kxml2:2.3.0) with InstrumentationAnalysisTransform
[        ] Transforming commons-compress-1.21.jar (org.apache.commons:commons-compress:1.21) with InstrumentationAnalysisTransform
[        ] Transforming bcutil-jdk18on-1.79.jar (org.bouncycastle:bcutil-jdk18on:1.79) with InstrumentationAnalysisTransform
[        ] Transforming bcprov-jdk18on-1.79.jar (org.bouncycastle:bcprov-jdk18on:1.79) with InstrumentationAnalysisTransform
[        ] Transforming httpclient-4.5.14.jar (org.apache.httpcomponents:httpclient:4.5.14) with InstrumentationAnalysisTransform
[        ] Transforming httpcore-4.4.16.jar (org.apache.httpcomponents:httpcore:4.4.16) with InstrumentationAnalysisTransform
[        ] Transforming javax.activation-1.2.0.jar (com.sun.activation:javax.activation:1.2.0) with InstrumentationAnalysisTransform
[        ] Transforming annotations-23.0.0.jar (org.jetbrains:annotations:23.0.0) with InstrumentationAnalysisTransform
[        ] Transforming signflinger-8.10.1.jar (com.android:signflinger:8.10.1) with InstrumentationAnalysisTransform
[        ] Transforming zipflinger-8.10.1.jar (com.android:zipflinger:8.10.1) with InstrumentationAnalysisTransform
[        ] Transforming annotations-31.10.1.jar (com.android.tools:annotations:31.10.1) with InstrumentationAnalysisTransform
[        ] Transforming jna-platform-5.6.0.jar (net.java.dev.jna:jna-platform:5.6.0) with InstrumentationAnalysisTransform
[        ] Transforming juniversalchardet-1.0.3.jar (com.googlecode.juniversalchardet:juniversalchardet:1.0.3) with InstrumentationAnalysisTransform
[        ] Transforming javax.annotation-api-1.3.2.jar (javax.annotation:javax.annotation-api:1.3.2) with InstrumentationAnalysisTransform
[        ] Transforming stax-ex-1.8.1.jar (org.jvnet.staxex:stax-ex:1.8.1) with InstrumentationAnalysisTransform
[        ] Transforming jakarta.xml.bind-api-2.3.2.jar (jakarta.xml.bind:jakarta.xml.bind-api:2.3.2) with InstrumentationAnalysisTransform
[        ] Transforming txw2-2.3.2.jar (org.glassfish.jaxb:txw2:2.3.2) with InstrumentationAnalysisTransform
[        ] Transforming istack-commons-runtime-3.0.8.jar (com.sun.istack:istack-commons-runtime:3.0.8) with InstrumentationAnalysisTransform
[        ] Transforming FastInfoset-1.2.16.jar (com.sun.xml.fastinfoset:FastInfoset:1.2.16) with InstrumentationAnalysisTransform
[        ] Transforming jakarta.activation-api-1.2.1.jar (jakarta.activation:jakarta.activation-api:1.2.1) with InstrumentationAnalysisTransform
[        ] Transforming auto-value-annotations-1.6.2.jar (com.google.auto.value:auto-value-annotations:1.6.2) with InstrumentationAnalysisTransform
[        ] Transforming error_prone_annotations-2.30.0.jar (com.google.errorprone:error_prone_annotations:2.30.0) with InstrumentationAnalysisTransform
[        ] Transforming jose4j-0.9.5.jar (org.bitbucket.b_c:jose4j:0.9.5) with InstrumentationAnalysisTransform
[        ] Transforming slf4j-api-1.7.30.jar (org.slf4j:slf4j-api:1.7.30) with InstrumentationAnalysisTransform
[        ] Transforming jdom2-2.0.6.jar (org.jdom:jdom2:2.0.6) with InstrumentationAnalysisTransform
[        ] Transforming jsr305-3.0.2.jar (com.google.code.findbugs:jsr305:3.0.2) with InstrumentationAnalysisTransform
[        ] Transforming j2objc-annotations-3.0.0.jar (com.google.j2objc:j2objc-annotations:3.0.0) with InstrumentationAnalysisTransform
[        ] Transforming annotations-4.1.1.4.jar (com.google.android:annotations:4.1.1.4) with InstrumentationAnalysisTransform
[        ] Transforming animal-sniffer-annotations-1.24.jar (org.codehaus.mojo:animal-sniffer-annotations:1.24) with InstrumentationAnalysisTransform
[        ] Transforming perfmark-api-0.27.0.jar (io.perfmark:perfmark-api:0.27.0) with InstrumentationAnalysisTransform
[        ] Transforming netty-codec-http2-4.1.110.Final.jar (io.netty:netty-codec-http2:4.1.110.Final) with InstrumentationAnalysisTransform
[        ] Transforming netty-handler-proxy-4.1.110.Final.jar (io.netty:netty-handler-proxy:4.1.110.Final) with InstrumentationAnalysisTransform
[        ] Transforming netty-codec-http-4.1.110.Final.jar (io.netty:netty-codec-http:4.1.110.Final) with InstrumentationAnalysisTransform
[        ] Transforming netty-handler-4.1.110.Final.jar (io.netty:netty-handler:4.1.110.Final) with InstrumentationAnalysisTransform
[        ] Transforming netty-transport-native-unix-common-4.1.110.Final.jar (io.netty:netty-transport-native-unix-common:4.1.110.Final) with InstrumentationAnalysisTransform
[        ] Transforming checker-qual-3.43.0.jar (org.checkerframework:checker-qual:3.43.0) with InstrumentationAnalysisTransform
[        ] Transforming apksig-8.10.1.jar (com.android.tools.build:apksig:8.10.1) with InstrumentationAnalysisTransform
[        ] Transforming javawriter-2.5.0.jar (com.squareup:javawriter:2.5.0) with InstrumentationAnalysisTransform
[        ] Transforming kotlin-native-utils-1.8.0.jar (org.jetbrains.kotlin:kotlin-native-utils:1.8.0) with InstrumentationAnalysisTransform
[        ] Transforming kotlin-util-io-1.8.0.jar (org.jetbrains.kotlin:kotlin-util-io:1.8.0) with InstrumentationAnalysisTransform
[        ] Transforming kotlin-daemon-embeddable-1.8.0.jar (org.jetbrains.kotlin:kotlin-daemon-embeddable:1.8.0) with InstrumentationAnalysisTransform
[        ] Transforming trove4j-1.0.20200330.jar (org.jetbrains.intellij.deps:trove4j:1.0.20200330) with InstrumentationAnalysisTransform
[        ] Transforming jna-5.6.0.jar (net.java.dev.jna:jna:5.6.0) with InstrumentationAnalysisTransform
[        ] Transforming kotlin-build-common-1.8.0.jar (org.jetbrains.kotlin:kotlin-build-common:1.8.0) with InstrumentationAnalysisTransform
[        ] Transforming kotlin-daemon-client-1.8.0.jar (org.jetbrains.kotlin:kotlin-daemon-client:1.8.0) with InstrumentationAnalysisTransform
[        ] Transforming kotlinx-coroutines-core-jvm-1.5.0.jar (org.jetbrains.kotlinx:kotlinx-coroutines-core-jvm:1.5.0) with InstrumentationAnalysisTransform
[        ] Transforming kotlin-scripting-jvm-1.8.0.jar (org.jetbrains.kotlin:kotlin-scripting-jvm:1.8.0) with InstrumentationAnalysisTransform
[        ] Transforming kotlin-scripting-common-1.8.0.jar (org.jetbrains.kotlin:kotlin-scripting-common:1.8.0) with InstrumentationAnalysisTransform
[        ] Transforming failureaccess-1.0.2.jar (com.google.guava:failureaccess:1.0.2) with InstrumentationAnalysisTransform
[        ] Transforming listenablefuture-9999.0-empty-to-avoid-conflict-with-guava.jar (com.google.guava:listenablefuture:9999.0-empty-to-avoid-conflict-with-guava) with InstrumentationAnalysisTransform
[        ] Transforming commons-logging-1.2.jar (commons-logging:commons-logging:1.2) with InstrumentationAnalysisTransform
[        ] Transforming commons-codec-1.11.jar (commons-codec:commons-codec:1.11) with InstrumentationAnalysisTransform
[        ] Transforming netty-codec-socks-4.1.110.Final.jar (io.netty:netty-codec-socks:4.1.110.Final) with InstrumentationAnalysisTransform
[        ] Transforming netty-codec-4.1.110.Final.jar (io.netty:netty-codec:4.1.110.Final) with InstrumentationAnalysisTransform
[        ] Transforming netty-transport-4.1.110.Final.jar (io.netty:netty-transport:4.1.110.Final) with InstrumentationAnalysisTransform
[        ] Transforming netty-buffer-4.1.110.Final.jar (io.netty:netty-buffer:4.1.110.Final) with InstrumentationAnalysisTransform
[        ] Transforming netty-resolver-4.1.110.Final.jar (io.netty:netty-resolver:4.1.110.Final) with InstrumentationAnalysisTransform
[        ] Transforming netty-common-4.1.110.Final.jar (io.netty:netty-common:4.1.110.Final) with InstrumentationAnalysisTransform
[        ] Transforming gradle-8.10.1.jar (com.android.tools.build:gradle:8.10.1) with InstrumentationAnalysisTransform
[        ] Transforming gradle-8.10.1.jar (com.android.tools.build:gradle:8.10.1) with MergeInstrumentationAnalysisTransform
[        ] Transforming kotlin-gradle-plugin-1.8.0-gradle76.jar (org.jetbrains.kotlin:kotlin-gradle-plugin:1.8.0) with InstrumentationAnalysisTransform
[        ] Transforming kotlin-gradle-plugin-1.8.0-gradle76.jar (org.jetbrains.kotlin:kotlin-gradle-plugin:1.8.0) with MergeInstrumentationAnalysisTransform
[        ] Transforming gradle-settings-api-8.10.1.jar (com.android.tools.build:gradle-settings-api:8.10.1) with InstrumentationAnalysisTransform
[        ] Transforming gradle-settings-api-8.10.1.jar (com.android.tools.build:gradle-settings-api:8.10.1) with MergeInstrumentationAnalysisTransform
[        ] Transforming lint-model-31.10.1.jar (com.android.tools.lint:lint-model:31.10.1) with InstrumentationAnalysisTransform
[        ] Transforming lint-model-31.10.1.jar (com.android.tools.lint:lint-model:31.10.1) with MergeInstrumentationAnalysisTransform
[        ] Transforming builder-8.10.1.jar (com.android.tools.build:builder:8.10.1) with InstrumentationAnalysisTransform
[        ] Transforming builder-8.10.1.jar (com.android.tools.build:builder:8.10.1) with MergeInstrumentationAnalysisTransform
[        ] Transforming manifest-merger-31.10.1.jar (com.android.tools.build:manifest-merger:31.10.1) with InstrumentationAnalysisTransform
[        ] Transforming gradle-8.10.1.jar (com.android.tools.build:gradle:8.10.1) with ExternalDependencyInstrumentingArtifactTransform
[        ] Transforming kotlin-gradle-plugin-1.8.0-gradle76.jar (org.jetbrains.kotlin:kotlin-gradle-plugin:1.8.0) with ExternalDependencyInstrumentingArtifactTransform
[        ] Transforming lint-model-31.10.1.jar (com.android.tools.lint:lint-model:31.10.1) with ExternalDependencyInstrumentingArtifactTransform
[        ] Transforming manifest-merger-31.10.1.jar (com.android.tools.build:manifest-merger:31.10.1) with MergeInstrumentationAnalysisTransform
[        ] Transforming gradle-settings-api-8.10.1.jar (com.android.tools.build:gradle-settings-api:8.10.1) with ExternalDependencyInstrumentingArtifactTransform
[        ] Transforming builder-8.10.1.jar (com.android.tools.build:builder:8.10.1) with ExternalDependencyInstrumentingArtifactTransform
[        ] Transforming sdk-common-31.10.1.jar (com.android.tools:sdk-common:31.10.1) with InstrumentationAnalysisTransform
[        ] Transforming manifest-merger-31.10.1.jar (com.android.tools.build:manifest-merger:31.10.1) with ExternalDependencyInstrumentingArtifactTransform
[        ] Transforming sdk-common-31.10.1.jar (com.android.tools:sdk-common:31.10.1) with MergeInstrumentationAnalysisTransform
[        ] Transforming sdklib-31.10.1.jar (com.android.tools:sdklib:31.10.1) with InstrumentationAnalysisTransform
[        ] Transforming sdklib-31.10.1.jar (com.android.tools:sdklib:31.10.1) with MergeInstrumentationAnalysisTransform
[        ] Transforming repository-31.10.1.jar (com.android.tools:repository:31.10.1) with InstrumentationAnalysisTransform
[        ] Transforming sdk-common-31.10.1.jar (com.android.tools:sdk-common:31.10.1) with ExternalDependencyInstrumentingArtifactTransform
[        ] Transforming repository-31.10.1.jar (com.android.tools:repository:31.10.1) with MergeInstrumentationAnalysisTransform
[        ] Transforming gradle-api-8.10.1.jar (com.android.tools.build:gradle-api:8.10.1) with InstrumentationAnalysisTransform
[        ] Transforming sdklib-31.10.1.jar (com.android.tools:sdklib:31.10.1) with ExternalDependencyInstrumentingArtifactTransform
[        ] Transforming gradle-api-8.10.1.jar (com.android.tools.build:gradle-api:8.10.1) with MergeInstrumentationAnalysisTransform
[        ] Transforming repository-31.10.1.jar (com.android.tools:repository:31.10.1) with ExternalDependencyInstrumentingArtifactTransform
[        ] Transforming builder-test-api-8.10.1.jar (com.android.tools.build:builder-test-api:8.10.1) with InstrumentationAnalysisTransform
[        ] Transforming builder-test-api-8.10.1.jar (com.android.tools.build:builder-test-api:8.10.1) with MergeInstrumentationAnalysisTransform
[        ] Transforming gradle-api-8.10.1.jar (com.android.tools.build:gradle-api:8.10.1) with ExternalDependencyInstrumentingArtifactTransform
[        ] Transforming ddmlib-31.10.1.jar (com.android.tools.ddms:ddmlib:31.10.1) with InstrumentationAnalysisTransform
[        ] Transforming ddmlib-31.10.1.jar (com.android.tools.ddms:ddmlib:31.10.1) with MergeInstrumentationAnalysisTransform
[        ] Transforming aaptcompiler-8.10.1.jar (com.android.tools.build:aaptcompiler:8.10.1) with InstrumentationAnalysisTransform
[        ] Transforming aaptcompiler-8.10.1.jar (com.android.tools.build:aaptcompiler:8.10.1) with MergeInstrumentationAnalysisTransform
[        ] Transforming bundletool-1.18.0.jar (com.android.tools.build:bundletool:1.18.0) with InstrumentationAnalysisTransform
[        ] Transforming ddmlib-31.10.1.jar (com.android.tools.ddms:ddmlib:31.10.1) with ExternalDependencyInstrumentingArtifactTransform
[        ] Transforming bundletool-1.18.0.jar (com.android.tools.build:bundletool:1.18.0) with MergeInstrumentationAnalysisTransform
[        ] Transforming aapt2-proto-8.10.1-12782657.jar (com.android.tools.build:aapt2-proto:8.10.1-12782657) with InstrumentationAnalysisTransform
[        ] Transforming aapt2-proto-8.10.1-12782657.jar (com.android.tools.build:aapt2-proto:8.10.1-12782657) with MergeInstrumentationAnalysisTransform
[        ] Transforming aaptcompiler-8.10.1.jar (com.android.tools.build:aaptcompiler:8.10.1) with ExternalDependencyInstrumentingArtifactTransform
[        ] Transforming crash-31.10.1.jar (com.android.tools.analytics-library:crash:31.10.1) with InstrumentationAnalysisTransform
[        ] Transforming aapt2-proto-8.10.1-12782657.jar (com.android.tools.build:aapt2-proto:8.10.1-12782657) with ExternalDependencyInstrumentingArtifactTransform
[        ] Transforming bundletool-1.18.0.jar (com.android.tools.build:bundletool:1.18.0) with ExternalDependencyInstrumentingArtifactTransform
[        ] Transforming crash-31.10.1.jar (com.android.tools.analytics-library:crash:31.10.1) with MergeInstrumentationAnalysisTransform
[        ] Transforming tracker-31.10.1.jar (com.android.tools.analytics-library:tracker:31.10.1) with InstrumentationAnalysisTransform
[        ] Transforming tracker-31.10.1.jar (com.android.tools.analytics-library:tracker:31.10.1) with MergeInstrumentationAnalysisTransform
[        ] Transforming shared-31.10.1.jar (com.android.tools.analytics-library:shared:31.10.1) with InstrumentationAnalysisTransform
[        ] Transforming crash-31.10.1.jar (com.android.tools.analytics-library:crash:31.10.1) with ExternalDependencyInstrumentingArtifactTransform
[        ] Transforming shared-31.10.1.jar (com.android.tools.analytics-library:shared:31.10.1) with MergeInstrumentationAnalysisTransform
[        ] Transforming lint-typedef-remover-31.10.1.jar (com.android.tools.lint:lint-typedef-remover:31.10.1) with InstrumentationAnalysisTransform
[        ] Transforming tracker-31.10.1.jar (com.android.tools.analytics-library:tracker:31.10.1) with ExternalDependencyInstrumentingArtifactTransform
[        ] Transforming shared-31.10.1.jar (com.android.tools.analytics-library:shared:31.10.1) with ExternalDependencyInstrumentingArtifactTransform
[        ] Transforming lint-typedef-remover-31.10.1.jar (com.android.tools.lint:lint-typedef-remover:31.10.1) with MergeInstrumentationAnalysisTransform
[        ] Transforming databinding-compiler-common-8.10.1.jar (androidx.databinding:databinding-compiler-common:8.10.1) with InstrumentationAnalysisTransform
[        ] Transforming builder-test-api-8.10.1.jar (com.android.tools.build:builder-test-api:8.10.1) with ExternalDependencyInstrumentingArtifactTransform
[        ] Transforming lint-typedef-remover-31.10.1.jar (com.android.tools.lint:lint-typedef-remover:31.10.1) with ExternalDependencyInstrumentingArtifactTransform
[        ] Transforming databinding-compiler-common-8.10.1.jar (androidx.databinding:databinding-compiler-common:8.10.1) with MergeInstrumentationAnalysisTransform
[        ] Transforming databinding-common-8.10.1.jar (androidx.databinding:databinding-common:8.10.1) with InstrumentationAnalysisTransform
[        ] Transforming databinding-compiler-common-8.10.1.jar (androidx.databinding:databinding-compiler-common:8.10.1) with ExternalDependencyInstrumentingArtifactTransform
[        ] Transforming databinding-common-8.10.1.jar (androidx.databinding:databinding-common:8.10.1) with MergeInstrumentationAnalysisTransform
[        ] Transforming baseLibrary-8.10.1.jar (com.android.databinding:baseLibrary:8.10.1) with InstrumentationAnalysisTransform
[        ] Transforming baseLibrary-8.10.1.jar (com.android.databinding:baseLibrary:8.10.1) with MergeInstrumentationAnalysisTransform
[        ] Transforming layoutlib-api-31.10.1.jar (com.android.tools.layoutlib:layoutlib-api:31.10.1) with InstrumentationAnalysisTransform
[        ] Transforming databinding-common-8.10.1.jar (androidx.databinding:databinding-common:8.10.1) with ExternalDependencyInstrumentingArtifactTransform
[        ] Transforming layoutlib-api-31.10.1.jar (com.android.tools.layoutlib:layoutlib-api:31.10.1) with MergeInstrumentationAnalysisTransform
[        ] Transforming android-device-provider-ddmlib-proto-31.10.1.jar (com.android.tools.utp:android-device-provider-ddmlib-proto:31.10.1) with InstrumentationAnalysisTransform
[        ] Transforming baseLibrary-8.10.1.jar (com.android.databinding:baseLibrary:8.10.1) with ExternalDependencyInstrumentingArtifactTransform
[        ] Transforming android-device-provider-ddmlib-proto-31.10.1.jar (com.android.tools.utp:android-device-provider-ddmlib-proto:31.10.1) with MergeInstrumentationAnalysisTransform
[        ] Transforming layoutlib-api-31.10.1.jar (com.android.tools.layoutlib:layoutlib-api:31.10.1) with ExternalDependencyInstrumentingArtifactTransform
[        ] Transforming android-device-provider-gradle-proto-31.10.1.jar (com.android.tools.utp:android-device-provider-gradle-proto:31.10.1) with InstrumentationAnalysisTransform
[        ] Transforming android-device-provider-ddmlib-proto-31.10.1.jar (com.android.tools.utp:android-device-provider-ddmlib-proto:31.10.1) with ExternalDependencyInstrumentingArtifactTransform
[        ] Transforming android-device-provider-gradle-proto-31.10.1.jar (com.android.tools.utp:android-device-provider-gradle-proto:31.10.1) with MergeInstrumentationAnalysisTransform
[        ] Transforming android-device-provider-profile-proto-31.10.1.jar (com.android.tools.utp:android-device-provider-profile-proto:31.10.1) with InstrumentationAnalysisTransform
[        ] Transforming android-device-provider-profile-proto-31.10.1.jar (com.android.tools.utp:android-device-provider-profile-proto:31.10.1) with MergeInstrumentationAnalysisTransform
[        ] Transforming android-device-provider-gradle-proto-31.10.1.jar (com.android.tools.utp:android-device-provider-gradle-proto:31.10.1) with ExternalDependencyInstrumentingArtifactTransform
[        ] Transforming android-test-plugin-host-additional-test-output-proto-31.10.1.jar (com.android.tools.utp:android-test-plugin-host-additional-test-output-proto:31.10.1) with InstrumentationAnalysisTransform
[        ] Transforming android-test-plugin-host-additional-test-output-proto-31.10.1.jar (com.android.tools.utp:android-test-plugin-host-additional-test-output-proto:31.10.1) with MergeInstrumentationAnalysisTransform
[        ] Transforming android-device-provider-profile-proto-31.10.1.jar (com.android.tools.utp:android-device-provider-profile-proto:31.10.1) with ExternalDependencyInstrumentingArtifactTransform
[        ] Transforming android-test-plugin-host-coverage-proto-31.10.1.jar (com.android.tools.utp:android-test-plugin-host-coverage-proto:31.10.1) with InstrumentationAnalysisTransform
[        ] Transforming android-test-plugin-host-coverage-proto-31.10.1.jar (com.android.tools.utp:android-test-plugin-host-coverage-proto:31.10.1) with MergeInstrumentationAnalysisTransform
[        ] Transforming android-test-plugin-host-emulator-control-proto-31.10.1.jar (com.android.tools.utp:android-test-plugin-host-emulator-control-proto:31.10.1) with InstrumentationAnalysisTransform
[        ] Transforming android-test-plugin-host-emulator-control-proto-31.10.1.jar (com.android.tools.utp:android-test-plugin-host-emulator-control-proto:31.10.1) with MergeInstrumentationAnalysisTransform
[        ] Transforming android-test-plugin-host-additional-test-output-proto-31.10.1.jar (com.android.tools.utp:android-test-plugin-host-additional-test-output-proto:31.10.1) with ExternalDependencyInstrumentingArtifactTransform
[        ] Transforming android-test-plugin-host-coverage-proto-31.10.1.jar (com.android.tools.utp:android-test-plugin-host-coverage-proto:31.10.1) with ExternalDependencyInstrumentingArtifactTransform
[        ] Transforming android-test-plugin-host-logcat-proto-31.10.1.jar (com.android.tools.utp:android-test-plugin-host-logcat-proto:31.10.1) with InstrumentationAnalysisTransform
[        ] Transforming android-test-plugin-host-emulator-control-proto-31.10.1.jar (com.android.tools.utp:android-test-plugin-host-emulator-control-proto:31.10.1) with ExternalDependencyInstrumentingArtifactTransform
[        ] Transforming android-test-plugin-host-logcat-proto-31.10.1.jar (com.android.tools.utp:android-test-plugin-host-logcat-proto:31.10.1) with MergeInstrumentationAnalysisTransform
[        ] Transforming android-test-plugin-host-apk-installer-proto-31.10.1.jar (com.android.tools.utp:android-test-plugin-host-apk-installer-proto:31.10.1) with InstrumentationAnalysisTransform
[        ] Transforming android-test-plugin-host-apk-installer-proto-31.10.1.jar (com.android.tools.utp:android-test-plugin-host-apk-installer-proto:31.10.1) with MergeInstrumentationAnalysisTransform
[        ] Transforming android-test-plugin-result-listener-gradle-proto-31.10.1.jar (com.android.tools.utp:android-test-plugin-result-listener-gradle-proto:31.10.1) with InstrumentationAnalysisTransform
[        ] Transforming android-test-plugin-host-logcat-proto-31.10.1.jar (com.android.tools.utp:android-test-plugin-host-logcat-proto:31.10.1) with ExternalDependencyInstrumentingArtifactTransform
[        ] Transforming android-test-plugin-result-listener-gradle-proto-31.10.1.jar (com.android.tools.utp:android-test-plugin-result-listener-gradle-proto:31.10.1) with MergeInstrumentationAnalysisTransform
[        ] Transforming builder-model-8.10.1.jar (com.android.tools.build:builder-model:8.10.1) with InstrumentationAnalysisTransform
[        ] Transforming android-test-plugin-host-apk-installer-proto-31.10.1.jar (com.android.tools.utp:android-test-plugin-host-apk-installer-proto:31.10.1) with ExternalDependencyInstrumentingArtifactTransform
[        ] Transforming builder-model-8.10.1.jar (com.android.tools.build:builder-model:8.10.1) with MergeInstrumentationAnalysisTransform
[        ] Transforming dvlib-31.10.1.jar (com.android.tools:dvlib:31.10.1) with InstrumentationAnalysisTransform
[        ] Transforming android-test-plugin-result-listener-gradle-proto-31.10.1.jar (com.android.tools.utp:android-test-plugin-result-listener-gradle-proto:31.10.1) with ExternalDependencyInstrumentingArtifactTransform
[        ] Transforming dvlib-31.10.1.jar (com.android.tools:dvlib:31.10.1) with MergeInstrumentationAnalysisTransform
[        ] Transforming common-31.10.1.jar (com.android.tools:common:31.10.1) with InstrumentationAnalysisTransform
[        ] Transforming builder-model-8.10.1.jar (com.android.tools.build:builder-model:8.10.1) with ExternalDependencyInstrumentingArtifactTransform
[        ] Transforming common-31.10.1.jar (com.android.tools:common:31.10.1) with MergeInstrumentationAnalysisTransform
[        ] Transforming dvlib-31.10.1.jar (com.android.tools:dvlib:31.10.1) with ExternalDependencyInstrumentingArtifactTransform
[        ] Transforming jetifier-processor-1.0.0-beta10.jar (com.android.tools.build.jetifier:jetifier-processor:1.0.0-beta10) with InstrumentationAnalysisTransform
[        ] Transforming jetifier-processor-1.0.0-beta10.jar (com.android.tools.build.jetifier:jetifier-processor:1.0.0-beta10) with MergeInstrumentationAnalysisTransform
[        ] Transforming jetifier-core-1.0.0-beta10.jar (com.android.tools.build.jetifier:jetifier-core:1.0.0-beta10) with InstrumentationAnalysisTransform
[        ] Transforming common-31.10.1.jar (com.android.tools:common:31.10.1) with ExternalDependencyInstrumentingArtifactTransform
[        ] Transforming jetifier-core-1.0.0-beta10.jar (com.android.tools.build.jetifier:jetifier-core:1.0.0-beta10) with MergeInstrumentationAnalysisTransform
[        ] Transforming jetifier-processor-1.0.0-beta10.jar (com.android.tools.build.jetifier:jetifier-processor:1.0.0-beta10) with ExternalDependencyInstrumentingArtifactTransform
[        ] Transforming kotlin-reflect-2.1.0.jar (org.jetbrains.kotlin:kotlin-reflect:2.1.0) with InstrumentationAnalysisTransform
[        ] Transforming jetifier-core-1.0.0-beta10.jar (com.android.tools.build.jetifier:jetifier-core:1.0.0-beta10) with ExternalDependencyInstrumentingArtifactTransform
[        ] Transforming kotlin-reflect-2.1.0.jar (org.jetbrains.kotlin:kotlin-reflect:2.1.0) with MergeInstrumentationAnalysisTransform
[        ] Transforming kotlin-stdlib-jdk7-2.1.0.jar (org.jetbrains.kotlin:kotlin-stdlib-jdk7:2.1.0) with InstrumentationAnalysisTransform
[        ] Transforming kotlin-stdlib-jdk7-2.1.0.jar (org.jetbrains.kotlin:kotlin-stdlib-jdk7:2.1.0) with MergeInstrumentationAnalysisTransform
[        ] Transforming kotlin-stdlib-2.1.0.jar (org.jetbrains.kotlin:kotlin-stdlib:2.1.0) with InstrumentationAnalysisTransform
[        ] Transforming kotlin-reflect-2.1.0.jar (org.jetbrains.kotlin:kotlin-reflect:2.1.0) with ExternalDependencyInstrumentingArtifactTransform
[        ] Transforming kotlin-stdlib-2.1.0.jar (org.jetbrains.kotlin:kotlin-stdlib:2.1.0) with MergeInstrumentationAnalysisTransform
[        ] Transforming kotlin-stdlib-jdk8-2.1.0.jar (org.jetbrains.kotlin:kotlin-stdlib-jdk8:2.1.0) with InstrumentationAnalysisTransform
[        ] Transforming kotlin-stdlib-jdk7-2.1.0.jar (org.jetbrains.kotlin:kotlin-stdlib-jdk7:2.1.0) with ExternalDependencyInstrumentingArtifactTransform
[        ] Transforming kotlin-stdlib-jdk8-2.1.0.jar (org.jetbrains.kotlin:kotlin-stdlib-jdk8:2.1.0) with MergeInstrumentationAnalysisTransform
[        ] Transforming kotlin-stdlib-2.1.0.jar (org.jetbrains.kotlin:kotlin-stdlib:2.1.0) with ExternalDependencyInstrumentingArtifactTransform
[   +1 ms] Transforming transform-api-2.0.0-deprecated-use-gradle-api.jar (com.android.tools.build:transform-api:2.0.0-deprecated-use-gradle-api) with InstrumentationAnalysisTransform
[        ] Transforming kotlin-stdlib-jdk8-2.1.0.jar (org.jetbrains.kotlin:kotlin-stdlib-jdk8:2.1.0) with ExternalDependencyInstrumentingArtifactTransform
[        ] Transforming transform-api-2.0.0-deprecated-use-gradle-api.jar (com.android.tools.build:transform-api:2.0.0-deprecated-use-gradle-api) with MergeInstrumentationAnalysisTransform
[        ] Transforming httpmime-4.5.6.jar (org.apache.httpcomponents:httpmime:4.5.6) with InstrumentationAnalysisTransform
[        ] Transforming httpmime-4.5.6.jar (org.apache.httpcomponents:httpmime:4.5.6) with MergeInstrumentationAnalysisTransform
[        ] Transforming commons-io-2.16.1.jar (commons-io:commons-io:2.16.1) with InstrumentationAnalysisTransform
[        ] Transforming commons-io-2.16.1.jar (commons-io:commons-io:2.16.1) with MergeInstrumentationAnalysisTransform
[        ] Transforming transform-api-2.0.0-deprecated-use-gradle-api.jar (com.android.tools.build:transform-api:2.0.0-deprecated-use-gradle-api) with ExternalDependencyInstrumentingArtifactTransform
[        ] Transforming asm-commons-9.7.1.jar (org.ow2.asm:asm-commons:9.7.1) with InstrumentationAnalysisTransform
[        ] Transforming httpmime-4.5.6.jar (org.apache.httpcomponents:httpmime:4.5.6) with ExternalDependencyInstrumentingArtifactTransform
[        ] Transforming asm-commons-9.7.1.jar (org.ow2.asm:asm-commons:9.7.1) with MergeInstrumentationAnalysisTransform
[        ] Transforming commons-io-2.16.1.jar (commons-io:commons-io:2.16.1) with ExternalDependencyInstrumentingArtifactTransform
[        ] Transforming asm-util-9.7.1.jar (org.ow2.asm:asm-util:9.7.1) with InstrumentationAnalysisTransform
[        ] Transforming asm-util-9.7.1.jar (org.ow2.asm:asm-util:9.7.1) with MergeInstrumentationAnalysisTransform
[        ] Transforming asm-commons-9.7.1.jar (org.ow2.asm:asm-commons:9.7.1) with ExternalDependencyInstrumentingArtifactTransform
[        ] Transforming asm-analysis-9.7.1.jar (org.ow2.asm:asm-analysis:9.7.1) with InstrumentationAnalysisTransform
[        ] Transforming asm-analysis-9.7.1.jar (org.ow2.asm:asm-analysis:9.7.1) with MergeInstrumentationAnalysisTransform
[        ] Transforming asm-util-9.7.1.jar (org.ow2.asm:asm-util:9.7.1) with ExternalDependencyInstrumentingArtifactTransform
[        ] Transforming asm-tree-9.7.1.jar (org.ow2.asm:asm-tree:9.7.1) with InstrumentationAnalysisTransform
[        ] Transforming asm-analysis-9.7.1.jar (org.ow2.asm:asm-analysis:9.7.1) with ExternalDependencyInstrumentingArtifactTransform
[        ] Transforming asm-tree-9.7.1.jar (org.ow2.asm:asm-tree:9.7.1) with MergeInstrumentationAnalysisTransform
[        ] Transforming asm-9.7.1.jar (org.ow2.asm:asm:9.7.1) with InstrumentationAnalysisTransform
[        ] Transforming asm-9.7.1.jar (org.ow2.asm:asm:9.7.1) with MergeInstrumentationAnalysisTransform
[        ] Transforming apkzlib-8.10.1.jar (com.android.tools.build:apkzlib:8.10.1) with InstrumentationAnalysisTransform
[        ] Transforming apkzlib-8.10.1.jar (com.android.tools.build:apkzlib:8.10.1) with MergeInstrumentationAnalysisTransform
[        ] Transforming bcpkix-jdk18on-1.79.jar (org.bouncycastle:bcpkix-jdk18on:1.79) with InstrumentationAnalysisTransform
[        ] Transforming bcpkix-jdk18on-1.79.jar (org.bouncycastle:bcpkix-jdk18on:1.79) with MergeInstrumentationAnalysisTransform
[        ] Transforming asm-9.7.1.jar (org.ow2.asm:asm:9.7.1) with ExternalDependencyInstrumentingArtifactTransform
[        ] Transforming jaxb-runtime-2.3.2.jar (org.glassfish.jaxb:jaxb-runtime:2.3.2) with InstrumentationAnalysisTransform
[        ] Transforming asm-tree-9.7.1.jar (org.ow2.asm:asm-tree:9.7.1) with ExternalDependencyInstrumentingArtifactTransform
[        ] Transforming apkzlib-8.10.1.jar (com.android.tools.build:apkzlib:8.10.1) with ExternalDependencyInstrumentingArtifactTransform
[        ] Transforming bcpkix-jdk18on-1.79.jar (org.bouncycastle:bcpkix-jdk18on:1.79) with ExternalDependencyInstrumentingArtifactTransform
[        ] Transforming jaxb-runtime-2.3.2.jar (org.glassfish.jaxb:jaxb-runtime:2.3.2) with MergeInstrumentationAnalysisTransform
[        ] Transforming jopt-simple-4.9.jar (net.sf.jopt-simple:jopt-simple:4.9) with InstrumentationAnalysisTransform
[        ] Transforming jaxb-runtime-2.3.2.jar (org.glassfish.jaxb:jaxb-runtime:2.3.2) with ExternalDependencyInstrumentingArtifactTransform
[        ] Transforming jopt-simple-4.9.jar (net.sf.jopt-simple:jopt-simple:4.9) with MergeInstrumentationAnalysisTransform
[        ] Transforming javapoet-1.10.0.jar (com.squareup:javapoet:1.10.0) with InstrumentationAnalysisTransform
[        ] Transforming jopt-simple-4.9.jar (net.sf.jopt-simple:jopt-simple:4.9) with ExternalDependencyInstrumentingArtifactTransform
[        ] Transforming javapoet-1.10.0.jar (com.squareup:javapoet:1.10.0) with MergeInstrumentationAnalysisTransform
[        ] Transforming protobuf-java-util-3.25.5.jar (com.google.protobuf:protobuf-java-util:3.25.5) with InstrumentationAnalysisTransform
[        ] Transforming protobuf-java-util-3.25.5.jar (com.google.protobuf:protobuf-java-util:3.25.5) with MergeInstrumentationAnalysisTransform
[        ] Transforming grpc-protobuf-1.69.1.jar (io.grpc:grpc-protobuf:1.69.1) with InstrumentationAnalysisTransform
[        ] Transforming javapoet-1.10.0.jar (com.squareup:javapoet:1.10.0) with ExternalDependencyInstrumentingArtifactTransform
[        ] Transforming grpc-protobuf-1.69.1.jar (io.grpc:grpc-protobuf:1.69.1) with MergeInstrumentationAnalysisTransform
[        ] Transforming protobuf-java-util-3.25.5.jar (com.google.protobuf:protobuf-java-util:3.25.5) with ExternalDependencyInstrumentingArtifactTransform
[        ] Transforming tink-1.7.0.jar (com.google.crypto.tink:tink:1.7.0) with InstrumentationAnalysisTransform
[        ] Transforming tink-1.7.0.jar (com.google.crypto.tink:tink:1.7.0) with MergeInstrumentationAnalysisTransform
[        ] Transforming core-proto-0.0.9-alpha03.jar (com.google.testing.platform:core-proto:0.0.9-alpha03) with InstrumentationAnalysisTransform
[        ] Transforming grpc-protobuf-1.69.1.jar (io.grpc:grpc-protobuf:1.69.1) with ExternalDependencyInstrumentingArtifactTransform
[        ] Transforming core-proto-0.0.9-alpha03.jar (com.google.testing.platform:core-proto:0.0.9-alpha03) with MergeInstrumentationAnalysisTransform
[        ] Transforming tink-1.7.0.jar (com.google.crypto.tink:tink:1.7.0) with ExternalDependencyInstrumentingArtifactTransform
[        ] Transforming protos-31.10.1.jar (com.android.tools.analytics-library:protos:31.10.1) with InstrumentationAnalysisTransform
[        ] Transforming protos-31.10.1.jar (com.android.tools.analytics-library:protos:31.10.1) with MergeInstrumentationAnalysisTransform
[        ] Transforming core-proto-0.0.9-alpha03.jar (com.google.testing.platform:core-proto:0.0.9-alpha03) with ExternalDependencyInstrumentingArtifactTransform
[        ] Transforming proto-google-common-protos-2.48.0.jar (com.google.api.grpc:proto-google-common-protos:2.48.0) with InstrumentationAnalysisTransform
[        ] Transforming protos-31.10.1.jar (com.android.tools.analytics-library:protos:31.10.1) with ExternalDependencyInstrumentingArtifactTransform
[        ] Transforming proto-google-common-protos-2.48.0.jar (com.google.api.grpc:proto-google-common-protos:2.48.0) with MergeInstrumentationAnalysisTransform
[        ] Transforming protobuf-java-3.25.5.jar (com.google.protobuf:protobuf-java:3.25.5) with InstrumentationAnalysisTransform
[        ] Transforming protobuf-java-3.25.5.jar (com.google.protobuf:protobuf-java:3.25.5) with MergeInstrumentationAnalysisTransform
[        ] Transforming grpc-netty-1.69.1.jar (io.grpc:grpc-netty:1.69.1) with InstrumentationAnalysisTransform
[        ] Transforming grpc-netty-1.69.1.jar (io.grpc:grpc-netty:1.69.1) with MergeInstrumentationAnalysisTransform
[        ] Transforming proto-google-common-protos-2.48.0.jar (com.google.api.grpc:proto-google-common-protos:2.48.0) with ExternalDependencyInstrumentingArtifactTransform
[        ] Transforming protobuf-java-3.25.5.jar (com.google.protobuf:protobuf-java:3.25.5) with ExternalDependencyInstrumentingArtifactTransform
[        ] Transforming grpc-inprocess-1.69.1.jar (io.grpc:grpc-inprocess:1.69.1) with InstrumentationAnalysisTransform
[        ] Transforming grpc-netty-1.69.1.jar (io.grpc:grpc-netty:1.69.1) with ExternalDependencyInstrumentingArtifactTransform
[        ] Transforming grpc-inprocess-1.69.1.jar (io.grpc:grpc-inprocess:1.69.1) with MergeInstrumentationAnalysisTransform
[        ] Transforming grpc-util-1.69.1.jar (io.grpc:grpc-util:1.69.1) with InstrumentationAnalysisTransform
[        ] Transforming grpc-util-1.69.1.jar (io.grpc:grpc-util:1.69.1) with MergeInstrumentationAnalysisTransform
[        ] Transforming grpc-inprocess-1.69.1.jar (io.grpc:grpc-inprocess:1.69.1) with ExternalDependencyInstrumentingArtifactTransform
[        ] Transforming grpc-core-1.69.1.jar (io.grpc:grpc-core:1.69.1) with InstrumentationAnalysisTransform
[        ] Transforming grpc-core-1.69.1.jar (io.grpc:grpc-core:1.69.1) with MergeInstrumentationAnalysisTransform
[        ] Transforming grpc-util-1.69.1.jar (io.grpc:grpc-util:1.69.1) with ExternalDependencyInstrumentingArtifactTransform
[        ] Transforming gson-2.11.0.jar (com.google.code.gson:gson:2.11.0) with InstrumentationAnalysisTransform
[        ] Transforming grpc-core-1.69.1.jar (io.grpc:grpc-core:1.69.1) with ExternalDependencyInstrumentingArtifactTransform
[        ] Transforming gson-2.11.0.jar (com.google.code.gson:gson:2.11.0) with MergeInstrumentationAnalysisTransform
[        ] Transforming grpc-stub-1.69.1.jar (io.grpc:grpc-stub:1.69.1) with InstrumentationAnalysisTransform
[        ] Transforming grpc-stub-1.69.1.jar (io.grpc:grpc-stub:1.69.1) with MergeInstrumentationAnalysisTransform
[        ] Transforming gson-2.11.0.jar (com.google.code.gson:gson:2.11.0) with ExternalDependencyInstrumentingArtifactTransform
[        ] Transforming tensorflow-lite-metadata-0.2.0.jar (org.tensorflow:tensorflow-lite-metadata:0.2.0) with InstrumentationAnalysisTransform
[        ] Transforming grpc-stub-1.69.1.jar (io.grpc:grpc-stub:1.69.1) with ExternalDependencyInstrumentingArtifactTransform
[        ] Transforming tensorflow-lite-metadata-0.2.0.jar (org.tensorflow:tensorflow-lite-metadata:0.2.0) with MergeInstrumentationAnalysisTransform
[        ] Transforming flatbuffers-java-1.12.0.jar (com.google.flatbuffers:flatbuffers-java:1.12.0) with InstrumentationAnalysisTransform
[        ] Transforming flatbuffers-java-1.12.0.jar (com.google.flatbuffers:flatbuffers-java:1.12.0) with MergeInstrumentationAnalysisTransform
[        ] Transforming tensorflow-lite-metadata-0.2.0.jar (org.tensorflow:tensorflow-lite-metadata:0.2.0) with ExternalDependencyInstrumentingArtifactTransform
[        ] Transforming flatbuffers-java-1.12.0.jar (com.google.flatbuffers:flatbuffers-java:1.12.0) with ExternalDependencyInstrumentingArtifactTransform
[        ] Transforming kotlin-gradle-plugin-model-1.8.0.jar (org.jetbrains.kotlin:kotlin-gradle-plugin-model:1.8.0) with InstrumentationAnalysisTransform
[        ] Transforming kotlin-gradle-plugin-model-1.8.0.jar (org.jetbrains.kotlin:kotlin-gradle-plugin-model:1.8.0) with MergeInstrumentationAnalysisTransform
[        ] Transforming kotlin-gradle-plugin-api-1.8.0-gradle76.jar (org.jetbrains.kotlin:kotlin-gradle-plugin-api:1.8.0) with InstrumentationAnalysisTransform
[        ] Transforming kotlin-gradle-plugin-api-1.8.0-gradle76.jar (org.jetbrains.kotlin:kotlin-gradle-plugin-api:1.8.0) with MergeInstrumentationAnalysisTransform
[        ] Transforming kotlin-gradle-plugin-api-1.8.0.jar (org.jetbrains.kotlin:kotlin-gradle-plugin-api:1.8.0) with InstrumentationAnalysisTransform
[        ] Transforming kotlin-gradle-plugin-api-1.8.0.jar (org.jetbrains.kotlin:kotlin-gradle-plugin-api:1.8.0) with MergeInstrumentationAnalysisTransform
[        ] Transforming kotlin-gradle-plugin-model-1.8.0.jar (org.jetbrains.kotlin:kotlin-gradle-plugin-model:1.8.0) with ExternalDependencyInstrumentingArtifactTransform
[        ] Transforming kotlin-gradle-plugin-api-1.8.0-gradle76.jar (org.jetbrains.kotlin:kotlin-gradle-plugin-api:1.8.0) with ExternalDependencyInstrumentingArtifactTransform
[        ] Transforming kotlin-gradle-plugin-idea-proto-1.8.0.jar (org.jetbrains.kotlin:kotlin-gradle-plugin-idea-proto:1.8.0) with InstrumentationAnalysisTransform
[        ] Transforming kotlin-gradle-plugin-api-1.8.0.jar (org.jetbrains.kotlin:kotlin-gradle-plugin-api:1.8.0) with ExternalDependencyInstrumentingArtifactTransform
[        ] Transforming kotlin-gradle-plugin-idea-proto-1.8.0.jar (org.jetbrains.kotlin:kotlin-gradle-plugin-idea-proto:1.8.0) with MergeInstrumentationAnalysisTransform
[        ] Transforming kotlin-gradle-plugin-idea-1.8.0.jar (org.jetbrains.kotlin:kotlin-gradle-plugin-idea:1.8.0) with InstrumentationAnalysisTransform
[        ] Transforming kotlin-gradle-plugin-idea-1.8.0.jar (org.jetbrains.kotlin:kotlin-gradle-plugin-idea:1.8.0) with MergeInstrumentationAnalysisTransform
[        ] Transforming kotlin-project-model-1.8.0.jar (org.jetbrains.kotlin:kotlin-project-model:1.8.0) with InstrumentationAnalysisTransform
[        ] Transforming kotlin-gradle-plugin-idea-proto-1.8.0.jar (org.jetbrains.kotlin:kotlin-gradle-plugin-idea-proto:1.8.0) with ExternalDependencyInstrumentingArtifactTransform
[        ] Transforming kotlin-project-model-1.8.0.jar (org.jetbrains.kotlin:kotlin-project-model:1.8.0) with MergeInstrumentationAnalysisTransform
[        ] Transforming kotlin-tooling-core-1.8.0.jar (org.jetbrains.kotlin:kotlin-tooling-core:1.8.0) with InstrumentationAnalysisTransform
[        ] Transforming kotlin-gradle-plugin-idea-1.8.0.jar (org.jetbrains.kotlin:kotlin-gradle-plugin-idea:1.8.0) with ExternalDependencyInstrumentingArtifactTransform
[        ] Transforming kotlin-tooling-core-1.8.0.jar (org.jetbrains.kotlin:kotlin-tooling-core:1.8.0) with MergeInstrumentationAnalysisTransform
[        ] Transforming kotlin-project-model-1.8.0.jar (org.jetbrains.kotlin:kotlin-project-model:1.8.0) with ExternalDependencyInstrumentingArtifactTransform
[        ] Transforming kotlin-util-klib-1.8.0.jar (org.jetbrains.kotlin:kotlin-util-klib:1.8.0) with InstrumentationAnalysisTransform
[        ] Transforming kotlin-tooling-core-1.8.0.jar (org.jetbrains.kotlin:kotlin-tooling-core:1.8.0) with ExternalDependencyInstrumentingArtifactTransform
[        ] Transforming kotlin-util-klib-1.8.0.jar (org.jetbrains.kotlin:kotlin-util-klib:1.8.0) with MergeInstrumentationAnalysisTransform
[        ] Transforming kotlin-klib-commonizer-api-1.8.0.jar (org.jetbrains.kotlin:kotlin-klib-commonizer-api:1.8.0) with InstrumentationAnalysisTransform
[        ] Transforming kotlin-klib-commonizer-api-1.8.0.jar (org.jetbrains.kotlin:kotlin-klib-commonizer-api:1.8.0) with MergeInstrumentationAnalysisTransform
[        ] Transforming kotlin-util-klib-1.8.0.jar (org.jetbrains.kotlin:kotlin-util-klib:1.8.0) with ExternalDependencyInstrumentingArtifactTransform
[        ] Transforming kotlin-annotation-processing-gradle-1.8.0.jar (org.jetbrains.kotlin:kotlin-annotation-processing-gradle:1.8.0) with InstrumentationAnalysisTransform
[        ] Transforming kotlin-klib-commonizer-api-1.8.0.jar (org.jetbrains.kotlin:kotlin-klib-commonizer-api:1.8.0) with ExternalDependencyInstrumentingArtifactTransform
[        ] Transforming kotlin-annotation-processing-gradle-1.8.0.jar (org.jetbrains.kotlin:kotlin-annotation-processing-gradle:1.8.0) with MergeInstrumentationAnalysisTransform
[        ] Transforming kotlin-android-extensions-1.8.0.jar (org.jetbrains.kotlin:kotlin-android-extensions:1.8.0) with InstrumentationAnalysisTransform
[        ] Transforming kotlin-android-extensions-1.8.0.jar (org.jetbrains.kotlin:kotlin-android-extensions:1.8.0) with MergeInstrumentationAnalysisTransform
[        ] Transforming kotlin-compiler-runner-1.8.0.jar (org.jetbrains.kotlin:kotlin-compiler-runner:1.8.0) with InstrumentationAnalysisTransform
[        ] Transforming kotlin-annotation-processing-gradle-1.8.0.jar (org.jetbrains.kotlin:kotlin-annotation-processing-gradle:1.8.0) with ExternalDependencyInstrumentingArtifactTransform
[        ] Transforming kotlin-compiler-runner-1.8.0.jar (org.jetbrains.kotlin:kotlin-compiler-runner:1.8.0) with MergeInstrumentationAnalysisTransform
[        ] Transforming kotlin-android-extensions-1.8.0.jar (org.jetbrains.kotlin:kotlin-android-extensions:1.8.0) with ExternalDependencyInstrumentingArtifactTransform
[        ] Transforming kotlin-compiler-embeddable-1.8.0.jar (org.jetbrains.kotlin:kotlin-compiler-embeddable:1.8.0) with InstrumentationAnalysisTransform
[        ] Transforming kotlin-compiler-runner-1.8.0.jar (org.jetbrains.kotlin:kotlin-compiler-runner:1.8.0) with ExternalDependencyInstrumentingArtifactTransform
[        ] Transforming kotlin-compiler-embeddable-1.8.0.jar (org.jetbrains.kotlin:kotlin-compiler-embeddable:1.8.0) with MergeInstrumentationAnalysisTransform
[        ] Transforming kotlin-scripting-compiler-embeddable-1.8.0.jar (org.jetbrains.kotlin:kotlin-scripting-compiler-embeddable:1.8.0) with InstrumentationAnalysisTransform
[        ] Transforming kotlin-scripting-compiler-embeddable-1.8.0.jar (org.jetbrains.kotlin:kotlin-scripting-compiler-embeddable:1.8.0) with MergeInstrumentationAnalysisTransform
[        ] Transforming kotlin-scripting-compiler-impl-embeddable-1.8.0.jar (org.jetbrains.kotlin:kotlin-scripting-compiler-impl-embeddable:1.8.0) with InstrumentationAnalysisTransform
[        ] Transforming kotlin-scripting-compiler-impl-embeddable-1.8.0.jar (org.jetbrains.kotlin:kotlin-scripting-compiler-impl-embeddable:1.8.0) with MergeInstrumentationAnalysisTransform
[        ] Transforming jimfs-1.1.jar (com.google.jimfs:jimfs:1.1) with InstrumentationAnalysisTransform
[        ] Transforming jimfs-1.1.jar (com.google.jimfs:jimfs:1.1) with MergeInstrumentationAnalysisTransform
[        ] Transforming grpc-context-1.69.1.jar (io.grpc:grpc-context:1.69.1) with InstrumentationAnalysisTransform
[        ] Transforming grpc-context-1.69.1.jar (io.grpc:grpc-context:1.69.1) with MergeInstrumentationAnalysisTransform
[        ] Transforming grpc-protobuf-lite-1.69.1.jar (io.grpc:grpc-protobuf-lite:1.69.1) with InstrumentationAnalysisTransform
[        ] Transforming kotlin-scripting-compiler-impl-embeddable-1.8.0.jar (org.jetbrains.kotlin:kotlin-scripting-compiler-impl-embeddable:1.8.0) with ExternalDependencyInstrumentingArtifactTransform
[        ] Transforming kotlin-compiler-embeddable-1.8.0.jar (org.jetbrains.kotlin:kotlin-compiler-embeddable:1.8.0) with ExternalDependencyInstrumentingArtifactTransform
[        ] Transforming jimfs-1.1.jar (com.google.jimfs:jimfs:1.1) with ExternalDependencyInstrumentingArtifactTransform
[        ] Transforming kotlin-scripting-compiler-embeddable-1.8.0.jar (org.jetbrains.kotlin:kotlin-scripting-compiler-embeddable:1.8.0) with ExternalDependencyInstrumentingArtifactTransform
[        ] Transforming grpc-context-1.69.1.jar (io.grpc:grpc-context:1.69.1) with ExternalDependencyInstrumentingArtifactTransform
[        ] Transforming grpc-protobuf-lite-1.69.1.jar (io.grpc:grpc-protobuf-lite:1.69.1) with MergeInstrumentationAnalysisTransform
[        ] Transforming grpc-api-1.69.1.jar (io.grpc:grpc-api:1.69.1) with InstrumentationAnalysisTransform
[        ] Transforming grpc-api-1.69.1.jar (io.grpc:grpc-api:1.69.1) with MergeInstrumentationAnalysisTransform
[        ] Transforming guava-33.3.1-jre.jar (com.google.guava:guava:33.3.1-jre) with InstrumentationAnalysisTransform
[        ] Transforming grpc-protobuf-lite-1.69.1.jar (io.grpc:grpc-protobuf-lite:1.69.1) with ExternalDependencyInstrumentingArtifactTransform
[        ] Transforming guava-33.3.1-jre.jar (com.google.guava:guava:33.3.1-jre) with MergeInstrumentationAnalysisTransform
[        ] Transforming dagger-2.28.3.jar (com.google.dagger:dagger:2.28.3) with InstrumentationAnalysisTransform
[        ] Transforming dagger-2.28.3.jar (com.google.dagger:dagger:2.28.3) with MergeInstrumentationAnalysisTransform
[        ] Transforming javax.inject-1.jar (javax.inject:javax.inject:1) with InstrumentationAnalysisTransform
[        ] Transforming guava-33.3.1-jre.jar (com.google.guava:guava:33.3.1-jre) with ExternalDependencyInstrumentingArtifactTransform
[        ] Transforming grpc-api-1.69.1.jar (io.grpc:grpc-api:1.69.1) with ExternalDependencyInstrumentingArtifactTransform
[        ] Transforming dagger-2.28.3.jar (com.google.dagger:dagger:2.28.3) with ExternalDependencyInstrumentingArtifactTransform
[        ] Transforming javax.inject-1.jar (javax.inject:javax.inject:1) with MergeInstrumentationAnalysisTransform
[        ] Transforming kxml2-2.3.0.jar (net.sf.kxml:kxml2:2.3.0) with InstrumentationAnalysisTransform
[        ] Transforming kxml2-2.3.0.jar (net.sf.kxml:kxml2:2.3.0) with MergeInstrumentationAnalysisTransform
[        ] Transforming commons-compress-1.21.jar (org.apache.commons:commons-compress:1.21) with InstrumentationAnalysisTransform
[        ] Transforming javax.inject-1.jar (javax.inject:javax.inject:1) with ExternalDependencyInstrumentingArtifactTransform
[        ] Transforming commons-compress-1.21.jar (org.apache.commons:commons-compress:1.21) with MergeInstrumentationAnalysisTransform
[        ] Transforming kxml2-2.3.0.jar (net.sf.kxml:kxml2:2.3.0) with ExternalDependencyInstrumentingArtifactTransform
[        ] Transforming bcutil-jdk18on-1.79.jar (org.bouncycastle:bcutil-jdk18on:1.79) with InstrumentationAnalysisTransform
[        ] Transforming commons-compress-1.21.jar (org.apache.commons:commons-compress:1.21) with ExternalDependencyInstrumentingArtifactTransform
[        ] Transforming bcutil-jdk18on-1.79.jar (org.bouncycastle:bcutil-jdk18on:1.79) with MergeInstrumentationAnalysisTransform
[        ] Transforming bcprov-jdk18on-1.79.jar (org.bouncycastle:bcprov-jdk18on:1.79) with InstrumentationAnalysisTransform
[        ] Transforming bcprov-jdk18on-1.79.jar (org.bouncycastle:bcprov-jdk18on:1.79) with MergeInstrumentationAnalysisTransform
[        ] Transforming httpclient-4.5.14.jar (org.apache.httpcomponents:httpclient:4.5.14) with InstrumentationAnalysisTransform
[        ] Transforming httpclient-4.5.14.jar (org.apache.httpcomponents:httpclient:4.5.14) with MergeInstrumentationAnalysisTransform
[        ] Transforming httpcore-4.4.16.jar (org.apache.httpcomponents:httpcore:4.4.16) with InstrumentationAnalysisTransform
[        ] Transforming httpcore-4.4.16.jar (org.apache.httpcomponents:httpcore:4.4.16) with MergeInstrumentationAnalysisTransform
[        ] Transforming javax.activation-1.2.0.jar (com.sun.activation:javax.activation:1.2.0) with InstrumentationAnalysisTransform
[        ] Transforming bcutil-jdk18on-1.79.jar (org.bouncycastle:bcutil-jdk18on:1.79) with ExternalDependencyInstrumentingArtifactTransform
[        ] Transforming javax.activation-1.2.0.jar (com.sun.activation:javax.activation:1.2.0) with MergeInstrumentationAnalysisTransform
[        ] Transforming annotations-23.0.0.jar (org.jetbrains:annotations:23.0.0) with InstrumentationAnalysisTransform
[        ] Transforming annotations-23.0.0.jar (org.jetbrains:annotations:23.0.0) with MergeInstrumentationAnalysisTransform
[        ] Transforming signflinger-8.10.1.jar (com.android:signflinger:8.10.1) with InstrumentationAnalysisTransform
[        ] Transforming signflinger-8.10.1.jar (com.android:signflinger:8.10.1) with MergeInstrumentationAnalysisTransform
[        ] Transforming zipflinger-8.10.1.jar (com.android:zipflinger:8.10.1) with InstrumentationAnalysisTransform
[        ] Transforming httpclient-4.5.14.jar (org.apache.httpcomponents:httpclient:4.5.14) with ExternalDependencyInstrumentingArtifactTransform
[        ] Transforming httpcore-4.4.16.jar (org.apache.httpcomponents:httpcore:4.4.16) with ExternalDependencyInstrumentingArtifactTransform
[        ] Transforming annotations-23.0.0.jar (org.jetbrains:annotations:23.0.0) with ExternalDependencyInstrumentingArtifactTransform
[        ] Transforming bcprov-jdk18on-1.79.jar (org.bouncycastle:bcprov-jdk18on:1.79) with ExternalDependencyInstrumentingArtifactTransform
[        ] Transforming signflinger-8.10.1.jar (com.android:signflinger:8.10.1) with ExternalDependencyInstrumentingArtifactTransform
[        ] Transforming javax.activation-1.2.0.jar (com.sun.activation:javax.activation:1.2.0) with ExternalDependencyInstrumentingArtifactTransform
[        ] Transforming zipflinger-8.10.1.jar (com.android:zipflinger:8.10.1) with MergeInstrumentationAnalysisTransform
[        ] Transforming annotations-31.10.1.jar (com.android.tools:annotations:31.10.1) with InstrumentationAnalysisTransform
[        ] Transforming annotations-31.10.1.jar (com.android.tools:annotations:31.10.1) with MergeInstrumentationAnalysisTransform
[        ] Transforming jna-platform-5.6.0.jar (net.java.dev.jna:jna-platform:5.6.0) with InstrumentationAnalysisTransform
[        ] Transforming jna-platform-5.6.0.jar (net.java.dev.jna:jna-platform:5.6.0) with MergeInstrumentationAnalysisTransform
[        ] Transforming juniversalchardet-1.0.3.jar (com.googlecode.juniversalchardet:juniversalchardet:1.0.3) with InstrumentationAnalysisTransform
[        ] Transforming zipflinger-8.10.1.jar (com.android:zipflinger:8.10.1) with ExternalDependencyInstrumentingArtifactTransform
[        ] Transforming jna-platform-5.6.0.jar (net.java.dev.jna:jna-platform:5.6.0) with ExternalDependencyInstrumentingArtifactTransform
[        ] Transforming annotations-31.10.1.jar (com.android.tools:annotations:31.10.1) with ExternalDependencyInstrumentingArtifactTransform
[        ] Transforming juniversalchardet-1.0.3.jar (com.googlecode.juniversalchardet:juniversalchardet:1.0.3) with MergeInstrumentationAnalysisTransform
[        ] Transforming javax.annotation-api-1.3.2.jar (javax.annotation:javax.annotation-api:1.3.2) with InstrumentationAnalysisTransform
[        ] Transforming javax.annotation-api-1.3.2.jar (javax.annotation:javax.annotation-api:1.3.2) with MergeInstrumentationAnalysisTransform
[        ] Transforming stax-ex-1.8.1.jar (org.jvnet.staxex:stax-ex:1.8.1) with InstrumentationAnalysisTransform
[        ] Transforming stax-ex-1.8.1.jar (org.jvnet.staxex:stax-ex:1.8.1) with MergeInstrumentationAnalysisTransform
[        ] Transforming jakarta.xml.bind-api-2.3.2.jar (jakarta.xml.bind:jakarta.xml.bind-api:2.3.2) with InstrumentationAnalysisTransform
[        ] Transforming jakarta.xml.bind-api-2.3.2.jar (jakarta.xml.bind:jakarta.xml.bind-api:2.3.2) with MergeInstrumentationAnalysisTransform
[        ] Transforming txw2-2.3.2.jar (org.glassfish.jaxb:txw2:2.3.2) with InstrumentationAnalysisTransform
[        ] Transforming txw2-2.3.2.jar (org.glassfish.jaxb:txw2:2.3.2) with MergeInstrumentationAnalysisTransform
[        ] Transforming istack-commons-runtime-3.0.8.jar (com.sun.istack:istack-commons-runtime:3.0.8) with InstrumentationAnalysisTransform
[        ] Transforming istack-commons-runtime-3.0.8.jar (com.sun.istack:istack-commons-runtime:3.0.8) with MergeInstrumentationAnalysisTransform
[        ] Transforming txw2-2.3.2.jar (org.glassfish.jaxb:txw2:2.3.2) with ExternalDependencyInstrumentingArtifactTransform
[        ] Transforming jakarta.xml.bind-api-2.3.2.jar (jakarta.xml.bind:jakarta.xml.bind-api:2.3.2) with ExternalDependencyInstrumentingArtifactTransform
[        ] Transforming juniversalchardet-1.0.3.jar (com.googlecode.juniversalchardet:juniversalchardet:1.0.3) with ExternalDependencyInstrumentingArtifactTransform
[        ] Transforming javax.annotation-api-1.3.2.jar (javax.annotation:javax.annotation-api:1.3.2) with ExternalDependencyInstrumentingArtifactTransform
[        ] Transforming FastInfoset-1.2.16.jar (com.sun.xml.fastinfoset:FastInfoset:1.2.16) with InstrumentationAnalysisTransform
[        ] Transforming FastInfoset-1.2.16.jar (com.sun.xml.fastinfoset:FastInfoset:1.2.16) with MergeInstrumentationAnalysisTransform
[        ] Transforming jakarta.activation-api-1.2.1.jar (jakarta.activation:jakarta.activation-api:1.2.1) with InstrumentationAnalysisTransform
[        ] Transforming jakarta.activation-api-1.2.1.jar (jakarta.activation:jakarta.activation-api:1.2.1) with MergeInstrumentationAnalysisTransform
[        ] Transforming auto-value-annotations-1.6.2.jar (com.google.auto.value:auto-value-annotations:1.6.2) with InstrumentationAnalysisTransform
[        ] Transforming auto-value-annotations-1.6.2.jar (com.google.auto.value:auto-value-annotations:1.6.2) with MergeInstrumentationAnalysisTransform
[        ] Transforming error_prone_annotations-2.30.0.jar (com.google.errorprone:error_prone_annotations:2.30.0) with InstrumentationAnalysisTransform
[        ] Transforming istack-commons-runtime-3.0.8.jar (com.sun.istack:istack-commons-runtime:3.0.8) with ExternalDependencyInstrumentingArtifactTransform
[        ] Transforming stax-ex-1.8.1.jar (org.jvnet.staxex:stax-ex:1.8.1) with ExternalDependencyInstrumentingArtifactTransform
[        ] Transforming auto-value-annotations-1.6.2.jar (com.google.auto.value:auto-value-annotations:1.6.2) with ExternalDependencyInstrumentingArtifactTransform
[        ] Transforming jakarta.activation-api-1.2.1.jar (jakarta.activation:jakarta.activation-api:1.2.1) with ExternalDependencyInstrumentingArtifactTransform
[        ] Transforming FastInfoset-1.2.16.jar (com.sun.xml.fastinfoset:FastInfoset:1.2.16) with ExternalDependencyInstrumentingArtifactTransform
[        ] Transforming error_prone_annotations-2.30.0.jar (com.google.errorprone:error_prone_annotations:2.30.0) with MergeInstrumentationAnalysisTransform
[        ] Transforming jose4j-0.9.5.jar (org.bitbucket.b_c:jose4j:0.9.5) with InstrumentationAnalysisTransform
[        ] Transforming jose4j-0.9.5.jar (org.bitbucket.b_c:jose4j:0.9.5) with MergeInstrumentationAnalysisTransform
[        ] Transforming slf4j-api-1.7.30.jar (org.slf4j:slf4j-api:1.7.30) with InstrumentationAnalysisTransform
[        ] Transforming slf4j-api-1.7.30.jar (org.slf4j:slf4j-api:1.7.30) with MergeInstrumentationAnalysisTransform
[        ] Transforming jdom2-2.0.6.jar (org.jdom:jdom2:2.0.6) with InstrumentationAnalysisTransform
[        ] Transforming jose4j-0.9.5.jar (org.bitbucket.b_c:jose4j:0.9.5) with ExternalDependencyInstrumentingArtifactTransform
[        ] Transforming error_prone_annotations-2.30.0.jar (com.google.errorprone:error_prone_annotations:2.30.0) with ExternalDependencyInstrumentingArtifactTransform
[        ] Transforming slf4j-api-1.7.30.jar (org.slf4j:slf4j-api:1.7.30) with ExternalDependencyInstrumentingArtifactTransform
[        ] Transforming jdom2-2.0.6.jar (org.jdom:jdom2:2.0.6) with MergeInstrumentationAnalysisTransform
[        ] Transforming jsr305-3.0.2.jar (com.google.code.findbugs:jsr305:3.0.2) with InstrumentationAnalysisTransform
[        ] Transforming jsr305-3.0.2.jar (com.google.code.findbugs:jsr305:3.0.2) with MergeInstrumentationAnalysisTransform
[        ] Transforming j2objc-annotations-3.0.0.jar (com.google.j2objc:j2objc-annotations:3.0.0) with InstrumentationAnalysisTransform
[        ] Transforming jdom2-2.0.6.jar (org.jdom:jdom2:2.0.6) with ExternalDependencyInstrumentingArtifactTransform
[        ] Transforming j2objc-annotations-3.0.0.jar (com.google.j2objc:j2objc-annotations:3.0.0) with MergeInstrumentationAnalysisTransform
[        ] Transforming jsr305-3.0.2.jar (com.google.code.findbugs:jsr305:3.0.2) with ExternalDependencyInstrumentingArtifactTransform
[        ] Transforming annotations-4.1.1.4.jar (com.google.android:annotations:4.1.1.4) with InstrumentationAnalysisTransform
[        ] Transforming j2objc-annotations-3.0.0.jar (com.google.j2objc:j2objc-annotations:3.0.0) with ExternalDependencyInstrumentingArtifactTransform
[        ] Transforming annotations-4.1.1.4.jar (com.google.android:annotations:4.1.1.4) with MergeInstrumentationAnalysisTransform
[        ] Transforming animal-sniffer-annotations-1.24.jar (org.codehaus.mojo:animal-sniffer-annotations:1.24) with InstrumentationAnalysisTransform
[        ] Transforming animal-sniffer-annotations-1.24.jar (org.codehaus.mojo:animal-sniffer-annotations:1.24) with MergeInstrumentationAnalysisTransform
[        ] Transforming perfmark-api-0.27.0.jar (io.perfmark:perfmark-api:0.27.0) with InstrumentationAnalysisTransform
[        ] Transforming annotations-4.1.1.4.jar (com.google.android:annotations:4.1.1.4) with ExternalDependencyInstrumentingArtifactTransform
[        ] Transforming perfmark-api-0.27.0.jar (io.perfmark:perfmark-api:0.27.0) with MergeInstrumentationAnalysisTransform
[        ] Transforming netty-codec-http2-4.1.110.Final.jar (io.netty:netty-codec-http2:4.1.110.Final) with InstrumentationAnalysisTransform
[        ] Transforming animal-sniffer-annotations-1.24.jar (org.codehaus.mojo:animal-sniffer-annotations:1.24) with ExternalDependencyInstrumentingArtifactTransform
[        ] Transforming netty-codec-http2-4.1.110.Final.jar (io.netty:netty-codec-http2:4.1.110.Final) with MergeInstrumentationAnalysisTransform
[        ] Transforming perfmark-api-0.27.0.jar (io.perfmark:perfmark-api:0.27.0) with ExternalDependencyInstrumentingArtifactTransform
[        ] Transforming netty-handler-proxy-4.1.110.Final.jar (io.netty:netty-handler-proxy:4.1.110.Final) with InstrumentationAnalysisTransform
[        ] Transforming netty-codec-http2-4.1.110.Final.jar (io.netty:netty-codec-http2:4.1.110.Final) with ExternalDependencyInstrumentingArtifactTransform
[        ] Transforming netty-handler-proxy-4.1.110.Final.jar (io.netty:netty-handler-proxy:4.1.110.Final) with MergeInstrumentationAnalysisTransform
[        ] Transforming netty-codec-http-4.1.110.Final.jar (io.netty:netty-codec-http:4.1.110.Final) with InstrumentationAnalysisTransform
[        ] Transforming netty-codec-http-4.1.110.Final.jar (io.netty:netty-codec-http:4.1.110.Final) with MergeInstrumentationAnalysisTransform
[        ] Transforming netty-handler-proxy-4.1.110.Final.jar (io.netty:netty-handler-proxy:4.1.110.Final) with ExternalDependencyInstrumentingArtifactTransform
[        ] Transforming netty-handler-4.1.110.Final.jar (io.netty:netty-handler:4.1.110.Final) with InstrumentationAnalysisTransform
[        ] Transforming netty-handler-4.1.110.Final.jar (io.netty:netty-handler:4.1.110.Final) with MergeInstrumentationAnalysisTransform
[        ] Transforming netty-codec-http-4.1.110.Final.jar (io.netty:netty-codec-http:4.1.110.Final) with ExternalDependencyInstrumentingArtifactTransform
[        ] Transforming netty-transport-native-unix-common-4.1.110.Final.jar (io.netty:netty-transport-native-unix-common:4.1.110.Final) with InstrumentationAnalysisTransform
[        ] Transforming netty-handler-4.1.110.Final.jar (io.netty:netty-handler:4.1.110.Final) with ExternalDependencyInstrumentingArtifactTransform
[        ] Transforming netty-transport-native-unix-common-4.1.110.Final.jar (io.netty:netty-transport-native-unix-common:4.1.110.Final) with MergeInstrumentationAnalysisTransform
[        ] Transforming checker-qual-3.43.0.jar (org.checkerframework:checker-qual:3.43.0) with InstrumentationAnalysisTransform
[        ] Transforming checker-qual-3.43.0.jar (org.checkerframework:checker-qual:3.43.0) with MergeInstrumentationAnalysisTransform
[        ] Transforming apksig-8.10.1.jar (com.android.tools.build:apksig:8.10.1) with InstrumentationAnalysisTransform
[        ] Transforming apksig-8.10.1.jar (com.android.tools.build:apksig:8.10.1) with MergeInstrumentationAnalysisTransform
[        ] Transforming netty-transport-native-unix-common-4.1.110.Final.jar (io.netty:netty-transport-native-unix-common:4.1.110.Final) with ExternalDependencyInstrumentingArtifactTransform
[        ] Transforming checker-qual-3.43.0.jar (org.checkerframework:checker-qual:3.43.0) with ExternalDependencyInstrumentingArtifactTransform
[        ] Transforming javawriter-2.5.0.jar (com.squareup:javawriter:2.5.0) with InstrumentationAnalysisTransform
[        ] Transforming javawriter-2.5.0.jar (com.squareup:javawriter:2.5.0) with MergeInstrumentationAnalysisTransform
[        ] Transforming kotlin-native-utils-1.8.0.jar (org.jetbrains.kotlin:kotlin-native-utils:1.8.0) with InstrumentationAnalysisTransform
[        ] Transforming kotlin-native-utils-1.8.0.jar (org.jetbrains.kotlin:kotlin-native-utils:1.8.0) with MergeInstrumentationAnalysisTransform
[        ] Transforming kotlin-util-io-1.8.0.jar (org.jetbrains.kotlin:kotlin-util-io:1.8.0) with InstrumentationAnalysisTransform
[   +1 ms] Transforming javawriter-2.5.0.jar (com.squareup:javawriter:2.5.0) with ExternalDependencyInstrumentingArtifactTransform
[        ] Transforming apksig-8.10.1.jar (com.android.tools.build:apksig:8.10.1) with ExternalDependencyInstrumentingArtifactTransform
[        ] Transforming kotlin-util-io-1.8.0.jar (org.jetbrains.kotlin:kotlin-util-io:1.8.0) with MergeInstrumentationAnalysisTransform
[        ] Transforming kotlin-native-utils-1.8.0.jar (org.jetbrains.kotlin:kotlin-native-utils:1.8.0) with ExternalDependencyInstrumentingArtifactTransform
[        ] Transforming kotlin-daemon-embeddable-1.8.0.jar (org.jetbrains.kotlin:kotlin-daemon-embeddable:1.8.0) with InstrumentationAnalysisTransform
[        ] Transforming kotlin-util-io-1.8.0.jar (org.jetbrains.kotlin:kotlin-util-io:1.8.0) with ExternalDependencyInstrumentingArtifactTransform
[        ] Transforming kotlin-daemon-embeddable-1.8.0.jar (org.jetbrains.kotlin:kotlin-daemon-embeddable:1.8.0) with MergeInstrumentationAnalysisTransform
[        ] Transforming trove4j-1.0.20200330.jar (org.jetbrains.intellij.deps:trove4j:1.0.20200330) with InstrumentationAnalysisTransform
[        ] Transforming trove4j-1.0.20200330.jar (org.jetbrains.intellij.deps:trove4j:1.0.20200330) with MergeInstrumentationAnalysisTransform
[        ] Transforming kotlin-daemon-embeddable-1.8.0.jar (org.jetbrains.kotlin:kotlin-daemon-embeddable:1.8.0) with ExternalDependencyInstrumentingArtifactTransform
[        ] Transforming jna-5.6.0.jar (net.java.dev.jna:jna:5.6.0) with InstrumentationAnalysisTransform
[        ] Transforming jna-5.6.0.jar (net.java.dev.jna:jna:5.6.0) with MergeInstrumentationAnalysisTransform
[        ] Transforming trove4j-1.0.20200330.jar (org.jetbrains.intellij.deps:trove4j:1.0.20200330) with ExternalDependencyInstrumentingArtifactTransform
[        ] Transforming kotlin-build-common-1.8.0.jar (org.jetbrains.kotlin:kotlin-build-common:1.8.0) with InstrumentationAnalysisTransform
[        ] Transforming jna-5.6.0.jar (net.java.dev.jna:jna:5.6.0) with ExternalDependencyInstrumentingArtifactTransform
[        ] Transforming kotlin-build-common-1.8.0.jar (org.jetbrains.kotlin:kotlin-build-common:1.8.0) with MergeInstrumentationAnalysisTransform
[        ] Transforming kotlin-daemon-client-1.8.0.jar (org.jetbrains.kotlin:kotlin-daemon-client:1.8.0) with InstrumentationAnalysisTransform
[        ] Transforming kotlin-daemon-client-1.8.0.jar (org.jetbrains.kotlin:kotlin-daemon-client:1.8.0) with MergeInstrumentationAnalysisTransform
[        ] Transforming kotlinx-coroutines-core-jvm-1.5.0.jar (org.jetbrains.kotlinx:kotlinx-coroutines-core-jvm:1.5.0) with InstrumentationAnalysisTransform
[        ] Transforming kotlin-build-common-1.8.0.jar (org.jetbrains.kotlin:kotlin-build-common:1.8.0) with ExternalDependencyInstrumentingArtifactTransform
[        ] Transforming kotlinx-coroutines-core-jvm-1.5.0.jar (org.jetbrains.kotlinx:kotlinx-coroutines-core-jvm:1.5.0) with MergeInstrumentationAnalysisTransform
[        ] Transforming kotlin-daemon-client-1.8.0.jar (org.jetbrains.kotlin:kotlin-daemon-client:1.8.0) with ExternalDependencyInstrumentingArtifactTransform
[        ] Transforming kotlin-scripting-jvm-1.8.0.jar (org.jetbrains.kotlin:kotlin-scripting-jvm:1.8.0) with InstrumentationAnalysisTransform
[        ] Transforming kotlin-scripting-jvm-1.8.0.jar (org.jetbrains.kotlin:kotlin-scripting-jvm:1.8.0) with MergeInstrumentationAnalysisTransform
[        ] Transforming kotlinx-coroutines-core-jvm-1.5.0.jar (org.jetbrains.kotlinx:kotlinx-coroutines-core-jvm:1.5.0) with ExternalDependencyInstrumentingArtifactTransform
[        ] Transforming kotlin-scripting-common-1.8.0.jar (org.jetbrains.kotlin:kotlin-scripting-common:1.8.0) with InstrumentationAnalysisTransform
[        ] Transforming kotlin-scripting-common-1.8.0.jar (org.jetbrains.kotlin:kotlin-scripting-common:1.8.0) with MergeInstrumentationAnalysisTransform
[        ] Transforming failureaccess-1.0.2.jar (com.google.guava:failureaccess:1.0.2) with InstrumentationAnalysisTransform
[        ] Transforming kotlin-scripting-jvm-1.8.0.jar (org.jetbrains.kotlin:kotlin-scripting-jvm:1.8.0) with ExternalDependencyInstrumentingArtifactTransform
[        ] Transforming failureaccess-1.0.2.jar (com.google.guava:failureaccess:1.0.2) with MergeInstrumentationAnalysisTransform
[        ] Transforming listenablefuture-9999.0-empty-to-avoid-conflict-with-guava.jar (com.google.guava:listenablefuture:9999.0-empty-to-avoid-conflict-with-guava) with InstrumentationAnalysisTransform
[        ] Transforming listenablefuture-9999.0-empty-to-avoid-conflict-with-guava.jar (com.google.guava:listenablefuture:9999.0-empty-to-avoid-conflict-with-guava) with MergeInstrumentationAnalysisTransform
[        ] Transforming commons-logging-1.2.jar (commons-logging:commons-logging:1.2) with InstrumentationAnalysisTransform
[        ] Transforming failureaccess-1.0.2.jar (com.google.guava:failureaccess:1.0.2) with ExternalDependencyInstrumentingArtifactTransform
[        ] Transforming commons-logging-1.2.jar (commons-logging:commons-logging:1.2) with MergeInstrumentationAnalysisTransform
[        ] Transforming listenablefuture-9999.0-empty-to-avoid-conflict-with-guava.jar (com.google.guava:listenablefuture:9999.0-empty-to-avoid-conflict-with-guava) with ExternalDependencyInstrumentingArtifactTransform
[        ] Transforming commons-codec-1.11.jar (commons-codec:commons-codec:1.11) with InstrumentationAnalysisTransform
[        ] Transforming kotlin-scripting-common-1.8.0.jar (org.jetbrains.kotlin:kotlin-scripting-common:1.8.0) with ExternalDependencyInstrumentingArtifactTransform
[        ] Transforming commons-logging-1.2.jar (commons-logging:commons-logging:1.2) with ExternalDependencyInstrumentingArtifactTransform
[        ] Transforming commons-codec-1.11.jar (commons-codec:commons-codec:1.11) with MergeInstrumentationAnalysisTransform
[        ] Transforming netty-codec-socks-4.1.110.Final.jar (io.netty:netty-codec-socks:4.1.110.Final) with InstrumentationAnalysisTransform
[        ] Transforming netty-codec-socks-4.1.110.Final.jar (io.netty:netty-codec-socks:4.1.110.Final) with MergeInstrumentationAnalysisTransform
[        ] Transforming commons-codec-1.11.jar (commons-codec:commons-codec:1.11) with ExternalDependencyInstrumentingArtifactTransform
[        ] Transforming netty-codec-4.1.110.Final.jar (io.netty:netty-codec:4.1.110.Final) with InstrumentationAnalysisTransform
[        ] Transforming netty-codec-4.1.110.Final.jar (io.netty:netty-codec:4.1.110.Final) with MergeInstrumentationAnalysisTransform
[        ] Transforming netty-codec-socks-4.1.110.Final.jar (io.netty:netty-codec-socks:4.1.110.Final) with ExternalDependencyInstrumentingArtifactTransform
[        ] Transforming netty-transport-4.1.110.Final.jar (io.netty:netty-transport:4.1.110.Final) with InstrumentationAnalysisTransform
[        ] Transforming netty-codec-4.1.110.Final.jar (io.netty:netty-codec:4.1.110.Final) with ExternalDependencyInstrumentingArtifactTransform
[        ] Transforming netty-transport-4.1.110.Final.jar (io.netty:netty-transport:4.1.110.Final) with MergeInstrumentationAnalysisTransform
[        ] Transforming netty-buffer-4.1.110.Final.jar (io.netty:netty-buffer:4.1.110.Final) with InstrumentationAnalysisTransform
[        ] Transforming netty-buffer-4.1.110.Final.jar (io.netty:netty-buffer:4.1.110.Final) with MergeInstrumentationAnalysisTransform
[        ] Transforming netty-transport-4.1.110.Final.jar (io.netty:netty-transport:4.1.110.Final) with ExternalDependencyInstrumentingArtifactTransform
[        ] Transforming netty-resolver-4.1.110.Final.jar (io.netty:netty-resolver:4.1.110.Final) with InstrumentationAnalysisTransform
[        ] Transforming netty-buffer-4.1.110.Final.jar (io.netty:netty-buffer:4.1.110.Final) with ExternalDependencyInstrumentingArtifactTransform
[        ] Transforming netty-resolver-4.1.110.Final.jar (io.netty:netty-resolver:4.1.110.Final) with MergeInstrumentationAnalysisTransform
[        ] Transforming netty-common-4.1.110.Final.jar (io.netty:netty-common:4.1.110.Final) with InstrumentationAnalysisTransform
[        ] Transforming netty-common-4.1.110.Final.jar (io.netty:netty-common:4.1.110.Final) with MergeInstrumentationAnalysisTransform
[        ] Transforming netty-resolver-4.1.110.Final.jar (io.netty:netty-resolver:4.1.110.Final) with ExternalDependencyInstrumentingArtifactTransform
[        ] Transforming netty-common-4.1.110.Final.jar (io.netty:netty-common:4.1.110.Final) with ExternalDependencyInstrumentingArtifactTransform
[        ] Build was configured to prefer settings repositories over project repositories but repository 'Google6' was added by build file 'C:\Users\jakao\AppData\Local\Pub\Cache\hosted\pub.dev\mobile_scanner-7.0.1\android\build.gradle'
[        ] Build was configured to prefer settings repositories over project repositories but repository 'MavenRepo6' was added by build file 'C:\Users\jakao\AppData\Local\Pub\Cache\hosted\pub.dev\mobile_scanner-7.0.1\android\build.gradle'
[        ] Using default execution profile
[        ] Using Kotlin Gradle Plugin gradle85 variant
[ +373 ms] > Configure project :package_info_plus
[   +1 ms] Evaluating project ':package_info_plus' using build file 'C:\Users\jakao\AppData\Local\Pub\Cache\hosted\pub.dev\package_info_plus-4.2.0\android\build.gradle'.
[        ] Transforming gradle-8.1.2.jar (com.android.tools.build:gradle:8.1.2) with InstrumentationAnalysisTransform
[        ] Transforming kotlin-gradle-plugin-1.7.22-gradle71.jar (org.jetbrains.kotlin:kotlin-gradle-plugin:1.7.22) with InstrumentationAnalysisTransform
[        ] Transforming gradle-settings-api-8.1.2.jar (com.android.tools.build:gradle-settings-api:8.1.2) with InstrumentationAnalysisTransform
[        ] Transforming lint-model-31.1.2.jar (com.android.tools.lint:lint-model:31.1.2) with InstrumentationAnalysisTransform
[        ] Transforming builder-8.1.2.jar (com.android.tools.build:builder:8.1.2) with InstrumentationAnalysisTransform
[        ] Transforming manifest-merger-31.1.2.jar (com.android.tools.build:manifest-merger:31.1.2) with InstrumentationAnalysisTransform
[        ] Transforming sdk-common-31.1.2.jar (com.android.tools:sdk-common:31.1.2) with InstrumentationAnalysisTransform
[        ] Transforming sdklib-31.1.2.jar (com.android.tools:sdklib:31.1.2) with InstrumentationAnalysisTransform
[        ] Transforming repository-31.1.2.jar (com.android.tools:repository:31.1.2) with InstrumentationAnalysisTransform
[        ] Transforming gradle-api-8.1.2.jar (com.android.tools.build:gradle-api:8.1.2) with InstrumentationAnalysisTransform
[        ] Transforming builder-test-api-8.1.2.jar (com.android.tools.build:builder-test-api:8.1.2) with InstrumentationAnalysisTransform
[        ] Transforming ddmlib-31.1.2.jar (com.android.tools.ddms:ddmlib:31.1.2) with InstrumentationAnalysisTransform
[        ] Transforming aaptcompiler-8.1.2.jar (com.android.tools.build:aaptcompiler:8.1.2) with InstrumentationAnalysisTransform
[        ] Transforming bundletool-1.14.0.jar (com.android.tools.build:bundletool:1.14.0) with InstrumentationAnalysisTransform
[        ] Transforming aapt2-proto-8.1.2-10154469.jar (com.android.tools.build:aapt2-proto:8.1.2-10154469) with InstrumentationAnalysisTransform
[        ] Transforming crash-31.1.2.jar (com.android.tools.analytics-library:crash:31.1.2) with InstrumentationAnalysisTransform
[        ] Transforming tracker-31.1.2.jar (com.android.tools.analytics-library:tracker:31.1.2) with InstrumentationAnalysisTransform
[        ] Transforming shared-31.1.2.jar (com.android.tools.analytics-library:shared:31.1.2) with InstrumentationAnalysisTransform
[        ] Transforming lint-typedef-remover-31.1.2.jar (com.android.tools.lint:lint-typedef-remover:31.1.2) with InstrumentationAnalysisTransform
[        ] Transforming databinding-compiler-common-8.1.2.jar (androidx.databinding:databinding-compiler-common:8.1.2) with InstrumentationAnalysisTransform
[        ] Transforming databinding-common-8.1.2.jar (androidx.databinding:databinding-common:8.1.2) with InstrumentationAnalysisTransform
[        ] Transforming baseLibrary-8.1.2.jar (com.android.databinding:baseLibrary:8.1.2) with InstrumentationAnalysisTransform
[        ] Transforming layoutlib-api-31.1.2.jar (com.android.tools.layoutlib:layoutlib-api:31.1.2) with InstrumentationAnalysisTransform
[        ] Transforming android-device-provider-ddmlib-proto-31.1.2.jar (com.android.tools.utp:android-device-provider-ddmlib-proto:31.1.2) with InstrumentationAnalysisTransform
[        ] Transforming android-device-provider-gradle-proto-31.1.2.jar (com.android.tools.utp:android-device-provider-gradle-proto:31.1.2) with InstrumentationAnalysisTransform
[        ] Transforming android-test-plugin-host-additional-test-output-proto-31.1.2.jar (com.android.tools.utp:android-test-plugin-host-additional-test-output-proto:31.1.2) with InstrumentationAnalysisTransform
[        ] Transforming android-test-plugin-host-coverage-proto-31.1.2.jar (com.android.tools.utp:android-test-plugin-host-coverage-proto:31.1.2) with InstrumentationAnalysisTransform
[        ] Transforming android-test-plugin-host-emulator-control-proto-31.1.2.jar (com.android.tools.utp:android-test-plugin-host-emulator-control-proto:31.1.2) with InstrumentationAnalysisTransform
[        ] Transforming android-test-plugin-host-logcat-proto-31.1.2.jar (com.android.tools.utp:android-test-plugin-host-logcat-proto:31.1.2) with InstrumentationAnalysisTransform
[        ] Transforming android-test-plugin-host-apk-installer-proto-31.1.2.jar (com.android.tools.utp:android-test-plugin-host-apk-installer-proto:31.1.2) with InstrumentationAnalysisTransform
[        ] Transforming android-test-plugin-host-retention-proto-31.1.2.jar (com.android.tools.utp:android-test-plugin-host-retention-proto:31.1.2) with InstrumentationAnalysisTransform
[        ] Transforming android-test-plugin-result-listener-gradle-proto-31.1.2.jar (com.android.tools.utp:android-test-plugin-result-listener-gradle-proto:31.1.2) with InstrumentationAnalysisTransform
[        ] Transforming builder-model-8.1.2.jar (com.android.tools.build:builder-model:8.1.2) with InstrumentationAnalysisTransform
[        ] Transforming dvlib-31.1.2.jar (com.android.tools:dvlib:31.1.2) with InstrumentationAnalysisTransform
[        ] Transforming common-31.1.2.jar (com.android.tools:common:31.1.2) with InstrumentationAnalysisTransform
[        ] Transforming kotlin-stdlib-jdk8-1.8.20-RC2.jar (org.jetbrains.kotlin:kotlin-stdlib-jdk8:1.8.20-RC2) with InstrumentationAnalysisTransform
[        ] Transforming transform-api-2.0.0-deprecated-use-gradle-api.jar (com.android.tools.build:transform-api:2.0.0-deprecated-use-gradle-api) with InstrumentationAnalysisTransform
[        ] Transforming httpmime-4.5.6.jar (org.apache.httpcomponents:httpmime:4.5.6) with InstrumentationAnalysisTransform
[        ] Transforming commons-io-2.4.jar (commons-io:commons-io:2.4) with InstrumentationAnalysisTransform
[        ] Transforming jetifier-processor-1.0.0-beta10.jar (com.android.tools.build.jetifier:jetifier-processor:1.0.0-beta10) with InstrumentationAnalysisTransform
[        ] Transforming asm-commons-9.2.jar (org.ow2.asm:asm-commons:9.2) with InstrumentationAnalysisTransform
[        ] Transforming asm-util-9.2.jar (org.ow2.asm:asm-util:9.2) with InstrumentationAnalysisTransform
[        ] Transforming asm-analysis-9.2.jar (org.ow2.asm:asm-analysis:9.2) with InstrumentationAnalysisTransform
[        ] Transforming asm-tree-9.2.jar (org.ow2.asm:asm-tree:9.2) with InstrumentationAnalysisTransform
[        ] Transforming asm-9.2.jar (org.ow2.asm:asm:9.2) with InstrumentationAnalysisTransform
[        ] Transforming apkzlib-8.1.2.jar (com.android.tools.build:apkzlib:8.1.2) with InstrumentationAnalysisTransform
[        ] Transforming bcpkix-jdk15on-1.67.jar (org.bouncycastle:bcpkix-jdk15on:1.67) with InstrumentationAnalysisTransform
[        ] Transforming jaxb-runtime-2.3.2.jar (org.glassfish.jaxb:jaxb-runtime:2.3.2) with InstrumentationAnalysisTransform
[        ] Transforming jopt-simple-4.9.jar (net.sf.jopt-simple:jopt-simple:4.9) with InstrumentationAnalysisTransform
[        ] Transforming jetifier-core-1.0.0-beta10.jar (com.android.tools.build.jetifier:jetifier-core:1.0.0-beta10) with InstrumentationAnalysisTransform
[        ] Transforming javapoet-1.10.0.jar (com.squareup:javapoet:1.10.0) with InstrumentationAnalysisTransform
[        ] Transforming protobuf-java-util-3.19.3.jar (com.google.protobuf:protobuf-java-util:3.19.3) with InstrumentationAnalysisTransform
[        ] Transforming grpc-protobuf-1.45.1.jar (io.grpc:grpc-protobuf:1.45.1) with InstrumentationAnalysisTransform
[        ] Transforming tink-1.7.0.jar (com.google.crypto.tink:tink:1.7.0) with InstrumentationAnalysisTransform
[        ] Transforming protos-31.1.2.jar (com.android.tools.analytics-library:protos:31.1.2) with InstrumentationAnalysisTransform
[        ] Transforming proto-google-common-protos-2.0.1.jar (com.google.api.grpc:proto-google-common-protos:2.0.1) with InstrumentationAnalysisTransform
[        ] Transforming protobuf-java-3.19.3.jar (com.google.protobuf:protobuf-java:3.19.3) with InstrumentationAnalysisTransform
[        ] Transforming grpc-netty-1.45.1.jar (io.grpc:grpc-netty:1.45.1) with InstrumentationAnalysisTransform
[        ] Transforming grpc-core-1.45.1.jar (io.grpc:grpc-core:1.45.1) with InstrumentationAnalysisTransform
[        ] Transforming gson-2.8.9.jar (com.google.code.gson:gson:2.8.9) with InstrumentationAnalysisTransform
[        ] Transforming grpc-stub-1.45.1.jar (io.grpc:grpc-stub:1.45.1) with InstrumentationAnalysisTransform
[        ] Transforming core-proto-0.0.8-alpha08.jar (com.google.testing.platform:core-proto:0.0.8-alpha08) with InstrumentationAnalysisTransform
[        ] Transforming tensorflow-lite-metadata-0.1.0-rc2.jar (org.tensorflow:tensorflow-lite-metadata:0.1.0-rc2) with InstrumentationAnalysisTransform
[        ] Transforming flatbuffers-java-1.12.0.jar (com.google.flatbuffers:flatbuffers-java:1.12.0) with InstrumentationAnalysisTransform
[        ] Transforming kotlin-gradle-plugin-model-1.7.22.jar (org.jetbrains.kotlin:kotlin-gradle-plugin-model:1.7.22) with InstrumentationAnalysisTransform
[        ] Transforming kotlin-gradle-plugin-api-1.7.22-gradle71.jar (org.jetbrains.kotlin:kotlin-gradle-plugin-api:1.7.22) with InstrumentationAnalysisTransform
[        ] Transforming kotlin-gradle-plugin-api-1.7.22.jar (org.jetbrains.kotlin:kotlin-gradle-plugin-api:1.7.22) with InstrumentationAnalysisTransform
[        ] Transforming kotlin-gradle-plugin-idea-proto-1.7.22.jar (org.jetbrains.kotlin:kotlin-gradle-plugin-idea-proto:1.7.22) with InstrumentationAnalysisTransform
[        ] Transforming kotlin-gradle-plugin-idea-1.7.22.jar (org.jetbrains.kotlin:kotlin-gradle-plugin-idea:1.7.22) with InstrumentationAnalysisTransform
[        ] Transforming kotlin-project-model-1.7.22.jar (org.jetbrains.kotlin:kotlin-project-model:1.7.22) with InstrumentationAnalysisTransform
[        ] Transforming kotlin-tooling-core-1.7.22.jar (org.jetbrains.kotlin:kotlin-tooling-core:1.7.22) with InstrumentationAnalysisTransform
[        ] Transforming kotlin-util-klib-1.7.22.jar (org.jetbrains.kotlin:kotlin-util-klib:1.7.22) with InstrumentationAnalysisTransform
[        ] Transforming kotlin-klib-commonizer-api-1.7.22.jar (org.jetbrains.kotlin:kotlin-klib-commonizer-api:1.7.22) with InstrumentationAnalysisTransform
[        ] Transforming kotlin-annotation-processing-gradle-1.7.22.jar (org.jetbrains.kotlin:kotlin-annotation-processing-gradle:1.7.22) with InstrumentationAnalysisTransform
[        ] Transforming kotlin-android-extensions-1.7.22.jar (org.jetbrains.kotlin:kotlin-android-extensions:1.7.22) with InstrumentationAnalysisTransform
[        ] Transforming kotlin-compiler-runner-1.7.22.jar (org.jetbrains.kotlin:kotlin-compiler-runner:1.7.22) with InstrumentationAnalysisTransform
[        ] Transforming kotlin-compiler-embeddable-1.7.22.jar (org.jetbrains.kotlin:kotlin-compiler-embeddable:1.7.22) with InstrumentationAnalysisTransform
[        ] Transforming kotlin-scripting-compiler-embeddable-1.7.22.jar (org.jetbrains.kotlin:kotlin-scripting-compiler-embeddable:1.7.22) with InstrumentationAnalysisTransform
[        ] Transforming kotlin-scripting-compiler-impl-embeddable-1.7.22.jar (org.jetbrains.kotlin:kotlin-scripting-compiler-impl-embeddable:1.7.22) with InstrumentationAnalysisTransform
[        ] Transforming jimfs-1.1.jar (com.google.jimfs:jimfs:1.1) with InstrumentationAnalysisTransform
[        ] Transforming grpc-protobuf-lite-1.45.1.jar (io.grpc:grpc-protobuf-lite:1.45.1) with InstrumentationAnalysisTransform
[        ] Transforming grpc-api-1.45.1.jar (io.grpc:grpc-api:1.45.1) with InstrumentationAnalysisTransform
[        ] Transforming guava-31.1-jre.jar (com.google.guava:guava:31.1-jre) with InstrumentationAnalysisTransform
[        ] Transforming dagger-2.28.3.jar (com.google.dagger:dagger:2.28.3) with InstrumentationAnalysisTransform
[        ] Transforming javax.inject-1.jar (javax.inject:javax.inject:1) with InstrumentationAnalysisTransform
[        ] Transforming kxml2-2.3.0.jar (net.sf.kxml:kxml2:2.3.0) with InstrumentationAnalysisTransform
[        ] Transforming bcprov-jdk15on-1.67.jar (org.bouncycastle:bcprov-jdk15on:1.67) with InstrumentationAnalysisTransform
[        ] Transforming trove4j-1.0.20200330.jar (org.jetbrains.intellij.deps:trove4j:1.0.20200330) with InstrumentationAnalysisTransform
[        ] Transforming kotlin-reflect-1.8.20-RC2.jar (org.jetbrains.kotlin:kotlin-reflect:1.8.20-RC2) with InstrumentationAnalysisTransform
[        ] Transforming xercesImpl-2.12.0.jar (xerces:xercesImpl:2.12.0) with InstrumentationAnalysisTransform
[        ] Transforming commons-compress-1.21.jar (org.apache.commons:commons-compress:1.21) with InstrumentationAnalysisTransform
[        ] Transforming httpclient-4.5.13.jar (org.apache.httpcomponents:httpclient:4.5.13) with InstrumentationAnalysisTransform
[        ] Transforming httpcore-4.4.15.jar (org.apache.httpcomponents:httpcore:4.4.15) with InstrumentationAnalysisTransform
[        ] Transforming javax.activation-1.2.0.jar (com.sun.activation:javax.activation:1.2.0) with InstrumentationAnalysisTransform
[        ] Transforming kotlin-stdlib-jdk7-1.8.20-RC2.jar (org.jetbrains.kotlin:kotlin-stdlib-jdk7:1.8.20-RC2) with InstrumentationAnalysisTransform
[        ] Transforming kotlin-stdlib-1.8.20-RC2.jar (org.jetbrains.kotlin:kotlin-stdlib:1.8.20-RC2) with InstrumentationAnalysisTransform
[        ] Transforming annotations-13.0.jar (org.jetbrains:annotations:13.0) with InstrumentationAnalysisTransform
[        ] Transforming signflinger-8.1.2.jar (com.android:signflinger:8.1.2) with InstrumentationAnalysisTransform
[        ] Transforming zipflinger-8.1.2.jar (com.android:zipflinger:8.1.2) with InstrumentationAnalysisTransform
[        ] Transforming annotations-31.1.2.jar (com.android.tools:annotations:31.1.2) with InstrumentationAnalysisTransform
[        ] Transforming jna-platform-5.6.0.jar (net.java.dev.jna:jna-platform:5.6.0) with InstrumentationAnalysisTransform
[        ] Transforming juniversalchardet-1.0.3.jar (com.googlecode.juniversalchardet:juniversalchardet:1.0.3) with InstrumentationAnalysisTransform
[        ] Transforming javax.annotation-api-1.3.2.jar (javax.annotation:javax.annotation-api:1.3.2) with InstrumentationAnalysisTransform
[        ] Transforming stax-ex-1.8.1.jar (org.jvnet.staxex:stax-ex:1.8.1) with InstrumentationAnalysisTransform
[        ] Transforming jakarta.xml.bind-api-2.3.2.jar (jakarta.xml.bind:jakarta.xml.bind-api:2.3.2) with InstrumentationAnalysisTransform
[        ] Transforming txw2-2.3.2.jar (org.glassfish.jaxb:txw2:2.3.2) with InstrumentationAnalysisTransform
[        ] Transforming istack-commons-runtime-3.0.8.jar (com.sun.istack:istack-commons-runtime:3.0.8) with InstrumentationAnalysisTransform
[        ] Transforming FastInfoset-1.2.16.jar (com.sun.xml.fastinfoset:FastInfoset:1.2.16) with InstrumentationAnalysisTransform
[        ] Transforming jakarta.activation-api-1.2.1.jar (jakarta.activation:jakarta.activation-api:1.2.1) with InstrumentationAnalysisTransform
[        ] Transforming auto-value-annotations-1.6.2.jar (com.google.auto.value:auto-value-annotations:1.6.2) with InstrumentationAnalysisTransform
[        ] Transforming error_prone_annotations-2.11.0.jar (com.google.errorprone:error_prone_annotations:2.11.0) with InstrumentationAnalysisTransform
[        ] Transforming jose4j-0.7.0.jar (org.bitbucket.b_c:jose4j:0.7.0) with InstrumentationAnalysisTransform
[        ] Transforming slf4j-api-1.7.30.jar (org.slf4j:slf4j-api:1.7.30) with InstrumentationAnalysisTransform
[        ] Transforming jdom2-2.0.6.jar (org.jdom:jdom2:2.0.6) with InstrumentationAnalysisTransform
[        ] Transforming j2objc-annotations-1.3.jar (com.google.j2objc:j2objc-annotations:1.3) with InstrumentationAnalysisTransform
[        ] Transforming jsr305-3.0.2.jar (com.google.code.findbugs:jsr305:3.0.2) with InstrumentationAnalysisTransform
[        ] Transforming annotations-4.1.1.4.jar (com.google.android:annotations:4.1.1.4) with InstrumentationAnalysisTransform
[        ] Transforming animal-sniffer-annotations-1.19.jar (org.codehaus.mojo:animal-sniffer-annotations:1.19) with InstrumentationAnalysisTransform
[        ] Transforming perfmark-api-0.23.0.jar (io.perfmark:perfmark-api:0.23.0) with InstrumentationAnalysisTransform
[        ] Transforming netty-codec-http2-4.1.72.Final.jar (io.netty:netty-codec-http2:4.1.72.Final) with InstrumentationAnalysisTransform
[        ] Transforming netty-handler-proxy-4.1.72.Final.jar (io.netty:netty-handler-proxy:4.1.72.Final) with InstrumentationAnalysisTransform
[        ] Transforming checker-qual-3.12.0.jar (org.checkerframework:checker-qual:3.12.0) with InstrumentationAnalysisTransform
[        ] Transforming commons-codec-1.11.jar (commons-codec:commons-codec:1.11) with InstrumentationAnalysisTransform
[        ] Transforming apksig-8.1.2.jar (com.android.tools.build:apksig:8.1.2) with InstrumentationAnalysisTransform
[        ] Transforming javawriter-2.5.0.jar (com.squareup:javawriter:2.5.0) with InstrumentationAnalysisTransform
[        ] Transforming kotlin-native-utils-1.7.22.jar (org.jetbrains.kotlin:kotlin-native-utils:1.7.22) with InstrumentationAnalysisTransform
[        ] Transforming kotlin-util-io-1.7.22.jar (org.jetbrains.kotlin:kotlin-util-io:1.7.22) with InstrumentationAnalysisTransform
[        ] Transforming kotlin-daemon-embeddable-1.7.22.jar (org.jetbrains.kotlin:kotlin-daemon-embeddable:1.7.22) with InstrumentationAnalysisTransform
[        ] Transforming jna-5.6.0.jar (net.java.dev.jna:jna:5.6.0) with InstrumentationAnalysisTransform
[        ] Transforming kotlin-build-common-1.7.22.jar (org.jetbrains.kotlin:kotlin-build-common:1.7.22) with InstrumentationAnalysisTransform
[        ] Transforming kotlin-daemon-client-1.7.22.jar (org.jetbrains.kotlin:kotlin-daemon-client:1.7.22) with InstrumentationAnalysisTransform
[        ] Transforming kotlinx-coroutines-core-jvm-1.5.0.jar (org.jetbrains.kotlinx:kotlinx-coroutines-core-jvm:1.5.0) with InstrumentationAnalysisTransform
[        ] Transforming kotlin-scripting-jvm-1.7.22.jar (org.jetbrains.kotlin:kotlin-scripting-jvm:1.7.22) with InstrumentationAnalysisTransform
[        ] Transforming kotlin-scripting-common-1.7.22.jar (org.jetbrains.kotlin:kotlin-scripting-common:1.7.22) with InstrumentationAnalysisTransform
[        ] Transforming failureaccess-1.0.1.jar (com.google.guava:failureaccess:1.0.1) with InstrumentationAnalysisTransform
[        ] Transforming listenablefuture-9999.0-empty-to-avoid-conflict-with-guava.jar (com.google.guava:listenablefuture:9999.0-empty-to-avoid-conflict-with-guava) with InstrumentationAnalysisTransform
[        ] Transforming xml-apis-1.4.01.jar (xml-apis:xml-apis:1.4.01) with InstrumentationAnalysisTransform
[        ] Transforming commons-logging-1.2.jar (commons-logging:commons-logging:1.2) with InstrumentationAnalysisTransform
[        ] Transforming kotlin-stdlib-common-1.8.20-RC2.jar (org.jetbrains.kotlin:kotlin-stdlib-common:1.8.20-RC2) with InstrumentationAnalysisTransform
[        ] Transforming grpc-context-1.45.1.jar (io.grpc:grpc-context:1.45.1) with InstrumentationAnalysisTransform
[        ] Transforming netty-codec-http-4.1.72.Final.jar (io.netty:netty-codec-http:4.1.72.Final) with InstrumentationAnalysisTransform
[        ] Transforming netty-handler-4.1.72.Final.jar (io.netty:netty-handler:4.1.72.Final) with InstrumentationAnalysisTransform
[        ] Transforming netty-codec-socks-4.1.72.Final.jar (io.netty:netty-codec-socks:4.1.72.Final) with InstrumentationAnalysisTransform
[        ] Transforming netty-codec-4.1.72.Final.jar (io.netty:netty-codec:4.1.72.Final) with InstrumentationAnalysisTransform
[        ] Transforming netty-transport-4.1.72.Final.jar (io.netty:netty-transport:4.1.72.Final) with InstrumentationAnalysisTransform
[        ] Transforming netty-buffer-4.1.72.Final.jar (io.netty:netty-buffer:4.1.72.Final) with InstrumentationAnalysisTransform
[        ] Transforming netty-resolver-4.1.72.Final.jar (io.netty:netty-resolver:4.1.72.Final) with InstrumentationAnalysisTransform
[        ] Transforming netty-common-4.1.72.Final.jar (io.netty:netty-common:4.1.72.Final) with InstrumentationAnalysisTransform
[        ] Transforming netty-tcnative-classes-2.0.46.Final.jar (io.netty:netty-tcnative-classes:2.0.46.Final) with InstrumentationAnalysisTransform
[        ] Transforming gradle-8.1.2.jar (com.android.tools.build:gradle:8.1.2) with InstrumentationAnalysisTransform
[        ] Transforming gradle-8.1.2.jar (com.android.tools.build:gradle:8.1.2) with MergeInstrumentationAnalysisTransform
[        ] Transforming kotlin-gradle-plugin-1.7.22-gradle71.jar (org.jetbrains.kotlin:kotlin-gradle-plugin:1.7.22) with InstrumentationAnalysisTransform
[        ] Transforming kotlin-gradle-plugin-1.7.22-gradle71.jar (org.jetbrains.kotlin:kotlin-gradle-plugin:1.7.22) with MergeInstrumentationAnalysisTransform
[        ] Transforming gradle-settings-api-8.1.2.jar (com.android.tools.build:gradle-settings-api:8.1.2) with InstrumentationAnalysisTransform
[        ] Transforming gradle-settings-api-8.1.2.jar (com.android.tools.build:gradle-settings-api:8.1.2) with MergeInstrumentationAnalysisTransform
[        ] Transforming gradle-8.1.2.jar (com.android.tools.build:gradle:8.1.2) with ExternalDependencyInstrumentingArtifactTransform
[        ] Transforming lint-model-31.1.2.jar (com.android.tools.lint:lint-model:31.1.2) with InstrumentationAnalysisTransform
[        ] Transforming kotlin-gradle-plugin-1.7.22-gradle71.jar (org.jetbrains.kotlin:kotlin-gradle-plugin:1.7.22) with ExternalDependencyInstrumentingArtifactTransform
[        ] Transforming lint-model-31.1.2.jar (com.android.tools.lint:lint-model:31.1.2) with MergeInstrumentationAnalysisTransform
[        ] Transforming gradle-settings-api-8.1.2.jar (com.android.tools.build:gradle-settings-api:8.1.2) with ExternalDependencyInstrumentingArtifactTransform
[        ] Transforming builder-8.1.2.jar (com.android.tools.build:builder:8.1.2) with InstrumentationAnalysisTransform
[        ] Transforming builder-8.1.2.jar (com.android.tools.build:builder:8.1.2) with MergeInstrumentationAnalysisTransform
[        ] Transforming lint-model-31.1.2.jar (com.android.tools.lint:lint-model:31.1.2) with ExternalDependencyInstrumentingArtifactTransform
[        ] Transforming manifest-merger-31.1.2.jar (com.android.tools.build:manifest-merger:31.1.2) with InstrumentationAnalysisTransform
[        ] Transforming manifest-merger-31.1.2.jar (com.android.tools.build:manifest-merger:31.1.2) with MergeInstrumentationAnalysisTransform
[        ] Transforming builder-8.1.2.jar (com.android.tools.build:builder:8.1.2) with ExternalDependencyInstrumentingArtifactTransform
[        ] Transforming sdk-common-31.1.2.jar (com.android.tools:sdk-common:31.1.2) with InstrumentationAnalysisTransform
[        ] Transforming sdk-common-31.1.2.jar (com.android.tools:sdk-common:31.1.2) with MergeInstrumentationAnalysisTransform
[        ] Transforming manifest-merger-31.1.2.jar (com.android.tools.build:manifest-merger:31.1.2) with ExternalDependencyInstrumentingArtifactTransform
[        ] Transforming sdklib-31.1.2.jar (com.android.tools:sdklib:31.1.2) with InstrumentationAnalysisTransform
[        ] Transforming sdklib-31.1.2.jar (com.android.tools:sdklib:31.1.2) with MergeInstrumentationAnalysisTransform
[        ] Transforming sdk-common-31.1.2.jar (com.android.tools:sdk-common:31.1.2) with ExternalDependencyInstrumentingArtifactTransform
[        ] Transforming repository-31.1.2.jar (com.android.tools:repository:31.1.2) with InstrumentationAnalysisTransform
[        ] Transforming repository-31.1.2.jar (com.android.tools:repository:31.1.2) with MergeInstrumentationAnalysisTransform
[        ] Transforming sdklib-31.1.2.jar (com.android.tools:sdklib:31.1.2) with ExternalDependencyInstrumentingArtifactTransform
[        ] Transforming gradle-api-8.1.2.jar (com.android.tools.build:gradle-api:8.1.2) with InstrumentationAnalysisTransform
[        ] Transforming gradle-api-8.1.2.jar (com.android.tools.build:gradle-api:8.1.2) with MergeInstrumentationAnalysisTransform
[        ] Transforming builder-test-api-8.1.2.jar (com.android.tools.build:builder-test-api:8.1.2) with InstrumentationAnalysisTransform
[        ] Transforming builder-test-api-8.1.2.jar (com.android.tools.build:builder-test-api:8.1.2) with MergeInstrumentationAnalysisTransform
[        ] Transforming repository-31.1.2.jar (com.android.tools:repository:31.1.2) with ExternalDependencyInstrumentingArtifactTransform
[   +1 ms] Transforming gradle-api-8.1.2.jar (com.android.tools.build:gradle-api:8.1.2) with ExternalDependencyInstrumentingArtifactTransform
[        ] Transforming builder-test-api-8.1.2.jar (com.android.tools.build:builder-test-api:8.1.2) with ExternalDependencyInstrumentingArtifactTransform
[        ] Transforming ddmlib-31.1.2.jar (com.android.tools.ddms:ddmlib:31.1.2) with InstrumentationAnalysisTransform
[        ] Transforming ddmlib-31.1.2.jar (com.android.tools.ddms:ddmlib:31.1.2) with MergeInstrumentationAnalysisTransform
[        ] Transforming aaptcompiler-8.1.2.jar (com.android.tools.build:aaptcompiler:8.1.2) with InstrumentationAnalysisTransform
[        ] Transforming aaptcompiler-8.1.2.jar (com.android.tools.build:aaptcompiler:8.1.2) with MergeInstrumentationAnalysisTransform
[        ] Transforming bundletool-1.14.0.jar (com.android.tools.build:bundletool:1.14.0) with InstrumentationAnalysisTransform
[        ] Transforming bundletool-1.14.0.jar (com.android.tools.build:bundletool:1.14.0) with MergeInstrumentationAnalysisTransform
[        ] Transforming ddmlib-31.1.2.jar (com.android.tools.ddms:ddmlib:31.1.2) with ExternalDependencyInstrumentingArtifactTransform
[        ] Transforming aapt2-proto-8.1.2-10154469.jar (com.android.tools.build:aapt2-proto:8.1.2-10154469) with InstrumentationAnalysisTransform
[        ] Transforming aaptcompiler-8.1.2.jar (com.android.tools.build:aaptcompiler:8.1.2) with ExternalDependencyInstrumentingArtifactTransform
[        ] Transforming aapt2-proto-8.1.2-10154469.jar (com.android.tools.build:aapt2-proto:8.1.2-10154469) with MergeInstrumentationAnalysisTransform
[        ] Transforming bundletool-1.14.0.jar (com.android.tools.build:bundletool:1.14.0) with ExternalDependencyInstrumentingArtifactTransform
[        ] Transforming crash-31.1.2.jar (com.android.tools.analytics-library:crash:31.1.2) with InstrumentationAnalysisTransform
[        ] Transforming crash-31.1.2.jar (com.android.tools.analytics-library:crash:31.1.2) with MergeInstrumentationAnalysisTransform
[        ] Transforming aapt2-proto-8.1.2-10154469.jar (com.android.tools.build:aapt2-proto:8.1.2-10154469) with ExternalDependencyInstrumentingArtifactTransform
[        ] Transforming tracker-31.1.2.jar (com.android.tools.analytics-library:tracker:31.1.2) with InstrumentationAnalysisTransform
[        ] Transforming tracker-31.1.2.jar (com.android.tools.analytics-library:tracker:31.1.2) with MergeInstrumentationAnalysisTransform
[        ] Transforming shared-31.1.2.jar (com.android.tools.analytics-library:shared:31.1.2) with InstrumentationAnalysisTransform
[        ] Transforming crash-31.1.2.jar (com.android.tools.analytics-library:crash:31.1.2) with ExternalDependencyInstrumentingArtifactTransform
[        ] Transforming shared-31.1.2.jar (com.android.tools.analytics-library:shared:31.1.2) with MergeInstrumentationAnalysisTransform
[        ] Transforming tracker-31.1.2.jar (com.android.tools.analytics-library:tracker:31.1.2) with ExternalDependencyInstrumentingArtifactTransform
[        ] Transforming lint-typedef-remover-31.1.2.jar (com.android.tools.lint:lint-typedef-remover:31.1.2) with InstrumentationAnalysisTransform
[        ] Transforming lint-typedef-remover-31.1.2.jar (com.android.tools.lint:lint-typedef-remover:31.1.2) with MergeInstrumentationAnalysisTransform
[        ] Transforming shared-31.1.2.jar (com.android.tools.analytics-library:shared:31.1.2) with ExternalDependencyInstrumentingArtifactTransform
[        ] Transforming databinding-compiler-common-8.1.2.jar (androidx.databinding:databinding-compiler-common:8.1.2) with InstrumentationAnalysisTransform
[        ] Transforming lint-typedef-remover-31.1.2.jar (com.android.tools.lint:lint-typedef-remover:31.1.2) with ExternalDependencyInstrumentingArtifactTransform
[        ] Transforming databinding-compiler-common-8.1.2.jar (androidx.databinding:databinding-compiler-common:8.1.2) with MergeInstrumentationAnalysisTransform
[        ] Transforming databinding-common-8.1.2.jar (androidx.databinding:databinding-common:8.1.2) with InstrumentationAnalysisTransform
[        ] Transforming databinding-common-8.1.2.jar (androidx.databinding:databinding-common:8.1.2) with MergeInstrumentationAnalysisTransform
[        ] Transforming baseLibrary-8.1.2.jar (com.android.databinding:baseLibrary:8.1.2) with InstrumentationAnalysisTransform
[        ] Transforming databinding-compiler-common-8.1.2.jar (androidx.databinding:databinding-compiler-common:8.1.2) with ExternalDependencyInstrumentingArtifactTransform
[        ] Transforming baseLibrary-8.1.2.jar (com.android.databinding:baseLibrary:8.1.2) with MergeInstrumentationAnalysisTransform
[        ] Transforming databinding-common-8.1.2.jar (androidx.databinding:databinding-common:8.1.2) with ExternalDependencyInstrumentingArtifactTransform
[        ] Transforming layoutlib-api-31.1.2.jar (com.android.tools.layoutlib:layoutlib-api:31.1.2) with InstrumentationAnalysisTransform
[        ] Transforming baseLibrary-8.1.2.jar (com.android.databinding:baseLibrary:8.1.2) with ExternalDependencyInstrumentingArtifactTransform
[        ] Transforming layoutlib-api-31.1.2.jar (com.android.tools.layoutlib:layoutlib-api:31.1.2) with MergeInstrumentationAnalysisTransform
[        ] Transforming android-device-provider-ddmlib-proto-31.1.2.jar (com.android.tools.utp:android-device-provider-ddmlib-proto:31.1.2) with InstrumentationAnalysisTransform
[        ] Transforming android-device-provider-ddmlib-proto-31.1.2.jar (com.android.tools.utp:android-device-provider-ddmlib-proto:31.1.2) with MergeInstrumentationAnalysisTransform
[        ] Transforming android-device-provider-gradle-proto-31.1.2.jar (com.android.tools.utp:android-device-provider-gradle-proto:31.1.2) with InstrumentationAnalysisTransform
[        ] Transforming layoutlib-api-31.1.2.jar (com.android.tools.layoutlib:layoutlib-api:31.1.2) with ExternalDependencyInstrumentingArtifactTransform
[        ] Transforming android-device-provider-gradle-proto-31.1.2.jar (com.android.tools.utp:android-device-provider-gradle-proto:31.1.2) with MergeInstrumentationAnalysisTransform
[        ] Transforming android-test-plugin-host-additional-test-output-proto-31.1.2.jar (com.android.tools.utp:android-test-plugin-host-additional-test-output-proto:31.1.2) with InstrumentationAnalysisTransform
[        ] Transforming android-test-plugin-host-additional-test-output-proto-31.1.2.jar (com.android.tools.utp:android-test-plugin-host-additional-test-output-proto:31.1.2) with MergeInstrumentationAnalysisTransform
[        ] Transforming android-test-plugin-host-coverage-proto-31.1.2.jar (com.android.tools.utp:android-test-plugin-host-coverage-proto:31.1.2) with InstrumentationAnalysisTransform
[        ] Transforming android-test-plugin-host-coverage-proto-31.1.2.jar (com.android.tools.utp:android-test-plugin-host-coverage-proto:31.1.2) with MergeInstrumentationAnalysisTransform
[        ] Transforming android-test-plugin-host-emulator-control-proto-31.1.2.jar (com.android.tools.utp:android-test-plugin-host-emulator-control-proto:31.1.2) with InstrumentationAnalysisTransform
[        ] Transforming android-test-plugin-host-emulator-control-proto-31.1.2.jar (com.android.tools.utp:android-test-plugin-host-emulator-control-proto:31.1.2) with MergeInstrumentationAnalysisTransform
[        ] Transforming android-test-plugin-host-logcat-proto-31.1.2.jar (com.android.tools.utp:android-test-plugin-host-logcat-proto:31.1.2) with InstrumentationAnalysisTransform
[        ] Transforming android-device-provider-gradle-proto-31.1.2.jar (com.android.tools.utp:android-device-provider-gradle-proto:31.1.2) with ExternalDependencyInstrumentingArtifactTransform
[        ] Transforming android-device-provider-ddmlib-proto-31.1.2.jar (com.android.tools.utp:android-device-provider-ddmlib-proto:31.1.2) with ExternalDependencyInstrumentingArtifactTransform
[        ] Transforming android-test-plugin-host-emulator-control-proto-31.1.2.jar (com.android.tools.utp:android-test-plugin-host-emulator-control-proto:31.1.2) with ExternalDependencyInstrumentingArtifactTransform
[        ] Transforming android-test-plugin-host-logcat-proto-31.1.2.jar (com.android.tools.utp:android-test-plugin-host-logcat-proto:31.1.2) with MergeInstrumentationAnalysisTransform
[        ] Transforming android-test-plugin-host-apk-installer-proto-31.1.2.jar (com.android.tools.utp:android-test-plugin-host-apk-installer-proto:31.1.2) with InstrumentationAnalysisTransform
[        ] Transforming android-test-plugin-host-additional-test-output-proto-31.1.2.jar (com.android.tools.utp:android-test-plugin-host-additional-test-output-proto:31.1.2) with ExternalDependencyInstrumentingArtifactTransform
[        ] Transforming android-test-plugin-host-apk-installer-proto-31.1.2.jar (com.android.tools.utp:android-test-plugin-host-apk-installer-proto:31.1.2) with MergeInstrumentationAnalysisTransform
[        ] Transforming android-test-plugin-host-retention-proto-31.1.2.jar (com.android.tools.utp:android-test-plugin-host-retention-proto:31.1.2) with InstrumentationAnalysisTransform
[        ] Transforming android-test-plugin-host-logcat-proto-31.1.2.jar (com.android.tools.utp:android-test-plugin-host-logcat-proto:31.1.2) with ExternalDependencyInstrumentingArtifactTransform
[        ] Transforming android-test-plugin-host-coverage-proto-31.1.2.jar (com.android.tools.utp:android-test-plugin-host-coverage-proto:31.1.2) with ExternalDependencyInstrumentingArtifactTransform
[        ] Transforming android-test-plugin-host-apk-installer-proto-31.1.2.jar (com.android.tools.utp:android-test-plugin-host-apk-installer-proto:31.1.2) with ExternalDependencyInstrumentingArtifactTransform
[        ] Transforming android-test-plugin-host-retention-proto-31.1.2.jar (com.android.tools.utp:android-test-plugin-host-retention-proto:31.1.2) with MergeInstrumentationAnalysisTransform
[        ] Transforming android-test-plugin-result-listener-gradle-proto-31.1.2.jar (com.android.tools.utp:android-test-plugin-result-listener-gradle-proto:31.1.2) with InstrumentationAnalysisTransform
[        ] Transforming android-test-plugin-result-listener-gradle-proto-31.1.2.jar (com.android.tools.utp:android-test-plugin-result-listener-gradle-proto:31.1.2) with MergeInstrumentationAnalysisTransform
[        ] Transforming android-test-plugin-host-retention-proto-31.1.2.jar (com.android.tools.utp:android-test-plugin-host-retention-proto:31.1.2) with ExternalDependencyInstrumentingArtifactTransform
[        ] Transforming builder-model-8.1.2.jar (com.android.tools.build:builder-model:8.1.2) with InstrumentationAnalysisTransform
[        ] Transforming builder-model-8.1.2.jar (com.android.tools.build:builder-model:8.1.2) with MergeInstrumentationAnalysisTransform
[        ] Transforming dvlib-31.1.2.jar (com.android.tools:dvlib:31.1.2) with InstrumentationAnalysisTransform
[        ] Transforming dvlib-31.1.2.jar (com.android.tools:dvlib:31.1.2) with MergeInstrumentationAnalysisTransform
[        ] Transforming common-31.1.2.jar (com.android.tools:common:31.1.2) with InstrumentationAnalysisTransform
[        ] Transforming common-31.1.2.jar (com.android.tools:common:31.1.2) with MergeInstrumentationAnalysisTransform
[        ] Transforming builder-model-8.1.2.jar (com.android.tools.build:builder-model:8.1.2) with ExternalDependencyInstrumentingArtifactTransform
[        ] Transforming dvlib-31.1.2.jar (com.android.tools:dvlib:31.1.2) with ExternalDependencyInstrumentingArtifactTransform
[        ] Transforming common-31.1.2.jar (com.android.tools:common:31.1.2) with ExternalDependencyInstrumentingArtifactTransform
[        ] Transforming android-test-plugin-result-listener-gradle-proto-31.1.2.jar (com.android.tools.utp:android-test-plugin-result-listener-gradle-proto:31.1.2) with ExternalDependencyInstrumentingArtifactTransform
[        ] Transforming kotlin-stdlib-jdk8-1.8.20-RC2.jar (org.jetbrains.kotlin:kotlin-stdlib-jdk8:1.8.20-RC2) with InstrumentationAnalysisTransform
[        ] Transforming kotlin-stdlib-jdk8-1.8.20-RC2.jar (org.jetbrains.kotlin:kotlin-stdlib-jdk8:1.8.20-RC2) with MergeInstrumentationAnalysisTransform
[        ] Transforming transform-api-2.0.0-deprecated-use-gradle-api.jar (com.android.tools.build:transform-api:2.0.0-deprecated-use-gradle-api) with InstrumentationAnalysisTransform
[        ] Transforming transform-api-2.0.0-deprecated-use-gradle-api.jar (com.android.tools.build:transform-api:2.0.0-deprecated-use-gradle-api) with MergeInstrumentationAnalysisTransform
[        ] Transforming httpmime-4.5.6.jar (org.apache.httpcomponents:httpmime:4.5.6) with InstrumentationAnalysisTransform
[        ] Transforming kotlin-stdlib-jdk8-1.8.20-RC2.jar (org.jetbrains.kotlin:kotlin-stdlib-jdk8:1.8.20-RC2) with ExternalDependencyInstrumentingArtifactTransform
[        ] Transforming transform-api-2.0.0-deprecated-use-gradle-api.jar (com.android.tools.build:transform-api:2.0.0-deprecated-use-gradle-api) with ExternalDependencyInstrumentingArtifactTransform
[        ] Transforming httpmime-4.5.6.jar (org.apache.httpcomponents:httpmime:4.5.6) with MergeInstrumentationAnalysisTransform
[        ] Transforming commons-io-2.4.jar (commons-io:commons-io:2.4) with InstrumentationAnalysisTransform
[        ] Transforming commons-io-2.4.jar (commons-io:commons-io:2.4) with MergeInstrumentationAnalysisTransform
[        ] Transforming jetifier-processor-1.0.0-beta10.jar (com.android.tools.build.jetifier:jetifier-processor:1.0.0-beta10) with InstrumentationAnalysisTransform
[        ] Transforming httpmime-4.5.6.jar (org.apache.httpcomponents:httpmime:4.5.6) with ExternalDependencyInstrumentingArtifactTransform
[        ] Transforming jetifier-processor-1.0.0-beta10.jar (com.android.tools.build.jetifier:jetifier-processor:1.0.0-beta10) with MergeInstrumentationAnalysisTransform
[        ] Transforming commons-io-2.4.jar (commons-io:commons-io:2.4) with ExternalDependencyInstrumentingArtifactTransform
[        ] Transforming asm-commons-9.2.jar (org.ow2.asm:asm-commons:9.2) with InstrumentationAnalysisTransform
[        ] Transforming jetifier-processor-1.0.0-beta10.jar (com.android.tools.build.jetifier:jetifier-processor:1.0.0-beta10) with ExternalDependencyInstrumentingArtifactTransform
[        ] Transforming asm-commons-9.2.jar (org.ow2.asm:asm-commons:9.2) with MergeInstrumentationAnalysisTransform
[        ] Transforming asm-util-9.2.jar (org.ow2.asm:asm-util:9.2) with InstrumentationAnalysisTransform
[        ] Transforming asm-util-9.2.jar (org.ow2.asm:asm-util:9.2) with MergeInstrumentationAnalysisTransform
[        ] Transforming asm-analysis-9.2.jar (org.ow2.asm:asm-analysis:9.2) with InstrumentationAnalysisTransform
[        ] Transforming asm-analysis-9.2.jar (org.ow2.asm:asm-analysis:9.2) with MergeInstrumentationAnalysisTransform
[        ] Transforming asm-tree-9.2.jar (org.ow2.asm:asm-tree:9.2) with InstrumentationAnalysisTransform
[        ] Transforming asm-tree-9.2.jar (org.ow2.asm:asm-tree:9.2) with MergeInstrumentationAnalysisTransform
[        ] Transforming asm-commons-9.2.jar (org.ow2.asm:asm-commons:9.2) with ExternalDependencyInstrumentingArtifactTransform
[        ] Transforming asm-9.2.jar (org.ow2.asm:asm:9.2) with InstrumentationAnalysisTransform
[        ] Transforming asm-9.2.jar (org.ow2.asm:asm:9.2) with MergeInstrumentationAnalysisTransform
[        ] Transforming apkzlib-8.1.2.jar (com.android.tools.build:apkzlib:8.1.2) with InstrumentationAnalysisTransform
[        ] Transforming apkzlib-8.1.2.jar (com.android.tools.build:apkzlib:8.1.2) with MergeInstrumentationAnalysisTransform
[        ] Transforming asm-tree-9.2.jar (org.ow2.asm:asm-tree:9.2) with ExternalDependencyInstrumentingArtifactTransform
[        ] Transforming asm-util-9.2.jar (org.ow2.asm:asm-util:9.2) with ExternalDependencyInstrumentingArtifactTransform
[        ] Transforming apkzlib-8.1.2.jar (com.android.tools.build:apkzlib:8.1.2) with ExternalDependencyInstrumentingArtifactTransform
[        ] Transforming asm-9.2.jar (org.ow2.asm:asm:9.2) with ExternalDependencyInstrumentingArtifactTransform
[        ] Transforming bcpkix-jdk15on-1.67.jar (org.bouncycastle:bcpkix-jdk15on:1.67) with InstrumentationAnalysisTransform
[        ] Transforming asm-analysis-9.2.jar (org.ow2.asm:asm-analysis:9.2) with ExternalDependencyInstrumentingArtifactTransform
[  +77 ms] Transforming bcpkix-jdk15on-1.67.jar (org.bouncycastle:bcpkix-jdk15on:1.67) with MergeInstrumentationAnalysisTransform
[        ] Transforming jaxb-runtime-2.3.2.jar (org.glassfish.jaxb:jaxb-runtime:2.3.2) with InstrumentationAnalysisTransform
[        ] Transforming jaxb-runtime-2.3.2.jar (org.glassfish.jaxb:jaxb-runtime:2.3.2) with MergeInstrumentationAnalysisTransform
[        ] Transforming jopt-simple-4.9.jar (net.sf.jopt-simple:jopt-simple:4.9) with InstrumentationAnalysisTransform
[   +2 ms] Transforming jopt-simple-4.9.jar (net.sf.jopt-simple:jopt-simple:4.9) with MergeInstrumentationAnalysisTransform
[        ] Transforming jetifier-core-1.0.0-beta10.jar (com.android.tools.build.jetifier:jetifier-core:1.0.0-beta10) with InstrumentationAnalysisTransform
[        ] Transforming jetifier-core-1.0.0-beta10.jar (com.android.tools.build.jetifier:jetifier-core:1.0.0-beta10) with MergeInstrumentationAnalysisTransform
[        ] Transforming jaxb-runtime-2.3.2.jar (org.glassfish.jaxb:jaxb-runtime:2.3.2) with ExternalDependencyInstrumentingArtifactTransform
[        ] Transforming jopt-simple-4.9.jar (net.sf.jopt-simple:jopt-simple:4.9) with ExternalDependencyInstrumentingArtifactTransform
[        ] Transforming jetifier-core-1.0.0-beta10.jar (com.android.tools.build.jetifier:jetifier-core:1.0.0-beta10) with ExternalDependencyInstrumentingArtifactTransform
[        ] Transforming bcpkix-jdk15on-1.67.jar (org.bouncycastle:bcpkix-jdk15on:1.67) with ExternalDependencyInstrumentingArtifactTransform
[        ] Transforming javapoet-1.10.0.jar (com.squareup:javapoet:1.10.0) with InstrumentationAnalysisTransform
[        ] Transforming javapoet-1.10.0.jar (com.squareup:javapoet:1.10.0) with MergeInstrumentationAnalysisTransform
[        ] Transforming protobuf-java-util-3.19.3.jar (com.google.protobuf:protobuf-java-util:3.19.3) with InstrumentationAnalysisTransform
[        ] Transforming protobuf-java-util-3.19.3.jar (com.google.protobuf:protobuf-java-util:3.19.3) with MergeInstrumentationAnalysisTransform
[        ] Transforming grpc-protobuf-1.45.1.jar (io.grpc:grpc-protobuf:1.45.1) with InstrumentationAnalysisTransform
[        ] Transforming grpc-protobuf-1.45.1.jar (io.grpc:grpc-protobuf:1.45.1) with MergeInstrumentationAnalysisTransform
[        ] Transforming javapoet-1.10.0.jar (com.squareup:javapoet:1.10.0) with ExternalDependencyInstrumentingArtifactTransform
[        ] Transforming protobuf-java-util-3.19.3.jar (com.google.protobuf:protobuf-java-util:3.19.3) with ExternalDependencyInstrumentingArtifactTransform
[        ] Transforming grpc-protobuf-1.45.1.jar (io.grpc:grpc-protobuf:1.45.1) with ExternalDependencyInstrumentingArtifactTransform
[        ] Transforming tink-1.7.0.jar (com.google.crypto.tink:tink:1.7.0) with InstrumentationAnalysisTransform
[        ] Transforming tink-1.7.0.jar (com.google.crypto.tink:tink:1.7.0) with MergeInstrumentationAnalysisTransform
[        ] Transforming protos-31.1.2.jar (com.android.tools.analytics-library:protos:31.1.2) with InstrumentationAnalysisTransform
[        ] Transforming tink-1.7.0.jar (com.google.crypto.tink:tink:1.7.0) with ExternalDependencyInstrumentingArtifactTransform
[        ] Transforming protos-31.1.2.jar (com.android.tools.analytics-library:protos:31.1.2) with MergeInstrumentationAnalysisTransform
[        ] Transforming proto-google-common-protos-2.0.1.jar (com.google.api.grpc:proto-google-common-protos:2.0.1) with InstrumentationAnalysisTransform
[        ] Transforming protos-31.1.2.jar (com.android.tools.analytics-library:protos:31.1.2) with ExternalDependencyInstrumentingArtifactTransform
[        ] Transforming proto-google-common-protos-2.0.1.jar (com.google.api.grpc:proto-google-common-protos:2.0.1) with MergeInstrumentationAnalysisTransform
[        ] Transforming protobuf-java-3.19.3.jar (com.google.protobuf:protobuf-java:3.19.3) with InstrumentationAnalysisTransform
[        ] Transforming protobuf-java-3.19.3.jar (com.google.protobuf:protobuf-java:3.19.3) with MergeInstrumentationAnalysisTransform
[        ] Transforming grpc-netty-1.45.1.jar (io.grpc:grpc-netty:1.45.1) with InstrumentationAnalysisTransform
[        ] Transforming proto-google-common-protos-2.0.1.jar (com.google.api.grpc:proto-google-common-protos:2.0.1) with ExternalDependencyInstrumentingArtifactTransform
[        ] Transforming protobuf-java-3.19.3.jar (com.google.protobuf:protobuf-java:3.19.3) with ExternalDependencyInstrumentingArtifactTransform
[        ] Transforming grpc-netty-1.45.1.jar (io.grpc:grpc-netty:1.45.1) with MergeInstrumentationAnalysisTransform
[        ] Transforming grpc-core-1.45.1.jar (io.grpc:grpc-core:1.45.1) with InstrumentationAnalysisTransform
[        ] Transforming grpc-core-1.45.1.jar (io.grpc:grpc-core:1.45.1) with MergeInstrumentationAnalysisTransform
[        ] Transforming gson-2.8.9.jar (com.google.code.gson:gson:2.8.9) with InstrumentationAnalysisTransform
[        ] Transforming gson-2.8.9.jar (com.google.code.gson:gson:2.8.9) with MergeInstrumentationAnalysisTransform
[        ] Transforming grpc-stub-1.45.1.jar (io.grpc:grpc-stub:1.45.1) with InstrumentationAnalysisTransform
[        ] Transforming grpc-stub-1.45.1.jar (io.grpc:grpc-stub:1.45.1) with MergeInstrumentationAnalysisTransform
[        ] Transforming core-proto-0.0.8-alpha08.jar (com.google.testing.platform:core-proto:0.0.8-alpha08) with InstrumentationAnalysisTransform
[        ] Transforming core-proto-0.0.8-alpha08.jar (com.google.testing.platform:core-proto:0.0.8-alpha08) with MergeInstrumentationAnalysisTransform
[        ] Transforming tensorflow-lite-metadata-0.1.0-rc2.jar (org.tensorflow:tensorflow-lite-metadata:0.1.0-rc2) with InstrumentationAnalysisTransform
[        ] Transforming tensorflow-lite-metadata-0.1.0-rc2.jar (org.tensorflow:tensorflow-lite-metadata:0.1.0-rc2) with MergeInstrumentationAnalysisTransform
[        ] Transforming flatbuffers-java-1.12.0.jar (com.google.flatbuffers:flatbuffers-java:1.12.0) with InstrumentationAnalysisTransform
[   +1 ms] Transforming flatbuffers-java-1.12.0.jar (com.google.flatbuffers:flatbuffers-java:1.12.0) with MergeInstrumentationAnalysisTransform
[        ] Transforming kotlin-gradle-plugin-model-1.7.22.jar (org.jetbrains.kotlin:kotlin-gradle-plugin-model:1.7.22) with InstrumentationAnalysisTransform
[   +1 ms] Transforming kotlin-gradle-plugin-model-1.7.22.jar (org.jetbrains.kotlin:kotlin-gradle-plugin-model:1.7.22) with MergeInstrumentationAnalysisTransform
[        ] Transforming kotlin-gradle-plugin-api-1.7.22-gradle71.jar (org.jetbrains.kotlin:kotlin-gradle-plugin-api:1.7.22) with InstrumentationAnalysisTransform
[        ] Transforming kotlin-gradle-plugin-api-1.7.22-gradle71.jar (org.jetbrains.kotlin:kotlin-gradle-plugin-api:1.7.22) with MergeInstrumentationAnalysisTransform
[        ] Transforming kotlin-gradle-plugin-api-1.7.22.jar (org.jetbrains.kotlin:kotlin-gradle-plugin-api:1.7.22) with InstrumentationAnalysisTransform
[        ] Transforming kotlin-gradle-plugin-api-1.7.22.jar (org.jetbrains.kotlin:kotlin-gradle-plugin-api:1.7.22) with MergeInstrumentationAnalysisTransform
[        ] Transforming kotlin-gradle-plugin-idea-proto-1.7.22.jar (org.jetbrains.kotlin:kotlin-gradle-plugin-idea-proto:1.7.22) with InstrumentationAnalysisTransform
[        ] Transforming grpc-netty-1.45.1.jar (io.grpc:grpc-netty:1.45.1) with ExternalDependencyInstrumentingArtifactTransform
[        ] Transforming grpc-core-1.45.1.jar (io.grpc:grpc-core:1.45.1) with ExternalDependencyInstrumentingArtifactTransform
[  +14 ms] Transforming grpc-stub-1.45.1.jar (io.grpc:grpc-stub:1.45.1) with ExternalDependencyInstrumentingArtifactTransform
[        ] Transforming core-proto-0.0.8-alpha08.jar (com.google.testing.platform:core-proto:0.0.8-alpha08) with ExternalDependencyInstrumentingArtifactTransform
[        ] Transforming tensorflow-lite-metadata-0.1.0-rc2.jar (org.tensorflow:tensorflow-lite-metadata:0.1.0-rc2) with ExternalDependencyInstrumentingArtifactTransform
[        ] Transforming flatbuffers-java-1.12.0.jar (com.google.flatbuffers:flatbuffers-java:1.12.0) with ExternalDependencyInstrumentingArtifactTransform
[        ] Transforming kotlin-gradle-plugin-model-1.7.22.jar (org.jetbrains.kotlin:kotlin-gradle-plugin-model:1.7.22) with ExternalDependencyInstrumentingArtifactTransform
[        ] Transforming kotlin-gradle-plugin-api-1.7.22-gradle71.jar (org.jetbrains.kotlin:kotlin-gradle-plugin-api:1.7.22) with ExternalDependencyInstrumentingArtifactTransform
[        ] Transforming kotlin-gradle-plugin-api-1.7.22.jar (org.jetbrains.kotlin:kotlin-gradle-plugin-api:1.7.22) with ExternalDependencyInstrumentingArtifactTransform
[   +4 ms] Transforming gson-2.8.9.jar (com.google.code.gson:gson:2.8.9) with ExternalDependencyInstrumentingArtifactTransform
[        ] Transforming kotlin-gradle-plugin-idea-proto-1.7.22.jar (org.jetbrains.kotlin:kotlin-gradle-plugin-idea-proto:1.7.22) with MergeInstrumentationAnalysisTransform
[        ] Transforming kotlin-gradle-plugin-idea-1.7.22.jar (org.jetbrains.kotlin:kotlin-gradle-plugin-idea:1.7.22) with InstrumentationAnalysisTransform
[   +5 ms] Transforming kotlin-gradle-plugin-idea-proto-1.7.22.jar (org.jetbrains.kotlin:kotlin-gradle-plugin-idea-proto:1.7.22) with ExternalDependencyInstrumentingArtifactTransform
[        ] Transforming kotlin-gradle-plugin-idea-1.7.22.jar (org.jetbrains.kotlin:kotlin-gradle-plugin-idea:1.7.22) with MergeInstrumentationAnalysisTransform
[        ] Transforming kotlin-project-model-1.7.22.jar (org.jetbrains.kotlin:kotlin-project-model:1.7.22) with InstrumentationAnalysisTransform
[        ] Transforming kotlin-project-model-1.7.22.jar (org.jetbrains.kotlin:kotlin-project-model:1.7.22) with MergeInstrumentationAnalysisTransform
[   +1 ms] Transforming kotlin-gradle-plugin-idea-1.7.22.jar (org.jetbrains.kotlin:kotlin-gradle-plugin-idea:1.7.22) with ExternalDependencyInstrumentingArtifactTransform
[        ] Transforming kotlin-tooling-core-1.7.22.jar (org.jetbrains.kotlin:kotlin-tooling-core:1.7.22) with InstrumentationAnalysisTransform
[        ] Transforming kotlin-tooling-core-1.7.22.jar (org.jetbrains.kotlin:kotlin-tooling-core:1.7.22) with MergeInstrumentationAnalysisTransform
[        ] Transforming kotlin-project-model-1.7.22.jar (org.jetbrains.kotlin:kotlin-project-model:1.7.22) with ExternalDependencyInstrumentingArtifactTransform
[        ] Transforming kotlin-util-klib-1.7.22.jar (org.jetbrains.kotlin:kotlin-util-klib:1.7.22) with InstrumentationAnalysisTransform
[        ] Transforming kotlin-tooling-core-1.7.22.jar (org.jetbrains.kotlin:kotlin-tooling-core:1.7.22) with ExternalDependencyInstrumentingArtifactTransform
[        ] Transforming kotlin-util-klib-1.7.22.jar (org.jetbrains.kotlin:kotlin-util-klib:1.7.22) with MergeInstrumentationAnalysisTransform
[        ] Transforming kotlin-klib-commonizer-api-1.7.22.jar (org.jetbrains.kotlin:kotlin-klib-commonizer-api:1.7.22) with InstrumentationAnalysisTransform
[        ] Transforming kotlin-klib-commonizer-api-1.7.22.jar (org.jetbrains.kotlin:kotlin-klib-commonizer-api:1.7.22) with MergeInstrumentationAnalysisTransform
[        ] Transforming kotlin-annotation-processing-gradle-1.7.22.jar (org.jetbrains.kotlin:kotlin-annotation-processing-gradle:1.7.22) with InstrumentationAnalysisTransform
[        ] Transforming kotlin-util-klib-1.7.22.jar (org.jetbrains.kotlin:kotlin-util-klib:1.7.22) with ExternalDependencyInstrumentingArtifactTransform
[        ] Transforming kotlin-annotation-processing-gradle-1.7.22.jar (org.jetbrains.kotlin:kotlin-annotation-processing-gradle:1.7.22) with MergeInstrumentationAnalysisTransform
[        ] Transforming kotlin-android-extensions-1.7.22.jar (org.jetbrains.kotlin:kotlin-android-extensions:1.7.22) with InstrumentationAnalysisTransform
[        ] Transforming kotlin-android-extensions-1.7.22.jar (org.jetbrains.kotlin:kotlin-android-extensions:1.7.22) with MergeInstrumentationAnalysisTransform
[        ] Transforming kotlin-compiler-runner-1.7.22.jar (org.jetbrains.kotlin:kotlin-compiler-runner:1.7.22) with InstrumentationAnalysisTransform
[        ] Transforming kotlin-compiler-runner-1.7.22.jar (org.jetbrains.kotlin:kotlin-compiler-runner:1.7.22) with MergeInstrumentationAnalysisTransform
[        ] Transforming kotlin-compiler-embeddable-1.7.22.jar (org.jetbrains.kotlin:kotlin-compiler-embeddable:1.7.22) with InstrumentationAnalysisTransform
[        ] Transforming kotlin-compiler-embeddable-1.7.22.jar (org.jetbrains.kotlin:kotlin-compiler-embeddable:1.7.22) with MergeInstrumentationAnalysisTransform
[        ] Transforming kotlin-scripting-compiler-embeddable-1.7.22.jar (org.jetbrains.kotlin:kotlin-scripting-compiler-embeddable:1.7.22) with InstrumentationAnalysisTransform
[        ] Transforming kotlin-annotation-processing-gradle-1.7.22.jar (org.jetbrains.kotlin:kotlin-annotation-processing-gradle:1.7.22) with ExternalDependencyInstrumentingArtifactTransform
[        ] Transforming kotlin-scripting-compiler-embeddable-1.7.22.jar (org.jetbrains.kotlin:kotlin-scripting-compiler-embeddable:1.7.22) with MergeInstrumentationAnalysisTransform
[        ] Transforming kotlin-klib-commonizer-api-1.7.22.jar (org.jetbrains.kotlin:kotlin-klib-commonizer-api:1.7.22) with ExternalDependencyInstrumentingArtifactTransform
[        ] Transforming kotlin-scripting-compiler-impl-embeddable-1.7.22.jar (org.jetbrains.kotlin:kotlin-scripting-compiler-impl-embeddable:1.7.22) with InstrumentationAnalysisTransform
[        ] Transforming kotlin-compiler-runner-1.7.22.jar (org.jetbrains.kotlin:kotlin-compiler-runner:1.7.22) with ExternalDependencyInstrumentingArtifactTransform
[        ] Transforming kotlin-scripting-compiler-impl-embeddable-1.7.22.jar (org.jetbrains.kotlin:kotlin-scripting-compiler-impl-embeddable:1.7.22) with MergeInstrumentationAnalysisTransform
[        ] Transforming kotlin-android-extensions-1.7.22.jar (org.jetbrains.kotlin:kotlin-android-extensions:1.7.22) with ExternalDependencyInstrumentingArtifactTransform
[        ] Transforming kotlin-compiler-embeddable-1.7.22.jar (org.jetbrains.kotlin:kotlin-compiler-embeddable:1.7.22) with ExternalDependencyInstrumentingArtifactTransform
[        ] Transforming jimfs-1.1.jar (com.google.jimfs:jimfs:1.1) with InstrumentationAnalysisTransform
[        ] Transforming kotlin-scripting-compiler-embeddable-1.7.22.jar (org.jetbrains.kotlin:kotlin-scripting-compiler-embeddable:1.7.22) with ExternalDependencyInstrumentingArtifactTransform
[        ] Transforming jimfs-1.1.jar (com.google.jimfs:jimfs:1.1) with MergeInstrumentationAnalysisTransform
[        ] Transforming grpc-protobuf-lite-1.45.1.jar (io.grpc:grpc-protobuf-lite:1.45.1) with InstrumentationAnalysisTransform
[        ] Transforming grpc-protobuf-lite-1.45.1.jar (io.grpc:grpc-protobuf-lite:1.45.1) with MergeInstrumentationAnalysisTransform
[        ] Transforming grpc-api-1.45.1.jar (io.grpc:grpc-api:1.45.1) with InstrumentationAnalysisTransform
[        ] Transforming kotlin-scripting-compiler-impl-embeddable-1.7.22.jar (org.jetbrains.kotlin:kotlin-scripting-compiler-impl-embeddable:1.7.22) with ExternalDependencyInstrumentingArtifactTransform
[        ] Transforming grpc-api-1.45.1.jar (io.grpc:grpc-api:1.45.1) with MergeInstrumentationAnalysisTransform
[        ] Transforming guava-31.1-jre.jar (com.google.guava:guava:31.1-jre) with InstrumentationAnalysisTransform
[        ] Transforming jimfs-1.1.jar (com.google.jimfs:jimfs:1.1) with ExternalDependencyInstrumentingArtifactTransform
[        ] Transforming grpc-api-1.45.1.jar (io.grpc:grpc-api:1.45.1) with ExternalDependencyInstrumentingArtifactTransform
[        ] Transforming grpc-protobuf-lite-1.45.1.jar (io.grpc:grpc-protobuf-lite:1.45.1) with ExternalDependencyInstrumentingArtifactTransform
[        ] Transforming guava-31.1-jre.jar (com.google.guava:guava:31.1-jre) with MergeInstrumentationAnalysisTransform
[        ] Transforming dagger-2.28.3.jar (com.google.dagger:dagger:2.28.3) with InstrumentationAnalysisTransform
[        ] Transforming guava-31.1-jre.jar (com.google.guava:guava:31.1-jre) with ExternalDependencyInstrumentingArtifactTransform
[        ] Transforming dagger-2.28.3.jar (com.google.dagger:dagger:2.28.3) with MergeInstrumentationAnalysisTransform
[        ] Transforming javax.inject-1.jar (javax.inject:javax.inject:1) with InstrumentationAnalysisTransform
[        ] Transforming javax.inject-1.jar (javax.inject:javax.inject:1) with MergeInstrumentationAnalysisTransform
[        ] Transforming kxml2-2.3.0.jar (net.sf.kxml:kxml2:2.3.0) with InstrumentationAnalysisTransform
[        ] Transforming dagger-2.28.3.jar (com.google.dagger:dagger:2.28.3) with ExternalDependencyInstrumentingArtifactTransform
[        ] Transforming kxml2-2.3.0.jar (net.sf.kxml:kxml2:2.3.0) with MergeInstrumentationAnalysisTransform
[        ] Transforming javax.inject-1.jar (javax.inject:javax.inject:1) with ExternalDependencyInstrumentingArtifactTransform
[        ] Transforming kxml2-2.3.0.jar (net.sf.kxml:kxml2:2.3.0) with ExternalDependencyInstrumentingArtifactTransform
[        ] Transforming bcprov-jdk15on-1.67.jar (org.bouncycastle:bcprov-jdk15on:1.67) with InstrumentationAnalysisTransform
[        ] Transforming bcprov-jdk15on-1.67.jar (org.bouncycastle:bcprov-jdk15on:1.67) with MergeInstrumentationAnalysisTransform
[        ] Transforming trove4j-1.0.20200330.jar (org.jetbrains.intellij.deps:trove4j:1.0.20200330) with InstrumentationAnalysisTransform
[        ] Transforming trove4j-1.0.20200330.jar (org.jetbrains.intellij.deps:trove4j:1.0.20200330) with MergeInstrumentationAnalysisTransform
[        ] Transforming kotlin-reflect-1.8.20-RC2.jar (org.jetbrains.kotlin:kotlin-reflect:1.8.20-RC2) with InstrumentationAnalysisTransform
[        ] Transforming kotlin-reflect-1.8.20-RC2.jar (org.jetbrains.kotlin:kotlin-reflect:1.8.20-RC2) with MergeInstrumentationAnalysisTransform
[        ] Transforming xercesImpl-2.12.0.jar (xerces:xercesImpl:2.12.0) with InstrumentationAnalysisTransform
[        ] Transforming xercesImpl-2.12.0.jar (xerces:xercesImpl:2.12.0) with MergeInstrumentationAnalysisTransform
[        ] Transforming bcprov-jdk15on-1.67.jar (org.bouncycastle:bcprov-jdk15on:1.67) with ExternalDependencyInstrumentingArtifactTransform
[        ] Transforming commons-compress-1.21.jar (org.apache.commons:commons-compress:1.21) with InstrumentationAnalysisTransform
[        ] Transforming kotlin-reflect-1.8.20-RC2.jar (org.jetbrains.kotlin:kotlin-reflect:1.8.20-RC2) with ExternalDependencyInstrumentingArtifactTransform
[        ] Transforming xercesImpl-2.12.0.jar (xerces:xercesImpl:2.12.0) with ExternalDependencyInstrumentingArtifactTransform
[        ] Transforming trove4j-1.0.20200330.jar (org.jetbrains.intellij.deps:trove4j:1.0.20200330) with ExternalDependencyInstrumentingArtifactTransform
[        ] Transforming commons-compress-1.21.jar (org.apache.commons:commons-compress:1.21) with MergeInstrumentationAnalysisTransform
[   +1 ms] Transforming httpclient-4.5.13.jar (org.apache.httpcomponents:httpclient:4.5.13) with InstrumentationAnalysisTransform
[        ] Transforming commons-compress-1.21.jar (org.apache.commons:commons-compress:1.21) with ExternalDependencyInstrumentingArtifactTransform
[        ] Transforming httpclient-4.5.13.jar (org.apache.httpcomponents:httpclient:4.5.13) with MergeInstrumentationAnalysisTransform
[        ] Transforming httpcore-4.4.15.jar (org.apache.httpcomponents:httpcore:4.4.15) with InstrumentationAnalysisTransform
[        ] Transforming httpcore-4.4.15.jar (org.apache.httpcomponents:httpcore:4.4.15) with MergeInstrumentationAnalysisTransform
[        ] Transforming javax.activation-1.2.0.jar (com.sun.activation:javax.activation:1.2.0) with InstrumentationAnalysisTransform
[        ] Transforming httpclient-4.5.13.jar (org.apache.httpcomponents:httpclient:4.5.13) with ExternalDependencyInstrumentingArtifactTransform
[        ] Transforming javax.activation-1.2.0.jar (com.sun.activation:javax.activation:1.2.0) with MergeInstrumentationAnalysisTransform
[        ] Transforming httpcore-4.4.15.jar (org.apache.httpcomponents:httpcore:4.4.15) with ExternalDependencyInstrumentingArtifactTransform
[        ] Transforming kotlin-stdlib-jdk7-1.8.20-RC2.jar (org.jetbrains.kotlin:kotlin-stdlib-jdk7:1.8.20-RC2) with InstrumentationAnalysisTransform
[        ] Transforming javax.activation-1.2.0.jar (com.sun.activation:javax.activation:1.2.0) with ExternalDependencyInstrumentingArtifactTransform
[        ] Transforming kotlin-stdlib-jdk7-1.8.20-RC2.jar (org.jetbrains.kotlin:kotlin-stdlib-jdk7:1.8.20-RC2) with MergeInstrumentationAnalysisTransform
[        ] Transforming kotlin-stdlib-1.8.20-RC2.jar (org.jetbrains.kotlin:kotlin-stdlib:1.8.20-RC2) with InstrumentationAnalysisTransform
[        ] Transforming kotlin-stdlib-1.8.20-RC2.jar (org.jetbrains.kotlin:kotlin-stdlib:1.8.20-RC2) with MergeInstrumentationAnalysisTransform
[   +1 ms] Transforming kotlin-stdlib-jdk7-1.8.20-RC2.jar (org.jetbrains.kotlin:kotlin-stdlib-jdk7:1.8.20-RC2) with ExternalDependencyInstrumentingArtifactTransform
[   +2 ms] Transforming annotations-13.0.jar (org.jetbrains:annotations:13.0) with InstrumentationAnalysisTransform
[        ] Transforming annotations-13.0.jar (org.jetbrains:annotations:13.0) with MergeInstrumentationAnalysisTransform
[        ] Transforming kotlin-stdlib-1.8.20-RC2.jar (org.jetbrains.kotlin:kotlin-stdlib:1.8.20-RC2) with ExternalDependencyInstrumentingArtifactTransform
[        ] Transforming signflinger-8.1.2.jar (com.android:signflinger:8.1.2) with InstrumentationAnalysisTransform
[        ] Transforming signflinger-8.1.2.jar (com.android:signflinger:8.1.2) with MergeInstrumentationAnalysisTransform
[        ] Transforming annotations-13.0.jar (org.jetbrains:annotations:13.0) with ExternalDependencyInstrumentingArtifactTransform
[        ] Transforming zipflinger-8.1.2.jar (com.android:zipflinger:8.1.2) with InstrumentationAnalysisTransform
[        ] Transforming zipflinger-8.1.2.jar (com.android:zipflinger:8.1.2) with MergeInstrumentationAnalysisTransform
[        ] Transforming signflinger-8.1.2.jar (com.android:signflinger:8.1.2) with ExternalDependencyInstrumentingArtifactTransform
[        ] Transforming annotations-31.1.2.jar (com.android.tools:annotations:31.1.2) with InstrumentationAnalysisTransform
[        ] Transforming annotations-31.1.2.jar (com.android.tools:annotations:31.1.2) with MergeInstrumentationAnalysisTransform
[        ] Transforming jna-platform-5.6.0.jar (net.java.dev.jna:jna-platform:5.6.0) with InstrumentationAnalysisTransform
[        ] Transforming zipflinger-8.1.2.jar (com.android:zipflinger:8.1.2) with ExternalDependencyInstrumentingArtifactTransform
[        ] Transforming jna-platform-5.6.0.jar (net.java.dev.jna:jna-platform:5.6.0) with MergeInstrumentationAnalysisTransform
[        ] Transforming annotations-31.1.2.jar (com.android.tools:annotations:31.1.2) with ExternalDependencyInstrumentingArtifactTransform
[        ] Transforming juniversalchardet-1.0.3.jar (com.googlecode.juniversalchardet:juniversalchardet:1.0.3) with InstrumentationAnalysisTransform
[        ] Transforming juniversalchardet-1.0.3.jar (com.googlecode.juniversalchardet:juniversalchardet:1.0.3) with MergeInstrumentationAnalysisTransform
[        ] Transforming javax.annotation-api-1.3.2.jar (javax.annotation:javax.annotation-api:1.3.2) with InstrumentationAnalysisTransform
[        ] Transforming javax.annotation-api-1.3.2.jar (javax.annotation:javax.annotation-api:1.3.2) with MergeInstrumentationAnalysisTransform
[        ] Transforming jna-platform-5.6.0.jar (net.java.dev.jna:jna-platform:5.6.0) with ExternalDependencyInstrumentingArtifactTransform
[        ] Transforming stax-ex-1.8.1.jar (org.jvnet.staxex:stax-ex:1.8.1) with InstrumentationAnalysisTransform
[        ] Transforming stax-ex-1.8.1.jar (org.jvnet.staxex:stax-ex:1.8.1) with MergeInstrumentationAnalysisTransform
[        ] Transforming juniversalchardet-1.0.3.jar (com.googlecode.juniversalchardet:juniversalchardet:1.0.3) with ExternalDependencyInstrumentingArtifactTransform
[        ] Transforming javax.annotation-api-1.3.2.jar (javax.annotation:javax.annotation-api:1.3.2) with ExternalDependencyInstrumentingArtifactTransform
[        ] Transforming stax-ex-1.8.1.jar (org.jvnet.staxex:stax-ex:1.8.1) with ExternalDependencyInstrumentingArtifactTransform
[        ] Transforming jakarta.xml.bind-api-2.3.2.jar (jakarta.xml.bind:jakarta.xml.bind-api:2.3.2) with InstrumentationAnalysisTransform
[        ] Transforming jakarta.xml.bind-api-2.3.2.jar (jakarta.xml.bind:jakarta.xml.bind-api:2.3.2) with MergeInstrumentationAnalysisTransform
[        ] Transforming txw2-2.3.2.jar (org.glassfish.jaxb:txw2:2.3.2) with InstrumentationAnalysisTransform
[        ] Transforming txw2-2.3.2.jar (org.glassfish.jaxb:txw2:2.3.2) with MergeInstrumentationAnalysisTransform
[        ] Transforming istack-commons-runtime-3.0.8.jar (com.sun.istack:istack-commons-runtime:3.0.8) with InstrumentationAnalysisTransform
[        ] Transforming istack-commons-runtime-3.0.8.jar (com.sun.istack:istack-commons-runtime:3.0.8) with MergeInstrumentationAnalysisTransform
[        ] Transforming jakarta.xml.bind-api-2.3.2.jar (jakarta.xml.bind:jakarta.xml.bind-api:2.3.2) with ExternalDependencyInstrumentingArtifactTransform
[        ] Transforming FastInfoset-1.2.16.jar (com.sun.xml.fastinfoset:FastInfoset:1.2.16) with InstrumentationAnalysisTransform
[        ] Transforming FastInfoset-1.2.16.jar (com.sun.xml.fastinfoset:FastInfoset:1.2.16) with MergeInstrumentationAnalysisTransform
[        ] Transforming txw2-2.3.2.jar (org.glassfish.jaxb:txw2:2.3.2) with ExternalDependencyInstrumentingArtifactTransform
[        ] Transforming istack-commons-runtime-3.0.8.jar (com.sun.istack:istack-commons-runtime:3.0.8) with ExternalDependencyInstrumentingArtifactTransform
[        ] Transforming jakarta.activation-api-1.2.1.jar (jakarta.activation:jakarta.activation-api:1.2.1) with InstrumentationAnalysisTransform
[        ] Transforming jakarta.activation-api-1.2.1.jar (jakarta.activation:jakarta.activation-api:1.2.1) with MergeInstrumentationAnalysisTransform
[        ] Transforming auto-value-annotations-1.6.2.jar (com.google.auto.value:auto-value-annotations:1.6.2) with InstrumentationAnalysisTransform
[        ] Transforming auto-value-annotations-1.6.2.jar (com.google.auto.value:auto-value-annotations:1.6.2) with MergeInstrumentationAnalysisTransform
[        ] Transforming error_prone_annotations-2.11.0.jar (com.google.errorprone:error_prone_annotations:2.11.0) with InstrumentationAnalysisTransform
[        ] Transforming error_prone_annotations-2.11.0.jar (com.google.errorprone:error_prone_annotations:2.11.0) with MergeInstrumentationAnalysisTransform
[        ] Transforming jakarta.activation-api-1.2.1.jar (jakarta.activation:jakarta.activation-api:1.2.1) with ExternalDependencyInstrumentingArtifactTransform
[        ] Transforming jose4j-0.7.0.jar (org.bitbucket.b_c:jose4j:0.7.0) with InstrumentationAnalysisTransform
[        ] Transforming auto-value-annotations-1.6.2.jar (com.google.auto.value:auto-value-annotations:1.6.2) with ExternalDependencyInstrumentingArtifactTransform
[        ] Transforming error_prone_annotations-2.11.0.jar (com.google.errorprone:error_prone_annotations:2.11.0) with ExternalDependencyInstrumentingArtifactTransform
[        ] Transforming jose4j-0.7.0.jar (org.bitbucket.b_c:jose4j:0.7.0) with MergeInstrumentationAnalysisTransform
[        ] Transforming slf4j-api-1.7.30.jar (org.slf4j:slf4j-api:1.7.30) with InstrumentationAnalysisTransform
[        ] Transforming slf4j-api-1.7.30.jar (org.slf4j:slf4j-api:1.7.30) with MergeInstrumentationAnalysisTransform
[        ] Transforming jose4j-0.7.0.jar (org.bitbucket.b_c:jose4j:0.7.0) with ExternalDependencyInstrumentingArtifactTransform
[        ] Transforming jdom2-2.0.6.jar (org.jdom:jdom2:2.0.6) with InstrumentationAnalysisTransform
[        ] Transforming slf4j-api-1.7.30.jar (org.slf4j:slf4j-api:1.7.30) with ExternalDependencyInstrumentingArtifactTransform
[        ] Transforming jdom2-2.0.6.jar (org.jdom:jdom2:2.0.6) with MergeInstrumentationAnalysisTransform
[        ] Transforming j2objc-annotations-1.3.jar (com.google.j2objc:j2objc-annotations:1.3) with InstrumentationAnalysisTransform
[        ] Transforming j2objc-annotations-1.3.jar (com.google.j2objc:j2objc-annotations:1.3) with MergeInstrumentationAnalysisTransform
[        ] Transforming FastInfoset-1.2.16.jar (com.sun.xml.fastinfoset:FastInfoset:1.2.16) with ExternalDependencyInstrumentingArtifactTransform
[        ] Transforming jdom2-2.0.6.jar (org.jdom:jdom2:2.0.6) with ExternalDependencyInstrumentingArtifactTransform
[        ] Transforming jsr305-3.0.2.jar (com.google.code.findbugs:jsr305:3.0.2) with InstrumentationAnalysisTransform
[        ] Transforming jsr305-3.0.2.jar (com.google.code.findbugs:jsr305:3.0.2) with MergeInstrumentationAnalysisTransform
[        ] Transforming j2objc-annotations-1.3.jar (com.google.j2objc:j2objc-annotations:1.3) with ExternalDependencyInstrumentingArtifactTransform
[        ] Transforming jsr305-3.0.2.jar (com.google.code.findbugs:jsr305:3.0.2) with ExternalDependencyInstrumentingArtifactTransform
[        ] Transforming annotations-4.1.1.4.jar (com.google.android:annotations:4.1.1.4) with InstrumentationAnalysisTransform
[        ] Transforming annotations-4.1.1.4.jar (com.google.android:annotations:4.1.1.4) with MergeInstrumentationAnalysisTransform
[        ] Transforming animal-sniffer-annotations-1.19.jar (org.codehaus.mojo:animal-sniffer-annotations:1.19) with InstrumentationAnalysisTransform
[        ] Transforming annotations-4.1.1.4.jar (com.google.android:annotations:4.1.1.4) with ExternalDependencyInstrumentingArtifactTransform
[        ] Transforming animal-sniffer-annotations-1.19.jar (org.codehaus.mojo:animal-sniffer-annotations:1.19) with MergeInstrumentationAnalysisTransform
[        ] Transforming perfmark-api-0.23.0.jar (io.perfmark:perfmark-api:0.23.0) with InstrumentationAnalysisTransform
[        ] Transforming perfmark-api-0.23.0.jar (io.perfmark:perfmark-api:0.23.0) with MergeInstrumentationAnalysisTransform
[        ] Transforming netty-codec-http2-4.1.72.Final.jar (io.netty:netty-codec-http2:4.1.72.Final) with InstrumentationAnalysisTransform
[        ] Transforming animal-sniffer-annotations-1.19.jar (org.codehaus.mojo:animal-sniffer-annotations:1.19) with ExternalDependencyInstrumentingArtifactTransform
[        ] Transforming netty-codec-http2-4.1.72.Final.jar (io.netty:netty-codec-http2:4.1.72.Final) with MergeInstrumentationAnalysisTransform
[        ] Transforming perfmark-api-0.23.0.jar (io.perfmark:perfmark-api:0.23.0) with ExternalDependencyInstrumentingArtifactTransform
[        ] Transforming netty-codec-http2-4.1.72.Final.jar (io.netty:netty-codec-http2:4.1.72.Final) with ExternalDependencyInstrumentingArtifactTransform
[        ] Transforming netty-handler-proxy-4.1.72.Final.jar (io.netty:netty-handler-proxy:4.1.72.Final) with InstrumentationAnalysisTransform
[        ] Transforming netty-handler-proxy-4.1.72.Final.jar (io.netty:netty-handler-proxy:4.1.72.Final) with MergeInstrumentationAnalysisTransform
[        ] Transforming checker-qual-3.12.0.jar (org.checkerframework:checker-qual:3.12.0) with InstrumentationAnalysisTransform
[        ] Transforming checker-qual-3.12.0.jar (org.checkerframework:checker-qual:3.12.0) with MergeInstrumentationAnalysisTransform
[        ] Transforming commons-codec-1.11.jar (commons-codec:commons-codec:1.11) with InstrumentationAnalysisTransform
[        ] Transforming commons-codec-1.11.jar (commons-codec:commons-codec:1.11) with MergeInstrumentationAnalysisTransform
[        ] Transforming netty-handler-proxy-4.1.72.Final.jar (io.netty:netty-handler-proxy:4.1.72.Final) with ExternalDependencyInstrumentingArtifactTransform
[        ] Transforming apksig-8.1.2.jar (com.android.tools.build:apksig:8.1.2) with InstrumentationAnalysisTransform
[        ] Transforming checker-qual-3.12.0.jar (org.checkerframework:checker-qual:3.12.0) with ExternalDependencyInstrumentingArtifactTransform
[        ] Transforming apksig-8.1.2.jar (com.android.tools.build:apksig:8.1.2) with MergeInstrumentationAnalysisTransform
[        ] Transforming commons-codec-1.11.jar (commons-codec:commons-codec:1.11) with ExternalDependencyInstrumentingArtifactTransform
[        ] Transforming javawriter-2.5.0.jar (com.squareup:javawriter:2.5.0) with InstrumentationAnalysisTransform
[        ] Transforming javawriter-2.5.0.jar (com.squareup:javawriter:2.5.0) with MergeInstrumentationAnalysisTransform
[  +28 ms] Transforming apksig-8.1.2.jar (com.android.tools.build:apksig:8.1.2) with ExternalDependencyInstrumentingArtifactTransform
[        ] Transforming kotlin-native-utils-1.7.22.jar (org.jetbrains.kotlin:kotlin-native-utils:1.7.22) with InstrumentationAnalysisTransform
[        ] Transforming kotlin-native-utils-1.7.22.jar (org.jetbrains.kotlin:kotlin-native-utils:1.7.22) with MergeInstrumentationAnalysisTransform
[        ] Transforming kotlin-util-io-1.7.22.jar (org.jetbrains.kotlin:kotlin-util-io:1.7.22) with InstrumentationAnalysisTransform
[        ] Transforming javawriter-2.5.0.jar (com.squareup:javawriter:2.5.0) with ExternalDependencyInstrumentingArtifactTransform
[        ] Transforming kotlin-util-io-1.7.22.jar (org.jetbrains.kotlin:kotlin-util-io:1.7.22) with MergeInstrumentationAnalysisTransform
[        ] Transforming kotlin-daemon-embeddable-1.7.22.jar (org.jetbrains.kotlin:kotlin-daemon-embeddable:1.7.22) with InstrumentationAnalysisTransform
[        ] Transforming kotlin-daemon-embeddable-1.7.22.jar (org.jetbrains.kotlin:kotlin-daemon-embeddable:1.7.22) with MergeInstrumentationAnalysisTransform
[        ] Transforming jna-5.6.0.jar (net.java.dev.jna:jna:5.6.0) with InstrumentationAnalysisTransform
[        ] Transforming kotlin-util-io-1.7.22.jar (org.jetbrains.kotlin:kotlin-util-io:1.7.22) with ExternalDependencyInstrumentingArtifactTransform
[        ] Transforming jna-5.6.0.jar (net.java.dev.jna:jna:5.6.0) with MergeInstrumentationAnalysisTransform
[        ] Transforming kotlin-build-common-1.7.22.jar (org.jetbrains.kotlin:kotlin-build-common:1.7.22) with InstrumentationAnalysisTransform
[  +32 ms] Transforming kotlin-native-utils-1.7.22.jar (org.jetbrains.kotlin:kotlin-native-utils:1.7.22) with ExternalDependencyInstrumentingArtifactTransform
[        ] Transforming kotlin-daemon-embeddable-1.7.22.jar (org.jetbrains.kotlin:kotlin-daemon-embeddable:1.7.22) with ExternalDependencyInstrumentingArtifactTransform
[        ] Transforming kotlin-build-common-1.7.22.jar (org.jetbrains.kotlin:kotlin-build-common:1.7.22) with MergeInstrumentationAnalysisTransform
[        ] Transforming jna-5.6.0.jar (net.java.dev.jna:jna:5.6.0) with ExternalDependencyInstrumentingArtifactTransform
[        ] Transforming kotlin-daemon-client-1.7.22.jar (org.jetbrains.kotlin:kotlin-daemon-client:1.7.22) with InstrumentationAnalysisTransform
[        ] Transforming kotlin-build-common-1.7.22.jar (org.jetbrains.kotlin:kotlin-build-common:1.7.22) with ExternalDependencyInstrumentingArtifactTransform
[        ] Transforming kotlin-daemon-client-1.7.22.jar (org.jetbrains.kotlin:kotlin-daemon-client:1.7.22) with MergeInstrumentationAnalysisTransform
[        ] Transforming kotlinx-coroutines-core-jvm-1.5.0.jar (org.jetbrains.kotlinx:kotlinx-coroutines-core-jvm:1.5.0) with InstrumentationAnalysisTransform
[   +1 ms] Transforming kotlinx-coroutines-core-jvm-1.5.0.jar (org.jetbrains.kotlinx:kotlinx-coroutines-core-jvm:1.5.0) with MergeInstrumentationAnalysisTransform
[        ] Transforming kotlin-scripting-jvm-1.7.22.jar (org.jetbrains.kotlin:kotlin-scripting-jvm:1.7.22) with InstrumentationAnalysisTransform
[        ] Transforming kotlin-scripting-jvm-1.7.22.jar (org.jetbrains.kotlin:kotlin-scripting-jvm:1.7.22) with MergeInstrumentationAnalysisTransform
[        ] Transforming kotlin-scripting-common-1.7.22.jar (org.jetbrains.kotlin:kotlin-scripting-common:1.7.22) with InstrumentationAnalysisTransform
[        ] Transforming kotlin-daemon-client-1.7.22.jar (org.jetbrains.kotlin:kotlin-daemon-client:1.7.22) with ExternalDependencyInstrumentingArtifactTransform
[        ] Transforming kotlinx-coroutines-core-jvm-1.5.0.jar (org.jetbrains.kotlinx:kotlinx-coroutines-core-jvm:1.5.0) with ExternalDependencyInstrumentingArtifactTransform
[        ] Transforming kotlin-scripting-common-1.7.22.jar (org.jetbrains.kotlin:kotlin-scripting-common:1.7.22) with MergeInstrumentationAnalysisTransform
[        ] Transforming failureaccess-1.0.1.jar (com.google.guava:failureaccess:1.0.1) with InstrumentationAnalysisTransform
[        ] Transforming kotlin-scripting-jvm-1.7.22.jar (org.jetbrains.kotlin:kotlin-scripting-jvm:1.7.22) with ExternalDependencyInstrumentingArtifactTransform
[        ] Transforming failureaccess-1.0.1.jar (com.google.guava:failureaccess:1.0.1) with MergeInstrumentationAnalysisTransform
[        ] Transforming kotlin-scripting-common-1.7.22.jar (org.jetbrains.kotlin:kotlin-scripting-common:1.7.22) with ExternalDependencyInstrumentingArtifactTransform
[        ] Transforming listenablefuture-9999.0-empty-to-avoid-conflict-with-guava.jar (com.google.guava:listenablefuture:9999.0-empty-to-avoid-conflict-with-guava) with InstrumentationAnalysisTransform
[        ] Transforming failureaccess-1.0.1.jar (com.google.guava:failureaccess:1.0.1) with ExternalDependencyInstrumentingArtifactTransform
[        ] Transforming listenablefuture-9999.0-empty-to-avoid-conflict-with-guava.jar (com.google.guava:listenablefuture:9999.0-empty-to-avoid-conflict-with-guava) with MergeInstrumentationAnalysisTransform
[        ] Transforming xml-apis-1.4.01.jar (xml-apis:xml-apis:1.4.01) with InstrumentationAnalysisTransform
[        ] Transforming xml-apis-1.4.01.jar (xml-apis:xml-apis:1.4.01) with MergeInstrumentationAnalysisTransform
[   +3 ms] Transforming listenablefuture-9999.0-empty-to-avoid-conflict-with-guava.jar (com.google.guava:listenablefuture:9999.0-empty-to-avoid-conflict-with-guava) with ExternalDependencyInstrumentingArtifactTransform
[        ] Transforming commons-logging-1.2.jar (commons-logging:commons-logging:1.2) with InstrumentationAnalysisTransform
[        ] Transforming commons-logging-1.2.jar (commons-logging:commons-logging:1.2) with MergeInstrumentationAnalysisTransform
[        ] Transforming kotlin-stdlib-common-1.8.20-RC2.jar (org.jetbrains.kotlin:kotlin-stdlib-common:1.8.20-RC2) with InstrumentationAnalysisTransform
[        ] Transforming kotlin-stdlib-common-1.8.20-RC2.jar (org.jetbrains.kotlin:kotlin-stdlib-common:1.8.20-RC2) with MergeInstrumentationAnalysisTransform
[        ] Transforming grpc-context-1.45.1.jar (io.grpc:grpc-context:1.45.1) with InstrumentationAnalysisTransform
[        ] Transforming xml-apis-1.4.01.jar (xml-apis:xml-apis:1.4.01) with ExternalDependencyInstrumentingArtifactTransform
[        ] Transforming kotlin-stdlib-common-1.8.20-RC2.jar (org.jetbrains.kotlin:kotlin-stdlib-common:1.8.20-RC2) with ExternalDependencyInstrumentingArtifactTransform
[        ] Transforming commons-logging-1.2.jar (commons-logging:commons-logging:1.2) with ExternalDependencyInstrumentingArtifactTransform
[        ] Transforming grpc-context-1.45.1.jar (io.grpc:grpc-context:1.45.1) with MergeInstrumentationAnalysisTransform
[        ] Transforming netty-codec-http-4.1.72.Final.jar (io.netty:netty-codec-http:4.1.72.Final) with InstrumentationAnalysisTransform
[        ] Transforming netty-codec-http-4.1.72.Final.jar (io.netty:netty-codec-http:4.1.72.Final) with MergeInstrumentationAnalysisTransform
[        ] Transforming grpc-context-1.45.1.jar (io.grpc:grpc-context:1.45.1) with ExternalDependencyInstrumentingArtifactTransform
[        ] Transforming netty-handler-4.1.72.Final.jar (io.netty:netty-handler:4.1.72.Final) with InstrumentationAnalysisTransform
[        ] Transforming netty-codec-http-4.1.72.Final.jar (io.netty:netty-codec-http:4.1.72.Final) with ExternalDependencyInstrumentingArtifactTransform
[        ] Transforming netty-handler-4.1.72.Final.jar (io.netty:netty-handler:4.1.72.Final) with MergeInstrumentationAnalysisTransform
[        ] Transforming netty-codec-socks-4.1.72.Final.jar (io.netty:netty-codec-socks:4.1.72.Final) with InstrumentationAnalysisTransform
[        ] Transforming netty-codec-socks-4.1.72.Final.jar (io.netty:netty-codec-socks:4.1.72.Final) with MergeInstrumentationAnalysisTransform
[        ] Transforming netty-handler-4.1.72.Final.jar (io.netty:netty-handler:4.1.72.Final) with ExternalDependencyInstrumentingArtifactTransform
[        ] Transforming netty-codec-socks-4.1.72.Final.jar (io.netty:netty-codec-socks:4.1.72.Final) with ExternalDependencyInstrumentingArtifactTransform
[        ] Transforming netty-codec-4.1.72.Final.jar (io.netty:netty-codec:4.1.72.Final) with InstrumentationAnalysisTransform
[        ] Transforming netty-codec-4.1.72.Final.jar (io.netty:netty-codec:4.1.72.Final) with MergeInstrumentationAnalysisTransform
[        ] Transforming netty-transport-4.1.72.Final.jar (io.netty:netty-transport:4.1.72.Final) with InstrumentationAnalysisTransform
[        ] Transforming netty-codec-4.1.72.Final.jar (io.netty:netty-codec:4.1.72.Final) with ExternalDependencyInstrumentingArtifactTransform
[        ] Transforming netty-transport-4.1.72.Final.jar (io.netty:netty-transport:4.1.72.Final) with MergeInstrumentationAnalysisTransform
[   +1 ms] Transforming netty-buffer-4.1.72.Final.jar (io.netty:netty-buffer:4.1.72.Final) with InstrumentationAnalysisTransform
[        ] Transforming netty-buffer-4.1.72.Final.jar (io.netty:netty-buffer:4.1.72.Final) with MergeInstrumentationAnalysisTransform
[        ] Transforming netty-resolver-4.1.72.Final.jar (io.netty:netty-resolver:4.1.72.Final) with InstrumentationAnalysisTransform
[        ] Transforming netty-transport-4.1.72.Final.jar (io.netty:netty-transport:4.1.72.Final) with ExternalDependencyInstrumentingArtifactTransform
[        ] Transforming netty-resolver-4.1.72.Final.jar (io.netty:netty-resolver:4.1.72.Final) with MergeInstrumentationAnalysisTransform
[        ] Transforming netty-buffer-4.1.72.Final.jar (io.netty:netty-buffer:4.1.72.Final) with ExternalDependencyInstrumentingArtifactTransform
[        ] Transforming netty-common-4.1.72.Final.jar (io.netty:netty-common:4.1.72.Final) with InstrumentationAnalysisTransform
[        ] Transforming netty-resolver-4.1.72.Final.jar (io.netty:netty-resolver:4.1.72.Final) with ExternalDependencyInstrumentingArtifactTransform
[   +3 ms] Transforming netty-common-4.1.72.Final.jar (io.netty:netty-common:4.1.72.Final) with MergeInstrumentationAnalysisTransform
[        ] Transforming netty-tcnative-classes-2.0.46.Final.jar (io.netty:netty-tcnative-classes:2.0.46.Final) with InstrumentationAnalysisTransform
[        ] Transforming netty-tcnative-classes-2.0.46.Final.jar (io.netty:netty-tcnative-classes:2.0.46.Final) with MergeInstrumentationAnalysisTransform
[        ] Transforming netty-common-4.1.72.Final.jar (io.netty:netty-common:4.1.72.Final) with ExternalDependencyInstrumentingArtifactTransform
[        ] Transforming netty-tcnative-classes-2.0.46.Final.jar (io.netty:netty-tcnative-classes:2.0.46.Final) with ExternalDependencyInstrumentingArtifactTransform
[        ] Build was configured to prefer settings repositories over project repositories but repository 'Google6' was added by build file 'C:\Users\jakao\AppData\Local\Pub\Cache\hosted\pub.dev\package_info_plus-4.2.0\android\build.gradle'
[   +1 ms] Build was configured to prefer settings repositories over project repositories but repository 'MavenRepo6' was added by build file 'C:\Users\jakao\AppData\Local\Pub\Cache\hosted\pub.dev\package_info_plus-4.2.0\android\build.gradle'
[        ] Build was configured to prefer settings repositories over project repositories but repository 'Google6' was added by build file 'C:\Users\jakao\AppData\Local\Pub\Cache\hosted\pub.dev\package_info_plus-4.2.0\android\build.gradle'
[        ] Build was configured to prefer settings repositories over project repositories but repository 'MavenRepo6' was added by build file 'C:\Users\jakao\AppData\Local\Pub\Cache\hosted\pub.dev\package_info_plus-4.2.0\android\build.gradle'
[        ] Build was configured to prefer settings repositories over project repositories but repository 'Google6' was added by build file 'C:\Users\jakao\AppData\Local\Pub\Cache\hosted\pub.dev\package_info_plus-4.2.0\android\build.gradle'
[        ] Build was configured to prefer settings repositories over project repositories but repository 'MavenRepo6' was added by build file 'C:\Users\jakao\AppData\Local\Pub\Cache\hosted\pub.dev\package_info_plus-4.2.0\android\build.gradle'
[   +9 ms] Build was configured to prefer settings repositories over project repositories but repository 'Google6' was added by build file 'C:\Users\jakao\AppData\Local\Pub\Cache\hosted\pub.dev\package_info_plus-4.2.0\android\build.gradle'
[        ] Build was configured to prefer settings repositories over project repositories but repository 'MavenRepo6' was added by build file 'C:\Users\jakao\AppData\Local\Pub\Cache\hosted\pub.dev\package_info_plus-4.2.0\android\build.gradle'
[        ] Build was configured to prefer settings repositories over project repositories but repository 'Google6' was added by build file 'C:\Users\jakao\AppData\Local\Pub\Cache\hosted\pub.dev\package_info_plus-4.2.0\android\build.gradle'
[        ] Build was configured to prefer settings repositories over project repositories but repository 'MavenRepo6' was added by build file 'C:\Users\jakao\AppData\Local\Pub\Cache\hosted\pub.dev\package_info_plus-4.2.0\android\build.gradle'
[        ] Build was configured to prefer settings repositories over project repositories but repository 'Google6' was added by build file 'C:\Users\jakao\AppData\Local\Pub\Cache\hosted\pub.dev\package_info_plus-4.2.0\android\build.gradle'
[   +5 ms] Build was configured to prefer settings repositories over project repositories but repository 'MavenRepo6' was added by build file 'C:\Users\jakao\AppData\Local\Pub\Cache\hosted\pub.dev\package_info_plus-4.2.0\android\build.gradle'
[        ] Build was configured to prefer settings repositories over project repositories but repository 'Google7' was added by build file 'C:\Users\jakao\AppData\Local\Pub\Cache\hosted\pub.dev\package_info_plus-4.2.0\android\build.gradle'
[        ] Build was configured to prefer settings repositories over project repositories but repository 'MavenRepo7' was added by build file 'C:\Users\jakao\AppData\Local\Pub\Cache\hosted\pub.dev\package_info_plus-4.2.0\android\build.gradle'
[        ] Build was configured to prefer settings repositories over project repositories but repository 'Google6' was added by build file 'C:\Users\jakao\AppData\Local\Pub\Cache\hosted\pub.dev\package_info_plus-4.2.0\android\build.gradle'
[        ] Build was configured to prefer settings repositories over project repositories but repository 'MavenRepo6' was added by build file 'C:\Users\jakao\AppData\Local\Pub\Cache\hosted\pub.dev\package_info_plus-4.2.0\android\build.gradle'
[   +4 ms] Build was configured to prefer settings repositories over project repositories but repository 'Google6' was added by build file 'C:\Users\jakao\AppData\Local\Pub\Cache\hosted\pub.dev\package_info_plus-4.2.0\android\build.gradle'
[        ] Build was configured to prefer settings repositories over project repositories but repository 'MavenRepo6' was added by build file 'C:\Users\jakao\AppData\Local\Pub\Cache\hosted\pub.dev\package_info_plus-4.2.0\android\build.gradle'
[        ] Build was configured to prefer settings repositories over project repositories but repository 'Google6' was added by build file 'C:\Users\jakao\AppData\Local\Pub\Cache\hosted\pub.dev\package_info_plus-4.2.0\android\build.gradle'
[        ] Build was configured to prefer settings repositories over project repositories but repository 'MavenRepo6' was added by build file 'C:\Users\jakao\AppData\Local\Pub\Cache\hosted\pub.dev\package_info_plus-4.2.0\android\build.gradle'
[        ] Build was configured to prefer settings repositories over project repositories but repository 'Google6' was added by build file 'C:\Users\jakao\AppData\Local\Pub\Cache\hosted\pub.dev\package_info_plus-4.2.0\android\build.gradle'
[   +6 ms] Build was configured to prefer settings repositories over project repositories but repository 'MavenRepo6' was added by build file 'C:\Users\jakao\AppData\Local\Pub\Cache\hosted\pub.dev\package_info_plus-4.2.0\android\build.gradle'
[   +1 ms] Build was configured to prefer settings repositories over project repositories but repository 'Google6' was added by build file 'C:\Users\jakao\AppData\Local\Pub\Cache\hosted\pub.dev\package_info_plus-4.2.0\android\build.gradle'
[        ] Build was configured to prefer settings repositories over project repositories but repository 'MavenRepo6' was added by build file 'C:\Users\jakao\AppData\Local\Pub\Cache\hosted\pub.dev\package_info_plus-4.2.0\android\build.gradle'
[        ] Build was configured to prefer settings repositories over project repositories but repository 'Google6' was added by build file 'C:\Users\jakao\AppData\Local\Pub\Cache\hosted\pub.dev\package_info_plus-4.2.0\android\build.gradle'
[        ] Build was configured to prefer settings repositories over project repositories but repository 'MavenRepo6' was added by build file 'C:\Users\jakao\AppData\Local\Pub\Cache\hosted\pub.dev\package_info_plus-4.2.0\android\build.gradle'
[  +12 ms] Build was configured to prefer settings repositories over project repositories but repository 'Google6' was added by build file 'C:\Users\jakao\AppData\Local\Pub\Cache\hosted\pub.dev\package_info_plus-4.2.0\android\build.gradle'
[        ] Build was configured to prefer settings repositories over project repositories but repository 'MavenRepo6' was added by build file 'C:\Users\jakao\AppData\Local\Pub\Cache\hosted\pub.dev\package_info_plus-4.2.0\android\build.gradle'
[        ] Build was configured to prefer settings repositories over project repositories but repository 'Google6' was added by build file 'C:\Users\jakao\AppData\Local\Pub\Cache\hosted\pub.dev\package_info_plus-4.2.0\android\build.gradle'
[        ] Build was configured to prefer settings repositories over project repositories but repository 'MavenRepo6' was added by build file 'C:\Users\jakao\AppData\Local\Pub\Cache\hosted\pub.dev\package_info_plus-4.2.0\android\build.gradle'
[        ] Using default execution profile
[        ] Using Kotlin Gradle Plugin gradle85 variant
[+1027 ms] > Configure project :path_provider_android
[        ] Evaluating project ':path_provider_android' using build file 'C:\Users\jakao\AppData\Local\Pub\Cache\hosted\pub.dev\path_provider_android-2.2.17\android\build.gradle'.
[        ] Transforming gradle-8.5.0.jar (com.android.tools.build:gradle:8.5.0) with InstrumentationAnalysisTransform
[        ] Transforming gradle-settings-api-8.5.0.jar (com.android.tools.build:gradle-settings-api:8.5.0) with InstrumentationAnalysisTransform
[        ] Transforming lint-model-31.5.0.jar (com.android.tools.lint:lint-model:31.5.0) with InstrumentationAnalysisTransform
[        ] Transforming builder-8.5.0.jar (com.android.tools.build:builder:8.5.0) with InstrumentationAnalysisTransform
[        ] Transforming manifest-merger-31.5.0.jar (com.android.tools.build:manifest-merger:31.5.0) with InstrumentationAnalysisTransform
[        ] Transforming sdk-common-31.5.0.jar (com.android.tools:sdk-common:31.5.0) with InstrumentationAnalysisTransform
[        ] Transforming sdklib-31.5.0.jar (com.android.tools:sdklib:31.5.0) with InstrumentationAnalysisTransform
[        ] Transforming repository-31.5.0.jar (com.android.tools:repository:31.5.0) with InstrumentationAnalysisTransform
[        ] Transforming gradle-api-8.5.0.jar (com.android.tools.build:gradle-api:8.5.0) with InstrumentationAnalysisTransform
[        ] Transforming builder-test-api-8.5.0.jar (com.android.tools.build:builder-test-api:8.5.0) with InstrumentationAnalysisTransform
[        ] Transforming ddmlib-31.5.0.jar (com.android.tools.ddms:ddmlib:31.5.0) with InstrumentationAnalysisTransform
[        ] Transforming aaptcompiler-8.5.0.jar (com.android.tools.build:aaptcompiler:8.5.0) with InstrumentationAnalysisTransform
[        ] Transforming bundletool-1.16.0.jar (com.android.tools.build:bundletool:1.16.0) with InstrumentationAnalysisTransform
[        ] Transforming aapt2-proto-8.5.0-11315950.jar (com.android.tools.build:aapt2-proto:8.5.0-11315950) with InstrumentationAnalysisTransform
[        ] Transforming crash-31.5.0.jar (com.android.tools.analytics-library:crash:31.5.0) with InstrumentationAnalysisTransform
[        ] Transforming tracker-31.5.0.jar (com.android.tools.analytics-library:tracker:31.5.0) with InstrumentationAnalysisTransform
[        ] Transforming shared-31.5.0.jar (com.android.tools.analytics-library:shared:31.5.0) with InstrumentationAnalysisTransform
[        ] Transforming lint-typedef-remover-31.5.0.jar (com.android.tools.lint:lint-typedef-remover:31.5.0) with InstrumentationAnalysisTransform
[        ] Transforming databinding-compiler-common-8.5.0.jar (androidx.databinding:databinding-compiler-common:8.5.0) with InstrumentationAnalysisTransform
[        ] Transforming databinding-common-8.5.0.jar (androidx.databinding:databinding-common:8.5.0) with InstrumentationAnalysisTransform
[        ] Transforming baseLibrary-8.5.0.jar (com.android.databinding:baseLibrary:8.5.0) with InstrumentationAnalysisTransform
[        ] Transforming layoutlib-api-31.5.0.jar (com.android.tools.layoutlib:layoutlib-api:31.5.0) with InstrumentationAnalysisTransform
[        ] Transforming android-device-provider-ddmlib-proto-31.5.0.jar (com.android.tools.utp:android-device-provider-ddmlib-proto:31.5.0) with InstrumentationAnalysisTransform
[        ] Transforming android-device-provider-gradle-proto-31.5.0.jar (com.android.tools.utp:android-device-provider-gradle-proto:31.5.0) with InstrumentationAnalysisTransform
[        ] Transforming android-test-plugin-host-additional-test-output-proto-31.5.0.jar (com.android.tools.utp:android-test-plugin-host-additional-test-output-proto:31.5.0) with InstrumentationAnalysisTransform
[        ] Transforming android-test-plugin-host-coverage-proto-31.5.0.jar (com.android.tools.utp:android-test-plugin-host-coverage-proto:31.5.0) with InstrumentationAnalysisTransform
[        ] Transforming android-test-plugin-host-emulator-control-proto-31.5.0.jar (com.android.tools.utp:android-test-plugin-host-emulator-control-proto:31.5.0) with InstrumentationAnalysisTransform
[        ] Transforming android-test-plugin-host-logcat-proto-31.5.0.jar (com.android.tools.utp:android-test-plugin-host-logcat-proto:31.5.0) with InstrumentationAnalysisTransform
[        ] Transforming android-test-plugin-host-apk-installer-proto-31.5.0.jar (com.android.tools.utp:android-test-plugin-host-apk-installer-proto:31.5.0) with InstrumentationAnalysisTransform
[        ] Transforming android-test-plugin-host-retention-proto-31.5.0.jar (com.android.tools.utp:android-test-plugin-host-retention-proto:31.5.0) with InstrumentationAnalysisTransform
[        ] Transforming android-test-plugin-result-listener-gradle-proto-31.5.0.jar (com.android.tools.utp:android-test-plugin-result-listener-gradle-proto:31.5.0) with InstrumentationAnalysisTransform
[        ] Transforming builder-model-8.5.0.jar (com.android.tools.build:builder-model:8.5.0) with InstrumentationAnalysisTransform
[        ] Transforming dvlib-31.5.0.jar (com.android.tools:dvlib:31.5.0) with InstrumentationAnalysisTransform
[        ] Transforming common-31.5.0.jar (com.android.tools:common:31.5.0) with InstrumentationAnalysisTransform
[        ] Transforming jetifier-processor-1.0.0-beta10.jar (com.android.tools.build.jetifier:jetifier-processor:1.0.0-beta10) with InstrumentationAnalysisTransform
[        ] Transforming jetifier-core-1.0.0-beta10.jar (com.android.tools.build.jetifier:jetifier-core:1.0.0-beta10) with InstrumentationAnalysisTransform
[        ] Transforming kotlin-reflect-1.9.20.jar (org.jetbrains.kotlin:kotlin-reflect:1.9.20) with InstrumentationAnalysisTransform
[        ] Transforming kotlin-stdlib-jdk7-1.9.20.jar (org.jetbrains.kotlin:kotlin-stdlib-jdk7:1.9.20) with InstrumentationAnalysisTransform
[        ] Transforming kotlin-stdlib-1.9.20.jar (org.jetbrains.kotlin:kotlin-stdlib:1.9.20) with InstrumentationAnalysisTransform
[        ] Transforming kotlin-stdlib-jdk8-1.9.20.jar (org.jetbrains.kotlin:kotlin-stdlib-jdk8:1.9.20) with InstrumentationAnalysisTransform
[        ] Transforming transform-api-2.0.0-deprecated-use-gradle-api.jar (com.android.tools.build:transform-api:2.0.0-deprecated-use-gradle-api) with InstrumentationAnalysisTransform
[        ] Transforming httpmime-4.5.6.jar (org.apache.httpcomponents:httpmime:4.5.6) with InstrumentationAnalysisTransform
[        ] Transforming commons-io-2.13.0.jar (commons-io:commons-io:2.13.0) with InstrumentationAnalysisTransform
[        ] Transforming asm-commons-9.6.jar (org.ow2.asm:asm-commons:9.6) with InstrumentationAnalysisTransform
[        ] Transforming asm-util-9.6.jar (org.ow2.asm:asm-util:9.6) with InstrumentationAnalysisTransform
[        ] Transforming asm-analysis-9.6.jar (org.ow2.asm:asm-analysis:9.6) with InstrumentationAnalysisTransform
[        ] Transforming asm-tree-9.6.jar (org.ow2.asm:asm-tree:9.6) with InstrumentationAnalysisTransform
[        ] Transforming asm-9.6.jar (org.ow2.asm:asm:9.6) with InstrumentationAnalysisTransform
[        ] Transforming apkzlib-8.5.0.jar (com.android.tools.build:apkzlib:8.5.0) with InstrumentationAnalysisTransform
[        ] Transforming bcpkix-jdk18on-1.77.jar (org.bouncycastle:bcpkix-jdk18on:1.77) with InstrumentationAnalysisTransform
[        ] Transforming jaxb-runtime-2.3.2.jar (org.glassfish.jaxb:jaxb-runtime:2.3.2) with InstrumentationAnalysisTransform
[        ] Transforming jopt-simple-4.9.jar (net.sf.jopt-simple:jopt-simple:4.9) with InstrumentationAnalysisTransform
[        ] Transforming javapoet-1.10.0.jar (com.squareup:javapoet:1.10.0) with InstrumentationAnalysisTransform
[        ] Transforming protobuf-java-util-3.22.3.jar (com.google.protobuf:protobuf-java-util:3.22.3) with InstrumentationAnalysisTransform
[        ] Transforming grpc-protobuf-1.57.0.jar (io.grpc:grpc-protobuf:1.57.0) with InstrumentationAnalysisTransform
[        ] Transforming tink-1.7.0.jar (com.google.crypto.tink:tink:1.7.0) with InstrumentationAnalysisTransform
[        ] Transforming protos-31.5.0.jar (com.android.tools.analytics-library:protos:31.5.0) with InstrumentationAnalysisTransform
[        ] Transforming proto-google-common-protos-2.17.0.jar (com.google.api.grpc:proto-google-common-protos:2.17.0) with InstrumentationAnalysisTransform
[        ] Transforming protobuf-java-3.22.3.jar (com.google.protobuf:protobuf-java:3.22.3) with InstrumentationAnalysisTransform
[        ] Transforming grpc-netty-1.57.0.jar (io.grpc:grpc-netty:1.57.0) with InstrumentationAnalysisTransform
[        ] Transforming grpc-core-1.57.0.jar (io.grpc:grpc-core:1.57.0) with InstrumentationAnalysisTransform
[        ] Transforming gson-2.10.1.jar (com.google.code.gson:gson:2.10.1) with InstrumentationAnalysisTransform
[        ] Transforming grpc-stub-1.57.0.jar (io.grpc:grpc-stub:1.57.0) with InstrumentationAnalysisTransform
[        ] Transforming core-proto-0.0.9-alpha02.jar (com.google.testing.platform:core-proto:0.0.9-alpha02) with InstrumentationAnalysisTransform
[        ] Transforming kxml2-2.3.0.jar (net.sf.kxml:kxml2:2.3.0) with InstrumentationAnalysisTransform
[        ] Transforming tensorflow-lite-metadata-0.1.0-rc2.jar (org.tensorflow:tensorflow-lite-metadata:0.1.0-rc2) with InstrumentationAnalysisTransform
[        ] Transforming flatbuffers-java-1.12.0.jar (com.google.flatbuffers:flatbuffers-java:1.12.0) with InstrumentationAnalysisTransform
[        ] Transforming jimfs-1.1.jar (com.google.jimfs:jimfs:1.1) with InstrumentationAnalysisTransform
[        ] Transforming grpc-context-1.57.0.jar (io.grpc:grpc-context:1.57.0) with InstrumentationAnalysisTransform
[        ] Transforming grpc-protobuf-lite-1.57.0.jar (io.grpc:grpc-protobuf-lite:1.57.0) with InstrumentationAnalysisTransform
[        ] Transforming grpc-api-1.57.0.jar (io.grpc:grpc-api:1.57.0) with InstrumentationAnalysisTransform
[        ] Transforming guava-32.0.1-jre.jar (com.google.guava:guava:32.0.1-jre) with InstrumentationAnalysisTransform
[        ] Transforming dagger-2.28.3.jar (com.google.dagger:dagger:2.28.3) with InstrumentationAnalysisTransform
[        ] Transforming javax.inject-1.jar (javax.inject:javax.inject:1) with InstrumentationAnalysisTransform
[        ] Transforming bcutil-jdk18on-1.77.jar (org.bouncycastle:bcutil-jdk18on:1.77) with InstrumentationAnalysisTransform
[        ] Transforming bcprov-jdk18on-1.77.jar (org.bouncycastle:bcprov-jdk18on:1.77) with InstrumentationAnalysisTransform
[        ] Transforming trove4j-1.0.20200330.jar (org.jetbrains.intellij.deps:trove4j:1.0.20200330) with InstrumentationAnalysisTransform
[        ] Transforming commons-compress-1.21.jar (org.apache.commons:commons-compress:1.21) with InstrumentationAnalysisTransform
[        ] Transforming httpclient-4.5.14.jar (org.apache.httpcomponents:httpclient:4.5.14) with InstrumentationAnalysisTransform
[        ] Transforming httpcore-4.4.16.jar (org.apache.httpcomponents:httpcore:4.4.16) with InstrumentationAnalysisTransform
[        ] Transforming javax.activation-1.2.0.jar (com.sun.activation:javax.activation:1.2.0) with InstrumentationAnalysisTransform
[        ] Transforming annotations-23.0.0.jar (org.jetbrains:annotations:23.0.0) with InstrumentationAnalysisTransform
[        ] Transforming signflinger-8.5.0.jar (com.android:signflinger:8.5.0) with InstrumentationAnalysisTransform
[        ] Transforming zipflinger-8.5.0.jar (com.android:zipflinger:8.5.0) with InstrumentationAnalysisTransform
[        ] Transforming annotations-31.5.0.jar (com.android.tools:annotations:31.5.0) with InstrumentationAnalysisTransform
[        ] Transforming jna-platform-5.6.0.jar (net.java.dev.jna:jna-platform:5.6.0) with InstrumentationAnalysisTransform
[        ] Transforming juniversalchardet-1.0.3.jar (com.googlecode.juniversalchardet:juniversalchardet:1.0.3) with InstrumentationAnalysisTransform
[        ] Transforming javax.annotation-api-1.3.2.jar (javax.annotation:javax.annotation-api:1.3.2) with InstrumentationAnalysisTransform
[        ] Transforming stax-ex-1.8.1.jar (org.jvnet.staxex:stax-ex:1.8.1) with InstrumentationAnalysisTransform
[        ] Transforming jakarta.xml.bind-api-2.3.2.jar (jakarta.xml.bind:jakarta.xml.bind-api:2.3.2) with InstrumentationAnalysisTransform
[        ] Transforming txw2-2.3.2.jar (org.glassfish.jaxb:txw2:2.3.2) with InstrumentationAnalysisTransform
[        ] Transforming istack-commons-runtime-3.0.8.jar (com.sun.istack:istack-commons-runtime:3.0.8) with InstrumentationAnalysisTransform
[        ] Transforming FastInfoset-1.2.16.jar (com.sun.xml.fastinfoset:FastInfoset:1.2.16) with InstrumentationAnalysisTransform
[        ] Transforming jakarta.activation-api-1.2.1.jar (jakarta.activation:jakarta.activation-api:1.2.1) with InstrumentationAnalysisTransform
[        ] Transforming auto-value-annotations-1.6.2.jar (com.google.auto.value:auto-value-annotations:1.6.2) with InstrumentationAnalysisTransform
[        ] Transforming error_prone_annotations-2.18.0.jar (com.google.errorprone:error_prone_annotations:2.18.0) with InstrumentationAnalysisTransform
[        ] Transforming jose4j-0.9.5.jar (org.bitbucket.b_c:jose4j:0.9.5) with InstrumentationAnalysisTransform
[        ] Transforming slf4j-api-1.7.30.jar (org.slf4j:slf4j-api:1.7.30) with InstrumentationAnalysisTransform
[        ] Transforming jdom2-2.0.6.jar (org.jdom:jdom2:2.0.6) with InstrumentationAnalysisTransform
[        ] Transforming jsr305-3.0.2.jar (com.google.code.findbugs:jsr305:3.0.2) with InstrumentationAnalysisTransform
[        ] Transforming j2objc-annotations-2.8.jar (com.google.j2objc:j2objc-annotations:2.8) with InstrumentationAnalysisTransform
[        ] Transforming annotations-4.1.1.4.jar (com.google.android:annotations:4.1.1.4) with InstrumentationAnalysisTransform
[        ] Transforming animal-sniffer-annotations-1.23.jar (org.codehaus.mojo:animal-sniffer-annotations:1.23) with InstrumentationAnalysisTransform
[        ] Transforming perfmark-api-0.26.0.jar (io.perfmark:perfmark-api:0.26.0) with InstrumentationAnalysisTransform
[        ] Transforming netty-codec-http2-4.1.93.Final.jar (io.netty:netty-codec-http2:4.1.93.Final) with InstrumentationAnalysisTransform
[        ] Transforming netty-handler-proxy-4.1.93.Final.jar (io.netty:netty-handler-proxy:4.1.93.Final) with InstrumentationAnalysisTransform
[        ] Transforming netty-codec-http-4.1.93.Final.jar (io.netty:netty-codec-http:4.1.93.Final) with InstrumentationAnalysisTransform
[        ] Transforming netty-handler-4.1.93.Final.jar (io.netty:netty-handler:4.1.93.Final) with InstrumentationAnalysisTransform
[        ] Transforming netty-transport-native-unix-common-4.1.93.Final.jar (io.netty:netty-transport-native-unix-common:4.1.93.Final) with InstrumentationAnalysisTransform
[        ] Transforming checker-qual-3.33.0.jar (org.checkerframework:checker-qual:3.33.0) with InstrumentationAnalysisTransform
[        ] Transforming commons-codec-1.11.jar (commons-codec:commons-codec:1.11) with InstrumentationAnalysisTransform
[        ] Transforming apksig-8.5.0.jar (com.android.tools.build:apksig:8.5.0) with InstrumentationAnalysisTransform
[        ] Transforming javawriter-2.5.0.jar (com.squareup:javawriter:2.5.0) with InstrumentationAnalysisTransform
[        ] Transforming failureaccess-1.0.1.jar (com.google.guava:failureaccess:1.0.1) with InstrumentationAnalysisTransform
[        ] Transforming listenablefuture-9999.0-empty-to-avoid-conflict-with-guava.jar (com.google.guava:listenablefuture:9999.0-empty-to-avoid-conflict-with-guava) with InstrumentationAnalysisTransform
[        ] Transforming commons-logging-1.2.jar (commons-logging:commons-logging:1.2) with InstrumentationAnalysisTransform
[        ] Transforming jna-5.6.0.jar (net.java.dev.jna:jna:5.6.0) with InstrumentationAnalysisTransform
[        ] Transforming netty-codec-socks-4.1.93.Final.jar (io.netty:netty-codec-socks:4.1.93.Final) with InstrumentationAnalysisTransform
[        ] Transforming netty-codec-4.1.93.Final.jar (io.netty:netty-codec:4.1.93.Final) with InstrumentationAnalysisTransform
[        ] Transforming netty-transport-4.1.93.Final.jar (io.netty:netty-transport:4.1.93.Final) with InstrumentationAnalysisTransform
[        ] Transforming netty-buffer-4.1.93.Final.jar (io.netty:netty-buffer:4.1.93.Final) with InstrumentationAnalysisTransform
[        ] Transforming netty-resolver-4.1.93.Final.jar (io.netty:netty-resolver:4.1.93.Final) with InstrumentationAnalysisTransform
[        ] Transforming netty-common-4.1.93.Final.jar (io.netty:netty-common:4.1.93.Final) with InstrumentationAnalysisTransform
[        ] Transforming gradle-8.5.0.jar (com.android.tools.build:gradle:8.5.0) with InstrumentationAnalysisTransform
[        ] Transforming gradle-8.5.0.jar (com.android.tools.build:gradle:8.5.0) with MergeInstrumentationAnalysisTransform
[        ] Transforming gradle-settings-api-8.5.0.jar (com.android.tools.build:gradle-settings-api:8.5.0) with InstrumentationAnalysisTransform
[        ] Transforming gradle-settings-api-8.5.0.jar (com.android.tools.build:gradle-settings-api:8.5.0) with MergeInstrumentationAnalysisTransform
[        ] Transforming lint-model-31.5.0.jar (com.android.tools.lint:lint-model:31.5.0) with InstrumentationAnalysisTransform
[        ] Transforming lint-model-31.5.0.jar (com.android.tools.lint:lint-model:31.5.0) with MergeInstrumentationAnalysisTransform
[        ] Transforming builder-8.5.0.jar (com.android.tools.build:builder:8.5.0) with InstrumentationAnalysisTransform
[        ] Transforming builder-8.5.0.jar (com.android.tools.build:builder:8.5.0) with MergeInstrumentationAnalysisTransform
[        ] Transforming manifest-merger-31.5.0.jar (com.android.tools.build:manifest-merger:31.5.0) with InstrumentationAnalysisTransform
[        ] Transforming manifest-merger-31.5.0.jar (com.android.tools.build:manifest-merger:31.5.0) with MergeInstrumentationAnalysisTransform
[        ] Transforming sdk-common-31.5.0.jar (com.android.tools:sdk-common:31.5.0) with InstrumentationAnalysisTransform
[        ] Transforming sdk-common-31.5.0.jar (com.android.tools:sdk-common:31.5.0) with MergeInstrumentationAnalysisTransform
[        ] Transforming sdklib-31.5.0.jar (com.android.tools:sdklib:31.5.0) with InstrumentationAnalysisTransform
[        ] Transforming sdklib-31.5.0.jar (com.android.tools:sdklib:31.5.0) with MergeInstrumentationAnalysisTransform
[        ] Transforming repository-31.5.0.jar (com.android.tools:repository:31.5.0) with InstrumentationAnalysisTransform
[        ] Transforming sdk-common-31.5.0.jar (com.android.tools:sdk-common:31.5.0) with ExternalDependencyInstrumentingArtifactTransform
[        ] Transforming repository-31.5.0.jar (com.android.tools:repository:31.5.0) with MergeInstrumentationAnalysisTransform
[        ] Transforming repository-31.5.0.jar (com.android.tools:repository:31.5.0) with ExternalDependencyInstrumentingArtifactTransform
[        ] Transforming gradle-api-8.5.0.jar (com.android.tools.build:gradle-api:8.5.0) with InstrumentationAnalysisTransform
[        ] Transforming gradle-api-8.5.0.jar (com.android.tools.build:gradle-api:8.5.0) with MergeInstrumentationAnalysisTransform
[        ] Transforming gradle-api-8.5.0.jar (com.android.tools.build:gradle-api:8.5.0) with ExternalDependencyInstrumentingArtifactTransform
[        ] Transforming builder-test-api-8.5.0.jar (com.android.tools.build:builder-test-api:8.5.0) with InstrumentationAnalysisTransform
[        ] Transforming builder-test-api-8.5.0.jar (com.android.tools.build:builder-test-api:8.5.0) with MergeInstrumentationAnalysisTransform
[        ] Transforming builder-test-api-8.5.0.jar (com.android.tools.build:builder-test-api:8.5.0) with ExternalDependencyInstrumentingArtifactTransform
[        ] Transforming lint-model-31.5.0.jar (com.android.tools.lint:lint-model:31.5.0) with ExternalDependencyInstrumentingArtifactTransform
[        ] Transforming ddmlib-31.5.0.jar (com.android.tools.ddms:ddmlib:31.5.0) with InstrumentationAnalysisTransform
[        ] Transforming ddmlib-31.5.0.jar (com.android.tools.ddms:ddmlib:31.5.0) with MergeInstrumentationAnalysisTransform
[        ] Transforming ddmlib-31.5.0.jar (com.android.tools.ddms:ddmlib:31.5.0) with ExternalDependencyInstrumentingArtifactTransform
[        ] Transforming sdklib-31.5.0.jar (com.android.tools:sdklib:31.5.0) with ExternalDependencyInstrumentingArtifactTransform
[        ] Transforming manifest-merger-31.5.0.jar (com.android.tools.build:manifest-merger:31.5.0) with ExternalDependencyInstrumentingArtifactTransform
[        ] Transforming builder-8.5.0.jar (com.android.tools.build:builder:8.5.0) with ExternalDependencyInstrumentingArtifactTransform
[        ] Transforming gradle-8.5.0.jar (com.android.tools.build:gradle:8.5.0) with ExternalDependencyInstrumentingArtifactTransform
[        ] Transforming gradle-settings-api-8.5.0.jar (com.android.tools.build:gradle-settings-api:8.5.0) with ExternalDependencyInstrumentingArtifactTransform
[        ] Transforming aaptcompiler-8.5.0.jar (com.android.tools.build:aaptcompiler:8.5.0) with InstrumentationAnalysisTransform
[        ] Transforming aaptcompiler-8.5.0.jar (com.android.tools.build:aaptcompiler:8.5.0) with MergeInstrumentationAnalysisTransform
[        ] Transforming bundletool-1.16.0.jar (com.android.tools.build:bundletool:1.16.0) with InstrumentationAnalysisTransform
[        ] Transforming bundletool-1.16.0.jar (com.android.tools.build:bundletool:1.16.0) with MergeInstrumentationAnalysisTransform
[        ] Transforming aaptcompiler-8.5.0.jar (com.android.tools.build:aaptcompiler:8.5.0) with ExternalDependencyInstrumentingArtifactTransform
[        ] Transforming bundletool-1.16.0.jar (com.android.tools.build:bundletool:1.16.0) with ExternalDependencyInstrumentingArtifactTransform
[        ] Transforming aapt2-proto-8.5.0-11315950.jar (com.android.tools.build:aapt2-proto:8.5.0-11315950) with InstrumentationAnalysisTransform
[        ] Transforming aapt2-proto-8.5.0-11315950.jar (com.android.tools.build:aapt2-proto:8.5.0-11315950) with MergeInstrumentationAnalysisTransform
[        ] Transforming crash-31.5.0.jar (com.android.tools.analytics-library:crash:31.5.0) with InstrumentationAnalysisTransform
[        ] Transforming crash-31.5.0.jar (com.android.tools.analytics-library:crash:31.5.0) with MergeInstrumentationAnalysisTransform
[        ] Transforming aapt2-proto-8.5.0-11315950.jar (com.android.tools.build:aapt2-proto:8.5.0-11315950) with ExternalDependencyInstrumentingArtifactTransform
[        ] Transforming tracker-31.5.0.jar (com.android.tools.analytics-library:tracker:31.5.0) with InstrumentationAnalysisTransform
[        ] Transforming crash-31.5.0.jar (com.android.tools.analytics-library:crash:31.5.0) with ExternalDependencyInstrumentingArtifactTransform
[        ] Transforming tracker-31.5.0.jar (com.android.tools.analytics-library:tracker:31.5.0) with MergeInstrumentationAnalysisTransform
[        ] Transforming shared-31.5.0.jar (com.android.tools.analytics-library:shared:31.5.0) with InstrumentationAnalysisTransform
[        ] Transforming shared-31.5.0.jar (com.android.tools.analytics-library:shared:31.5.0) with MergeInstrumentationAnalysisTransform
[        ] Transforming tracker-31.5.0.jar (com.android.tools.analytics-library:tracker:31.5.0) with ExternalDependencyInstrumentingArtifactTransform
[        ] Transforming shared-31.5.0.jar (com.android.tools.analytics-library:shared:31.5.0) with ExternalDependencyInstrumentingArtifactTransform
[        ] Transforming lint-typedef-remover-31.5.0.jar (com.android.tools.lint:lint-typedef-remover:31.5.0) with InstrumentationAnalysisTransform
[        ] Transforming lint-typedef-remover-31.5.0.jar (com.android.tools.lint:lint-typedef-remover:31.5.0) with MergeInstrumentationAnalysisTransform
[        ] Transforming databinding-compiler-common-8.5.0.jar (androidx.databinding:databinding-compiler-common:8.5.0) with InstrumentationAnalysisTransform
[        ] Transforming lint-typedef-remover-31.5.0.jar (com.android.tools.lint:lint-typedef-remover:31.5.0) with ExternalDependencyInstrumentingArtifactTransform
[        ] Transforming databinding-compiler-common-8.5.0.jar (androidx.databinding:databinding-compiler-common:8.5.0) with MergeInstrumentationAnalysisTransform
[        ] Transforming databinding-common-8.5.0.jar (androidx.databinding:databinding-common:8.5.0) with InstrumentationAnalysisTransform
[        ] Transforming databinding-common-8.5.0.jar (androidx.databinding:databinding-common:8.5.0) with MergeInstrumentationAnalysisTransform
[        ] Transforming baseLibrary-8.5.0.jar (com.android.databinding:baseLibrary:8.5.0) with InstrumentationAnalysisTransform
[        ] Transforming baseLibrary-8.5.0.jar (com.android.databinding:baseLibrary:8.5.0) with MergeInstrumentationAnalysisTransform
[        ] Transforming layoutlib-api-31.5.0.jar (com.android.tools.layoutlib:layoutlib-api:31.5.0) with InstrumentationAnalysisTransform
[        ] Transforming layoutlib-api-31.5.0.jar (com.android.tools.layoutlib:layoutlib-api:31.5.0) with MergeInstrumentationAnalysisTransform
[        ] Transforming android-device-provider-ddmlib-proto-31.5.0.jar (com.android.tools.utp:android-device-provider-ddmlib-proto:31.5.0) with InstrumentationAnalysisTransform
[        ] Transforming android-device-provider-ddmlib-proto-31.5.0.jar (com.android.tools.utp:android-device-provider-ddmlib-proto:31.5.0) with MergeInstrumentationAnalysisTransform
[        ] Transforming android-device-provider-gradle-proto-31.5.0.jar (com.android.tools.utp:android-device-provider-gradle-proto:31.5.0) with InstrumentationAnalysisTransform
[        ] Transforming android-device-provider-gradle-proto-31.5.0.jar (com.android.tools.utp:android-device-provider-gradle-proto:31.5.0) with MergeInstrumentationAnalysisTransform
[        ] Transforming android-test-plugin-host-additional-test-output-proto-31.5.0.jar (com.android.tools.utp:android-test-plugin-host-additional-test-output-proto:31.5.0) with InstrumentationAnalysisTransform
[        ] Transforming android-test-plugin-host-additional-test-output-proto-31.5.0.jar (com.android.tools.utp:android-test-plugin-host-additional-test-output-proto:31.5.0) with MergeInstrumentationAnalysisTransform
[        ] Transforming databinding-common-8.5.0.jar (androidx.databinding:databinding-common:8.5.0) with ExternalDependencyInstrumentingArtifactTransform
[        ] Transforming android-device-provider-ddmlib-proto-31.5.0.jar (com.android.tools.utp:android-device-provider-ddmlib-proto:31.5.0) with ExternalDependencyInstrumentingArtifactTransform
[        ] Transforming android-test-plugin-host-coverage-proto-31.5.0.jar (com.android.tools.utp:android-test-plugin-host-coverage-proto:31.5.0) with InstrumentationAnalysisTransform
[        ] Transforming databinding-compiler-common-8.5.0.jar (androidx.databinding:databinding-compiler-common:8.5.0) with ExternalDependencyInstrumentingArtifactTransform
[        ] Transforming baseLibrary-8.5.0.jar (com.android.databinding:baseLibrary:8.5.0) with ExternalDependencyInstrumentingArtifactTransform
[        ] Transforming android-test-plugin-host-additional-test-output-proto-31.5.0.jar (com.android.tools.utp:android-test-plugin-host-additional-test-output-proto:31.5.0) with ExternalDependencyInstrumentingArtifactTransform
[        ] Transforming android-test-plugin-host-coverage-proto-31.5.0.jar (com.android.tools.utp:android-test-plugin-host-coverage-proto:31.5.0) with MergeInstrumentationAnalysisTransform
[        ] Transforming layoutlib-api-31.5.0.jar (com.android.tools.layoutlib:layoutlib-api:31.5.0) with ExternalDependencyInstrumentingArtifactTransform
[        ] Transforming android-test-plugin-host-coverage-proto-31.5.0.jar (com.android.tools.utp:android-test-plugin-host-coverage-proto:31.5.0) with ExternalDependencyInstrumentingArtifactTransform
[        ] Transforming android-test-plugin-host-emulator-control-proto-31.5.0.jar (com.android.tools.utp:android-test-plugin-host-emulator-control-proto:31.5.0) with InstrumentationAnalysisTransform
[        ] Transforming android-device-provider-gradle-proto-31.5.0.jar (com.android.tools.utp:android-device-provider-gradle-proto:31.5.0) with ExternalDependencyInstrumentingArtifactTransform
[        ] Transforming android-test-plugin-host-emulator-control-proto-31.5.0.jar (com.android.tools.utp:android-test-plugin-host-emulator-control-proto:31.5.0) with MergeInstrumentationAnalysisTransform
[        ] Transforming android-test-plugin-host-logcat-proto-31.5.0.jar (com.android.tools.utp:android-test-plugin-host-logcat-proto:31.5.0) with InstrumentationAnalysisTransform
[        ] Transforming android-test-plugin-host-logcat-proto-31.5.0.jar (com.android.tools.utp:android-test-plugin-host-logcat-proto:31.5.0) with MergeInstrumentationAnalysisTransform
[        ] Transforming android-test-plugin-host-apk-installer-proto-31.5.0.jar (com.android.tools.utp:android-test-plugin-host-apk-installer-proto:31.5.0) with InstrumentationAnalysisTransform
[        ] Transforming android-test-plugin-host-emulator-control-proto-31.5.0.jar (com.android.tools.utp:android-test-plugin-host-emulator-control-proto:31.5.0) with ExternalDependencyInstrumentingArtifactTransform
[        ] Transforming android-test-plugin-host-apk-installer-proto-31.5.0.jar (com.android.tools.utp:android-test-plugin-host-apk-installer-proto:31.5.0) with MergeInstrumentationAnalysisTransform
[        ] Transforming android-test-plugin-host-retention-proto-31.5.0.jar (com.android.tools.utp:android-test-plugin-host-retention-proto:31.5.0) with InstrumentationAnalysisTransform
[        ] Transforming android-test-plugin-host-retention-proto-31.5.0.jar (com.android.tools.utp:android-test-plugin-host-retention-proto:31.5.0) with MergeInstrumentationAnalysisTransform
[        ] Transforming android-test-plugin-result-listener-gradle-proto-31.5.0.jar (com.android.tools.utp:android-test-plugin-result-listener-gradle-proto:31.5.0) with InstrumentationAnalysisTransform
[        ] Transforming android-test-plugin-result-listener-gradle-proto-31.5.0.jar (com.android.tools.utp:android-test-plugin-result-listener-gradle-proto:31.5.0) with MergeInstrumentationAnalysisTransform
[        ] Transforming builder-model-8.5.0.jar (com.android.tools.build:builder-model:8.5.0) with InstrumentationAnalysisTransform
[        ] Transforming builder-model-8.5.0.jar (com.android.tools.build:builder-model:8.5.0) with MergeInstrumentationAnalysisTransform
[        ] Transforming dvlib-31.5.0.jar (com.android.tools:dvlib:31.5.0) with InstrumentationAnalysisTransform
[        ] Transforming android-test-plugin-host-apk-installer-proto-31.5.0.jar (com.android.tools.utp:android-test-plugin-host-apk-installer-proto:31.5.0) with ExternalDependencyInstrumentingArtifactTransform
[        ] Transforming android-test-plugin-host-logcat-proto-31.5.0.jar (com.android.tools.utp:android-test-plugin-host-logcat-proto:31.5.0) with ExternalDependencyInstrumentingArtifactTransform
[        ] Transforming android-test-plugin-host-retention-proto-31.5.0.jar (com.android.tools.utp:android-test-plugin-host-retention-proto:31.5.0) with ExternalDependencyInstrumentingArtifactTransform
[        ] Transforming android-test-plugin-result-listener-gradle-proto-31.5.0.jar (com.android.tools.utp:android-test-plugin-result-listener-gradle-proto:31.5.0) with ExternalDependencyInstrumentingArtifactTransform
[        ] Transforming dvlib-31.5.0.jar (com.android.tools:dvlib:31.5.0) with MergeInstrumentationAnalysisTransform
[        ] Transforming common-31.5.0.jar (com.android.tools:common:31.5.0) with InstrumentationAnalysisTransform
[        ] Transforming common-31.5.0.jar (com.android.tools:common:31.5.0) with MergeInstrumentationAnalysisTransform
[        ] Transforming jetifier-processor-1.0.0-beta10.jar (com.android.tools.build.jetifier:jetifier-processor:1.0.0-beta10) with InstrumentationAnalysisTransform
[        ] Transforming jetifier-processor-1.0.0-beta10.jar (com.android.tools.build.jetifier:jetifier-processor:1.0.0-beta10) with MergeInstrumentationAnalysisTransform
[        ] Transforming jetifier-core-1.0.0-beta10.jar (com.android.tools.build.jetifier:jetifier-core:1.0.0-beta10) with InstrumentationAnalysisTransform
[        ] Transforming jetifier-core-1.0.0-beta10.jar (com.android.tools.build.jetifier:jetifier-core:1.0.0-beta10) with MergeInstrumentationAnalysisTransform
[        ] Transforming kotlin-reflect-1.9.20.jar (org.jetbrains.kotlin:kotlin-reflect:1.9.20) with InstrumentationAnalysisTransform
[        ] Transforming kotlin-reflect-1.9.20.jar (org.jetbrains.kotlin:kotlin-reflect:1.9.20) with MergeInstrumentationAnalysisTransform
[        ] Transforming kotlin-stdlib-jdk7-1.9.20.jar (org.jetbrains.kotlin:kotlin-stdlib-jdk7:1.9.20) with InstrumentationAnalysisTransform
[        ] Transforming kotlin-stdlib-jdk7-1.9.20.jar (org.jetbrains.kotlin:kotlin-stdlib-jdk7:1.9.20) with MergeInstrumentationAnalysisTransform
[        ] Transforming kotlin-stdlib-1.9.20.jar (org.jetbrains.kotlin:kotlin-stdlib:1.9.20) with InstrumentationAnalysisTransform
[        ] Transforming jetifier-processor-1.0.0-beta10.jar (com.android.tools.build.jetifier:jetifier-processor:1.0.0-beta10) with ExternalDependencyInstrumentingArtifactTransform
[        ] Transforming jetifier-core-1.0.0-beta10.jar (com.android.tools.build.jetifier:jetifier-core:1.0.0-beta10) with ExternalDependencyInstrumentingArtifactTransform
[        ] Transforming kotlin-reflect-1.9.20.jar (org.jetbrains.kotlin:kotlin-reflect:1.9.20) with ExternalDependencyInstrumentingArtifactTransform
[        ] Transforming kotlin-stdlib-jdk7-1.9.20.jar (org.jetbrains.kotlin:kotlin-stdlib-jdk7:1.9.20) with ExternalDependencyInstrumentingArtifactTransform
[        ] Transforming builder-model-8.5.0.jar (com.android.tools.build:builder-model:8.5.0) with ExternalDependencyInstrumentingArtifactTransform
[        ] Transforming kotlin-stdlib-1.9.20.jar (org.jetbrains.kotlin:kotlin-stdlib:1.9.20) with MergeInstrumentationAnalysisTransform
[        ] Transforming common-31.5.0.jar (com.android.tools:common:31.5.0) with ExternalDependencyInstrumentingArtifactTransform
[        ] Transforming dvlib-31.5.0.jar (com.android.tools:dvlib:31.5.0) with ExternalDependencyInstrumentingArtifactTransform
[        ] Transforming kotlin-stdlib-jdk8-1.9.20.jar (org.jetbrains.kotlin:kotlin-stdlib-jdk8:1.9.20) with InstrumentationAnalysisTransform
[        ] Transforming kotlin-stdlib-jdk8-1.9.20.jar (org.jetbrains.kotlin:kotlin-stdlib-jdk8:1.9.20) with MergeInstrumentationAnalysisTransform
[        ] Transforming transform-api-2.0.0-deprecated-use-gradle-api.jar (com.android.tools.build:transform-api:2.0.0-deprecated-use-gradle-api) with InstrumentationAnalysisTransform
[        ] Transforming transform-api-2.0.0-deprecated-use-gradle-api.jar (com.android.tools.build:transform-api:2.0.0-deprecated-use-gradle-api) with MergeInstrumentationAnalysisTransform
[        ] Transforming httpmime-4.5.6.jar (org.apache.httpcomponents:httpmime:4.5.6) with InstrumentationAnalysisTransform
[        ] Transforming httpmime-4.5.6.jar (org.apache.httpcomponents:httpmime:4.5.6) with MergeInstrumentationAnalysisTransform
[        ] Transforming commons-io-2.13.0.jar (commons-io:commons-io:2.13.0) with InstrumentationAnalysisTransform
[        ] Transforming commons-io-2.13.0.jar (commons-io:commons-io:2.13.0) with MergeInstrumentationAnalysisTransform
[        ] Transforming asm-commons-9.6.jar (org.ow2.asm:asm-commons:9.6) with InstrumentationAnalysisTransform
[        ] Transforming asm-commons-9.6.jar (org.ow2.asm:asm-commons:9.6) with MergeInstrumentationAnalysisTransform
[        ] Transforming asm-util-9.6.jar (org.ow2.asm:asm-util:9.6) with InstrumentationAnalysisTransform
[        ] Transforming asm-util-9.6.jar (org.ow2.asm:asm-util:9.6) with MergeInstrumentationAnalysisTransform
[        ] Transforming asm-analysis-9.6.jar (org.ow2.asm:asm-analysis:9.6) with InstrumentationAnalysisTransform
[        ] Transforming asm-analysis-9.6.jar (org.ow2.asm:asm-analysis:9.6) with MergeInstrumentationAnalysisTransform
[        ] Transforming asm-tree-9.6.jar (org.ow2.asm:asm-tree:9.6) with InstrumentationAnalysisTransform
[        ] Transforming asm-tree-9.6.jar (org.ow2.asm:asm-tree:9.6) with MergeInstrumentationAnalysisTransform
[        ] Transforming asm-9.6.jar (org.ow2.asm:asm:9.6) with InstrumentationAnalysisTransform
[        ] Transforming asm-9.6.jar (org.ow2.asm:asm:9.6) with MergeInstrumentationAnalysisTransform
[        ] Transforming apkzlib-8.5.0.jar (com.android.tools.build:apkzlib:8.5.0) with InstrumentationAnalysisTransform
[        ] Transforming apkzlib-8.5.0.jar (com.android.tools.build:apkzlib:8.5.0) with MergeInstrumentationAnalysisTransform
[        ] Transforming bcpkix-jdk18on-1.77.jar (org.bouncycastle:bcpkix-jdk18on:1.77) with InstrumentationAnalysisTransform
[        ] Transforming bcpkix-jdk18on-1.77.jar (org.bouncycastle:bcpkix-jdk18on:1.77) with MergeInstrumentationAnalysisTransform
[        ] Transforming jaxb-runtime-2.3.2.jar (org.glassfish.jaxb:jaxb-runtime:2.3.2) with InstrumentationAnalysisTransform
[        ] Transforming jaxb-runtime-2.3.2.jar (org.glassfish.jaxb:jaxb-runtime:2.3.2) with MergeInstrumentationAnalysisTransform
[        ] Transforming jopt-simple-4.9.jar (net.sf.jopt-simple:jopt-simple:4.9) with InstrumentationAnalysisTransform
[        ] Transforming jopt-simple-4.9.jar (net.sf.jopt-simple:jopt-simple:4.9) with MergeInstrumentationAnalysisTransform
[        ] Transforming javapoet-1.10.0.jar (com.squareup:javapoet:1.10.0) with InstrumentationAnalysisTransform
[        ] Transforming javapoet-1.10.0.jar (com.squareup:javapoet:1.10.0) with MergeInstrumentationAnalysisTransform
[        ] Transforming protobuf-java-util-3.22.3.jar (com.google.protobuf:protobuf-java-util:3.22.3) with InstrumentationAnalysisTransform
[        ] Transforming protobuf-java-util-3.22.3.jar (com.google.protobuf:protobuf-java-util:3.22.3) with MergeInstrumentationAnalysisTransform
[        ] Transforming grpc-protobuf-1.57.0.jar (io.grpc:grpc-protobuf:1.57.0) with InstrumentationAnalysisTransform
[        ] Transforming grpc-protobuf-1.57.0.jar (io.grpc:grpc-protobuf:1.57.0) with MergeInstrumentationAnalysisTransform
[        ] Transforming tink-1.7.0.jar (com.google.crypto.tink:tink:1.7.0) with InstrumentationAnalysisTransform
[        ] Transforming tink-1.7.0.jar (com.google.crypto.tink:tink:1.7.0) with MergeInstrumentationAnalysisTransform
[        ] Transforming protos-31.5.0.jar (com.android.tools.analytics-library:protos:31.5.0) with InstrumentationAnalysisTransform
[        ] Transforming protos-31.5.0.jar (com.android.tools.analytics-library:protos:31.5.0) with MergeInstrumentationAnalysisTransform
[        ] Transforming proto-google-common-protos-2.17.0.jar (com.google.api.grpc:proto-google-common-protos:2.17.0) with InstrumentationAnalysisTransform
[        ] Transforming proto-google-common-protos-2.17.0.jar (com.google.api.grpc:proto-google-common-protos:2.17.0) with MergeInstrumentationAnalysisTransform
[        ] Transforming protobuf-java-3.22.3.jar (com.google.protobuf:protobuf-java:3.22.3) with InstrumentationAnalysisTransform
[        ] Transforming protobuf-java-3.22.3.jar (com.google.protobuf:protobuf-java:3.22.3) with MergeInstrumentationAnalysisTransform
[        ] Transforming grpc-netty-1.57.0.jar (io.grpc:grpc-netty:1.57.0) with InstrumentationAnalysisTransform
[        ] Transforming grpc-netty-1.57.0.jar (io.grpc:grpc-netty:1.57.0) with MergeInstrumentationAnalysisTransform
[        ] Transforming grpc-core-1.57.0.jar (io.grpc:grpc-core:1.57.0) with InstrumentationAnalysisTransform
[        ] Transforming grpc-core-1.57.0.jar (io.grpc:grpc-core:1.57.0) with MergeInstrumentationAnalysisTransform
[        ] Transforming gson-2.10.1.jar (com.google.code.gson:gson:2.10.1) with InstrumentationAnalysisTransform
[        ] Transforming gson-2.10.1.jar (com.google.code.gson:gson:2.10.1) with MergeInstrumentationAnalysisTransform
[        ] Transforming grpc-stub-1.57.0.jar (io.grpc:grpc-stub:1.57.0) with InstrumentationAnalysisTransform
[        ] Transforming grpc-stub-1.57.0.jar (io.grpc:grpc-stub:1.57.0) with MergeInstrumentationAnalysisTransform
[        ] Transforming core-proto-0.0.9-alpha02.jar (com.google.testing.platform:core-proto:0.0.9-alpha02) with InstrumentationAnalysisTransform
[        ] Transforming core-proto-0.0.9-alpha02.jar (com.google.testing.platform:core-proto:0.0.9-alpha02) with MergeInstrumentationAnalysisTransform
[        ] Transforming kxml2-2.3.0.jar (net.sf.kxml:kxml2:2.3.0) with InstrumentationAnalysisTransform
[        ] Transforming kxml2-2.3.0.jar (net.sf.kxml:kxml2:2.3.0) with MergeInstrumentationAnalysisTransform
[        ] Transforming tensorflow-lite-metadata-0.1.0-rc2.jar (org.tensorflow:tensorflow-lite-metadata:0.1.0-rc2) with InstrumentationAnalysisTransform
[        ] Transforming tensorflow-lite-metadata-0.1.0-rc2.jar (org.tensorflow:tensorflow-lite-metadata:0.1.0-rc2) with MergeInstrumentationAnalysisTransform
[        ] Transforming flatbuffers-java-1.12.0.jar (com.google.flatbuffers:flatbuffers-java:1.12.0) with InstrumentationAnalysisTransform
[        ] Transforming flatbuffers-java-1.12.0.jar (com.google.flatbuffers:flatbuffers-java:1.12.0) with MergeInstrumentationAnalysisTransform
[        ] Transforming jimfs-1.1.jar (com.google.jimfs:jimfs:1.1) with InstrumentationAnalysisTransform
[        ] Transforming jimfs-1.1.jar (com.google.jimfs:jimfs:1.1) with MergeInstrumentationAnalysisTransform
[        ] Transforming grpc-context-1.57.0.jar (io.grpc:grpc-context:1.57.0) with InstrumentationAnalysisTransform
[        ] Transforming grpc-context-1.57.0.jar (io.grpc:grpc-context:1.57.0) with MergeInstrumentationAnalysisTransform
[        ] Transforming grpc-protobuf-lite-1.57.0.jar (io.grpc:grpc-protobuf-lite:1.57.0) with InstrumentationAnalysisTransform
[        ] Transforming grpc-protobuf-lite-1.57.0.jar (io.grpc:grpc-protobuf-lite:1.57.0) with MergeInstrumentationAnalysisTransform
[        ] Transforming grpc-api-1.57.0.jar (io.grpc:grpc-api:1.57.0) with InstrumentationAnalysisTransform
[        ] Transforming grpc-api-1.57.0.jar (io.grpc:grpc-api:1.57.0) with MergeInstrumentationAnalysisTransform
[        ] Transforming guava-32.0.1-jre.jar (com.google.guava:guava:32.0.1-jre) with InstrumentationAnalysisTransform
[        ] Transforming guava-32.0.1-jre.jar (com.google.guava:guava:32.0.1-jre) with MergeInstrumentationAnalysisTransform
[        ] Transforming dagger-2.28.3.jar (com.google.dagger:dagger:2.28.3) with InstrumentationAnalysisTransform
[        ] Transforming dagger-2.28.3.jar (com.google.dagger:dagger:2.28.3) with MergeInstrumentationAnalysisTransform
[        ] Transforming javax.inject-1.jar (javax.inject:javax.inject:1) with InstrumentationAnalysisTransform
[        ] Transforming javax.inject-1.jar (javax.inject:javax.inject:1) with MergeInstrumentationAnalysisTransform
[        ] Transforming bcutil-jdk18on-1.77.jar (org.bouncycastle:bcutil-jdk18on:1.77) with InstrumentationAnalysisTransform
[        ] Transforming bcutil-jdk18on-1.77.jar (org.bouncycastle:bcutil-jdk18on:1.77) with MergeInstrumentationAnalysisTransform
[        ] Transforming bcprov-jdk18on-1.77.jar (org.bouncycastle:bcprov-jdk18on:1.77) with InstrumentationAnalysisTransform
[        ] Transforming bcprov-jdk18on-1.77.jar (org.bouncycastle:bcprov-jdk18on:1.77) with MergeInstrumentationAnalysisTransform
[        ] Transforming trove4j-1.0.20200330.jar (org.jetbrains.intellij.deps:trove4j:1.0.20200330) with InstrumentationAnalysisTransform
[        ] Transforming trove4j-1.0.20200330.jar (org.jetbrains.intellij.deps:trove4j:1.0.20200330) with MergeInstrumentationAnalysisTransform
[        ] Transforming commons-compress-1.21.jar (org.apache.commons:commons-compress:1.21) with InstrumentationAnalysisTransform
[        ] Transforming kotlin-stdlib-1.9.20.jar (org.jetbrains.kotlin:kotlin-stdlib:1.9.20) with ExternalDependencyInstrumentingArtifactTransform
[        ] Transforming commons-compress-1.21.jar (org.apache.commons:commons-compress:1.21) with MergeInstrumentationAnalysisTransform
[        ] Transforming apkzlib-8.5.0.jar (com.android.tools.build:apkzlib:8.5.0) with ExternalDependencyInstrumentingArtifactTransform
[        ] Transforming jaxb-runtime-2.3.2.jar (org.glassfish.jaxb:jaxb-runtime:2.3.2) with ExternalDependencyInstrumentingArtifactTransform
[        ] Transforming bcpkix-jdk18on-1.77.jar (org.bouncycastle:bcpkix-jdk18on:1.77) with ExternalDependencyInstrumentingArtifactTransform
[        ] Transforming jopt-simple-4.9.jar (net.sf.jopt-simple:jopt-simple:4.9) with ExternalDependencyInstrumentingArtifactTransform
[        ] Transforming asm-9.6.jar (org.ow2.asm:asm:9.6) with ExternalDependencyInstrumentingArtifactTransform
[        ] Transforming protobuf-java-util-3.22.3.jar (com.google.protobuf:protobuf-java-util:3.22.3) with ExternalDependencyInstrumentingArtifactTransform
[        ] Transforming grpc-protobuf-1.57.0.jar (io.grpc:grpc-protobuf:1.57.0) with ExternalDependencyInstrumentingArtifactTransform
[        ] Transforming protos-31.5.0.jar (com.android.tools.analytics-library:protos:31.5.0) with ExternalDependencyInstrumentingArtifactTransform
[        ] Transforming proto-google-common-protos-2.17.0.jar (com.google.api.grpc:proto-google-common-protos:2.17.0) with ExternalDependencyInstrumentingArtifactTransform
[        ] Transforming protobuf-java-3.22.3.jar (com.google.protobuf:protobuf-java:3.22.3) with ExternalDependencyInstrumentingArtifactTransform
[        ] Transforming grpc-netty-1.57.0.jar (io.grpc:grpc-netty:1.57.0) with ExternalDependencyInstrumentingArtifactTransform
[        ] Transforming grpc-core-1.57.0.jar (io.grpc:grpc-core:1.57.0) with ExternalDependencyInstrumentingArtifactTransform
[        ] Transforming gson-2.10.1.jar (com.google.code.gson:gson:2.10.1) with ExternalDependencyInstrumentingArtifactTransform
[        ] Transforming grpc-stub-1.57.0.jar (io.grpc:grpc-stub:1.57.0) with ExternalDependencyInstrumentingArtifactTransform
[        ] Transforming asm-tree-9.6.jar (org.ow2.asm:asm-tree:9.6) with ExternalDependencyInstrumentingArtifactTransform
[        ] Transforming core-proto-0.0.9-alpha02.jar (com.google.testing.platform:core-proto:0.0.9-alpha02) with ExternalDependencyInstrumentingArtifactTransform
[        ] Transforming kxml2-2.3.0.jar (net.sf.kxml:kxml2:2.3.0) with ExternalDependencyInstrumentingArtifactTransform
[        ] Transforming flatbuffers-java-1.12.0.jar (com.google.flatbuffers:flatbuffers-java:1.12.0) with ExternalDependencyInstrumentingArtifactTransform
[        ] Transforming jimfs-1.1.jar (com.google.jimfs:jimfs:1.1) with ExternalDependencyInstrumentingArtifactTransform
[        ] Transforming grpc-context-1.57.0.jar (io.grpc:grpc-context:1.57.0) with ExternalDependencyInstrumentingArtifactTransform
[        ] Transforming tensorflow-lite-metadata-0.1.0-rc2.jar (org.tensorflow:tensorflow-lite-metadata:0.1.0-rc2) with ExternalDependencyInstrumentingArtifactTransform
[        ] Transforming grpc-protobuf-lite-1.57.0.jar (io.grpc:grpc-protobuf-lite:1.57.0) with ExternalDependencyInstrumentingArtifactTransform
[        ] Transforming grpc-api-1.57.0.jar (io.grpc:grpc-api:1.57.0) with ExternalDependencyInstrumentingArtifactTransform
[        ] Transforming guava-32.0.1-jre.jar (com.google.guava:guava:32.0.1-jre) with ExternalDependencyInstrumentingArtifactTransform
[        ] Transforming dagger-2.28.3.jar (com.google.dagger:dagger:2.28.3) with ExternalDependencyInstrumentingArtifactTransform
[        ] Transforming javax.inject-1.jar (javax.inject:javax.inject:1) with ExternalDependencyInstrumentingArtifactTransform
[        ] Transforming bcutil-jdk18on-1.77.jar (org.bouncycastle:bcutil-jdk18on:1.77) with ExternalDependencyInstrumentingArtifactTransform
[        ] Transforming commons-io-2.13.0.jar (commons-io:commons-io:2.13.0) with ExternalDependencyInstrumentingArtifactTransform
[        ] Transforming bcprov-jdk18on-1.77.jar (org.bouncycastle:bcprov-jdk18on:1.77) with ExternalDependencyInstrumentingArtifactTransform
[        ] Transforming trove4j-1.0.20200330.jar (org.jetbrains.intellij.deps:trove4j:1.0.20200330) with ExternalDependencyInstrumentingArtifactTransform
[        ] Transforming commons-compress-1.21.jar (org.apache.commons:commons-compress:1.21) with ExternalDependencyInstrumentingArtifactTransform
[        ] Transforming asm-analysis-9.6.jar (org.ow2.asm:asm-analysis:9.6) with ExternalDependencyInstrumentingArtifactTransform
[        ] Transforming asm-commons-9.6.jar (org.ow2.asm:asm-commons:9.6) with ExternalDependencyInstrumentingArtifactTransform
[        ] Transforming asm-util-9.6.jar (org.ow2.asm:asm-util:9.6) with ExternalDependencyInstrumentingArtifactTransform
[        ] Transforming transform-api-2.0.0-deprecated-use-gradle-api.jar (com.android.tools.build:transform-api:2.0.0-deprecated-use-gradle-api) with ExternalDependencyInstrumentingArtifactTransform
[        ] Transforming httpmime-4.5.6.jar (org.apache.httpcomponents:httpmime:4.5.6) with ExternalDependencyInstrumentingArtifactTransform
[        ] Transforming kotlin-stdlib-jdk8-1.9.20.jar (org.jetbrains.kotlin:kotlin-stdlib-jdk8:1.9.20) with ExternalDependencyInstrumentingArtifactTransform
[        ] Transforming tink-1.7.0.jar (com.google.crypto.tink:tink:1.7.0) with ExternalDependencyInstrumentingArtifactTransform
[        ] Transforming javapoet-1.10.0.jar (com.squareup:javapoet:1.10.0) with ExternalDependencyInstrumentingArtifactTransform
[        ] Transforming httpclient-4.5.14.jar (org.apache.httpcomponents:httpclient:4.5.14) with InstrumentationAnalysisTransform
[        ] Transforming httpclient-4.5.14.jar (org.apache.httpcomponents:httpclient:4.5.14) with MergeInstrumentationAnalysisTransform
[        ] Transforming httpcore-4.4.16.jar (org.apache.httpcomponents:httpcore:4.4.16) with InstrumentationAnalysisTransform
[        ] Transforming httpcore-4.4.16.jar (org.apache.httpcomponents:httpcore:4.4.16) with MergeInstrumentationAnalysisTransform
[        ] Transforming javax.activation-1.2.0.jar (com.sun.activation:javax.activation:1.2.0) with InstrumentationAnalysisTransform
[        ] Transforming javax.activation-1.2.0.jar (com.sun.activation:javax.activation:1.2.0) with MergeInstrumentationAnalysisTransform
[        ] Transforming annotations-23.0.0.jar (org.jetbrains:annotations:23.0.0) with InstrumentationAnalysisTransform
[        ] Transforming annotations-23.0.0.jar (org.jetbrains:annotations:23.0.0) with MergeInstrumentationAnalysisTransform
[        ] Transforming signflinger-8.5.0.jar (com.android:signflinger:8.5.0) with InstrumentationAnalysisTransform
[        ] Transforming signflinger-8.5.0.jar (com.android:signflinger:8.5.0) with MergeInstrumentationAnalysisTransform
[        ] Transforming zipflinger-8.5.0.jar (com.android:zipflinger:8.5.0) with InstrumentationAnalysisTransform
[        ] Transforming zipflinger-8.5.0.jar (com.android:zipflinger:8.5.0) with MergeInstrumentationAnalysisTransform
[        ] Transforming annotations-31.5.0.jar (com.android.tools:annotations:31.5.0) with InstrumentationAnalysisTransform
[        ] Transforming annotations-31.5.0.jar (com.android.tools:annotations:31.5.0) with MergeInstrumentationAnalysisTransform
[        ] Transforming jna-platform-5.6.0.jar (net.java.dev.jna:jna-platform:5.6.0) with InstrumentationAnalysisTransform
[        ] Transforming jna-platform-5.6.0.jar (net.java.dev.jna:jna-platform:5.6.0) with MergeInstrumentationAnalysisTransform
[        ] Transforming juniversalchardet-1.0.3.jar (com.googlecode.juniversalchardet:juniversalchardet:1.0.3) with InstrumentationAnalysisTransform
[        ] Transforming juniversalchardet-1.0.3.jar (com.googlecode.juniversalchardet:juniversalchardet:1.0.3) with MergeInstrumentationAnalysisTransform
[        ] Transforming javax.annotation-api-1.3.2.jar (javax.annotation:javax.annotation-api:1.3.2) with InstrumentationAnalysisTransform
[        ] Transforming javax.annotation-api-1.3.2.jar (javax.annotation:javax.annotation-api:1.3.2) with MergeInstrumentationAnalysisTransform
[        ] Transforming stax-ex-1.8.1.jar (org.jvnet.staxex:stax-ex:1.8.1) with InstrumentationAnalysisTransform
[        ] Transforming stax-ex-1.8.1.jar (org.jvnet.staxex:stax-ex:1.8.1) with MergeInstrumentationAnalysisTransform
[        ] Transforming jakarta.xml.bind-api-2.3.2.jar (jakarta.xml.bind:jakarta.xml.bind-api:2.3.2) with InstrumentationAnalysisTransform
[        ] Transforming jakarta.xml.bind-api-2.3.2.jar (jakarta.xml.bind:jakarta.xml.bind-api:2.3.2) with MergeInstrumentationAnalysisTransform
[        ] Transforming txw2-2.3.2.jar (org.glassfish.jaxb:txw2:2.3.2) with InstrumentationAnalysisTransform
[        ] Transforming javax.activation-1.2.0.jar (com.sun.activation:javax.activation:1.2.0) with ExternalDependencyInstrumentingArtifactTransform
[        ] Transforming httpclient-4.5.14.jar (org.apache.httpcomponents:httpclient:4.5.14) with ExternalDependencyInstrumentingArtifactTransform
[        ] Transforming annotations-23.0.0.jar (org.jetbrains:annotations:23.0.0) with ExternalDependencyInstrumentingArtifactTransform
[        ] Transforming annotations-31.5.0.jar (com.android.tools:annotations:31.5.0) with ExternalDependencyInstrumentingArtifactTransform
[        ] Transforming zipflinger-8.5.0.jar (com.android:zipflinger:8.5.0) with ExternalDependencyInstrumentingArtifactTransform
[        ] Transforming juniversalchardet-1.0.3.jar (com.googlecode.juniversalchardet:juniversalchardet:1.0.3) with ExternalDependencyInstrumentingArtifactTransform
[        ] Transforming httpcore-4.4.16.jar (org.apache.httpcomponents:httpcore:4.4.16) with ExternalDependencyInstrumentingArtifactTransform
[        ] Transforming javax.annotation-api-1.3.2.jar (javax.annotation:javax.annotation-api:1.3.2) with ExternalDependencyInstrumentingArtifactTransform
[        ] Transforming signflinger-8.5.0.jar (com.android:signflinger:8.5.0) with ExternalDependencyInstrumentingArtifactTransform
[        ] Transforming txw2-2.3.2.jar (org.glassfish.jaxb:txw2:2.3.2) with MergeInstrumentationAnalysisTransform
[        ] Transforming stax-ex-1.8.1.jar (org.jvnet.staxex:stax-ex:1.8.1) with ExternalDependencyInstrumentingArtifactTransform
[        ] Transforming txw2-2.3.2.jar (org.glassfish.jaxb:txw2:2.3.2) with ExternalDependencyInstrumentingArtifactTransform
[        ] Transforming jakarta.xml.bind-api-2.3.2.jar (jakarta.xml.bind:jakarta.xml.bind-api:2.3.2) with ExternalDependencyInstrumentingArtifactTransform
[        ] Transforming jna-platform-5.6.0.jar (net.java.dev.jna:jna-platform:5.6.0) with ExternalDependencyInstrumentingArtifactTransform
[        ] Transforming istack-commons-runtime-3.0.8.jar (com.sun.istack:istack-commons-runtime:3.0.8) with InstrumentationAnalysisTransform
[        ] Transforming istack-commons-runtime-3.0.8.jar (com.sun.istack:istack-commons-runtime:3.0.8) with MergeInstrumentationAnalysisTransform
[        ] Transforming FastInfoset-1.2.16.jar (com.sun.xml.fastinfoset:FastInfoset:1.2.16) with InstrumentationAnalysisTransform
[        ] Transforming FastInfoset-1.2.16.jar (com.sun.xml.fastinfoset:FastInfoset:1.2.16) with MergeInstrumentationAnalysisTransform
[        ] Transforming jakarta.activation-api-1.2.1.jar (jakarta.activation:jakarta.activation-api:1.2.1) with InstrumentationAnalysisTransform
[        ] Transforming jakarta.activation-api-1.2.1.jar (jakarta.activation:jakarta.activation-api:1.2.1) with MergeInstrumentationAnalysisTransform
[        ] Transforming auto-value-annotations-1.6.2.jar (com.google.auto.value:auto-value-annotations:1.6.2) with InstrumentationAnalysisTransform
[        ] Transforming auto-value-annotations-1.6.2.jar (com.google.auto.value:auto-value-annotations:1.6.2) with MergeInstrumentationAnalysisTransform
[        ] Transforming error_prone_annotations-2.18.0.jar (com.google.errorprone:error_prone_annotations:2.18.0) with InstrumentationAnalysisTransform
[        ] Transforming error_prone_annotations-2.18.0.jar (com.google.errorprone:error_prone_annotations:2.18.0) with MergeInstrumentationAnalysisTransform
[        ] Transforming jose4j-0.9.5.jar (org.bitbucket.b_c:jose4j:0.9.5) with InstrumentationAnalysisTransform
[        ] Transforming jose4j-0.9.5.jar (org.bitbucket.b_c:jose4j:0.9.5) with MergeInstrumentationAnalysisTransform
[        ] Transforming slf4j-api-1.7.30.jar (org.slf4j:slf4j-api:1.7.30) with InstrumentationAnalysisTransform
[        ] Transforming slf4j-api-1.7.30.jar (org.slf4j:slf4j-api:1.7.30) with MergeInstrumentationAnalysisTransform
[        ] Transforming jdom2-2.0.6.jar (org.jdom:jdom2:2.0.6) with InstrumentationAnalysisTransform
[        ] Transforming jdom2-2.0.6.jar (org.jdom:jdom2:2.0.6) with MergeInstrumentationAnalysisTransform
[        ] Transforming jsr305-3.0.2.jar (com.google.code.findbugs:jsr305:3.0.2) with InstrumentationAnalysisTransform
[        ] Transforming jsr305-3.0.2.jar (com.google.code.findbugs:jsr305:3.0.2) with MergeInstrumentationAnalysisTransform
[        ] Transforming j2objc-annotations-2.8.jar (com.google.j2objc:j2objc-annotations:2.8) with InstrumentationAnalysisTransform
[        ] Transforming j2objc-annotations-2.8.jar (com.google.j2objc:j2objc-annotations:2.8) with MergeInstrumentationAnalysisTransform
[        ] Transforming annotations-4.1.1.4.jar (com.google.android:annotations:4.1.1.4) with InstrumentationAnalysisTransform
[        ] Transforming annotations-4.1.1.4.jar (com.google.android:annotations:4.1.1.4) with MergeInstrumentationAnalysisTransform
[        ] Transforming animal-sniffer-annotations-1.23.jar (org.codehaus.mojo:animal-sniffer-annotations:1.23) with InstrumentationAnalysisTransform
[        ] Transforming animal-sniffer-annotations-1.23.jar (org.codehaus.mojo:animal-sniffer-annotations:1.23) with MergeInstrumentationAnalysisTransform
[        ] Transforming perfmark-api-0.26.0.jar (io.perfmark:perfmark-api:0.26.0) with InstrumentationAnalysisTransform
[        ] Transforming perfmark-api-0.26.0.jar (io.perfmark:perfmark-api:0.26.0) with MergeInstrumentationAnalysisTransform
[        ] Transforming netty-codec-http2-4.1.93.Final.jar (io.netty:netty-codec-http2:4.1.93.Final) with InstrumentationAnalysisTransform
[        ] Transforming netty-codec-http2-4.1.93.Final.jar (io.netty:netty-codec-http2:4.1.93.Final) with MergeInstrumentationAnalysisTransform
[        ] Transforming netty-handler-proxy-4.1.93.Final.jar (io.netty:netty-handler-proxy:4.1.93.Final) with InstrumentationAnalysisTransform
[        ] Transforming netty-handler-proxy-4.1.93.Final.jar (io.netty:netty-handler-proxy:4.1.93.Final) with MergeInstrumentationAnalysisTransform
[        ] Transforming netty-codec-http-4.1.93.Final.jar (io.netty:netty-codec-http:4.1.93.Final) with InstrumentationAnalysisTransform
[        ] Transforming netty-codec-http-4.1.93.Final.jar (io.netty:netty-codec-http:4.1.93.Final) with MergeInstrumentationAnalysisTransform
[        ] Transforming netty-handler-4.1.93.Final.jar (io.netty:netty-handler:4.1.93.Final) with InstrumentationAnalysisTransform
[        ] Transforming netty-handler-4.1.93.Final.jar (io.netty:netty-handler:4.1.93.Final) with MergeInstrumentationAnalysisTransform
[        ] Transforming netty-transport-native-unix-common-4.1.93.Final.jar (io.netty:netty-transport-native-unix-common:4.1.93.Final) with InstrumentationAnalysisTransform
[        ] Transforming annotations-4.1.1.4.jar (com.google.android:annotations:4.1.1.4) with ExternalDependencyInstrumentingArtifactTransform
[        ] Transforming jsr305-3.0.2.jar (com.google.code.findbugs:jsr305:3.0.2) with ExternalDependencyInstrumentingArtifactTransform
[        ] Transforming j2objc-annotations-2.8.jar (com.google.j2objc:j2objc-annotations:2.8) with ExternalDependencyInstrumentingArtifactTransform
[        ] Transforming perfmark-api-0.26.0.jar (io.perfmark:perfmark-api:0.26.0) with ExternalDependencyInstrumentingArtifactTransform
[        ] Transforming jdom2-2.0.6.jar (org.jdom:jdom2:2.0.6) with ExternalDependencyInstrumentingArtifactTransform
[        ] Transforming netty-handler-proxy-4.1.93.Final.jar (io.netty:netty-handler-proxy:4.1.93.Final) with ExternalDependencyInstrumentingArtifactTransform
[        ] Transforming slf4j-api-1.7.30.jar (org.slf4j:slf4j-api:1.7.30) with ExternalDependencyInstrumentingArtifactTransform
[        ] Transforming jose4j-0.9.5.jar (org.bitbucket.b_c:jose4j:0.9.5) with ExternalDependencyInstrumentingArtifactTransform
[        ] Transforming auto-value-annotations-1.6.2.jar (com.google.auto.value:auto-value-annotations:1.6.2) with ExternalDependencyInstrumentingArtifactTransform
[        ] Transforming netty-codec-http-4.1.93.Final.jar (io.netty:netty-codec-http:4.1.93.Final) with ExternalDependencyInstrumentingArtifactTransform
[        ] Transforming netty-handler-4.1.93.Final.jar (io.netty:netty-handler:4.1.93.Final) with ExternalDependencyInstrumentingArtifactTransform
[        ] Transforming istack-commons-runtime-3.0.8.jar (com.sun.istack:istack-commons-runtime:3.0.8) with ExternalDependencyInstrumentingArtifactTransform
[        ] Transforming error_prone_annotations-2.18.0.jar (com.google.errorprone:error_prone_annotations:2.18.0) with ExternalDependencyInstrumentingArtifactTransform
[        ] Transforming jakarta.activation-api-1.2.1.jar (jakarta.activation:jakarta.activation-api:1.2.1) with ExternalDependencyInstrumentingArtifactTransform
[        ] Transforming FastInfoset-1.2.16.jar (com.sun.xml.fastinfoset:FastInfoset:1.2.16) with ExternalDependencyInstrumentingArtifactTransform
[        ] Transforming netty-codec-http2-4.1.93.Final.jar (io.netty:netty-codec-http2:4.1.93.Final) with ExternalDependencyInstrumentingArtifactTransform
[        ] Transforming animal-sniffer-annotations-1.23.jar (org.codehaus.mojo:animal-sniffer-annotations:1.23) with ExternalDependencyInstrumentingArtifactTransform
[        ] Transforming netty-transport-native-unix-common-4.1.93.Final.jar (io.netty:netty-transport-native-unix-common:4.1.93.Final) with MergeInstrumentationAnalysisTransform
[        ] Transforming checker-qual-3.33.0.jar (org.checkerframework:checker-qual:3.33.0) with InstrumentationAnalysisTransform
[        ] Transforming checker-qual-3.33.0.jar (org.checkerframework:checker-qual:3.33.0) with MergeInstrumentationAnalysisTransform
[        ] Transforming commons-codec-1.11.jar (commons-codec:commons-codec:1.11) with InstrumentationAnalysisTransform
[        ] Transforming netty-transport-native-unix-common-4.1.93.Final.jar (io.netty:netty-transport-native-unix-common:4.1.93.Final) with ExternalDependencyInstrumentingArtifactTransform
[        ] Transforming commons-codec-1.11.jar (commons-codec:commons-codec:1.11) with MergeInstrumentationAnalysisTransform
[        ] Transforming apksig-8.5.0.jar (com.android.tools.build:apksig:8.5.0) with InstrumentationAnalysisTransform
[        ] Transforming apksig-8.5.0.jar (com.android.tools.build:apksig:8.5.0) with MergeInstrumentationAnalysisTransform
[        ] Transforming checker-qual-3.33.0.jar (org.checkerframework:checker-qual:3.33.0) with ExternalDependencyInstrumentingArtifactTransform
[        ] Transforming javawriter-2.5.0.jar (com.squareup:javawriter:2.5.0) with InstrumentationAnalysisTransform
[        ] Transforming javawriter-2.5.0.jar (com.squareup:javawriter:2.5.0) with MergeInstrumentationAnalysisTransform
[        ] Transforming failureaccess-1.0.1.jar (com.google.guava:failureaccess:1.0.1) with InstrumentationAnalysisTransform
[        ] Transforming failureaccess-1.0.1.jar (com.google.guava:failureaccess:1.0.1) with MergeInstrumentationAnalysisTransform
[        ] Transforming listenablefuture-9999.0-empty-to-avoid-conflict-with-guava.jar (com.google.guava:listenablefuture:9999.0-empty-to-avoid-conflict-with-guava) with InstrumentationAnalysisTransform
[        ] Transforming commons-codec-1.11.jar (commons-codec:commons-codec:1.11) with ExternalDependencyInstrumentingArtifactTransform
[        ] Transforming listenablefuture-9999.0-empty-to-avoid-conflict-with-guava.jar (com.google.guava:listenablefuture:9999.0-empty-to-avoid-conflict-with-guava) with MergeInstrumentationAnalysisTransform
[        ] Transforming commons-logging-1.2.jar (commons-logging:commons-logging:1.2) with InstrumentationAnalysisTransform
[        ] Transforming apksig-8.5.0.jar (com.android.tools.build:apksig:8.5.0) with ExternalDependencyInstrumentingArtifactTransform
[        ] Transforming commons-logging-1.2.jar (commons-logging:commons-logging:1.2) with MergeInstrumentationAnalysisTransform
[        ] Transforming jna-5.6.0.jar (net.java.dev.jna:jna:5.6.0) with InstrumentationAnalysisTransform
[        ] Transforming jna-5.6.0.jar (net.java.dev.jna:jna:5.6.0) with MergeInstrumentationAnalysisTransform
[        ] Transforming netty-codec-socks-4.1.93.Final.jar (io.netty:netty-codec-socks:4.1.93.Final) with InstrumentationAnalysisTransform
[        ] Transforming javawriter-2.5.0.jar (com.squareup:javawriter:2.5.0) with ExternalDependencyInstrumentingArtifactTransform
[        ] Transforming netty-codec-socks-4.1.93.Final.jar (io.netty:netty-codec-socks:4.1.93.Final) with MergeInstrumentationAnalysisTransform
[        ] Transforming failureaccess-1.0.1.jar (com.google.guava:failureaccess:1.0.1) with ExternalDependencyInstrumentingArtifactTransform
[        ] Transforming netty-codec-4.1.93.Final.jar (io.netty:netty-codec:4.1.93.Final) with InstrumentationAnalysisTransform
[        ] Transforming netty-codec-4.1.93.Final.jar (io.netty:netty-codec:4.1.93.Final) with MergeInstrumentationAnalysisTransform
[        ] Transforming netty-transport-4.1.93.Final.jar (io.netty:netty-transport:4.1.93.Final) with InstrumentationAnalysisTransform
[        ] Transforming listenablefuture-9999.0-empty-to-avoid-conflict-with-guava.jar (com.google.guava:listenablefuture:9999.0-empty-to-avoid-conflict-with-guava) with ExternalDependencyInstrumentingArtifactTransform
[        ] Transforming netty-transport-4.1.93.Final.jar (io.netty:netty-transport:4.1.93.Final) with MergeInstrumentationAnalysisTransform
[        ] Transforming netty-buffer-4.1.93.Final.jar (io.netty:netty-buffer:4.1.93.Final) with InstrumentationAnalysisTransform
[        ] Transforming netty-buffer-4.1.93.Final.jar (io.netty:netty-buffer:4.1.93.Final) with MergeInstrumentationAnalysisTransform
[        ] Transforming commons-logging-1.2.jar (commons-logging:commons-logging:1.2) with ExternalDependencyInstrumentingArtifactTransform
[        ] Transforming netty-resolver-4.1.93.Final.jar (io.netty:netty-resolver:4.1.93.Final) with InstrumentationAnalysisTransform
[        ] Transforming jna-5.6.0.jar (net.java.dev.jna:jna:5.6.0) with ExternalDependencyInstrumentingArtifactTransform
[        ] Transforming netty-resolver-4.1.93.Final.jar (io.netty:netty-resolver:4.1.93.Final) with MergeInstrumentationAnalysisTransform
[        ] Transforming netty-codec-socks-4.1.93.Final.jar (io.netty:netty-codec-socks:4.1.93.Final) with ExternalDependencyInstrumentingArtifactTransform
[        ] Transforming netty-buffer-4.1.93.Final.jar (io.netty:netty-buffer:4.1.93.Final) with ExternalDependencyInstrumentingArtifactTransform
[        ] Transforming netty-codec-4.1.93.Final.jar (io.netty:netty-codec:4.1.93.Final) with ExternalDependencyInstrumentingArtifactTransform
[        ] Transforming netty-resolver-4.1.93.Final.jar (io.netty:netty-resolver:4.1.93.Final) with ExternalDependencyInstrumentingArtifactTransform
[        ] Transforming netty-common-4.1.93.Final.jar (io.netty:netty-common:4.1.93.Final) with InstrumentationAnalysisTransform
[        ] Transforming netty-transport-4.1.93.Final.jar (io.netty:netty-transport:4.1.93.Final) with ExternalDependencyInstrumentingArtifactTransform
[        ] Transforming netty-common-4.1.93.Final.jar (io.netty:netty-common:4.1.93.Final) with MergeInstrumentationAnalysisTransform
[        ] Transforming netty-common-4.1.93.Final.jar (io.netty:netty-common:4.1.93.Final) with ExternalDependencyInstrumentingArtifactTransform
[        ] Build was configured to prefer settings repositories over project repositories but repository 'Google7' was added by build file 'C:\Users\jakao\AppData\Local\Pub\Cache\hosted\pub.dev\path_provider_android-2.2.17\android\build.gradle'
[        ] Build was configured to prefer settings repositories over project repositories but repository 'MavenRepo7' was added by build file 'C:\Users\jakao\AppData\Local\Pub\Cache\hosted\pub.dev\path_provider_android-2.2.17\android\build.gradle'
[        ] Build was configured to prefer settings repositories over project repositories but repository 'Google7' was added by build file 'C:\Users\jakao\AppData\Local\Pub\Cache\hosted\pub.dev\path_provider_android-2.2.17\android\build.gradle'
[        ] Build was configured to prefer settings repositories over project repositories but repository 'MavenRepo7' was added by build file 'C:\Users\jakao\AppData\Local\Pub\Cache\hosted\pub.dev\path_provider_android-2.2.17\android\build.gradle'
[        ] Build was configured to prefer settings repositories over project repositories but repository 'Google7' was added by build file 'C:\Users\jakao\AppData\Local\Pub\Cache\hosted\pub.dev\path_provider_android-2.2.17\android\build.gradle'
[        ] Build was configured to prefer settings repositories over project repositories but repository 'MavenRepo7' was added by build file 'C:\Users\jakao\AppData\Local\Pub\Cache\hosted\pub.dev\path_provider_android-2.2.17\android\build.gradle'
[        ] Build was configured to prefer settings repositories over project repositories but repository 'Google7' was added by build file 'C:\Users\jakao\AppData\Local\Pub\Cache\hosted\pub.dev\path_provider_android-2.2.17\android\build.gradle'
[        ] Build was configured to prefer settings repositories over project repositories but repository 'MavenRepo7' was added by build file 'C:\Users\jakao\AppData\Local\Pub\Cache\hosted\pub.dev\path_provider_android-2.2.17\android\build.gradle'
[        ] Build was configured to prefer settings repositories over project repositories but repository 'Google7' was added by build file 'C:\Users\jakao\AppData\Local\Pub\Cache\hosted\pub.dev\path_provider_android-2.2.17\android\build.gradle'
[        ] Build was configured to prefer settings repositories over project repositories but repository 'MavenRepo7' was added by build file 'C:\Users\jakao\AppData\Local\Pub\Cache\hosted\pub.dev\path_provider_android-2.2.17\android\build.gradle'
[        ] Build was configured to prefer settings repositories over project repositories but repository 'Google7' was added by build file 'C:\Users\jakao\AppData\Local\Pub\Cache\hosted\pub.dev\path_provider_android-2.2.17\android\build.gradle'
[        ] Build was configured to prefer settings repositories over project repositories but repository 'MavenRepo7' was added by build file 'C:\Users\jakao\AppData\Local\Pub\Cache\hosted\pub.dev\path_provider_android-2.2.17\android\build.gradle'
[        ] Build was configured to prefer settings repositories over project repositories but repository 'Google8' was added by build file 'C:\Users\jakao\AppData\Local\Pub\Cache\hosted\pub.dev\path_provider_android-2.2.17\android\build.gradle'
[        ] Build was configured to prefer settings repositories over project repositories but repository 'MavenRepo8' was added by build file 'C:\Users\jakao\AppData\Local\Pub\Cache\hosted\pub.dev\path_provider_android-2.2.17\android\build.gradle'
[        ] Build was configured to prefer settings repositories over project repositories but repository 'Google7' was added by build file 'C:\Users\jakao\AppData\Local\Pub\Cache\hosted\pub.dev\path_provider_android-2.2.17\android\build.gradle'
[        ] Build was configured to prefer settings repositories over project repositories but repository 'MavenRepo7' was added by build file 'C:\Users\jakao\AppData\Local\Pub\Cache\hosted\pub.dev\path_provider_android-2.2.17\android\build.gradle'
[        ] Build was configured to prefer settings repositories over project repositories but repository 'Google7' was added by build file 'C:\Users\jakao\AppData\Local\Pub\Cache\hosted\pub.dev\path_provider_android-2.2.17\android\build.gradle'
[        ] Build was configured to prefer settings repositories over project repositories but repository 'MavenRepo7' was added by build file 'C:\Users\jakao\AppData\Local\Pub\Cache\hosted\pub.dev\path_provider_android-2.2.17\android\build.gradle'
[        ] Build was configured to prefer settings repositories over project repositories but repository 'Google7' was added by build file 'C:\Users\jakao\AppData\Local\Pub\Cache\hosted\pub.dev\path_provider_android-2.2.17\android\build.gradle'
[        ] Build was configured to prefer settings repositories over project repositories but repository 'MavenRepo7' was added by build file 'C:\Users\jakao\AppData\Local\Pub\Cache\hosted\pub.dev\path_provider_android-2.2.17\android\build.gradle'
[        ] Build was configured to prefer settings repositories over project repositories but repository 'Google7' was added by build file 'C:\Users\jakao\AppData\Local\Pub\Cache\hosted\pub.dev\path_provider_android-2.2.17\android\build.gradle'
[        ] Build was configured to prefer settings repositories over project repositories but repository 'MavenRepo7' was added by build file 'C:\Users\jakao\AppData\Local\Pub\Cache\hosted\pub.dev\path_provider_android-2.2.17\android\build.gradle'
[        ] Build was configured to prefer settings repositories over project repositories but repository 'Google7' was added by build file 'C:\Users\jakao\AppData\Local\Pub\Cache\hosted\pub.dev\path_provider_android-2.2.17\android\build.gradle'
[        ] Build was configured to prefer settings repositories over project repositories but repository 'MavenRepo7' was added by build file 'C:\Users\jakao\AppData\Local\Pub\Cache\hosted\pub.dev\path_provider_android-2.2.17\android\build.gradle'
[        ] Build was configured to prefer settings repositories over project repositories but repository 'Google7' was added by build file 'C:\Users\jakao\AppData\Local\Pub\Cache\hosted\pub.dev\path_provider_android-2.2.17\android\build.gradle'
[        ] Build was configured to prefer settings repositories over project repositories but repository 'MavenRepo7' was added by build file 'C:\Users\jakao\AppData\Local\Pub\Cache\hosted\pub.dev\path_provider_android-2.2.17\android\build.gradle'
[        ] Build was configured to prefer settings repositories over project repositories but repository 'Google7' was added by build file 'C:\Users\jakao\AppData\Local\Pub\Cache\hosted\pub.dev\path_provider_android-2.2.17\android\build.gradle'
[        ] Build was configured to prefer settings repositories over project repositories but repository 'MavenRepo7' was added by build file 'C:\Users\jakao\AppData\Local\Pub\Cache\hosted\pub.dev\path_provider_android-2.2.17\android\build.gradle'
[        ] Build was configured to prefer settings repositories over project repositories but repository 'Google7' was added by build file 'C:\Users\jakao\AppData\Local\Pub\Cache\hosted\pub.dev\path_provider_android-2.2.17\android\build.gradle'
[        ] Build was configured to prefer settings repositories over project repositories but repository 'MavenRepo7' was added by build file 'C:\Users\jakao\AppData\Local\Pub\Cache\hosted\pub.dev\path_provider_android-2.2.17\android\build.gradle'
[        ] Using default execution profile
[ +254 ms] > Configure project :printing
[        ] Evaluating project ':printing' using build file 'C:\Users\jakao\AppData\Local\Pub\Cache\hosted\pub.dev\printing-5.14.2\android\build.gradle'.
[        ] Transforming gradle-7.3.0.jar (com.android.tools.build:gradle:7.3.0) with InstrumentationAnalysisTransform
[        ] Transforming lint-model-30.3.0.jar (com.android.tools.lint:lint-model:30.3.0) with InstrumentationAnalysisTransform
[        ] Transforming builder-7.3.0.jar (com.android.tools.build:builder:7.3.0) with InstrumentationAnalysisTransform
[        ] Transforming manifest-merger-30.3.0.jar (com.android.tools.build:manifest-merger:30.3.0) with InstrumentationAnalysisTransform
[        ] Transforming sdk-common-30.3.0.jar (com.android.tools:sdk-common:30.3.0) with InstrumentationAnalysisTransform
[        ] Transforming sdklib-30.3.0.jar (com.android.tools:sdklib:30.3.0) with InstrumentationAnalysisTransform
[        ] Transforming repository-30.3.0.jar (com.android.tools:repository:30.3.0) with InstrumentationAnalysisTransform
[        ] Transforming gradle-api-7.3.0.jar (com.android.tools.build:gradle-api:7.3.0) with InstrumentationAnalysisTransform
[        ] Transforming builder-test-api-7.3.0.jar (com.android.tools.build:builder-test-api:7.3.0) with InstrumentationAnalysisTransform
[        ] Transforming ddmlib-30.3.0.jar (com.android.tools.ddms:ddmlib:30.3.0) with InstrumentationAnalysisTransform
[        ] Transforming aaptcompiler-7.3.0.jar (com.android.tools.build:aaptcompiler:7.3.0) with InstrumentationAnalysisTransform
[        ] Transforming bundletool-1.9.0.jar (com.android.tools.build:bundletool:1.9.0) with InstrumentationAnalysisTransform
[        ] Transforming aapt2-proto-7.3.0-8691043.jar (com.android.tools.build:aapt2-proto:7.3.0-8691043) with InstrumentationAnalysisTransform
[        ] Transforming crash-30.3.0.jar (com.android.tools.analytics-library:crash:30.3.0) with InstrumentationAnalysisTransform
[        ] Transforming tracker-30.3.0.jar (com.android.tools.analytics-library:tracker:30.3.0) with InstrumentationAnalysisTransform
[        ] Transforming shared-30.3.0.jar (com.android.tools.analytics-library:shared:30.3.0) with InstrumentationAnalysisTransform
[        ] Transforming lint-typedef-remover-30.3.0.jar (com.android.tools.lint:lint-typedef-remover:30.3.0) with InstrumentationAnalysisTransform
[        ] Transforming databinding-compiler-common-7.3.0.jar (androidx.databinding:databinding-compiler-common:7.3.0) with InstrumentationAnalysisTransform
[        ] Transforming databinding-common-7.3.0.jar (androidx.databinding:databinding-common:7.3.0) with InstrumentationAnalysisTransform
[        ] Transforming baseLibrary-7.3.0.jar (com.android.databinding:baseLibrary:7.3.0) with InstrumentationAnalysisTransform
[        ] Transforming layoutlib-api-30.3.0.jar (com.android.tools.layoutlib:layoutlib-api:30.3.0) with InstrumentationAnalysisTransform
[        ] Transforming android-device-provider-ddmlib-proto-30.3.0.jar (com.android.tools.utp:android-device-provider-ddmlib-proto:30.3.0) with InstrumentationAnalysisTransform
[        ] Transforming android-device-provider-gradle-proto-30.3.0.jar (com.android.tools.utp:android-device-provider-gradle-proto:30.3.0) with InstrumentationAnalysisTransform
[        ] Transforming android-test-plugin-host-additional-test-output-proto-30.3.0.jar (com.android.tools.utp:android-test-plugin-host-additional-test-output-proto:30.3.0) with InstrumentationAnalysisTransform
[        ] Transforming android-test-plugin-host-coverage-proto-30.3.0.jar (com.android.tools.utp:android-test-plugin-host-coverage-proto:30.3.0) with InstrumentationAnalysisTransform
[        ] Transforming android-test-plugin-host-retention-proto-30.3.0.jar (com.android.tools.utp:android-test-plugin-host-retention-proto:30.3.0) with InstrumentationAnalysisTransform
[        ] Transforming android-test-plugin-result-listener-gradle-proto-30.3.0.jar (com.android.tools.utp:android-test-plugin-result-listener-gradle-proto:30.3.0) with InstrumentationAnalysisTransform
[        ] Transforming builder-model-7.3.0.jar (com.android.tools.build:builder-model:7.3.0) with InstrumentationAnalysisTransform
[        ] Transforming dvlib-30.3.0.jar (com.android.tools:dvlib:30.3.0) with InstrumentationAnalysisTransform
[        ] Transforming common-30.3.0.jar (com.android.tools:common:30.3.0) with InstrumentationAnalysisTransform
[        ] Transforming kotlin-stdlib-jdk8-1.5.31.jar (org.jetbrains.kotlin:kotlin-stdlib-jdk8:1.5.31) with InstrumentationAnalysisTransform
[        ] Transforming transform-api-2.0.0-deprecated-use-gradle-api.jar (com.android.tools.build:transform-api:2.0.0-deprecated-use-gradle-api) with InstrumentationAnalysisTransform
[        ] Transforming httpmime-4.5.6.jar (org.apache.httpcomponents:httpmime:4.5.6) with InstrumentationAnalysisTransform
[        ] Transforming commons-io-2.4.jar (commons-io:commons-io:2.4) with InstrumentationAnalysisTransform
[        ] Transforming jetifier-processor-1.0.0-beta10.jar (com.android.tools.build.jetifier:jetifier-processor:1.0.0-beta10) with InstrumentationAnalysisTransform
[        ] Transforming asm-commons-9.1.jar (org.ow2.asm:asm-commons:9.1) with InstrumentationAnalysisTransform
[        ] Transforming asm-util-9.1.jar (org.ow2.asm:asm-util:9.1) with InstrumentationAnalysisTransform
[        ] Transforming asm-analysis-9.1.jar (org.ow2.asm:asm-analysis:9.1) with InstrumentationAnalysisTransform
[        ] Transforming asm-tree-9.1.jar (org.ow2.asm:asm-tree:9.1) with InstrumentationAnalysisTransform
[        ] Transforming asm-9.1.jar (org.ow2.asm:asm:9.1) with InstrumentationAnalysisTransform
[        ] Transforming apkzlib-7.3.0.jar (com.android.tools.build:apkzlib:7.3.0) with InstrumentationAnalysisTransform
[        ] Transforming bcpkix-jdk15on-1.67.jar (org.bouncycastle:bcpkix-jdk15on:1.67) with InstrumentationAnalysisTransform
[        ] Transforming jaxb-runtime-2.3.2.jar (org.glassfish.jaxb:jaxb-runtime:2.3.2) with InstrumentationAnalysisTransform
[        ] Transforming jopt-simple-4.9.jar (net.sf.jopt-simple:jopt-simple:4.9) with InstrumentationAnalysisTransform
[        ] Transforming jetifier-core-1.0.0-beta10.jar (com.android.tools.build.jetifier:jetifier-core:1.0.0-beta10) with InstrumentationAnalysisTransform
[        ] Transforming javapoet-1.10.0.jar (com.squareup:javapoet:1.10.0) with InstrumentationAnalysisTransform
[        ] Transforming protobuf-java-util-3.17.2.jar (com.google.protobuf:protobuf-java-util:3.17.2) with InstrumentationAnalysisTransform
[        ] Transforming grpc-protobuf-1.39.0.jar (io.grpc:grpc-protobuf:1.39.0) with InstrumentationAnalysisTransform
[        ] Transforming tink-1.3.0-rc2.jar (com.google.crypto.tink:tink:1.3.0-rc2) with InstrumentationAnalysisTransform
[        ] Transforming protos-30.3.0.jar (com.android.tools.analytics-library:protos:30.3.0) with InstrumentationAnalysisTransform
[        ] Transforming proto-google-common-protos-2.0.1.jar (com.google.api.grpc:proto-google-common-protos:2.0.1) with InstrumentationAnalysisTransform
[        ] Transforming protobuf-java-3.17.2.jar (com.google.protobuf:protobuf-java:3.17.2) with InstrumentationAnalysisTransform
[        ] Transforming grpc-netty-1.39.0.jar (io.grpc:grpc-netty:1.39.0) with InstrumentationAnalysisTransform
[        ] Transforming grpc-core-1.39.0.jar (io.grpc:grpc-core:1.39.0) with InstrumentationAnalysisTransform
[        ] Transforming gson-2.8.6.jar (com.google.code.gson:gson:2.8.6) with InstrumentationAnalysisTransform
[        ] Transforming grpc-stub-1.39.0.jar (io.grpc:grpc-stub:1.39.0) with InstrumentationAnalysisTransform
[        ] Transforming core-proto-0.0.8-alpha07.jar (com.google.testing.platform:core-proto:0.0.8-alpha07) with InstrumentationAnalysisTransform
[        ] Transforming tensorflow-lite-metadata-0.1.0-rc2.jar (org.tensorflow:tensorflow-lite-metadata:0.1.0-rc2) with InstrumentationAnalysisTransform
[        ] Transforming flatbuffers-java-1.12.0.jar (com.google.flatbuffers:flatbuffers-java:1.12.0) with InstrumentationAnalysisTransform
[        ] Transforming jimfs-1.1.jar (com.google.jimfs:jimfs:1.1) with InstrumentationAnalysisTransform
[        ] Transforming grpc-protobuf-lite-1.39.0.jar (io.grpc:grpc-protobuf-lite:1.39.0) with InstrumentationAnalysisTransform
[        ] Transforming grpc-api-1.39.0.jar (io.grpc:grpc-api:1.39.0) with InstrumentationAnalysisTransform
[        ] Transforming guava-30.1-jre.jar (com.google.guava:guava:30.1-jre) with InstrumentationAnalysisTransform
[        ] Transforming dagger-2.28.3.jar (com.google.dagger:dagger:2.28.3) with InstrumentationAnalysisTransform
[        ] Transforming javax.inject-1.jar (javax.inject:javax.inject:1) with InstrumentationAnalysisTransform
[        ] Transforming kxml2-2.3.0.jar (net.sf.kxml:kxml2:2.3.0) with InstrumentationAnalysisTransform
[        ] Transforming bcprov-jdk15on-1.67.jar (org.bouncycastle:bcprov-jdk15on:1.67) with InstrumentationAnalysisTransform
[        ] Transforming trove4j-1.0.20181211.jar (org.jetbrains.intellij.deps:trove4j:1.0.20181211) with InstrumentationAnalysisTransform
[        ] Transforming kotlin-reflect-1.5.31.jar (org.jetbrains.kotlin:kotlin-reflect:1.5.31) with InstrumentationAnalysisTransform
[        ] Transforming xercesImpl-2.12.0.jar (xerces:xercesImpl:2.12.0) with InstrumentationAnalysisTransform
[        ] Transforming commons-compress-1.20.jar (org.apache.commons:commons-compress:1.20) with InstrumentationAnalysisTransform
[        ] Transforming httpclient-4.5.13.jar (org.apache.httpcomponents:httpclient:4.5.13) with InstrumentationAnalysisTransform
[        ] Transforming httpcore-4.4.13.jar (org.apache.httpcomponents:httpcore:4.4.13) with InstrumentationAnalysisTransform
[        ] Transforming javax.activation-1.2.0.jar (com.sun.activation:javax.activation:1.2.0) with InstrumentationAnalysisTransform
[        ] Transforming signflinger-7.3.0.jar (com.android:signflinger:7.3.0) with InstrumentationAnalysisTransform
[        ] Transforming zipflinger-7.3.0.jar (com.android:zipflinger:7.3.0) with InstrumentationAnalysisTransform
[        ] Transforming annotations-30.3.0.jar (com.android.tools:annotations:30.3.0) with InstrumentationAnalysisTransform
[        ] Transforming jna-platform-5.6.0.jar (net.java.dev.jna:jna-platform:5.6.0) with InstrumentationAnalysisTransform
[        ] Transforming juniversalchardet-1.0.3.jar (com.googlecode.juniversalchardet:juniversalchardet:1.0.3) with InstrumentationAnalysisTransform
[        ] Transforming kotlin-stdlib-jdk7-1.5.31.jar (org.jetbrains.kotlin:kotlin-stdlib-jdk7:1.5.31) with InstrumentationAnalysisTransform
[        ] Transforming kotlin-stdlib-1.5.31.jar (org.jetbrains.kotlin:kotlin-stdlib:1.5.31) with InstrumentationAnalysisTransform
[        ] Transforming annotations-13.0.jar (org.jetbrains:annotations:13.0) with InstrumentationAnalysisTransform
[        ] Transforming javax.annotation-api-1.3.2.jar (javax.annotation:javax.annotation-api:1.3.2) with InstrumentationAnalysisTransform
[        ] Transforming stax-ex-1.8.1.jar (org.jvnet.staxex:stax-ex:1.8.1) with InstrumentationAnalysisTransform
[        ] Transforming jakarta.xml.bind-api-2.3.2.jar (jakarta.xml.bind:jakarta.xml.bind-api:2.3.2) with InstrumentationAnalysisTransform
[        ] Transforming txw2-2.3.2.jar (org.glassfish.jaxb:txw2:2.3.2) with InstrumentationAnalysisTransform
[        ] Transforming istack-commons-runtime-3.0.8.jar (com.sun.istack:istack-commons-runtime:3.0.8) with InstrumentationAnalysisTransform
[        ] Transforming FastInfoset-1.2.16.jar (com.sun.xml.fastinfoset:FastInfoset:1.2.16) with InstrumentationAnalysisTransform
[        ] Transforming jakarta.activation-api-1.2.1.jar (jakarta.activation:jakarta.activation-api:1.2.1) with InstrumentationAnalysisTransform
[        ] Transforming auto-value-annotations-1.6.2.jar (com.google.auto.value:auto-value-annotations:1.6.2) with InstrumentationAnalysisTransform
[        ] Transforming error_prone_annotations-2.4.0.jar (com.google.errorprone:error_prone_annotations:2.4.0) with InstrumentationAnalysisTransform
[        ] Transforming jose4j-0.7.0.jar (org.bitbucket.b_c:jose4j:0.7.0) with InstrumentationAnalysisTransform
[        ] Transforming slf4j-api-1.7.30.jar (org.slf4j:slf4j-api:1.7.30) with InstrumentationAnalysisTransform
[        ] Transforming jdom2-2.0.6.jar (org.jdom:jdom2:2.0.6) with InstrumentationAnalysisTransform
[        ] Transforming annotations-4.1.1.4.jar (com.google.android:annotations:4.1.1.4) with InstrumentationAnalysisTransform
[        ] Transforming animal-sniffer-annotations-1.19.jar (org.codehaus.mojo:animal-sniffer-annotations:1.19) with InstrumentationAnalysisTransform
[        ] Transforming perfmark-api-0.23.0.jar (io.perfmark:perfmark-api:0.23.0) with InstrumentationAnalysisTransform
[        ] Transforming netty-codec-http2-4.1.52.Final.jar (io.netty:netty-codec-http2:4.1.52.Final) with InstrumentationAnalysisTransform
[        ] Transforming netty-handler-proxy-4.1.52.Final.jar (io.netty:netty-handler-proxy:4.1.52.Final) with InstrumentationAnalysisTransform
[        ] Transforming jsr305-3.0.2.jar (com.google.code.findbugs:jsr305:3.0.2) with InstrumentationAnalysisTransform
[        ] Transforming json-20180813.jar (org.json:json:20180813) with InstrumentationAnalysisTransform
[        ] Transforming checker-qual-3.5.0.jar (org.checkerframework:checker-qual:3.5.0) with InstrumentationAnalysisTransform
[        ] Transforming commons-codec-1.11.jar (commons-codec:commons-codec:1.11) with InstrumentationAnalysisTransform
[        ] Transforming fastutil-8.4.0.jar (it.unimi.dsi:fastutil:8.4.0) with InstrumentationAnalysisTransform
[        ] Transforming json-simple-1.1.jar (com.googlecode.json-simple:json-simple:1.1) with InstrumentationAnalysisTransform
[        ] Transforming apksig-7.3.0.jar (com.android.tools.build:apksig:7.3.0) with InstrumentationAnalysisTransform
[        ] Transforming javawriter-2.5.0.jar (com.squareup:javawriter:2.5.0) with InstrumentationAnalysisTransform
[        ] Transforming failureaccess-1.0.1.jar (com.google.guava:failureaccess:1.0.1) with InstrumentationAnalysisTransform
[        ] Transforming listenablefuture-9999.0-empty-to-avoid-conflict-with-guava.jar (com.google.guava:listenablefuture:9999.0-empty-to-avoid-conflict-with-guava) with InstrumentationAnalysisTransform
[        ] Transforming j2objc-annotations-1.3.jar (com.google.j2objc:j2objc-annotations:1.3) with InstrumentationAnalysisTransform
[        ] Transforming xml-apis-1.4.01.jar (xml-apis:xml-apis:1.4.01) with InstrumentationAnalysisTransform
[        ] Transforming commons-logging-1.2.jar (commons-logging:commons-logging:1.2) with InstrumentationAnalysisTransform
[        ] Transforming jna-5.6.0.jar (net.java.dev.jna:jna:5.6.0) with InstrumentationAnalysisTransform
[        ] Transforming kotlin-stdlib-common-1.5.31.jar (org.jetbrains.kotlin:kotlin-stdlib-common:1.5.31) with InstrumentationAnalysisTransform
[        ] Transforming grpc-context-1.39.0.jar (io.grpc:grpc-context:1.39.0) with InstrumentationAnalysisTransform
[        ] Transforming netty-codec-http-4.1.52.Final.jar (io.netty:netty-codec-http:4.1.52.Final) with InstrumentationAnalysisTransform
[        ] Transforming netty-handler-4.1.52.Final.jar (io.netty:netty-handler:4.1.52.Final) with InstrumentationAnalysisTransform
[        ] Transforming netty-codec-socks-4.1.52.Final.jar (io.netty:netty-codec-socks:4.1.52.Final) with InstrumentationAnalysisTransform
[        ] Transforming netty-codec-4.1.52.Final.jar (io.netty:netty-codec:4.1.52.Final) with InstrumentationAnalysisTransform
[        ] Transforming netty-transport-4.1.52.Final.jar (io.netty:netty-transport:4.1.52.Final) with InstrumentationAnalysisTransform
[        ] Transforming netty-buffer-4.1.52.Final.jar (io.netty:netty-buffer:4.1.52.Final) with InstrumentationAnalysisTransform
[        ] Transforming netty-resolver-4.1.52.Final.jar (io.netty:netty-resolver:4.1.52.Final) with InstrumentationAnalysisTransform
[        ] Transforming netty-common-4.1.52.Final.jar (io.netty:netty-common:4.1.52.Final) with InstrumentationAnalysisTransform
[        ] Transforming gradle-7.3.0.jar (com.android.tools.build:gradle:7.3.0) with InstrumentationAnalysisTransform
[        ] Transforming gradle-7.3.0.jar (com.android.tools.build:gradle:7.3.0) with MergeInstrumentationAnalysisTransform
[        ] Transforming lint-model-30.3.0.jar (com.android.tools.lint:lint-model:30.3.0) with InstrumentationAnalysisTransform
[        ] Transforming lint-model-30.3.0.jar (com.android.tools.lint:lint-model:30.3.0) with MergeInstrumentationAnalysisTransform
[        ] Transforming gradle-7.3.0.jar (com.android.tools.build:gradle:7.3.0) with ExternalDependencyInstrumentingArtifactTransform
[        ] Transforming builder-7.3.0.jar (com.android.tools.build:builder:7.3.0) with InstrumentationAnalysisTransform
[        ] Transforming builder-7.3.0.jar (com.android.tools.build:builder:7.3.0) with MergeInstrumentationAnalysisTransform
[        ] Transforming manifest-merger-30.3.0.jar (com.android.tools.build:manifest-merger:30.3.0) with InstrumentationAnalysisTransform
[        ] Transforming manifest-merger-30.3.0.jar (com.android.tools.build:manifest-merger:30.3.0) with MergeInstrumentationAnalysisTransform
[        ] Transforming sdk-common-30.3.0.jar (com.android.tools:sdk-common:30.3.0) with InstrumentationAnalysisTransform
[        ] Transforming sdk-common-30.3.0.jar (com.android.tools:sdk-common:30.3.0) with MergeInstrumentationAnalysisTransform
[        ] Transforming sdklib-30.3.0.jar (com.android.tools:sdklib:30.3.0) with InstrumentationAnalysisTransform
[        ] Transforming builder-7.3.0.jar (com.android.tools.build:builder:7.3.0) with ExternalDependencyInstrumentingArtifactTransform
[        ] Transforming manifest-merger-30.3.0.jar (com.android.tools.build:manifest-merger:30.3.0) with ExternalDependencyInstrumentingArtifactTransform
[        ] Transforming sdk-common-30.3.0.jar (com.android.tools:sdk-common:30.3.0) with ExternalDependencyInstrumentingArtifactTransform
[        ] Transforming lint-model-30.3.0.jar (com.android.tools.lint:lint-model:30.3.0) with ExternalDependencyInstrumentingArtifactTransform
[        ] Transforming sdklib-30.3.0.jar (com.android.tools:sdklib:30.3.0) with MergeInstrumentationAnalysisTransform
[        ] Transforming repository-30.3.0.jar (com.android.tools:repository:30.3.0) with InstrumentationAnalysisTransform
[        ] Transforming repository-30.3.0.jar (com.android.tools:repository:30.3.0) with MergeInstrumentationAnalysisTransform
[        ] Transforming gradle-api-7.3.0.jar (com.android.tools.build:gradle-api:7.3.0) with InstrumentationAnalysisTransform
[        ] Transforming gradle-api-7.3.0.jar (com.android.tools.build:gradle-api:7.3.0) with MergeInstrumentationAnalysisTransform
[        ] Transforming builder-test-api-7.3.0.jar (com.android.tools.build:builder-test-api:7.3.0) with InstrumentationAnalysisTransform
[        ] Transforming builder-test-api-7.3.0.jar (com.android.tools.build:builder-test-api:7.3.0) with MergeInstrumentationAnalysisTransform
[        ] Transforming ddmlib-30.3.0.jar (com.android.tools.ddms:ddmlib:30.3.0) with InstrumentationAnalysisTransform
[        ] Transforming ddmlib-30.3.0.jar (com.android.tools.ddms:ddmlib:30.3.0) with MergeInstrumentationAnalysisTransform
[        ] Transforming aaptcompiler-7.3.0.jar (com.android.tools.build:aaptcompiler:7.3.0) with InstrumentationAnalysisTransform
[        ] Transforming aaptcompiler-7.3.0.jar (com.android.tools.build:aaptcompiler:7.3.0) with MergeInstrumentationAnalysisTransform
[        ] Transforming bundletool-1.9.0.jar (com.android.tools.build:bundletool:1.9.0) with InstrumentationAnalysisTransform
[        ] Transforming bundletool-1.9.0.jar (com.android.tools.build:bundletool:1.9.0) with MergeInstrumentationAnalysisTransform
[        ] Transforming builder-test-api-7.3.0.jar (com.android.tools.build:builder-test-api:7.3.0) with ExternalDependencyInstrumentingArtifactTransform
[        ] Transforming ddmlib-30.3.0.jar (com.android.tools.ddms:ddmlib:30.3.0) with ExternalDependencyInstrumentingArtifactTransform
[        ] Transforming aaptcompiler-7.3.0.jar (com.android.tools.build:aaptcompiler:7.3.0) with ExternalDependencyInstrumentingArtifactTransform
[        ] Transforming gradle-api-7.3.0.jar (com.android.tools.build:gradle-api:7.3.0) with ExternalDependencyInstrumentingArtifactTransform
[        ] Transforming aapt2-proto-7.3.0-8691043.jar (com.android.tools.build:aapt2-proto:7.3.0-8691043) with InstrumentationAnalysisTransform
[        ] Transforming sdklib-30.3.0.jar (com.android.tools:sdklib:30.3.0) with ExternalDependencyInstrumentingArtifactTransform
[        ] Transforming bundletool-1.9.0.jar (com.android.tools.build:bundletool:1.9.0) with ExternalDependencyInstrumentingArtifactTransform
[        ] Transforming aapt2-proto-7.3.0-8691043.jar (com.android.tools.build:aapt2-proto:7.3.0-8691043) with MergeInstrumentationAnalysisTransform
[        ] Transforming repository-30.3.0.jar (com.android.tools:repository:30.3.0) with ExternalDependencyInstrumentingArtifactTransform
[        ] Transforming crash-30.3.0.jar (com.android.tools.analytics-library:crash:30.3.0) with InstrumentationAnalysisTransform
[        ] Transforming aapt2-proto-7.3.0-8691043.jar (com.android.tools.build:aapt2-proto:7.3.0-8691043) with ExternalDependencyInstrumentingArtifactTransform
[        ] Transforming crash-30.3.0.jar (com.android.tools.analytics-library:crash:30.3.0) with MergeInstrumentationAnalysisTransform
[        ] Transforming tracker-30.3.0.jar (com.android.tools.analytics-library:tracker:30.3.0) with InstrumentationAnalysisTransform
[        ] Transforming tracker-30.3.0.jar (com.android.tools.analytics-library:tracker:30.3.0) with MergeInstrumentationAnalysisTransform
[        ] Transforming shared-30.3.0.jar (com.android.tools.analytics-library:shared:30.3.0) with InstrumentationAnalysisTransform
[        ] Transforming shared-30.3.0.jar (com.android.tools.analytics-library:shared:30.3.0) with MergeInstrumentationAnalysisTransform
[        ] Transforming lint-typedef-remover-30.3.0.jar (com.android.tools.lint:lint-typedef-remover:30.3.0) with InstrumentationAnalysisTransform
[        ] Transforming lint-typedef-remover-30.3.0.jar (com.android.tools.lint:lint-typedef-remover:30.3.0) with MergeInstrumentationAnalysisTransform
[        ] Transforming databinding-compiler-common-7.3.0.jar (androidx.databinding:databinding-compiler-common:7.3.0) with InstrumentationAnalysisTransform
[        ] Transforming databinding-compiler-common-7.3.0.jar (androidx.databinding:databinding-compiler-common:7.3.0) with MergeInstrumentationAnalysisTransform
[        ] Transforming databinding-common-7.3.0.jar (androidx.databinding:databinding-common:7.3.0) with InstrumentationAnalysisTransform
[        ] Transforming databinding-common-7.3.0.jar (androidx.databinding:databinding-common:7.3.0) with MergeInstrumentationAnalysisTransform
[        ] Transforming baseLibrary-7.3.0.jar (com.android.databinding:baseLibrary:7.3.0) with InstrumentationAnalysisTransform
[        ] Transforming baseLibrary-7.3.0.jar (com.android.databinding:baseLibrary:7.3.0) with MergeInstrumentationAnalysisTransform
[        ] Transforming shared-30.3.0.jar (com.android.tools.analytics-library:shared:30.3.0) with ExternalDependencyInstrumentingArtifactTransform
[        ] Transforming crash-30.3.0.jar (com.android.tools.analytics-library:crash:30.3.0) with ExternalDependencyInstrumentingArtifactTransform
[        ] Transforming databinding-compiler-common-7.3.0.jar (androidx.databinding:databinding-compiler-common:7.3.0) with ExternalDependencyInstrumentingArtifactTransform
[        ] Transforming baseLibrary-7.3.0.jar (com.android.databinding:baseLibrary:7.3.0) with ExternalDependencyInstrumentingArtifactTransform
[        ] Transforming lint-typedef-remover-30.3.0.jar (com.android.tools.lint:lint-typedef-remover:30.3.0) with ExternalDependencyInstrumentingArtifactTransform
[        ] Transforming layoutlib-api-30.3.0.jar (com.android.tools.layoutlib:layoutlib-api:30.3.0) with InstrumentationAnalysisTransform
[        ] Transforming tracker-30.3.0.jar (com.android.tools.analytics-library:tracker:30.3.0) with ExternalDependencyInstrumentingArtifactTransform
[        ] Transforming layoutlib-api-30.3.0.jar (com.android.tools.layoutlib:layoutlib-api:30.3.0) with MergeInstrumentationAnalysisTransform
[        ] Transforming databinding-common-7.3.0.jar (androidx.databinding:databinding-common:7.3.0) with ExternalDependencyInstrumentingArtifactTransform
[        ] Transforming android-device-provider-ddmlib-proto-30.3.0.jar (com.android.tools.utp:android-device-provider-ddmlib-proto:30.3.0) with InstrumentationAnalysisTransform
[        ] Transforming layoutlib-api-30.3.0.jar (com.android.tools.layoutlib:layoutlib-api:30.3.0) with ExternalDependencyInstrumentingArtifactTransform
[        ] Transforming android-device-provider-ddmlib-proto-30.3.0.jar (com.android.tools.utp:android-device-provider-ddmlib-proto:30.3.0) with MergeInstrumentationAnalysisTransform
[        ] Transforming android-device-provider-gradle-proto-30.3.0.jar (com.android.tools.utp:android-device-provider-gradle-proto:30.3.0) with InstrumentationAnalysisTransform
[        ] Transforming android-device-provider-gradle-proto-30.3.0.jar (com.android.tools.utp:android-device-provider-gradle-proto:30.3.0) with MergeInstrumentationAnalysisTransform
[        ] Transforming android-test-plugin-host-additional-test-output-proto-30.3.0.jar (com.android.tools.utp:android-test-plugin-host-additional-test-output-proto:30.3.0) with InstrumentationAnalysisTransform
[        ] Transforming android-test-plugin-host-additional-test-output-proto-30.3.0.jar (com.android.tools.utp:android-test-plugin-host-additional-test-output-proto:30.3.0) with MergeInstrumentationAnalysisTransform
[        ] Transforming android-test-plugin-host-coverage-proto-30.3.0.jar (com.android.tools.utp:android-test-plugin-host-coverage-proto:30.3.0) with InstrumentationAnalysisTransform
[        ] Transforming android-device-provider-ddmlib-proto-30.3.0.jar (com.android.tools.utp:android-device-provider-ddmlib-proto:30.3.0) with ExternalDependencyInstrumentingArtifactTransform
[        ] Transforming android-device-provider-gradle-proto-30.3.0.jar (com.android.tools.utp:android-device-provider-gradle-proto:30.3.0) with ExternalDependencyInstrumentingArtifactTransform
[        ] Transforming android-test-plugin-host-additional-test-output-proto-30.3.0.jar (com.android.tools.utp:android-test-plugin-host-additional-test-output-proto:30.3.0) with ExternalDependencyInstrumentingArtifactTransform
[        ] Transforming android-test-plugin-host-coverage-proto-30.3.0.jar (com.android.tools.utp:android-test-plugin-host-coverage-proto:30.3.0) with MergeInstrumentationAnalysisTransform
[        ] Transforming android-test-plugin-host-retention-proto-30.3.0.jar (com.android.tools.utp:android-test-plugin-host-retention-proto:30.3.0) with InstrumentationAnalysisTransform
[        ] Transforming android-test-plugin-host-retention-proto-30.3.0.jar (com.android.tools.utp:android-test-plugin-host-retention-proto:30.3.0) with MergeInstrumentationAnalysisTransform
[        ] Transforming android-test-plugin-result-listener-gradle-proto-30.3.0.jar (com.android.tools.utp:android-test-plugin-result-listener-gradle-proto:30.3.0) with InstrumentationAnalysisTransform
[        ] Transforming android-test-plugin-result-listener-gradle-proto-30.3.0.jar (com.android.tools.utp:android-test-plugin-result-listener-gradle-proto:30.3.0) with MergeInstrumentationAnalysisTransform
[        ] Transforming android-test-plugin-host-coverage-proto-30.3.0.jar (com.android.tools.utp:android-test-plugin-host-coverage-proto:30.3.0) with ExternalDependencyInstrumentingArtifactTransform
[        ] Transforming android-test-plugin-host-retention-proto-30.3.0.jar (com.android.tools.utp:android-test-plugin-host-retention-proto:30.3.0) with ExternalDependencyInstrumentingArtifactTransform
[        ] Transforming android-test-plugin-result-listener-gradle-proto-30.3.0.jar (com.android.tools.utp:android-test-plugin-result-listener-gradle-proto:30.3.0) with ExternalDependencyInstrumentingArtifactTransform
[        ] Transforming builder-model-7.3.0.jar (com.android.tools.build:builder-model:7.3.0) with InstrumentationAnalysisTransform
[        ] Transforming builder-model-7.3.0.jar (com.android.tools.build:builder-model:7.3.0) with MergeInstrumentationAnalysisTransform
[        ] Transforming dvlib-30.3.0.jar (com.android.tools:dvlib:30.3.0) with InstrumentationAnalysisTransform
[        ] Transforming dvlib-30.3.0.jar (com.android.tools:dvlib:30.3.0) with MergeInstrumentationAnalysisTransform
[        ] Transforming common-30.3.0.jar (com.android.tools:common:30.3.0) with InstrumentationAnalysisTransform
[        ] Transforming builder-model-7.3.0.jar (com.android.tools.build:builder-model:7.3.0) with ExternalDependencyInstrumentingArtifactTransform
[        ] Transforming common-30.3.0.jar (com.android.tools:common:30.3.0) with MergeInstrumentationAnalysisTransform
[        ] Transforming kotlin-stdlib-jdk8-1.5.31.jar (org.jetbrains.kotlin:kotlin-stdlib-jdk8:1.5.31) with InstrumentationAnalysisTransform
[        ] Transforming kotlin-stdlib-jdk8-1.5.31.jar (org.jetbrains.kotlin:kotlin-stdlib-jdk8:1.5.31) with MergeInstrumentationAnalysisTransform
[        ] Transforming transform-api-2.0.0-deprecated-use-gradle-api.jar (com.android.tools.build:transform-api:2.0.0-deprecated-use-gradle-api) with InstrumentationAnalysisTransform
[        ] Transforming dvlib-30.3.0.jar (com.android.tools:dvlib:30.3.0) with ExternalDependencyInstrumentingArtifactTransform
[        ] Transforming transform-api-2.0.0-deprecated-use-gradle-api.jar (com.android.tools.build:transform-api:2.0.0-deprecated-use-gradle-api) with MergeInstrumentationAnalysisTransform
[        ] Transforming httpmime-4.5.6.jar (org.apache.httpcomponents:httpmime:4.5.6) with InstrumentationAnalysisTransform
[        ] Transforming common-30.3.0.jar (com.android.tools:common:30.3.0) with ExternalDependencyInstrumentingArtifactTransform
[        ] Transforming httpmime-4.5.6.jar (org.apache.httpcomponents:httpmime:4.5.6) with MergeInstrumentationAnalysisTransform
[        ] Transforming commons-io-2.4.jar (commons-io:commons-io:2.4) with InstrumentationAnalysisTransform
[        ] Transforming transform-api-2.0.0-deprecated-use-gradle-api.jar (com.android.tools.build:transform-api:2.0.0-deprecated-use-gradle-api) with ExternalDependencyInstrumentingArtifactTransform
[        ] Transforming commons-io-2.4.jar (commons-io:commons-io:2.4) with MergeInstrumentationAnalysisTransform
[        ] Transforming jetifier-processor-1.0.0-beta10.jar (com.android.tools.build.jetifier:jetifier-processor:1.0.0-beta10) with InstrumentationAnalysisTransform
[        ] Transforming jetifier-processor-1.0.0-beta10.jar (com.android.tools.build.jetifier:jetifier-processor:1.0.0-beta10) with MergeInstrumentationAnalysisTransform
[        ] Transforming asm-commons-9.1.jar (org.ow2.asm:asm-commons:9.1) with InstrumentationAnalysisTransform
[        ] Transforming commons-io-2.4.jar (commons-io:commons-io:2.4) with ExternalDependencyInstrumentingArtifactTransform
[        ] Transforming jetifier-processor-1.0.0-beta10.jar (com.android.tools.build.jetifier:jetifier-processor:1.0.0-beta10) with ExternalDependencyInstrumentingArtifactTransform
[        ] Transforming kotlin-stdlib-jdk8-1.5.31.jar (org.jetbrains.kotlin:kotlin-stdlib-jdk8:1.5.31) with ExternalDependencyInstrumentingArtifactTransform
[        ] Transforming httpmime-4.5.6.jar (org.apache.httpcomponents:httpmime:4.5.6) with ExternalDependencyInstrumentingArtifactTransform
[        ] Transforming asm-commons-9.1.jar (org.ow2.asm:asm-commons:9.1) with MergeInstrumentationAnalysisTransform
[        ] Transforming asm-util-9.1.jar (org.ow2.asm:asm-util:9.1) with InstrumentationAnalysisTransform
[        ] Transforming asm-util-9.1.jar (org.ow2.asm:asm-util:9.1) with MergeInstrumentationAnalysisTransform
[        ] Transforming asm-analysis-9.1.jar (org.ow2.asm:asm-analysis:9.1) with InstrumentationAnalysisTransform
[        ] Transforming asm-commons-9.1.jar (org.ow2.asm:asm-commons:9.1) with ExternalDependencyInstrumentingArtifactTransform
[        ] Transforming asm-analysis-9.1.jar (org.ow2.asm:asm-analysis:9.1) with MergeInstrumentationAnalysisTransform
[        ] Transforming asm-tree-9.1.jar (org.ow2.asm:asm-tree:9.1) with InstrumentationAnalysisTransform
[        ] Transforming asm-util-9.1.jar (org.ow2.asm:asm-util:9.1) with ExternalDependencyInstrumentingArtifactTransform
[        ] Transforming asm-tree-9.1.jar (org.ow2.asm:asm-tree:9.1) with MergeInstrumentationAnalysisTransform
[        ] Transforming asm-analysis-9.1.jar (org.ow2.asm:asm-analysis:9.1) with ExternalDependencyInstrumentingArtifactTransform
[        ] Transforming asm-9.1.jar (org.ow2.asm:asm:9.1) with InstrumentationAnalysisTransform
[        ] Transforming asm-tree-9.1.jar (org.ow2.asm:asm-tree:9.1) with ExternalDependencyInstrumentingArtifactTransform
[        ] Transforming asm-9.1.jar (org.ow2.asm:asm:9.1) with MergeInstrumentationAnalysisTransform
[        ] Transforming apkzlib-7.3.0.jar (com.android.tools.build:apkzlib:7.3.0) with InstrumentationAnalysisTransform
[        ] Transforming apkzlib-7.3.0.jar (com.android.tools.build:apkzlib:7.3.0) with MergeInstrumentationAnalysisTransform
[        ] Transforming bcpkix-jdk15on-1.67.jar (org.bouncycastle:bcpkix-jdk15on:1.67) with InstrumentationAnalysisTransform
[        ] Transforming bcpkix-jdk15on-1.67.jar (org.bouncycastle:bcpkix-jdk15on:1.67) with MergeInstrumentationAnalysisTransform
[        ] Transforming asm-9.1.jar (org.ow2.asm:asm:9.1) with ExternalDependencyInstrumentingArtifactTransform
[        ] Transforming jaxb-runtime-2.3.2.jar (org.glassfish.jaxb:jaxb-runtime:2.3.2) with InstrumentationAnalysisTransform
[        ] Transforming apkzlib-7.3.0.jar (com.android.tools.build:apkzlib:7.3.0) with ExternalDependencyInstrumentingArtifactTransform
[        ] Transforming jaxb-runtime-2.3.2.jar (org.glassfish.jaxb:jaxb-runtime:2.3.2) with MergeInstrumentationAnalysisTransform
[        ] Transforming bcpkix-jdk15on-1.67.jar (org.bouncycastle:bcpkix-jdk15on:1.67) with ExternalDependencyInstrumentingArtifactTransform
[        ] Transforming jopt-simple-4.9.jar (net.sf.jopt-simple:jopt-simple:4.9) with InstrumentationAnalysisTransform
[        ] Transforming jopt-simple-4.9.jar (net.sf.jopt-simple:jopt-simple:4.9) with MergeInstrumentationAnalysisTransform
[        ] Transforming jetifier-core-1.0.0-beta10.jar (com.android.tools.build.jetifier:jetifier-core:1.0.0-beta10) with InstrumentationAnalysisTransform
[        ] Transforming jaxb-runtime-2.3.2.jar (org.glassfish.jaxb:jaxb-runtime:2.3.2) with ExternalDependencyInstrumentingArtifactTransform
[        ] Transforming jetifier-core-1.0.0-beta10.jar (com.android.tools.build.jetifier:jetifier-core:1.0.0-beta10) with MergeInstrumentationAnalysisTransform
[        ] Transforming jopt-simple-4.9.jar (net.sf.jopt-simple:jopt-simple:4.9) with ExternalDependencyInstrumentingArtifactTransform
[        ] Transforming javapoet-1.10.0.jar (com.squareup:javapoet:1.10.0) with InstrumentationAnalysisTransform
[        ] Transforming javapoet-1.10.0.jar (com.squareup:javapoet:1.10.0) with MergeInstrumentationAnalysisTransform
[        ] Transforming jetifier-core-1.0.0-beta10.jar (com.android.tools.build.jetifier:jetifier-core:1.0.0-beta10) with ExternalDependencyInstrumentingArtifactTransform
[        ] Transforming protobuf-java-util-3.17.2.jar (com.google.protobuf:protobuf-java-util:3.17.2) with InstrumentationAnalysisTransform
[        ] Transforming protobuf-java-util-3.17.2.jar (com.google.protobuf:protobuf-java-util:3.17.2) with MergeInstrumentationAnalysisTransform
[        ] Transforming javapoet-1.10.0.jar (com.squareup:javapoet:1.10.0) with ExternalDependencyInstrumentingArtifactTransform
[        ] Transforming grpc-protobuf-1.39.0.jar (io.grpc:grpc-protobuf:1.39.0) with InstrumentationAnalysisTransform
[        ] Transforming protobuf-java-util-3.17.2.jar (com.google.protobuf:protobuf-java-util:3.17.2) with ExternalDependencyInstrumentingArtifactTransform
[        ] Transforming grpc-protobuf-1.39.0.jar (io.grpc:grpc-protobuf:1.39.0) with MergeInstrumentationAnalysisTransform
[        ] Transforming tink-1.3.0-rc2.jar (com.google.crypto.tink:tink:1.3.0-rc2) with InstrumentationAnalysisTransform
[        ] Transforming tink-1.3.0-rc2.jar (com.google.crypto.tink:tink:1.3.0-rc2) with MergeInstrumentationAnalysisTransform
[        ] Transforming protos-30.3.0.jar (com.android.tools.analytics-library:protos:30.3.0) with InstrumentationAnalysisTransform
[        ] Transforming protos-30.3.0.jar (com.android.tools.analytics-library:protos:30.3.0) with MergeInstrumentationAnalysisTransform
[        ] Transforming proto-google-common-protos-2.0.1.jar (com.google.api.grpc:proto-google-common-protos:2.0.1) with InstrumentationAnalysisTransform
[        ] Transforming tink-1.3.0-rc2.jar (com.google.crypto.tink:tink:1.3.0-rc2) with ExternalDependencyInstrumentingArtifactTransform
[        ] Transforming grpc-protobuf-1.39.0.jar (io.grpc:grpc-protobuf:1.39.0) with ExternalDependencyInstrumentingArtifactTransform
[        ] Transforming protos-30.3.0.jar (com.android.tools.analytics-library:protos:30.3.0) with ExternalDependencyInstrumentingArtifactTransform
[        ] Transforming proto-google-common-protos-2.0.1.jar (com.google.api.grpc:proto-google-common-protos:2.0.1) with MergeInstrumentationAnalysisTransform
[        ] Transforming protobuf-java-3.17.2.jar (com.google.protobuf:protobuf-java:3.17.2) with InstrumentationAnalysisTransform
[        ] Transforming protobuf-java-3.17.2.jar (com.google.protobuf:protobuf-java:3.17.2) with MergeInstrumentationAnalysisTransform
[        ] Transforming grpc-netty-1.39.0.jar (io.grpc:grpc-netty:1.39.0) with InstrumentationAnalysisTransform
[        ] Transforming grpc-netty-1.39.0.jar (io.grpc:grpc-netty:1.39.0) with MergeInstrumentationAnalysisTransform
[        ] Transforming proto-google-common-protos-2.0.1.jar (com.google.api.grpc:proto-google-common-protos:2.0.1) with ExternalDependencyInstrumentingArtifactTransform
[        ] Transforming protobuf-java-3.17.2.jar (com.google.protobuf:protobuf-java:3.17.2) with ExternalDependencyInstrumentingArtifactTransform
[        ] Transforming grpc-core-1.39.0.jar (io.grpc:grpc-core:1.39.0) with InstrumentationAnalysisTransform
[        ] Transforming grpc-netty-1.39.0.jar (io.grpc:grpc-netty:1.39.0) with ExternalDependencyInstrumentingArtifactTransform
[        ] Transforming grpc-core-1.39.0.jar (io.grpc:grpc-core:1.39.0) with MergeInstrumentationAnalysisTransform
[        ] Transforming gson-2.8.6.jar (com.google.code.gson:gson:2.8.6) with InstrumentationAnalysisTransform
[        ] Transforming gson-2.8.6.jar (com.google.code.gson:gson:2.8.6) with MergeInstrumentationAnalysisTransform
[        ] Transforming grpc-stub-1.39.0.jar (io.grpc:grpc-stub:1.39.0) with InstrumentationAnalysisTransform
[        ] Transforming grpc-stub-1.39.0.jar (io.grpc:grpc-stub:1.39.0) with MergeInstrumentationAnalysisTransform
[        ] Transforming core-proto-0.0.8-alpha07.jar (com.google.testing.platform:core-proto:0.0.8-alpha07) with InstrumentationAnalysisTransform
[        ] Transforming grpc-core-1.39.0.jar (io.grpc:grpc-core:1.39.0) with ExternalDependencyInstrumentingArtifactTransform
[        ] Transforming gson-2.8.6.jar (com.google.code.gson:gson:2.8.6) with ExternalDependencyInstrumentingArtifactTransform
[        ] Transforming core-proto-0.0.8-alpha07.jar (com.google.testing.platform:core-proto:0.0.8-alpha07) with MergeInstrumentationAnalysisTransform
[        ] Transforming grpc-stub-1.39.0.jar (io.grpc:grpc-stub:1.39.0) with ExternalDependencyInstrumentingArtifactTransform
[        ] Transforming tensorflow-lite-metadata-0.1.0-rc2.jar (org.tensorflow:tensorflow-lite-metadata:0.1.0-rc2) with InstrumentationAnalysisTransform
[        ] Transforming core-proto-0.0.8-alpha07.jar (com.google.testing.platform:core-proto:0.0.8-alpha07) with ExternalDependencyInstrumentingArtifactTransform
[        ] Transforming tensorflow-lite-metadata-0.1.0-rc2.jar (org.tensorflow:tensorflow-lite-metadata:0.1.0-rc2) with MergeInstrumentationAnalysisTransform
[        ] Transforming flatbuffers-java-1.12.0.jar (com.google.flatbuffers:flatbuffers-java:1.12.0) with InstrumentationAnalysisTransform
[        ] Transforming flatbuffers-java-1.12.0.jar (com.google.flatbuffers:flatbuffers-java:1.12.0) with MergeInstrumentationAnalysisTransform
[        ] Transforming jimfs-1.1.jar (com.google.jimfs:jimfs:1.1) with InstrumentationAnalysisTransform
[        ] Transforming tensorflow-lite-metadata-0.1.0-rc2.jar (org.tensorflow:tensorflow-lite-metadata:0.1.0-rc2) with ExternalDependencyInstrumentingArtifactTransform
[        ] Transforming jimfs-1.1.jar (com.google.jimfs:jimfs:1.1) with MergeInstrumentationAnalysisTransform
[        ] Transforming flatbuffers-java-1.12.0.jar (com.google.flatbuffers:flatbuffers-java:1.12.0) with ExternalDependencyInstrumentingArtifactTransform
[        ] Transforming grpc-protobuf-lite-1.39.0.jar (io.grpc:grpc-protobuf-lite:1.39.0) with InstrumentationAnalysisTransform
[        ] Transforming grpc-protobuf-lite-1.39.0.jar (io.grpc:grpc-protobuf-lite:1.39.0) with MergeInstrumentationAnalysisTransform
[        ] Transforming jimfs-1.1.jar (com.google.jimfs:jimfs:1.1) with ExternalDependencyInstrumentingArtifactTransform
[        ] Transforming grpc-api-1.39.0.jar (io.grpc:grpc-api:1.39.0) with InstrumentationAnalysisTransform
[        ] Transforming grpc-api-1.39.0.jar (io.grpc:grpc-api:1.39.0) with MergeInstrumentationAnalysisTransform
[        ] Transforming grpc-protobuf-lite-1.39.0.jar (io.grpc:grpc-protobuf-lite:1.39.0) with ExternalDependencyInstrumentingArtifactTransform
[        ] Transforming guava-30.1-jre.jar (com.google.guava:guava:30.1-jre) with InstrumentationAnalysisTransform
[        ] Transforming guava-30.1-jre.jar (com.google.guava:guava:30.1-jre) with MergeInstrumentationAnalysisTransform
[        ] Transforming dagger-2.28.3.jar (com.google.dagger:dagger:2.28.3) with InstrumentationAnalysisTransform
[        ] Transforming grpc-api-1.39.0.jar (io.grpc:grpc-api:1.39.0) with ExternalDependencyInstrumentingArtifactTransform
[        ] Transforming dagger-2.28.3.jar (com.google.dagger:dagger:2.28.3) with MergeInstrumentationAnalysisTransform
[        ] Transforming guava-30.1-jre.jar (com.google.guava:guava:30.1-jre) with ExternalDependencyInstrumentingArtifactTransform
[        ] Transforming javax.inject-1.jar (javax.inject:javax.inject:1) with InstrumentationAnalysisTransform
[        ] Transforming dagger-2.28.3.jar (com.google.dagger:dagger:2.28.3) with ExternalDependencyInstrumentingArtifactTransform
[        ] Transforming javax.inject-1.jar (javax.inject:javax.inject:1) with MergeInstrumentationAnalysisTransform
[        ] Transforming kxml2-2.3.0.jar (net.sf.kxml:kxml2:2.3.0) with InstrumentationAnalysisTransform
[        ] Transforming kxml2-2.3.0.jar (net.sf.kxml:kxml2:2.3.0) with MergeInstrumentationAnalysisTransform
[        ] Transforming bcprov-jdk15on-1.67.jar (org.bouncycastle:bcprov-jdk15on:1.67) with InstrumentationAnalysisTransform
[        ] Transforming javax.inject-1.jar (javax.inject:javax.inject:1) with ExternalDependencyInstrumentingArtifactTransform
[        ] Transforming bcprov-jdk15on-1.67.jar (org.bouncycastle:bcprov-jdk15on:1.67) with MergeInstrumentationAnalysisTransform
[        ] Transforming trove4j-1.0.20181211.jar (org.jetbrains.intellij.deps:trove4j:1.0.20181211) with InstrumentationAnalysisTransform
[        ] Transforming kxml2-2.3.0.jar (net.sf.kxml:kxml2:2.3.0) with ExternalDependencyInstrumentingArtifactTransform
[        ] Transforming trove4j-1.0.20181211.jar (org.jetbrains.intellij.deps:trove4j:1.0.20181211) with MergeInstrumentationAnalysisTransform
[        ] Transforming bcprov-jdk15on-1.67.jar (org.bouncycastle:bcprov-jdk15on:1.67) with ExternalDependencyInstrumentingArtifactTransform
[        ] Transforming kotlin-reflect-1.5.31.jar (org.jetbrains.kotlin:kotlin-reflect:1.5.31) with InstrumentationAnalysisTransform
[        ] Transforming kotlin-reflect-1.5.31.jar (org.jetbrains.kotlin:kotlin-reflect:1.5.31) with MergeInstrumentationAnalysisTransform
[        ] Transforming trove4j-1.0.20181211.jar (org.jetbrains.intellij.deps:trove4j:1.0.20181211) with ExternalDependencyInstrumentingArtifactTransform
[        ] Transforming xercesImpl-2.12.0.jar (xerces:xercesImpl:2.12.0) with InstrumentationAnalysisTransform
[        ] Transforming kotlin-reflect-1.5.31.jar (org.jetbrains.kotlin:kotlin-reflect:1.5.31) with ExternalDependencyInstrumentingArtifactTransform
[        ] Transforming xercesImpl-2.12.0.jar (xerces:xercesImpl:2.12.0) with MergeInstrumentationAnalysisTransform
[        ] Transforming commons-compress-1.20.jar (org.apache.commons:commons-compress:1.20) with InstrumentationAnalysisTransform
[        ] Transforming commons-compress-1.20.jar (org.apache.commons:commons-compress:1.20) with MergeInstrumentationAnalysisTransform
[        ] Transforming httpclient-4.5.13.jar (org.apache.httpcomponents:httpclient:4.5.13) with InstrumentationAnalysisTransform
[        ] Transforming xercesImpl-2.12.0.jar (xerces:xercesImpl:2.12.0) with ExternalDependencyInstrumentingArtifactTransform
[        ] Transforming httpclient-4.5.13.jar (org.apache.httpcomponents:httpclient:4.5.13) with MergeInstrumentationAnalysisTransform
[        ] Transforming commons-compress-1.20.jar (org.apache.commons:commons-compress:1.20) with ExternalDependencyInstrumentingArtifactTransform
[        ] Transforming httpcore-4.4.13.jar (org.apache.httpcomponents:httpcore:4.4.13) with InstrumentationAnalysisTransform
[        ] Transforming httpcore-4.4.13.jar (org.apache.httpcomponents:httpcore:4.4.13) with MergeInstrumentationAnalysisTransform
[        ] Transforming httpclient-4.5.13.jar (org.apache.httpcomponents:httpclient:4.5.13) with ExternalDependencyInstrumentingArtifactTransform
[        ] Transforming javax.activation-1.2.0.jar (com.sun.activation:javax.activation:1.2.0) with InstrumentationAnalysisTransform
[        ] Transforming javax.activation-1.2.0.jar (com.sun.activation:javax.activation:1.2.0) with MergeInstrumentationAnalysisTransform
[        ] Transforming httpcore-4.4.13.jar (org.apache.httpcomponents:httpcore:4.4.13) with ExternalDependencyInstrumentingArtifactTransform
[        ] Transforming signflinger-7.3.0.jar (com.android:signflinger:7.3.0) with InstrumentationAnalysisTransform
[        ] Transforming signflinger-7.3.0.jar (com.android:signflinger:7.3.0) with MergeInstrumentationAnalysisTransform
[        ] Transforming javax.activation-1.2.0.jar (com.sun.activation:javax.activation:1.2.0) with ExternalDependencyInstrumentingArtifactTransform
[        ] Transforming zipflinger-7.3.0.jar (com.android:zipflinger:7.3.0) with InstrumentationAnalysisTransform
[        ] Transforming zipflinger-7.3.0.jar (com.android:zipflinger:7.3.0) with MergeInstrumentationAnalysisTransform
[        ] Transforming annotations-30.3.0.jar (com.android.tools:annotations:30.3.0) with InstrumentationAnalysisTransform
[        ] Transforming signflinger-7.3.0.jar (com.android:signflinger:7.3.0) with ExternalDependencyInstrumentingArtifactTransform
[        ] Transforming annotations-30.3.0.jar (com.android.tools:annotations:30.3.0) with MergeInstrumentationAnalysisTransform
[        ] Transforming jna-platform-5.6.0.jar (net.java.dev.jna:jna-platform:5.6.0) with InstrumentationAnalysisTransform
[        ] Transforming zipflinger-7.3.0.jar (com.android:zipflinger:7.3.0) with ExternalDependencyInstrumentingArtifactTransform
[        ] Transforming jna-platform-5.6.0.jar (net.java.dev.jna:jna-platform:5.6.0) with MergeInstrumentationAnalysisTransform
[        ] Transforming annotations-30.3.0.jar (com.android.tools:annotations:30.3.0) with ExternalDependencyInstrumentingArtifactTransform
[        ] Transforming jna-platform-5.6.0.jar (net.java.dev.jna:jna-platform:5.6.0) with ExternalDependencyInstrumentingArtifactTransform
[        ] Transforming juniversalchardet-1.0.3.jar (com.googlecode.juniversalchardet:juniversalchardet:1.0.3) with InstrumentationAnalysisTransform
[        ] Transforming juniversalchardet-1.0.3.jar (com.googlecode.juniversalchardet:juniversalchardet:1.0.3) with MergeInstrumentationAnalysisTransform
[        ] Transforming kotlin-stdlib-jdk7-1.5.31.jar (org.jetbrains.kotlin:kotlin-stdlib-jdk7:1.5.31) with InstrumentationAnalysisTransform
[        ] Transforming kotlin-stdlib-jdk7-1.5.31.jar (org.jetbrains.kotlin:kotlin-stdlib-jdk7:1.5.31) with MergeInstrumentationAnalysisTransform
[        ] Transforming kotlin-stdlib-1.5.31.jar (org.jetbrains.kotlin:kotlin-stdlib:1.5.31) with InstrumentationAnalysisTransform
[        ] Transforming juniversalchardet-1.0.3.jar (com.googlecode.juniversalchardet:juniversalchardet:1.0.3) with ExternalDependencyInstrumentingArtifactTransform
[        ] Transforming kotlin-stdlib-1.5.31.jar (org.jetbrains.kotlin:kotlin-stdlib:1.5.31) with MergeInstrumentationAnalysisTransform
[        ] Transforming annotations-13.0.jar (org.jetbrains:annotations:13.0) with InstrumentationAnalysisTransform
[        ] Transforming kotlin-stdlib-jdk7-1.5.31.jar (org.jetbrains.kotlin:kotlin-stdlib-jdk7:1.5.31) with ExternalDependencyInstrumentingArtifactTransform
[        ] Transforming annotations-13.0.jar (org.jetbrains:annotations:13.0) with MergeInstrumentationAnalysisTransform
[        ] Transforming javax.annotation-api-1.3.2.jar (javax.annotation:javax.annotation-api:1.3.2) with InstrumentationAnalysisTransform
[        ] Transforming kotlin-stdlib-1.5.31.jar (org.jetbrains.kotlin:kotlin-stdlib:1.5.31) with ExternalDependencyInstrumentingArtifactTransform
[        ] Transforming javax.annotation-api-1.3.2.jar (javax.annotation:javax.annotation-api:1.3.2) with MergeInstrumentationAnalysisTransform
[        ] Transforming stax-ex-1.8.1.jar (org.jvnet.staxex:stax-ex:1.8.1) with InstrumentationAnalysisTransform
[        ] Transforming stax-ex-1.8.1.jar (org.jvnet.staxex:stax-ex:1.8.1) with MergeInstrumentationAnalysisTransform
[        ] Transforming jakarta.xml.bind-api-2.3.2.jar (jakarta.xml.bind:jakarta.xml.bind-api:2.3.2) with InstrumentationAnalysisTransform
[        ] Transforming jakarta.xml.bind-api-2.3.2.jar (jakarta.xml.bind:jakarta.xml.bind-api:2.3.2) with MergeInstrumentationAnalysisTransform
[        ] Transforming txw2-2.3.2.jar (org.glassfish.jaxb:txw2:2.3.2) with InstrumentationAnalysisTransform
[        ] Transforming txw2-2.3.2.jar (org.glassfish.jaxb:txw2:2.3.2) with MergeInstrumentationAnalysisTransform
[        ] Transforming istack-commons-runtime-3.0.8.jar (com.sun.istack:istack-commons-runtime:3.0.8) with InstrumentationAnalysisTransform
[        ] Transforming istack-commons-runtime-3.0.8.jar (com.sun.istack:istack-commons-runtime:3.0.8) with MergeInstrumentationAnalysisTransform
[        ] Transforming javax.annotation-api-1.3.2.jar (javax.annotation:javax.annotation-api:1.3.2) with ExternalDependencyInstrumentingArtifactTransform
[        ] Transforming jakarta.xml.bind-api-2.3.2.jar (jakarta.xml.bind:jakarta.xml.bind-api:2.3.2) with ExternalDependencyInstrumentingArtifactTransform
[        ] Transforming istack-commons-runtime-3.0.8.jar (com.sun.istack:istack-commons-runtime:3.0.8) with ExternalDependencyInstrumentingArtifactTransform
[        ] Transforming annotations-13.0.jar (org.jetbrains:annotations:13.0) with ExternalDependencyInstrumentingArtifactTransform
[        ] Transforming txw2-2.3.2.jar (org.glassfish.jaxb:txw2:2.3.2) with ExternalDependencyInstrumentingArtifactTransform
[        ] Transforming FastInfoset-1.2.16.jar (com.sun.xml.fastinfoset:FastInfoset:1.2.16) with InstrumentationAnalysisTransform
[        ] Transforming stax-ex-1.8.1.jar (org.jvnet.staxex:stax-ex:1.8.1) with ExternalDependencyInstrumentingArtifactTransform
[        ] Transforming FastInfoset-1.2.16.jar (com.sun.xml.fastinfoset:FastInfoset:1.2.16) with MergeInstrumentationAnalysisTransform
[        ] Transforming jakarta.activation-api-1.2.1.jar (jakarta.activation:jakarta.activation-api:1.2.1) with InstrumentationAnalysisTransform
[        ] Transforming jakarta.activation-api-1.2.1.jar (jakarta.activation:jakarta.activation-api:1.2.1) with MergeInstrumentationAnalysisTransform
[        ] Transforming auto-value-annotations-1.6.2.jar (com.google.auto.value:auto-value-annotations:1.6.2) with InstrumentationAnalysisTransform
[        ] Transforming auto-value-annotations-1.6.2.jar (com.google.auto.value:auto-value-annotations:1.6.2) with MergeInstrumentationAnalysisTransform
[        ] Transforming error_prone_annotations-2.4.0.jar (com.google.errorprone:error_prone_annotations:2.4.0) with InstrumentationAnalysisTransform
[        ] Transforming error_prone_annotations-2.4.0.jar (com.google.errorprone:error_prone_annotations:2.4.0) with MergeInstrumentationAnalysisTransform
[        ] Transforming jose4j-0.7.0.jar (org.bitbucket.b_c:jose4j:0.7.0) with InstrumentationAnalysisTransform
[        ] Transforming auto-value-annotations-1.6.2.jar (com.google.auto.value:auto-value-annotations:1.6.2) with ExternalDependencyInstrumentingArtifactTransform
[        ] Transforming FastInfoset-1.2.16.jar (com.sun.xml.fastinfoset:FastInfoset:1.2.16) with ExternalDependencyInstrumentingArtifactTransform
[        ] Transforming jose4j-0.7.0.jar (org.bitbucket.b_c:jose4j:0.7.0) with MergeInstrumentationAnalysisTransform
[        ] Transforming jakarta.activation-api-1.2.1.jar (jakarta.activation:jakarta.activation-api:1.2.1) with ExternalDependencyInstrumentingArtifactTransform
[        ] Transforming slf4j-api-1.7.30.jar (org.slf4j:slf4j-api:1.7.30) with InstrumentationAnalysisTransform
[        ] Transforming error_prone_annotations-2.4.0.jar (com.google.errorprone:error_prone_annotations:2.4.0) with ExternalDependencyInstrumentingArtifactTransform
[        ] Transforming jose4j-0.7.0.jar (org.bitbucket.b_c:jose4j:0.7.0) with ExternalDependencyInstrumentingArtifactTransform
[        ] Transforming slf4j-api-1.7.30.jar (org.slf4j:slf4j-api:1.7.30) with MergeInstrumentationAnalysisTransform
[        ] Transforming jdom2-2.0.6.jar (org.jdom:jdom2:2.0.6) with InstrumentationAnalysisTransform
[        ] Transforming jdom2-2.0.6.jar (org.jdom:jdom2:2.0.6) with MergeInstrumentationAnalysisTransform
[        ] Transforming slf4j-api-1.7.30.jar (org.slf4j:slf4j-api:1.7.30) with ExternalDependencyInstrumentingArtifactTransform
[        ] Transforming annotations-4.1.1.4.jar (com.google.android:annotations:4.1.1.4) with InstrumentationAnalysisTransform
[        ] Transforming jdom2-2.0.6.jar (org.jdom:jdom2:2.0.6) with ExternalDependencyInstrumentingArtifactTransform
[        ] Transforming annotations-4.1.1.4.jar (com.google.android:annotations:4.1.1.4) with MergeInstrumentationAnalysisTransform
[        ] Transforming animal-sniffer-annotations-1.19.jar (org.codehaus.mojo:animal-sniffer-annotations:1.19) with InstrumentationAnalysisTransform
[        ] Transforming annotations-4.1.1.4.jar (com.google.android:annotations:4.1.1.4) with ExternalDependencyInstrumentingArtifactTransform
[        ] Transforming animal-sniffer-annotations-1.19.jar (org.codehaus.mojo:animal-sniffer-annotations:1.19) with MergeInstrumentationAnalysisTransform
[        ] Transforming perfmark-api-0.23.0.jar (io.perfmark:perfmark-api:0.23.0) with InstrumentationAnalysisTransform
[        ] Transforming perfmark-api-0.23.0.jar (io.perfmark:perfmark-api:0.23.0) with MergeInstrumentationAnalysisTransform
[        ] Transforming netty-codec-http2-4.1.52.Final.jar (io.netty:netty-codec-http2:4.1.52.Final) with InstrumentationAnalysisTransform
[        ] Transforming netty-codec-http2-4.1.52.Final.jar (io.netty:netty-codec-http2:4.1.52.Final) with MergeInstrumentationAnalysisTransform
[        ] Transforming netty-handler-proxy-4.1.52.Final.jar (io.netty:netty-handler-proxy:4.1.52.Final) with InstrumentationAnalysisTransform
[        ] Transforming animal-sniffer-annotations-1.19.jar (org.codehaus.mojo:animal-sniffer-annotations:1.19) with ExternalDependencyInstrumentingArtifactTransform
[        ] Transforming netty-handler-proxy-4.1.52.Final.jar (io.netty:netty-handler-proxy:4.1.52.Final) with MergeInstrumentationAnalysisTransform
[        ] Transforming jsr305-3.0.2.jar (com.google.code.findbugs:jsr305:3.0.2) with InstrumentationAnalysisTransform
[        ] Transforming jsr305-3.0.2.jar (com.google.code.findbugs:jsr305:3.0.2) with MergeInstrumentationAnalysisTransform
[        ] Transforming perfmark-api-0.23.0.jar (io.perfmark:perfmark-api:0.23.0) with ExternalDependencyInstrumentingArtifactTransform
[        ] Transforming netty-handler-proxy-4.1.52.Final.jar (io.netty:netty-handler-proxy:4.1.52.Final) with ExternalDependencyInstrumentingArtifactTransform
[        ] Transforming jsr305-3.0.2.jar (com.google.code.findbugs:jsr305:3.0.2) with ExternalDependencyInstrumentingArtifactTransform
[        ] Transforming netty-codec-http2-4.1.52.Final.jar (io.netty:netty-codec-http2:4.1.52.Final) with ExternalDependencyInstrumentingArtifactTransform
[        ] Transforming json-20180813.jar (org.json:json:20180813) with InstrumentationAnalysisTransform
[        ] Transforming json-20180813.jar (org.json:json:20180813) with MergeInstrumentationAnalysisTransform
[        ] Transforming checker-qual-3.5.0.jar (org.checkerframework:checker-qual:3.5.0) with InstrumentationAnalysisTransform
[        ] Transforming checker-qual-3.5.0.jar (org.checkerframework:checker-qual:3.5.0) with MergeInstrumentationAnalysisTransform
[        ] Transforming commons-codec-1.11.jar (commons-codec:commons-codec:1.11) with InstrumentationAnalysisTransform
[        ] Transforming commons-codec-1.11.jar (commons-codec:commons-codec:1.11) with MergeInstrumentationAnalysisTransform
[        ] Transforming json-20180813.jar (org.json:json:20180813) with ExternalDependencyInstrumentingArtifactTransform
[        ] Transforming fastutil-8.4.0.jar (it.unimi.dsi:fastutil:8.4.0) with InstrumentationAnalysisTransform
[        ] Transforming checker-qual-3.5.0.jar (org.checkerframework:checker-qual:3.5.0) with ExternalDependencyInstrumentingArtifactTransform
[        ] Transforming fastutil-8.4.0.jar (it.unimi.dsi:fastutil:8.4.0) with MergeInstrumentationAnalysisTransform
[        ] Transforming commons-codec-1.11.jar (commons-codec:commons-codec:1.11) with ExternalDependencyInstrumentingArtifactTransform
[        ] Transforming json-simple-1.1.jar (com.googlecode.json-simple:json-simple:1.1) with InstrumentationAnalysisTransform
[        ] Transforming json-simple-1.1.jar (com.googlecode.json-simple:json-simple:1.1) with MergeInstrumentationAnalysisTransform
[        ] Transforming fastutil-8.4.0.jar (it.unimi.dsi:fastutil:8.4.0) with ExternalDependencyInstrumentingArtifactTransform
[        ] Transforming apksig-7.3.0.jar (com.android.tools.build:apksig:7.3.0) with InstrumentationAnalysisTransform
[        ] Transforming json-simple-1.1.jar (com.googlecode.json-simple:json-simple:1.1) with ExternalDependencyInstrumentingArtifactTransform
[        ] Transforming apksig-7.3.0.jar (com.android.tools.build:apksig:7.3.0) with MergeInstrumentationAnalysisTransform
[        ] Transforming javawriter-2.5.0.jar (com.squareup:javawriter:2.5.0) with InstrumentationAnalysisTransform
[        ] Transforming apksig-7.3.0.jar (com.android.tools.build:apksig:7.3.0) with ExternalDependencyInstrumentingArtifactTransform
[        ] Transforming javawriter-2.5.0.jar (com.squareup:javawriter:2.5.0) with MergeInstrumentationAnalysisTransform
[        ] Transforming failureaccess-1.0.1.jar (com.google.guava:failureaccess:1.0.1) with InstrumentationAnalysisTransform
[        ] Transforming failureaccess-1.0.1.jar (com.google.guava:failureaccess:1.0.1) with MergeInstrumentationAnalysisTransform
[        ] Transforming javawriter-2.5.0.jar (com.squareup:javawriter:2.5.0) with ExternalDependencyInstrumentingArtifactTransform
[        ] Transforming listenablefuture-9999.0-empty-to-avoid-conflict-with-guava.jar (com.google.guava:listenablefuture:9999.0-empty-to-avoid-conflict-with-guava) with InstrumentationAnalysisTransform
[        ] Transforming listenablefuture-9999.0-empty-to-avoid-conflict-with-guava.jar (com.google.guava:listenablefuture:9999.0-empty-to-avoid-conflict-with-guava) with MergeInstrumentationAnalysisTransform
[        ] Transforming failureaccess-1.0.1.jar (com.google.guava:failureaccess:1.0.1) with ExternalDependencyInstrumentingArtifactTransform
[        ] Transforming j2objc-annotations-1.3.jar (com.google.j2objc:j2objc-annotations:1.3) with InstrumentationAnalysisTransform
[        ] Transforming listenablefuture-9999.0-empty-to-avoid-conflict-with-guava.jar (com.google.guava:listenablefuture:9999.0-empty-to-avoid-conflict-with-guava) with ExternalDependencyInstrumentingArtifactTransform
[        ] Transforming j2objc-annotations-1.3.jar (com.google.j2objc:j2objc-annotations:1.3) with MergeInstrumentationAnalysisTransform
[        ] Transforming xml-apis-1.4.01.jar (xml-apis:xml-apis:1.4.01) with InstrumentationAnalysisTransform
[        ] Transforming xml-apis-1.4.01.jar (xml-apis:xml-apis:1.4.01) with MergeInstrumentationAnalysisTransform
[        ] Transforming commons-logging-1.2.jar (commons-logging:commons-logging:1.2) with InstrumentationAnalysisTransform
[        ] Transforming j2objc-annotations-1.3.jar (com.google.j2objc:j2objc-annotations:1.3) with ExternalDependencyInstrumentingArtifactTransform
[        ] Transforming commons-logging-1.2.jar (commons-logging:commons-logging:1.2) with MergeInstrumentationAnalysisTransform
[        ] Transforming jna-5.6.0.jar (net.java.dev.jna:jna:5.6.0) with InstrumentationAnalysisTransform
[        ] Transforming commons-logging-1.2.jar (commons-logging:commons-logging:1.2) with ExternalDependencyInstrumentingArtifactTransform
[        ] Transforming xml-apis-1.4.01.jar (xml-apis:xml-apis:1.4.01) with ExternalDependencyInstrumentingArtifactTransform
[        ] Transforming jna-5.6.0.jar (net.java.dev.jna:jna:5.6.0) with MergeInstrumentationAnalysisTransform
[        ] Transforming kotlin-stdlib-common-1.5.31.jar (org.jetbrains.kotlin:kotlin-stdlib-common:1.5.31) with InstrumentationAnalysisTransform
[        ] Transforming kotlin-stdlib-common-1.5.31.jar (org.jetbrains.kotlin:kotlin-stdlib-common:1.5.31) with MergeInstrumentationAnalysisTransform
[        ] Transforming jna-5.6.0.jar (net.java.dev.jna:jna:5.6.0) with ExternalDependencyInstrumentingArtifactTransform
[        ] Transforming grpc-context-1.39.0.jar (io.grpc:grpc-context:1.39.0) with InstrumentationAnalysisTransform
[        ] Transforming grpc-context-1.39.0.jar (io.grpc:grpc-context:1.39.0) with MergeInstrumentationAnalysisTransform
[        ] Transforming netty-codec-http-4.1.52.Final.jar (io.netty:netty-codec-http:4.1.52.Final) with InstrumentationAnalysisTransform
[        ] Transforming kotlin-stdlib-common-1.5.31.jar (org.jetbrains.kotlin:kotlin-stdlib-common:1.5.31) with ExternalDependencyInstrumentingArtifactTransform
[        ] Transforming netty-codec-http-4.1.52.Final.jar (io.netty:netty-codec-http:4.1.52.Final) with MergeInstrumentationAnalysisTransform
[        ] Transforming netty-handler-4.1.52.Final.jar (io.netty:netty-handler:4.1.52.Final) with InstrumentationAnalysisTransform
[        ] Transforming netty-handler-4.1.52.Final.jar (io.netty:netty-handler:4.1.52.Final) with MergeInstrumentationAnalysisTransform
[        ] Transforming grpc-context-1.39.0.jar (io.grpc:grpc-context:1.39.0) with ExternalDependencyInstrumentingArtifactTransform
[        ] Transforming netty-codec-http-4.1.52.Final.jar (io.netty:netty-codec-http:4.1.52.Final) with ExternalDependencyInstrumentingArtifactTransform
[        ] Transforming netty-codec-socks-4.1.52.Final.jar (io.netty:netty-codec-socks:4.1.52.Final) with InstrumentationAnalysisTransform
[        ] Transforming netty-handler-4.1.52.Final.jar (io.netty:netty-handler:4.1.52.Final) with ExternalDependencyInstrumentingArtifactTransform
[        ] Transforming netty-codec-socks-4.1.52.Final.jar (io.netty:netty-codec-socks:4.1.52.Final) with MergeInstrumentationAnalysisTransform
[        ] Transforming netty-codec-4.1.52.Final.jar (io.netty:netty-codec:4.1.52.Final) with InstrumentationAnalysisTransform
[        ] Transforming netty-codec-4.1.52.Final.jar (io.netty:netty-codec:4.1.52.Final) with MergeInstrumentationAnalysisTransform
[        ] Transforming netty-transport-4.1.52.Final.jar (io.netty:netty-transport:4.1.52.Final) with InstrumentationAnalysisTransform
[        ] Transforming netty-transport-4.1.52.Final.jar (io.netty:netty-transport:4.1.52.Final) with MergeInstrumentationAnalysisTransform
[        ] Transforming netty-buffer-4.1.52.Final.jar (io.netty:netty-buffer:4.1.52.Final) with InstrumentationAnalysisTransform
[        ] Transforming netty-codec-4.1.52.Final.jar (io.netty:netty-codec:4.1.52.Final) with ExternalDependencyInstrumentingArtifactTransform
[        ] Transforming netty-codec-socks-4.1.52.Final.jar (io.netty:netty-codec-socks:4.1.52.Final) with ExternalDependencyInstrumentingArtifactTransform
[        ] Transforming netty-transport-4.1.52.Final.jar (io.netty:netty-transport:4.1.52.Final) with ExternalDependencyInstrumentingArtifactTransform
[        ] Transforming netty-buffer-4.1.52.Final.jar (io.netty:netty-buffer:4.1.52.Final) with MergeInstrumentationAnalysisTransform
[        ] Transforming netty-resolver-4.1.52.Final.jar (io.netty:netty-resolver:4.1.52.Final) with InstrumentationAnalysisTransform
[        ] Transforming netty-resolver-4.1.52.Final.jar (io.netty:netty-resolver:4.1.52.Final) with MergeInstrumentationAnalysisTransform
[        ] Transforming netty-buffer-4.1.52.Final.jar (io.netty:netty-buffer:4.1.52.Final) with ExternalDependencyInstrumentingArtifactTransform
[        ] Transforming netty-common-4.1.52.Final.jar (io.netty:netty-common:4.1.52.Final) with InstrumentationAnalysisTransform
[        ] Transforming netty-resolver-4.1.52.Final.jar (io.netty:netty-resolver:4.1.52.Final) with ExternalDependencyInstrumentingArtifactTransform
[        ] Transforming netty-common-4.1.52.Final.jar (io.netty:netty-common:4.1.52.Final) with MergeInstrumentationAnalysisTransform
[        ] Transforming netty-common-4.1.52.Final.jar (io.netty:netty-common:4.1.52.Final) with ExternalDependencyInstrumentingArtifactTransform
[        ] Build was configured to prefer settings repositories over project repositories but repository 'Google8' was added by build file 'C:\Users\jakao\AppData\Local\Pub\Cache\hosted\pub.dev\printing-5.14.2\android\build.gradle'
[        ] Build was configured to prefer settings repositories over project repositories but repository 'MavenRepo8' was added by build file 'C:\Users\jakao\AppData\Local\Pub\Cache\hosted\pub.dev\printing-5.14.2\android\build.gradle'
[        ] Build was configured to prefer settings repositories over project repositories but repository 'Google8' was added by build file 'C:\Users\jakao\AppData\Local\Pub\Cache\hosted\pub.dev\printing-5.14.2\android\build.gradle'
[        ] Build was configured to prefer settings repositories over project repositories but repository 'MavenRepo8' was added by build file 'C:\Users\jakao\AppData\Local\Pub\Cache\hosted\pub.dev\printing-5.14.2\android\build.gradle'
[        ] Build was configured to prefer settings repositories over project repositories but repository 'Google8' was added by build file 'C:\Users\jakao\AppData\Local\Pub\Cache\hosted\pub.dev\printing-5.14.2\android\build.gradle'
[        ] Build was configured to prefer settings repositories over project repositories but repository 'MavenRepo8' was added by build file 'C:\Users\jakao\AppData\Local\Pub\Cache\hosted\pub.dev\printing-5.14.2\android\build.gradle'
[        ] Build was configured to prefer settings repositories over project repositories but repository 'Google8' was added by build file 'C:\Users\jakao\AppData\Local\Pub\Cache\hosted\pub.dev\printing-5.14.2\android\build.gradle'
[        ] Build was configured to prefer settings repositories over project repositories but repository 'MavenRepo8' was added by build file 'C:\Users\jakao\AppData\Local\Pub\Cache\hosted\pub.dev\printing-5.14.2\android\build.gradle'
[        ] Build was configured to prefer settings repositories over project repositories but repository 'Google8' was added by build file 'C:\Users\jakao\AppData\Local\Pub\Cache\hosted\pub.dev\printing-5.14.2\android\build.gradle'
[        ] Build was configured to prefer settings repositories over project repositories but repository 'MavenRepo8' was added by build file 'C:\Users\jakao\AppData\Local\Pub\Cache\hosted\pub.dev\printing-5.14.2\android\build.gradle'
[        ] Build was configured to prefer settings repositories over project repositories but repository 'Google8' was added by build file 'C:\Users\jakao\AppData\Local\Pub\Cache\hosted\pub.dev\printing-5.14.2\android\build.gradle'
[        ] Build was configured to prefer settings repositories over project repositories but repository 'MavenRepo8' was added by build file 'C:\Users\jakao\AppData\Local\Pub\Cache\hosted\pub.dev\printing-5.14.2\android\build.gradle'
[        ] Build was configured to prefer settings repositories over project repositories but repository 'Google9' was added by build file 'C:\Users\jakao\AppData\Local\Pub\Cache\hosted\pub.dev\printing-5.14.2\android\build.gradle'
[        ] Build was configured to prefer settings repositories over project repositories but repository 'MavenRepo9' was added by build file 'C:\Users\jakao\AppData\Local\Pub\Cache\hosted\pub.dev\printing-5.14.2\android\build.gradle'
[        ] Build was configured to prefer settings repositories over project repositories but repository 'Google8' was added by build file 'C:\Users\jakao\AppData\Local\Pub\Cache\hosted\pub.dev\printing-5.14.2\android\build.gradle'
[        ] Build was configured to prefer settings repositories over project repositories but repository 'MavenRepo8' was added by build file 'C:\Users\jakao\AppData\Local\Pub\Cache\hosted\pub.dev\printing-5.14.2\android\build.gradle'
[        ] Build was configured to prefer settings repositories over project repositories but repository 'Google8' was added by build file 'C:\Users\jakao\AppData\Local\Pub\Cache\hosted\pub.dev\printing-5.14.2\android\build.gradle'
[        ] Build was configured to prefer settings repositories over project repositories but repository 'MavenRepo8' was added by build file 'C:\Users\jakao\AppData\Local\Pub\Cache\hosted\pub.dev\printing-5.14.2\android\build.gradle'
[        ] Build was configured to prefer settings repositories over project repositories but repository 'Google8' was added by build file 'C:\Users\jakao\AppData\Local\Pub\Cache\hosted\pub.dev\printing-5.14.2\android\build.gradle'
[        ] Build was configured to prefer settings repositories over project repositories but repository 'MavenRepo8' was added by build file 'C:\Users\jakao\AppData\Local\Pub\Cache\hosted\pub.dev\printing-5.14.2\android\build.gradle'
[        ] Build was configured to prefer settings repositories over project repositories but repository 'Google8' was added by build file 'C:\Users\jakao\AppData\Local\Pub\Cache\hosted\pub.dev\printing-5.14.2\android\build.gradle'
[        ] Build was configured to prefer settings repositories over project repositories but repository 'MavenRepo8' was added by build file 'C:\Users\jakao\AppData\Local\Pub\Cache\hosted\pub.dev\printing-5.14.2\android\build.gradle'
[        ] Build was configured to prefer settings repositories over project repositories but repository 'Google8' was added by build file 'C:\Users\jakao\AppData\Local\Pub\Cache\hosted\pub.dev\printing-5.14.2\android\build.gradle'
[        ] Build was configured to prefer settings repositories over project repositories but repository 'MavenRepo8' was added by build file 'C:\Users\jakao\AppData\Local\Pub\Cache\hosted\pub.dev\printing-5.14.2\android\build.gradle'
[        ] Build was configured to prefer settings repositories over project repositories but repository 'Google8' was added by build file 'C:\Users\jakao\AppData\Local\Pub\Cache\hosted\pub.dev\printing-5.14.2\android\build.gradle'
[        ] Build was configured to prefer settings repositories over project repositories but repository 'MavenRepo8' was added by build file 'C:\Users\jakao\AppData\Local\Pub\Cache\hosted\pub.dev\printing-5.14.2\android\build.gradle'
[        ] Build was configured to prefer settings repositories over project repositories but repository 'Google8' was added by build file 'C:\Users\jakao\AppData\Local\Pub\Cache\hosted\pub.dev\printing-5.14.2\android\build.gradle'
[        ] Build was configured to prefer settings repositories over project repositories but repository 'MavenRepo8' was added by build file 'C:\Users\jakao\AppData\Local\Pub\Cache\hosted\pub.dev\printing-5.14.2\android\build.gradle'
[        ] Build was configured to prefer settings repositories over project repositories but repository 'Google8' was added by build file 'C:\Users\jakao\AppData\Local\Pub\Cache\hosted\pub.dev\printing-5.14.2\android\build.gradle'
[        ] Build was configured to prefer settings repositories over project repositories but repository 'MavenRepo8' was added by build file 'C:\Users\jakao\AppData\Local\Pub\Cache\hosted\pub.dev\printing-5.14.2\android\build.gradle'
[        ] Using default execution profile
[ +446 ms] > Configure project :share_plus
[        ] Evaluating project ':share_plus' using build file 'C:\Users\jakao\AppData\Local\Pub\Cache\hosted\pub.dev\share_plus-7.2.2\android\build.gradle'.
[        ] Transforming gradle-8.2.0.jar (com.android.tools.build:gradle:8.2.0) with InstrumentationAnalysisTransform
[        ] Transforming kotlin-gradle-plugin-1.7.22-gradle71.jar (org.jetbrains.kotlin:kotlin-gradle-plugin:1.7.22) with InstrumentationAnalysisTransform
[        ] Transforming gradle-settings-api-8.2.0.jar (com.android.tools.build:gradle-settings-api:8.2.0) with InstrumentationAnalysisTransform
[        ] Transforming lint-model-31.2.0.jar (com.android.tools.lint:lint-model:31.2.0) with InstrumentationAnalysisTransform
[        ] Transforming builder-8.2.0.jar (com.android.tools.build:builder:8.2.0) with InstrumentationAnalysisTransform
[        ] Transforming manifest-merger-31.2.0.jar (com.android.tools.build:manifest-merger:31.2.0) with InstrumentationAnalysisTransform
[        ] Transforming sdk-common-31.2.0.jar (com.android.tools:sdk-common:31.2.0) with InstrumentationAnalysisTransform
[        ] Transforming sdklib-31.2.0.jar (com.android.tools:sdklib:31.2.0) with InstrumentationAnalysisTransform
[        ] Transforming repository-31.2.0.jar (com.android.tools:repository:31.2.0) with InstrumentationAnalysisTransform
[        ] Transforming gradle-api-8.2.0.jar (com.android.tools.build:gradle-api:8.2.0) with InstrumentationAnalysisTransform
[        ] Transforming builder-test-api-8.2.0.jar (com.android.tools.build:builder-test-api:8.2.0) with InstrumentationAnalysisTransform
[        ] Transforming ddmlib-31.2.0.jar (com.android.tools.ddms:ddmlib:31.2.0) with InstrumentationAnalysisTransform
[        ] Transforming aaptcompiler-8.2.0.jar (com.android.tools.build:aaptcompiler:8.2.0) with InstrumentationAnalysisTransform
[        ] Transforming bundletool-1.15.2.jar (com.android.tools.build:bundletool:1.15.2) with InstrumentationAnalysisTransform
[        ] Transforming aapt2-proto-8.2.0-10154469.jar (com.android.tools.build:aapt2-proto:8.2.0-10154469) with InstrumentationAnalysisTransform
[        ] Transforming crash-31.2.0.jar (com.android.tools.analytics-library:crash:31.2.0) with InstrumentationAnalysisTransform
[        ] Transforming tracker-31.2.0.jar (com.android.tools.analytics-library:tracker:31.2.0) with InstrumentationAnalysisTransform
[        ] Transforming shared-31.2.0.jar (com.android.tools.analytics-library:shared:31.2.0) with InstrumentationAnalysisTransform
[        ] Transforming lint-typedef-remover-31.2.0.jar (com.android.tools.lint:lint-typedef-remover:31.2.0) with InstrumentationAnalysisTransform
[        ] Transforming databinding-compiler-common-8.2.0.jar (androidx.databinding:databinding-compiler-common:8.2.0) with InstrumentationAnalysisTransform
[        ] Transforming databinding-common-8.2.0.jar (androidx.databinding:databinding-common:8.2.0) with InstrumentationAnalysisTransform
[        ] Transforming baseLibrary-8.2.0.jar (com.android.databinding:baseLibrary:8.2.0) with InstrumentationAnalysisTransform
[        ] Transforming layoutlib-api-31.2.0.jar (com.android.tools.layoutlib:layoutlib-api:31.2.0) with InstrumentationAnalysisTransform
[        ] Transforming android-device-provider-ddmlib-proto-31.2.0.jar (com.android.tools.utp:android-device-provider-ddmlib-proto:31.2.0) with InstrumentationAnalysisTransform
[        ] Transforming android-device-provider-gradle-proto-31.2.0.jar (com.android.tools.utp:android-device-provider-gradle-proto:31.2.0) with InstrumentationAnalysisTransform
[        ] Transforming android-test-plugin-host-additional-test-output-proto-31.2.0.jar (com.android.tools.utp:android-test-plugin-host-additional-test-output-proto:31.2.0) with InstrumentationAnalysisTransform
[        ] Transforming android-test-plugin-host-coverage-proto-31.2.0.jar (com.android.tools.utp:android-test-plugin-host-coverage-proto:31.2.0) with InstrumentationAnalysisTransform
[        ] Transforming android-test-plugin-host-emulator-control-proto-31.2.0.jar (com.android.tools.utp:android-test-plugin-host-emulator-control-proto:31.2.0) with InstrumentationAnalysisTransform
[        ] Transforming android-test-plugin-host-logcat-proto-31.2.0.jar (com.android.tools.utp:android-test-plugin-host-logcat-proto:31.2.0) with InstrumentationAnalysisTransform
[        ] Transforming android-test-plugin-host-apk-installer-proto-31.2.0.jar (com.android.tools.utp:android-test-plugin-host-apk-installer-proto:31.2.0) with InstrumentationAnalysisTransform
[        ] Transforming android-test-plugin-host-retention-proto-31.2.0.jar (com.android.tools.utp:android-test-plugin-host-retention-proto:31.2.0) with InstrumentationAnalysisTransform
[        ] Transforming android-test-plugin-result-listener-gradle-proto-31.2.0.jar (com.android.tools.utp:android-test-plugin-result-listener-gradle-proto:31.2.0) with InstrumentationAnalysisTransform
[        ] Transforming builder-model-8.2.0.jar (com.android.tools.build:builder-model:8.2.0) with InstrumentationAnalysisTransform
[        ] Transforming dvlib-31.2.0.jar (com.android.tools:dvlib:31.2.0) with InstrumentationAnalysisTransform
[        ] Transforming common-31.2.0.jar (com.android.tools:common:31.2.0) with InstrumentationAnalysisTransform
[        ] Transforming kotlin-stdlib-jdk8-1.9.0.jar (org.jetbrains.kotlin:kotlin-stdlib-jdk8:1.9.0) with InstrumentationAnalysisTransform
[        ] Transforming transform-api-2.0.0-deprecated-use-gradle-api.jar (com.android.tools.build:transform-api:2.0.0-deprecated-use-gradle-api) with InstrumentationAnalysisTransform
[        ] Transforming httpmime-4.5.6.jar (org.apache.httpcomponents:httpmime:4.5.6) with InstrumentationAnalysisTransform
[        ] Transforming commons-io-2.4.jar (commons-io:commons-io:2.4) with InstrumentationAnalysisTransform
[        ] Transforming jetifier-processor-1.0.0-beta10.jar (com.android.tools.build.jetifier:jetifier-processor:1.0.0-beta10) with InstrumentationAnalysisTransform
[        ] Transforming asm-commons-9.2.jar (org.ow2.asm:asm-commons:9.2) with InstrumentationAnalysisTransform
[        ] Transforming asm-util-9.2.jar (org.ow2.asm:asm-util:9.2) with InstrumentationAnalysisTransform
[        ] Transforming asm-analysis-9.2.jar (org.ow2.asm:asm-analysis:9.2) with InstrumentationAnalysisTransform
[        ] Transforming asm-tree-9.2.jar (org.ow2.asm:asm-tree:9.2) with InstrumentationAnalysisTransform
[        ] Transforming asm-9.2.jar (org.ow2.asm:asm:9.2) with InstrumentationAnalysisTransform
[        ] Transforming apkzlib-8.2.0.jar (com.android.tools.build:apkzlib:8.2.0) with InstrumentationAnalysisTransform
[        ] Transforming bcpkix-jdk15on-1.67.jar (org.bouncycastle:bcpkix-jdk15on:1.67) with InstrumentationAnalysisTransform
[        ] Transforming jaxb-runtime-2.3.2.jar (org.glassfish.jaxb:jaxb-runtime:2.3.2) with InstrumentationAnalysisTransform
[        ] Transforming jopt-simple-4.9.jar (net.sf.jopt-simple:jopt-simple:4.9) with InstrumentationAnalysisTransform
[        ] Transforming jetifier-core-1.0.0-beta10.jar (com.android.tools.build.jetifier:jetifier-core:1.0.0-beta10) with InstrumentationAnalysisTransform
[        ] Transforming javapoet-1.10.0.jar (com.squareup:javapoet:1.10.0) with InstrumentationAnalysisTransform
[        ] Transforming protobuf-java-util-3.19.3.jar (com.google.protobuf:protobuf-java-util:3.19.3) with InstrumentationAnalysisTransform
[        ] Transforming grpc-protobuf-1.45.1.jar (io.grpc:grpc-protobuf:1.45.1) with InstrumentationAnalysisTransform
[        ] Transforming tink-1.7.0.jar (com.google.crypto.tink:tink:1.7.0) with InstrumentationAnalysisTransform
[        ] Transforming protos-31.2.0.jar (com.android.tools.analytics-library:protos:31.2.0) with InstrumentationAnalysisTransform
[        ] Transforming proto-google-common-protos-2.0.1.jar (com.google.api.grpc:proto-google-common-protos:2.0.1) with InstrumentationAnalysisTransform
[        ] Transforming protobuf-java-3.19.3.jar (com.google.protobuf:protobuf-java:3.19.3) with InstrumentationAnalysisTransform
[        ] Transforming grpc-netty-1.45.1.jar (io.grpc:grpc-netty:1.45.1) with InstrumentationAnalysisTransform
[        ] Transforming grpc-core-1.45.1.jar (io.grpc:grpc-core:1.45.1) with InstrumentationAnalysisTransform
[        ] Transforming gson-2.10.jar (com.google.code.gson:gson:2.10) with InstrumentationAnalysisTransform
[        ] Transforming grpc-stub-1.45.1.jar (io.grpc:grpc-stub:1.45.1) with InstrumentationAnalysisTransform
[        ] Transforming core-proto-0.0.8-alpha08.jar (com.google.testing.platform:core-proto:0.0.8-alpha08) with InstrumentationAnalysisTransform
[        ] Transforming tensorflow-lite-metadata-0.1.0-rc2.jar (org.tensorflow:tensorflow-lite-metadata:0.1.0-rc2) with InstrumentationAnalysisTransform
[        ] Transforming flatbuffers-java-1.12.0.jar (com.google.flatbuffers:flatbuffers-java:1.12.0) with InstrumentationAnalysisTransform
[        ] Transforming kotlin-gradle-plugin-model-1.7.22.jar (org.jetbrains.kotlin:kotlin-gradle-plugin-model:1.7.22) with InstrumentationAnalysisTransform
[        ] Transforming kotlin-gradle-plugin-api-1.7.22-gradle71.jar (org.jetbrains.kotlin:kotlin-gradle-plugin-api:1.7.22) with InstrumentationAnalysisTransform
[        ] Transforming kotlin-gradle-plugin-api-1.7.22.jar (org.jetbrains.kotlin:kotlin-gradle-plugin-api:1.7.22) with InstrumentationAnalysisTransform
[        ] Transforming kotlin-gradle-plugin-idea-proto-1.7.22.jar (org.jetbrains.kotlin:kotlin-gradle-plugin-idea-proto:1.7.22) with InstrumentationAnalysisTransform
[        ] Transforming kotlin-gradle-plugin-idea-1.7.22.jar (org.jetbrains.kotlin:kotlin-gradle-plugin-idea:1.7.22) with InstrumentationAnalysisTransform
[        ] Transforming kotlin-project-model-1.7.22.jar (org.jetbrains.kotlin:kotlin-project-model:1.7.22) with InstrumentationAnalysisTransform
[        ] Transforming kotlin-tooling-core-1.7.22.jar (org.jetbrains.kotlin:kotlin-tooling-core:1.7.22) with InstrumentationAnalysisTransform
[        ] Transforming kotlin-util-klib-1.7.22.jar (org.jetbrains.kotlin:kotlin-util-klib:1.7.22) with InstrumentationAnalysisTransform
[        ] Transforming kotlin-klib-commonizer-api-1.7.22.jar (org.jetbrains.kotlin:kotlin-klib-commonizer-api:1.7.22) with InstrumentationAnalysisTransform
[        ] Transforming kotlin-annotation-processing-gradle-1.7.22.jar (org.jetbrains.kotlin:kotlin-annotation-processing-gradle:1.7.22) with InstrumentationAnalysisTransform
[        ] Transforming kotlin-android-extensions-1.7.22.jar (org.jetbrains.kotlin:kotlin-android-extensions:1.7.22) with InstrumentationAnalysisTransform
[        ] Transforming kotlin-compiler-runner-1.7.22.jar (org.jetbrains.kotlin:kotlin-compiler-runner:1.7.22) with InstrumentationAnalysisTransform
[        ] Transforming kotlin-compiler-embeddable-1.7.22.jar (org.jetbrains.kotlin:kotlin-compiler-embeddable:1.7.22) with InstrumentationAnalysisTransform
[        ] Transforming kotlin-scripting-compiler-embeddable-1.7.22.jar (org.jetbrains.kotlin:kotlin-scripting-compiler-embeddable:1.7.22) with InstrumentationAnalysisTransform
[        ] Transforming kotlin-scripting-compiler-impl-embeddable-1.7.22.jar (org.jetbrains.kotlin:kotlin-scripting-compiler-impl-embeddable:1.7.22) with InstrumentationAnalysisTransform
[        ] Transforming jimfs-1.1.jar (com.google.jimfs:jimfs:1.1) with InstrumentationAnalysisTransform
[        ] Transforming grpc-protobuf-lite-1.45.1.jar (io.grpc:grpc-protobuf-lite:1.45.1) with InstrumentationAnalysisTransform
[        ] Transforming grpc-api-1.45.1.jar (io.grpc:grpc-api:1.45.1) with InstrumentationAnalysisTransform
[        ] Transforming guava-31.1-jre.jar (com.google.guava:guava:31.1-jre) with InstrumentationAnalysisTransform
[        ] Transforming dagger-2.28.3.jar (com.google.dagger:dagger:2.28.3) with InstrumentationAnalysisTransform
[        ] Transforming javax.inject-1.jar (javax.inject:javax.inject:1) with InstrumentationAnalysisTransform
[        ] Transforming kxml2-2.3.0.jar (net.sf.kxml:kxml2:2.3.0) with InstrumentationAnalysisTransform
[        ] Transforming bcprov-jdk15on-1.67.jar (org.bouncycastle:bcprov-jdk15on:1.67) with InstrumentationAnalysisTransform
[        ] Transforming trove4j-1.0.20200330.jar (org.jetbrains.intellij.deps:trove4j:1.0.20200330) with InstrumentationAnalysisTransform
[        ] Transforming kotlin-reflect-1.9.0.jar (org.jetbrains.kotlin:kotlin-reflect:1.9.0) with InstrumentationAnalysisTransform
[        ] Transforming xercesImpl-2.12.0.jar (xerces:xercesImpl:2.12.0) with InstrumentationAnalysisTransform
[        ] Transforming commons-compress-1.21.jar (org.apache.commons:commons-compress:1.21) with InstrumentationAnalysisTransform
[        ] Transforming httpclient-4.5.14.jar (org.apache.httpcomponents:httpclient:4.5.14) with InstrumentationAnalysisTransform
[        ] Transforming httpcore-4.4.16.jar (org.apache.httpcomponents:httpcore:4.4.16) with InstrumentationAnalysisTransform
[        ] Transforming javax.activation-1.2.0.jar (com.sun.activation:javax.activation:1.2.0) with InstrumentationAnalysisTransform
[        ] Transforming kotlin-stdlib-jdk7-1.9.0.jar (org.jetbrains.kotlin:kotlin-stdlib-jdk7:1.9.0) with InstrumentationAnalysisTransform
[        ] Transforming kotlin-stdlib-1.9.0.jar (org.jetbrains.kotlin:kotlin-stdlib:1.9.0) with InstrumentationAnalysisTransform
[        ] Transforming annotations-13.0.jar (org.jetbrains:annotations:13.0) with InstrumentationAnalysisTransform
[        ] Transforming signflinger-8.2.0.jar (com.android:signflinger:8.2.0) with InstrumentationAnalysisTransform
[        ] Transforming zipflinger-8.2.0.jar (com.android:zipflinger:8.2.0) with InstrumentationAnalysisTransform
[        ] Transforming annotations-31.2.0.jar (com.android.tools:annotations:31.2.0) with InstrumentationAnalysisTransform
[        ] Transforming jna-platform-5.6.0.jar (net.java.dev.jna:jna-platform:5.6.0) with InstrumentationAnalysisTransform
[        ] Transforming juniversalchardet-1.0.3.jar (com.googlecode.juniversalchardet:juniversalchardet:1.0.3) with InstrumentationAnalysisTransform
[        ] Transforming javax.annotation-api-1.3.2.jar (javax.annotation:javax.annotation-api:1.3.2) with InstrumentationAnalysisTransform
[        ] Transforming stax-ex-1.8.1.jar (org.jvnet.staxex:stax-ex:1.8.1) with InstrumentationAnalysisTransform
[        ] Transforming jakarta.xml.bind-api-2.3.2.jar (jakarta.xml.bind:jakarta.xml.bind-api:2.3.2) with InstrumentationAnalysisTransform
[        ] Transforming txw2-2.3.2.jar (org.glassfish.jaxb:txw2:2.3.2) with InstrumentationAnalysisTransform
[        ] Transforming istack-commons-runtime-3.0.8.jar (com.sun.istack:istack-commons-runtime:3.0.8) with InstrumentationAnalysisTransform
[        ] Transforming FastInfoset-1.2.16.jar (com.sun.xml.fastinfoset:FastInfoset:1.2.16) with InstrumentationAnalysisTransform
[        ] Transforming jakarta.activation-api-1.2.1.jar (jakarta.activation:jakarta.activation-api:1.2.1) with InstrumentationAnalysisTransform
[        ] Transforming auto-value-annotations-1.6.2.jar (com.google.auto.value:auto-value-annotations:1.6.2) with InstrumentationAnalysisTransform
[        ] Transforming error_prone_annotations-2.11.0.jar (com.google.errorprone:error_prone_annotations:2.11.0) with InstrumentationAnalysisTransform
[        ] Transforming jose4j-0.7.0.jar (org.bitbucket.b_c:jose4j:0.7.0) with InstrumentationAnalysisTransform
[        ] Transforming slf4j-api-1.7.30.jar (org.slf4j:slf4j-api:1.7.30) with InstrumentationAnalysisTransform
[        ] Transforming jdom2-2.0.6.jar (org.jdom:jdom2:2.0.6) with InstrumentationAnalysisTransform
[        ] Transforming j2objc-annotations-1.3.jar (com.google.j2objc:j2objc-annotations:1.3) with InstrumentationAnalysisTransform
[        ] Transforming jsr305-3.0.2.jar (com.google.code.findbugs:jsr305:3.0.2) with InstrumentationAnalysisTransform
[        ] Transforming annotations-4.1.1.4.jar (com.google.android:annotations:4.1.1.4) with InstrumentationAnalysisTransform
[        ] Transforming animal-sniffer-annotations-1.19.jar (org.codehaus.mojo:animal-sniffer-annotations:1.19) with InstrumentationAnalysisTransform
[        ] Transforming perfmark-api-0.23.0.jar (io.perfmark:perfmark-api:0.23.0) with InstrumentationAnalysisTransform
[        ] Transforming netty-codec-http2-4.1.72.Final.jar (io.netty:netty-codec-http2:4.1.72.Final) with InstrumentationAnalysisTransform
[        ] Transforming netty-handler-proxy-4.1.72.Final.jar (io.netty:netty-handler-proxy:4.1.72.Final) with InstrumentationAnalysisTransform
[        ] Transforming checker-qual-3.12.0.jar (org.checkerframework:checker-qual:3.12.0) with InstrumentationAnalysisTransform
[        ] Transforming commons-codec-1.11.jar (commons-codec:commons-codec:1.11) with InstrumentationAnalysisTransform
[        ] Transforming apksig-8.2.0.jar (com.android.tools.build:apksig:8.2.0) with InstrumentationAnalysisTransform
[        ] Transforming javawriter-2.5.0.jar (com.squareup:javawriter:2.5.0) with InstrumentationAnalysisTransform
[        ] Transforming kotlin-native-utils-1.7.22.jar (org.jetbrains.kotlin:kotlin-native-utils:1.7.22) with InstrumentationAnalysisTransform
[        ] Transforming kotlin-util-io-1.7.22.jar (org.jetbrains.kotlin:kotlin-util-io:1.7.22) with InstrumentationAnalysisTransform
[        ] Transforming kotlin-daemon-embeddable-1.7.22.jar (org.jetbrains.kotlin:kotlin-daemon-embeddable:1.7.22) with InstrumentationAnalysisTransform
[        ] Transforming jna-5.6.0.jar (net.java.dev.jna:jna:5.6.0) with InstrumentationAnalysisTransform
[        ] Transforming kotlin-build-common-1.7.22.jar (org.jetbrains.kotlin:kotlin-build-common:1.7.22) with InstrumentationAnalysisTransform
[        ] Transforming kotlin-daemon-client-1.7.22.jar (org.jetbrains.kotlin:kotlin-daemon-client:1.7.22) with InstrumentationAnalysisTransform
[        ] Transforming kotlinx-coroutines-core-jvm-1.5.0.jar (org.jetbrains.kotlinx:kotlinx-coroutines-core-jvm:1.5.0) with InstrumentationAnalysisTransform
[        ] Transforming kotlin-scripting-jvm-1.7.22.jar (org.jetbrains.kotlin:kotlin-scripting-jvm:1.7.22) with InstrumentationAnalysisTransform
[        ] Transforming kotlin-scripting-common-1.7.22.jar (org.jetbrains.kotlin:kotlin-scripting-common:1.7.22) with InstrumentationAnalysisTransform
[        ] Transforming failureaccess-1.0.1.jar (com.google.guava:failureaccess:1.0.1) with InstrumentationAnalysisTransform
[        ] Transforming listenablefuture-9999.0-empty-to-avoid-conflict-with-guava.jar (com.google.guava:listenablefuture:9999.0-empty-to-avoid-conflict-with-guava) with InstrumentationAnalysisTransform
[        ] Transforming xml-apis-1.4.01.jar (xml-apis:xml-apis:1.4.01) with InstrumentationAnalysisTransform
[        ] Transforming commons-logging-1.2.jar (commons-logging:commons-logging:1.2) with InstrumentationAnalysisTransform
[        ] Transforming kotlin-stdlib-common-1.9.0.jar (org.jetbrains.kotlin:kotlin-stdlib-common:1.9.0) with InstrumentationAnalysisTransform
[        ] Transforming grpc-context-1.45.1.jar (io.grpc:grpc-context:1.45.1) with InstrumentationAnalysisTransform
[        ] Transforming netty-codec-http-4.1.72.Final.jar (io.netty:netty-codec-http:4.1.72.Final) with InstrumentationAnalysisTransform
[        ] Transforming netty-handler-4.1.72.Final.jar (io.netty:netty-handler:4.1.72.Final) with InstrumentationAnalysisTransform
[        ] Transforming netty-codec-socks-4.1.72.Final.jar (io.netty:netty-codec-socks:4.1.72.Final) with InstrumentationAnalysisTransform
[        ] Transforming netty-codec-4.1.72.Final.jar (io.netty:netty-codec:4.1.72.Final) with InstrumentationAnalysisTransform
[        ] Transforming netty-transport-4.1.72.Final.jar (io.netty:netty-transport:4.1.72.Final) with InstrumentationAnalysisTransform
[        ] Transforming netty-buffer-4.1.72.Final.jar (io.netty:netty-buffer:4.1.72.Final) with InstrumentationAnalysisTransform
[        ] Transforming netty-resolver-4.1.72.Final.jar (io.netty:netty-resolver:4.1.72.Final) with InstrumentationAnalysisTransform
[        ] Transforming netty-common-4.1.72.Final.jar (io.netty:netty-common:4.1.72.Final) with InstrumentationAnalysisTransform
[        ] Transforming netty-tcnative-classes-2.0.46.Final.jar (io.netty:netty-tcnative-classes:2.0.46.Final) with InstrumentationAnalysisTransform
[        ] Transforming gradle-8.2.0.jar (com.android.tools.build:gradle:8.2.0) with InstrumentationAnalysisTransform
[        ] Transforming gradle-8.2.0.jar (com.android.tools.build:gradle:8.2.0) with MergeInstrumentationAnalysisTransform
[        ] Transforming kotlin-gradle-plugin-1.7.22-gradle71.jar (org.jetbrains.kotlin:kotlin-gradle-plugin:1.7.22) with InstrumentationAnalysisTransform
[        ] Transforming kotlin-gradle-plugin-1.7.22-gradle71.jar (org.jetbrains.kotlin:kotlin-gradle-plugin:1.7.22) with MergeInstrumentationAnalysisTransform
[        ] Transforming gradle-settings-api-8.2.0.jar (com.android.tools.build:gradle-settings-api:8.2.0) with InstrumentationAnalysisTransform
[        ] Transforming gradle-settings-api-8.2.0.jar (com.android.tools.build:gradle-settings-api:8.2.0) with MergeInstrumentationAnalysisTransform
[        ] Transforming lint-model-31.2.0.jar (com.android.tools.lint:lint-model:31.2.0) with InstrumentationAnalysisTransform
[        ] Transforming lint-model-31.2.0.jar (com.android.tools.lint:lint-model:31.2.0) with MergeInstrumentationAnalysisTransform
[        ] Transforming builder-8.2.0.jar (com.android.tools.build:builder:8.2.0) with InstrumentationAnalysisTransform
[        ] Transforming builder-8.2.0.jar (com.android.tools.build:builder:8.2.0) with MergeInstrumentationAnalysisTransform
[        ] Transforming kotlin-gradle-plugin-1.7.22-gradle71.jar (org.jetbrains.kotlin:kotlin-gradle-plugin:1.7.22) with ExternalDependencyInstrumentingArtifactTransform
[        ] Transforming gradle-settings-api-8.2.0.jar (com.android.tools.build:gradle-settings-api:8.2.0) with ExternalDependencyInstrumentingArtifactTransform
[        ] Transforming lint-model-31.2.0.jar (com.android.tools.lint:lint-model:31.2.0) with ExternalDependencyInstrumentingArtifactTransform
[        ] Transforming manifest-merger-31.2.0.jar (com.android.tools.build:manifest-merger:31.2.0) with InstrumentationAnalysisTransform
[        ] Transforming gradle-8.2.0.jar (com.android.tools.build:gradle:8.2.0) with ExternalDependencyInstrumentingArtifactTransform
[        ] Transforming builder-8.2.0.jar (com.android.tools.build:builder:8.2.0) with ExternalDependencyInstrumentingArtifactTransform
[        ] Transforming manifest-merger-31.2.0.jar (com.android.tools.build:manifest-merger:31.2.0) with MergeInstrumentationAnalysisTransform
[        ] Transforming sdk-common-31.2.0.jar (com.android.tools:sdk-common:31.2.0) with InstrumentationAnalysisTransform
[        ] Transforming sdk-common-31.2.0.jar (com.android.tools:sdk-common:31.2.0) with MergeInstrumentationAnalysisTransform
[        ] Transforming manifest-merger-31.2.0.jar (com.android.tools.build:manifest-merger:31.2.0) with ExternalDependencyInstrumentingArtifactTransform
[        ] Transforming sdklib-31.2.0.jar (com.android.tools:sdklib:31.2.0) with InstrumentationAnalysisTransform
[        ] Transforming sdklib-31.2.0.jar (com.android.tools:sdklib:31.2.0) with MergeInstrumentationAnalysisTransform
[        ] Transforming repository-31.2.0.jar (com.android.tools:repository:31.2.0) with InstrumentationAnalysisTransform
[        ] Transforming sdk-common-31.2.0.jar (com.android.tools:sdk-common:31.2.0) with ExternalDependencyInstrumentingArtifactTransform
[        ] Transforming sdklib-31.2.0.jar (com.android.tools:sdklib:31.2.0) with ExternalDependencyInstrumentingArtifactTransform
[        ] Transforming repository-31.2.0.jar (com.android.tools:repository:31.2.0) with MergeInstrumentationAnalysisTransform
[        ] Transforming gradle-api-8.2.0.jar (com.android.tools.build:gradle-api:8.2.0) with InstrumentationAnalysisTransform
[        ] Transforming repository-31.2.0.jar (com.android.tools:repository:31.2.0) with ExternalDependencyInstrumentingArtifactTransform
[        ] Transforming gradle-api-8.2.0.jar (com.android.tools.build:gradle-api:8.2.0) with MergeInstrumentationAnalysisTransform
[        ] Transforming builder-test-api-8.2.0.jar (com.android.tools.build:builder-test-api:8.2.0) with InstrumentationAnalysisTransform
[        ] Transforming gradle-api-8.2.0.jar (com.android.tools.build:gradle-api:8.2.0) with ExternalDependencyInstrumentingArtifactTransform
[        ] Transforming builder-test-api-8.2.0.jar (com.android.tools.build:builder-test-api:8.2.0) with MergeInstrumentationAnalysisTransform
[        ] Transforming ddmlib-31.2.0.jar (com.android.tools.ddms:ddmlib:31.2.0) with InstrumentationAnalysisTransform
[        ] Transforming ddmlib-31.2.0.jar (com.android.tools.ddms:ddmlib:31.2.0) with MergeInstrumentationAnalysisTransform
[        ] Transforming aaptcompiler-8.2.0.jar (com.android.tools.build:aaptcompiler:8.2.0) with InstrumentationAnalysisTransform
[        ] Transforming builder-test-api-8.2.0.jar (com.android.tools.build:builder-test-api:8.2.0) with ExternalDependencyInstrumentingArtifactTransform
[        ] Transforming aaptcompiler-8.2.0.jar (com.android.tools.build:aaptcompiler:8.2.0) with MergeInstrumentationAnalysisTransform
[        ] Transforming bundletool-1.15.2.jar (com.android.tools.build:bundletool:1.15.2) with InstrumentationAnalysisTransform
[        ] Transforming bundletool-1.15.2.jar (com.android.tools.build:bundletool:1.15.2) with MergeInstrumentationAnalysisTransform
[        ] Transforming ddmlib-31.2.0.jar (com.android.tools.ddms:ddmlib:31.2.0) with ExternalDependencyInstrumentingArtifactTransform
[        ] Transforming aaptcompiler-8.2.0.jar (com.android.tools.build:aaptcompiler:8.2.0) with ExternalDependencyInstrumentingArtifactTransform
[        ] Transforming aapt2-proto-8.2.0-10154469.jar (com.android.tools.build:aapt2-proto:8.2.0-10154469) with InstrumentationAnalysisTransform
[        ] Transforming bundletool-1.15.2.jar (com.android.tools.build:bundletool:1.15.2) with ExternalDependencyInstrumentingArtifactTransform
[        ] Transforming aapt2-proto-8.2.0-10154469.jar (com.android.tools.build:aapt2-proto:8.2.0-10154469) with MergeInstrumentationAnalysisTransform
[        ] Transforming crash-31.2.0.jar (com.android.tools.analytics-library:crash:31.2.0) with InstrumentationAnalysisTransform
[        ] Transforming crash-31.2.0.jar (com.android.tools.analytics-library:crash:31.2.0) with MergeInstrumentationAnalysisTransform
[        ] Transforming aapt2-proto-8.2.0-10154469.jar (com.android.tools.build:aapt2-proto:8.2.0-10154469) with ExternalDependencyInstrumentingArtifactTransform
[        ] Transforming tracker-31.2.0.jar (com.android.tools.analytics-library:tracker:31.2.0) with InstrumentationAnalysisTransform
[        ] Transforming crash-31.2.0.jar (com.android.tools.analytics-library:crash:31.2.0) with ExternalDependencyInstrumentingArtifactTransform
[        ] Transforming tracker-31.2.0.jar (com.android.tools.analytics-library:tracker:31.2.0) with MergeInstrumentationAnalysisTransform
[        ] Transforming shared-31.2.0.jar (com.android.tools.analytics-library:shared:31.2.0) with InstrumentationAnalysisTransform
[        ] Transforming shared-31.2.0.jar (com.android.tools.analytics-library:shared:31.2.0) with MergeInstrumentationAnalysisTransform
[        ] Transforming lint-typedef-remover-31.2.0.jar (com.android.tools.lint:lint-typedef-remover:31.2.0) with InstrumentationAnalysisTransform
[        ] Transforming lint-typedef-remover-31.2.0.jar (com.android.tools.lint:lint-typedef-remover:31.2.0) with MergeInstrumentationAnalysisTransform
[        ] Transforming databinding-compiler-common-8.2.0.jar (androidx.databinding:databinding-compiler-common:8.2.0) with InstrumentationAnalysisTransform
[        ] Transforming shared-31.2.0.jar (com.android.tools.analytics-library:shared:31.2.0) with ExternalDependencyInstrumentingArtifactTransform
[        ] Transforming tracker-31.2.0.jar (com.android.tools.analytics-library:tracker:31.2.0) with ExternalDependencyInstrumentingArtifactTransform
[        ] Transforming lint-typedef-remover-31.2.0.jar (com.android.tools.lint:lint-typedef-remover:31.2.0) with ExternalDependencyInstrumentingArtifactTransform
[        ] Transforming databinding-compiler-common-8.2.0.jar (androidx.databinding:databinding-compiler-common:8.2.0) with MergeInstrumentationAnalysisTransform
[        ] Transforming databinding-common-8.2.0.jar (androidx.databinding:databinding-common:8.2.0) with InstrumentationAnalysisTransform
[        ] Transforming databinding-common-8.2.0.jar (androidx.databinding:databinding-common:8.2.0) with MergeInstrumentationAnalysisTransform
[        ] Transforming baseLibrary-8.2.0.jar (com.android.databinding:baseLibrary:8.2.0) with InstrumentationAnalysisTransform
[        ] Transforming databinding-compiler-common-8.2.0.jar (androidx.databinding:databinding-compiler-common:8.2.0) with ExternalDependencyInstrumentingArtifactTransform
[        ] Transforming baseLibrary-8.2.0.jar (com.android.databinding:baseLibrary:8.2.0) with MergeInstrumentationAnalysisTransform
[        ] Transforming databinding-common-8.2.0.jar (androidx.databinding:databinding-common:8.2.0) with ExternalDependencyInstrumentingArtifactTransform
[        ] Transforming layoutlib-api-31.2.0.jar (com.android.tools.layoutlib:layoutlib-api:31.2.0) with InstrumentationAnalysisTransform
[        ] Transforming baseLibrary-8.2.0.jar (com.android.databinding:baseLibrary:8.2.0) with ExternalDependencyInstrumentingArtifactTransform
[        ] Transforming layoutlib-api-31.2.0.jar (com.android.tools.layoutlib:layoutlib-api:31.2.0) with MergeInstrumentationAnalysisTransform
[        ] Transforming android-device-provider-ddmlib-proto-31.2.0.jar (com.android.tools.utp:android-device-provider-ddmlib-proto:31.2.0) with InstrumentationAnalysisTransform
[        ] Transforming android-device-provider-ddmlib-proto-31.2.0.jar (com.android.tools.utp:android-device-provider-ddmlib-proto:31.2.0) with MergeInstrumentationAnalysisTransform
[        ] Transforming android-device-provider-gradle-proto-31.2.0.jar (com.android.tools.utp:android-device-provider-gradle-proto:31.2.0) with InstrumentationAnalysisTransform
[        ] Transforming layoutlib-api-31.2.0.jar (com.android.tools.layoutlib:layoutlib-api:31.2.0) with ExternalDependencyInstrumentingArtifactTransform
[        ] Transforming android-device-provider-gradle-proto-31.2.0.jar (com.android.tools.utp:android-device-provider-gradle-proto:31.2.0) with MergeInstrumentationAnalysisTransform
[        ] Transforming android-device-provider-ddmlib-proto-31.2.0.jar (com.android.tools.utp:android-device-provider-ddmlib-proto:31.2.0) with ExternalDependencyInstrumentingArtifactTransform
[        ] Transforming android-test-plugin-host-additional-test-output-proto-31.2.0.jar (com.android.tools.utp:android-test-plugin-host-additional-test-output-proto:31.2.0) with InstrumentationAnalysisTransform
[        ] Transforming android-device-provider-gradle-proto-31.2.0.jar (com.android.tools.utp:android-device-provider-gradle-proto:31.2.0) with ExternalDependencyInstrumentingArtifactTransform
[        ] Transforming android-test-plugin-host-additional-test-output-proto-31.2.0.jar (com.android.tools.utp:android-test-plugin-host-additional-test-output-proto:31.2.0) with MergeInstrumentationAnalysisTransform
[        ] Transforming android-test-plugin-host-coverage-proto-31.2.0.jar (com.android.tools.utp:android-test-plugin-host-coverage-proto:31.2.0) with InstrumentationAnalysisTransform
[        ] Transforming android-test-plugin-host-coverage-proto-31.2.0.jar (com.android.tools.utp:android-test-plugin-host-coverage-proto:31.2.0) with MergeInstrumentationAnalysisTransform
[        ] Transforming android-test-plugin-host-emulator-control-proto-31.2.0.jar (com.android.tools.utp:android-test-plugin-host-emulator-control-proto:31.2.0) with InstrumentationAnalysisTransform
[        ] Transforming android-test-plugin-host-coverage-proto-31.2.0.jar (com.android.tools.utp:android-test-plugin-host-coverage-proto:31.2.0) with ExternalDependencyInstrumentingArtifactTransform
[        ] Transforming android-test-plugin-host-additional-test-output-proto-31.2.0.jar (com.android.tools.utp:android-test-plugin-host-additional-test-output-proto:31.2.0) with ExternalDependencyInstrumentingArtifactTransform
[        ] Transforming android-test-plugin-host-emulator-control-proto-31.2.0.jar (com.android.tools.utp:android-test-plugin-host-emulator-control-proto:31.2.0) with MergeInstrumentationAnalysisTransform
[        ] Transforming android-test-plugin-host-logcat-proto-31.2.0.jar (com.android.tools.utp:android-test-plugin-host-logcat-proto:31.2.0) with InstrumentationAnalysisTransform
[        ] Transforming android-test-plugin-host-emulator-control-proto-31.2.0.jar (com.android.tools.utp:android-test-plugin-host-emulator-control-proto:31.2.0) with ExternalDependencyInstrumentingArtifactTransform
[        ] Transforming android-test-plugin-host-logcat-proto-31.2.0.jar (com.android.tools.utp:android-test-plugin-host-logcat-proto:31.2.0) with MergeInstrumentationAnalysisTransform
[        ] Transforming android-test-plugin-host-apk-installer-proto-31.2.0.jar (com.android.tools.utp:android-test-plugin-host-apk-installer-proto:31.2.0) with InstrumentationAnalysisTransform
[        ] Transforming android-test-plugin-host-apk-installer-proto-31.2.0.jar (com.android.tools.utp:android-test-plugin-host-apk-installer-proto:31.2.0) with MergeInstrumentationAnalysisTransform
[        ] Transforming android-test-plugin-host-retention-proto-31.2.0.jar (com.android.tools.utp:android-test-plugin-host-retention-proto:31.2.0) with InstrumentationAnalysisTransform
[        ] Transforming android-test-plugin-host-logcat-proto-31.2.0.jar (com.android.tools.utp:android-test-plugin-host-logcat-proto:31.2.0) with ExternalDependencyInstrumentingArtifactTransform
[        ] Transforming android-test-plugin-host-apk-installer-proto-31.2.0.jar (com.android.tools.utp:android-test-plugin-host-apk-installer-proto:31.2.0) with ExternalDependencyInstrumentingArtifactTransform
[        ] Transforming android-test-plugin-host-retention-proto-31.2.0.jar (com.android.tools.utp:android-test-plugin-host-retention-proto:31.2.0) with MergeInstrumentationAnalysisTransform
[        ] Transforming android-test-plugin-result-listener-gradle-proto-31.2.0.jar (com.android.tools.utp:android-test-plugin-result-listener-gradle-proto:31.2.0) with InstrumentationAnalysisTransform
[        ] Transforming android-test-plugin-result-listener-gradle-proto-31.2.0.jar (com.android.tools.utp:android-test-plugin-result-listener-gradle-proto:31.2.0) with MergeInstrumentationAnalysisTransform
[        ] Transforming android-test-plugin-host-retention-proto-31.2.0.jar (com.android.tools.utp:android-test-plugin-host-retention-proto:31.2.0) with ExternalDependencyInstrumentingArtifactTransform
[        ] Transforming builder-model-8.2.0.jar (com.android.tools.build:builder-model:8.2.0) with InstrumentationAnalysisTransform
[        ] Transforming android-test-plugin-result-listener-gradle-proto-31.2.0.jar (com.android.tools.utp:android-test-plugin-result-listener-gradle-proto:31.2.0) with ExternalDependencyInstrumentingArtifactTransform
[        ] Transforming builder-model-8.2.0.jar (com.android.tools.build:builder-model:8.2.0) with MergeInstrumentationAnalysisTransform
[        ] Transforming dvlib-31.2.0.jar (com.android.tools:dvlib:31.2.0) with InstrumentationAnalysisTransform
[        ] Transforming dvlib-31.2.0.jar (com.android.tools:dvlib:31.2.0) with MergeInstrumentationAnalysisTransform
[        ] Transforming common-31.2.0.jar (com.android.tools:common:31.2.0) with InstrumentationAnalysisTransform
[        ] Transforming builder-model-8.2.0.jar (com.android.tools.build:builder-model:8.2.0) with ExternalDependencyInstrumentingArtifactTransform
[        ] Transforming common-31.2.0.jar (com.android.tools:common:31.2.0) with MergeInstrumentationAnalysisTransform
[        ] Transforming dvlib-31.2.0.jar (com.android.tools:dvlib:31.2.0) with ExternalDependencyInstrumentingArtifactTransform
[        ] Transforming common-31.2.0.jar (com.android.tools:common:31.2.0) with ExternalDependencyInstrumentingArtifactTransform
[        ] Transforming kotlin-stdlib-jdk8-1.9.0.jar (org.jetbrains.kotlin:kotlin-stdlib-jdk8:1.9.0) with InstrumentationAnalysisTransform
[        ] Transforming kotlin-stdlib-jdk8-1.9.0.jar (org.jetbrains.kotlin:kotlin-stdlib-jdk8:1.9.0) with MergeInstrumentationAnalysisTransform
[        ] Transforming transform-api-2.0.0-deprecated-use-gradle-api.jar (com.android.tools.build:transform-api:2.0.0-deprecated-use-gradle-api) with InstrumentationAnalysisTransform
[        ] Transforming transform-api-2.0.0-deprecated-use-gradle-api.jar (com.android.tools.build:transform-api:2.0.0-deprecated-use-gradle-api) with MergeInstrumentationAnalysisTransform
[        ] Transforming httpmime-4.5.6.jar (org.apache.httpcomponents:httpmime:4.5.6) with InstrumentationAnalysisTransform
[        ] Transforming httpmime-4.5.6.jar (org.apache.httpcomponents:httpmime:4.5.6) with MergeInstrumentationAnalysisTransform
[        ] Transforming kotlin-stdlib-jdk8-1.9.0.jar (org.jetbrains.kotlin:kotlin-stdlib-jdk8:1.9.0) with ExternalDependencyInstrumentingArtifactTransform
[        ] Transforming commons-io-2.4.jar (commons-io:commons-io:2.4) with InstrumentationAnalysisTransform
[        ] Transforming httpmime-4.5.6.jar (org.apache.httpcomponents:httpmime:4.5.6) with ExternalDependencyInstrumentingArtifactTransform
[        ] Transforming commons-io-2.4.jar (commons-io:commons-io:2.4) with MergeInstrumentationAnalysisTransform
[        ] Transforming jetifier-processor-1.0.0-beta10.jar (com.android.tools.build.jetifier:jetifier-processor:1.0.0-beta10) with InstrumentationAnalysisTransform
[        ] Transforming jetifier-processor-1.0.0-beta10.jar (com.android.tools.build.jetifier:jetifier-processor:1.0.0-beta10) with MergeInstrumentationAnalysisTransform
[        ] Transforming transform-api-2.0.0-deprecated-use-gradle-api.jar (com.android.tools.build:transform-api:2.0.0-deprecated-use-gradle-api) with ExternalDependencyInstrumentingArtifactTransform
[        ] Transforming commons-io-2.4.jar (commons-io:commons-io:2.4) with ExternalDependencyInstrumentingArtifactTransform
[        ] Transforming asm-commons-9.2.jar (org.ow2.asm:asm-commons:9.2) with InstrumentationAnalysisTransform
[        ] Transforming jetifier-processor-1.0.0-beta10.jar (com.android.tools.build.jetifier:jetifier-processor:1.0.0-beta10) with ExternalDependencyInstrumentingArtifactTransform
[        ] Transforming asm-commons-9.2.jar (org.ow2.asm:asm-commons:9.2) with MergeInstrumentationAnalysisTransform
[        ] Transforming asm-util-9.2.jar (org.ow2.asm:asm-util:9.2) with InstrumentationAnalysisTransform
[        ] Transforming asm-util-9.2.jar (org.ow2.asm:asm-util:9.2) with MergeInstrumentationAnalysisTransform
[        ] Transforming asm-analysis-9.2.jar (org.ow2.asm:asm-analysis:9.2) with InstrumentationAnalysisTransform
[        ] Transforming asm-commons-9.2.jar (org.ow2.asm:asm-commons:9.2) with ExternalDependencyInstrumentingArtifactTransform
[        ] Transforming asm-analysis-9.2.jar (org.ow2.asm:asm-analysis:9.2) with MergeInstrumentationAnalysisTransform
[        ] Transforming asm-tree-9.2.jar (org.ow2.asm:asm-tree:9.2) with InstrumentationAnalysisTransform
[        ] Transforming asm-util-9.2.jar (org.ow2.asm:asm-util:9.2) with ExternalDependencyInstrumentingArtifactTransform
[        ] Transforming asm-tree-9.2.jar (org.ow2.asm:asm-tree:9.2) with MergeInstrumentationAnalysisTransform
[        ] Transforming asm-9.2.jar (org.ow2.asm:asm:9.2) with InstrumentationAnalysisTransform
[        ] Transforming asm-analysis-9.2.jar (org.ow2.asm:asm-analysis:9.2) with ExternalDependencyInstrumentingArtifactTransform
[        ] Transforming asm-9.2.jar (org.ow2.asm:asm:9.2) with MergeInstrumentationAnalysisTransform
[        ] Transforming apkzlib-8.2.0.jar (com.android.tools.build:apkzlib:8.2.0) with InstrumentationAnalysisTransform
[        ] Transforming asm-tree-9.2.jar (org.ow2.asm:asm-tree:9.2) with ExternalDependencyInstrumentingArtifactTransform
[        ] Transforming apkzlib-8.2.0.jar (com.android.tools.build:apkzlib:8.2.0) with MergeInstrumentationAnalysisTransform
[        ] Transforming asm-9.2.jar (org.ow2.asm:asm:9.2) with ExternalDependencyInstrumentingArtifactTransform
[        ] Transforming bcpkix-jdk15on-1.67.jar (org.bouncycastle:bcpkix-jdk15on:1.67) with InstrumentationAnalysisTransform
[        ] Transforming bcpkix-jdk15on-1.67.jar (org.bouncycastle:bcpkix-jdk15on:1.67) with MergeInstrumentationAnalysisTransform
[        ] Transforming apkzlib-8.2.0.jar (com.android.tools.build:apkzlib:8.2.0) with ExternalDependencyInstrumentingArtifactTransform
[        ] Transforming jaxb-runtime-2.3.2.jar (org.glassfish.jaxb:jaxb-runtime:2.3.2) with InstrumentationAnalysisTransform
[        ] Transforming bcpkix-jdk15on-1.67.jar (org.bouncycastle:bcpkix-jdk15on:1.67) with ExternalDependencyInstrumentingArtifactTransform
[        ] Transforming jaxb-runtime-2.3.2.jar (org.glassfish.jaxb:jaxb-runtime:2.3.2) with MergeInstrumentationAnalysisTransform
[        ] Transforming jopt-simple-4.9.jar (net.sf.jopt-simple:jopt-simple:4.9) with InstrumentationAnalysisTransform
[        ] Transforming jopt-simple-4.9.jar (net.sf.jopt-simple:jopt-simple:4.9) with MergeInstrumentationAnalysisTransform
[        ] Transforming jetifier-core-1.0.0-beta10.jar (com.android.tools.build.jetifier:jetifier-core:1.0.0-beta10) with InstrumentationAnalysisTransform
[        ] Transforming jetifier-core-1.0.0-beta10.jar (com.android.tools.build.jetifier:jetifier-core:1.0.0-beta10) with MergeInstrumentationAnalysisTransform
[        ] Transforming javapoet-1.10.0.jar (com.squareup:javapoet:1.10.0) with InstrumentationAnalysisTransform
[        ] Transforming javapoet-1.10.0.jar (com.squareup:javapoet:1.10.0) with MergeInstrumentationAnalysisTransform
[        ] Transforming protobuf-java-util-3.19.3.jar (com.google.protobuf:protobuf-java-util:3.19.3) with InstrumentationAnalysisTransform
[        ] Transforming protobuf-java-util-3.19.3.jar (com.google.protobuf:protobuf-java-util:3.19.3) with MergeInstrumentationAnalysisTransform
[        ] Transforming grpc-protobuf-1.45.1.jar (io.grpc:grpc-protobuf:1.45.1) with InstrumentationAnalysisTransform
[        ] Transforming jopt-simple-4.9.jar (net.sf.jopt-simple:jopt-simple:4.9) with ExternalDependencyInstrumentingArtifactTransform
[        ] Transforming jaxb-runtime-2.3.2.jar (org.glassfish.jaxb:jaxb-runtime:2.3.2) with ExternalDependencyInstrumentingArtifactTransform
[        ] Transforming protobuf-java-util-3.19.3.jar (com.google.protobuf:protobuf-java-util:3.19.3) with ExternalDependencyInstrumentingArtifactTransform
[        ] Transforming javapoet-1.10.0.jar (com.squareup:javapoet:1.10.0) with ExternalDependencyInstrumentingArtifactTransform
[        ] Transforming grpc-protobuf-1.45.1.jar (io.grpc:grpc-protobuf:1.45.1) with MergeInstrumentationAnalysisTransform
[        ] Transforming jetifier-core-1.0.0-beta10.jar (com.android.tools.build.jetifier:jetifier-core:1.0.0-beta10) with ExternalDependencyInstrumentingArtifactTransform
[        ] Transforming tink-1.7.0.jar (com.google.crypto.tink:tink:1.7.0) with InstrumentationAnalysisTransform
[        ] Transforming grpc-protobuf-1.45.1.jar (io.grpc:grpc-protobuf:1.45.1) with ExternalDependencyInstrumentingArtifactTransform
[        ] Transforming tink-1.7.0.jar (com.google.crypto.tink:tink:1.7.0) with MergeInstrumentationAnalysisTransform
[        ] Transforming protos-31.2.0.jar (com.android.tools.analytics-library:protos:31.2.0) with InstrumentationAnalysisTransform
[        ] Transforming protos-31.2.0.jar (com.android.tools.analytics-library:protos:31.2.0) with MergeInstrumentationAnalysisTransform
[        ] Transforming tink-1.7.0.jar (com.google.crypto.tink:tink:1.7.0) with ExternalDependencyInstrumentingArtifactTransform
[        ] Transforming proto-google-common-protos-2.0.1.jar (com.google.api.grpc:proto-google-common-protos:2.0.1) with InstrumentationAnalysisTransform
[        ] Transforming proto-google-common-protos-2.0.1.jar (com.google.api.grpc:proto-google-common-protos:2.0.1) with MergeInstrumentationAnalysisTransform
[        ] Transforming protos-31.2.0.jar (com.android.tools.analytics-library:protos:31.2.0) with ExternalDependencyInstrumentingArtifactTransform
[        ] Transforming protobuf-java-3.19.3.jar (com.google.protobuf:protobuf-java:3.19.3) with InstrumentationAnalysisTransform
[        ] Transforming proto-google-common-protos-2.0.1.jar (com.google.api.grpc:proto-google-common-protos:2.0.1) with ExternalDependencyInstrumentingArtifactTransform
[        ] Transforming protobuf-java-3.19.3.jar (com.google.protobuf:protobuf-java:3.19.3) with MergeInstrumentationAnalysisTransform
[        ] Transforming grpc-netty-1.45.1.jar (io.grpc:grpc-netty:1.45.1) with InstrumentationAnalysisTransform
[        ] Transforming grpc-netty-1.45.1.jar (io.grpc:grpc-netty:1.45.1) with MergeInstrumentationAnalysisTransform
[        ] Transforming grpc-core-1.45.1.jar (io.grpc:grpc-core:1.45.1) with InstrumentationAnalysisTransform
[        ] Transforming protobuf-java-3.19.3.jar (com.google.protobuf:protobuf-java:3.19.3) with ExternalDependencyInstrumentingArtifactTransform
[        ] Transforming grpc-core-1.45.1.jar (io.grpc:grpc-core:1.45.1) with MergeInstrumentationAnalysisTransform
[        ] Transforming gson-2.10.jar (com.google.code.gson:gson:2.10) with InstrumentationAnalysisTransform
[        ] Transforming gson-2.10.jar (com.google.code.gson:gson:2.10) with MergeInstrumentationAnalysisTransform
[        ] Transforming grpc-netty-1.45.1.jar (io.grpc:grpc-netty:1.45.1) with ExternalDependencyInstrumentingArtifactTransform
[        ] Transforming grpc-core-1.45.1.jar (io.grpc:grpc-core:1.45.1) with ExternalDependencyInstrumentingArtifactTransform
[        ] Transforming grpc-stub-1.45.1.jar (io.grpc:grpc-stub:1.45.1) with InstrumentationAnalysisTransform
[        ] Transforming gson-2.10.jar (com.google.code.gson:gson:2.10) with ExternalDependencyInstrumentingArtifactTransform
[        ] Transforming grpc-stub-1.45.1.jar (io.grpc:grpc-stub:1.45.1) with MergeInstrumentationAnalysisTransform
[        ] Transforming core-proto-0.0.8-alpha08.jar (com.google.testing.platform:core-proto:0.0.8-alpha08) with InstrumentationAnalysisTransform
[        ] Transforming core-proto-0.0.8-alpha08.jar (com.google.testing.platform:core-proto:0.0.8-alpha08) with MergeInstrumentationAnalysisTransform
[        ] Transforming tensorflow-lite-metadata-0.1.0-rc2.jar (org.tensorflow:tensorflow-lite-metadata:0.1.0-rc2) with InstrumentationAnalysisTransform
[        ] Transforming tensorflow-lite-metadata-0.1.0-rc2.jar (org.tensorflow:tensorflow-lite-metadata:0.1.0-rc2) with MergeInstrumentationAnalysisTransform
[        ] Transforming flatbuffers-java-1.12.0.jar (com.google.flatbuffers:flatbuffers-java:1.12.0) with InstrumentationAnalysisTransform
[        ] Transforming flatbuffers-java-1.12.0.jar (com.google.flatbuffers:flatbuffers-java:1.12.0) with MergeInstrumentationAnalysisTransform
[        ] Transforming kotlin-gradle-plugin-model-1.7.22.jar (org.jetbrains.kotlin:kotlin-gradle-plugin-model:1.7.22) with InstrumentationAnalysisTransform
[        ] Transforming grpc-stub-1.45.1.jar (io.grpc:grpc-stub:1.45.1) with ExternalDependencyInstrumentingArtifactTransform
[        ] Transforming kotlin-gradle-plugin-model-1.7.22.jar (org.jetbrains.kotlin:kotlin-gradle-plugin-model:1.7.22) with MergeInstrumentationAnalysisTransform
[        ] Transforming kotlin-gradle-plugin-api-1.7.22-gradle71.jar (org.jetbrains.kotlin:kotlin-gradle-plugin-api:1.7.22) with InstrumentationAnalysisTransform
[        ] Transforming kotlin-gradle-plugin-api-1.7.22-gradle71.jar (org.jetbrains.kotlin:kotlin-gradle-plugin-api:1.7.22) with MergeInstrumentationAnalysisTransform
[        ] Transforming kotlin-gradle-plugin-api-1.7.22.jar (org.jetbrains.kotlin:kotlin-gradle-plugin-api:1.7.22) with InstrumentationAnalysisTransform
[        ] Transforming kotlin-gradle-plugin-api-1.7.22.jar (org.jetbrains.kotlin:kotlin-gradle-plugin-api:1.7.22) with MergeInstrumentationAnalysisTransform
[        ] Transforming kotlin-gradle-plugin-idea-proto-1.7.22.jar (org.jetbrains.kotlin:kotlin-gradle-plugin-idea-proto:1.7.22) with InstrumentationAnalysisTransform
[        ] Transforming tensorflow-lite-metadata-0.1.0-rc2.jar (org.tensorflow:tensorflow-lite-metadata:0.1.0-rc2) with ExternalDependencyInstrumentingArtifactTransform
[        ] Transforming core-proto-0.0.8-alpha08.jar (com.google.testing.platform:core-proto:0.0.8-alpha08) with ExternalDependencyInstrumentingArtifactTransform
[        ] Transforming flatbuffers-java-1.12.0.jar (com.google.flatbuffers:flatbuffers-java:1.12.0) with ExternalDependencyInstrumentingArtifactTransform
[        ] Transforming kotlin-gradle-plugin-model-1.7.22.jar (org.jetbrains.kotlin:kotlin-gradle-plugin-model:1.7.22) with ExternalDependencyInstrumentingArtifactTransform
[        ] Transforming kotlin-gradle-plugin-api-1.7.22-gradle71.jar (org.jetbrains.kotlin:kotlin-gradle-plugin-api:1.7.22) with ExternalDependencyInstrumentingArtifactTransform
[        ] Transforming kotlin-gradle-plugin-api-1.7.22.jar (org.jetbrains.kotlin:kotlin-gradle-plugin-api:1.7.22) with ExternalDependencyInstrumentingArtifactTransform
[        ] Transforming kotlin-gradle-plugin-idea-proto-1.7.22.jar (org.jetbrains.kotlin:kotlin-gradle-plugin-idea-proto:1.7.22) with MergeInstrumentationAnalysisTransform
[        ] Transforming kotlin-gradle-plugin-idea-1.7.22.jar (org.jetbrains.kotlin:kotlin-gradle-plugin-idea:1.7.22) with InstrumentationAnalysisTransform
[        ] Transforming kotlin-gradle-plugin-idea-1.7.22.jar (org.jetbrains.kotlin:kotlin-gradle-plugin-idea:1.7.22) with MergeInstrumentationAnalysisTransform
[        ] Transforming kotlin-project-model-1.7.22.jar (org.jetbrains.kotlin:kotlin-project-model:1.7.22) with InstrumentationAnalysisTransform
[        ] Transforming kotlin-gradle-plugin-idea-proto-1.7.22.jar (org.jetbrains.kotlin:kotlin-gradle-plugin-idea-proto:1.7.22) with ExternalDependencyInstrumentingArtifactTransform
[        ] Transforming kotlin-project-model-1.7.22.jar (org.jetbrains.kotlin:kotlin-project-model:1.7.22) with MergeInstrumentationAnalysisTransform
[        ] Transforming kotlin-tooling-core-1.7.22.jar (org.jetbrains.kotlin:kotlin-tooling-core:1.7.22) with InstrumentationAnalysisTransform
[        ] Transforming kotlin-tooling-core-1.7.22.jar (org.jetbrains.kotlin:kotlin-tooling-core:1.7.22) with MergeInstrumentationAnalysisTransform
[        ] Transforming kotlin-util-klib-1.7.22.jar (org.jetbrains.kotlin:kotlin-util-klib:1.7.22) with InstrumentationAnalysisTransform
[        ] Transforming kotlin-gradle-plugin-idea-1.7.22.jar (org.jetbrains.kotlin:kotlin-gradle-plugin-idea:1.7.22) with ExternalDependencyInstrumentingArtifactTransform
[        ] Transforming kotlin-util-klib-1.7.22.jar (org.jetbrains.kotlin:kotlin-util-klib:1.7.22) with MergeInstrumentationAnalysisTransform
[        ] Transforming kotlin-klib-commonizer-api-1.7.22.jar (org.jetbrains.kotlin:kotlin-klib-commonizer-api:1.7.22) with InstrumentationAnalysisTransform
[        ] Transforming kotlin-klib-commonizer-api-1.7.22.jar (org.jetbrains.kotlin:kotlin-klib-commonizer-api:1.7.22) with MergeInstrumentationAnalysisTransform
[        ] Transforming kotlin-annotation-processing-gradle-1.7.22.jar (org.jetbrains.kotlin:kotlin-annotation-processing-gradle:1.7.22) with InstrumentationAnalysisTransform
[        ] Transforming kotlin-annotation-processing-gradle-1.7.22.jar (org.jetbrains.kotlin:kotlin-annotation-processing-gradle:1.7.22) with MergeInstrumentationAnalysisTransform
[        ] Transforming kotlin-project-model-1.7.22.jar (org.jetbrains.kotlin:kotlin-project-model:1.7.22) with ExternalDependencyInstrumentingArtifactTransform
[        ] Transforming kotlin-android-extensions-1.7.22.jar (org.jetbrains.kotlin:kotlin-android-extensions:1.7.22) with InstrumentationAnalysisTransform
[        ] Transforming kotlin-klib-commonizer-api-1.7.22.jar (org.jetbrains.kotlin:kotlin-klib-commonizer-api:1.7.22) with ExternalDependencyInstrumentingArtifactTransform
[        ] Transforming kotlin-annotation-processing-gradle-1.7.22.jar (org.jetbrains.kotlin:kotlin-annotation-processing-gradle:1.7.22) with ExternalDependencyInstrumentingArtifactTransform
[        ] Transforming kotlin-tooling-core-1.7.22.jar (org.jetbrains.kotlin:kotlin-tooling-core:1.7.22) with ExternalDependencyInstrumentingArtifactTransform
[        ] Transforming kotlin-util-klib-1.7.22.jar (org.jetbrains.kotlin:kotlin-util-klib:1.7.22) with ExternalDependencyInstrumentingArtifactTransform
[        ] Transforming kotlin-android-extensions-1.7.22.jar (org.jetbrains.kotlin:kotlin-android-extensions:1.7.22) with MergeInstrumentationAnalysisTransform
[        ] Transforming kotlin-compiler-runner-1.7.22.jar (org.jetbrains.kotlin:kotlin-compiler-runner:1.7.22) with InstrumentationAnalysisTransform
[        ] Transforming kotlin-compiler-runner-1.7.22.jar (org.jetbrains.kotlin:kotlin-compiler-runner:1.7.22) with MergeInstrumentationAnalysisTransform
[        ] Transforming kotlin-compiler-embeddable-1.7.22.jar (org.jetbrains.kotlin:kotlin-compiler-embeddable:1.7.22) with InstrumentationAnalysisTransform
[        ] Transforming kotlin-android-extensions-1.7.22.jar (org.jetbrains.kotlin:kotlin-android-extensions:1.7.22) with ExternalDependencyInstrumentingArtifactTransform
[        ] Transforming kotlin-compiler-embeddable-1.7.22.jar (org.jetbrains.kotlin:kotlin-compiler-embeddable:1.7.22) with MergeInstrumentationAnalysisTransform
[        ] Transforming kotlin-scripting-compiler-embeddable-1.7.22.jar (org.jetbrains.kotlin:kotlin-scripting-compiler-embeddable:1.7.22) with InstrumentationAnalysisTransform
[        ] Transforming kotlin-scripting-compiler-embeddable-1.7.22.jar (org.jetbrains.kotlin:kotlin-scripting-compiler-embeddable:1.7.22) with MergeInstrumentationAnalysisTransform
[        ] Transforming kotlin-scripting-compiler-impl-embeddable-1.7.22.jar (org.jetbrains.kotlin:kotlin-scripting-compiler-impl-embeddable:1.7.22) with InstrumentationAnalysisTransform
[        ] Transforming kotlin-scripting-compiler-impl-embeddable-1.7.22.jar (org.jetbrains.kotlin:kotlin-scripting-compiler-impl-embeddable:1.7.22) with MergeInstrumentationAnalysisTransform
[        ] Transforming jimfs-1.1.jar (com.google.jimfs:jimfs:1.1) with InstrumentationAnalysisTransform
[        ] Transforming kotlin-compiler-embeddable-1.7.22.jar (org.jetbrains.kotlin:kotlin-compiler-embeddable:1.7.22) with ExternalDependencyInstrumentingArtifactTransform
[        ] Transforming jimfs-1.1.jar (com.google.jimfs:jimfs:1.1) with MergeInstrumentationAnalysisTransform
[        ] Transforming kotlin-scripting-compiler-embeddable-1.7.22.jar (org.jetbrains.kotlin:kotlin-scripting-compiler-embeddable:1.7.22) with ExternalDependencyInstrumentingArtifactTransform
[        ] Transforming grpc-protobuf-lite-1.45.1.jar (io.grpc:grpc-protobuf-lite:1.45.1) with InstrumentationAnalysisTransform
[        ] Transforming grpc-protobuf-lite-1.45.1.jar (io.grpc:grpc-protobuf-lite:1.45.1) with MergeInstrumentationAnalysisTransform
[        ] Transforming kotlin-scripting-compiler-impl-embeddable-1.7.22.jar (org.jetbrains.kotlin:kotlin-scripting-compiler-impl-embeddable:1.7.22) with ExternalDependencyInstrumentingArtifactTransform
[        ] Transforming jimfs-1.1.jar (com.google.jimfs:jimfs:1.1) with ExternalDependencyInstrumentingArtifactTransform
[        ] Transforming grpc-api-1.45.1.jar (io.grpc:grpc-api:1.45.1) with InstrumentationAnalysisTransform
[        ] Transforming grpc-protobuf-lite-1.45.1.jar (io.grpc:grpc-protobuf-lite:1.45.1) with ExternalDependencyInstrumentingArtifactTransform
[        ] Transforming grpc-api-1.45.1.jar (io.grpc:grpc-api:1.45.1) with MergeInstrumentationAnalysisTransform
[        ] Transforming kotlin-compiler-runner-1.7.22.jar (org.jetbrains.kotlin:kotlin-compiler-runner:1.7.22) with ExternalDependencyInstrumentingArtifactTransform
[        ] Transforming guava-31.1-jre.jar (com.google.guava:guava:31.1-jre) with InstrumentationAnalysisTransform
[        ] Transforming grpc-api-1.45.1.jar (io.grpc:grpc-api:1.45.1) with ExternalDependencyInstrumentingArtifactTransform
[        ] Transforming guava-31.1-jre.jar (com.google.guava:guava:31.1-jre) with MergeInstrumentationAnalysisTransform
[        ] Transforming dagger-2.28.3.jar (com.google.dagger:dagger:2.28.3) with InstrumentationAnalysisTransform
[        ] Transforming dagger-2.28.3.jar (com.google.dagger:dagger:2.28.3) with MergeInstrumentationAnalysisTransform
[        ] Transforming javax.inject-1.jar (javax.inject:javax.inject:1) with InstrumentationAnalysisTransform
[        ] Transforming javax.inject-1.jar (javax.inject:javax.inject:1) with MergeInstrumentationAnalysisTransform
[        ] Transforming kxml2-2.3.0.jar (net.sf.kxml:kxml2:2.3.0) with InstrumentationAnalysisTransform
[        ] Transforming kxml2-2.3.0.jar (net.sf.kxml:kxml2:2.3.0) with MergeInstrumentationAnalysisTransform
[        ] Transforming dagger-2.28.3.jar (com.google.dagger:dagger:2.28.3) with ExternalDependencyInstrumentingArtifactTransform
[        ] Transforming javax.inject-1.jar (javax.inject:javax.inject:1) with ExternalDependencyInstrumentingArtifactTransform
[        ] Transforming kxml2-2.3.0.jar (net.sf.kxml:kxml2:2.3.0) with ExternalDependencyInstrumentingArtifactTransform
[        ] Transforming bcprov-jdk15on-1.67.jar (org.bouncycastle:bcprov-jdk15on:1.67) with InstrumentationAnalysisTransform
[        ] Transforming guava-31.1-jre.jar (com.google.guava:guava:31.1-jre) with ExternalDependencyInstrumentingArtifactTransform
[        ] Transforming bcprov-jdk15on-1.67.jar (org.bouncycastle:bcprov-jdk15on:1.67) with MergeInstrumentationAnalysisTransform
[        ] Transforming trove4j-1.0.20200330.jar (org.jetbrains.intellij.deps:trove4j:1.0.20200330) with InstrumentationAnalysisTransform
[        ] Transforming trove4j-1.0.20200330.jar (org.jetbrains.intellij.deps:trove4j:1.0.20200330) with MergeInstrumentationAnalysisTransform
[        ] Transforming bcprov-jdk15on-1.67.jar (org.bouncycastle:bcprov-jdk15on:1.67) with ExternalDependencyInstrumentingArtifactTransform
[        ] Transforming kotlin-reflect-1.9.0.jar (org.jetbrains.kotlin:kotlin-reflect:1.9.0) with InstrumentationAnalysisTransform
[        ] Transforming trove4j-1.0.20200330.jar (org.jetbrains.intellij.deps:trove4j:1.0.20200330) with ExternalDependencyInstrumentingArtifactTransform
[        ] Transforming kotlin-reflect-1.9.0.jar (org.jetbrains.kotlin:kotlin-reflect:1.9.0) with MergeInstrumentationAnalysisTransform
[        ] Transforming xercesImpl-2.12.0.jar (xerces:xercesImpl:2.12.0) with InstrumentationAnalysisTransform
[        ] Transforming xercesImpl-2.12.0.jar (xerces:xercesImpl:2.12.0) with MergeInstrumentationAnalysisTransform
[        ] Transforming kotlin-reflect-1.9.0.jar (org.jetbrains.kotlin:kotlin-reflect:1.9.0) with ExternalDependencyInstrumentingArtifactTransform
[        ] Transforming commons-compress-1.21.jar (org.apache.commons:commons-compress:1.21) with InstrumentationAnalysisTransform
[        ] Transforming commons-compress-1.21.jar (org.apache.commons:commons-compress:1.21) with MergeInstrumentationAnalysisTransform
[        ] Transforming xercesImpl-2.12.0.jar (xerces:xercesImpl:2.12.0) with ExternalDependencyInstrumentingArtifactTransform
[        ] Transforming httpclient-4.5.14.jar (org.apache.httpcomponents:httpclient:4.5.14) with InstrumentationAnalysisTransform
[        ] Transforming httpclient-4.5.14.jar (org.apache.httpcomponents:httpclient:4.5.14) with MergeInstrumentationAnalysisTransform
[        ] Transforming commons-compress-1.21.jar (org.apache.commons:commons-compress:1.21) with ExternalDependencyInstrumentingArtifactTransform
[        ] Transforming httpcore-4.4.16.jar (org.apache.httpcomponents:httpcore:4.4.16) with InstrumentationAnalysisTransform
[        ] Transforming httpclient-4.5.14.jar (org.apache.httpcomponents:httpclient:4.5.14) with ExternalDependencyInstrumentingArtifactTransform
[        ] Transforming httpcore-4.4.16.jar (org.apache.httpcomponents:httpcore:4.4.16) with MergeInstrumentationAnalysisTransform
[        ] Transforming javax.activation-1.2.0.jar (com.sun.activation:javax.activation:1.2.0) with InstrumentationAnalysisTransform
[        ] Transforming javax.activation-1.2.0.jar (com.sun.activation:javax.activation:1.2.0) with MergeInstrumentationAnalysisTransform
[        ] Transforming kotlin-stdlib-jdk7-1.9.0.jar (org.jetbrains.kotlin:kotlin-stdlib-jdk7:1.9.0) with InstrumentationAnalysisTransform
[        ] Transforming kotlin-stdlib-jdk7-1.9.0.jar (org.jetbrains.kotlin:kotlin-stdlib-jdk7:1.9.0) with MergeInstrumentationAnalysisTransform
[        ] Transforming httpcore-4.4.16.jar (org.apache.httpcomponents:httpcore:4.4.16) with ExternalDependencyInstrumentingArtifactTransform
[        ] Transforming kotlin-stdlib-1.9.0.jar (org.jetbrains.kotlin:kotlin-stdlib:1.9.0) with InstrumentationAnalysisTransform
[        ] Transforming kotlin-stdlib-jdk7-1.9.0.jar (org.jetbrains.kotlin:kotlin-stdlib-jdk7:1.9.0) with ExternalDependencyInstrumentingArtifactTransform
[        ] Transforming javax.activation-1.2.0.jar (com.sun.activation:javax.activation:1.2.0) with ExternalDependencyInstrumentingArtifactTransform
[        ] Transforming kotlin-stdlib-1.9.0.jar (org.jetbrains.kotlin:kotlin-stdlib:1.9.0) with MergeInstrumentationAnalysisTransform
[        ] Transforming annotations-13.0.jar (org.jetbrains:annotations:13.0) with InstrumentationAnalysisTransform
[        ] Transforming annotations-13.0.jar (org.jetbrains:annotations:13.0) with MergeInstrumentationAnalysisTransform
[        ] Transforming signflinger-8.2.0.jar (com.android:signflinger:8.2.0) with InstrumentationAnalysisTransform
[        ] Transforming signflinger-8.2.0.jar (com.android:signflinger:8.2.0) with MergeInstrumentationAnalysisTransform
[        ] Transforming zipflinger-8.2.0.jar (com.android:zipflinger:8.2.0) with InstrumentationAnalysisTransform
[        ] Transforming kotlin-stdlib-1.9.0.jar (org.jetbrains.kotlin:kotlin-stdlib:1.9.0) with ExternalDependencyInstrumentingArtifactTransform
[        ] Transforming zipflinger-8.2.0.jar (com.android:zipflinger:8.2.0) with MergeInstrumentationAnalysisTransform
[        ] Transforming annotations-13.0.jar (org.jetbrains:annotations:13.0) with ExternalDependencyInstrumentingArtifactTransform
[        ] Transforming signflinger-8.2.0.jar (com.android:signflinger:8.2.0) with ExternalDependencyInstrumentingArtifactTransform
[        ] Transforming annotations-31.2.0.jar (com.android.tools:annotations:31.2.0) with InstrumentationAnalysisTransform
[        ] Transforming zipflinger-8.2.0.jar (com.android:zipflinger:8.2.0) with ExternalDependencyInstrumentingArtifactTransform
[        ] Transforming annotations-31.2.0.jar (com.android.tools:annotations:31.2.0) with MergeInstrumentationAnalysisTransform
[        ] Transforming jna-platform-5.6.0.jar (net.java.dev.jna:jna-platform:5.6.0) with InstrumentationAnalysisTransform
[        ] Transforming jna-platform-5.6.0.jar (net.java.dev.jna:jna-platform:5.6.0) with MergeInstrumentationAnalysisTransform
[        ] Transforming juniversalchardet-1.0.3.jar (com.googlecode.juniversalchardet:juniversalchardet:1.0.3) with InstrumentationAnalysisTransform
[        ] Transforming juniversalchardet-1.0.3.jar (com.googlecode.juniversalchardet:juniversalchardet:1.0.3) with MergeInstrumentationAnalysisTransform
[        ] Transforming javax.annotation-api-1.3.2.jar (javax.annotation:javax.annotation-api:1.3.2) with InstrumentationAnalysisTransform
[        ] Transforming annotations-31.2.0.jar (com.android.tools:annotations:31.2.0) with ExternalDependencyInstrumentingArtifactTransform
[        ] Transforming javax.annotation-api-1.3.2.jar (javax.annotation:javax.annotation-api:1.3.2) with MergeInstrumentationAnalysisTransform
[        ] Transforming stax-ex-1.8.1.jar (org.jvnet.staxex:stax-ex:1.8.1) with InstrumentationAnalysisTransform
[        ] Transforming stax-ex-1.8.1.jar (org.jvnet.staxex:stax-ex:1.8.1) with MergeInstrumentationAnalysisTransform
[        ] Transforming jakarta.xml.bind-api-2.3.2.jar (jakarta.xml.bind:jakarta.xml.bind-api:2.3.2) with InstrumentationAnalysisTransform
[        ] Transforming juniversalchardet-1.0.3.jar (com.googlecode.juniversalchardet:juniversalchardet:1.0.3) with ExternalDependencyInstrumentingArtifactTransform
[        ] Transforming javax.annotation-api-1.3.2.jar (javax.annotation:javax.annotation-api:1.3.2) with ExternalDependencyInstrumentingArtifactTransform
[        ] Transforming jna-platform-5.6.0.jar (net.java.dev.jna:jna-platform:5.6.0) with ExternalDependencyInstrumentingArtifactTransform
[        ] Transforming stax-ex-1.8.1.jar (org.jvnet.staxex:stax-ex:1.8.1) with ExternalDependencyInstrumentingArtifactTransform
[        ] Transforming jakarta.xml.bind-api-2.3.2.jar (jakarta.xml.bind:jakarta.xml.bind-api:2.3.2) with MergeInstrumentationAnalysisTransform
[        ] Transforming txw2-2.3.2.jar (org.glassfish.jaxb:txw2:2.3.2) with InstrumentationAnalysisTransform
[        ] Transforming jakarta.xml.bind-api-2.3.2.jar (jakarta.xml.bind:jakarta.xml.bind-api:2.3.2) with ExternalDependencyInstrumentingArtifactTransform
[        ] Transforming txw2-2.3.2.jar (org.glassfish.jaxb:txw2:2.3.2) with MergeInstrumentationAnalysisTransform
[        ] Transforming istack-commons-runtime-3.0.8.jar (com.sun.istack:istack-commons-runtime:3.0.8) with InstrumentationAnalysisTransform
[        ] Transforming istack-commons-runtime-3.0.8.jar (com.sun.istack:istack-commons-runtime:3.0.8) with MergeInstrumentationAnalysisTransform
[        ] Transforming FastInfoset-1.2.16.jar (com.sun.xml.fastinfoset:FastInfoset:1.2.16) with InstrumentationAnalysisTransform
[        ] Transforming txw2-2.3.2.jar (org.glassfish.jaxb:txw2:2.3.2) with ExternalDependencyInstrumentingArtifactTransform
[        ] Transforming FastInfoset-1.2.16.jar (com.sun.xml.fastinfoset:FastInfoset:1.2.16) with MergeInstrumentationAnalysisTransform
[        ] Transforming istack-commons-runtime-3.0.8.jar (com.sun.istack:istack-commons-runtime:3.0.8) with ExternalDependencyInstrumentingArtifactTransform
[        ] Transforming FastInfoset-1.2.16.jar (com.sun.xml.fastinfoset:FastInfoset:1.2.16) with ExternalDependencyInstrumentingArtifactTransform
[        ] Transforming jakarta.activation-api-1.2.1.jar (jakarta.activation:jakarta.activation-api:1.2.1) with InstrumentationAnalysisTransform
[        ] Transforming jakarta.activation-api-1.2.1.jar (jakarta.activation:jakarta.activation-api:1.2.1) with MergeInstrumentationAnalysisTransform
[        ] Transforming auto-value-annotations-1.6.2.jar (com.google.auto.value:auto-value-annotations:1.6.2) with InstrumentationAnalysisTransform
[        ] Transforming auto-value-annotations-1.6.2.jar (com.google.auto.value:auto-value-annotations:1.6.2) with MergeInstrumentationAnalysisTransform
[        ] Transforming jakarta.activation-api-1.2.1.jar (jakarta.activation:jakarta.activation-api:1.2.1) with ExternalDependencyInstrumentingArtifactTransform
[        ] Transforming error_prone_annotations-2.11.0.jar (com.google.errorprone:error_prone_annotations:2.11.0) with InstrumentationAnalysisTransform
[        ] Transforming error_prone_annotations-2.11.0.jar (com.google.errorprone:error_prone_annotations:2.11.0) with MergeInstrumentationAnalysisTransform
[        ] Transforming jose4j-0.7.0.jar (org.bitbucket.b_c:jose4j:0.7.0) with InstrumentationAnalysisTransform
[        ] Transforming auto-value-annotations-1.6.2.jar (com.google.auto.value:auto-value-annotations:1.6.2) with ExternalDependencyInstrumentingArtifactTransform
[        ] Transforming jose4j-0.7.0.jar (org.bitbucket.b_c:jose4j:0.7.0) with MergeInstrumentationAnalysisTransform
[        ] Transforming slf4j-api-1.7.30.jar (org.slf4j:slf4j-api:1.7.30) with InstrumentationAnalysisTransform
[        ] Transforming slf4j-api-1.7.30.jar (org.slf4j:slf4j-api:1.7.30) with MergeInstrumentationAnalysisTransform
[        ] Transforming error_prone_annotations-2.11.0.jar (com.google.errorprone:error_prone_annotations:2.11.0) with ExternalDependencyInstrumentingArtifactTransform
[        ] Transforming jose4j-0.7.0.jar (org.bitbucket.b_c:jose4j:0.7.0) with ExternalDependencyInstrumentingArtifactTransform
[        ] Transforming slf4j-api-1.7.30.jar (org.slf4j:slf4j-api:1.7.30) with ExternalDependencyInstrumentingArtifactTransform
[        ] Transforming jdom2-2.0.6.jar (org.jdom:jdom2:2.0.6) with InstrumentationAnalysisTransform
[        ] Transforming jdom2-2.0.6.jar (org.jdom:jdom2:2.0.6) with MergeInstrumentationAnalysisTransform
[        ] Transforming j2objc-annotations-1.3.jar (com.google.j2objc:j2objc-annotations:1.3) with InstrumentationAnalysisTransform
[        ] Transforming j2objc-annotations-1.3.jar (com.google.j2objc:j2objc-annotations:1.3) with MergeInstrumentationAnalysisTransform
[        ] Transforming jsr305-3.0.2.jar (com.google.code.findbugs:jsr305:3.0.2) with InstrumentationAnalysisTransform
[        ] Transforming jsr305-3.0.2.jar (com.google.code.findbugs:jsr305:3.0.2) with MergeInstrumentationAnalysisTransform
[        ] Transforming jdom2-2.0.6.jar (org.jdom:jdom2:2.0.6) with ExternalDependencyInstrumentingArtifactTransform
[        ] Transforming j2objc-annotations-1.3.jar (com.google.j2objc:j2objc-annotations:1.3) with ExternalDependencyInstrumentingArtifactTransform
[        ] Transforming jsr305-3.0.2.jar (com.google.code.findbugs:jsr305:3.0.2) with ExternalDependencyInstrumentingArtifactTransform
[        ] Transforming annotations-4.1.1.4.jar (com.google.android:annotations:4.1.1.4) with InstrumentationAnalysisTransform
[        ] Transforming annotations-4.1.1.4.jar (com.google.android:annotations:4.1.1.4) with MergeInstrumentationAnalysisTransform
[        ] Transforming animal-sniffer-annotations-1.19.jar (org.codehaus.mojo:animal-sniffer-annotations:1.19) with InstrumentationAnalysisTransform
[        ] Transforming animal-sniffer-annotations-1.19.jar (org.codehaus.mojo:animal-sniffer-annotations:1.19) with MergeInstrumentationAnalysisTransform
[        ] Transforming perfmark-api-0.23.0.jar (io.perfmark:perfmark-api:0.23.0) with InstrumentationAnalysisTransform
[        ] Transforming perfmark-api-0.23.0.jar (io.perfmark:perfmark-api:0.23.0) with MergeInstrumentationAnalysisTransform
[        ] Transforming netty-codec-http2-4.1.72.Final.jar (io.netty:netty-codec-http2:4.1.72.Final) with InstrumentationAnalysisTransform
[        ] Transforming netty-codec-http2-4.1.72.Final.jar (io.netty:netty-codec-http2:4.1.72.Final) with MergeInstrumentationAnalysisTransform
[        ] Transforming annotations-4.1.1.4.jar (com.google.android:annotations:4.1.1.4) with ExternalDependencyInstrumentingArtifactTransform
[        ] Transforming perfmark-api-0.23.0.jar (io.perfmark:perfmark-api:0.23.0) with ExternalDependencyInstrumentingArtifactTransform
[        ] Transforming netty-handler-proxy-4.1.72.Final.jar (io.netty:netty-handler-proxy:4.1.72.Final) with InstrumentationAnalysisTransform
[        ] Transforming netty-handler-proxy-4.1.72.Final.jar (io.netty:netty-handler-proxy:4.1.72.Final) with MergeInstrumentationAnalysisTransform
[        ] Transforming checker-qual-3.12.0.jar (org.checkerframework:checker-qual:3.12.0) with InstrumentationAnalysisTransform
[        ] Transforming checker-qual-3.12.0.jar (org.checkerframework:checker-qual:3.12.0) with MergeInstrumentationAnalysisTransform
[        ] Transforming commons-codec-1.11.jar (commons-codec:commons-codec:1.11) with InstrumentationAnalysisTransform
[        ] Transforming commons-codec-1.11.jar (commons-codec:commons-codec:1.11) with MergeInstrumentationAnalysisTransform
[        ] Transforming netty-handler-proxy-4.1.72.Final.jar (io.netty:netty-handler-proxy:4.1.72.Final) with ExternalDependencyInstrumentingArtifactTransform
[        ] Transforming checker-qual-3.12.0.jar (org.checkerframework:checker-qual:3.12.0) with ExternalDependencyInstrumentingArtifactTransform
[        ] Transforming commons-codec-1.11.jar (commons-codec:commons-codec:1.11) with ExternalDependencyInstrumentingArtifactTransform
[        ] Transforming animal-sniffer-annotations-1.19.jar (org.codehaus.mojo:animal-sniffer-annotations:1.19) with ExternalDependencyInstrumentingArtifactTransform
[        ] Transforming apksig-8.2.0.jar (com.android.tools.build:apksig:8.2.0) with InstrumentationAnalysisTransform
[        ] Transforming netty-codec-http2-4.1.72.Final.jar (io.netty:netty-codec-http2:4.1.72.Final) with ExternalDependencyInstrumentingArtifactTransform
[        ] Transforming apksig-8.2.0.jar (com.android.tools.build:apksig:8.2.0) with MergeInstrumentationAnalysisTransform
[        ] Transforming javawriter-2.5.0.jar (com.squareup:javawriter:2.5.0) with InstrumentationAnalysisTransform
[        ] Transforming javawriter-2.5.0.jar (com.squareup:javawriter:2.5.0) with MergeInstrumentationAnalysisTransform
[        ] Transforming kotlin-native-utils-1.7.22.jar (org.jetbrains.kotlin:kotlin-native-utils:1.7.22) with InstrumentationAnalysisTransform
[        ] Transforming apksig-8.2.0.jar (com.android.tools.build:apksig:8.2.0) with ExternalDependencyInstrumentingArtifactTransform
[        ] Transforming kotlin-native-utils-1.7.22.jar (org.jetbrains.kotlin:kotlin-native-utils:1.7.22) with MergeInstrumentationAnalysisTransform
[        ] Transforming kotlin-util-io-1.7.22.jar (org.jetbrains.kotlin:kotlin-util-io:1.7.22) with InstrumentationAnalysisTransform
[        ] Transforming javawriter-2.5.0.jar (com.squareup:javawriter:2.5.0) with ExternalDependencyInstrumentingArtifactTransform
[        ] Transforming kotlin-native-utils-1.7.22.jar (org.jetbrains.kotlin:kotlin-native-utils:1.7.22) with ExternalDependencyInstrumentingArtifactTransform
[        ] Transforming kotlin-util-io-1.7.22.jar (org.jetbrains.kotlin:kotlin-util-io:1.7.22) with MergeInstrumentationAnalysisTransform
[        ] Transforming kotlin-daemon-embeddable-1.7.22.jar (org.jetbrains.kotlin:kotlin-daemon-embeddable:1.7.22) with InstrumentationAnalysisTransform
[        ] Transforming kotlin-daemon-embeddable-1.7.22.jar (org.jetbrains.kotlin:kotlin-daemon-embeddable:1.7.22) with MergeInstrumentationAnalysisTransform
[        ] Transforming jna-5.6.0.jar (net.java.dev.jna:jna:5.6.0) with InstrumentationAnalysisTransform
[        ] Transforming jna-5.6.0.jar (net.java.dev.jna:jna:5.6.0) with MergeInstrumentationAnalysisTransform
[        ] Transforming kotlin-build-common-1.7.22.jar (org.jetbrains.kotlin:kotlin-build-common:1.7.22) with InstrumentationAnalysisTransform
[        ] Transforming kotlin-build-common-1.7.22.jar (org.jetbrains.kotlin:kotlin-build-common:1.7.22) with MergeInstrumentationAnalysisTransform
[        ] Transforming kotlin-daemon-client-1.7.22.jar (org.jetbrains.kotlin:kotlin-daemon-client:1.7.22) with InstrumentationAnalysisTransform
[        ] Transforming kotlin-daemon-client-1.7.22.jar (org.jetbrains.kotlin:kotlin-daemon-client:1.7.22) with MergeInstrumentationAnalysisTransform
[        ] Transforming kotlinx-coroutines-core-jvm-1.5.0.jar (org.jetbrains.kotlinx:kotlinx-coroutines-core-jvm:1.5.0) with InstrumentationAnalysisTransform
[        ] Transforming kotlinx-coroutines-core-jvm-1.5.0.jar (org.jetbrains.kotlinx:kotlinx-coroutines-core-jvm:1.5.0) with MergeInstrumentationAnalysisTransform
[        ] Transforming kotlin-scripting-jvm-1.7.22.jar (org.jetbrains.kotlin:kotlin-scripting-jvm:1.7.22) with InstrumentationAnalysisTransform
[        ] Transforming kotlin-scripting-jvm-1.7.22.jar (org.jetbrains.kotlin:kotlin-scripting-jvm:1.7.22) with MergeInstrumentationAnalysisTransform
[        ] Transforming kotlin-scripting-common-1.7.22.jar (org.jetbrains.kotlin:kotlin-scripting-common:1.7.22) with InstrumentationAnalysisTransform
[        ] Transforming kotlin-scripting-common-1.7.22.jar (org.jetbrains.kotlin:kotlin-scripting-common:1.7.22) with MergeInstrumentationAnalysisTransform
[        ] Transforming failureaccess-1.0.1.jar (com.google.guava:failureaccess:1.0.1) with InstrumentationAnalysisTransform
[        ] Transforming failureaccess-1.0.1.jar (com.google.guava:failureaccess:1.0.1) with MergeInstrumentationAnalysisTransform
[        ] Transforming listenablefuture-9999.0-empty-to-avoid-conflict-with-guava.jar (com.google.guava:listenablefuture:9999.0-empty-to-avoid-conflict-with-guava) with InstrumentationAnalysisTransform
[        ] Transforming listenablefuture-9999.0-empty-to-avoid-conflict-with-guava.jar (com.google.guava:listenablefuture:9999.0-empty-to-avoid-conflict-with-guava) with MergeInstrumentationAnalysisTransform
[        ] Transforming xml-apis-1.4.01.jar (xml-apis:xml-apis:1.4.01) with InstrumentationAnalysisTransform
[        ] Transforming xml-apis-1.4.01.jar (xml-apis:xml-apis:1.4.01) with MergeInstrumentationAnalysisTransform
[        ] Transforming commons-logging-1.2.jar (commons-logging:commons-logging:1.2) with InstrumentationAnalysisTransform
[        ] Transforming commons-logging-1.2.jar (commons-logging:commons-logging:1.2) with MergeInstrumentationAnalysisTransform
[        ] Transforming kotlin-stdlib-common-1.9.0.jar (org.jetbrains.kotlin:kotlin-stdlib-common:1.9.0) with InstrumentationAnalysisTransform
[        ] Transforming kotlin-stdlib-common-1.9.0.jar (org.jetbrains.kotlin:kotlin-stdlib-common:1.9.0) with MergeInstrumentationAnalysisTransform
[        ] Transforming grpc-context-1.45.1.jar (io.grpc:grpc-context:1.45.1) with InstrumentationAnalysisTransform
[        ] Transforming grpc-context-1.45.1.jar (io.grpc:grpc-context:1.45.1) with MergeInstrumentationAnalysisTransform
[        ] Transforming netty-codec-http-4.1.72.Final.jar (io.netty:netty-codec-http:4.1.72.Final) with InstrumentationAnalysisTransform
[        ] Transforming netty-codec-http-4.1.72.Final.jar (io.netty:netty-codec-http:4.1.72.Final) with MergeInstrumentationAnalysisTransform
[        ] Transforming netty-handler-4.1.72.Final.jar (io.netty:netty-handler:4.1.72.Final) with InstrumentationAnalysisTransform
[        ] Transforming netty-handler-4.1.72.Final.jar (io.netty:netty-handler:4.1.72.Final) with MergeInstrumentationAnalysisTransform
[        ] Transforming netty-codec-socks-4.1.72.Final.jar (io.netty:netty-codec-socks:4.1.72.Final) with InstrumentationAnalysisTransform
[        ] Transforming netty-codec-socks-4.1.72.Final.jar (io.netty:netty-codec-socks:4.1.72.Final) with MergeInstrumentationAnalysisTransform
[        ] Transforming netty-codec-4.1.72.Final.jar (io.netty:netty-codec:4.1.72.Final) with InstrumentationAnalysisTransform
[        ] Transforming netty-codec-4.1.72.Final.jar (io.netty:netty-codec:4.1.72.Final) with MergeInstrumentationAnalysisTransform
[        ] Transforming netty-transport-4.1.72.Final.jar (io.netty:netty-transport:4.1.72.Final) with InstrumentationAnalysisTransform
[        ] Transforming netty-transport-4.1.72.Final.jar (io.netty:netty-transport:4.1.72.Final) with MergeInstrumentationAnalysisTransform
[        ] Transforming netty-buffer-4.1.72.Final.jar (io.netty:netty-buffer:4.1.72.Final) with InstrumentationAnalysisTransform
[        ] Transforming netty-buffer-4.1.72.Final.jar (io.netty:netty-buffer:4.1.72.Final) with MergeInstrumentationAnalysisTransform
[        ] Transforming netty-resolver-4.1.72.Final.jar (io.netty:netty-resolver:4.1.72.Final) with InstrumentationAnalysisTransform
[        ] Transforming netty-resolver-4.1.72.Final.jar (io.netty:netty-resolver:4.1.72.Final) with MergeInstrumentationAnalysisTransform
[        ] Transforming netty-common-4.1.72.Final.jar (io.netty:netty-common:4.1.72.Final) with InstrumentationAnalysisTransform
[        ] Transforming netty-common-4.1.72.Final.jar (io.netty:netty-common:4.1.72.Final) with MergeInstrumentationAnalysisTransform
[        ] Transforming netty-tcnative-classes-2.0.46.Final.jar (io.netty:netty-tcnative-classes:2.0.46.Final) with InstrumentationAnalysisTransform
[        ] Transforming netty-tcnative-classes-2.0.46.Final.jar (io.netty:netty-tcnative-classes:2.0.46.Final) with MergeInstrumentationAnalysisTransform
[        ] Transforming kotlin-util-io-1.7.22.jar (org.jetbrains.kotlin:kotlin-util-io:1.7.22) with ExternalDependencyInstrumentingArtifactTransform
[        ] Transforming kotlin-daemon-embeddable-1.7.22.jar (org.jetbrains.kotlin:kotlin-daemon-embeddable:1.7.22) with ExternalDependencyInstrumentingArtifactTransform
[        ] Transforming jna-5.6.0.jar (net.java.dev.jna:jna:5.6.0) with ExternalDependencyInstrumentingArtifactTransform
[        ] Transforming kotlin-build-common-1.7.22.jar (org.jetbrains.kotlin:kotlin-build-common:1.7.22) with ExternalDependencyInstrumentingArtifactTransform
[        ] Transforming kotlin-daemon-client-1.7.22.jar (org.jetbrains.kotlin:kotlin-daemon-client:1.7.22) with ExternalDependencyInstrumentingArtifactTransform
[        ] Transforming kotlin-scripting-jvm-1.7.22.jar (org.jetbrains.kotlin:kotlin-scripting-jvm:1.7.22) with ExternalDependencyInstrumentingArtifactTransform
[        ] Transforming kotlin-scripting-common-1.7.22.jar (org.jetbrains.kotlin:kotlin-scripting-common:1.7.22) with ExternalDependencyInstrumentingArtifactTransform
[        ] Transforming failureaccess-1.0.1.jar (com.google.guava:failureaccess:1.0.1) with ExternalDependencyInstrumentingArtifactTransform
[        ] Transforming listenablefuture-9999.0-empty-to-avoid-conflict-with-guava.jar (com.google.guava:listenablefuture:9999.0-empty-to-avoid-conflict-with-guava) with ExternalDependencyInstrumentingArtifactTransform
[        ] Transforming xml-apis-1.4.01.jar (xml-apis:xml-apis:1.4.01) with ExternalDependencyInstrumentingArtifactTransform
[        ] Transforming commons-logging-1.2.jar (commons-logging:commons-logging:1.2) with ExternalDependencyInstrumentingArtifactTransform
[        ] Transforming kotlin-stdlib-common-1.9.0.jar (org.jetbrains.kotlin:kotlin-stdlib-common:1.9.0) with ExternalDependencyInstrumentingArtifactTransform
[        ] Transforming grpc-context-1.45.1.jar (io.grpc:grpc-context:1.45.1) with ExternalDependencyInstrumentingArtifactTransform
[        ] Transforming netty-codec-http-4.1.72.Final.jar (io.netty:netty-codec-http:4.1.72.Final) with ExternalDependencyInstrumentingArtifactTransform
[        ] Transforming netty-handler-4.1.72.Final.jar (io.netty:netty-handler:4.1.72.Final) with ExternalDependencyInstrumentingArtifactTransform
[        ] Transforming netty-codec-4.1.72.Final.jar (io.netty:netty-codec:4.1.72.Final) with ExternalDependencyInstrumentingArtifactTransform
[        ] Transforming netty-transport-4.1.72.Final.jar (io.netty:netty-transport:4.1.72.Final) with ExternalDependencyInstrumentingArtifactTransform
[        ] Transforming kotlinx-coroutines-core-jvm-1.5.0.jar (org.jetbrains.kotlinx:kotlinx-coroutines-core-jvm:1.5.0) with ExternalDependencyInstrumentingArtifactTransform
[        ] Transforming netty-common-4.1.72.Final.jar (io.netty:netty-common:4.1.72.Final) with ExternalDependencyInstrumentingArtifactTransform
[        ] Transforming netty-tcnative-classes-2.0.46.Final.jar (io.netty:netty-tcnative-classes:2.0.46.Final) with ExternalDependencyInstrumentingArtifactTransform
[        ] Transforming netty-buffer-4.1.72.Final.jar (io.netty:netty-buffer:4.1.72.Final) with ExternalDependencyInstrumentingArtifactTransform
[        ] Transforming netty-codec-socks-4.1.72.Final.jar (io.netty:netty-codec-socks:4.1.72.Final) with ExternalDependencyInstrumentingArtifactTransform
[        ] Transforming netty-resolver-4.1.72.Final.jar (io.netty:netty-resolver:4.1.72.Final) with ExternalDependencyInstrumentingArtifactTransform
[        ] Build was configured to prefer settings repositories over project repositories but repository 'Google9' was added by build file 'C:\Users\jakao\AppData\Local\Pub\Cache\hosted\pub.dev\share_plus-7.2.2\android\build.gradle'
[        ] Build was configured to prefer settings repositories over project repositories but repository 'MavenRepo9' was added by build file 'C:\Users\jakao\AppData\Local\Pub\Cache\hosted\pub.dev\share_plus-7.2.2\android\build.gradle'
[        ] Build was configured to prefer settings repositories over project repositories but repository 'Google9' was added by build file 'C:\Users\jakao\AppData\Local\Pub\Cache\hosted\pub.dev\share_plus-7.2.2\android\build.gradle'
[        ] Build was configured to prefer settings repositories over project repositories but repository 'MavenRepo9' was added by build file 'C:\Users\jakao\AppData\Local\Pub\Cache\hosted\pub.dev\share_plus-7.2.2\android\build.gradle'
[        ] Build was configured to prefer settings repositories over project repositories but repository 'Google9' was added by build file 'C:\Users\jakao\AppData\Local\Pub\Cache\hosted\pub.dev\share_plus-7.2.2\android\build.gradle'
[        ] Build was configured to prefer settings repositories over project repositories but repository 'MavenRepo9' was added by build file 'C:\Users\jakao\AppData\Local\Pub\Cache\hosted\pub.dev\share_plus-7.2.2\android\build.gradle'
[        ] Build was configured to prefer settings repositories over project repositories but repository 'Google9' was added by build file 'C:\Users\jakao\AppData\Local\Pub\Cache\hosted\pub.dev\share_plus-7.2.2\android\build.gradle'
[        ] Build was configured to prefer settings repositories over project repositories but repository 'MavenRepo9' was added by build file 'C:\Users\jakao\AppData\Local\Pub\Cache\hosted\pub.dev\share_plus-7.2.2\android\build.gradle'
[        ] Build was configured to prefer settings repositories over project repositories but repository 'Google9' was added by build file 'C:\Users\jakao\AppData\Local\Pub\Cache\hosted\pub.dev\share_plus-7.2.2\android\build.gradle'
[        ] Build was configured to prefer settings repositories over project repositories but repository 'MavenRepo9' was added by build file 'C:\Users\jakao\AppData\Local\Pub\Cache\hosted\pub.dev\share_plus-7.2.2\android\build.gradle'
[        ] Build was configured to prefer settings repositories over project repositories but repository 'Google9' was added by build file 'C:\Users\jakao\AppData\Local\Pub\Cache\hosted\pub.dev\share_plus-7.2.2\android\build.gradle'
[        ] Build was configured to prefer settings repositories over project repositories but repository 'MavenRepo9' was added by build file 'C:\Users\jakao\AppData\Local\Pub\Cache\hosted\pub.dev\share_plus-7.2.2\android\build.gradle'
[        ] Build was configured to prefer settings repositories over project repositories but repository 'Google10' was added by build file 'C:\Users\jakao\AppData\Local\Pub\Cache\hosted\pub.dev\share_plus-7.2.2\android\build.gradle'
[        ] Build was configured to prefer settings repositories over project repositories but repository 'MavenRepo10' was added by build file 'C:\Users\jakao\AppData\Local\Pub\Cache\hosted\pub.dev\share_plus-7.2.2\android\build.gradle'
[        ] Build was configured to prefer settings repositories over project repositories but repository 'Google9' was added by build file 'C:\Users\jakao\AppData\Local\Pub\Cache\hosted\pub.dev\share_plus-7.2.2\android\build.gradle'
[        ] Build was configured to prefer settings repositories over project repositories but repository 'MavenRepo9' was added by build file 'C:\Users\jakao\AppData\Local\Pub\Cache\hosted\pub.dev\share_plus-7.2.2\android\build.gradle'
[        ] Build was configured to prefer settings repositories over project repositories but repository 'Google9' was added by build file 'C:\Users\jakao\AppData\Local\Pub\Cache\hosted\pub.dev\share_plus-7.2.2\android\build.gradle'
[        ] Build was configured to prefer settings repositories over project repositories but repository 'MavenRepo9' was added by build file 'C:\Users\jakao\AppData\Local\Pub\Cache\hosted\pub.dev\share_plus-7.2.2\android\build.gradle'
[        ] Build was configured to prefer settings repositories over project repositories but repository 'Google9' was added by build file 'C:\Users\jakao\AppData\Local\Pub\Cache\hosted\pub.dev\share_plus-7.2.2\android\build.gradle'
[        ] Build was configured to prefer settings repositories over project repositories but repository 'MavenRepo9' was added by build file 'C:\Users\jakao\AppData\Local\Pub\Cache\hosted\pub.dev\share_plus-7.2.2\android\build.gradle'
[        ] Build was configured to prefer settings repositories over project repositories but repository 'Google9' was added by build file 'C:\Users\jakao\AppData\Local\Pub\Cache\hosted\pub.dev\share_plus-7.2.2\android\build.gradle'
[        ] Build was configured to prefer settings repositories over project repositories but repository 'MavenRepo9' was added by build file 'C:\Users\jakao\AppData\Local\Pub\Cache\hosted\pub.dev\share_plus-7.2.2\android\build.gradle'
[        ] Build was configured to prefer settings repositories over project repositories but repository 'Google9' was added by build file 'C:\Users\jakao\AppData\Local\Pub\Cache\hosted\pub.dev\share_plus-7.2.2\android\build.gradle'
[        ] Build was configured to prefer settings repositories over project repositories but repository 'MavenRepo9' was added by build file 'C:\Users\jakao\AppData\Local\Pub\Cache\hosted\pub.dev\share_plus-7.2.2\android\build.gradle'
[        ] Build was configured to prefer settings repositories over project repositories but repository 'Google9' was added by build file 'C:\Users\jakao\AppData\Local\Pub\Cache\hosted\pub.dev\share_plus-7.2.2\android\build.gradle'
[        ] Build was configured to prefer settings repositories over project repositories but repository 'MavenRepo9' was added by build file 'C:\Users\jakao\AppData\Local\Pub\Cache\hosted\pub.dev\share_plus-7.2.2\android\build.gradle'
[        ] Build was configured to prefer settings repositories over project repositories but repository 'Google9' was added by build file 'C:\Users\jakao\AppData\Local\Pub\Cache\hosted\pub.dev\share_plus-7.2.2\android\build.gradle'
[        ] Build was configured to prefer settings repositories over project repositories but repository 'MavenRepo9' was added by build file 'C:\Users\jakao\AppData\Local\Pub\Cache\hosted\pub.dev\share_plus-7.2.2\android\build.gradle'
[        ] Build was configured to prefer settings repositories over project repositories but repository 'Google9' was added by build file 'C:\Users\jakao\AppData\Local\Pub\Cache\hosted\pub.dev\share_plus-7.2.2\android\build.gradle'
[        ] Build was configured to prefer settings repositories over project repositories but repository 'MavenRepo9' was added by build file 'C:\Users\jakao\AppData\Local\Pub\Cache\hosted\pub.dev\share_plus-7.2.2\android\build.gradle'
[        ] Using default execution profile
[        ] Using Kotlin Gradle Plugin gradle85 variant
[ +146 ms] > Configure project :shared_preferences_android
[        ] Evaluating project ':shared_preferences_android' using build file 'C:\Users\jakao\AppData\Local\Pub\Cache\hosted\pub.dev\shared_preferences_android-2.4.10\android\build.gradle'.
[        ] Transforming gradle-8.5.1.jar (com.android.tools.build:gradle:8.5.1) with InstrumentationAnalysisTransform
[        ] Transforming kotlin-gradle-plugin-model-2.1.10.jar (org.jetbrains.kotlin:kotlin-gradle-plugin-model:2.1.10) with InstrumentationAnalysisTransform
[        ] Transforming kotlin-gradle-plugin-api-2.1.10.jar (org.jetbrains.kotlin:kotlin-gradle-plugin-api:2.1.10) with InstrumentationAnalysisTransform
[        ] Transforming kotlin-gradle-plugin-2.1.10-gradle85.jar (org.jetbrains.kotlin:kotlin-gradle-plugin:2.1.10) with InstrumentationAnalysisTransform
[        ] Transforming gradle-settings-api-8.5.1.jar (com.android.tools.build:gradle-settings-api:8.5.1) with InstrumentationAnalysisTransform
[        ] Transforming lint-model-31.5.1.jar (com.android.tools.lint:lint-model:31.5.1) with InstrumentationAnalysisTransform
[        ] Transforming builder-8.5.1.jar (com.android.tools.build:builder:8.5.1) with InstrumentationAnalysisTransform
[        ] Transforming manifest-merger-31.5.1.jar (com.android.tools.build:manifest-merger:31.5.1) with InstrumentationAnalysisTransform
[        ] Transforming sdk-common-31.5.1.jar (com.android.tools:sdk-common:31.5.1) with InstrumentationAnalysisTransform
[        ] Transforming sdklib-31.5.1.jar (com.android.tools:sdklib:31.5.1) with InstrumentationAnalysisTransform
[        ] Transforming repository-31.5.1.jar (com.android.tools:repository:31.5.1) with InstrumentationAnalysisTransform
[        ] Transforming gradle-api-8.5.1.jar (com.android.tools.build:gradle-api:8.5.1) with InstrumentationAnalysisTransform
[        ] Transforming builder-test-api-8.5.1.jar (com.android.tools.build:builder-test-api:8.5.1) with InstrumentationAnalysisTransform
[        ] Transforming ddmlib-31.5.1.jar (com.android.tools.ddms:ddmlib:31.5.1) with InstrumentationAnalysisTransform
[        ] Transforming aaptcompiler-8.5.1.jar (com.android.tools.build:aaptcompiler:8.5.1) with InstrumentationAnalysisTransform
[        ] Transforming bundletool-1.16.0.jar (com.android.tools.build:bundletool:1.16.0) with InstrumentationAnalysisTransform
[        ] Transforming aapt2-proto-8.5.1-11315950.jar (com.android.tools.build:aapt2-proto:8.5.1-11315950) with InstrumentationAnalysisTransform
[        ] Transforming crash-31.5.1.jar (com.android.tools.analytics-library:crash:31.5.1) with InstrumentationAnalysisTransform
[        ] Transforming tracker-31.5.1.jar (com.android.tools.analytics-library:tracker:31.5.1) with InstrumentationAnalysisTransform
[        ] Transforming shared-31.5.1.jar (com.android.tools.analytics-library:shared:31.5.1) with InstrumentationAnalysisTransform
[        ] Transforming lint-typedef-remover-31.5.1.jar (com.android.tools.lint:lint-typedef-remover:31.5.1) with InstrumentationAnalysisTransform
[        ] Transforming databinding-compiler-common-8.5.1.jar (androidx.databinding:databinding-compiler-common:8.5.1) with InstrumentationAnalysisTransform
[        ] Transforming databinding-common-8.5.1.jar (androidx.databinding:databinding-common:8.5.1) with InstrumentationAnalysisTransform
[        ] Transforming baseLibrary-8.5.1.jar (com.android.databinding:baseLibrary:8.5.1) with InstrumentationAnalysisTransform
[        ] Transforming layoutlib-api-31.5.1.jar (com.android.tools.layoutlib:layoutlib-api:31.5.1) with InstrumentationAnalysisTransform
[        ] Transforming android-device-provider-ddmlib-proto-31.5.1.jar (com.android.tools.utp:android-device-provider-ddmlib-proto:31.5.1) with InstrumentationAnalysisTransform
[        ] Transforming android-device-provider-gradle-proto-31.5.1.jar (com.android.tools.utp:android-device-provider-gradle-proto:31.5.1) with InstrumentationAnalysisTransform
[        ] Transforming android-test-plugin-host-additional-test-output-proto-31.5.1.jar (com.android.tools.utp:android-test-plugin-host-additional-test-output-proto:31.5.1) with InstrumentationAnalysisTransform
[        ] Transforming android-test-plugin-host-coverage-proto-31.5.1.jar (com.android.tools.utp:android-test-plugin-host-coverage-proto:31.5.1) with InstrumentationAnalysisTransform
[        ] Transforming android-test-plugin-host-emulator-control-proto-31.5.1.jar (com.android.tools.utp:android-test-plugin-host-emulator-control-proto:31.5.1) with InstrumentationAnalysisTransform
[        ] Transforming android-test-plugin-host-logcat-proto-31.5.1.jar (com.android.tools.utp:android-test-plugin-host-logcat-proto:31.5.1) with InstrumentationAnalysisTransform
[        ] Transforming android-test-plugin-host-apk-installer-proto-31.5.1.jar (com.android.tools.utp:android-test-plugin-host-apk-installer-proto:31.5.1) with InstrumentationAnalysisTransform
[        ] Transforming android-test-plugin-host-retention-proto-31.5.1.jar (com.android.tools.utp:android-test-plugin-host-retention-proto:31.5.1) with InstrumentationAnalysisTransform
[        ] Transforming android-test-plugin-result-listener-gradle-proto-31.5.1.jar (com.android.tools.utp:android-test-plugin-result-listener-gradle-proto:31.5.1) with InstrumentationAnalysisTransform
[        ] Transforming builder-model-8.5.1.jar (com.android.tools.build:builder-model:8.5.1) with InstrumentationAnalysisTransform
[        ] Transforming dvlib-31.5.1.jar (com.android.tools:dvlib:31.5.1) with InstrumentationAnalysisTransform
[        ] Transforming common-31.5.1.jar (com.android.tools:common:31.5.1) with InstrumentationAnalysisTransform
[        ] Transforming jetifier-processor-1.0.0-beta10.jar (com.android.tools.build.jetifier:jetifier-processor:1.0.0-beta10) with InstrumentationAnalysisTransform
[        ] Transforming jetifier-core-1.0.0-beta10.jar (com.android.tools.build.jetifier:jetifier-core:1.0.0-beta10) with InstrumentationAnalysisTransform
[        ] Transforming kotlin-reflect-1.9.20.jar (org.jetbrains.kotlin:kotlin-reflect:1.9.20) with InstrumentationAnalysisTransform
[        ] Transforming kotlin-stdlib-jdk7-1.9.20.jar (org.jetbrains.kotlin:kotlin-stdlib-jdk7:1.9.20) with InstrumentationAnalysisTransform
[        ] Transforming kotlin-stdlib-1.9.20.jar (org.jetbrains.kotlin:kotlin-stdlib:1.9.20) with InstrumentationAnalysisTransform
[        ] Transforming kotlin-stdlib-jdk8-1.9.20.jar (org.jetbrains.kotlin:kotlin-stdlib-jdk8:1.9.20) with InstrumentationAnalysisTransform
[        ] Transforming transform-api-2.0.0-deprecated-use-gradle-api.jar (com.android.tools.build:transform-api:2.0.0-deprecated-use-gradle-api) with InstrumentationAnalysisTransform
[        ] Transforming httpmime-4.5.6.jar (org.apache.httpcomponents:httpmime:4.5.6) with InstrumentationAnalysisTransform
[        ] Transforming commons-io-2.13.0.jar (commons-io:commons-io:2.13.0) with InstrumentationAnalysisTransform
[        ] Transforming asm-commons-9.6.jar (org.ow2.asm:asm-commons:9.6) with InstrumentationAnalysisTransform
[        ] Transforming asm-util-9.6.jar (org.ow2.asm:asm-util:9.6) with InstrumentationAnalysisTransform
[        ] Transforming asm-analysis-9.6.jar (org.ow2.asm:asm-analysis:9.6) with InstrumentationAnalysisTransform
[        ] Transforming asm-tree-9.6.jar (org.ow2.asm:asm-tree:9.6) with InstrumentationAnalysisTransform
[        ] Transforming asm-9.6.jar (org.ow2.asm:asm:9.6) with InstrumentationAnalysisTransform
[        ] Transforming apkzlib-8.5.1.jar (com.android.tools.build:apkzlib:8.5.1) with InstrumentationAnalysisTransform
[        ] Transforming bcpkix-jdk18on-1.77.jar (org.bouncycastle:bcpkix-jdk18on:1.77) with InstrumentationAnalysisTransform
[        ] Transforming jaxb-runtime-2.3.2.jar (org.glassfish.jaxb:jaxb-runtime:2.3.2) with InstrumentationAnalysisTransform
[        ] Transforming jopt-simple-4.9.jar (net.sf.jopt-simple:jopt-simple:4.9) with InstrumentationAnalysisTransform
[        ] Transforming javapoet-1.10.0.jar (com.squareup:javapoet:1.10.0) with InstrumentationAnalysisTransform
[        ] Transforming protobuf-java-util-3.22.3.jar (com.google.protobuf:protobuf-java-util:3.22.3) with InstrumentationAnalysisTransform
[        ] Transforming grpc-protobuf-1.57.0.jar (io.grpc:grpc-protobuf:1.57.0) with InstrumentationAnalysisTransform
[        ] Transforming tink-1.7.0.jar (com.google.crypto.tink:tink:1.7.0) with InstrumentationAnalysisTransform
[        ] Transforming protos-31.5.1.jar (com.android.tools.analytics-library:protos:31.5.1) with InstrumentationAnalysisTransform
[        ] Transforming proto-google-common-protos-2.17.0.jar (com.google.api.grpc:proto-google-common-protos:2.17.0) with InstrumentationAnalysisTransform
[        ] Transforming protobuf-java-3.22.3.jar (com.google.protobuf:protobuf-java:3.22.3) with InstrumentationAnalysisTransform
[        ] Transforming grpc-netty-1.57.0.jar (io.grpc:grpc-netty:1.57.0) with InstrumentationAnalysisTransform
[        ] Transforming grpc-core-1.57.0.jar (io.grpc:grpc-core:1.57.0) with InstrumentationAnalysisTransform
[        ] Transforming kotlin-build-statistics-2.1.10.jar (org.jetbrains.kotlin:kotlin-build-statistics:2.1.10) with InstrumentationAnalysisTransform
[        ] Transforming gson-2.10.1.jar (com.google.code.gson:gson:2.10.1) with InstrumentationAnalysisTransform
[        ] Transforming grpc-stub-1.57.0.jar (io.grpc:grpc-stub:1.57.0) with InstrumentationAnalysisTransform
[        ] Transforming core-proto-0.0.9-alpha02.jar (com.google.testing.platform:core-proto:0.0.9-alpha02) with InstrumentationAnalysisTransform
[        ] Transforming kxml2-2.3.0.jar (net.sf.kxml:kxml2:2.3.0) with InstrumentationAnalysisTransform
[        ] Transforming tensorflow-lite-metadata-0.1.0-rc2.jar (org.tensorflow:tensorflow-lite-metadata:0.1.0-rc2) with InstrumentationAnalysisTransform
[        ] Transforming flatbuffers-java-1.12.0.jar (com.google.flatbuffers:flatbuffers-java:1.12.0) with InstrumentationAnalysisTransform
[        ] Transforming kotlin-gradle-plugin-idea-proto-2.1.10.jar (org.jetbrains.kotlin:kotlin-gradle-plugin-idea-proto:2.1.10) with InstrumentationAnalysisTransform
[        ] Transforming kotlin-gradle-plugin-idea-2.1.10.jar (org.jetbrains.kotlin:kotlin-gradle-plugin-idea:2.1.10) with InstrumentationAnalysisTransform
[        ] Transforming kotlin-klib-commonizer-api-2.1.10.jar (org.jetbrains.kotlin:kotlin-klib-commonizer-api:2.1.10) with InstrumentationAnalysisTransform
[        ] Transforming kotlin-util-klib-metadata-2.1.10.jar (org.jetbrains.kotlin:kotlin-util-klib-metadata:2.1.10) with InstrumentationAnalysisTransform
[        ] Transforming kotlin-compiler-runner-2.1.10.jar (org.jetbrains.kotlin:kotlin-compiler-runner:2.1.10) with InstrumentationAnalysisTransform
[        ] Transforming jimfs-1.1.jar (com.google.jimfs:jimfs:1.1) with InstrumentationAnalysisTransform
[        ] Transforming grpc-context-1.57.0.jar (io.grpc:grpc-context:1.57.0) with InstrumentationAnalysisTransform
[        ] Transforming grpc-protobuf-lite-1.57.0.jar (io.grpc:grpc-protobuf-lite:1.57.0) with InstrumentationAnalysisTransform
[        ] Transforming grpc-api-1.57.0.jar (io.grpc:grpc-api:1.57.0) with InstrumentationAnalysisTransform
[        ] Transforming guava-32.0.1-jre.jar (com.google.guava:guava:32.0.1-jre) with InstrumentationAnalysisTransform
[        ] Transforming dagger-2.28.3.jar (com.google.dagger:dagger:2.28.3) with InstrumentationAnalysisTransform
[        ] Transforming javax.inject-1.jar (javax.inject:javax.inject:1) with InstrumentationAnalysisTransform
[        ] Transforming bcutil-jdk18on-1.77.jar (org.bouncycastle:bcutil-jdk18on:1.77) with InstrumentationAnalysisTransform
[        ] Transforming bcprov-jdk18on-1.77.jar (org.bouncycastle:bcprov-jdk18on:1.77) with InstrumentationAnalysisTransform
[        ] Transforming trove4j-1.0.20200330.jar (org.jetbrains.intellij.deps:trove4j:1.0.20200330) with InstrumentationAnalysisTransform
[        ] Transforming commons-compress-1.21.jar (org.apache.commons:commons-compress:1.21) with InstrumentationAnalysisTransform
[        ] Transforming httpclient-4.5.14.jar (org.apache.httpcomponents:httpclient:4.5.14) with InstrumentationAnalysisTransform
[        ] Transforming httpcore-4.4.16.jar (org.apache.httpcomponents:httpcore:4.4.16) with InstrumentationAnalysisTransform
[        ] Transforming javax.activation-1.2.0.jar (com.sun.activation:javax.activation:1.2.0) with InstrumentationAnalysisTransform
[        ] Transforming annotations-23.0.0.jar (org.jetbrains:annotations:23.0.0) with InstrumentationAnalysisTransform
[        ] Transforming signflinger-8.5.1.jar (com.android:signflinger:8.5.1) with InstrumentationAnalysisTransform
[        ] Transforming zipflinger-8.5.1.jar (com.android:zipflinger:8.5.1) with InstrumentationAnalysisTransform
[        ] Transforming annotations-31.5.1.jar (com.android.tools:annotations:31.5.1) with InstrumentationAnalysisTransform
[        ] Transforming jna-platform-5.6.0.jar (net.java.dev.jna:jna-platform:5.6.0) with InstrumentationAnalysisTransform
[        ] Transforming juniversalchardet-1.0.3.jar (com.googlecode.juniversalchardet:juniversalchardet:1.0.3) with InstrumentationAnalysisTransform
[        ] Transforming javax.annotation-api-1.3.2.jar (javax.annotation:javax.annotation-api:1.3.2) with InstrumentationAnalysisTransform
[        ] Transforming stax-ex-1.8.1.jar (org.jvnet.staxex:stax-ex:1.8.1) with InstrumentationAnalysisTransform
[        ] Transforming jakarta.xml.bind-api-2.3.2.jar (jakarta.xml.bind:jakarta.xml.bind-api:2.3.2) with InstrumentationAnalysisTransform
[        ] Transforming txw2-2.3.2.jar (org.glassfish.jaxb:txw2:2.3.2) with InstrumentationAnalysisTransform
[        ] Transforming istack-commons-runtime-3.0.8.jar (com.sun.istack:istack-commons-runtime:3.0.8) with InstrumentationAnalysisTransform
[        ] Transforming FastInfoset-1.2.16.jar (com.sun.xml.fastinfoset:FastInfoset:1.2.16) with InstrumentationAnalysisTransform
[        ] Transforming jakarta.activation-api-1.2.1.jar (jakarta.activation:jakarta.activation-api:1.2.1) with InstrumentationAnalysisTransform
[        ] Transforming auto-value-annotations-1.6.2.jar (com.google.auto.value:auto-value-annotations:1.6.2) with InstrumentationAnalysisTransform
[        ] Transforming error_prone_annotations-2.18.0.jar (com.google.errorprone:error_prone_annotations:2.18.0) with InstrumentationAnalysisTransform
[        ] Transforming jose4j-0.9.5.jar (org.bitbucket.b_c:jose4j:0.9.5) with InstrumentationAnalysisTransform
[        ] Transforming slf4j-api-1.7.30.jar (org.slf4j:slf4j-api:1.7.30) with InstrumentationAnalysisTransform
[        ] Transforming jdom2-2.0.6.jar (org.jdom:jdom2:2.0.6) with InstrumentationAnalysisTransform
[        ] Transforming jsr305-3.0.2.jar (com.google.code.findbugs:jsr305:3.0.2) with InstrumentationAnalysisTransform
[        ] Transforming j2objc-annotations-2.8.jar (com.google.j2objc:j2objc-annotations:2.8) with InstrumentationAnalysisTransform
[        ] Transforming annotations-4.1.1.4.jar (com.google.android:annotations:4.1.1.4) with InstrumentationAnalysisTransform
[        ] Transforming animal-sniffer-annotations-1.23.jar (org.codehaus.mojo:animal-sniffer-annotations:1.23) with InstrumentationAnalysisTransform
[        ] Transforming perfmark-api-0.26.0.jar (io.perfmark:perfmark-api:0.26.0) with InstrumentationAnalysisTransform
[        ] Transforming netty-codec-http2-4.1.93.Final.jar (io.netty:netty-codec-http2:4.1.93.Final) with InstrumentationAnalysisTransform
[        ] Transforming netty-handler-proxy-4.1.93.Final.jar (io.netty:netty-handler-proxy:4.1.93.Final) with InstrumentationAnalysisTransform
[        ] Transforming netty-codec-http-4.1.93.Final.jar (io.netty:netty-codec-http:4.1.93.Final) with InstrumentationAnalysisTransform
[        ] Transforming netty-handler-4.1.93.Final.jar (io.netty:netty-handler:4.1.93.Final) with InstrumentationAnalysisTransform
[        ] Transforming netty-transport-native-unix-common-4.1.93.Final.jar (io.netty:netty-transport-native-unix-common:4.1.93.Final) with InstrumentationAnalysisTransform
[        ] Transforming checker-qual-3.33.0.jar (org.checkerframework:checker-qual:3.33.0) with InstrumentationAnalysisTransform
[        ] Transforming commons-codec-1.11.jar (commons-codec:commons-codec:1.11) with InstrumentationAnalysisTransform
[        ] Transforming apksig-8.5.1.jar (com.android.tools.build:apksig:8.5.1) with InstrumentationAnalysisTransform
[        ] Transforming javawriter-2.5.0.jar (com.squareup:javawriter:2.5.0) with InstrumentationAnalysisTransform
[        ] Transforming kotlin-gradle-plugin-annotations-2.1.10.jar (org.jetbrains.kotlin:kotlin-gradle-plugin-annotations:2.1.10) with InstrumentationAnalysisTransform
[        ] Transforming kotlin-native-utils-2.1.10.jar (org.jetbrains.kotlin:kotlin-native-utils:2.1.10) with InstrumentationAnalysisTransform
[        ] Transforming kotlin-tooling-core-2.1.10.jar (org.jetbrains.kotlin:kotlin-tooling-core:2.1.10) with InstrumentationAnalysisTransform
[        ] Transforming kotlin-build-tools-api-2.1.10.jar (org.jetbrains.kotlin:kotlin-build-tools-api:2.1.10) with InstrumentationAnalysisTransform
[        ] Transforming kotlin-util-klib-2.1.10.jar (org.jetbrains.kotlin:kotlin-util-klib:2.1.10) with InstrumentationAnalysisTransform
[        ] Transforming kotlin-util-io-2.1.10.jar (org.jetbrains.kotlin:kotlin-util-io:2.1.10) with InstrumentationAnalysisTransform
[        ] Transforming kotlin-daemon-client-2.1.10.jar (org.jetbrains.kotlin:kotlin-daemon-client:2.1.10) with InstrumentationAnalysisTransform
[        ] Transforming kotlinx-coroutines-core-jvm-1.6.4.jar (org.jetbrains.kotlinx:kotlinx-coroutines-core-jvm:1.6.4) with InstrumentationAnalysisTransform
[        ] Transforming failureaccess-1.0.1.jar (com.google.guava:failureaccess:1.0.1) with InstrumentationAnalysisTransform
[        ] Transforming listenablefuture-9999.0-empty-to-avoid-conflict-with-guava.jar (com.google.guava:listenablefuture:9999.0-empty-to-avoid-conflict-with-guava) with InstrumentationAnalysisTransform
[        ] Transforming commons-logging-1.2.jar (commons-logging:commons-logging:1.2) with InstrumentationAnalysisTransform
[        ] Transforming jna-5.6.0.jar (net.java.dev.jna:jna:5.6.0) with InstrumentationAnalysisTransform
[        ] Transforming netty-codec-socks-4.1.93.Final.jar (io.netty:netty-codec-socks:4.1.93.Final) with InstrumentationAnalysisTransform
[        ] Transforming netty-codec-4.1.93.Final.jar (io.netty:netty-codec:4.1.93.Final) with InstrumentationAnalysisTransform
[        ] Transforming netty-transport-4.1.93.Final.jar (io.netty:netty-transport:4.1.93.Final) with InstrumentationAnalysisTransform
[        ] Transforming netty-buffer-4.1.93.Final.jar (io.netty:netty-buffer:4.1.93.Final) with InstrumentationAnalysisTransform
[        ] Transforming netty-resolver-4.1.93.Final.jar (io.netty:netty-resolver:4.1.93.Final) with InstrumentationAnalysisTransform
[        ] Transforming netty-common-4.1.93.Final.jar (io.netty:netty-common:4.1.93.Final) with InstrumentationAnalysisTransform
[        ] Transforming gradle-8.5.1.jar (com.android.tools.build:gradle:8.5.1) with InstrumentationAnalysisTransform
[        ] Transforming gradle-8.5.1.jar (com.android.tools.build:gradle:8.5.1) with MergeInstrumentationAnalysisTransform
[        ] Transforming kotlin-gradle-plugin-model-2.1.10.jar (org.jetbrains.kotlin:kotlin-gradle-plugin-model:2.1.10) with InstrumentationAnalysisTransform
[        ] Transforming kotlin-gradle-plugin-model-2.1.10.jar (org.jetbrains.kotlin:kotlin-gradle-plugin-model:2.1.10) with MergeInstrumentationAnalysisTransform
[        ] Transforming kotlin-gradle-plugin-api-2.1.10.jar (org.jetbrains.kotlin:kotlin-gradle-plugin-api:2.1.10) with InstrumentationAnalysisTransform
[        ] Transforming kotlin-gradle-plugin-api-2.1.10.jar (org.jetbrains.kotlin:kotlin-gradle-plugin-api:2.1.10) with MergeInstrumentationAnalysisTransform
[        ] Transforming kotlin-gradle-plugin-2.1.10-gradle85.jar (org.jetbrains.kotlin:kotlin-gradle-plugin:2.1.10) with InstrumentationAnalysisTransform
[        ] Transforming kotlin-gradle-plugin-2.1.10-gradle85.jar (org.jetbrains.kotlin:kotlin-gradle-plugin:2.1.10) with MergeInstrumentationAnalysisTransform
[        ] Transforming gradle-8.5.1.jar (com.android.tools.build:gradle:8.5.1) with ExternalDependencyInstrumentingArtifactTransform
[        ] Transforming gradle-settings-api-8.5.1.jar (com.android.tools.build:gradle-settings-api:8.5.1) with InstrumentationAnalysisTransform
[        ] Transforming kotlin-gradle-plugin-model-2.1.10.jar (org.jetbrains.kotlin:kotlin-gradle-plugin-model:2.1.10) with ExternalDependencyInstrumentingArtifactTransform
[        ] Transforming gradle-settings-api-8.5.1.jar (com.android.tools.build:gradle-settings-api:8.5.1) with MergeInstrumentationAnalysisTransform
[        ] Transforming kotlin-gradle-plugin-api-2.1.10.jar (org.jetbrains.kotlin:kotlin-gradle-plugin-api:2.1.10) with ExternalDependencyInstrumentingArtifactTransform
[        ] Transforming lint-model-31.5.1.jar (com.android.tools.lint:lint-model:31.5.1) with InstrumentationAnalysisTransform
[        ] Transforming kotlin-gradle-plugin-2.1.10-gradle85.jar (org.jetbrains.kotlin:kotlin-gradle-plugin:2.1.10) with ExternalDependencyInstrumentingArtifactTransform
[        ] Transforming lint-model-31.5.1.jar (com.android.tools.lint:lint-model:31.5.1) with MergeInstrumentationAnalysisTransform
[        ] Transforming gradle-settings-api-8.5.1.jar (com.android.tools.build:gradle-settings-api:8.5.1) with ExternalDependencyInstrumentingArtifactTransform
[        ] Transforming builder-8.5.1.jar (com.android.tools.build:builder:8.5.1) with InstrumentationAnalysisTransform
[        ] Transforming builder-8.5.1.jar (com.android.tools.build:builder:8.5.1) with MergeInstrumentationAnalysisTransform
[        ] Transforming manifest-merger-31.5.1.jar (com.android.tools.build:manifest-merger:31.5.1) with InstrumentationAnalysisTransform
[        ] Transforming lint-model-31.5.1.jar (com.android.tools.lint:lint-model:31.5.1) with ExternalDependencyInstrumentingArtifactTransform
[        ] Transforming manifest-merger-31.5.1.jar (com.android.tools.build:manifest-merger:31.5.1) with MergeInstrumentationAnalysisTransform
[        ] Transforming builder-8.5.1.jar (com.android.tools.build:builder:8.5.1) with ExternalDependencyInstrumentingArtifactTransform
[        ] Transforming sdk-common-31.5.1.jar (com.android.tools:sdk-common:31.5.1) with InstrumentationAnalysisTransform
[        ] Transforming manifest-merger-31.5.1.jar (com.android.tools.build:manifest-merger:31.5.1) with ExternalDependencyInstrumentingArtifactTransform
[        ] Transforming sdk-common-31.5.1.jar (com.android.tools:sdk-common:31.5.1) with MergeInstrumentationAnalysisTransform
[        ] Transforming sdklib-31.5.1.jar (com.android.tools:sdklib:31.5.1) with InstrumentationAnalysisTransform
[        ] Transforming sdklib-31.5.1.jar (com.android.tools:sdklib:31.5.1) with MergeInstrumentationAnalysisTransform
[        ] Transforming sdk-common-31.5.1.jar (com.android.tools:sdk-common:31.5.1) with ExternalDependencyInstrumentingArtifactTransform
[        ] Transforming repository-31.5.1.jar (com.android.tools:repository:31.5.1) with InstrumentationAnalysisTransform
[        ] Transforming repository-31.5.1.jar (com.android.tools:repository:31.5.1) with MergeInstrumentationAnalysisTransform
[        ] Transforming sdklib-31.5.1.jar (com.android.tools:sdklib:31.5.1) with ExternalDependencyInstrumentingArtifactTransform
[        ] Transforming gradle-api-8.5.1.jar (com.android.tools.build:gradle-api:8.5.1) with InstrumentationAnalysisTransform
[        ] Transforming repository-31.5.1.jar (com.android.tools:repository:31.5.1) with ExternalDependencyInstrumentingArtifactTransform
[        ] Transforming gradle-api-8.5.1.jar (com.android.tools.build:gradle-api:8.5.1) with MergeInstrumentationAnalysisTransform
[        ] Transforming builder-test-api-8.5.1.jar (com.android.tools.build:builder-test-api:8.5.1) with InstrumentationAnalysisTransform
[        ] Transforming builder-test-api-8.5.1.jar (com.android.tools.build:builder-test-api:8.5.1) with MergeInstrumentationAnalysisTransform
[        ] Transforming ddmlib-31.5.1.jar (com.android.tools.ddms:ddmlib:31.5.1) with InstrumentationAnalysisTransform
[        ] Transforming gradle-api-8.5.1.jar (com.android.tools.build:gradle-api:8.5.1) with ExternalDependencyInstrumentingArtifactTransform
[        ] Transforming builder-test-api-8.5.1.jar (com.android.tools.build:builder-test-api:8.5.1) with ExternalDependencyInstrumentingArtifactTransform
[        ] Transforming ddmlib-31.5.1.jar (com.android.tools.ddms:ddmlib:31.5.1) with MergeInstrumentationAnalysisTransform
[        ] Transforming aaptcompiler-8.5.1.jar (com.android.tools.build:aaptcompiler:8.5.1) with InstrumentationAnalysisTransform
[        ] Transforming aaptcompiler-8.5.1.jar (com.android.tools.build:aaptcompiler:8.5.1) with MergeInstrumentationAnalysisTransform
[        ] Transforming bundletool-1.16.0.jar (com.android.tools.build:bundletool:1.16.0) with InstrumentationAnalysisTransform
[        ] Transforming ddmlib-31.5.1.jar (com.android.tools.ddms:ddmlib:31.5.1) with ExternalDependencyInstrumentingArtifactTransform
[        ] Transforming aaptcompiler-8.5.1.jar (com.android.tools.build:aaptcompiler:8.5.1) with ExternalDependencyInstrumentingArtifactTransform
[        ] Transforming bundletool-1.16.0.jar (com.android.tools.build:bundletool:1.16.0) with MergeInstrumentationAnalysisTransform
[        ] Transforming aapt2-proto-8.5.1-11315950.jar (com.android.tools.build:aapt2-proto:8.5.1-11315950) with InstrumentationAnalysisTransform
[        ] Transforming aapt2-proto-8.5.1-11315950.jar (com.android.tools.build:aapt2-proto:8.5.1-11315950) with MergeInstrumentationAnalysisTransform
[        ] Transforming bundletool-1.16.0.jar (com.android.tools.build:bundletool:1.16.0) with ExternalDependencyInstrumentingArtifactTransform
[        ] Transforming crash-31.5.1.jar (com.android.tools.analytics-library:crash:31.5.1) with InstrumentationAnalysisTransform
[        ] Transforming crash-31.5.1.jar (com.android.tools.analytics-library:crash:31.5.1) with MergeInstrumentationAnalysisTransform
[        ] Transforming aapt2-proto-8.5.1-11315950.jar (com.android.tools.build:aapt2-proto:8.5.1-11315950) with ExternalDependencyInstrumentingArtifactTransform
[        ] Transforming tracker-31.5.1.jar (com.android.tools.analytics-library:tracker:31.5.1) with InstrumentationAnalysisTransform
[        ] Transforming crash-31.5.1.jar (com.android.tools.analytics-library:crash:31.5.1) with ExternalDependencyInstrumentingArtifactTransform
[        ] Transforming tracker-31.5.1.jar (com.android.tools.analytics-library:tracker:31.5.1) with MergeInstrumentationAnalysisTransform
[        ] Transforming shared-31.5.1.jar (com.android.tools.analytics-library:shared:31.5.1) with InstrumentationAnalysisTransform
[        ] Transforming shared-31.5.1.jar (com.android.tools.analytics-library:shared:31.5.1) with MergeInstrumentationAnalysisTransform
[        ] Transforming tracker-31.5.1.jar (com.android.tools.analytics-library:tracker:31.5.1) with ExternalDependencyInstrumentingArtifactTransform
[        ] Transforming lint-typedef-remover-31.5.1.jar (com.android.tools.lint:lint-typedef-remover:31.5.1) with InstrumentationAnalysisTransform
[        ] Transforming lint-typedef-remover-31.5.1.jar (com.android.tools.lint:lint-typedef-remover:31.5.1) with MergeInstrumentationAnalysisTransform
[        ] Transforming databinding-compiler-common-8.5.1.jar (androidx.databinding:databinding-compiler-common:8.5.1) with InstrumentationAnalysisTransform
[        ] Transforming shared-31.5.1.jar (com.android.tools.analytics-library:shared:31.5.1) with ExternalDependencyInstrumentingArtifactTransform
[        ] Transforming databinding-compiler-common-8.5.1.jar (androidx.databinding:databinding-compiler-common:8.5.1) with MergeInstrumentationAnalysisTransform
[        ] Transforming lint-typedef-remover-31.5.1.jar (com.android.tools.lint:lint-typedef-remover:31.5.1) with ExternalDependencyInstrumentingArtifactTransform
[        ] Transforming databinding-common-8.5.1.jar (androidx.databinding:databinding-common:8.5.1) with InstrumentationAnalysisTransform
[        ] Transforming databinding-compiler-common-8.5.1.jar (androidx.databinding:databinding-compiler-common:8.5.1) with ExternalDependencyInstrumentingArtifactTransform
[        ] Transforming databinding-common-8.5.1.jar (androidx.databinding:databinding-common:8.5.1) with MergeInstrumentationAnalysisTransform
[        ] Transforming baseLibrary-8.5.1.jar (com.android.databinding:baseLibrary:8.5.1) with InstrumentationAnalysisTransform
[        ] Transforming baseLibrary-8.5.1.jar (com.android.databinding:baseLibrary:8.5.1) with MergeInstrumentationAnalysisTransform
[        ] Transforming layoutlib-api-31.5.1.jar (com.android.tools.layoutlib:layoutlib-api:31.5.1) with InstrumentationAnalysisTransform
[        ] Transforming databinding-common-8.5.1.jar (androidx.databinding:databinding-common:8.5.1) with ExternalDependencyInstrumentingArtifactTransform
[        ] Transforming layoutlib-api-31.5.1.jar (com.android.tools.layoutlib:layoutlib-api:31.5.1) with MergeInstrumentationAnalysisTransform
[        ] Transforming android-device-provider-ddmlib-proto-31.5.1.jar (com.android.tools.utp:android-device-provider-ddmlib-proto:31.5.1) with InstrumentationAnalysisTransform
[        ] Transforming baseLibrary-8.5.1.jar (com.android.databinding:baseLibrary:8.5.1) with ExternalDependencyInstrumentingArtifactTransform
[        ] Transforming android-device-provider-ddmlib-proto-31.5.1.jar (com.android.tools.utp:android-device-provider-ddmlib-proto:31.5.1) with MergeInstrumentationAnalysisTransform
[        ] Transforming layoutlib-api-31.5.1.jar (com.android.tools.layoutlib:layoutlib-api:31.5.1) with ExternalDependencyInstrumentingArtifactTransform
[        ] Transforming android-device-provider-gradle-proto-31.5.1.jar (com.android.tools.utp:android-device-provider-gradle-proto:31.5.1) with InstrumentationAnalysisTransform
[        ] Transforming android-device-provider-gradle-proto-31.5.1.jar (com.android.tools.utp:android-device-provider-gradle-proto:31.5.1) with MergeInstrumentationAnalysisTransform
[        ] Transforming android-device-provider-ddmlib-proto-31.5.1.jar (com.android.tools.utp:android-device-provider-ddmlib-proto:31.5.1) with ExternalDependencyInstrumentingArtifactTransform
[        ] Transforming android-test-plugin-host-additional-test-output-proto-31.5.1.jar (com.android.tools.utp:android-test-plugin-host-additional-test-output-proto:31.5.1) with InstrumentationAnalysisTransform
[        ] Transforming android-device-provider-gradle-proto-31.5.1.jar (com.android.tools.utp:android-device-provider-gradle-proto:31.5.1) with ExternalDependencyInstrumentingArtifactTransform
[        ] Transforming android-test-plugin-host-additional-test-output-proto-31.5.1.jar (com.android.tools.utp:android-test-plugin-host-additional-test-output-proto:31.5.1) with MergeInstrumentationAnalysisTransform
[        ] Transforming android-test-plugin-host-coverage-proto-31.5.1.jar (com.android.tools.utp:android-test-plugin-host-coverage-proto:31.5.1) with InstrumentationAnalysisTransform
[        ] Transforming android-test-plugin-host-coverage-proto-31.5.1.jar (com.android.tools.utp:android-test-plugin-host-coverage-proto:31.5.1) with MergeInstrumentationAnalysisTransform
[        ] Transforming android-test-plugin-host-additional-test-output-proto-31.5.1.jar (com.android.tools.utp:android-test-plugin-host-additional-test-output-proto:31.5.1) with ExternalDependencyInstrumentingArtifactTransform
[        ] Transforming android-test-plugin-host-emulator-control-proto-31.5.1.jar (com.android.tools.utp:android-test-plugin-host-emulator-control-proto:31.5.1) with InstrumentationAnalysisTransform
[        ] Transforming android-test-plugin-host-coverage-proto-31.5.1.jar (com.android.tools.utp:android-test-plugin-host-coverage-proto:31.5.1) with ExternalDependencyInstrumentingArtifactTransform
[        ] Transforming android-test-plugin-host-emulator-control-proto-31.5.1.jar (com.android.tools.utp:android-test-plugin-host-emulator-control-proto:31.5.1) with MergeInstrumentationAnalysisTransform
[        ] Transforming android-test-plugin-host-logcat-proto-31.5.1.jar (com.android.tools.utp:android-test-plugin-host-logcat-proto:31.5.1) with InstrumentationAnalysisTransform
[        ] Transforming android-test-plugin-host-emulator-control-proto-31.5.1.jar (com.android.tools.utp:android-test-plugin-host-emulator-control-proto:31.5.1) with ExternalDependencyInstrumentingArtifactTransform
[        ] Transforming android-test-plugin-host-logcat-proto-31.5.1.jar (com.android.tools.utp:android-test-plugin-host-logcat-proto:31.5.1) with MergeInstrumentationAnalysisTransform
[        ] Transforming android-test-plugin-host-apk-installer-proto-31.5.1.jar (com.android.tools.utp:android-test-plugin-host-apk-installer-proto:31.5.1) with InstrumentationAnalysisTransform
[        ] Transforming android-test-plugin-host-logcat-proto-31.5.1.jar (com.android.tools.utp:android-test-plugin-host-logcat-proto:31.5.1) with ExternalDependencyInstrumentingArtifactTransform
[        ] Transforming android-test-plugin-host-apk-installer-proto-31.5.1.jar (com.android.tools.utp:android-test-plugin-host-apk-installer-proto:31.5.1) with MergeInstrumentationAnalysisTransform
[        ] Transforming android-test-plugin-host-retention-proto-31.5.1.jar (com.android.tools.utp:android-test-plugin-host-retention-proto:31.5.1) with InstrumentationAnalysisTransform
[        ] Transforming android-test-plugin-host-retention-proto-31.5.1.jar (com.android.tools.utp:android-test-plugin-host-retention-proto:31.5.1) with MergeInstrumentationAnalysisTransform
[        ] Transforming android-test-plugin-result-listener-gradle-proto-31.5.1.jar (com.android.tools.utp:android-test-plugin-result-listener-gradle-proto:31.5.1) with InstrumentationAnalysisTransform
[        ] Transforming android-test-plugin-host-apk-installer-proto-31.5.1.jar (com.android.tools.utp:android-test-plugin-host-apk-installer-proto:31.5.1) with ExternalDependencyInstrumentingArtifactTransform
[        ] Transforming android-test-plugin-result-listener-gradle-proto-31.5.1.jar (com.android.tools.utp:android-test-plugin-result-listener-gradle-proto:31.5.1) with MergeInstrumentationAnalysisTransform
[        ] Transforming android-test-plugin-host-retention-proto-31.5.1.jar (com.android.tools.utp:android-test-plugin-host-retention-proto:31.5.1) with ExternalDependencyInstrumentingArtifactTransform
[        ] Transforming builder-model-8.5.1.jar (com.android.tools.build:builder-model:8.5.1) with InstrumentationAnalysisTransform
[        ] Transforming builder-model-8.5.1.jar (com.android.tools.build:builder-model:8.5.1) with MergeInstrumentationAnalysisTransform
[        ] Transforming android-test-plugin-result-listener-gradle-proto-31.5.1.jar (com.android.tools.utp:android-test-plugin-result-listener-gradle-proto:31.5.1) with ExternalDependencyInstrumentingArtifactTransform
[        ] Transforming dvlib-31.5.1.jar (com.android.tools:dvlib:31.5.1) with InstrumentationAnalysisTransform
[        ] Transforming dvlib-31.5.1.jar (com.android.tools:dvlib:31.5.1) with MergeInstrumentationAnalysisTransform
[        ] Transforming builder-model-8.5.1.jar (com.android.tools.build:builder-model:8.5.1) with ExternalDependencyInstrumentingArtifactTransform
[        ] Transforming common-31.5.1.jar (com.android.tools:common:31.5.1) with InstrumentationAnalysisTransform
[        ] Transforming dvlib-31.5.1.jar (com.android.tools:dvlib:31.5.1) with ExternalDependencyInstrumentingArtifactTransform
[        ] Transforming common-31.5.1.jar (com.android.tools:common:31.5.1) with MergeInstrumentationAnalysisTransform
[        ] Transforming jetifier-processor-1.0.0-beta10.jar (com.android.tools.build.jetifier:jetifier-processor:1.0.0-beta10) with InstrumentationAnalysisTransform
[        ] Transforming jetifier-processor-1.0.0-beta10.jar (com.android.tools.build.jetifier:jetifier-processor:1.0.0-beta10) with MergeInstrumentationAnalysisTransform
[        ] Transforming common-31.5.1.jar (com.android.tools:common:31.5.1) with ExternalDependencyInstrumentingArtifactTransform
[        ] Transforming jetifier-core-1.0.0-beta10.jar (com.android.tools.build.jetifier:jetifier-core:1.0.0-beta10) with InstrumentationAnalysisTransform
[        ] Transforming jetifier-processor-1.0.0-beta10.jar (com.android.tools.build.jetifier:jetifier-processor:1.0.0-beta10) with ExternalDependencyInstrumentingArtifactTransform
[        ] Transforming jetifier-core-1.0.0-beta10.jar (com.android.tools.build.jetifier:jetifier-core:1.0.0-beta10) with MergeInstrumentationAnalysisTransform
[        ] Transforming kotlin-reflect-1.9.20.jar (org.jetbrains.kotlin:kotlin-reflect:1.9.20) with InstrumentationAnalysisTransform
[        ] Transforming jetifier-core-1.0.0-beta10.jar (com.android.tools.build.jetifier:jetifier-core:1.0.0-beta10) with ExternalDependencyInstrumentingArtifactTransform
[        ] Transforming kotlin-reflect-1.9.20.jar (org.jetbrains.kotlin:kotlin-reflect:1.9.20) with MergeInstrumentationAnalysisTransform
[        ] Transforming kotlin-stdlib-jdk7-1.9.20.jar (org.jetbrains.kotlin:kotlin-stdlib-jdk7:1.9.20) with InstrumentationAnalysisTransform
[        ] Transforming kotlin-reflect-1.9.20.jar (org.jetbrains.kotlin:kotlin-reflect:1.9.20) with ExternalDependencyInstrumentingArtifactTransform
[        ] Transforming kotlin-stdlib-jdk7-1.9.20.jar (org.jetbrains.kotlin:kotlin-stdlib-jdk7:1.9.20) with MergeInstrumentationAnalysisTransform
[        ] Transforming kotlin-stdlib-1.9.20.jar (org.jetbrains.kotlin:kotlin-stdlib:1.9.20) with InstrumentationAnalysisTransform
[        ] Transforming kotlin-stdlib-1.9.20.jar (org.jetbrains.kotlin:kotlin-stdlib:1.9.20) with MergeInstrumentationAnalysisTransform
[        ] Transforming kotlin-stdlib-jdk8-1.9.20.jar (org.jetbrains.kotlin:kotlin-stdlib-jdk8:1.9.20) with InstrumentationAnalysisTransform
[        ] Transforming kotlin-stdlib-jdk7-1.9.20.jar (org.jetbrains.kotlin:kotlin-stdlib-jdk7:1.9.20) with ExternalDependencyInstrumentingArtifactTransform
[        ] Transforming kotlin-stdlib-jdk8-1.9.20.jar (org.jetbrains.kotlin:kotlin-stdlib-jdk8:1.9.20) with MergeInstrumentationAnalysisTransform
[        ] Transforming transform-api-2.0.0-deprecated-use-gradle-api.jar (com.android.tools.build:transform-api:2.0.0-deprecated-use-gradle-api) with InstrumentationAnalysisTransform
[        ] Transforming kotlin-stdlib-1.9.20.jar (org.jetbrains.kotlin:kotlin-stdlib:1.9.20) with ExternalDependencyInstrumentingArtifactTransform
[        ] Transforming transform-api-2.0.0-deprecated-use-gradle-api.jar (com.android.tools.build:transform-api:2.0.0-deprecated-use-gradle-api) with MergeInstrumentationAnalysisTransform
[        ] Transforming httpmime-4.5.6.jar (org.apache.httpcomponents:httpmime:4.5.6) with InstrumentationAnalysisTransform
[        ] Transforming kotlin-stdlib-jdk8-1.9.20.jar (org.jetbrains.kotlin:kotlin-stdlib-jdk8:1.9.20) with ExternalDependencyInstrumentingArtifactTransform
[        ] Transforming transform-api-2.0.0-deprecated-use-gradle-api.jar (com.android.tools.build:transform-api:2.0.0-deprecated-use-gradle-api) with ExternalDependencyInstrumentingArtifactTransform
[        ] Transforming httpmime-4.5.6.jar (org.apache.httpcomponents:httpmime:4.5.6) with MergeInstrumentationAnalysisTransform
[        ] Transforming commons-io-2.13.0.jar (commons-io:commons-io:2.13.0) with InstrumentationAnalysisTransform
[        ] Transforming commons-io-2.13.0.jar (commons-io:commons-io:2.13.0) with MergeInstrumentationAnalysisTransform
[        ] Transforming httpmime-4.5.6.jar (org.apache.httpcomponents:httpmime:4.5.6) with ExternalDependencyInstrumentingArtifactTransform
[        ] Transforming asm-commons-9.6.jar (org.ow2.asm:asm-commons:9.6) with InstrumentationAnalysisTransform
[        ] Transforming commons-io-2.13.0.jar (commons-io:commons-io:2.13.0) with ExternalDependencyInstrumentingArtifactTransform
[        ] Transforming asm-commons-9.6.jar (org.ow2.asm:asm-commons:9.6) with MergeInstrumentationAnalysisTransform
[        ] Transforming asm-util-9.6.jar (org.ow2.asm:asm-util:9.6) with InstrumentationAnalysisTransform
[        ] Transforming asm-util-9.6.jar (org.ow2.asm:asm-util:9.6) with MergeInstrumentationAnalysisTransform
[        ] Transforming asm-analysis-9.6.jar (org.ow2.asm:asm-analysis:9.6) with InstrumentationAnalysisTransform
[        ] Transforming asm-commons-9.6.jar (org.ow2.asm:asm-commons:9.6) with ExternalDependencyInstrumentingArtifactTransform
[        ] Transforming asm-analysis-9.6.jar (org.ow2.asm:asm-analysis:9.6) with MergeInstrumentationAnalysisTransform
[        ] Transforming asm-util-9.6.jar (org.ow2.asm:asm-util:9.6) with ExternalDependencyInstrumentingArtifactTransform
[        ] Transforming asm-tree-9.6.jar (org.ow2.asm:asm-tree:9.6) with InstrumentationAnalysisTransform
[        ] Transforming asm-analysis-9.6.jar (org.ow2.asm:asm-analysis:9.6) with ExternalDependencyInstrumentingArtifactTransform
[        ] Transforming asm-tree-9.6.jar (org.ow2.asm:asm-tree:9.6) with MergeInstrumentationAnalysisTransform
[        ] Transforming asm-9.6.jar (org.ow2.asm:asm:9.6) with InstrumentationAnalysisTransform
[        ] Transforming asm-9.6.jar (org.ow2.asm:asm:9.6) with MergeInstrumentationAnalysisTransform
[        ] Transforming apkzlib-8.5.1.jar (com.android.tools.build:apkzlib:8.5.1) with InstrumentationAnalysisTransform
[        ] Transforming apkzlib-8.5.1.jar (com.android.tools.build:apkzlib:8.5.1) with MergeInstrumentationAnalysisTransform
[        ] Transforming bcpkix-jdk18on-1.77.jar (org.bouncycastle:bcpkix-jdk18on:1.77) with InstrumentationAnalysisTransform
[        ] Transforming asm-9.6.jar (org.ow2.asm:asm:9.6) with ExternalDependencyInstrumentingArtifactTransform
[        ] Transforming asm-tree-9.6.jar (org.ow2.asm:asm-tree:9.6) with ExternalDependencyInstrumentingArtifactTransform
[        ] Transforming bcpkix-jdk18on-1.77.jar (org.bouncycastle:bcpkix-jdk18on:1.77) with MergeInstrumentationAnalysisTransform
[        ] Transforming apkzlib-8.5.1.jar (com.android.tools.build:apkzlib:8.5.1) with ExternalDependencyInstrumentingArtifactTransform
[        ] Transforming jaxb-runtime-2.3.2.jar (org.glassfish.jaxb:jaxb-runtime:2.3.2) with InstrumentationAnalysisTransform
[        ] Transforming bcpkix-jdk18on-1.77.jar (org.bouncycastle:bcpkix-jdk18on:1.77) with ExternalDependencyInstrumentingArtifactTransform
[        ] Transforming jaxb-runtime-2.3.2.jar (org.glassfish.jaxb:jaxb-runtime:2.3.2) with MergeInstrumentationAnalysisTransform
[        ] Transforming jopt-simple-4.9.jar (net.sf.jopt-simple:jopt-simple:4.9) with InstrumentationAnalysisTransform
[        ] Transforming jopt-simple-4.9.jar (net.sf.jopt-simple:jopt-simple:4.9) with MergeInstrumentationAnalysisTransform
[        ] Transforming jaxb-runtime-2.3.2.jar (org.glassfish.jaxb:jaxb-runtime:2.3.2) with ExternalDependencyInstrumentingArtifactTransform
[        ] Transforming javapoet-1.10.0.jar (com.squareup:javapoet:1.10.0) with InstrumentationAnalysisTransform
[        ] Transforming jopt-simple-4.9.jar (net.sf.jopt-simple:jopt-simple:4.9) with ExternalDependencyInstrumentingArtifactTransform
[        ] Transforming javapoet-1.10.0.jar (com.squareup:javapoet:1.10.0) with MergeInstrumentationAnalysisTransform
[        ] Transforming protobuf-java-util-3.22.3.jar (com.google.protobuf:protobuf-java-util:3.22.3) with InstrumentationAnalysisTransform
[        ] Transforming javapoet-1.10.0.jar (com.squareup:javapoet:1.10.0) with ExternalDependencyInstrumentingArtifactTransform
[        ] Transforming protobuf-java-util-3.22.3.jar (com.google.protobuf:protobuf-java-util:3.22.3) with MergeInstrumentationAnalysisTransform
[        ] Transforming grpc-protobuf-1.57.0.jar (io.grpc:grpc-protobuf:1.57.0) with InstrumentationAnalysisTransform
[        ] Transforming grpc-protobuf-1.57.0.jar (io.grpc:grpc-protobuf:1.57.0) with MergeInstrumentationAnalysisTransform
[        ] Transforming protobuf-java-util-3.22.3.jar (com.google.protobuf:protobuf-java-util:3.22.3) with ExternalDependencyInstrumentingArtifactTransform
[        ] Transforming tink-1.7.0.jar (com.google.crypto.tink:tink:1.7.0) with InstrumentationAnalysisTransform
[        ] Transforming tink-1.7.0.jar (com.google.crypto.tink:tink:1.7.0) with MergeInstrumentationAnalysisTransform
[        ] Transforming grpc-protobuf-1.57.0.jar (io.grpc:grpc-protobuf:1.57.0) with ExternalDependencyInstrumentingArtifactTransform
[        ] Transforming protos-31.5.1.jar (com.android.tools.analytics-library:protos:31.5.1) with InstrumentationAnalysisTransform
[        ] Transforming protos-31.5.1.jar (com.android.tools.analytics-library:protos:31.5.1) with MergeInstrumentationAnalysisTransform
[        ] Transforming tink-1.7.0.jar (com.google.crypto.tink:tink:1.7.0) with ExternalDependencyInstrumentingArtifactTransform
[        ] Transforming proto-google-common-protos-2.17.0.jar (com.google.api.grpc:proto-google-common-protos:2.17.0) with InstrumentationAnalysisTransform
[        ] Transforming protos-31.5.1.jar (com.android.tools.analytics-library:protos:31.5.1) with ExternalDependencyInstrumentingArtifactTransform
[        ] Transforming proto-google-common-protos-2.17.0.jar (com.google.api.grpc:proto-google-common-protos:2.17.0) with MergeInstrumentationAnalysisTransform
[        ] Transforming protobuf-java-3.22.3.jar (com.google.protobuf:protobuf-java:3.22.3) with InstrumentationAnalysisTransform
[        ] Transforming protobuf-java-3.22.3.jar (com.google.protobuf:protobuf-java:3.22.3) with MergeInstrumentationAnalysisTransform
[        ] Transforming grpc-netty-1.57.0.jar (io.grpc:grpc-netty:1.57.0) with InstrumentationAnalysisTransform
[        ] Transforming grpc-netty-1.57.0.jar (io.grpc:grpc-netty:1.57.0) with MergeInstrumentationAnalysisTransform
[        ] Transforming proto-google-common-protos-2.17.0.jar (com.google.api.grpc:proto-google-common-protos:2.17.0) with ExternalDependencyInstrumentingArtifactTransform
[        ] Transforming protobuf-java-3.22.3.jar (com.google.protobuf:protobuf-java:3.22.3) with ExternalDependencyInstrumentingArtifactTransform
[        ] Transforming grpc-core-1.57.0.jar (io.grpc:grpc-core:1.57.0) with InstrumentationAnalysisTransform
[        ] Transforming grpc-netty-1.57.0.jar (io.grpc:grpc-netty:1.57.0) with ExternalDependencyInstrumentingArtifactTransform
[        ] Transforming grpc-core-1.57.0.jar (io.grpc:grpc-core:1.57.0) with MergeInstrumentationAnalysisTransform
[        ] Transforming kotlin-build-statistics-2.1.10.jar (org.jetbrains.kotlin:kotlin-build-statistics:2.1.10) with InstrumentationAnalysisTransform
[        ] Transforming kotlin-build-statistics-2.1.10.jar (org.jetbrains.kotlin:kotlin-build-statistics:2.1.10) with MergeInstrumentationAnalysisTransform
[        ] Transforming gson-2.10.1.jar (com.google.code.gson:gson:2.10.1) with InstrumentationAnalysisTransform
[        ] Transforming gson-2.10.1.jar (com.google.code.gson:gson:2.10.1) with MergeInstrumentationAnalysisTransform
[        ] Transforming grpc-stub-1.57.0.jar (io.grpc:grpc-stub:1.57.0) with InstrumentationAnalysisTransform
[        ] Transforming grpc-stub-1.57.0.jar (io.grpc:grpc-stub:1.57.0) with MergeInstrumentationAnalysisTransform
[        ] Transforming core-proto-0.0.9-alpha02.jar (com.google.testing.platform:core-proto:0.0.9-alpha02) with InstrumentationAnalysisTransform
[        ] Transforming kotlin-build-statistics-2.1.10.jar (org.jetbrains.kotlin:kotlin-build-statistics:2.1.10) with ExternalDependencyInstrumentingArtifactTransform
[        ] Transforming grpc-core-1.57.0.jar (io.grpc:grpc-core:1.57.0) with ExternalDependencyInstrumentingArtifactTransform
[        ] Transforming gson-2.10.1.jar (com.google.code.gson:gson:2.10.1) with ExternalDependencyInstrumentingArtifactTransform
[        ] Transforming core-proto-0.0.9-alpha02.jar (com.google.testing.platform:core-proto:0.0.9-alpha02) with MergeInstrumentationAnalysisTransform
[        ] Transforming grpc-stub-1.57.0.jar (io.grpc:grpc-stub:1.57.0) with ExternalDependencyInstrumentingArtifactTransform
[        ] Transforming kxml2-2.3.0.jar (net.sf.kxml:kxml2:2.3.0) with InstrumentationAnalysisTransform
[        ] Transforming core-proto-0.0.9-alpha02.jar (com.google.testing.platform:core-proto:0.0.9-alpha02) with ExternalDependencyInstrumentingArtifactTransform
[        ] Transforming kxml2-2.3.0.jar (net.sf.kxml:kxml2:2.3.0) with MergeInstrumentationAnalysisTransform
[        ] Transforming tensorflow-lite-metadata-0.1.0-rc2.jar (org.tensorflow:tensorflow-lite-metadata:0.1.0-rc2) with InstrumentationAnalysisTransform
[        ] Transforming tensorflow-lite-metadata-0.1.0-rc2.jar (org.tensorflow:tensorflow-lite-metadata:0.1.0-rc2) with MergeInstrumentationAnalysisTransform
[        ] Transforming flatbuffers-java-1.12.0.jar (com.google.flatbuffers:flatbuffers-java:1.12.0) with InstrumentationAnalysisTransform
[        ] Transforming flatbuffers-java-1.12.0.jar (com.google.flatbuffers:flatbuffers-java:1.12.0) with MergeInstrumentationAnalysisTransform
[        ] Transforming kxml2-2.3.0.jar (net.sf.kxml:kxml2:2.3.0) with ExternalDependencyInstrumentingArtifactTransform
[        ] Transforming kotlin-gradle-plugin-idea-proto-2.1.10.jar (org.jetbrains.kotlin:kotlin-gradle-plugin-idea-proto:2.1.10) with InstrumentationAnalysisTransform
[        ] Transforming flatbuffers-java-1.12.0.jar (com.google.flatbuffers:flatbuffers-java:1.12.0) with ExternalDependencyInstrumentingArtifactTransform
[        ] Transforming tensorflow-lite-metadata-0.1.0-rc2.jar (org.tensorflow:tensorflow-lite-metadata:0.1.0-rc2) with ExternalDependencyInstrumentingArtifactTransform
[        ] Transforming kotlin-gradle-plugin-idea-proto-2.1.10.jar (org.jetbrains.kotlin:kotlin-gradle-plugin-idea-proto:2.1.10) with MergeInstrumentationAnalysisTransform
[        ] Transforming kotlin-gradle-plugin-idea-2.1.10.jar (org.jetbrains.kotlin:kotlin-gradle-plugin-idea:2.1.10) with InstrumentationAnalysisTransform
[        ] Transforming kotlin-gradle-plugin-idea-2.1.10.jar (org.jetbrains.kotlin:kotlin-gradle-plugin-idea:2.1.10) with MergeInstrumentationAnalysisTransform
[        ] Transforming kotlin-klib-commonizer-api-2.1.10.jar (org.jetbrains.kotlin:kotlin-klib-commonizer-api:2.1.10) with InstrumentationAnalysisTransform
[        ] Transforming kotlin-gradle-plugin-idea-proto-2.1.10.jar (org.jetbrains.kotlin:kotlin-gradle-plugin-idea-proto:2.1.10) with ExternalDependencyInstrumentingArtifactTransform
[        ] Transforming kotlin-klib-commonizer-api-2.1.10.jar (org.jetbrains.kotlin:kotlin-klib-commonizer-api:2.1.10) with MergeInstrumentationAnalysisTransform
[        ] Transforming kotlin-gradle-plugin-idea-2.1.10.jar (org.jetbrains.kotlin:kotlin-gradle-plugin-idea:2.1.10) with ExternalDependencyInstrumentingArtifactTransform
[        ] Transforming kotlin-util-klib-metadata-2.1.10.jar (org.jetbrains.kotlin:kotlin-util-klib-metadata:2.1.10) with InstrumentationAnalysisTransform
[        ] Transforming kotlin-util-klib-metadata-2.1.10.jar (org.jetbrains.kotlin:kotlin-util-klib-metadata:2.1.10) with MergeInstrumentationAnalysisTransform
[        ] Transforming kotlin-klib-commonizer-api-2.1.10.jar (org.jetbrains.kotlin:kotlin-klib-commonizer-api:2.1.10) with ExternalDependencyInstrumentingArtifactTransform
[        ] Transforming kotlin-compiler-runner-2.1.10.jar (org.jetbrains.kotlin:kotlin-compiler-runner:2.1.10) with InstrumentationAnalysisTransform
[        ] Transforming kotlin-compiler-runner-2.1.10.jar (org.jetbrains.kotlin:kotlin-compiler-runner:2.1.10) with MergeInstrumentationAnalysisTransform
[   +1 ms] Transforming jimfs-1.1.jar (com.google.jimfs:jimfs:1.1) with InstrumentationAnalysisTransform
[        ] Transforming kotlin-util-klib-metadata-2.1.10.jar (org.jetbrains.kotlin:kotlin-util-klib-metadata:2.1.10) with ExternalDependencyInstrumentingArtifactTransform
[        ] Transforming kotlin-compiler-runner-2.1.10.jar (org.jetbrains.kotlin:kotlin-compiler-runner:2.1.10) with ExternalDependencyInstrumentingArtifactTransform
[        ] Transforming jimfs-1.1.jar (com.google.jimfs:jimfs:1.1) with MergeInstrumentationAnalysisTransform
[        ] Transforming grpc-context-1.57.0.jar (io.grpc:grpc-context:1.57.0) with InstrumentationAnalysisTransform
[        ] Transforming grpc-context-1.57.0.jar (io.grpc:grpc-context:1.57.0) with MergeInstrumentationAnalysisTransform
[        ] Transforming jimfs-1.1.jar (com.google.jimfs:jimfs:1.1) with ExternalDependencyInstrumentingArtifactTransform
[        ] Transforming grpc-protobuf-lite-1.57.0.jar (io.grpc:grpc-protobuf-lite:1.57.0) with InstrumentationAnalysisTransform
[        ] Transforming grpc-context-1.57.0.jar (io.grpc:grpc-context:1.57.0) with ExternalDependencyInstrumentingArtifactTransform
[        ] Transforming grpc-protobuf-lite-1.57.0.jar (io.grpc:grpc-protobuf-lite:1.57.0) with MergeInstrumentationAnalysisTransform
[        ] Transforming grpc-api-1.57.0.jar (io.grpc:grpc-api:1.57.0) with InstrumentationAnalysisTransform
[        ] Transforming grpc-api-1.57.0.jar (io.grpc:grpc-api:1.57.0) with MergeInstrumentationAnalysisTransform
[        ] Transforming guava-32.0.1-jre.jar (com.google.guava:guava:32.0.1-jre) with InstrumentationAnalysisTransform
[        ] Transforming guava-32.0.1-jre.jar (com.google.guava:guava:32.0.1-jre) with MergeInstrumentationAnalysisTransform
[        ] Transforming grpc-protobuf-lite-1.57.0.jar (io.grpc:grpc-protobuf-lite:1.57.0) with ExternalDependencyInstrumentingArtifactTransform
[        ] Transforming guava-32.0.1-jre.jar (com.google.guava:guava:32.0.1-jre) with ExternalDependencyInstrumentingArtifactTransform
[        ] Transforming grpc-api-1.57.0.jar (io.grpc:grpc-api:1.57.0) with ExternalDependencyInstrumentingArtifactTransform
[        ] Transforming dagger-2.28.3.jar (com.google.dagger:dagger:2.28.3) with InstrumentationAnalysisTransform
[        ] Transforming dagger-2.28.3.jar (com.google.dagger:dagger:2.28.3) with MergeInstrumentationAnalysisTransform
[        ] Transforming javax.inject-1.jar (javax.inject:javax.inject:1) with InstrumentationAnalysisTransform
[        ] Transforming javax.inject-1.jar (javax.inject:javax.inject:1) with MergeInstrumentationAnalysisTransform
[        ] Transforming bcutil-jdk18on-1.77.jar (org.bouncycastle:bcutil-jdk18on:1.77) with InstrumentationAnalysisTransform
[        ] Transforming bcutil-jdk18on-1.77.jar (org.bouncycastle:bcutil-jdk18on:1.77) with MergeInstrumentationAnalysisTransform
[        ] Transforming bcprov-jdk18on-1.77.jar (org.bouncycastle:bcprov-jdk18on:1.77) with InstrumentationAnalysisTransform
[        ] Transforming dagger-2.28.3.jar (com.google.dagger:dagger:2.28.3) with ExternalDependencyInstrumentingArtifactTransform
[        ] Transforming bcprov-jdk18on-1.77.jar (org.bouncycastle:bcprov-jdk18on:1.77) with MergeInstrumentationAnalysisTransform
[        ] Transforming javax.inject-1.jar (javax.inject:javax.inject:1) with ExternalDependencyInstrumentingArtifactTransform
[        ] Transforming bcutil-jdk18on-1.77.jar (org.bouncycastle:bcutil-jdk18on:1.77) with ExternalDependencyInstrumentingArtifactTransform
[        ] Transforming trove4j-1.0.20200330.jar (org.jetbrains.intellij.deps:trove4j:1.0.20200330) with InstrumentationAnalysisTransform
[        ] Transforming bcprov-jdk18on-1.77.jar (org.bouncycastle:bcprov-jdk18on:1.77) with ExternalDependencyInstrumentingArtifactTransform
[        ] Transforming trove4j-1.0.20200330.jar (org.jetbrains.intellij.deps:trove4j:1.0.20200330) with MergeInstrumentationAnalysisTransform
[        ] Transforming commons-compress-1.21.jar (org.apache.commons:commons-compress:1.21) with InstrumentationAnalysisTransform
[        ] Transforming commons-compress-1.21.jar (org.apache.commons:commons-compress:1.21) with MergeInstrumentationAnalysisTransform
[        ] Transforming httpclient-4.5.14.jar (org.apache.httpcomponents:httpclient:4.5.14) with InstrumentationAnalysisTransform
[        ] Transforming trove4j-1.0.20200330.jar (org.jetbrains.intellij.deps:trove4j:1.0.20200330) with ExternalDependencyInstrumentingArtifactTransform
[        ] Transforming commons-compress-1.21.jar (org.apache.commons:commons-compress:1.21) with ExternalDependencyInstrumentingArtifactTransform
[        ] Transforming httpclient-4.5.14.jar (org.apache.httpcomponents:httpclient:4.5.14) with MergeInstrumentationAnalysisTransform
[        ] Transforming httpcore-4.4.16.jar (org.apache.httpcomponents:httpcore:4.4.16) with InstrumentationAnalysisTransform
[        ] Transforming httpclient-4.5.14.jar (org.apache.httpcomponents:httpclient:4.5.14) with ExternalDependencyInstrumentingArtifactTransform
[        ] Transforming httpcore-4.4.16.jar (org.apache.httpcomponents:httpcore:4.4.16) with MergeInstrumentationAnalysisTransform
[        ] Transforming javax.activation-1.2.0.jar (com.sun.activation:javax.activation:1.2.0) with InstrumentationAnalysisTransform
[        ] Transforming javax.activation-1.2.0.jar (com.sun.activation:javax.activation:1.2.0) with MergeInstrumentationAnalysisTransform
[        ] Transforming annotations-23.0.0.jar (org.jetbrains:annotations:23.0.0) with InstrumentationAnalysisTransform
[        ] Transforming annotations-23.0.0.jar (org.jetbrains:annotations:23.0.0) with MergeInstrumentationAnalysisTransform
[        ] Transforming signflinger-8.5.1.jar (com.android:signflinger:8.5.1) with InstrumentationAnalysisTransform
[        ] Transforming httpcore-4.4.16.jar (org.apache.httpcomponents:httpcore:4.4.16) with ExternalDependencyInstrumentingArtifactTransform
[        ] Transforming annotations-23.0.0.jar (org.jetbrains:annotations:23.0.0) with ExternalDependencyInstrumentingArtifactTransform
[        ] Transforming signflinger-8.5.1.jar (com.android:signflinger:8.5.1) with MergeInstrumentationAnalysisTransform
[        ] Transforming zipflinger-8.5.1.jar (com.android:zipflinger:8.5.1) with InstrumentationAnalysisTransform
[        ] Transforming javax.activation-1.2.0.jar (com.sun.activation:javax.activation:1.2.0) with ExternalDependencyInstrumentingArtifactTransform
[        ] Transforming zipflinger-8.5.1.jar (com.android:zipflinger:8.5.1) with MergeInstrumentationAnalysisTransform
[        ] Transforming signflinger-8.5.1.jar (com.android:signflinger:8.5.1) with ExternalDependencyInstrumentingArtifactTransform
[        ] Transforming annotations-31.5.1.jar (com.android.tools:annotations:31.5.1) with InstrumentationAnalysisTransform
[        ] Transforming zipflinger-8.5.1.jar (com.android:zipflinger:8.5.1) with ExternalDependencyInstrumentingArtifactTransform
[        ] Transforming annotations-31.5.1.jar (com.android.tools:annotations:31.5.1) with MergeInstrumentationAnalysisTransform
[        ] Transforming jna-platform-5.6.0.jar (net.java.dev.jna:jna-platform:5.6.0) with InstrumentationAnalysisTransform
[        ] Transforming jna-platform-5.6.0.jar (net.java.dev.jna:jna-platform:5.6.0) with MergeInstrumentationAnalysisTransform
[        ] Transforming juniversalchardet-1.0.3.jar (com.googlecode.juniversalchardet:juniversalchardet:1.0.3) with InstrumentationAnalysisTransform
[        ] Transforming juniversalchardet-1.0.3.jar (com.googlecode.juniversalchardet:juniversalchardet:1.0.3) with MergeInstrumentationAnalysisTransform
[        ] Transforming javax.annotation-api-1.3.2.jar (javax.annotation:javax.annotation-api:1.3.2) with InstrumentationAnalysisTransform
[        ] Transforming annotations-31.5.1.jar (com.android.tools:annotations:31.5.1) with ExternalDependencyInstrumentingArtifactTransform
[        ] Transforming juniversalchardet-1.0.3.jar (com.googlecode.juniversalchardet:juniversalchardet:1.0.3) with ExternalDependencyInstrumentingArtifactTransform
[        ] Transforming javax.annotation-api-1.3.2.jar (javax.annotation:javax.annotation-api:1.3.2) with MergeInstrumentationAnalysisTransform
[        ] Transforming jna-platform-5.6.0.jar (net.java.dev.jna:jna-platform:5.6.0) with ExternalDependencyInstrumentingArtifactTransform
[        ] Transforming javax.annotation-api-1.3.2.jar (javax.annotation:javax.annotation-api:1.3.2) with ExternalDependencyInstrumentingArtifactTransform
[        ] Transforming stax-ex-1.8.1.jar (org.jvnet.staxex:stax-ex:1.8.1) with InstrumentationAnalysisTransform
[        ] Transforming stax-ex-1.8.1.jar (org.jvnet.staxex:stax-ex:1.8.1) with MergeInstrumentationAnalysisTransform
[        ] Transforming jakarta.xml.bind-api-2.3.2.jar (jakarta.xml.bind:jakarta.xml.bind-api:2.3.2) with InstrumentationAnalysisTransform
[        ] Transforming jakarta.xml.bind-api-2.3.2.jar (jakarta.xml.bind:jakarta.xml.bind-api:2.3.2) with MergeInstrumentationAnalysisTransform
[        ] Transforming txw2-2.3.2.jar (org.glassfish.jaxb:txw2:2.3.2) with InstrumentationAnalysisTransform
[        ] Transforming txw2-2.3.2.jar (org.glassfish.jaxb:txw2:2.3.2) with MergeInstrumentationAnalysisTransform
[        ] Transforming stax-ex-1.8.1.jar (org.jvnet.staxex:stax-ex:1.8.1) with ExternalDependencyInstrumentingArtifactTransform
[        ] Transforming txw2-2.3.2.jar (org.glassfish.jaxb:txw2:2.3.2) with ExternalDependencyInstrumentingArtifactTransform
[        ] Transforming jakarta.xml.bind-api-2.3.2.jar (jakarta.xml.bind:jakarta.xml.bind-api:2.3.2) with ExternalDependencyInstrumentingArtifactTransform
[        ] Transforming istack-commons-runtime-3.0.8.jar (com.sun.istack:istack-commons-runtime:3.0.8) with InstrumentationAnalysisTransform
[        ] Transforming istack-commons-runtime-3.0.8.jar (com.sun.istack:istack-commons-runtime:3.0.8) with MergeInstrumentationAnalysisTransform
[        ] Transforming FastInfoset-1.2.16.jar (com.sun.xml.fastinfoset:FastInfoset:1.2.16) with InstrumentationAnalysisTransform
[        ] Transforming FastInfoset-1.2.16.jar (com.sun.xml.fastinfoset:FastInfoset:1.2.16) with MergeInstrumentationAnalysisTransform
[        ] Transforming jakarta.activation-api-1.2.1.jar (jakarta.activation:jakarta.activation-api:1.2.1) with InstrumentationAnalysisTransform
[        ] Transforming jakarta.activation-api-1.2.1.jar (jakarta.activation:jakarta.activation-api:1.2.1) with MergeInstrumentationAnalysisTransform
[        ] Transforming auto-value-annotations-1.6.2.jar (com.google.auto.value:auto-value-annotations:1.6.2) with InstrumentationAnalysisTransform
[        ] Transforming auto-value-annotations-1.6.2.jar (com.google.auto.value:auto-value-annotations:1.6.2) with MergeInstrumentationAnalysisTransform
[        ] Transforming error_prone_annotations-2.18.0.jar (com.google.errorprone:error_prone_annotations:2.18.0) with InstrumentationAnalysisTransform
[        ] Transforming error_prone_annotations-2.18.0.jar (com.google.errorprone:error_prone_annotations:2.18.0) with MergeInstrumentationAnalysisTransform
[        ] Transforming jose4j-0.9.5.jar (org.bitbucket.b_c:jose4j:0.9.5) with InstrumentationAnalysisTransform
[        ] Transforming jose4j-0.9.5.jar (org.bitbucket.b_c:jose4j:0.9.5) with MergeInstrumentationAnalysisTransform
[        ] Transforming slf4j-api-1.7.30.jar (org.slf4j:slf4j-api:1.7.30) with InstrumentationAnalysisTransform
[        ] Transforming slf4j-api-1.7.30.jar (org.slf4j:slf4j-api:1.7.30) with MergeInstrumentationAnalysisTransform
[        ] Transforming jdom2-2.0.6.jar (org.jdom:jdom2:2.0.6) with InstrumentationAnalysisTransform
[        ] Transforming jdom2-2.0.6.jar (org.jdom:jdom2:2.0.6) with MergeInstrumentationAnalysisTransform
[        ] Transforming jsr305-3.0.2.jar (com.google.code.findbugs:jsr305:3.0.2) with InstrumentationAnalysisTransform
[        ] Transforming jsr305-3.0.2.jar (com.google.code.findbugs:jsr305:3.0.2) with MergeInstrumentationAnalysisTransform
[        ] Transforming j2objc-annotations-2.8.jar (com.google.j2objc:j2objc-annotations:2.8) with InstrumentationAnalysisTransform
[        ] Transforming j2objc-annotations-2.8.jar (com.google.j2objc:j2objc-annotations:2.8) with MergeInstrumentationAnalysisTransform
[        ] Transforming annotations-4.1.1.4.jar (com.google.android:annotations:4.1.1.4) with InstrumentationAnalysisTransform
[        ] Transforming annotations-4.1.1.4.jar (com.google.android:annotations:4.1.1.4) with MergeInstrumentationAnalysisTransform
[        ] Transforming animal-sniffer-annotations-1.23.jar (org.codehaus.mojo:animal-sniffer-annotations:1.23) with InstrumentationAnalysisTransform
[        ] Transforming animal-sniffer-annotations-1.23.jar (org.codehaus.mojo:animal-sniffer-annotations:1.23) with MergeInstrumentationAnalysisTransform
[        ] Transforming perfmark-api-0.26.0.jar (io.perfmark:perfmark-api:0.26.0) with InstrumentationAnalysisTransform
[        ] Transforming perfmark-api-0.26.0.jar (io.perfmark:perfmark-api:0.26.0) with MergeInstrumentationAnalysisTransform
[        ] Transforming netty-codec-http2-4.1.93.Final.jar (io.netty:netty-codec-http2:4.1.93.Final) with InstrumentationAnalysisTransform
[        ] Transforming netty-codec-http2-4.1.93.Final.jar (io.netty:netty-codec-http2:4.1.93.Final) with MergeInstrumentationAnalysisTransform
[        ] Transforming netty-handler-proxy-4.1.93.Final.jar (io.netty:netty-handler-proxy:4.1.93.Final) with InstrumentationAnalysisTransform
[        ] Transforming netty-handler-proxy-4.1.93.Final.jar (io.netty:netty-handler-proxy:4.1.93.Final) with MergeInstrumentationAnalysisTransform
[        ] Transforming netty-codec-http-4.1.93.Final.jar (io.netty:netty-codec-http:4.1.93.Final) with InstrumentationAnalysisTransform
[        ] Transforming istack-commons-runtime-3.0.8.jar (com.sun.istack:istack-commons-runtime:3.0.8) with ExternalDependencyInstrumentingArtifactTransform
[        ] Transforming jose4j-0.9.5.jar (org.bitbucket.b_c:jose4j:0.9.5) with ExternalDependencyInstrumentingArtifactTransform
[        ] Transforming slf4j-api-1.7.30.jar (org.slf4j:slf4j-api:1.7.30) with ExternalDependencyInstrumentingArtifactTransform
[        ] Transforming jdom2-2.0.6.jar (org.jdom:jdom2:2.0.6) with ExternalDependencyInstrumentingArtifactTransform
[        ] Transforming jsr305-3.0.2.jar (com.google.code.findbugs:jsr305:3.0.2) with ExternalDependencyInstrumentingArtifactTransform
[        ] Transforming netty-codec-http-4.1.93.Final.jar (io.netty:netty-codec-http:4.1.93.Final) with MergeInstrumentationAnalysisTransform
[        ] Transforming netty-handler-4.1.93.Final.jar (io.netty:netty-handler:4.1.93.Final) with InstrumentationAnalysisTransform
[        ] Transforming jakarta.activation-api-1.2.1.jar (jakarta.activation:jakarta.activation-api:1.2.1) with ExternalDependencyInstrumentingArtifactTransform
[        ] Transforming netty-handler-4.1.93.Final.jar (io.netty:netty-handler:4.1.93.Final) with MergeInstrumentationAnalysisTransform
[        ] Transforming netty-transport-native-unix-common-4.1.93.Final.jar (io.netty:netty-transport-native-unix-common:4.1.93.Final) with InstrumentationAnalysisTransform
[        ] Transforming netty-transport-native-unix-common-4.1.93.Final.jar (io.netty:netty-transport-native-unix-common:4.1.93.Final) with MergeInstrumentationAnalysisTransform
[        ] Transforming checker-qual-3.33.0.jar (org.checkerframework:checker-qual:3.33.0) with InstrumentationAnalysisTransform
[        ] Transforming netty-codec-http-4.1.93.Final.jar (io.netty:netty-codec-http:4.1.93.Final) with ExternalDependencyInstrumentingArtifactTransform
[        ] Transforming netty-handler-proxy-4.1.93.Final.jar (io.netty:netty-handler-proxy:4.1.93.Final) with ExternalDependencyInstrumentingArtifactTransform
[        ] Transforming netty-handler-4.1.93.Final.jar (io.netty:netty-handler:4.1.93.Final) with ExternalDependencyInstrumentingArtifactTransform
[        ] Transforming netty-transport-native-unix-common-4.1.93.Final.jar (io.netty:netty-transport-native-unix-common:4.1.93.Final) with ExternalDependencyInstrumentingArtifactTransform
[        ] Transforming auto-value-annotations-1.6.2.jar (com.google.auto.value:auto-value-annotations:1.6.2) with ExternalDependencyInstrumentingArtifactTransform
[        ] Transforming FastInfoset-1.2.16.jar (com.sun.xml.fastinfoset:FastInfoset:1.2.16) with ExternalDependencyInstrumentingArtifactTransform
[        ] Transforming checker-qual-3.33.0.jar (org.checkerframework:checker-qual:3.33.0) with MergeInstrumentationAnalysisTransform
[        ] Transforming commons-codec-1.11.jar (commons-codec:commons-codec:1.11) with InstrumentationAnalysisTransform
[        ] Transforming commons-codec-1.11.jar (commons-codec:commons-codec:1.11) with MergeInstrumentationAnalysisTransform
[        ] Transforming checker-qual-3.33.0.jar (org.checkerframework:checker-qual:3.33.0) with ExternalDependencyInstrumentingArtifactTransform
[        ] Transforming netty-codec-http2-4.1.93.Final.jar (io.netty:netty-codec-http2:4.1.93.Final) with ExternalDependencyInstrumentingArtifactTransform
[        ] Transforming perfmark-api-0.26.0.jar (io.perfmark:perfmark-api:0.26.0) with ExternalDependencyInstrumentingArtifactTransform
[        ] Transforming animal-sniffer-annotations-1.23.jar (org.codehaus.mojo:animal-sniffer-annotations:1.23) with ExternalDependencyInstrumentingArtifactTransform
[        ] Transforming j2objc-annotations-2.8.jar (com.google.j2objc:j2objc-annotations:2.8) with ExternalDependencyInstrumentingArtifactTransform
[        ] Transforming annotations-4.1.1.4.jar (com.google.android:annotations:4.1.1.4) with ExternalDependencyInstrumentingArtifactTransform
[        ] Transforming error_prone_annotations-2.18.0.jar (com.google.errorprone:error_prone_annotations:2.18.0) with ExternalDependencyInstrumentingArtifactTransform
[        ] Transforming commons-codec-1.11.jar (commons-codec:commons-codec:1.11) with ExternalDependencyInstrumentingArtifactTransform
[        ] Transforming apksig-8.5.1.jar (com.android.tools.build:apksig:8.5.1) with InstrumentationAnalysisTransform
[        ] Transforming apksig-8.5.1.jar (com.android.tools.build:apksig:8.5.1) with MergeInstrumentationAnalysisTransform
[        ] Transforming javawriter-2.5.0.jar (com.squareup:javawriter:2.5.0) with InstrumentationAnalysisTransform
[        ] Transforming apksig-8.5.1.jar (com.android.tools.build:apksig:8.5.1) with ExternalDependencyInstrumentingArtifactTransform
[        ] Transforming javawriter-2.5.0.jar (com.squareup:javawriter:2.5.0) with MergeInstrumentationAnalysisTransform
[        ] Transforming kotlin-gradle-plugin-annotations-2.1.10.jar (org.jetbrains.kotlin:kotlin-gradle-plugin-annotations:2.1.10) with InstrumentationAnalysisTransform
[        ] Transforming kotlin-gradle-plugin-annotations-2.1.10.jar (org.jetbrains.kotlin:kotlin-gradle-plugin-annotations:2.1.10) with MergeInstrumentationAnalysisTransform
[        ] Transforming kotlin-native-utils-2.1.10.jar (org.jetbrains.kotlin:kotlin-native-utils:2.1.10) with InstrumentationAnalysisTransform
[        ] Transforming kotlin-native-utils-2.1.10.jar (org.jetbrains.kotlin:kotlin-native-utils:2.1.10) with MergeInstrumentationAnalysisTransform
[        ] Transforming javawriter-2.5.0.jar (com.squareup:javawriter:2.5.0) with ExternalDependencyInstrumentingArtifactTransform
[        ] Transforming kotlin-tooling-core-2.1.10.jar (org.jetbrains.kotlin:kotlin-tooling-core:2.1.10) with InstrumentationAnalysisTransform
[        ] Transforming kotlin-tooling-core-2.1.10.jar (org.jetbrains.kotlin:kotlin-tooling-core:2.1.10) with MergeInstrumentationAnalysisTransform
[        ] Transforming kotlin-build-tools-api-2.1.10.jar (org.jetbrains.kotlin:kotlin-build-tools-api:2.1.10) with InstrumentationAnalysisTransform
[        ] Transforming kotlin-gradle-plugin-annotations-2.1.10.jar (org.jetbrains.kotlin:kotlin-gradle-plugin-annotations:2.1.10) with ExternalDependencyInstrumentingArtifactTransform
[        ] Transforming kotlin-native-utils-2.1.10.jar (org.jetbrains.kotlin:kotlin-native-utils:2.1.10) with ExternalDependencyInstrumentingArtifactTransform
[        ] Transforming kotlin-build-tools-api-2.1.10.jar (org.jetbrains.kotlin:kotlin-build-tools-api:2.1.10) with MergeInstrumentationAnalysisTransform
[        ] Transforming kotlin-util-klib-2.1.10.jar (org.jetbrains.kotlin:kotlin-util-klib:2.1.10) with InstrumentationAnalysisTransform
[        ] Transforming kotlin-tooling-core-2.1.10.jar (org.jetbrains.kotlin:kotlin-tooling-core:2.1.10) with ExternalDependencyInstrumentingArtifactTransform
[        ] Transforming kotlin-util-klib-2.1.10.jar (org.jetbrains.kotlin:kotlin-util-klib:2.1.10) with MergeInstrumentationAnalysisTransform
[        ] Transforming kotlin-build-tools-api-2.1.10.jar (org.jetbrains.kotlin:kotlin-build-tools-api:2.1.10) with ExternalDependencyInstrumentingArtifactTransform
[        ] Transforming kotlin-util-klib-2.1.10.jar (org.jetbrains.kotlin:kotlin-util-klib:2.1.10) with ExternalDependencyInstrumentingArtifactTransform
[        ] Transforming kotlin-util-io-2.1.10.jar (org.jetbrains.kotlin:kotlin-util-io:2.1.10) with InstrumentationAnalysisTransform
[        ] Transforming kotlin-util-io-2.1.10.jar (org.jetbrains.kotlin:kotlin-util-io:2.1.10) with MergeInstrumentationAnalysisTransform
[        ] Transforming kotlin-daemon-client-2.1.10.jar (org.jetbrains.kotlin:kotlin-daemon-client:2.1.10) with InstrumentationAnalysisTransform
[        ] Transforming kotlin-daemon-client-2.1.10.jar (org.jetbrains.kotlin:kotlin-daemon-client:2.1.10) with MergeInstrumentationAnalysisTransform
[        ] Transforming kotlinx-coroutines-core-jvm-1.6.4.jar (org.jetbrains.kotlinx:kotlinx-coroutines-core-jvm:1.6.4) with InstrumentationAnalysisTransform
[        ] Transforming kotlinx-coroutines-core-jvm-1.6.4.jar (org.jetbrains.kotlinx:kotlinx-coroutines-core-jvm:1.6.4) with MergeInstrumentationAnalysisTransform
[        ] Transforming failureaccess-1.0.1.jar (com.google.guava:failureaccess:1.0.1) with InstrumentationAnalysisTransform
[        ] Transforming failureaccess-1.0.1.jar (com.google.guava:failureaccess:1.0.1) with MergeInstrumentationAnalysisTransform
[        ] Transforming listenablefuture-9999.0-empty-to-avoid-conflict-with-guava.jar (com.google.guava:listenablefuture:9999.0-empty-to-avoid-conflict-with-guava) with InstrumentationAnalysisTransform
[        ] Transforming listenablefuture-9999.0-empty-to-avoid-conflict-with-guava.jar (com.google.guava:listenablefuture:9999.0-empty-to-avoid-conflict-with-guava) with MergeInstrumentationAnalysisTransform
[        ] Transforming commons-logging-1.2.jar (commons-logging:commons-logging:1.2) with InstrumentationAnalysisTransform
[        ] Transforming commons-logging-1.2.jar (commons-logging:commons-logging:1.2) with MergeInstrumentationAnalysisTransform
[        ] Transforming kotlin-util-io-2.1.10.jar (org.jetbrains.kotlin:kotlin-util-io:2.1.10) with ExternalDependencyInstrumentingArtifactTransform
[        ] Transforming kotlin-daemon-client-2.1.10.jar (org.jetbrains.kotlin:kotlin-daemon-client:2.1.10) with ExternalDependencyInstrumentingArtifactTransform
[        ] Transforming kotlinx-coroutines-core-jvm-1.6.4.jar (org.jetbrains.kotlinx:kotlinx-coroutines-core-jvm:1.6.4) with ExternalDependencyInstrumentingArtifactTransform
[        ] Transforming failureaccess-1.0.1.jar (com.google.guava:failureaccess:1.0.1) with ExternalDependencyInstrumentingArtifactTransform
[        ] Transforming jna-5.6.0.jar (net.java.dev.jna:jna:5.6.0) with InstrumentationAnalysisTransform
[        ] Transforming commons-logging-1.2.jar (commons-logging:commons-logging:1.2) with ExternalDependencyInstrumentingArtifactTransform
[        ] Transforming listenablefuture-9999.0-empty-to-avoid-conflict-with-guava.jar (com.google.guava:listenablefuture:9999.0-empty-to-avoid-conflict-with-guava) with ExternalDependencyInstrumentingArtifactTransform
[        ] Transforming jna-5.6.0.jar (net.java.dev.jna:jna:5.6.0) with MergeInstrumentationAnalysisTransform
[        ] Transforming netty-codec-socks-4.1.93.Final.jar (io.netty:netty-codec-socks:4.1.93.Final) with InstrumentationAnalysisTransform
[        ] Transforming netty-codec-socks-4.1.93.Final.jar (io.netty:netty-codec-socks:4.1.93.Final) with MergeInstrumentationAnalysisTransform
[        ] Transforming netty-codec-4.1.93.Final.jar (io.netty:netty-codec:4.1.93.Final) with InstrumentationAnalysisTransform
[        ] Transforming netty-codec-4.1.93.Final.jar (io.netty:netty-codec:4.1.93.Final) with MergeInstrumentationAnalysisTransform
[        ] Transforming netty-transport-4.1.93.Final.jar (io.netty:netty-transport:4.1.93.Final) with InstrumentationAnalysisTransform
[        ] Transforming netty-transport-4.1.93.Final.jar (io.netty:netty-transport:4.1.93.Final) with MergeInstrumentationAnalysisTransform
[        ] Transforming netty-buffer-4.1.93.Final.jar (io.netty:netty-buffer:4.1.93.Final) with InstrumentationAnalysisTransform
[        ] Transforming netty-buffer-4.1.93.Final.jar (io.netty:netty-buffer:4.1.93.Final) with MergeInstrumentationAnalysisTransform
[        ] Transforming netty-resolver-4.1.93.Final.jar (io.netty:netty-resolver:4.1.93.Final) with InstrumentationAnalysisTransform
[        ] Transforming jna-5.6.0.jar (net.java.dev.jna:jna:5.6.0) with ExternalDependencyInstrumentingArtifactTransform
[        ] Transforming netty-resolver-4.1.93.Final.jar (io.netty:netty-resolver:4.1.93.Final) with MergeInstrumentationAnalysisTransform
[        ] Transforming netty-common-4.1.93.Final.jar (io.netty:netty-common:4.1.93.Final) with InstrumentationAnalysisTransform
[        ] Transforming netty-common-4.1.93.Final.jar (io.netty:netty-common:4.1.93.Final) with MergeInstrumentationAnalysisTransform
[        ] Transforming netty-codec-socks-4.1.93.Final.jar (io.netty:netty-codec-socks:4.1.93.Final) with ExternalDependencyInstrumentingArtifactTransform
[        ] Transforming netty-codec-4.1.93.Final.jar (io.netty:netty-codec:4.1.93.Final) with ExternalDependencyInstrumentingArtifactTransform
[        ] Transforming netty-transport-4.1.93.Final.jar (io.netty:netty-transport:4.1.93.Final) with ExternalDependencyInstrumentingArtifactTransform
[        ] Transforming netty-buffer-4.1.93.Final.jar (io.netty:netty-buffer:4.1.93.Final) with ExternalDependencyInstrumentingArtifactTransform
[        ] Transforming netty-resolver-4.1.93.Final.jar (io.netty:netty-resolver:4.1.93.Final) with ExternalDependencyInstrumentingArtifactTransform
[        ] Transforming netty-common-4.1.93.Final.jar (io.netty:netty-common:4.1.93.Final) with ExternalDependencyInstrumentingArtifactTransform
[        ] Build was configured to prefer settings repositories over project repositories but repository 'Google10' was added by build file 'C:\Users\jakao\AppData\Local\Pub\Cache\hosted\pub.dev\shared_preferences_android-2.4.10\android\build.gradle'
[        ] Build was configured to prefer settings repositories over project repositories but repository 'MavenRepo10' was added by build file 'C:\Users\jakao\AppData\Local\Pub\Cache\hosted\pub.dev\shared_preferences_android-2.4.10\android\build.gradle'
[        ] Build was configured to prefer settings repositories over project repositories but repository 'Google10' was added by build file 'C:\Users\jakao\AppData\Local\Pub\Cache\hosted\pub.dev\shared_preferences_android-2.4.10\android\build.gradle'
[        ] Build was configured to prefer settings repositories over project repositories but repository 'MavenRepo10' was added by build file 'C:\Users\jakao\AppData\Local\Pub\Cache\hosted\pub.dev\shared_preferences_android-2.4.10\android\build.gradle'
[        ] Build was configured to prefer settings repositories over project repositories but repository 'Google10' was added by build file 'C:\Users\jakao\AppData\Local\Pub\Cache\hosted\pub.dev\shared_preferences_android-2.4.10\android\build.gradle'
[        ] Build was configured to prefer settings repositories over project repositories but repository 'MavenRepo10' was added by build file 'C:\Users\jakao\AppData\Local\Pub\Cache\hosted\pub.dev\shared_preferences_android-2.4.10\android\build.gradle'
[        ] Build was configured to prefer settings repositories over project repositories but repository 'Google10' was added by build file 'C:\Users\jakao\AppData\Local\Pub\Cache\hosted\pub.dev\shared_preferences_android-2.4.10\android\build.gradle'
[        ] Build was configured to prefer settings repositories over project repositories but repository 'MavenRepo10' was added by build file 'C:\Users\jakao\AppData\Local\Pub\Cache\hosted\pub.dev\shared_preferences_android-2.4.10\android\build.gradle'
[        ] Build was configured to prefer settings repositories over project repositories but repository 'Google10' was added by build file 'C:\Users\jakao\AppData\Local\Pub\Cache\hosted\pub.dev\shared_preferences_android-2.4.10\android\build.gradle'
[        ] Build was configured to prefer settings repositories over project repositories but repository 'MavenRepo10' was added by build file 'C:\Users\jakao\AppData\Local\Pub\Cache\hosted\pub.dev\shared_preferences_android-2.4.10\android\build.gradle'
[        ] Build was configured to prefer settings repositories over project repositories but repository 'Google10' was added by build file 'C:\Users\jakao\AppData\Local\Pub\Cache\hosted\pub.dev\shared_preferences_android-2.4.10\android\build.gradle'
[        ] Build was configured to prefer settings repositories over project repositories but repository 'MavenRepo10' was added by build file 'C:\Users\jakao\AppData\Local\Pub\Cache\hosted\pub.dev\shared_preferences_android-2.4.10\android\build.gradle'
[   +1 ms] Build was configured to prefer settings repositories over project repositories but repository 'Google11' was added by build file 'C:\Users\jakao\AppData\Local\Pub\Cache\hosted\pub.dev\shared_preferences_android-2.4.10\android\build.gradle'
[        ] Build was configured to prefer settings repositories over project repositories but repository 'MavenRepo11' was added by build file 'C:\Users\jakao\AppData\Local\Pub\Cache\hosted\pub.dev\shared_preferences_android-2.4.10\android\build.gradle'
[        ] Build was configured to prefer settings repositories over project repositories but repository 'Google10' was added by build file 'C:\Users\jakao\AppData\Local\Pub\Cache\hosted\pub.dev\shared_preferences_android-2.4.10\android\build.gradle'
[        ] Build was configured to prefer settings repositories over project repositories but repository 'MavenRepo10' was added by build file 'C:\Users\jakao\AppData\Local\Pub\Cache\hosted\pub.dev\shared_preferences_android-2.4.10\android\build.gradle'
[        ] Build was configured to prefer settings repositories over project repositories but repository 'Google10' was added by build file 'C:\Users\jakao\AppData\Local\Pub\Cache\hosted\pub.dev\shared_preferences_android-2.4.10\android\build.gradle'
[        ] Build was configured to prefer settings repositories over project repositories but repository 'MavenRepo10' was added by build file 'C:\Users\jakao\AppData\Local\Pub\Cache\hosted\pub.dev\shared_preferences_android-2.4.10\android\build.gradle'
[        ] Build was configured to prefer settings repositories over project repositories but repository 'Google10' was added by build file 'C:\Users\jakao\AppData\Local\Pub\Cache\hosted\pub.dev\shared_preferences_android-2.4.10\android\build.gradle'
[        ] Build was configured to prefer settings repositories over project repositories but repository 'MavenRepo10' was added by build file 'C:\Users\jakao\AppData\Local\Pub\Cache\hosted\pub.dev\shared_preferences_android-2.4.10\android\build.gradle'
[        ] Build was configured to prefer settings repositories over project repositories but repository 'Google10' was added by build file 'C:\Users\jakao\AppData\Local\Pub\Cache\hosted\pub.dev\shared_preferences_android-2.4.10\android\build.gradle'
[        ] Build was configured to prefer settings repositories over project repositories but repository 'MavenRepo10' was added by build file 'C:\Users\jakao\AppData\Local\Pub\Cache\hosted\pub.dev\shared_preferences_android-2.4.10\android\build.gradle'
[        ] Build was configured to prefer settings repositories over project repositories but repository 'Google10' was added by build file 'C:\Users\jakao\AppData\Local\Pub\Cache\hosted\pub.dev\shared_preferences_android-2.4.10\android\build.gradle'
[        ] Build was configured to prefer settings repositories over project repositories but repository 'MavenRepo10' was added by build file 'C:\Users\jakao\AppData\Local\Pub\Cache\hosted\pub.dev\shared_preferences_android-2.4.10\android\build.gradle'
[        ] Build was configured to prefer settings repositories over project repositories but repository 'Google10' was added by build file 'C:\Users\jakao\AppData\Local\Pub\Cache\hosted\pub.dev\shared_preferences_android-2.4.10\android\build.gradle'
[        ] Build was configured to prefer settings repositories over project repositories but repository 'MavenRepo10' was added by build file 'C:\Users\jakao\AppData\Local\Pub\Cache\hosted\pub.dev\shared_preferences_android-2.4.10\android\build.gradle'
[        ] Build was configured to prefer settings repositories over project repositories but repository 'Google10' was added by build file 'C:\Users\jakao\AppData\Local\Pub\Cache\hosted\pub.dev\shared_preferences_android-2.4.10\android\build.gradle'
[        ] Build was configured to prefer settings repositories over project repositories but repository 'MavenRepo10' was added by build file 'C:\Users\jakao\AppData\Local\Pub\Cache\hosted\pub.dev\shared_preferences_android-2.4.10\android\build.gradle'
[        ] Build was configured to prefer settings repositories over project repositories but repository 'Google10' was added by build file 'C:\Users\jakao\AppData\Local\Pub\Cache\hosted\pub.dev\shared_preferences_android-2.4.10\android\build.gradle'
[        ] Build was configured to prefer settings repositories over project repositories but repository 'MavenRepo10' was added by build file 'C:\Users\jakao\AppData\Local\Pub\Cache\hosted\pub.dev\shared_preferences_android-2.4.10\android\build.gradle'
[        ] Using default execution profile
[        ] Using Kotlin Gradle Plugin gradle85 variant
[  +43 ms] > Configure project :sqflite_android
[        ] Evaluating project ':sqflite_android' using build file 'C:\Users\jakao\AppData\Local\Pub\Cache\hosted\pub.dev\sqflite_android-2.4.1\android\build.gradle'.
[        ] Transforming gradle-8.5.0.jar (com.android.tools.build:gradle:8.5.0) with InstrumentationAnalysisTransform
[        ] Transforming gradle-settings-api-8.5.0.jar (com.android.tools.build:gradle-settings-api:8.5.0) with InstrumentationAnalysisTransform
[        ] Transforming lint-model-31.5.0.jar (com.android.tools.lint:lint-model:31.5.0) with InstrumentationAnalysisTransform
[        ] Transforming builder-8.5.0.jar (com.android.tools.build:builder:8.5.0) with InstrumentationAnalysisTransform
[        ] Transforming manifest-merger-31.5.0.jar (com.android.tools.build:manifest-merger:31.5.0) with InstrumentationAnalysisTransform
[        ] Transforming sdk-common-31.5.0.jar (com.android.tools:sdk-common:31.5.0) with InstrumentationAnalysisTransform
[        ] Transforming sdklib-31.5.0.jar (com.android.tools:sdklib:31.5.0) with InstrumentationAnalysisTransform
[        ] Transforming repository-31.5.0.jar (com.android.tools:repository:31.5.0) with InstrumentationAnalysisTransform
[        ] Transforming gradle-api-8.5.0.jar (com.android.tools.build:gradle-api:8.5.0) with InstrumentationAnalysisTransform
[        ] Transforming builder-test-api-8.5.0.jar (com.android.tools.build:builder-test-api:8.5.0) with InstrumentationAnalysisTransform
[        ] Transforming ddmlib-31.5.0.jar (com.android.tools.ddms:ddmlib:31.5.0) with InstrumentationAnalysisTransform
[        ] Transforming aaptcompiler-8.5.0.jar (com.android.tools.build:aaptcompiler:8.5.0) with InstrumentationAnalysisTransform
[        ] Transforming bundletool-1.16.0.jar (com.android.tools.build:bundletool:1.16.0) with InstrumentationAnalysisTransform
[        ] Transforming aapt2-proto-8.5.0-11315950.jar (com.android.tools.build:aapt2-proto:8.5.0-11315950) with InstrumentationAnalysisTransform
[        ] Transforming crash-31.5.0.jar (com.android.tools.analytics-library:crash:31.5.0) with InstrumentationAnalysisTransform
[        ] Transforming tracker-31.5.0.jar (com.android.tools.analytics-library:tracker:31.5.0) with InstrumentationAnalysisTransform
[        ] Transforming shared-31.5.0.jar (com.android.tools.analytics-library:shared:31.5.0) with InstrumentationAnalysisTransform
[        ] Transforming lint-typedef-remover-31.5.0.jar (com.android.tools.lint:lint-typedef-remover:31.5.0) with InstrumentationAnalysisTransform
[        ] Transforming databinding-compiler-common-8.5.0.jar (androidx.databinding:databinding-compiler-common:8.5.0) with InstrumentationAnalysisTransform
[        ] Transforming databinding-common-8.5.0.jar (androidx.databinding:databinding-common:8.5.0) with InstrumentationAnalysisTransform
[        ] Transforming baseLibrary-8.5.0.jar (com.android.databinding:baseLibrary:8.5.0) with InstrumentationAnalysisTransform
[        ] Transforming layoutlib-api-31.5.0.jar (com.android.tools.layoutlib:layoutlib-api:31.5.0) with InstrumentationAnalysisTransform
[        ] Transforming android-device-provider-ddmlib-proto-31.5.0.jar (com.android.tools.utp:android-device-provider-ddmlib-proto:31.5.0) with InstrumentationAnalysisTransform
[        ] Transforming android-device-provider-gradle-proto-31.5.0.jar (com.android.tools.utp:android-device-provider-gradle-proto:31.5.0) with InstrumentationAnalysisTransform
[        ] Transforming android-test-plugin-host-additional-test-output-proto-31.5.0.jar (com.android.tools.utp:android-test-plugin-host-additional-test-output-proto:31.5.0) with InstrumentationAnalysisTransform
[        ] Transforming android-test-plugin-host-coverage-proto-31.5.0.jar (com.android.tools.utp:android-test-plugin-host-coverage-proto:31.5.0) with InstrumentationAnalysisTransform
[        ] Transforming android-test-plugin-host-emulator-control-proto-31.5.0.jar (com.android.tools.utp:android-test-plugin-host-emulator-control-proto:31.5.0) with InstrumentationAnalysisTransform
[        ] Transforming android-test-plugin-host-logcat-proto-31.5.0.jar (com.android.tools.utp:android-test-plugin-host-logcat-proto:31.5.0) with InstrumentationAnalysisTransform
[        ] Transforming android-test-plugin-host-apk-installer-proto-31.5.0.jar (com.android.tools.utp:android-test-plugin-host-apk-installer-proto:31.5.0) with InstrumentationAnalysisTransform
[        ] Transforming android-test-plugin-host-retention-proto-31.5.0.jar (com.android.tools.utp:android-test-plugin-host-retention-proto:31.5.0) with InstrumentationAnalysisTransform
[        ] Transforming android-test-plugin-result-listener-gradle-proto-31.5.0.jar (com.android.tools.utp:android-test-plugin-result-listener-gradle-proto:31.5.0) with InstrumentationAnalysisTransform
[        ] Transforming builder-model-8.5.0.jar (com.android.tools.build:builder-model:8.5.0) with InstrumentationAnalysisTransform
[        ] Transforming dvlib-31.5.0.jar (com.android.tools:dvlib:31.5.0) with InstrumentationAnalysisTransform
[        ] Transforming common-31.5.0.jar (com.android.tools:common:31.5.0) with InstrumentationAnalysisTransform
[        ] Transforming jetifier-processor-1.0.0-beta10.jar (com.android.tools.build.jetifier:jetifier-processor:1.0.0-beta10) with InstrumentationAnalysisTransform
[        ] Transforming jetifier-core-1.0.0-beta10.jar (com.android.tools.build.jetifier:jetifier-core:1.0.0-beta10) with InstrumentationAnalysisTransform
[        ] Transforming kotlin-reflect-1.9.20.jar (org.jetbrains.kotlin:kotlin-reflect:1.9.20) with InstrumentationAnalysisTransform
[        ] Transforming kotlin-stdlib-jdk7-1.9.20.jar (org.jetbrains.kotlin:kotlin-stdlib-jdk7:1.9.20) with InstrumentationAnalysisTransform
[        ] Transforming kotlin-stdlib-1.9.20.jar (org.jetbrains.kotlin:kotlin-stdlib:1.9.20) with InstrumentationAnalysisTransform
[        ] Transforming kotlin-stdlib-jdk8-1.9.20.jar (org.jetbrains.kotlin:kotlin-stdlib-jdk8:1.9.20) with InstrumentationAnalysisTransform
[        ] Transforming transform-api-2.0.0-deprecated-use-gradle-api.jar (com.android.tools.build:transform-api:2.0.0-deprecated-use-gradle-api) with InstrumentationAnalysisTransform
[        ] Transforming httpmime-4.5.6.jar (org.apache.httpcomponents:httpmime:4.5.6) with InstrumentationAnalysisTransform
[        ] Transforming commons-io-2.13.0.jar (commons-io:commons-io:2.13.0) with InstrumentationAnalysisTransform
[        ] Transforming asm-commons-9.6.jar (org.ow2.asm:asm-commons:9.6) with InstrumentationAnalysisTransform
[        ] Transforming asm-util-9.6.jar (org.ow2.asm:asm-util:9.6) with InstrumentationAnalysisTransform
[        ] Transforming asm-analysis-9.6.jar (org.ow2.asm:asm-analysis:9.6) with InstrumentationAnalysisTransform
[        ] Transforming asm-tree-9.6.jar (org.ow2.asm:asm-tree:9.6) with InstrumentationAnalysisTransform
[        ] Transforming asm-9.6.jar (org.ow2.asm:asm:9.6) with InstrumentationAnalysisTransform
[        ] Transforming apkzlib-8.5.0.jar (com.android.tools.build:apkzlib:8.5.0) with InstrumentationAnalysisTransform
[        ] Transforming bcpkix-jdk18on-1.77.jar (org.bouncycastle:bcpkix-jdk18on:1.77) with InstrumentationAnalysisTransform
[        ] Transforming jaxb-runtime-2.3.2.jar (org.glassfish.jaxb:jaxb-runtime:2.3.2) with InstrumentationAnalysisTransform
[        ] Transforming jopt-simple-4.9.jar (net.sf.jopt-simple:jopt-simple:4.9) with InstrumentationAnalysisTransform
[        ] Transforming javapoet-1.10.0.jar (com.squareup:javapoet:1.10.0) with InstrumentationAnalysisTransform
[        ] Transforming protobuf-java-util-3.22.3.jar (com.google.protobuf:protobuf-java-util:3.22.3) with InstrumentationAnalysisTransform
[        ] Transforming grpc-protobuf-1.57.0.jar (io.grpc:grpc-protobuf:1.57.0) with InstrumentationAnalysisTransform
[        ] Transforming tink-1.7.0.jar (com.google.crypto.tink:tink:1.7.0) with InstrumentationAnalysisTransform
[        ] Transforming protos-31.5.0.jar (com.android.tools.analytics-library:protos:31.5.0) with InstrumentationAnalysisTransform
[        ] Transforming proto-google-common-protos-2.17.0.jar (com.google.api.grpc:proto-google-common-protos:2.17.0) with InstrumentationAnalysisTransform
[        ] Transforming protobuf-java-3.22.3.jar (com.google.protobuf:protobuf-java:3.22.3) with InstrumentationAnalysisTransform
[        ] Transforming grpc-netty-1.57.0.jar (io.grpc:grpc-netty:1.57.0) with InstrumentationAnalysisTransform
[        ] Transforming grpc-core-1.57.0.jar (io.grpc:grpc-core:1.57.0) with InstrumentationAnalysisTransform
[        ] Transforming gson-2.10.1.jar (com.google.code.gson:gson:2.10.1) with InstrumentationAnalysisTransform
[        ] Transforming grpc-stub-1.57.0.jar (io.grpc:grpc-stub:1.57.0) with InstrumentationAnalysisTransform
[        ] Transforming core-proto-0.0.9-alpha02.jar (com.google.testing.platform:core-proto:0.0.9-alpha02) with InstrumentationAnalysisTransform
[        ] Transforming kxml2-2.3.0.jar (net.sf.kxml:kxml2:2.3.0) with InstrumentationAnalysisTransform
[        ] Transforming tensorflow-lite-metadata-0.1.0-rc2.jar (org.tensorflow:tensorflow-lite-metadata:0.1.0-rc2) with InstrumentationAnalysisTransform
[        ] Transforming flatbuffers-java-1.12.0.jar (com.google.flatbuffers:flatbuffers-java:1.12.0) with InstrumentationAnalysisTransform
[        ] Transforming jimfs-1.1.jar (com.google.jimfs:jimfs:1.1) with InstrumentationAnalysisTransform
[        ] Transforming grpc-context-1.57.0.jar (io.grpc:grpc-context:1.57.0) with InstrumentationAnalysisTransform
[        ] Transforming grpc-protobuf-lite-1.57.0.jar (io.grpc:grpc-protobuf-lite:1.57.0) with InstrumentationAnalysisTransform
[        ] Transforming grpc-api-1.57.0.jar (io.grpc:grpc-api:1.57.0) with InstrumentationAnalysisTransform
[        ] Transforming guava-32.0.1-jre.jar (com.google.guava:guava:32.0.1-jre) with InstrumentationAnalysisTransform
[        ] Transforming dagger-2.28.3.jar (com.google.dagger:dagger:2.28.3) with InstrumentationAnalysisTransform
[        ] Transforming javax.inject-1.jar (javax.inject:javax.inject:1) with InstrumentationAnalysisTransform
[        ] Transforming bcutil-jdk18on-1.77.jar (org.bouncycastle:bcutil-jdk18on:1.77) with InstrumentationAnalysisTransform
[        ] Transforming bcprov-jdk18on-1.77.jar (org.bouncycastle:bcprov-jdk18on:1.77) with InstrumentationAnalysisTransform
[        ] Transforming trove4j-1.0.20200330.jar (org.jetbrains.intellij.deps:trove4j:1.0.20200330) with InstrumentationAnalysisTransform
[        ] Transforming commons-compress-1.21.jar (org.apache.commons:commons-compress:1.21) with InstrumentationAnalysisTransform
[        ] Transforming httpclient-4.5.14.jar (org.apache.httpcomponents:httpclient:4.5.14) with InstrumentationAnalysisTransform
[        ] Transforming httpcore-4.4.16.jar (org.apache.httpcomponents:httpcore:4.4.16) with InstrumentationAnalysisTransform
[        ] Transforming javax.activation-1.2.0.jar (com.sun.activation:javax.activation:1.2.0) with InstrumentationAnalysisTransform
[        ] Transforming annotations-23.0.0.jar (org.jetbrains:annotations:23.0.0) with InstrumentationAnalysisTransform
[        ] Transforming signflinger-8.5.0.jar (com.android:signflinger:8.5.0) with InstrumentationAnalysisTransform
[        ] Transforming zipflinger-8.5.0.jar (com.android:zipflinger:8.5.0) with InstrumentationAnalysisTransform
[        ] Transforming annotations-31.5.0.jar (com.android.tools:annotations:31.5.0) with InstrumentationAnalysisTransform
[        ] Transforming jna-platform-5.6.0.jar (net.java.dev.jna:jna-platform:5.6.0) with InstrumentationAnalysisTransform
[        ] Transforming juniversalchardet-1.0.3.jar (com.googlecode.juniversalchardet:juniversalchardet:1.0.3) with InstrumentationAnalysisTransform
[        ] Transforming javax.annotation-api-1.3.2.jar (javax.annotation:javax.annotation-api:1.3.2) with InstrumentationAnalysisTransform
[        ] Transforming stax-ex-1.8.1.jar (org.jvnet.staxex:stax-ex:1.8.1) with InstrumentationAnalysisTransform
[        ] Transforming jakarta.xml.bind-api-2.3.2.jar (jakarta.xml.bind:jakarta.xml.bind-api:2.3.2) with InstrumentationAnalysisTransform
[        ] Transforming txw2-2.3.2.jar (org.glassfish.jaxb:txw2:2.3.2) with InstrumentationAnalysisTransform
[        ] Transforming istack-commons-runtime-3.0.8.jar (com.sun.istack:istack-commons-runtime:3.0.8) with InstrumentationAnalysisTransform
[        ] Transforming FastInfoset-1.2.16.jar (com.sun.xml.fastinfoset:FastInfoset:1.2.16) with InstrumentationAnalysisTransform
[        ] Transforming jakarta.activation-api-1.2.1.jar (jakarta.activation:jakarta.activation-api:1.2.1) with InstrumentationAnalysisTransform
[        ] Transforming auto-value-annotations-1.6.2.jar (com.google.auto.value:auto-value-annotations:1.6.2) with InstrumentationAnalysisTransform
[        ] Transforming error_prone_annotations-2.18.0.jar (com.google.errorprone:error_prone_annotations:2.18.0) with InstrumentationAnalysisTransform
[        ] Transforming jose4j-0.9.5.jar (org.bitbucket.b_c:jose4j:0.9.5) with InstrumentationAnalysisTransform
[        ] Transforming slf4j-api-1.7.30.jar (org.slf4j:slf4j-api:1.7.30) with InstrumentationAnalysisTransform
[        ] Transforming jdom2-2.0.6.jar (org.jdom:jdom2:2.0.6) with InstrumentationAnalysisTransform
[        ] Transforming jsr305-3.0.2.jar (com.google.code.findbugs:jsr305:3.0.2) with InstrumentationAnalysisTransform
[        ] Transforming j2objc-annotations-2.8.jar (com.google.j2objc:j2objc-annotations:2.8) with InstrumentationAnalysisTransform
[        ] Transforming annotations-4.1.1.4.jar (com.google.android:annotations:4.1.1.4) with InstrumentationAnalysisTransform
[        ] Transforming animal-sniffer-annotations-1.23.jar (org.codehaus.mojo:animal-sniffer-annotations:1.23) with InstrumentationAnalysisTransform
[        ] Transforming perfmark-api-0.26.0.jar (io.perfmark:perfmark-api:0.26.0) with InstrumentationAnalysisTransform
[        ] Transforming netty-codec-http2-4.1.93.Final.jar (io.netty:netty-codec-http2:4.1.93.Final) with InstrumentationAnalysisTransform
[        ] Transforming netty-handler-proxy-4.1.93.Final.jar (io.netty:netty-handler-proxy:4.1.93.Final) with InstrumentationAnalysisTransform
[        ] Transforming netty-codec-http-4.1.93.Final.jar (io.netty:netty-codec-http:4.1.93.Final) with InstrumentationAnalysisTransform
[        ] Transforming netty-handler-4.1.93.Final.jar (io.netty:netty-handler:4.1.93.Final) with InstrumentationAnalysisTransform
[        ] Transforming netty-transport-native-unix-common-4.1.93.Final.jar (io.netty:netty-transport-native-unix-common:4.1.93.Final) with InstrumentationAnalysisTransform
[        ] Transforming checker-qual-3.33.0.jar (org.checkerframework:checker-qual:3.33.0) with InstrumentationAnalysisTransform
[        ] Transforming commons-codec-1.11.jar (commons-codec:commons-codec:1.11) with InstrumentationAnalysisTransform
[        ] Transforming apksig-8.5.0.jar (com.android.tools.build:apksig:8.5.0) with InstrumentationAnalysisTransform
[        ] Transforming javawriter-2.5.0.jar (com.squareup:javawriter:2.5.0) with InstrumentationAnalysisTransform
[        ] Transforming failureaccess-1.0.1.jar (com.google.guava:failureaccess:1.0.1) with InstrumentationAnalysisTransform
[        ] Transforming listenablefuture-9999.0-empty-to-avoid-conflict-with-guava.jar (com.google.guava:listenablefuture:9999.0-empty-to-avoid-conflict-with-guava) with InstrumentationAnalysisTransform
[        ] Transforming commons-logging-1.2.jar (commons-logging:commons-logging:1.2) with InstrumentationAnalysisTransform
[        ] Transforming jna-5.6.0.jar (net.java.dev.jna:jna:5.6.0) with InstrumentationAnalysisTransform
[        ] Transforming netty-codec-socks-4.1.93.Final.jar (io.netty:netty-codec-socks:4.1.93.Final) with InstrumentationAnalysisTransform
[        ] Transforming netty-codec-4.1.93.Final.jar (io.netty:netty-codec:4.1.93.Final) with InstrumentationAnalysisTransform
[        ] Transforming netty-transport-4.1.93.Final.jar (io.netty:netty-transport:4.1.93.Final) with InstrumentationAnalysisTransform
[        ] Transforming netty-buffer-4.1.93.Final.jar (io.netty:netty-buffer:4.1.93.Final) with InstrumentationAnalysisTransform
[        ] Transforming netty-resolver-4.1.93.Final.jar (io.netty:netty-resolver:4.1.93.Final) with InstrumentationAnalysisTransform
[        ] Transforming netty-common-4.1.93.Final.jar (io.netty:netty-common:4.1.93.Final) with InstrumentationAnalysisTransform
[        ] Transforming gradle-8.5.0.jar (com.android.tools.build:gradle:8.5.0) with InstrumentationAnalysisTransform
[        ] Transforming gradle-8.5.0.jar (com.android.tools.build:gradle:8.5.0) with MergeInstrumentationAnalysisTransform
[        ] Transforming gradle-settings-api-8.5.0.jar (com.android.tools.build:gradle-settings-api:8.5.0) with InstrumentationAnalysisTransform
[        ] Transforming gradle-settings-api-8.5.0.jar (com.android.tools.build:gradle-settings-api:8.5.0) with MergeInstrumentationAnalysisTransform
[        ] Transforming lint-model-31.5.0.jar (com.android.tools.lint:lint-model:31.5.0) with InstrumentationAnalysisTransform
[        ] Transforming lint-model-31.5.0.jar (com.android.tools.lint:lint-model:31.5.0) with MergeInstrumentationAnalysisTransform
[        ] Transforming builder-8.5.0.jar (com.android.tools.build:builder:8.5.0) with InstrumentationAnalysisTransform
[        ] Transforming builder-8.5.0.jar (com.android.tools.build:builder:8.5.0) with MergeInstrumentationAnalysisTransform
[        ] Transforming manifest-merger-31.5.0.jar (com.android.tools.build:manifest-merger:31.5.0) with InstrumentationAnalysisTransform
[        ] Transforming gradle-8.5.0.jar (com.android.tools.build:gradle:8.5.0) with ExternalDependencyInstrumentingArtifactTransform
[        ] Transforming lint-model-31.5.0.jar (com.android.tools.lint:lint-model:31.5.0) with ExternalDependencyInstrumentingArtifactTransform
[        ] Transforming builder-8.5.0.jar (com.android.tools.build:builder:8.5.0) with ExternalDependencyInstrumentingArtifactTransform
[        ] Transforming gradle-settings-api-8.5.0.jar (com.android.tools.build:gradle-settings-api:8.5.0) with ExternalDependencyInstrumentingArtifactTransform
[        ] Transforming manifest-merger-31.5.0.jar (com.android.tools.build:manifest-merger:31.5.0) with MergeInstrumentationAnalysisTransform
[        ] Transforming sdk-common-31.5.0.jar (com.android.tools:sdk-common:31.5.0) with InstrumentationAnalysisTransform
[        ] Transforming sdk-common-31.5.0.jar (com.android.tools:sdk-common:31.5.0) with MergeInstrumentationAnalysisTransform
[        ] Transforming manifest-merger-31.5.0.jar (com.android.tools.build:manifest-merger:31.5.0) with ExternalDependencyInstrumentingArtifactTransform
[        ] Transforming sdklib-31.5.0.jar (com.android.tools:sdklib:31.5.0) with InstrumentationAnalysisTransform
[        ] Transforming sdklib-31.5.0.jar (com.android.tools:sdklib:31.5.0) with MergeInstrumentationAnalysisTransform
[        ] Transforming sdk-common-31.5.0.jar (com.android.tools:sdk-common:31.5.0) with ExternalDependencyInstrumentingArtifactTransform
[        ] Transforming repository-31.5.0.jar (com.android.tools:repository:31.5.0) with InstrumentationAnalysisTransform
[        ] Transforming repository-31.5.0.jar (com.android.tools:repository:31.5.0) with MergeInstrumentationAnalysisTransform
[        ] Transforming gradle-api-8.5.0.jar (com.android.tools.build:gradle-api:8.5.0) with InstrumentationAnalysisTransform
[        ] Transforming sdklib-31.5.0.jar (com.android.tools:sdklib:31.5.0) with ExternalDependencyInstrumentingArtifactTransform
[        ] Transforming repository-31.5.0.jar (com.android.tools:repository:31.5.0) with ExternalDependencyInstrumentingArtifactTransform
[        ] Transforming gradle-api-8.5.0.jar (com.android.tools.build:gradle-api:8.5.0) with MergeInstrumentationAnalysisTransform
[        ] Transforming builder-test-api-8.5.0.jar (com.android.tools.build:builder-test-api:8.5.0) with InstrumentationAnalysisTransform
[        ] Transforming builder-test-api-8.5.0.jar (com.android.tools.build:builder-test-api:8.5.0) with MergeInstrumentationAnalysisTransform
[        ] Transforming gradle-api-8.5.0.jar (com.android.tools.build:gradle-api:8.5.0) with ExternalDependencyInstrumentingArtifactTransform
[        ] Transforming ddmlib-31.5.0.jar (com.android.tools.ddms:ddmlib:31.5.0) with InstrumentationAnalysisTransform
[        ] Transforming ddmlib-31.5.0.jar (com.android.tools.ddms:ddmlib:31.5.0) with MergeInstrumentationAnalysisTransform
[        ] Transforming builder-test-api-8.5.0.jar (com.android.tools.build:builder-test-api:8.5.0) with ExternalDependencyInstrumentingArtifactTransform
[        ] Transforming aaptcompiler-8.5.0.jar (com.android.tools.build:aaptcompiler:8.5.0) with InstrumentationAnalysisTransform
[        ] Transforming ddmlib-31.5.0.jar (com.android.tools.ddms:ddmlib:31.5.0) with ExternalDependencyInstrumentingArtifactTransform
[        ] Transforming aaptcompiler-8.5.0.jar (com.android.tools.build:aaptcompiler:8.5.0) with MergeInstrumentationAnalysisTransform
[        ] Transforming bundletool-1.16.0.jar (com.android.tools.build:bundletool:1.16.0) with InstrumentationAnalysisTransform
[        ] Transforming aaptcompiler-8.5.0.jar (com.android.tools.build:aaptcompiler:8.5.0) with ExternalDependencyInstrumentingArtifactTransform
[        ] Transforming bundletool-1.16.0.jar (com.android.tools.build:bundletool:1.16.0) with MergeInstrumentationAnalysisTransform
[        ] Transforming aapt2-proto-8.5.0-11315950.jar (com.android.tools.build:aapt2-proto:8.5.0-11315950) with InstrumentationAnalysisTransform
[        ] Transforming aapt2-proto-8.5.0-11315950.jar (com.android.tools.build:aapt2-proto:8.5.0-11315950) with MergeInstrumentationAnalysisTransform
[        ] Transforming bundletool-1.16.0.jar (com.android.tools.build:bundletool:1.16.0) with ExternalDependencyInstrumentingArtifactTransform
[        ] Transforming crash-31.5.0.jar (com.android.tools.analytics-library:crash:31.5.0) with InstrumentationAnalysisTransform
[        ] Transforming crash-31.5.0.jar (com.android.tools.analytics-library:crash:31.5.0) with MergeInstrumentationAnalysisTransform
[        ] Transforming aapt2-proto-8.5.0-11315950.jar (com.android.tools.build:aapt2-proto:8.5.0-11315950) with ExternalDependencyInstrumentingArtifactTransform
[        ] Transforming tracker-31.5.0.jar (com.android.tools.analytics-library:tracker:31.5.0) with InstrumentationAnalysisTransform
[        ] Transforming crash-31.5.0.jar (com.android.tools.analytics-library:crash:31.5.0) with ExternalDependencyInstrumentingArtifactTransform
[        ] Transforming tracker-31.5.0.jar (com.android.tools.analytics-library:tracker:31.5.0) with MergeInstrumentationAnalysisTransform
[        ] Transforming shared-31.5.0.jar (com.android.tools.analytics-library:shared:31.5.0) with InstrumentationAnalysisTransform
[        ] Transforming shared-31.5.0.jar (com.android.tools.analytics-library:shared:31.5.0) with MergeInstrumentationAnalysisTransform
[        ] Transforming lint-typedef-remover-31.5.0.jar (com.android.tools.lint:lint-typedef-remover:31.5.0) with InstrumentationAnalysisTransform
[        ] Transforming lint-typedef-remover-31.5.0.jar (com.android.tools.lint:lint-typedef-remover:31.5.0) with MergeInstrumentationAnalysisTransform
[        ] Transforming tracker-31.5.0.jar (com.android.tools.analytics-library:tracker:31.5.0) with ExternalDependencyInstrumentingArtifactTransform
[        ] Transforming shared-31.5.0.jar (com.android.tools.analytics-library:shared:31.5.0) with ExternalDependencyInstrumentingArtifactTransform
[        ] Transforming lint-typedef-remover-31.5.0.jar (com.android.tools.lint:lint-typedef-remover:31.5.0) with ExternalDependencyInstrumentingArtifactTransform
[        ] Transforming databinding-compiler-common-8.5.0.jar (androidx.databinding:databinding-compiler-common:8.5.0) with InstrumentationAnalysisTransform
[        ] Transforming databinding-compiler-common-8.5.0.jar (androidx.databinding:databinding-compiler-common:8.5.0) with MergeInstrumentationAnalysisTransform
[        ] Transforming databinding-common-8.5.0.jar (androidx.databinding:databinding-common:8.5.0) with InstrumentationAnalysisTransform
[        ] Transforming databinding-common-8.5.0.jar (androidx.databinding:databinding-common:8.5.0) with MergeInstrumentationAnalysisTransform
[        ] Transforming baseLibrary-8.5.0.jar (com.android.databinding:baseLibrary:8.5.0) with InstrumentationAnalysisTransform
[        ] Transforming baseLibrary-8.5.0.jar (com.android.databinding:baseLibrary:8.5.0) with MergeInstrumentationAnalysisTransform
[        ] Transforming layoutlib-api-31.5.0.jar (com.android.tools.layoutlib:layoutlib-api:31.5.0) with InstrumentationAnalysisTransform
[        ] Transforming layoutlib-api-31.5.0.jar (com.android.tools.layoutlib:layoutlib-api:31.5.0) with MergeInstrumentationAnalysisTransform
[        ] Transforming android-device-provider-ddmlib-proto-31.5.0.jar (com.android.tools.utp:android-device-provider-ddmlib-proto:31.5.0) with InstrumentationAnalysisTransform
[        ] Transforming databinding-compiler-common-8.5.0.jar (androidx.databinding:databinding-compiler-common:8.5.0) with ExternalDependencyInstrumentingArtifactTransform
[        ] Transforming baseLibrary-8.5.0.jar (com.android.databinding:baseLibrary:8.5.0) with ExternalDependencyInstrumentingArtifactTransform
[        ] Transforming layoutlib-api-31.5.0.jar (com.android.tools.layoutlib:layoutlib-api:31.5.0) with ExternalDependencyInstrumentingArtifactTransform
[        ] Transforming android-device-provider-ddmlib-proto-31.5.0.jar (com.android.tools.utp:android-device-provider-ddmlib-proto:31.5.0) with MergeInstrumentationAnalysisTransform
[        ] Transforming databinding-common-8.5.0.jar (androidx.databinding:databinding-common:8.5.0) with ExternalDependencyInstrumentingArtifactTransform
[        ] Transforming android-device-provider-gradle-proto-31.5.0.jar (com.android.tools.utp:android-device-provider-gradle-proto:31.5.0) with InstrumentationAnalysisTransform
[        ] Transforming android-device-provider-gradle-proto-31.5.0.jar (com.android.tools.utp:android-device-provider-gradle-proto:31.5.0) with MergeInstrumentationAnalysisTransform
[        ] Transforming android-device-provider-ddmlib-proto-31.5.0.jar (com.android.tools.utp:android-device-provider-ddmlib-proto:31.5.0) with ExternalDependencyInstrumentingArtifactTransform
[        ] Transforming android-test-plugin-host-additional-test-output-proto-31.5.0.jar (com.android.tools.utp:android-test-plugin-host-additional-test-output-proto:31.5.0) with InstrumentationAnalysisTransform
[        ] Transforming android-test-plugin-host-additional-test-output-proto-31.5.0.jar (com.android.tools.utp:android-test-plugin-host-additional-test-output-proto:31.5.0) with MergeInstrumentationAnalysisTransform
[        ] Transforming android-device-provider-gradle-proto-31.5.0.jar (com.android.tools.utp:android-device-provider-gradle-proto:31.5.0) with ExternalDependencyInstrumentingArtifactTransform
[        ] Transforming android-test-plugin-host-coverage-proto-31.5.0.jar (com.android.tools.utp:android-test-plugin-host-coverage-proto:31.5.0) with InstrumentationAnalysisTransform
[        ] Transforming android-test-plugin-host-additional-test-output-proto-31.5.0.jar (com.android.tools.utp:android-test-plugin-host-additional-test-output-proto:31.5.0) with ExternalDependencyInstrumentingArtifactTransform
[        ] Transforming android-test-plugin-host-coverage-proto-31.5.0.jar (com.android.tools.utp:android-test-plugin-host-coverage-proto:31.5.0) with MergeInstrumentationAnalysisTransform
[        ] Transforming android-test-plugin-host-emulator-control-proto-31.5.0.jar (com.android.tools.utp:android-test-plugin-host-emulator-control-proto:31.5.0) with InstrumentationAnalysisTransform
[        ] Transforming android-test-plugin-host-emulator-control-proto-31.5.0.jar (com.android.tools.utp:android-test-plugin-host-emulator-control-proto:31.5.0) with MergeInstrumentationAnalysisTransform
[        ] Transforming android-test-plugin-host-logcat-proto-31.5.0.jar (com.android.tools.utp:android-test-plugin-host-logcat-proto:31.5.0) with InstrumentationAnalysisTransform
[        ] Transforming android-test-plugin-host-coverage-proto-31.5.0.jar (com.android.tools.utp:android-test-plugin-host-coverage-proto:31.5.0) with ExternalDependencyInstrumentingArtifactTransform
[        ] Transforming android-test-plugin-host-logcat-proto-31.5.0.jar (com.android.tools.utp:android-test-plugin-host-logcat-proto:31.5.0) with MergeInstrumentationAnalysisTransform
[        ] Transforming android-test-plugin-host-apk-installer-proto-31.5.0.jar (com.android.tools.utp:android-test-plugin-host-apk-installer-proto:31.5.0) with InstrumentationAnalysisTransform
[        ] Transforming android-test-plugin-host-emulator-control-proto-31.5.0.jar (com.android.tools.utp:android-test-plugin-host-emulator-control-proto:31.5.0) with ExternalDependencyInstrumentingArtifactTransform
[        ] Transforming android-test-plugin-host-apk-installer-proto-31.5.0.jar (com.android.tools.utp:android-test-plugin-host-apk-installer-proto:31.5.0) with MergeInstrumentationAnalysisTransform
[        ] Transforming android-test-plugin-host-retention-proto-31.5.0.jar (com.android.tools.utp:android-test-plugin-host-retention-proto:31.5.0) with InstrumentationAnalysisTransform
[        ] Transforming android-test-plugin-host-logcat-proto-31.5.0.jar (com.android.tools.utp:android-test-plugin-host-logcat-proto:31.5.0) with ExternalDependencyInstrumentingArtifactTransform
[        ] Transforming android-test-plugin-host-retention-proto-31.5.0.jar (com.android.tools.utp:android-test-plugin-host-retention-proto:31.5.0) with MergeInstrumentationAnalysisTransform
[        ] Transforming android-test-plugin-host-apk-installer-proto-31.5.0.jar (com.android.tools.utp:android-test-plugin-host-apk-installer-proto:31.5.0) with ExternalDependencyInstrumentingArtifactTransform
[        ] Transforming android-test-plugin-result-listener-gradle-proto-31.5.0.jar (com.android.tools.utp:android-test-plugin-result-listener-gradle-proto:31.5.0) with InstrumentationAnalysisTransform
[        ] Transforming android-test-plugin-host-retention-proto-31.5.0.jar (com.android.tools.utp:android-test-plugin-host-retention-proto:31.5.0) with ExternalDependencyInstrumentingArtifactTransform
[        ] Transforming android-test-plugin-result-listener-gradle-proto-31.5.0.jar (com.android.tools.utp:android-test-plugin-result-listener-gradle-proto:31.5.0) with MergeInstrumentationAnalysisTransform
[        ] Transforming builder-model-8.5.0.jar (com.android.tools.build:builder-model:8.5.0) with InstrumentationAnalysisTransform
[        ] Transforming builder-model-8.5.0.jar (com.android.tools.build:builder-model:8.5.0) with MergeInstrumentationAnalysisTransform
[        ] Transforming dvlib-31.5.0.jar (com.android.tools:dvlib:31.5.0) with InstrumentationAnalysisTransform
[        ] Transforming android-test-plugin-result-listener-gradle-proto-31.5.0.jar (com.android.tools.utp:android-test-plugin-result-listener-gradle-proto:31.5.0) with ExternalDependencyInstrumentingArtifactTransform
[        ] Transforming dvlib-31.5.0.jar (com.android.tools:dvlib:31.5.0) with MergeInstrumentationAnalysisTransform
[        ] Transforming common-31.5.0.jar (com.android.tools:common:31.5.0) with InstrumentationAnalysisTransform
[        ] Transforming common-31.5.0.jar (com.android.tools:common:31.5.0) with MergeInstrumentationAnalysisTransform
[        ] Transforming builder-model-8.5.0.jar (com.android.tools.build:builder-model:8.5.0) with ExternalDependencyInstrumentingArtifactTransform
[        ] Transforming dvlib-31.5.0.jar (com.android.tools:dvlib:31.5.0) with ExternalDependencyInstrumentingArtifactTransform
[        ] Transforming jetifier-processor-1.0.0-beta10.jar (com.android.tools.build.jetifier:jetifier-processor:1.0.0-beta10) with InstrumentationAnalysisTransform
[        ] Transforming common-31.5.0.jar (com.android.tools:common:31.5.0) with ExternalDependencyInstrumentingArtifactTransform
[        ] Transforming jetifier-processor-1.0.0-beta10.jar (com.android.tools.build.jetifier:jetifier-processor:1.0.0-beta10) with MergeInstrumentationAnalysisTransform
[        ] Transforming jetifier-core-1.0.0-beta10.jar (com.android.tools.build.jetifier:jetifier-core:1.0.0-beta10) with InstrumentationAnalysisTransform
[        ] Transforming jetifier-core-1.0.0-beta10.jar (com.android.tools.build.jetifier:jetifier-core:1.0.0-beta10) with MergeInstrumentationAnalysisTransform
[        ] Transforming kotlin-reflect-1.9.20.jar (org.jetbrains.kotlin:kotlin-reflect:1.9.20) with InstrumentationAnalysisTransform
[        ] Transforming jetifier-processor-1.0.0-beta10.jar (com.android.tools.build.jetifier:jetifier-processor:1.0.0-beta10) with ExternalDependencyInstrumentingArtifactTransform
[        ] Transforming kotlin-reflect-1.9.20.jar (org.jetbrains.kotlin:kotlin-reflect:1.9.20) with MergeInstrumentationAnalysisTransform
[        ] Transforming kotlin-stdlib-jdk7-1.9.20.jar (org.jetbrains.kotlin:kotlin-stdlib-jdk7:1.9.20) with InstrumentationAnalysisTransform
[        ] Transforming kotlin-stdlib-jdk7-1.9.20.jar (org.jetbrains.kotlin:kotlin-stdlib-jdk7:1.9.20) with MergeInstrumentationAnalysisTransform
[        ] Transforming jetifier-core-1.0.0-beta10.jar (com.android.tools.build.jetifier:jetifier-core:1.0.0-beta10) with ExternalDependencyInstrumentingArtifactTransform
[        ] Transforming kotlin-stdlib-jdk7-1.9.20.jar (org.jetbrains.kotlin:kotlin-stdlib-jdk7:1.9.20) with ExternalDependencyInstrumentingArtifactTransform
[        ] Transforming kotlin-stdlib-1.9.20.jar (org.jetbrains.kotlin:kotlin-stdlib:1.9.20) with InstrumentationAnalysisTransform
[        ] Transforming kotlin-reflect-1.9.20.jar (org.jetbrains.kotlin:kotlin-reflect:1.9.20) with ExternalDependencyInstrumentingArtifactTransform
[        ] Transforming kotlin-stdlib-1.9.20.jar (org.jetbrains.kotlin:kotlin-stdlib:1.9.20) with MergeInstrumentationAnalysisTransform
[        ] Transforming kotlin-stdlib-jdk8-1.9.20.jar (org.jetbrains.kotlin:kotlin-stdlib-jdk8:1.9.20) with InstrumentationAnalysisTransform
[        ] Transforming kotlin-stdlib-jdk8-1.9.20.jar (org.jetbrains.kotlin:kotlin-stdlib-jdk8:1.9.20) with MergeInstrumentationAnalysisTransform
[        ] Transforming transform-api-2.0.0-deprecated-use-gradle-api.jar (com.android.tools.build:transform-api:2.0.0-deprecated-use-gradle-api) with InstrumentationAnalysisTransform
[        ] Transforming kotlin-stdlib-1.9.20.jar (org.jetbrains.kotlin:kotlin-stdlib:1.9.20) with ExternalDependencyInstrumentingArtifactTransform
[        ] Transforming transform-api-2.0.0-deprecated-use-gradle-api.jar (com.android.tools.build:transform-api:2.0.0-deprecated-use-gradle-api) with MergeInstrumentationAnalysisTransform
[        ] Transforming kotlin-stdlib-jdk8-1.9.20.jar (org.jetbrains.kotlin:kotlin-stdlib-jdk8:1.9.20) with ExternalDependencyInstrumentingArtifactTransform
[        ] Transforming transform-api-2.0.0-deprecated-use-gradle-api.jar (com.android.tools.build:transform-api:2.0.0-deprecated-use-gradle-api) with ExternalDependencyInstrumentingArtifactTransform
[        ] Transforming httpmime-4.5.6.jar (org.apache.httpcomponents:httpmime:4.5.6) with InstrumentationAnalysisTransform
[        ] Transforming httpmime-4.5.6.jar (org.apache.httpcomponents:httpmime:4.5.6) with MergeInstrumentationAnalysisTransform
[        ] Transforming commons-io-2.13.0.jar (commons-io:commons-io:2.13.0) with InstrumentationAnalysisTransform
[        ] Transforming commons-io-2.13.0.jar (commons-io:commons-io:2.13.0) with MergeInstrumentationAnalysisTransform
[        ] Transforming asm-commons-9.6.jar (org.ow2.asm:asm-commons:9.6) with InstrumentationAnalysisTransform
[        ] Transforming asm-commons-9.6.jar (org.ow2.asm:asm-commons:9.6) with MergeInstrumentationAnalysisTransform
[        ] Transforming asm-util-9.6.jar (org.ow2.asm:asm-util:9.6) with InstrumentationAnalysisTransform
[        ] Transforming httpmime-4.5.6.jar (org.apache.httpcomponents:httpmime:4.5.6) with ExternalDependencyInstrumentingArtifactTransform
[        ] Transforming asm-util-9.6.jar (org.ow2.asm:asm-util:9.6) with MergeInstrumentationAnalysisTransform
[        ] Transforming asm-commons-9.6.jar (org.ow2.asm:asm-commons:9.6) with ExternalDependencyInstrumentingArtifactTransform
[        ] Transforming commons-io-2.13.0.jar (commons-io:commons-io:2.13.0) with ExternalDependencyInstrumentingArtifactTransform
[        ] Transforming asm-analysis-9.6.jar (org.ow2.asm:asm-analysis:9.6) with InstrumentationAnalysisTransform
[        ] Transforming asm-analysis-9.6.jar (org.ow2.asm:asm-analysis:9.6) with MergeInstrumentationAnalysisTransform
[        ] Transforming asm-tree-9.6.jar (org.ow2.asm:asm-tree:9.6) with InstrumentationAnalysisTransform
[        ] Transforming asm-util-9.6.jar (org.ow2.asm:asm-util:9.6) with ExternalDependencyInstrumentingArtifactTransform
[        ] Transforming asm-analysis-9.6.jar (org.ow2.asm:asm-analysis:9.6) with ExternalDependencyInstrumentingArtifactTransform
[        ] Transforming asm-tree-9.6.jar (org.ow2.asm:asm-tree:9.6) with MergeInstrumentationAnalysisTransform
[        ] Transforming asm-9.6.jar (org.ow2.asm:asm:9.6) with InstrumentationAnalysisTransform
[        ] Transforming asm-9.6.jar (org.ow2.asm:asm:9.6) with MergeInstrumentationAnalysisTransform
[        ] Transforming apkzlib-8.5.0.jar (com.android.tools.build:apkzlib:8.5.0) with InstrumentationAnalysisTransform
[        ] Transforming asm-tree-9.6.jar (org.ow2.asm:asm-tree:9.6) with ExternalDependencyInstrumentingArtifactTransform
[        ] Transforming apkzlib-8.5.0.jar (com.android.tools.build:apkzlib:8.5.0) with MergeInstrumentationAnalysisTransform
[        ] Transforming asm-9.6.jar (org.ow2.asm:asm:9.6) with ExternalDependencyInstrumentingArtifactTransform
[        ] Transforming bcpkix-jdk18on-1.77.jar (org.bouncycastle:bcpkix-jdk18on:1.77) with InstrumentationAnalysisTransform
[        ] Transforming apkzlib-8.5.0.jar (com.android.tools.build:apkzlib:8.5.0) with ExternalDependencyInstrumentingArtifactTransform
[        ] Transforming bcpkix-jdk18on-1.77.jar (org.bouncycastle:bcpkix-jdk18on:1.77) with MergeInstrumentationAnalysisTransform
[        ] Transforming jaxb-runtime-2.3.2.jar (org.glassfish.jaxb:jaxb-runtime:2.3.2) with InstrumentationAnalysisTransform
[        ] Transforming jaxb-runtime-2.3.2.jar (org.glassfish.jaxb:jaxb-runtime:2.3.2) with MergeInstrumentationAnalysisTransform
[        ] Transforming jopt-simple-4.9.jar (net.sf.jopt-simple:jopt-simple:4.9) with InstrumentationAnalysisTransform
[        ] Transforming jopt-simple-4.9.jar (net.sf.jopt-simple:jopt-simple:4.9) with MergeInstrumentationAnalysisTransform
[        ] Transforming bcpkix-jdk18on-1.77.jar (org.bouncycastle:bcpkix-jdk18on:1.77) with ExternalDependencyInstrumentingArtifactTransform
[        ] Transforming jopt-simple-4.9.jar (net.sf.jopt-simple:jopt-simple:4.9) with ExternalDependencyInstrumentingArtifactTransform
[        ] Transforming javapoet-1.10.0.jar (com.squareup:javapoet:1.10.0) with InstrumentationAnalysisTransform
[        ] Transforming jaxb-runtime-2.3.2.jar (org.glassfish.jaxb:jaxb-runtime:2.3.2) with ExternalDependencyInstrumentingArtifactTransform
[        ] Transforming javapoet-1.10.0.jar (com.squareup:javapoet:1.10.0) with MergeInstrumentationAnalysisTransform
[        ] Transforming protobuf-java-util-3.22.3.jar (com.google.protobuf:protobuf-java-util:3.22.3) with InstrumentationAnalysisTransform
[        ] Transforming protobuf-java-util-3.22.3.jar (com.google.protobuf:protobuf-java-util:3.22.3) with MergeInstrumentationAnalysisTransform
[        ] Transforming grpc-protobuf-1.57.0.jar (io.grpc:grpc-protobuf:1.57.0) with InstrumentationAnalysisTransform
[        ] Transforming grpc-protobuf-1.57.0.jar (io.grpc:grpc-protobuf:1.57.0) with MergeInstrumentationAnalysisTransform
[        ] Transforming tink-1.7.0.jar (com.google.crypto.tink:tink:1.7.0) with InstrumentationAnalysisTransform
[        ] Transforming javapoet-1.10.0.jar (com.squareup:javapoet:1.10.0) with ExternalDependencyInstrumentingArtifactTransform
[        ] Transforming tink-1.7.0.jar (com.google.crypto.tink:tink:1.7.0) with MergeInstrumentationAnalysisTransform
[        ] Transforming protobuf-java-util-3.22.3.jar (com.google.protobuf:protobuf-java-util:3.22.3) with ExternalDependencyInstrumentingArtifactTransform
[        ] Transforming grpc-protobuf-1.57.0.jar (io.grpc:grpc-protobuf:1.57.0) with ExternalDependencyInstrumentingArtifactTransform
[        ] Transforming protos-31.5.0.jar (com.android.tools.analytics-library:protos:31.5.0) with InstrumentationAnalysisTransform
[        ] Transforming tink-1.7.0.jar (com.google.crypto.tink:tink:1.7.0) with ExternalDependencyInstrumentingArtifactTransform
[        ] Transforming protos-31.5.0.jar (com.android.tools.analytics-library:protos:31.5.0) with MergeInstrumentationAnalysisTransform
[        ] Transforming proto-google-common-protos-2.17.0.jar (com.google.api.grpc:proto-google-common-protos:2.17.0) with InstrumentationAnalysisTransform
[        ] Transforming proto-google-common-protos-2.17.0.jar (com.google.api.grpc:proto-google-common-protos:2.17.0) with MergeInstrumentationAnalysisTransform
[        ] Transforming protobuf-java-3.22.3.jar (com.google.protobuf:protobuf-java:3.22.3) with InstrumentationAnalysisTransform
[        ] Transforming protobuf-java-3.22.3.jar (com.google.protobuf:protobuf-java:3.22.3) with MergeInstrumentationAnalysisTransform
[        ] Transforming protos-31.5.0.jar (com.android.tools.analytics-library:protos:31.5.0) with ExternalDependencyInstrumentingArtifactTransform
[        ] Transforming protobuf-java-3.22.3.jar (com.google.protobuf:protobuf-java:3.22.3) with ExternalDependencyInstrumentingArtifactTransform
[        ] Transforming proto-google-common-protos-2.17.0.jar (com.google.api.grpc:proto-google-common-protos:2.17.0) with ExternalDependencyInstrumentingArtifactTransform
[        ] Transforming grpc-netty-1.57.0.jar (io.grpc:grpc-netty:1.57.0) with InstrumentationAnalysisTransform
[        ] Transforming grpc-netty-1.57.0.jar (io.grpc:grpc-netty:1.57.0) with MergeInstrumentationAnalysisTransform
[        ] Transforming grpc-core-1.57.0.jar (io.grpc:grpc-core:1.57.0) with InstrumentationAnalysisTransform
[        ] Transforming grpc-netty-1.57.0.jar (io.grpc:grpc-netty:1.57.0) with ExternalDependencyInstrumentingArtifactTransform
[        ] Transforming grpc-core-1.57.0.jar (io.grpc:grpc-core:1.57.0) with MergeInstrumentationAnalysisTransform
[        ] Transforming gson-2.10.1.jar (com.google.code.gson:gson:2.10.1) with InstrumentationAnalysisTransform
[        ] Transforming gson-2.10.1.jar (com.google.code.gson:gson:2.10.1) with MergeInstrumentationAnalysisTransform
[        ] Transforming grpc-stub-1.57.0.jar (io.grpc:grpc-stub:1.57.0) with InstrumentationAnalysisTransform
[        ] Transforming grpc-stub-1.57.0.jar (io.grpc:grpc-stub:1.57.0) with MergeInstrumentationAnalysisTransform
[        ] Transforming grpc-core-1.57.0.jar (io.grpc:grpc-core:1.57.0) with ExternalDependencyInstrumentingArtifactTransform
[        ] Transforming gson-2.10.1.jar (com.google.code.gson:gson:2.10.1) with ExternalDependencyInstrumentingArtifactTransform
[        ] Transforming core-proto-0.0.9-alpha02.jar (com.google.testing.platform:core-proto:0.0.9-alpha02) with InstrumentationAnalysisTransform
[        ] Transforming grpc-stub-1.57.0.jar (io.grpc:grpc-stub:1.57.0) with ExternalDependencyInstrumentingArtifactTransform
[        ] Transforming core-proto-0.0.9-alpha02.jar (com.google.testing.platform:core-proto:0.0.9-alpha02) with MergeInstrumentationAnalysisTransform
[        ] Transforming kxml2-2.3.0.jar (net.sf.kxml:kxml2:2.3.0) with InstrumentationAnalysisTransform
[        ] Transforming kxml2-2.3.0.jar (net.sf.kxml:kxml2:2.3.0) with MergeInstrumentationAnalysisTransform
[        ] Transforming tensorflow-lite-metadata-0.1.0-rc2.jar (org.tensorflow:tensorflow-lite-metadata:0.1.0-rc2) with InstrumentationAnalysisTransform
[        ] Transforming tensorflow-lite-metadata-0.1.0-rc2.jar (org.tensorflow:tensorflow-lite-metadata:0.1.0-rc2) with MergeInstrumentationAnalysisTransform
[        ] Transforming flatbuffers-java-1.12.0.jar (com.google.flatbuffers:flatbuffers-java:1.12.0) with InstrumentationAnalysisTransform
[        ] Transforming core-proto-0.0.9-alpha02.jar (com.google.testing.platform:core-proto:0.0.9-alpha02) with ExternalDependencyInstrumentingArtifactTransform
[        ] Transforming flatbuffers-java-1.12.0.jar (com.google.flatbuffers:flatbuffers-java:1.12.0) with MergeInstrumentationAnalysisTransform
[        ] Transforming jimfs-1.1.jar (com.google.jimfs:jimfs:1.1) with InstrumentationAnalysisTransform
[        ] Transforming jimfs-1.1.jar (com.google.jimfs:jimfs:1.1) with MergeInstrumentationAnalysisTransform
[        ] Transforming grpc-context-1.57.0.jar (io.grpc:grpc-context:1.57.0) with InstrumentationAnalysisTransform
[        ] Transforming flatbuffers-java-1.12.0.jar (com.google.flatbuffers:flatbuffers-java:1.12.0) with ExternalDependencyInstrumentingArtifactTransform
[        ] Transforming grpc-context-1.57.0.jar (io.grpc:grpc-context:1.57.0) with MergeInstrumentationAnalysisTransform
[        ] Transforming grpc-protobuf-lite-1.57.0.jar (io.grpc:grpc-protobuf-lite:1.57.0) with InstrumentationAnalysisTransform
[        ] Transforming grpc-protobuf-lite-1.57.0.jar (io.grpc:grpc-protobuf-lite:1.57.0) with MergeInstrumentationAnalysisTransform
[        ] Transforming grpc-api-1.57.0.jar (io.grpc:grpc-api:1.57.0) with InstrumentationAnalysisTransform
[        ] Transforming grpc-api-1.57.0.jar (io.grpc:grpc-api:1.57.0) with MergeInstrumentationAnalysisTransform
[        ] Transforming guava-32.0.1-jre.jar (com.google.guava:guava:32.0.1-jre) with InstrumentationAnalysisTransform
[        ] Transforming grpc-context-1.57.0.jar (io.grpc:grpc-context:1.57.0) with ExternalDependencyInstrumentingArtifactTransform
[        ] Transforming tensorflow-lite-metadata-0.1.0-rc2.jar (org.tensorflow:tensorflow-lite-metadata:0.1.0-rc2) with ExternalDependencyInstrumentingArtifactTransform
[        ] Transforming grpc-api-1.57.0.jar (io.grpc:grpc-api:1.57.0) with ExternalDependencyInstrumentingArtifactTransform
[        ] Transforming grpc-protobuf-lite-1.57.0.jar (io.grpc:grpc-protobuf-lite:1.57.0) with ExternalDependencyInstrumentingArtifactTransform
[        ] Transforming kxml2-2.3.0.jar (net.sf.kxml:kxml2:2.3.0) with ExternalDependencyInstrumentingArtifactTransform
[        ] Transforming guava-32.0.1-jre.jar (com.google.guava:guava:32.0.1-jre) with MergeInstrumentationAnalysisTransform
[        ] Transforming jimfs-1.1.jar (com.google.jimfs:jimfs:1.1) with ExternalDependencyInstrumentingArtifactTransform
[        ] Transforming dagger-2.28.3.jar (com.google.dagger:dagger:2.28.3) with InstrumentationAnalysisTransform
[        ] Transforming guava-32.0.1-jre.jar (com.google.guava:guava:32.0.1-jre) with ExternalDependencyInstrumentingArtifactTransform
[        ] Transforming dagger-2.28.3.jar (com.google.dagger:dagger:2.28.3) with MergeInstrumentationAnalysisTransform
[        ] Transforming javax.inject-1.jar (javax.inject:javax.inject:1) with InstrumentationAnalysisTransform
[        ] Transforming javax.inject-1.jar (javax.inject:javax.inject:1) with MergeInstrumentationAnalysisTransform
[        ] Transforming bcutil-jdk18on-1.77.jar (org.bouncycastle:bcutil-jdk18on:1.77) with InstrumentationAnalysisTransform
[        ] Transforming bcutil-jdk18on-1.77.jar (org.bouncycastle:bcutil-jdk18on:1.77) with MergeInstrumentationAnalysisTransform
[        ] Transforming bcprov-jdk18on-1.77.jar (org.bouncycastle:bcprov-jdk18on:1.77) with InstrumentationAnalysisTransform
[        ] Transforming bcprov-jdk18on-1.77.jar (org.bouncycastle:bcprov-jdk18on:1.77) with MergeInstrumentationAnalysisTransform
[        ] Transforming trove4j-1.0.20200330.jar (org.jetbrains.intellij.deps:trove4j:1.0.20200330) with InstrumentationAnalysisTransform
[        ] Transforming trove4j-1.0.20200330.jar (org.jetbrains.intellij.deps:trove4j:1.0.20200330) with MergeInstrumentationAnalysisTransform
[        ] Transforming commons-compress-1.21.jar (org.apache.commons:commons-compress:1.21) with InstrumentationAnalysisTransform
[        ] Transforming commons-compress-1.21.jar (org.apache.commons:commons-compress:1.21) with MergeInstrumentationAnalysisTransform
[        ] Transforming httpclient-4.5.14.jar (org.apache.httpcomponents:httpclient:4.5.14) with InstrumentationAnalysisTransform
[        ] Transforming httpclient-4.5.14.jar (org.apache.httpcomponents:httpclient:4.5.14) with MergeInstrumentationAnalysisTransform
[        ] Transforming httpcore-4.4.16.jar (org.apache.httpcomponents:httpcore:4.4.16) with InstrumentationAnalysisTransform
[        ] Transforming bcprov-jdk18on-1.77.jar (org.bouncycastle:bcprov-jdk18on:1.77) with ExternalDependencyInstrumentingArtifactTransform
[        ] Transforming trove4j-1.0.20200330.jar (org.jetbrains.intellij.deps:trove4j:1.0.20200330) with ExternalDependencyInstrumentingArtifactTransform
[        ] Transforming commons-compress-1.21.jar (org.apache.commons:commons-compress:1.21) with ExternalDependencyInstrumentingArtifactTransform
[        ] Transforming dagger-2.28.3.jar (com.google.dagger:dagger:2.28.3) with ExternalDependencyInstrumentingArtifactTransform
[        ] Transforming httpclient-4.5.14.jar (org.apache.httpcomponents:httpclient:4.5.14) with ExternalDependencyInstrumentingArtifactTransform
[        ] Transforming javax.inject-1.jar (javax.inject:javax.inject:1) with ExternalDependencyInstrumentingArtifactTransform
[        ] Transforming httpcore-4.4.16.jar (org.apache.httpcomponents:httpcore:4.4.16) with MergeInstrumentationAnalysisTransform
[        ] Transforming bcutil-jdk18on-1.77.jar (org.bouncycastle:bcutil-jdk18on:1.77) with ExternalDependencyInstrumentingArtifactTransform
[        ] Transforming httpcore-4.4.16.jar (org.apache.httpcomponents:httpcore:4.4.16) with ExternalDependencyInstrumentingArtifactTransform
[        ] Transforming javax.activation-1.2.0.jar (com.sun.activation:javax.activation:1.2.0) with InstrumentationAnalysisTransform
[        ] Transforming javax.activation-1.2.0.jar (com.sun.activation:javax.activation:1.2.0) with MergeInstrumentationAnalysisTransform
[        ] Transforming annotations-23.0.0.jar (org.jetbrains:annotations:23.0.0) with InstrumentationAnalysisTransform
[        ] Transforming annotations-23.0.0.jar (org.jetbrains:annotations:23.0.0) with MergeInstrumentationAnalysisTransform
[        ] Transforming signflinger-8.5.0.jar (com.android:signflinger:8.5.0) with InstrumentationAnalysisTransform
[        ] Transforming signflinger-8.5.0.jar (com.android:signflinger:8.5.0) with MergeInstrumentationAnalysisTransform
[        ] Transforming zipflinger-8.5.0.jar (com.android:zipflinger:8.5.0) with InstrumentationAnalysisTransform
[        ] Transforming zipflinger-8.5.0.jar (com.android:zipflinger:8.5.0) with MergeInstrumentationAnalysisTransform
[        ] Transforming annotations-31.5.0.jar (com.android.tools:annotations:31.5.0) with InstrumentationAnalysisTransform
[        ] Transforming annotations-31.5.0.jar (com.android.tools:annotations:31.5.0) with MergeInstrumentationAnalysisTransform
[        ] Transforming jna-platform-5.6.0.jar (net.java.dev.jna:jna-platform:5.6.0) with InstrumentationAnalysisTransform
[        ] Transforming jna-platform-5.6.0.jar (net.java.dev.jna:jna-platform:5.6.0) with MergeInstrumentationAnalysisTransform
[        ] Transforming juniversalchardet-1.0.3.jar (com.googlecode.juniversalchardet:juniversalchardet:1.0.3) with InstrumentationAnalysisTransform
[        ] Transforming juniversalchardet-1.0.3.jar (com.googlecode.juniversalchardet:juniversalchardet:1.0.3) with MergeInstrumentationAnalysisTransform
[        ] Transforming javax.annotation-api-1.3.2.jar (javax.annotation:javax.annotation-api:1.3.2) with InstrumentationAnalysisTransform
[        ] Transforming javax.annotation-api-1.3.2.jar (javax.annotation:javax.annotation-api:1.3.2) with MergeInstrumentationAnalysisTransform
[        ] Transforming stax-ex-1.8.1.jar (org.jvnet.staxex:stax-ex:1.8.1) with InstrumentationAnalysisTransform
[        ] Transforming stax-ex-1.8.1.jar (org.jvnet.staxex:stax-ex:1.8.1) with MergeInstrumentationAnalysisTransform
[        ] Transforming annotations-23.0.0.jar (org.jetbrains:annotations:23.0.0) with ExternalDependencyInstrumentingArtifactTransform
[        ] Transforming jakarta.xml.bind-api-2.3.2.jar (jakarta.xml.bind:jakarta.xml.bind-api:2.3.2) with InstrumentationAnalysisTransform
[        ] Transforming javax.activation-1.2.0.jar (com.sun.activation:javax.activation:1.2.0) with ExternalDependencyInstrumentingArtifactTransform
[        ] Transforming jakarta.xml.bind-api-2.3.2.jar (jakarta.xml.bind:jakarta.xml.bind-api:2.3.2) with MergeInstrumentationAnalysisTransform
[        ] Transforming txw2-2.3.2.jar (org.glassfish.jaxb:txw2:2.3.2) with InstrumentationAnalysisTransform
[        ] Transforming txw2-2.3.2.jar (org.glassfish.jaxb:txw2:2.3.2) with MergeInstrumentationAnalysisTransform
[        ] Transforming istack-commons-runtime-3.0.8.jar (com.sun.istack:istack-commons-runtime:3.0.8) with InstrumentationAnalysisTransform
[        ] Transforming signflinger-8.5.0.jar (com.android:signflinger:8.5.0) with ExternalDependencyInstrumentingArtifactTransform
[        ] Transforming javax.annotation-api-1.3.2.jar (javax.annotation:javax.annotation-api:1.3.2) with ExternalDependencyInstrumentingArtifactTransform
[        ] Transforming zipflinger-8.5.0.jar (com.android:zipflinger:8.5.0) with ExternalDependencyInstrumentingArtifactTransform
[        ] Transforming jna-platform-5.6.0.jar (net.java.dev.jna:jna-platform:5.6.0) with ExternalDependencyInstrumentingArtifactTransform
[        ] Transforming stax-ex-1.8.1.jar (org.jvnet.staxex:stax-ex:1.8.1) with ExternalDependencyInstrumentingArtifactTransform
[        ] Transforming jakarta.xml.bind-api-2.3.2.jar (jakarta.xml.bind:jakarta.xml.bind-api:2.3.2) with ExternalDependencyInstrumentingArtifactTransform
[        ] Transforming juniversalchardet-1.0.3.jar (com.googlecode.juniversalchardet:juniversalchardet:1.0.3) with ExternalDependencyInstrumentingArtifactTransform
[        ] Transforming istack-commons-runtime-3.0.8.jar (com.sun.istack:istack-commons-runtime:3.0.8) with MergeInstrumentationAnalysisTransform
[        ] Transforming annotations-31.5.0.jar (com.android.tools:annotations:31.5.0) with ExternalDependencyInstrumentingArtifactTransform
[        ] Transforming txw2-2.3.2.jar (org.glassfish.jaxb:txw2:2.3.2) with ExternalDependencyInstrumentingArtifactTransform
[        ] Transforming FastInfoset-1.2.16.jar (com.sun.xml.fastinfoset:FastInfoset:1.2.16) with InstrumentationAnalysisTransform
[        ] Transforming istack-commons-runtime-3.0.8.jar (com.sun.istack:istack-commons-runtime:3.0.8) with ExternalDependencyInstrumentingArtifactTransform
[        ] Transforming FastInfoset-1.2.16.jar (com.sun.xml.fastinfoset:FastInfoset:1.2.16) with MergeInstrumentationAnalysisTransform
[        ] Transforming jakarta.activation-api-1.2.1.jar (jakarta.activation:jakarta.activation-api:1.2.1) with InstrumentationAnalysisTransform
[        ] Transforming jakarta.activation-api-1.2.1.jar (jakarta.activation:jakarta.activation-api:1.2.1) with MergeInstrumentationAnalysisTransform
[        ] Transforming FastInfoset-1.2.16.jar (com.sun.xml.fastinfoset:FastInfoset:1.2.16) with ExternalDependencyInstrumentingArtifactTransform
[        ] Transforming auto-value-annotations-1.6.2.jar (com.google.auto.value:auto-value-annotations:1.6.2) with InstrumentationAnalysisTransform
[        ] Transforming jakarta.activation-api-1.2.1.jar (jakarta.activation:jakarta.activation-api:1.2.1) with ExternalDependencyInstrumentingArtifactTransform
[        ] Transforming auto-value-annotations-1.6.2.jar (com.google.auto.value:auto-value-annotations:1.6.2) with MergeInstrumentationAnalysisTransform
[        ] Transforming error_prone_annotations-2.18.0.jar (com.google.errorprone:error_prone_annotations:2.18.0) with InstrumentationAnalysisTransform
[        ] Transforming error_prone_annotations-2.18.0.jar (com.google.errorprone:error_prone_annotations:2.18.0) with MergeInstrumentationAnalysisTransform
[        ] Transforming jose4j-0.9.5.jar (org.bitbucket.b_c:jose4j:0.9.5) with InstrumentationAnalysisTransform
[        ] Transforming auto-value-annotations-1.6.2.jar (com.google.auto.value:auto-value-annotations:1.6.2) with ExternalDependencyInstrumentingArtifactTransform
[        ] Transforming jose4j-0.9.5.jar (org.bitbucket.b_c:jose4j:0.9.5) with MergeInstrumentationAnalysisTransform
[        ] Transforming slf4j-api-1.7.30.jar (org.slf4j:slf4j-api:1.7.30) with InstrumentationAnalysisTransform
[        ] Transforming error_prone_annotations-2.18.0.jar (com.google.errorprone:error_prone_annotations:2.18.0) with ExternalDependencyInstrumentingArtifactTransform
[        ] Transforming slf4j-api-1.7.30.jar (org.slf4j:slf4j-api:1.7.30) with MergeInstrumentationAnalysisTransform
[        ] Transforming jose4j-0.9.5.jar (org.bitbucket.b_c:jose4j:0.9.5) with ExternalDependencyInstrumentingArtifactTransform
[        ] Transforming jdom2-2.0.6.jar (org.jdom:jdom2:2.0.6) with InstrumentationAnalysisTransform
[        ] Transforming slf4j-api-1.7.30.jar (org.slf4j:slf4j-api:1.7.30) with ExternalDependencyInstrumentingArtifactTransform
[        ] Transforming jdom2-2.0.6.jar (org.jdom:jdom2:2.0.6) with MergeInstrumentationAnalysisTransform
[        ] Transforming jsr305-3.0.2.jar (com.google.code.findbugs:jsr305:3.0.2) with InstrumentationAnalysisTransform
[        ] Transforming jsr305-3.0.2.jar (com.google.code.findbugs:jsr305:3.0.2) with MergeInstrumentationAnalysisTransform
[        ] Transforming j2objc-annotations-2.8.jar (com.google.j2objc:j2objc-annotations:2.8) with InstrumentationAnalysisTransform
[        ] Transforming jdom2-2.0.6.jar (org.jdom:jdom2:2.0.6) with ExternalDependencyInstrumentingArtifactTransform
[        ] Transforming j2objc-annotations-2.8.jar (com.google.j2objc:j2objc-annotations:2.8) with MergeInstrumentationAnalysisTransform
[        ] Transforming annotations-4.1.1.4.jar (com.google.android:annotations:4.1.1.4) with InstrumentationAnalysisTransform
[        ] Transforming jsr305-3.0.2.jar (com.google.code.findbugs:jsr305:3.0.2) with ExternalDependencyInstrumentingArtifactTransform
[        ] Transforming annotations-4.1.1.4.jar (com.google.android:annotations:4.1.1.4) with MergeInstrumentationAnalysisTransform
[        ] Transforming animal-sniffer-annotations-1.23.jar (org.codehaus.mojo:animal-sniffer-annotations:1.23) with InstrumentationAnalysisTransform
[        ] Transforming animal-sniffer-annotations-1.23.jar (org.codehaus.mojo:animal-sniffer-annotations:1.23) with MergeInstrumentationAnalysisTransform
[        ] Transforming perfmark-api-0.26.0.jar (io.perfmark:perfmark-api:0.26.0) with InstrumentationAnalysisTransform
[        ] Transforming j2objc-annotations-2.8.jar (com.google.j2objc:j2objc-annotations:2.8) with ExternalDependencyInstrumentingArtifactTransform
[        ] Transforming annotations-4.1.1.4.jar (com.google.android:annotations:4.1.1.4) with ExternalDependencyInstrumentingArtifactTransform
[        ] Transforming animal-sniffer-annotations-1.23.jar (org.codehaus.mojo:animal-sniffer-annotations:1.23) with ExternalDependencyInstrumentingArtifactTransform
[        ] Transforming perfmark-api-0.26.0.jar (io.perfmark:perfmark-api:0.26.0) with MergeInstrumentationAnalysisTransform
[        ] Transforming netty-codec-http2-4.1.93.Final.jar (io.netty:netty-codec-http2:4.1.93.Final) with InstrumentationAnalysisTransform
[        ] Transforming netty-codec-http2-4.1.93.Final.jar (io.netty:netty-codec-http2:4.1.93.Final) with MergeInstrumentationAnalysisTransform
[        ] Transforming netty-handler-proxy-4.1.93.Final.jar (io.netty:netty-handler-proxy:4.1.93.Final) with InstrumentationAnalysisTransform
[        ] Transforming netty-handler-proxy-4.1.93.Final.jar (io.netty:netty-handler-proxy:4.1.93.Final) with MergeInstrumentationAnalysisTransform
[        ] Transforming netty-codec-http-4.1.93.Final.jar (io.netty:netty-codec-http:4.1.93.Final) with InstrumentationAnalysisTransform
[        ] Transforming netty-codec-http-4.1.93.Final.jar (io.netty:netty-codec-http:4.1.93.Final) with MergeInstrumentationAnalysisTransform
[        ] Transforming netty-handler-4.1.93.Final.jar (io.netty:netty-handler:4.1.93.Final) with InstrumentationAnalysisTransform
[        ] Transforming netty-handler-4.1.93.Final.jar (io.netty:netty-handler:4.1.93.Final) with MergeInstrumentationAnalysisTransform
[        ] Transforming netty-transport-native-unix-common-4.1.93.Final.jar (io.netty:netty-transport-native-unix-common:4.1.93.Final) with InstrumentationAnalysisTransform
[        ] Transforming netty-transport-native-unix-common-4.1.93.Final.jar (io.netty:netty-transport-native-unix-common:4.1.93.Final) with MergeInstrumentationAnalysisTransform
[        ] Transforming checker-qual-3.33.0.jar (org.checkerframework:checker-qual:3.33.0) with InstrumentationAnalysisTransform
[        ] Transforming checker-qual-3.33.0.jar (org.checkerframework:checker-qual:3.33.0) with MergeInstrumentationAnalysisTransform
[        ] Transforming perfmark-api-0.26.0.jar (io.perfmark:perfmark-api:0.26.0) with ExternalDependencyInstrumentingArtifactTransform
[        ] Transforming commons-codec-1.11.jar (commons-codec:commons-codec:1.11) with InstrumentationAnalysisTransform
[        ] Transforming commons-codec-1.11.jar (commons-codec:commons-codec:1.11) with MergeInstrumentationAnalysisTransform
[        ] Transforming netty-handler-proxy-4.1.93.Final.jar (io.netty:netty-handler-proxy:4.1.93.Final) with ExternalDependencyInstrumentingArtifactTransform
[        ] Transforming netty-codec-http2-4.1.93.Final.jar (io.netty:netty-codec-http2:4.1.93.Final) with ExternalDependencyInstrumentingArtifactTransform
[        ] Transforming netty-transport-native-unix-common-4.1.93.Final.jar (io.netty:netty-transport-native-unix-common:4.1.93.Final) with ExternalDependencyInstrumentingArtifactTransform
[        ] Transforming commons-codec-1.11.jar (commons-codec:commons-codec:1.11) with ExternalDependencyInstrumentingArtifactTransform
[        ] Transforming netty-codec-http-4.1.93.Final.jar (io.netty:netty-codec-http:4.1.93.Final) with ExternalDependencyInstrumentingArtifactTransform
[        ] Transforming apksig-8.5.0.jar (com.android.tools.build:apksig:8.5.0) with InstrumentationAnalysisTransform
[        ] Transforming netty-handler-4.1.93.Final.jar (io.netty:netty-handler:4.1.93.Final) with ExternalDependencyInstrumentingArtifactTransform
[        ] Transforming apksig-8.5.0.jar (com.android.tools.build:apksig:8.5.0) with MergeInstrumentationAnalysisTransform
[        ] Transforming javawriter-2.5.0.jar (com.squareup:javawriter:2.5.0) with InstrumentationAnalysisTransform
[        ] Transforming javawriter-2.5.0.jar (com.squareup:javawriter:2.5.0) with MergeInstrumentationAnalysisTransform
[        ] Transforming failureaccess-1.0.1.jar (com.google.guava:failureaccess:1.0.1) with InstrumentationAnalysisTransform
[        ] Transforming failureaccess-1.0.1.jar (com.google.guava:failureaccess:1.0.1) with MergeInstrumentationAnalysisTransform
[        ] Transforming apksig-8.5.0.jar (com.android.tools.build:apksig:8.5.0) with ExternalDependencyInstrumentingArtifactTransform
[        ] Transforming listenablefuture-9999.0-empty-to-avoid-conflict-with-guava.jar (com.google.guava:listenablefuture:9999.0-empty-to-avoid-conflict-with-guava) with InstrumentationAnalysisTransform
[        ] Transforming listenablefuture-9999.0-empty-to-avoid-conflict-with-guava.jar (com.google.guava:listenablefuture:9999.0-empty-to-avoid-conflict-with-guava) with MergeInstrumentationAnalysisTransform
[        ] Transforming commons-logging-1.2.jar (commons-logging:commons-logging:1.2) with InstrumentationAnalysisTransform
[        ] Transforming checker-qual-3.33.0.jar (org.checkerframework:checker-qual:3.33.0) with ExternalDependencyInstrumentingArtifactTransform
[        ] Transforming failureaccess-1.0.1.jar (com.google.guava:failureaccess:1.0.1) with ExternalDependencyInstrumentingArtifactTransform
[        ] Transforming javawriter-2.5.0.jar (com.squareup:javawriter:2.5.0) with ExternalDependencyInstrumentingArtifactTransform
[        ] Transforming commons-logging-1.2.jar (commons-logging:commons-logging:1.2) with MergeInstrumentationAnalysisTransform
[        ] Transforming jna-5.6.0.jar (net.java.dev.jna:jna:5.6.0) with InstrumentationAnalysisTransform
[        ] Transforming listenablefuture-9999.0-empty-to-avoid-conflict-with-guava.jar (com.google.guava:listenablefuture:9999.0-empty-to-avoid-conflict-with-guava) with ExternalDependencyInstrumentingArtifactTransform
[        ] Transforming jna-5.6.0.jar (net.java.dev.jna:jna:5.6.0) with MergeInstrumentationAnalysisTransform
[        ] Transforming netty-codec-socks-4.1.93.Final.jar (io.netty:netty-codec-socks:4.1.93.Final) with InstrumentationAnalysisTransform
[        ] Transforming commons-logging-1.2.jar (commons-logging:commons-logging:1.2) with ExternalDependencyInstrumentingArtifactTransform
[        ] Transforming netty-codec-socks-4.1.93.Final.jar (io.netty:netty-codec-socks:4.1.93.Final) with MergeInstrumentationAnalysisTransform
[        ] Transforming netty-codec-4.1.93.Final.jar (io.netty:netty-codec:4.1.93.Final) with InstrumentationAnalysisTransform
[        ] Transforming jna-5.6.0.jar (net.java.dev.jna:jna:5.6.0) with ExternalDependencyInstrumentingArtifactTransform
[        ] Transforming netty-codec-4.1.93.Final.jar (io.netty:netty-codec:4.1.93.Final) with MergeInstrumentationAnalysisTransform
[        ] Transforming netty-transport-4.1.93.Final.jar (io.netty:netty-transport:4.1.93.Final) with InstrumentationAnalysisTransform
[        ] Transforming netty-codec-socks-4.1.93.Final.jar (io.netty:netty-codec-socks:4.1.93.Final) with ExternalDependencyInstrumentingArtifactTransform
[        ] Transforming netty-transport-4.1.93.Final.jar (io.netty:netty-transport:4.1.93.Final) with MergeInstrumentationAnalysisTransform
[        ] Transforming netty-codec-4.1.93.Final.jar (io.netty:netty-codec:4.1.93.Final) with ExternalDependencyInstrumentingArtifactTransform
[        ] Transforming netty-buffer-4.1.93.Final.jar (io.netty:netty-buffer:4.1.93.Final) with InstrumentationAnalysisTransform
[        ] Transforming netty-buffer-4.1.93.Final.jar (io.netty:netty-buffer:4.1.93.Final) with MergeInstrumentationAnalysisTransform
[        ] Transforming netty-transport-4.1.93.Final.jar (io.netty:netty-transport:4.1.93.Final) with ExternalDependencyInstrumentingArtifactTransform
[        ] Transforming netty-buffer-4.1.93.Final.jar (io.netty:netty-buffer:4.1.93.Final) with ExternalDependencyInstrumentingArtifactTransform
[        ] Transforming netty-resolver-4.1.93.Final.jar (io.netty:netty-resolver:4.1.93.Final) with InstrumentationAnalysisTransform
[        ] Transforming netty-resolver-4.1.93.Final.jar (io.netty:netty-resolver:4.1.93.Final) with MergeInstrumentationAnalysisTransform
[        ] Transforming netty-common-4.1.93.Final.jar (io.netty:netty-common:4.1.93.Final) with InstrumentationAnalysisTransform
[        ] Transforming netty-common-4.1.93.Final.jar (io.netty:netty-common:4.1.93.Final) with MergeInstrumentationAnalysisTransform
[        ] Transforming netty-resolver-4.1.93.Final.jar (io.netty:netty-resolver:4.1.93.Final) with ExternalDependencyInstrumentingArtifactTransform
[        ] Transforming netty-common-4.1.93.Final.jar (io.netty:netty-common:4.1.93.Final) with ExternalDependencyInstrumentingArtifactTransform
[        ] Build was configured to prefer settings repositories over project repositories but repository 'Google11' was added by build file 'C:\Users\jakao\AppData\Local\Pub\Cache\hosted\pub.dev\sqflite_android-2.4.1\android\build.gradle'
[        ] Build was configured to prefer settings repositories over project repositories but repository 'MavenRepo11' was added by build file 'C:\Users\jakao\AppData\Local\Pub\Cache\hosted\pub.dev\sqflite_android-2.4.1\android\build.gradle'
[        ] Build was configured to prefer settings repositories over project repositories but repository 'Google11' was added by build file 'C:\Users\jakao\AppData\Local\Pub\Cache\hosted\pub.dev\sqflite_android-2.4.1\android\build.gradle'
[        ] Build was configured to prefer settings repositories over project repositories but repository 'MavenRepo11' was added by build file 'C:\Users\jakao\AppData\Local\Pub\Cache\hosted\pub.dev\sqflite_android-2.4.1\android\build.gradle'
[        ] Build was configured to prefer settings repositories over project repositories but repository 'Google11' was added by build file 'C:\Users\jakao\AppData\Local\Pub\Cache\hosted\pub.dev\sqflite_android-2.4.1\android\build.gradle'
[        ] Build was configured to prefer settings repositories over project repositories but repository 'MavenRepo11' was added by build file 'C:\Users\jakao\AppData\Local\Pub\Cache\hosted\pub.dev\sqflite_android-2.4.1\android\build.gradle'
[        ] Build was configured to prefer settings repositories over project repositories but repository 'Google11' was added by build file 'C:\Users\jakao\AppData\Local\Pub\Cache\hosted\pub.dev\sqflite_android-2.4.1\android\build.gradle'
[        ] Build was configured to prefer settings repositories over project repositories but repository 'MavenRepo11' was added by build file 'C:\Users\jakao\AppData\Local\Pub\Cache\hosted\pub.dev\sqflite_android-2.4.1\android\build.gradle'
[        ] Build was configured to prefer settings repositories over project repositories but repository 'Google11' was added by build file 'C:\Users\jakao\AppData\Local\Pub\Cache\hosted\pub.dev\sqflite_android-2.4.1\android\build.gradle'
[        ] Build was configured to prefer settings repositories over project repositories but repository 'MavenRepo11' was added by build file 'C:\Users\jakao\AppData\Local\Pub\Cache\hosted\pub.dev\sqflite_android-2.4.1\android\build.gradle'
[        ] Build was configured to prefer settings repositories over project repositories but repository 'Google11' was added by build file 'C:\Users\jakao\AppData\Local\Pub\Cache\hosted\pub.dev\sqflite_android-2.4.1\android\build.gradle'
[        ] Build was configured to prefer settings repositories over project repositories but repository 'MavenRepo11' was added by build file 'C:\Users\jakao\AppData\Local\Pub\Cache\hosted\pub.dev\sqflite_android-2.4.1\android\build.gradle'
[        ] Build was configured to prefer settings repositories over project repositories but repository 'Google12' was added by build file 'C:\Users\jakao\AppData\Local\Pub\Cache\hosted\pub.dev\sqflite_android-2.4.1\android\build.gradle'
[        ] Build was configured to prefer settings repositories over project repositories but repository 'MavenRepo12' was added by build file 'C:\Users\jakao\AppData\Local\Pub\Cache\hosted\pub.dev\sqflite_android-2.4.1\android\build.gradle'
[        ] Build was configured to prefer settings repositories over project repositories but repository 'Google11' was added by build file 'C:\Users\jakao\AppData\Local\Pub\Cache\hosted\pub.dev\sqflite_android-2.4.1\android\build.gradle'
[        ] Build was configured to prefer settings repositories over project repositories but repository 'MavenRepo11' was added by build file 'C:\Users\jakao\AppData\Local\Pub\Cache\hosted\pub.dev\sqflite_android-2.4.1\android\build.gradle'
[        ] Build was configured to prefer settings repositories over project repositories but repository 'Google11' was added by build file 'C:\Users\jakao\AppData\Local\Pub\Cache\hosted\pub.dev\sqflite_android-2.4.1\android\build.gradle'
[        ] Build was configured to prefer settings repositories over project repositories but repository 'MavenRepo11' was added by build file 'C:\Users\jakao\AppData\Local\Pub\Cache\hosted\pub.dev\sqflite_android-2.4.1\android\build.gradle'
[        ] Build was configured to prefer settings repositories over project repositories but repository 'Google11' was added by build file 'C:\Users\jakao\AppData\Local\Pub\Cache\hosted\pub.dev\sqflite_android-2.4.1\android\build.gradle'
[        ] Build was configured to prefer settings repositories over project repositories but repository 'MavenRepo11' was added by build file 'C:\Users\jakao\AppData\Local\Pub\Cache\hosted\pub.dev\sqflite_android-2.4.1\android\build.gradle'
[        ] Build was configured to prefer settings repositories over project repositories but repository 'Google11' was added by build file 'C:\Users\jakao\AppData\Local\Pub\Cache\hosted\pub.dev\sqflite_android-2.4.1\android\build.gradle'
[        ] Build was configured to prefer settings repositories over project repositories but repository 'MavenRepo11' was added by build file 'C:\Users\jakao\AppData\Local\Pub\Cache\hosted\pub.dev\sqflite_android-2.4.1\android\build.gradle'
[        ] Build was configured to prefer settings repositories over project repositories but repository 'Google11' was added by build file 'C:\Users\jakao\AppData\Local\Pub\Cache\hosted\pub.dev\sqflite_android-2.4.1\android\build.gradle'
[        ] Build was configured to prefer settings repositories over project repositories but repository 'MavenRepo11' was added by build file 'C:\Users\jakao\AppData\Local\Pub\Cache\hosted\pub.dev\sqflite_android-2.4.1\android\build.gradle'
[        ] Build was configured to prefer settings repositories over project repositories but repository 'Google11' was added by build file 'C:\Users\jakao\AppData\Local\Pub\Cache\hosted\pub.dev\sqflite_android-2.4.1\android\build.gradle'
[        ] Build was configured to prefer settings repositories over project repositories but repository 'MavenRepo11' was added by build file 'C:\Users\jakao\AppData\Local\Pub\Cache\hosted\pub.dev\sqflite_android-2.4.1\android\build.gradle'
[        ] Build was configured to prefer settings repositories over project repositories but repository 'Google11' was added by build file 'C:\Users\jakao\AppData\Local\Pub\Cache\hosted\pub.dev\sqflite_android-2.4.1\android\build.gradle'
[        ] Build was configured to prefer settings repositories over project repositories but repository 'MavenRepo11' was added by build file 'C:\Users\jakao\AppData\Local\Pub\Cache\hosted\pub.dev\sqflite_android-2.4.1\android\build.gradle'
[        ] Build was configured to prefer settings repositories over project repositories but repository 'Google11' was added by build file 'C:\Users\jakao\AppData\Local\Pub\Cache\hosted\pub.dev\sqflite_android-2.4.1\android\build.gradle'
[        ] Build was configured to prefer settings repositories over project repositories but repository 'MavenRepo11' was added by build file 'C:\Users\jakao\AppData\Local\Pub\Cache\hosted\pub.dev\sqflite_android-2.4.1\android\build.gradle'
[        ] Using default execution profile
[ +268 ms] > Configure project :url_launcher_android
[        ] Evaluating project ':url_launcher_android' using build file 'C:\Users\jakao\AppData\Local\Pub\Cache\hosted\pub.dev\url_launcher_android-6.3.16\android\build.gradle'.
[        ] Transforming gradle-8.5.1.jar (com.android.tools.build:gradle:8.5.1) with InstrumentationAnalysisTransform
[        ] Transforming gradle-settings-api-8.5.1.jar (com.android.tools.build:gradle-settings-api:8.5.1) with InstrumentationAnalysisTransform
[        ] Transforming lint-model-31.5.1.jar (com.android.tools.lint:lint-model:31.5.1) with InstrumentationAnalysisTransform
[        ] Transforming builder-8.5.1.jar (com.android.tools.build:builder:8.5.1) with InstrumentationAnalysisTransform
[        ] Transforming manifest-merger-31.5.1.jar (com.android.tools.build:manifest-merger:31.5.1) with InstrumentationAnalysisTransform
[        ] Transforming sdk-common-31.5.1.jar (com.android.tools:sdk-common:31.5.1) with InstrumentationAnalysisTransform
[        ] Transforming sdklib-31.5.1.jar (com.android.tools:sdklib:31.5.1) with InstrumentationAnalysisTransform
[        ] Transforming repository-31.5.1.jar (com.android.tools:repository:31.5.1) with InstrumentationAnalysisTransform
[        ] Transforming gradle-api-8.5.1.jar (com.android.tools.build:gradle-api:8.5.1) with InstrumentationAnalysisTransform
[        ] Transforming builder-test-api-8.5.1.jar (com.android.tools.build:builder-test-api:8.5.1) with InstrumentationAnalysisTransform
[        ] Transforming ddmlib-31.5.1.jar (com.android.tools.ddms:ddmlib:31.5.1) with InstrumentationAnalysisTransform
[        ] Transforming aaptcompiler-8.5.1.jar (com.android.tools.build:aaptcompiler:8.5.1) with InstrumentationAnalysisTransform
[        ] Transforming bundletool-1.16.0.jar (com.android.tools.build:bundletool:1.16.0) with InstrumentationAnalysisTransform
[        ] Transforming aapt2-proto-8.5.1-11315950.jar (com.android.tools.build:aapt2-proto:8.5.1-11315950) with InstrumentationAnalysisTransform
[        ] Transforming crash-31.5.1.jar (com.android.tools.analytics-library:crash:31.5.1) with InstrumentationAnalysisTransform
[        ] Transforming tracker-31.5.1.jar (com.android.tools.analytics-library:tracker:31.5.1) with InstrumentationAnalysisTransform
[        ] Transforming shared-31.5.1.jar (com.android.tools.analytics-library:shared:31.5.1) with InstrumentationAnalysisTransform
[        ] Transforming lint-typedef-remover-31.5.1.jar (com.android.tools.lint:lint-typedef-remover:31.5.1) with InstrumentationAnalysisTransform
[        ] Transforming databinding-compiler-common-8.5.1.jar (androidx.databinding:databinding-compiler-common:8.5.1) with InstrumentationAnalysisTransform
[        ] Transforming databinding-common-8.5.1.jar (androidx.databinding:databinding-common:8.5.1) with InstrumentationAnalysisTransform
[        ] Transforming baseLibrary-8.5.1.jar (com.android.databinding:baseLibrary:8.5.1) with InstrumentationAnalysisTransform
[        ] Transforming layoutlib-api-31.5.1.jar (com.android.tools.layoutlib:layoutlib-api:31.5.1) with InstrumentationAnalysisTransform
[        ] Transforming android-device-provider-ddmlib-proto-31.5.1.jar (com.android.tools.utp:android-device-provider-ddmlib-proto:31.5.1) with InstrumentationAnalysisTransform
[        ] Transforming android-device-provider-gradle-proto-31.5.1.jar (com.android.tools.utp:android-device-provider-gradle-proto:31.5.1) with InstrumentationAnalysisTransform
[        ] Transforming android-test-plugin-host-additional-test-output-proto-31.5.1.jar (com.android.tools.utp:android-test-plugin-host-additional-test-output-proto:31.5.1) with InstrumentationAnalysisTransform
[        ] Transforming android-test-plugin-host-coverage-proto-31.5.1.jar (com.android.tools.utp:android-test-plugin-host-coverage-proto:31.5.1) with InstrumentationAnalysisTransform
[        ] Transforming android-test-plugin-host-emulator-control-proto-31.5.1.jar (com.android.tools.utp:android-test-plugin-host-emulator-control-proto:31.5.1) with InstrumentationAnalysisTransform
[        ] Transforming android-test-plugin-host-logcat-proto-31.5.1.jar (com.android.tools.utp:android-test-plugin-host-logcat-proto:31.5.1) with InstrumentationAnalysisTransform
[        ] Transforming android-test-plugin-host-apk-installer-proto-31.5.1.jar (com.android.tools.utp:android-test-plugin-host-apk-installer-proto:31.5.1) with InstrumentationAnalysisTransform
[        ] Transforming android-test-plugin-host-retention-proto-31.5.1.jar (com.android.tools.utp:android-test-plugin-host-retention-proto:31.5.1) with InstrumentationAnalysisTransform
[        ] Transforming android-test-plugin-result-listener-gradle-proto-31.5.1.jar (com.android.tools.utp:android-test-plugin-result-listener-gradle-proto:31.5.1) with InstrumentationAnalysisTransform
[        ] Transforming builder-model-8.5.1.jar (com.android.tools.build:builder-model:8.5.1) with InstrumentationAnalysisTransform
[        ] Transforming dvlib-31.5.1.jar (com.android.tools:dvlib:31.5.1) with InstrumentationAnalysisTransform
[        ] Transforming common-31.5.1.jar (com.android.tools:common:31.5.1) with InstrumentationAnalysisTransform
[        ] Transforming jetifier-processor-1.0.0-beta10.jar (com.android.tools.build.jetifier:jetifier-processor:1.0.0-beta10) with InstrumentationAnalysisTransform
[        ] Transforming jetifier-core-1.0.0-beta10.jar (com.android.tools.build.jetifier:jetifier-core:1.0.0-beta10) with InstrumentationAnalysisTransform
[        ] Transforming kotlin-reflect-1.9.20.jar (org.jetbrains.kotlin:kotlin-reflect:1.9.20) with InstrumentationAnalysisTransform
[        ] Transforming kotlin-stdlib-jdk7-1.9.20.jar (org.jetbrains.kotlin:kotlin-stdlib-jdk7:1.9.20) with InstrumentationAnalysisTransform
[        ] Transforming kotlin-stdlib-1.9.20.jar (org.jetbrains.kotlin:kotlin-stdlib:1.9.20) with InstrumentationAnalysisTransform
[        ] Transforming kotlin-stdlib-jdk8-1.9.20.jar (org.jetbrains.kotlin:kotlin-stdlib-jdk8:1.9.20) with InstrumentationAnalysisTransform
[        ] Transforming transform-api-2.0.0-deprecated-use-gradle-api.jar (com.android.tools.build:transform-api:2.0.0-deprecated-use-gradle-api) with InstrumentationAnalysisTransform
[        ] Transforming httpmime-4.5.6.jar (org.apache.httpcomponents:httpmime:4.5.6) with InstrumentationAnalysisTransform
[        ] Transforming commons-io-2.13.0.jar (commons-io:commons-io:2.13.0) with InstrumentationAnalysisTransform
[        ] Transforming asm-commons-9.6.jar (org.ow2.asm:asm-commons:9.6) with InstrumentationAnalysisTransform
[        ] Transforming asm-util-9.6.jar (org.ow2.asm:asm-util:9.6) with InstrumentationAnalysisTransform
[        ] Transforming asm-analysis-9.6.jar (org.ow2.asm:asm-analysis:9.6) with InstrumentationAnalysisTransform
[        ] Transforming asm-tree-9.6.jar (org.ow2.asm:asm-tree:9.6) with InstrumentationAnalysisTransform
[        ] Transforming asm-9.6.jar (org.ow2.asm:asm:9.6) with InstrumentationAnalysisTransform
[        ] Transforming apkzlib-8.5.1.jar (com.android.tools.build:apkzlib:8.5.1) with InstrumentationAnalysisTransform
[        ] Transforming bcpkix-jdk18on-1.77.jar (org.bouncycastle:bcpkix-jdk18on:1.77) with InstrumentationAnalysisTransform
[        ] Transforming jaxb-runtime-2.3.2.jar (org.glassfish.jaxb:jaxb-runtime:2.3.2) with InstrumentationAnalysisTransform
[        ] Transforming jopt-simple-4.9.jar (net.sf.jopt-simple:jopt-simple:4.9) with InstrumentationAnalysisTransform
[        ] Transforming javapoet-1.10.0.jar (com.squareup:javapoet:1.10.0) with InstrumentationAnalysisTransform
[        ] Transforming protobuf-java-util-3.22.3.jar (com.google.protobuf:protobuf-java-util:3.22.3) with InstrumentationAnalysisTransform
[        ] Transforming grpc-protobuf-1.57.0.jar (io.grpc:grpc-protobuf:1.57.0) with InstrumentationAnalysisTransform
[        ] Transforming tink-1.7.0.jar (com.google.crypto.tink:tink:1.7.0) with InstrumentationAnalysisTransform
[        ] Transforming protos-31.5.1.jar (com.android.tools.analytics-library:protos:31.5.1) with InstrumentationAnalysisTransform
[        ] Transforming proto-google-common-protos-2.17.0.jar (com.google.api.grpc:proto-google-common-protos:2.17.0) with InstrumentationAnalysisTransform
[        ] Transforming protobuf-java-3.22.3.jar (com.google.protobuf:protobuf-java:3.22.3) with InstrumentationAnalysisTransform
[        ] Transforming grpc-netty-1.57.0.jar (io.grpc:grpc-netty:1.57.0) with InstrumentationAnalysisTransform
[        ] Transforming grpc-core-1.57.0.jar (io.grpc:grpc-core:1.57.0) with InstrumentationAnalysisTransform
[        ] Transforming gson-2.10.1.jar (com.google.code.gson:gson:2.10.1) with InstrumentationAnalysisTransform
[        ] Transforming grpc-stub-1.57.0.jar (io.grpc:grpc-stub:1.57.0) with InstrumentationAnalysisTransform
[        ] Transforming core-proto-0.0.9-alpha02.jar (com.google.testing.platform:core-proto:0.0.9-alpha02) with InstrumentationAnalysisTransform
[        ] Transforming kxml2-2.3.0.jar (net.sf.kxml:kxml2:2.3.0) with InstrumentationAnalysisTransform
[        ] Transforming tensorflow-lite-metadata-0.1.0-rc2.jar (org.tensorflow:tensorflow-lite-metadata:0.1.0-rc2) with InstrumentationAnalysisTransform
[        ] Transforming flatbuffers-java-1.12.0.jar (com.google.flatbuffers:flatbuffers-java:1.12.0) with InstrumentationAnalysisTransform
[        ] Transforming jimfs-1.1.jar (com.google.jimfs:jimfs:1.1) with InstrumentationAnalysisTransform
[        ] Transforming grpc-context-1.57.0.jar (io.grpc:grpc-context:1.57.0) with InstrumentationAnalysisTransform
[        ] Transforming grpc-protobuf-lite-1.57.0.jar (io.grpc:grpc-protobuf-lite:1.57.0) with InstrumentationAnalysisTransform
[        ] Transforming grpc-api-1.57.0.jar (io.grpc:grpc-api:1.57.0) with InstrumentationAnalysisTransform
[        ] Transforming guava-32.0.1-jre.jar (com.google.guava:guava:32.0.1-jre) with InstrumentationAnalysisTransform
[        ] Transforming dagger-2.28.3.jar (com.google.dagger:dagger:2.28.3) with InstrumentationAnalysisTransform
[        ] Transforming javax.inject-1.jar (javax.inject:javax.inject:1) with InstrumentationAnalysisTransform
[        ] Transforming bcutil-jdk18on-1.77.jar (org.bouncycastle:bcutil-jdk18on:1.77) with InstrumentationAnalysisTransform
[        ] Transforming bcprov-jdk18on-1.77.jar (org.bouncycastle:bcprov-jdk18on:1.77) with InstrumentationAnalysisTransform
[        ] Transforming trove4j-1.0.20200330.jar (org.jetbrains.intellij.deps:trove4j:1.0.20200330) with InstrumentationAnalysisTransform
[        ] Transforming commons-compress-1.21.jar (org.apache.commons:commons-compress:1.21) with InstrumentationAnalysisTransform
[        ] Transforming httpclient-4.5.14.jar (org.apache.httpcomponents:httpclient:4.5.14) with InstrumentationAnalysisTransform
[        ] Transforming httpcore-4.4.16.jar (org.apache.httpcomponents:httpcore:4.4.16) with InstrumentationAnalysisTransform
[        ] Transforming javax.activation-1.2.0.jar (com.sun.activation:javax.activation:1.2.0) with InstrumentationAnalysisTransform
[        ] Transforming annotations-23.0.0.jar (org.jetbrains:annotations:23.0.0) with InstrumentationAnalysisTransform
[        ] Transforming signflinger-8.5.1.jar (com.android:signflinger:8.5.1) with InstrumentationAnalysisTransform
[        ] Transforming zipflinger-8.5.1.jar (com.android:zipflinger:8.5.1) with InstrumentationAnalysisTransform
[        ] Transforming annotations-31.5.1.jar (com.android.tools:annotations:31.5.1) with InstrumentationAnalysisTransform
[        ] Transforming jna-platform-5.6.0.jar (net.java.dev.jna:jna-platform:5.6.0) with InstrumentationAnalysisTransform
[        ] Transforming juniversalchardet-1.0.3.jar (com.googlecode.juniversalchardet:juniversalchardet:1.0.3) with InstrumentationAnalysisTransform
[        ] Transforming javax.annotation-api-1.3.2.jar (javax.annotation:javax.annotation-api:1.3.2) with InstrumentationAnalysisTransform
[        ] Transforming stax-ex-1.8.1.jar (org.jvnet.staxex:stax-ex:1.8.1) with InstrumentationAnalysisTransform
[        ] Transforming jakarta.xml.bind-api-2.3.2.jar (jakarta.xml.bind:jakarta.xml.bind-api:2.3.2) with InstrumentationAnalysisTransform
[        ] Transforming txw2-2.3.2.jar (org.glassfish.jaxb:txw2:2.3.2) with InstrumentationAnalysisTransform
[        ] Transforming istack-commons-runtime-3.0.8.jar (com.sun.istack:istack-commons-runtime:3.0.8) with InstrumentationAnalysisTransform
[        ] Transforming FastInfoset-1.2.16.jar (com.sun.xml.fastinfoset:FastInfoset:1.2.16) with InstrumentationAnalysisTransform
[        ] Transforming jakarta.activation-api-1.2.1.jar (jakarta.activation:jakarta.activation-api:1.2.1) with InstrumentationAnalysisTransform
[        ] Transforming auto-value-annotations-1.6.2.jar (com.google.auto.value:auto-value-annotations:1.6.2) with InstrumentationAnalysisTransform
[        ] Transforming error_prone_annotations-2.18.0.jar (com.google.errorprone:error_prone_annotations:2.18.0) with InstrumentationAnalysisTransform
[        ] Transforming jose4j-0.9.5.jar (org.bitbucket.b_c:jose4j:0.9.5) with InstrumentationAnalysisTransform
[        ] Transforming slf4j-api-1.7.30.jar (org.slf4j:slf4j-api:1.7.30) with InstrumentationAnalysisTransform
[        ] Transforming jdom2-2.0.6.jar (org.jdom:jdom2:2.0.6) with InstrumentationAnalysisTransform
[        ] Transforming jsr305-3.0.2.jar (com.google.code.findbugs:jsr305:3.0.2) with InstrumentationAnalysisTransform
[        ] Transforming j2objc-annotations-2.8.jar (com.google.j2objc:j2objc-annotations:2.8) with InstrumentationAnalysisTransform
[        ] Transforming annotations-4.1.1.4.jar (com.google.android:annotations:4.1.1.4) with InstrumentationAnalysisTransform
[        ] Transforming animal-sniffer-annotations-1.23.jar (org.codehaus.mojo:animal-sniffer-annotations:1.23) with InstrumentationAnalysisTransform
[        ] Transforming perfmark-api-0.26.0.jar (io.perfmark:perfmark-api:0.26.0) with InstrumentationAnalysisTransform
[        ] Transforming netty-codec-http2-4.1.93.Final.jar (io.netty:netty-codec-http2:4.1.93.Final) with InstrumentationAnalysisTransform
[        ] Transforming netty-handler-proxy-4.1.93.Final.jar (io.netty:netty-handler-proxy:4.1.93.Final) with InstrumentationAnalysisTransform
[        ] Transforming netty-codec-http-4.1.93.Final.jar (io.netty:netty-codec-http:4.1.93.Final) with InstrumentationAnalysisTransform
[        ] Transforming netty-handler-4.1.93.Final.jar (io.netty:netty-handler:4.1.93.Final) with InstrumentationAnalysisTransform
[        ] Transforming netty-transport-native-unix-common-4.1.93.Final.jar (io.netty:netty-transport-native-unix-common:4.1.93.Final) with InstrumentationAnalysisTransform
[        ] Transforming checker-qual-3.33.0.jar (org.checkerframework:checker-qual:3.33.0) with InstrumentationAnalysisTransform
[        ] Transforming commons-codec-1.11.jar (commons-codec:commons-codec:1.11) with InstrumentationAnalysisTransform
[        ] Transforming apksig-8.5.1.jar (com.android.tools.build:apksig:8.5.1) with InstrumentationAnalysisTransform
[        ] Transforming javawriter-2.5.0.jar (com.squareup:javawriter:2.5.0) with InstrumentationAnalysisTransform
[        ] Transforming failureaccess-1.0.1.jar (com.google.guava:failureaccess:1.0.1) with InstrumentationAnalysisTransform
[        ] Transforming listenablefuture-9999.0-empty-to-avoid-conflict-with-guava.jar (com.google.guava:listenablefuture:9999.0-empty-to-avoid-conflict-with-guava) with InstrumentationAnalysisTransform
[        ] Transforming commons-logging-1.2.jar (commons-logging:commons-logging:1.2) with InstrumentationAnalysisTransform
[        ] Transforming jna-5.6.0.jar (net.java.dev.jna:jna:5.6.0) with InstrumentationAnalysisTransform
[        ] Transforming netty-codec-socks-4.1.93.Final.jar (io.netty:netty-codec-socks:4.1.93.Final) with InstrumentationAnalysisTransform
[        ] Transforming netty-codec-4.1.93.Final.jar (io.netty:netty-codec:4.1.93.Final) with InstrumentationAnalysisTransform
[        ] Transforming netty-transport-4.1.93.Final.jar (io.netty:netty-transport:4.1.93.Final) with InstrumentationAnalysisTransform
[        ] Transforming netty-buffer-4.1.93.Final.jar (io.netty:netty-buffer:4.1.93.Final) with InstrumentationAnalysisTransform
[        ] Transforming netty-resolver-4.1.93.Final.jar (io.netty:netty-resolver:4.1.93.Final) with InstrumentationAnalysisTransform
[        ] Transforming netty-common-4.1.93.Final.jar (io.netty:netty-common:4.1.93.Final) with InstrumentationAnalysisTransform
[        ] Transforming gradle-8.5.1.jar (com.android.tools.build:gradle:8.5.1) with InstrumentationAnalysisTransform
[        ] Transforming gradle-8.5.1.jar (com.android.tools.build:gradle:8.5.1) with MergeInstrumentationAnalysisTransform
[        ] Transforming gradle-settings-api-8.5.1.jar (com.android.tools.build:gradle-settings-api:8.5.1) with InstrumentationAnalysisTransform
[        ] Transforming gradle-settings-api-8.5.1.jar (com.android.tools.build:gradle-settings-api:8.5.1) with MergeInstrumentationAnalysisTransform
[        ] Transforming lint-model-31.5.1.jar (com.android.tools.lint:lint-model:31.5.1) with InstrumentationAnalysisTransform
[        ] Transforming lint-model-31.5.1.jar (com.android.tools.lint:lint-model:31.5.1) with MergeInstrumentationAnalysisTransform
[        ] Transforming builder-8.5.1.jar (com.android.tools.build:builder:8.5.1) with InstrumentationAnalysisTransform
[        ] Transforming builder-8.5.1.jar (com.android.tools.build:builder:8.5.1) with MergeInstrumentationAnalysisTransform
[        ] Transforming manifest-merger-31.5.1.jar (com.android.tools.build:manifest-merger:31.5.1) with InstrumentationAnalysisTransform
[        ] Transforming manifest-merger-31.5.1.jar (com.android.tools.build:manifest-merger:31.5.1) with MergeInstrumentationAnalysisTransform
[        ] Transforming sdk-common-31.5.1.jar (com.android.tools:sdk-common:31.5.1) with InstrumentationAnalysisTransform
[        ] Transforming sdk-common-31.5.1.jar (com.android.tools:sdk-common:31.5.1) with MergeInstrumentationAnalysisTransform
[        ] Transforming sdklib-31.5.1.jar (com.android.tools:sdklib:31.5.1) with InstrumentationAnalysisTransform
[        ] Transforming sdklib-31.5.1.jar (com.android.tools:sdklib:31.5.1) with MergeInstrumentationAnalysisTransform
[        ] Transforming repository-31.5.1.jar (com.android.tools:repository:31.5.1) with InstrumentationAnalysisTransform
[        ] Transforming repository-31.5.1.jar (com.android.tools:repository:31.5.1) with MergeInstrumentationAnalysisTransform
[        ] Transforming gradle-api-8.5.1.jar (com.android.tools.build:gradle-api:8.5.1) with InstrumentationAnalysisTransform
[        ] Transforming gradle-api-8.5.1.jar (com.android.tools.build:gradle-api:8.5.1) with MergeInstrumentationAnalysisTransform
[        ] Transforming builder-test-api-8.5.1.jar (com.android.tools.build:builder-test-api:8.5.1) with InstrumentationAnalysisTransform
[        ] Transforming builder-test-api-8.5.1.jar (com.android.tools.build:builder-test-api:8.5.1) with MergeInstrumentationAnalysisTransform
[        ] Transforming ddmlib-31.5.1.jar (com.android.tools.ddms:ddmlib:31.5.1) with InstrumentationAnalysisTransform
[        ] Transforming ddmlib-31.5.1.jar (com.android.tools.ddms:ddmlib:31.5.1) with MergeInstrumentationAnalysisTransform
[        ] Transforming aaptcompiler-8.5.1.jar (com.android.tools.build:aaptcompiler:8.5.1) with InstrumentationAnalysisTransform
[        ] Transforming aaptcompiler-8.5.1.jar (com.android.tools.build:aaptcompiler:8.5.1) with MergeInstrumentationAnalysisTransform
[        ] Transforming bundletool-1.16.0.jar (com.android.tools.build:bundletool:1.16.0) with InstrumentationAnalysisTransform
[        ] Transforming bundletool-1.16.0.jar (com.android.tools.build:bundletool:1.16.0) with MergeInstrumentationAnalysisTransform
[        ] Transforming aapt2-proto-8.5.1-11315950.jar (com.android.tools.build:aapt2-proto:8.5.1-11315950) with InstrumentationAnalysisTransform
[        ] Transforming aapt2-proto-8.5.1-11315950.jar (com.android.tools.build:aapt2-proto:8.5.1-11315950) with MergeInstrumentationAnalysisTransform
[        ] Transforming crash-31.5.1.jar (com.android.tools.analytics-library:crash:31.5.1) with InstrumentationAnalysisTransform
[        ] Transforming crash-31.5.1.jar (com.android.tools.analytics-library:crash:31.5.1) with MergeInstrumentationAnalysisTransform
[        ] Transforming tracker-31.5.1.jar (com.android.tools.analytics-library:tracker:31.5.1) with InstrumentationAnalysisTransform
[        ] Transforming tracker-31.5.1.jar (com.android.tools.analytics-library:tracker:31.5.1) with MergeInstrumentationAnalysisTransform
[        ] Transforming shared-31.5.1.jar (com.android.tools.analytics-library:shared:31.5.1) with InstrumentationAnalysisTransform
[        ] Transforming shared-31.5.1.jar (com.android.tools.analytics-library:shared:31.5.1) with MergeInstrumentationAnalysisTransform
[        ] Transforming lint-typedef-remover-31.5.1.jar (com.android.tools.lint:lint-typedef-remover:31.5.1) with InstrumentationAnalysisTransform
[        ] Transforming lint-typedef-remover-31.5.1.jar (com.android.tools.lint:lint-typedef-remover:31.5.1) with MergeInstrumentationAnalysisTransform
[        ] Transforming databinding-compiler-common-8.5.1.jar (androidx.databinding:databinding-compiler-common:8.5.1) with InstrumentationAnalysisTransform
[        ] Transforming databinding-compiler-common-8.5.1.jar (androidx.databinding:databinding-compiler-common:8.5.1) with MergeInstrumentationAnalysisTransform
[        ] Transforming databinding-common-8.5.1.jar (androidx.databinding:databinding-common:8.5.1) with InstrumentationAnalysisTransform
[        ] Transforming databinding-common-8.5.1.jar (androidx.databinding:databinding-common:8.5.1) with MergeInstrumentationAnalysisTransform
[        ] Transforming baseLibrary-8.5.1.jar (com.android.databinding:baseLibrary:8.5.1) with InstrumentationAnalysisTransform
[        ] Transforming baseLibrary-8.5.1.jar (com.android.databinding:baseLibrary:8.5.1) with MergeInstrumentationAnalysisTransform
[        ] Transforming layoutlib-api-31.5.1.jar (com.android.tools.layoutlib:layoutlib-api:31.5.1) with InstrumentationAnalysisTransform
[        ] Transforming layoutlib-api-31.5.1.jar (com.android.tools.layoutlib:layoutlib-api:31.5.1) with MergeInstrumentationAnalysisTransform
[        ] Transforming android-device-provider-ddmlib-proto-31.5.1.jar (com.android.tools.utp:android-device-provider-ddmlib-proto:31.5.1) with InstrumentationAnalysisTransform
[        ] Transforming android-device-provider-ddmlib-proto-31.5.1.jar (com.android.tools.utp:android-device-provider-ddmlib-proto:31.5.1) with MergeInstrumentationAnalysisTransform
[        ] Transforming android-device-provider-gradle-proto-31.5.1.jar (com.android.tools.utp:android-device-provider-gradle-proto:31.5.1) with InstrumentationAnalysisTransform
[        ] Transforming android-device-provider-gradle-proto-31.5.1.jar (com.android.tools.utp:android-device-provider-gradle-proto:31.5.1) with MergeInstrumentationAnalysisTransform
[        ] Transforming android-test-plugin-host-additional-test-output-proto-31.5.1.jar (com.android.tools.utp:android-test-plugin-host-additional-test-output-proto:31.5.1) with InstrumentationAnalysisTransform
[        ] Transforming android-test-plugin-host-additional-test-output-proto-31.5.1.jar (com.android.tools.utp:android-test-plugin-host-additional-test-output-proto:31.5.1) with MergeInstrumentationAnalysisTransform
[        ] Transforming android-test-plugin-host-coverage-proto-31.5.1.jar (com.android.tools.utp:android-test-plugin-host-coverage-proto:31.5.1) with InstrumentationAnalysisTransform
[        ] Transforming android-test-plugin-host-coverage-proto-31.5.1.jar (com.android.tools.utp:android-test-plugin-host-coverage-proto:31.5.1) with MergeInstrumentationAnalysisTransform
[        ] Transforming android-test-plugin-host-emulator-control-proto-31.5.1.jar (com.android.tools.utp:android-test-plugin-host-emulator-control-proto:31.5.1) with InstrumentationAnalysisTransform
[        ] Transforming android-test-plugin-host-emulator-control-proto-31.5.1.jar (com.android.tools.utp:android-test-plugin-host-emulator-control-proto:31.5.1) with MergeInstrumentationAnalysisTransform
[        ] Transforming android-test-plugin-host-logcat-proto-31.5.1.jar (com.android.tools.utp:android-test-plugin-host-logcat-proto:31.5.1) with InstrumentationAnalysisTransform
[        ] Transforming android-test-plugin-host-logcat-proto-31.5.1.jar (com.android.tools.utp:android-test-plugin-host-logcat-proto:31.5.1) with MergeInstrumentationAnalysisTransform
[        ] Transforming android-test-plugin-host-apk-installer-proto-31.5.1.jar (com.android.tools.utp:android-test-plugin-host-apk-installer-proto:31.5.1) with InstrumentationAnalysisTransform
[        ] Transforming android-test-plugin-host-apk-installer-proto-31.5.1.jar (com.android.tools.utp:android-test-plugin-host-apk-installer-proto:31.5.1) with MergeInstrumentationAnalysisTransform
[        ] Transforming android-test-plugin-host-retention-proto-31.5.1.jar (com.android.tools.utp:android-test-plugin-host-retention-proto:31.5.1) with InstrumentationAnalysisTransform
[        ] Transforming android-test-plugin-host-retention-proto-31.5.1.jar (com.android.tools.utp:android-test-plugin-host-retention-proto:31.5.1) with MergeInstrumentationAnalysisTransform
[        ] Transforming android-test-plugin-result-listener-gradle-proto-31.5.1.jar (com.android.tools.utp:android-test-plugin-result-listener-gradle-proto:31.5.1) with InstrumentationAnalysisTransform
[        ] Transforming android-test-plugin-result-listener-gradle-proto-31.5.1.jar (com.android.tools.utp:android-test-plugin-result-listener-gradle-proto:31.5.1) with MergeInstrumentationAnalysisTransform
[        ] Transforming builder-model-8.5.1.jar (com.android.tools.build:builder-model:8.5.1) with InstrumentationAnalysisTransform
[        ] Transforming builder-model-8.5.1.jar (com.android.tools.build:builder-model:8.5.1) with MergeInstrumentationAnalysisTransform
[        ] Transforming dvlib-31.5.1.jar (com.android.tools:dvlib:31.5.1) with InstrumentationAnalysisTransform
[        ] Transforming dvlib-31.5.1.jar (com.android.tools:dvlib:31.5.1) with MergeInstrumentationAnalysisTransform
[        ] Transforming common-31.5.1.jar (com.android.tools:common:31.5.1) with InstrumentationAnalysisTransform
[        ] Transforming common-31.5.1.jar (com.android.tools:common:31.5.1) with MergeInstrumentationAnalysisTransform
[        ] Transforming jetifier-processor-1.0.0-beta10.jar (com.android.tools.build.jetifier:jetifier-processor:1.0.0-beta10) with InstrumentationAnalysisTransform
[        ] Transforming jetifier-processor-1.0.0-beta10.jar (com.android.tools.build.jetifier:jetifier-processor:1.0.0-beta10) with MergeInstrumentationAnalysisTransform
[        ] Transforming jetifier-core-1.0.0-beta10.jar (com.android.tools.build.jetifier:jetifier-core:1.0.0-beta10) with InstrumentationAnalysisTransform
[        ] Transforming jetifier-core-1.0.0-beta10.jar (com.android.tools.build.jetifier:jetifier-core:1.0.0-beta10) with MergeInstrumentationAnalysisTransform
[        ] Transforming kotlin-reflect-1.9.20.jar (org.jetbrains.kotlin:kotlin-reflect:1.9.20) with InstrumentationAnalysisTransform
[        ] Transforming kotlin-reflect-1.9.20.jar (org.jetbrains.kotlin:kotlin-reflect:1.9.20) with MergeInstrumentationAnalysisTransform
[        ] Transforming kotlin-stdlib-jdk7-1.9.20.jar (org.jetbrains.kotlin:kotlin-stdlib-jdk7:1.9.20) with InstrumentationAnalysisTransform
[        ] Transforming kotlin-stdlib-jdk7-1.9.20.jar (org.jetbrains.kotlin:kotlin-stdlib-jdk7:1.9.20) with MergeInstrumentationAnalysisTransform
[        ] Transforming kotlin-stdlib-1.9.20.jar (org.jetbrains.kotlin:kotlin-stdlib:1.9.20) with InstrumentationAnalysisTransform
[        ] Transforming kotlin-stdlib-1.9.20.jar (org.jetbrains.kotlin:kotlin-stdlib:1.9.20) with MergeInstrumentationAnalysisTransform
[        ] Transforming kotlin-stdlib-jdk8-1.9.20.jar (org.jetbrains.kotlin:kotlin-stdlib-jdk8:1.9.20) with InstrumentationAnalysisTransform
[        ] Transforming kotlin-stdlib-jdk8-1.9.20.jar (org.jetbrains.kotlin:kotlin-stdlib-jdk8:1.9.20) with MergeInstrumentationAnalysisTransform
[        ] Transforming transform-api-2.0.0-deprecated-use-gradle-api.jar (com.android.tools.build:transform-api:2.0.0-deprecated-use-gradle-api) with InstrumentationAnalysisTransform
[        ] Transforming transform-api-2.0.0-deprecated-use-gradle-api.jar (com.android.tools.build:transform-api:2.0.0-deprecated-use-gradle-api) with MergeInstrumentationAnalysisTransform
[        ] Transforming httpmime-4.5.6.jar (org.apache.httpcomponents:httpmime:4.5.6) with InstrumentationAnalysisTransform
[        ] Transforming httpmime-4.5.6.jar (org.apache.httpcomponents:httpmime:4.5.6) with MergeInstrumentationAnalysisTransform
[        ] Transforming commons-io-2.13.0.jar (commons-io:commons-io:2.13.0) with InstrumentationAnalysisTransform
[        ] Transforming commons-io-2.13.0.jar (commons-io:commons-io:2.13.0) with MergeInstrumentationAnalysisTransform
[        ] Transforming asm-commons-9.6.jar (org.ow2.asm:asm-commons:9.6) with InstrumentationAnalysisTransform
[        ] Transforming asm-commons-9.6.jar (org.ow2.asm:asm-commons:9.6) with MergeInstrumentationAnalysisTransform
[        ] Transforming asm-util-9.6.jar (org.ow2.asm:asm-util:9.6) with InstrumentationAnalysisTransform
[        ] Transforming asm-util-9.6.jar (org.ow2.asm:asm-util:9.6) with MergeInstrumentationAnalysisTransform
[        ] Transforming asm-analysis-9.6.jar (org.ow2.asm:asm-analysis:9.6) with InstrumentationAnalysisTransform
[        ] Transforming asm-analysis-9.6.jar (org.ow2.asm:asm-analysis:9.6) with MergeInstrumentationAnalysisTransform
[        ] Transforming asm-tree-9.6.jar (org.ow2.asm:asm-tree:9.6) with InstrumentationAnalysisTransform
[        ] Transforming asm-tree-9.6.jar (org.ow2.asm:asm-tree:9.6) with MergeInstrumentationAnalysisTransform
[        ] Transforming asm-9.6.jar (org.ow2.asm:asm:9.6) with InstrumentationAnalysisTransform
[        ] Transforming asm-9.6.jar (org.ow2.asm:asm:9.6) with MergeInstrumentationAnalysisTransform
[        ] Transforming apkzlib-8.5.1.jar (com.android.tools.build:apkzlib:8.5.1) with InstrumentationAnalysisTransform
[        ] Transforming apkzlib-8.5.1.jar (com.android.tools.build:apkzlib:8.5.1) with MergeInstrumentationAnalysisTransform
[        ] Transforming bcpkix-jdk18on-1.77.jar (org.bouncycastle:bcpkix-jdk18on:1.77) with InstrumentationAnalysisTransform
[        ] Transforming bcpkix-jdk18on-1.77.jar (org.bouncycastle:bcpkix-jdk18on:1.77) with MergeInstrumentationAnalysisTransform
[        ] Transforming jaxb-runtime-2.3.2.jar (org.glassfish.jaxb:jaxb-runtime:2.3.2) with InstrumentationAnalysisTransform
[        ] Transforming jaxb-runtime-2.3.2.jar (org.glassfish.jaxb:jaxb-runtime:2.3.2) with MergeInstrumentationAnalysisTransform
[        ] Transforming jopt-simple-4.9.jar (net.sf.jopt-simple:jopt-simple:4.9) with InstrumentationAnalysisTransform
[        ] Transforming jopt-simple-4.9.jar (net.sf.jopt-simple:jopt-simple:4.9) with MergeInstrumentationAnalysisTransform
[        ] Transforming javapoet-1.10.0.jar (com.squareup:javapoet:1.10.0) with InstrumentationAnalysisTransform
[        ] Transforming javapoet-1.10.0.jar (com.squareup:javapoet:1.10.0) with MergeInstrumentationAnalysisTransform
[        ] Transforming protobuf-java-util-3.22.3.jar (com.google.protobuf:protobuf-java-util:3.22.3) with InstrumentationAnalysisTransform
[        ] Transforming protobuf-java-util-3.22.3.jar (com.google.protobuf:protobuf-java-util:3.22.3) with MergeInstrumentationAnalysisTransform
[        ] Transforming grpc-protobuf-1.57.0.jar (io.grpc:grpc-protobuf:1.57.0) with InstrumentationAnalysisTransform
[        ] Transforming grpc-protobuf-1.57.0.jar (io.grpc:grpc-protobuf:1.57.0) with MergeInstrumentationAnalysisTransform
[        ] Transforming tink-1.7.0.jar (com.google.crypto.tink:tink:1.7.0) with InstrumentationAnalysisTransform
[        ] Transforming tink-1.7.0.jar (com.google.crypto.tink:tink:1.7.0) with MergeInstrumentationAnalysisTransform
[        ] Transforming protos-31.5.1.jar (com.android.tools.analytics-library:protos:31.5.1) with InstrumentationAnalysisTransform
[        ] Transforming protos-31.5.1.jar (com.android.tools.analytics-library:protos:31.5.1) with MergeInstrumentationAnalysisTransform
[        ] Transforming proto-google-common-protos-2.17.0.jar (com.google.api.grpc:proto-google-common-protos:2.17.0) with InstrumentationAnalysisTransform
[        ] Transforming proto-google-common-protos-2.17.0.jar (com.google.api.grpc:proto-google-common-protos:2.17.0) with MergeInstrumentationAnalysisTransform
[        ] Transforming protobuf-java-3.22.3.jar (com.google.protobuf:protobuf-java:3.22.3) with InstrumentationAnalysisTransform
[        ] Transforming protobuf-java-3.22.3.jar (com.google.protobuf:protobuf-java:3.22.3) with MergeInstrumentationAnalysisTransform
[        ] Transforming grpc-netty-1.57.0.jar (io.grpc:grpc-netty:1.57.0) with InstrumentationAnalysisTransform
[        ] Transforming grpc-netty-1.57.0.jar (io.grpc:grpc-netty:1.57.0) with MergeInstrumentationAnalysisTransform
[        ] Transforming grpc-core-1.57.0.jar (io.grpc:grpc-core:1.57.0) with InstrumentationAnalysisTransform
[        ] Transforming grpc-core-1.57.0.jar (io.grpc:grpc-core:1.57.0) with MergeInstrumentationAnalysisTransform
[        ] Transforming gson-2.10.1.jar (com.google.code.gson:gson:2.10.1) with InstrumentationAnalysisTransform
[        ] Transforming gson-2.10.1.jar (com.google.code.gson:gson:2.10.1) with MergeInstrumentationAnalysisTransform
[        ] Transforming grpc-stub-1.57.0.jar (io.grpc:grpc-stub:1.57.0) with InstrumentationAnalysisTransform
[        ] Transforming grpc-stub-1.57.0.jar (io.grpc:grpc-stub:1.57.0) with MergeInstrumentationAnalysisTransform
[        ] Transforming core-proto-0.0.9-alpha02.jar (com.google.testing.platform:core-proto:0.0.9-alpha02) with InstrumentationAnalysisTransform
[        ] Transforming core-proto-0.0.9-alpha02.jar (com.google.testing.platform:core-proto:0.0.9-alpha02) with MergeInstrumentationAnalysisTransform
[        ] Transforming kxml2-2.3.0.jar (net.sf.kxml:kxml2:2.3.0) with InstrumentationAnalysisTransform
[        ] Transforming kxml2-2.3.0.jar (net.sf.kxml:kxml2:2.3.0) with MergeInstrumentationAnalysisTransform
[        ] Transforming tensorflow-lite-metadata-0.1.0-rc2.jar (org.tensorflow:tensorflow-lite-metadata:0.1.0-rc2) with InstrumentationAnalysisTransform
[        ] Transforming lint-model-31.5.1.jar (com.android.tools.lint:lint-model:31.5.1) with ExternalDependencyInstrumentingArtifactTransform
[        ] Transforming tensorflow-lite-metadata-0.1.0-rc2.jar (org.tensorflow:tensorflow-lite-metadata:0.1.0-rc2) with MergeInstrumentationAnalysisTransform
[        ] Transforming gradle-settings-api-8.5.1.jar (com.android.tools.build:gradle-settings-api:8.5.1) with ExternalDependencyInstrumentingArtifactTransform
[        ] Transforming builder-8.5.1.jar (com.android.tools.build:builder:8.5.1) with ExternalDependencyInstrumentingArtifactTransform
[        ] Transforming manifest-merger-31.5.1.jar (com.android.tools.build:manifest-merger:31.5.1) with ExternalDependencyInstrumentingArtifactTransform
[        ] Transforming sdklib-31.5.1.jar (com.android.tools:sdklib:31.5.1) with ExternalDependencyInstrumentingArtifactTransform
[        ] Transforming repository-31.5.1.jar (com.android.tools:repository:31.5.1) with ExternalDependencyInstrumentingArtifactTransform
[        ] Transforming ddmlib-31.5.1.jar (com.android.tools.ddms:ddmlib:31.5.1) with ExternalDependencyInstrumentingArtifactTransform
[        ] Transforming gradle-8.5.1.jar (com.android.tools.build:gradle:8.5.1) with ExternalDependencyInstrumentingArtifactTransform
[        ] Transforming gradle-api-8.5.1.jar (com.android.tools.build:gradle-api:8.5.1) with ExternalDependencyInstrumentingArtifactTransform
[        ] Transforming aaptcompiler-8.5.1.jar (com.android.tools.build:aaptcompiler:8.5.1) with ExternalDependencyInstrumentingArtifactTransform
[        ] Transforming bundletool-1.16.0.jar (com.android.tools.build:bundletool:1.16.0) with ExternalDependencyInstrumentingArtifactTransform
[        ] Transforming aapt2-proto-8.5.1-11315950.jar (com.android.tools.build:aapt2-proto:8.5.1-11315950) with ExternalDependencyInstrumentingArtifactTransform
[        ] Transforming sdk-common-31.5.1.jar (com.android.tools:sdk-common:31.5.1) with ExternalDependencyInstrumentingArtifactTransform
[        ] Transforming shared-31.5.1.jar (com.android.tools.analytics-library:shared:31.5.1) with ExternalDependencyInstrumentingArtifactTransform
[        ] Transforming tracker-31.5.1.jar (com.android.tools.analytics-library:tracker:31.5.1) with ExternalDependencyInstrumentingArtifactTransform
[        ] Transforming lint-typedef-remover-31.5.1.jar (com.android.tools.lint:lint-typedef-remover:31.5.1) with ExternalDependencyInstrumentingArtifactTransform
[        ] Transforming databinding-common-8.5.1.jar (androidx.databinding:databinding-common:8.5.1) with ExternalDependencyInstrumentingArtifactTransform
[        ] Transforming baseLibrary-8.5.1.jar (com.android.databinding:baseLibrary:8.5.1) with ExternalDependencyInstrumentingArtifactTransform
[        ] Transforming layoutlib-api-31.5.1.jar (com.android.tools.layoutlib:layoutlib-api:31.5.1) with ExternalDependencyInstrumentingArtifactTransform
[        ] Transforming android-device-provider-ddmlib-proto-31.5.1.jar (com.android.tools.utp:android-device-provider-ddmlib-proto:31.5.1) with ExternalDependencyInstrumentingArtifactTransform
[        ] Transforming android-device-provider-gradle-proto-31.5.1.jar (com.android.tools.utp:android-device-provider-gradle-proto:31.5.1) with ExternalDependencyInstrumentingArtifactTransform
[        ] Transforming android-test-plugin-host-additional-test-output-proto-31.5.1.jar (com.android.tools.utp:android-test-plugin-host-additional-test-output-proto:31.5.1) with ExternalDependencyInstrumentingArtifactTransform
[        ] Transforming android-test-plugin-host-coverage-proto-31.5.1.jar (com.android.tools.utp:android-test-plugin-host-coverage-proto:31.5.1) with ExternalDependencyInstrumentingArtifactTransform
[        ] Transforming android-test-plugin-host-emulator-control-proto-31.5.1.jar (com.android.tools.utp:android-test-plugin-host-emulator-control-proto:31.5.1) with ExternalDependencyInstrumentingArtifactTransform
[        ] Transforming android-test-plugin-host-logcat-proto-31.5.1.jar (com.android.tools.utp:android-test-plugin-host-logcat-proto:31.5.1) with ExternalDependencyInstrumentingArtifactTransform
[        ] Transforming android-test-plugin-host-apk-installer-proto-31.5.1.jar (com.android.tools.utp:android-test-plugin-host-apk-installer-proto:31.5.1) with ExternalDependencyInstrumentingArtifactTransform
[        ] Transforming android-test-plugin-host-retention-proto-31.5.1.jar (com.android.tools.utp:android-test-plugin-host-retention-proto:31.5.1) with ExternalDependencyInstrumentingArtifactTransform
[        ] Transforming android-test-plugin-result-listener-gradle-proto-31.5.1.jar (com.android.tools.utp:android-test-plugin-result-listener-gradle-proto:31.5.1) with ExternalDependencyInstrumentingArtifactTransform
[        ] Transforming builder-model-8.5.1.jar (com.android.tools.build:builder-model:8.5.1) with ExternalDependencyInstrumentingArtifactTransform
[        ] Transforming dvlib-31.5.1.jar (com.android.tools:dvlib:31.5.1) with ExternalDependencyInstrumentingArtifactTransform
[        ] Transforming common-31.5.1.jar (com.android.tools:common:31.5.1) with ExternalDependencyInstrumentingArtifactTransform
[        ] Transforming jetifier-processor-1.0.0-beta10.jar (com.android.tools.build.jetifier:jetifier-processor:1.0.0-beta10) with ExternalDependencyInstrumentingArtifactTransform
[        ] Transforming jetifier-core-1.0.0-beta10.jar (com.android.tools.build.jetifier:jetifier-core:1.0.0-beta10) with ExternalDependencyInstrumentingArtifactTransform
[        ] Transforming kotlin-reflect-1.9.20.jar (org.jetbrains.kotlin:kotlin-reflect:1.9.20) with ExternalDependencyInstrumentingArtifactTransform
[        ] Transforming kotlin-stdlib-jdk7-1.9.20.jar (org.jetbrains.kotlin:kotlin-stdlib-jdk7:1.9.20) with ExternalDependencyInstrumentingArtifactTransform
[        ] Transforming kotlin-stdlib-1.9.20.jar (org.jetbrains.kotlin:kotlin-stdlib:1.9.20) with ExternalDependencyInstrumentingArtifactTransform
[        ] Transforming kotlin-stdlib-jdk8-1.9.20.jar (org.jetbrains.kotlin:kotlin-stdlib-jdk8:1.9.20) with ExternalDependencyInstrumentingArtifactTransform
[        ] Transforming httpmime-4.5.6.jar (org.apache.httpcomponents:httpmime:4.5.6) with ExternalDependencyInstrumentingArtifactTransform
[        ] Transforming commons-io-2.13.0.jar (commons-io:commons-io:2.13.0) with ExternalDependencyInstrumentingArtifactTransform
[        ] Transforming asm-commons-9.6.jar (org.ow2.asm:asm-commons:9.6) with ExternalDependencyInstrumentingArtifactTransform
[        ] Transforming asm-util-9.6.jar (org.ow2.asm:asm-util:9.6) with ExternalDependencyInstrumentingArtifactTransform
[        ] Transforming asm-analysis-9.6.jar (org.ow2.asm:asm-analysis:9.6) with ExternalDependencyInstrumentingArtifactTransform
[        ] Transforming asm-tree-9.6.jar (org.ow2.asm:asm-tree:9.6) with ExternalDependencyInstrumentingArtifactTransform
[        ] Transforming asm-9.6.jar (org.ow2.asm:asm:9.6) with ExternalDependencyInstrumentingArtifactTransform
[        ] Transforming apkzlib-8.5.1.jar (com.android.tools.build:apkzlib:8.5.1) with ExternalDependencyInstrumentingArtifactTransform
[        ] Transforming bcpkix-jdk18on-1.77.jar (org.bouncycastle:bcpkix-jdk18on:1.77) with ExternalDependencyInstrumentingArtifactTransform
[        ] Transforming jaxb-runtime-2.3.2.jar (org.glassfish.jaxb:jaxb-runtime:2.3.2) with ExternalDependencyInstrumentingArtifactTransform
[        ] Transforming jopt-simple-4.9.jar (net.sf.jopt-simple:jopt-simple:4.9) with ExternalDependencyInstrumentingArtifactTransform
[        ] Transforming javapoet-1.10.0.jar (com.squareup:javapoet:1.10.0) with ExternalDependencyInstrumentingArtifactTransform
[        ] Transforming flatbuffers-java-1.12.0.jar (com.google.flatbuffers:flatbuffers-java:1.12.0) with InstrumentationAnalysisTransform
[        ] Transforming builder-test-api-8.5.1.jar (com.android.tools.build:builder-test-api:8.5.1) with ExternalDependencyInstrumentingArtifactTransform
[        ] Transforming databinding-compiler-common-8.5.1.jar (androidx.databinding:databinding-compiler-common:8.5.1) with ExternalDependencyInstrumentingArtifactTransform
[        ] Transforming protobuf-java-util-3.22.3.jar (com.google.protobuf:protobuf-java-util:3.22.3) with ExternalDependencyInstrumentingArtifactTransform
[        ] Transforming crash-31.5.1.jar (com.android.tools.analytics-library:crash:31.5.1) with ExternalDependencyInstrumentingArtifactTransform
[        ] Transforming proto-google-common-protos-2.17.0.jar (com.google.api.grpc:proto-google-common-protos:2.17.0) with ExternalDependencyInstrumentingArtifactTransform
[        ] Transforming grpc-core-1.57.0.jar (io.grpc:grpc-core:1.57.0) with ExternalDependencyInstrumentingArtifactTransform
[        ] Transforming grpc-netty-1.57.0.jar (io.grpc:grpc-netty:1.57.0) with ExternalDependencyInstrumentingArtifactTransform
[        ] Transforming core-proto-0.0.9-alpha02.jar (com.google.testing.platform:core-proto:0.0.9-alpha02) with ExternalDependencyInstrumentingArtifactTransform
[        ] Transforming kxml2-2.3.0.jar (net.sf.kxml:kxml2:2.3.0) with ExternalDependencyInstrumentingArtifactTransform
[        ] Transforming flatbuffers-java-1.12.0.jar (com.google.flatbuffers:flatbuffers-java:1.12.0) with MergeInstrumentationAnalysisTransform
[        ] Transforming tink-1.7.0.jar (com.google.crypto.tink:tink:1.7.0) with ExternalDependencyInstrumentingArtifactTransform
[        ] Transforming grpc-protobuf-1.57.0.jar (io.grpc:grpc-protobuf:1.57.0) with ExternalDependencyInstrumentingArtifactTransform
[        ] Transforming protos-31.5.1.jar (com.android.tools.analytics-library:protos:31.5.1) with ExternalDependencyInstrumentingArtifactTransform
[        ] Transforming tensorflow-lite-metadata-0.1.0-rc2.jar (org.tensorflow:tensorflow-lite-metadata:0.1.0-rc2) with ExternalDependencyInstrumentingArtifactTransform
[        ] Transforming flatbuffers-java-1.12.0.jar (com.google.flatbuffers:flatbuffers-java:1.12.0) with ExternalDependencyInstrumentingArtifactTransform
[        ] Transforming jimfs-1.1.jar (com.google.jimfs:jimfs:1.1) with InstrumentationAnalysisTransform
[        ] Transforming grpc-stub-1.57.0.jar (io.grpc:grpc-stub:1.57.0) with ExternalDependencyInstrumentingArtifactTransform
[        ] Transforming gson-2.10.1.jar (com.google.code.gson:gson:2.10.1) with ExternalDependencyInstrumentingArtifactTransform
[        ] Transforming protobuf-java-3.22.3.jar (com.google.protobuf:protobuf-java:3.22.3) with ExternalDependencyInstrumentingArtifactTransform
[        ] Transforming jimfs-1.1.jar (com.google.jimfs:jimfs:1.1) with MergeInstrumentationAnalysisTransform
[        ] Transforming grpc-context-1.57.0.jar (io.grpc:grpc-context:1.57.0) with InstrumentationAnalysisTransform
[        ] Transforming grpc-context-1.57.0.jar (io.grpc:grpc-context:1.57.0) with MergeInstrumentationAnalysisTransform
[        ] Transforming grpc-protobuf-lite-1.57.0.jar (io.grpc:grpc-protobuf-lite:1.57.0) with InstrumentationAnalysisTransform
[        ] Transforming grpc-protobuf-lite-1.57.0.jar (io.grpc:grpc-protobuf-lite:1.57.0) with MergeInstrumentationAnalysisTransform
[        ] Transforming jimfs-1.1.jar (com.google.jimfs:jimfs:1.1) with ExternalDependencyInstrumentingArtifactTransform
[        ] Transforming grpc-api-1.57.0.jar (io.grpc:grpc-api:1.57.0) with InstrumentationAnalysisTransform
[        ] Transforming grpc-context-1.57.0.jar (io.grpc:grpc-context:1.57.0) with ExternalDependencyInstrumentingArtifactTransform
[        ] Transforming grpc-protobuf-lite-1.57.0.jar (io.grpc:grpc-protobuf-lite:1.57.0) with ExternalDependencyInstrumentingArtifactTransform
[        ] Transforming grpc-api-1.57.0.jar (io.grpc:grpc-api:1.57.0) with MergeInstrumentationAnalysisTransform
[        ] Transforming guava-32.0.1-jre.jar (com.google.guava:guava:32.0.1-jre) with InstrumentationAnalysisTransform
[        ] Transforming guava-32.0.1-jre.jar (com.google.guava:guava:32.0.1-jre) with MergeInstrumentationAnalysisTransform
[        ] Transforming dagger-2.28.3.jar (com.google.dagger:dagger:2.28.3) with InstrumentationAnalysisTransform
[        ] Transforming dagger-2.28.3.jar (com.google.dagger:dagger:2.28.3) with MergeInstrumentationAnalysisTransform
[        ] Transforming javax.inject-1.jar (javax.inject:javax.inject:1) with InstrumentationAnalysisTransform
[        ] Transforming guava-32.0.1-jre.jar (com.google.guava:guava:32.0.1-jre) with ExternalDependencyInstrumentingArtifactTransform
[        ] Transforming grpc-api-1.57.0.jar (io.grpc:grpc-api:1.57.0) with ExternalDependencyInstrumentingArtifactTransform
[        ] Transforming dagger-2.28.3.jar (com.google.dagger:dagger:2.28.3) with ExternalDependencyInstrumentingArtifactTransform
[        ] Transforming javax.inject-1.jar (javax.inject:javax.inject:1) with MergeInstrumentationAnalysisTransform
[        ] Transforming bcutil-jdk18on-1.77.jar (org.bouncycastle:bcutil-jdk18on:1.77) with InstrumentationAnalysisTransform
[        ] Transforming javax.inject-1.jar (javax.inject:javax.inject:1) with ExternalDependencyInstrumentingArtifactTransform
[        ] Transforming bcutil-jdk18on-1.77.jar (org.bouncycastle:bcutil-jdk18on:1.77) with MergeInstrumentationAnalysisTransform
[        ] Transforming bcprov-jdk18on-1.77.jar (org.bouncycastle:bcprov-jdk18on:1.77) with InstrumentationAnalysisTransform
[        ] Transforming bcprov-jdk18on-1.77.jar (org.bouncycastle:bcprov-jdk18on:1.77) with MergeInstrumentationAnalysisTransform
[        ] Transforming trove4j-1.0.20200330.jar (org.jetbrains.intellij.deps:trove4j:1.0.20200330) with InstrumentationAnalysisTransform
[        ] Transforming bcutil-jdk18on-1.77.jar (org.bouncycastle:bcutil-jdk18on:1.77) with ExternalDependencyInstrumentingArtifactTransform
[        ] Transforming bcprov-jdk18on-1.77.jar (org.bouncycastle:bcprov-jdk18on:1.77) with ExternalDependencyInstrumentingArtifactTransform
[        ] Transforming trove4j-1.0.20200330.jar (org.jetbrains.intellij.deps:trove4j:1.0.20200330) with MergeInstrumentationAnalysisTransform
[        ] Transforming commons-compress-1.21.jar (org.apache.commons:commons-compress:1.21) with InstrumentationAnalysisTransform
[        ] Transforming commons-compress-1.21.jar (org.apache.commons:commons-compress:1.21) with MergeInstrumentationAnalysisTransform
[        ] Transforming httpclient-4.5.14.jar (org.apache.httpcomponents:httpclient:4.5.14) with InstrumentationAnalysisTransform
[        ] Transforming httpclient-4.5.14.jar (org.apache.httpcomponents:httpclient:4.5.14) with MergeInstrumentationAnalysisTransform
[        ] Transforming httpcore-4.4.16.jar (org.apache.httpcomponents:httpcore:4.4.16) with InstrumentationAnalysisTransform
[        ] Transforming httpcore-4.4.16.jar (org.apache.httpcomponents:httpcore:4.4.16) with MergeInstrumentationAnalysisTransform
[        ] Transforming javax.activation-1.2.0.jar (com.sun.activation:javax.activation:1.2.0) with InstrumentationAnalysisTransform
[        ] Transforming javax.activation-1.2.0.jar (com.sun.activation:javax.activation:1.2.0) with MergeInstrumentationAnalysisTransform
[        ] Transforming annotations-23.0.0.jar (org.jetbrains:annotations:23.0.0) with InstrumentationAnalysisTransform
[        ] Transforming annotations-23.0.0.jar (org.jetbrains:annotations:23.0.0) with MergeInstrumentationAnalysisTransform
[        ] Transforming signflinger-8.5.1.jar (com.android:signflinger:8.5.1) with InstrumentationAnalysisTransform
[        ] Transforming signflinger-8.5.1.jar (com.android:signflinger:8.5.1) with MergeInstrumentationAnalysisTransform
[        ] Transforming zipflinger-8.5.1.jar (com.android:zipflinger:8.5.1) with InstrumentationAnalysisTransform
[        ] Transforming zipflinger-8.5.1.jar (com.android:zipflinger:8.5.1) with MergeInstrumentationAnalysisTransform
[        ] Transforming annotations-31.5.1.jar (com.android.tools:annotations:31.5.1) with InstrumentationAnalysisTransform
[        ] Transforming annotations-31.5.1.jar (com.android.tools:annotations:31.5.1) with MergeInstrumentationAnalysisTransform
[        ] Transforming jna-platform-5.6.0.jar (net.java.dev.jna:jna-platform:5.6.0) with InstrumentationAnalysisTransform
[        ] Transforming jna-platform-5.6.0.jar (net.java.dev.jna:jna-platform:5.6.0) with MergeInstrumentationAnalysisTransform
[        ] Transforming juniversalchardet-1.0.3.jar (com.googlecode.juniversalchardet:juniversalchardet:1.0.3) with InstrumentationAnalysisTransform
[        ] Transforming juniversalchardet-1.0.3.jar (com.googlecode.juniversalchardet:juniversalchardet:1.0.3) with MergeInstrumentationAnalysisTransform
[        ] Transforming javax.annotation-api-1.3.2.jar (javax.annotation:javax.annotation-api:1.3.2) with InstrumentationAnalysisTransform
[        ] Transforming javax.annotation-api-1.3.2.jar (javax.annotation:javax.annotation-api:1.3.2) with MergeInstrumentationAnalysisTransform
[        ] Transforming stax-ex-1.8.1.jar (org.jvnet.staxex:stax-ex:1.8.1) with InstrumentationAnalysisTransform
[        ] Transforming stax-ex-1.8.1.jar (org.jvnet.staxex:stax-ex:1.8.1) with MergeInstrumentationAnalysisTransform
[        ] Transforming jakarta.xml.bind-api-2.3.2.jar (jakarta.xml.bind:jakarta.xml.bind-api:2.3.2) with InstrumentationAnalysisTransform
[        ] Transforming jakarta.xml.bind-api-2.3.2.jar (jakarta.xml.bind:jakarta.xml.bind-api:2.3.2) with MergeInstrumentationAnalysisTransform
[        ] Transforming txw2-2.3.2.jar (org.glassfish.jaxb:txw2:2.3.2) with InstrumentationAnalysisTransform
[        ] Transforming txw2-2.3.2.jar (org.glassfish.jaxb:txw2:2.3.2) with MergeInstrumentationAnalysisTransform
[        ] Transforming istack-commons-runtime-3.0.8.jar (com.sun.istack:istack-commons-runtime:3.0.8) with InstrumentationAnalysisTransform
[        ] Transforming istack-commons-runtime-3.0.8.jar (com.sun.istack:istack-commons-runtime:3.0.8) with MergeInstrumentationAnalysisTransform
[        ] Transforming FastInfoset-1.2.16.jar (com.sun.xml.fastinfoset:FastInfoset:1.2.16) with InstrumentationAnalysisTransform
[        ] Transforming FastInfoset-1.2.16.jar (com.sun.xml.fastinfoset:FastInfoset:1.2.16) with MergeInstrumentationAnalysisTransform
[        ] Transforming jakarta.activation-api-1.2.1.jar (jakarta.activation:jakarta.activation-api:1.2.1) with InstrumentationAnalysisTransform
[        ] Transforming jakarta.activation-api-1.2.1.jar (jakarta.activation:jakarta.activation-api:1.2.1) with MergeInstrumentationAnalysisTransform
[        ] Transforming auto-value-annotations-1.6.2.jar (com.google.auto.value:auto-value-annotations:1.6.2) with InstrumentationAnalysisTransform
[        ] Transforming auto-value-annotations-1.6.2.jar (com.google.auto.value:auto-value-annotations:1.6.2) with MergeInstrumentationAnalysisTransform
[        ] Transforming error_prone_annotations-2.18.0.jar (com.google.errorprone:error_prone_annotations:2.18.0) with InstrumentationAnalysisTransform
[        ] Transforming error_prone_annotations-2.18.0.jar (com.google.errorprone:error_prone_annotations:2.18.0) with MergeInstrumentationAnalysisTransform
[        ] Transforming jose4j-0.9.5.jar (org.bitbucket.b_c:jose4j:0.9.5) with InstrumentationAnalysisTransform
[        ] Transforming jose4j-0.9.5.jar (org.bitbucket.b_c:jose4j:0.9.5) with MergeInstrumentationAnalysisTransform
[        ] Transforming slf4j-api-1.7.30.jar (org.slf4j:slf4j-api:1.7.30) with InstrumentationAnalysisTransform
[        ] Transforming slf4j-api-1.7.30.jar (org.slf4j:slf4j-api:1.7.30) with MergeInstrumentationAnalysisTransform
[        ] Transforming jdom2-2.0.6.jar (org.jdom:jdom2:2.0.6) with InstrumentationAnalysisTransform
[        ] Transforming jdom2-2.0.6.jar (org.jdom:jdom2:2.0.6) with MergeInstrumentationAnalysisTransform
[        ] Transforming jsr305-3.0.2.jar (com.google.code.findbugs:jsr305:3.0.2) with InstrumentationAnalysisTransform
[        ] Transforming jsr305-3.0.2.jar (com.google.code.findbugs:jsr305:3.0.2) with MergeInstrumentationAnalysisTransform
[        ] Transforming j2objc-annotations-2.8.jar (com.google.j2objc:j2objc-annotations:2.8) with InstrumentationAnalysisTransform
[        ] Transforming j2objc-annotations-2.8.jar (com.google.j2objc:j2objc-annotations:2.8) with MergeInstrumentationAnalysisTransform
[        ] Transforming annotations-4.1.1.4.jar (com.google.android:annotations:4.1.1.4) with InstrumentationAnalysisTransform
[        ] Transforming annotations-4.1.1.4.jar (com.google.android:annotations:4.1.1.4) with MergeInstrumentationAnalysisTransform
[        ] Transforming animal-sniffer-annotations-1.23.jar (org.codehaus.mojo:animal-sniffer-annotations:1.23) with InstrumentationAnalysisTransform
[        ] Transforming animal-sniffer-annotations-1.23.jar (org.codehaus.mojo:animal-sniffer-annotations:1.23) with MergeInstrumentationAnalysisTransform
[        ] Transforming perfmark-api-0.26.0.jar (io.perfmark:perfmark-api:0.26.0) with InstrumentationAnalysisTransform
[        ] Transforming perfmark-api-0.26.0.jar (io.perfmark:perfmark-api:0.26.0) with MergeInstrumentationAnalysisTransform
[        ] Transforming netty-codec-http2-4.1.93.Final.jar (io.netty:netty-codec-http2:4.1.93.Final) with InstrumentationAnalysisTransform
[        ] Transforming netty-codec-http2-4.1.93.Final.jar (io.netty:netty-codec-http2:4.1.93.Final) with MergeInstrumentationAnalysisTransform
[   +8 ms] Transforming netty-handler-proxy-4.1.93.Final.jar (io.netty:netty-handler-proxy:4.1.93.Final) with InstrumentationAnalysisTransform
[        ] Transforming netty-handler-proxy-4.1.93.Final.jar (io.netty:netty-handler-proxy:4.1.93.Final) with MergeInstrumentationAnalysisTransform
[        ] Transforming netty-codec-http-4.1.93.Final.jar (io.netty:netty-codec-http:4.1.93.Final) with InstrumentationAnalysisTransform
[        ] Transforming netty-codec-http-4.1.93.Final.jar (io.netty:netty-codec-http:4.1.93.Final) with MergeInstrumentationAnalysisTransform
[        ] Transforming netty-handler-4.1.93.Final.jar (io.netty:netty-handler:4.1.93.Final) with InstrumentationAnalysisTransform
[        ] Transforming netty-handler-4.1.93.Final.jar (io.netty:netty-handler:4.1.93.Final) with MergeInstrumentationAnalysisTransform
[        ] Transforming netty-transport-native-unix-common-4.1.93.Final.jar (io.netty:netty-transport-native-unix-common:4.1.93.Final) with InstrumentationAnalysisTransform
[        ] Transforming netty-transport-native-unix-common-4.1.93.Final.jar (io.netty:netty-transport-native-unix-common:4.1.93.Final) with MergeInstrumentationAnalysisTransform
[        ] Transforming checker-qual-3.33.0.jar (org.checkerframework:checker-qual:3.33.0) with InstrumentationAnalysisTransform
[        ] Transforming checker-qual-3.33.0.jar (org.checkerframework:checker-qual:3.33.0) with MergeInstrumentationAnalysisTransform
[        ] Transforming commons-codec-1.11.jar (commons-codec:commons-codec:1.11) with InstrumentationAnalysisTransform
[        ] Transforming commons-codec-1.11.jar (commons-codec:commons-codec:1.11) with MergeInstrumentationAnalysisTransform
[        ] Transforming apksig-8.5.1.jar (com.android.tools.build:apksig:8.5.1) with InstrumentationAnalysisTransform
[        ] Transforming apksig-8.5.1.jar (com.android.tools.build:apksig:8.5.1) with MergeInstrumentationAnalysisTransform
[        ] Transforming javawriter-2.5.0.jar (com.squareup:javawriter:2.5.0) with InstrumentationAnalysisTransform
[        ] Transforming javawriter-2.5.0.jar (com.squareup:javawriter:2.5.0) with MergeInstrumentationAnalysisTransform
[        ] Transforming failureaccess-1.0.1.jar (com.google.guava:failureaccess:1.0.1) with InstrumentationAnalysisTransform
[        ] Transforming failureaccess-1.0.1.jar (com.google.guava:failureaccess:1.0.1) with MergeInstrumentationAnalysisTransform
[        ] Transforming listenablefuture-9999.0-empty-to-avoid-conflict-with-guava.jar (com.google.guava:listenablefuture:9999.0-empty-to-avoid-conflict-with-guava) with InstrumentationAnalysisTransform
[        ] Transforming listenablefuture-9999.0-empty-to-avoid-conflict-with-guava.jar (com.google.guava:listenablefuture:9999.0-empty-to-avoid-conflict-with-guava) with MergeInstrumentationAnalysisTransform
[        ] Transforming commons-compress-1.21.jar (org.apache.commons:commons-compress:1.21) with ExternalDependencyInstrumentingArtifactTransform
[        ] Transforming httpclient-4.5.14.jar (org.apache.httpcomponents:httpclient:4.5.14) with ExternalDependencyInstrumentingArtifactTransform
[        ] Transforming trove4j-1.0.20200330.jar (org.jetbrains.intellij.deps:trove4j:1.0.20200330) with ExternalDependencyInstrumentingArtifactTransform
[        ] Transforming annotations-23.0.0.jar (org.jetbrains:annotations:23.0.0) with ExternalDependencyInstrumentingArtifactTransform
[        ] Transforming jna-platform-5.6.0.jar (net.java.dev.jna:jna-platform:5.6.0) with ExternalDependencyInstrumentingArtifactTransform
[        ] Transforming javax.annotation-api-1.3.2.jar (javax.annotation:javax.annotation-api:1.3.2) with ExternalDependencyInstrumentingArtifactTransform
[        ] Transforming stax-ex-1.8.1.jar (org.jvnet.staxex:stax-ex:1.8.1) with ExternalDependencyInstrumentingArtifactTransform
[        ] Transforming txw2-2.3.2.jar (org.glassfish.jaxb:txw2:2.3.2) with ExternalDependencyInstrumentingArtifactTransform
[        ] Transforming istack-commons-runtime-3.0.8.jar (com.sun.istack:istack-commons-runtime:3.0.8) with ExternalDependencyInstrumentingArtifactTransform
[        ] Transforming FastInfoset-1.2.16.jar (com.sun.xml.fastinfoset:FastInfoset:1.2.16) with ExternalDependencyInstrumentingArtifactTransform
[        ] Transforming jakarta.activation-api-1.2.1.jar (jakarta.activation:jakarta.activation-api:1.2.1) with ExternalDependencyInstrumentingArtifactTransform
[        ] Transforming jose4j-0.9.5.jar (org.bitbucket.b_c:jose4j:0.9.5) with ExternalDependencyInstrumentingArtifactTransform
[        ] Transforming slf4j-api-1.7.30.jar (org.slf4j:slf4j-api:1.7.30) with ExternalDependencyInstrumentingArtifactTransform
[        ] Transforming jdom2-2.0.6.jar (org.jdom:jdom2:2.0.6) with ExternalDependencyInstrumentingArtifactTransform
[        ] Transforming jsr305-3.0.2.jar (com.google.code.findbugs:jsr305:3.0.2) with ExternalDependencyInstrumentingArtifactTransform
[        ] Transforming j2objc-annotations-2.8.jar (com.google.j2objc:j2objc-annotations:2.8) with ExternalDependencyInstrumentingArtifactTransform
[        ] Transforming transform-api-2.0.0-deprecated-use-gradle-api.jar (com.android.tools.build:transform-api:2.0.0-deprecated-use-gradle-api) with ExternalDependencyInstrumentingArtifactTransform
[        ] Transforming animal-sniffer-annotations-1.23.jar (org.codehaus.mojo:animal-sniffer-annotations:1.23) with ExternalDependencyInstrumentingArtifactTransform
[        ] Transforming perfmark-api-0.26.0.jar (io.perfmark:perfmark-api:0.26.0) with ExternalDependencyInstrumentingArtifactTransform
[        ] Transforming netty-codec-http2-4.1.93.Final.jar (io.netty:netty-codec-http2:4.1.93.Final) with ExternalDependencyInstrumentingArtifactTransform
[        ] Transforming netty-handler-proxy-4.1.93.Final.jar (io.netty:netty-handler-proxy:4.1.93.Final) with ExternalDependencyInstrumentingArtifactTransform
[        ] Transforming netty-codec-http-4.1.93.Final.jar (io.netty:netty-codec-http:4.1.93.Final) with ExternalDependencyInstrumentingArtifactTransform
[        ] Transforming netty-handler-4.1.93.Final.jar (io.netty:netty-handler:4.1.93.Final) with ExternalDependencyInstrumentingArtifactTransform
[        ] Transforming netty-transport-native-unix-common-4.1.93.Final.jar (io.netty:netty-transport-native-unix-common:4.1.93.Final) with ExternalDependencyInstrumentingArtifactTransform
[        ] Transforming checker-qual-3.33.0.jar (org.checkerframework:checker-qual:3.33.0) with ExternalDependencyInstrumentingArtifactTransform
[        ] Transforming commons-codec-1.11.jar (commons-codec:commons-codec:1.11) with ExternalDependencyInstrumentingArtifactTransform
[        ] Transforming apksig-8.5.1.jar (com.android.tools.build:apksig:8.5.1) with ExternalDependencyInstrumentingArtifactTransform
[        ] Transforming javawriter-2.5.0.jar (com.squareup:javawriter:2.5.0) with ExternalDependencyInstrumentingArtifactTransform
[        ] Transforming failureaccess-1.0.1.jar (com.google.guava:failureaccess:1.0.1) with ExternalDependencyInstrumentingArtifactTransform
[        ] Transforming listenablefuture-9999.0-empty-to-avoid-conflict-with-guava.jar (com.google.guava:listenablefuture:9999.0-empty-to-avoid-conflict-with-guava) with ExternalDependencyInstrumentingArtifactTransform
[        ] Transforming commons-logging-1.2.jar (commons-logging:commons-logging:1.2) with InstrumentationAnalysisTransform
[        ] Transforming httpcore-4.4.16.jar (org.apache.httpcomponents:httpcore:4.4.16) with ExternalDependencyInstrumentingArtifactTransform
[        ] Transforming annotations-4.1.1.4.jar (com.google.android:annotations:4.1.1.4) with ExternalDependencyInstrumentingArtifactTransform
[        ] Transforming error_prone_annotations-2.18.0.jar (com.google.errorprone:error_prone_annotations:2.18.0) with ExternalDependencyInstrumentingArtifactTransform
[        ] Transforming auto-value-annotations-1.6.2.jar (com.google.auto.value:auto-value-annotations:1.6.2) with ExternalDependencyInstrumentingArtifactTransform
[        ] Transforming jakarta.xml.bind-api-2.3.2.jar (jakarta.xml.bind:jakarta.xml.bind-api:2.3.2) with ExternalDependencyInstrumentingArtifactTransform
[        ] Transforming juniversalchardet-1.0.3.jar (com.googlecode.juniversalchardet:juniversalchardet:1.0.3) with ExternalDependencyInstrumentingArtifactTransform
[        ] Transforming zipflinger-8.5.1.jar (com.android:zipflinger:8.5.1) with ExternalDependencyInstrumentingArtifactTransform
[        ] Transforming annotations-31.5.1.jar (com.android.tools:annotations:31.5.1) with ExternalDependencyInstrumentingArtifactTransform
[        ] Transforming signflinger-8.5.1.jar (com.android:signflinger:8.5.1) with ExternalDependencyInstrumentingArtifactTransform
[        ] Transforming javax.activation-1.2.0.jar (com.sun.activation:javax.activation:1.2.0) with ExternalDependencyInstrumentingArtifactTransform
[        ] Transforming commons-logging-1.2.jar (commons-logging:commons-logging:1.2) with MergeInstrumentationAnalysisTransform
[        ] Transforming jna-5.6.0.jar (net.java.dev.jna:jna:5.6.0) with InstrumentationAnalysisTransform
[        ] Transforming jna-5.6.0.jar (net.java.dev.jna:jna:5.6.0) with MergeInstrumentationAnalysisTransform
[        ] Transforming netty-codec-socks-4.1.93.Final.jar (io.netty:netty-codec-socks:4.1.93.Final) with InstrumentationAnalysisTransform
[        ] Transforming netty-codec-socks-4.1.93.Final.jar (io.netty:netty-codec-socks:4.1.93.Final) with MergeInstrumentationAnalysisTransform
[        ] Transforming commons-logging-1.2.jar (commons-logging:commons-logging:1.2) with ExternalDependencyInstrumentingArtifactTransform
[   +6 ms] Transforming jna-5.6.0.jar (net.java.dev.jna:jna:5.6.0) with ExternalDependencyInstrumentingArtifactTransform
[        ] Transforming netty-codec-4.1.93.Final.jar (io.netty:netty-codec:4.1.93.Final) with InstrumentationAnalysisTransform
[        ] Transforming netty-codec-socks-4.1.93.Final.jar (io.netty:netty-codec-socks:4.1.93.Final) with ExternalDependencyInstrumentingArtifactTransform
[        ] Transforming netty-codec-4.1.93.Final.jar (io.netty:netty-codec:4.1.93.Final) with MergeInstrumentationAnalysisTransform
[        ] Transforming netty-transport-4.1.93.Final.jar (io.netty:netty-transport:4.1.93.Final) with InstrumentationAnalysisTransform
[        ] Transforming netty-transport-4.1.93.Final.jar (io.netty:netty-transport:4.1.93.Final) with MergeInstrumentationAnalysisTransform
[        ] Transforming netty-buffer-4.1.93.Final.jar (io.netty:netty-buffer:4.1.93.Final) with InstrumentationAnalysisTransform
[        ] Transforming netty-buffer-4.1.93.Final.jar (io.netty:netty-buffer:4.1.93.Final) with MergeInstrumentationAnalysisTransform
[   +1 ms] Transforming netty-codec-4.1.93.Final.jar (io.netty:netty-codec:4.1.93.Final) with ExternalDependencyInstrumentingArtifactTransform
[        ] Transforming netty-transport-4.1.93.Final.jar (io.netty:netty-transport:4.1.93.Final) with ExternalDependencyInstrumentingArtifactTransform
[        ] Transforming netty-buffer-4.1.93.Final.jar (io.netty:netty-buffer:4.1.93.Final) with ExternalDependencyInstrumentingArtifactTransform
[        ] Transforming netty-resolver-4.1.93.Final.jar (io.netty:netty-resolver:4.1.93.Final) with InstrumentationAnalysisTransform
[        ] Transforming netty-resolver-4.1.93.Final.jar (io.netty:netty-resolver:4.1.93.Final) with MergeInstrumentationAnalysisTransform
[        ] Transforming netty-common-4.1.93.Final.jar (io.netty:netty-common:4.1.93.Final) with InstrumentationAnalysisTransform
[        ] Transforming netty-common-4.1.93.Final.jar (io.netty:netty-common:4.1.93.Final) with MergeInstrumentationAnalysisTransform
[        ] Transforming netty-resolver-4.1.93.Final.jar (io.netty:netty-resolver:4.1.93.Final) with ExternalDependencyInstrumentingArtifactTransform
[        ] Transforming netty-common-4.1.93.Final.jar (io.netty:netty-common:4.1.93.Final) with ExternalDependencyInstrumentingArtifactTransform
[        ] Build was configured to prefer settings repositories over project repositories but repository 'Google12' was added by build file 'C:\Users\jakao\AppData\Local\Pub\Cache\hosted\pub.dev\url_launcher_android-6.3.16\android\build.gradle'
[        ] Build was configured to prefer settings repositories over project repositories but repository 'MavenRepo12' was added by build file 'C:\Users\jakao\AppData\Local\Pub\Cache\hosted\pub.dev\url_launcher_android-6.3.16\android\build.gradle'
[        ] Build was configured to prefer settings repositories over project repositories but repository 'Google12' was added by build file 'C:\Users\jakao\AppData\Local\Pub\Cache\hosted\pub.dev\url_launcher_android-6.3.16\android\build.gradle'
[        ] Build was configured to prefer settings repositories over project repositories but repository 'MavenRepo12' was added by build file 'C:\Users\jakao\AppData\Local\Pub\Cache\hosted\pub.dev\url_launcher_android-6.3.16\android\build.gradle'
[        ] Build was configured to prefer settings repositories over project repositories but repository 'Google12' was added by build file 'C:\Users\jakao\AppData\Local\Pub\Cache\hosted\pub.dev\url_launcher_android-6.3.16\android\build.gradle'
[        ] Build was configured to prefer settings repositories over project repositories but repository 'MavenRepo12' was added by build file 'C:\Users\jakao\AppData\Local\Pub\Cache\hosted\pub.dev\url_launcher_android-6.3.16\android\build.gradle'
[        ] Build was configured to prefer settings repositories over project repositories but repository 'Google12' was added by build file 'C:\Users\jakao\AppData\Local\Pub\Cache\hosted\pub.dev\url_launcher_android-6.3.16\android\build.gradle'
[        ] Build was configured to prefer settings repositories over project repositories but repository 'MavenRepo12' was added by build file 'C:\Users\jakao\AppData\Local\Pub\Cache\hosted\pub.dev\url_launcher_android-6.3.16\android\build.gradle'
[        ] Build was configured to prefer settings repositories over project repositories but repository 'Google12' was added by build file 'C:\Users\jakao\AppData\Local\Pub\Cache\hosted\pub.dev\url_launcher_android-6.3.16\android\build.gradle'
[        ] Build was configured to prefer settings repositories over project repositories but repository 'MavenRepo12' was added by build file 'C:\Users\jakao\AppData\Local\Pub\Cache\hosted\pub.dev\url_launcher_android-6.3.16\android\build.gradle'
[   +1 ms] Build was configured to prefer settings repositories over project repositories but repository 'Google12' was added by build file 'C:\Users\jakao\AppData\Local\Pub\Cache\hosted\pub.dev\url_launcher_android-6.3.16\android\build.gradle'
[        ] Build was configured to prefer settings repositories over project repositories but repository 'MavenRepo12' was added by build file 'C:\Users\jakao\AppData\Local\Pub\Cache\hosted\pub.dev\url_launcher_android-6.3.16\android\build.gradle'
[        ] Build was configured to prefer settings repositories over project repositories but repository 'Google13' was added by build file 'C:\Users\jakao\AppData\Local\Pub\Cache\hosted\pub.dev\url_launcher_android-6.3.16\android\build.gradle'
[        ] Build was configured to prefer settings repositories over project repositories but repository 'MavenRepo13' was added by build file 'C:\Users\jakao\AppData\Local\Pub\Cache\hosted\pub.dev\url_launcher_android-6.3.16\android\build.gradle'
[        ] Build was configured to prefer settings repositories over project repositories but repository 'Google12' was added by build file 'C:\Users\jakao\AppData\Local\Pub\Cache\hosted\pub.dev\url_launcher_android-6.3.16\android\build.gradle'
[        ] Build was configured to prefer settings repositories over project repositories but repository 'MavenRepo12' was added by build file 'C:\Users\jakao\AppData\Local\Pub\Cache\hosted\pub.dev\url_launcher_android-6.3.16\android\build.gradle'
[        ] Build was configured to prefer settings repositories over project repositories but repository 'Google12' was added by build file 'C:\Users\jakao\AppData\Local\Pub\Cache\hosted\pub.dev\url_launcher_android-6.3.16\android\build.gradle'
[        ] Build was configured to prefer settings repositories over project repositories but repository 'MavenRepo12' was added by build file 'C:\Users\jakao\AppData\Local\Pub\Cache\hosted\pub.dev\url_launcher_android-6.3.16\android\build.gradle'
[        ] Build was configured to prefer settings repositories over project repositories but repository 'Google12' was added by build file 'C:\Users\jakao\AppData\Local\Pub\Cache\hosted\pub.dev\url_launcher_android-6.3.16\android\build.gradle'
[        ] Build was configured to prefer settings repositories over project repositories but repository 'MavenRepo12' was added by build file 'C:\Users\jakao\AppData\Local\Pub\Cache\hosted\pub.dev\url_launcher_android-6.3.16\android\build.gradle'
[        ] Build was configured to prefer settings repositories over project repositories but repository 'Google12' was added by build file 'C:\Users\jakao\AppData\Local\Pub\Cache\hosted\pub.dev\url_launcher_android-6.3.16\android\build.gradle'
[        ] Build was configured to prefer settings repositories over project repositories but repository 'MavenRepo12' was added by build file 'C:\Users\jakao\AppData\Local\Pub\Cache\hosted\pub.dev\url_launcher_android-6.3.16\android\build.gradle'
[        ] Build was configured to prefer settings repositories over project repositories but repository 'Google12' was added by build file 'C:\Users\jakao\AppData\Local\Pub\Cache\hosted\pub.dev\url_launcher_android-6.3.16\android\build.gradle'
[        ] Build was configured to prefer settings repositories over project repositories but repository 'MavenRepo12' was added by build file 'C:\Users\jakao\AppData\Local\Pub\Cache\hosted\pub.dev\url_launcher_android-6.3.16\android\build.gradle'
[        ] Build was configured to prefer settings repositories over project repositories but repository 'Google12' was added by build file 'C:\Users\jakao\AppData\Local\Pub\Cache\hosted\pub.dev\url_launcher_android-6.3.16\android\build.gradle'
[        ] Build was configured to prefer settings repositories over project repositories but repository 'MavenRepo12' was added by build file 'C:\Users\jakao\AppData\Local\Pub\Cache\hosted\pub.dev\url_launcher_android-6.3.16\android\build.gradle'
[        ] Build was configured to prefer settings repositories over project repositories but repository 'Google12' was added by build file 'C:\Users\jakao\AppData\Local\Pub\Cache\hosted\pub.dev\url_launcher_android-6.3.16\android\build.gradle'
[        ] Build was configured to prefer settings repositories over project repositories but repository 'MavenRepo12' was added by build file 'C:\Users\jakao\AppData\Local\Pub\Cache\hosted\pub.dev\url_launcher_android-6.3.16\android\build.gradle'
[        ] Build was configured to prefer settings repositories over project repositories but repository 'Google12' was added by build file 'C:\Users\jakao\AppData\Local\Pub\Cache\hosted\pub.dev\url_launcher_android-6.3.16\android\build.gradle'
[        ] Build was configured to prefer settings repositories over project repositories but repository 'MavenRepo12' was added by build file 'C:\Users\jakao\AppData\Local\Pub\Cache\hosted\pub.dev\url_launcher_android-6.3.16\android\build.gradle'
[        ] Using default execution profile
[ +430 ms] > Configure project :vibration
[        ] Evaluating project ':vibration' using build file 'C:\Users\jakao\AppData\Local\Pub\Cache\hosted\pub.dev\vibration-2.1.0\android\build.gradle'.
[        ] Transforming gradle-7.4.0.jar (com.android.tools.build:gradle:7.4.0) with InstrumentationAnalysisTransform
[        ] Transforming gradle-settings-api-7.4.0.jar (com.android.tools.build:gradle-settings-api:7.4.0) with InstrumentationAnalysisTransform
[        ] Transforming lint-model-30.4.0.jar (com.android.tools.lint:lint-model:30.4.0) with InstrumentationAnalysisTransform
[        ] Transforming builder-7.4.0.jar (com.android.tools.build:builder:7.4.0) with InstrumentationAnalysisTransform
[        ] Transforming manifest-merger-30.4.0.jar (com.android.tools.build:manifest-merger:30.4.0) with InstrumentationAnalysisTransform
[        ] Transforming sdk-common-30.4.0.jar (com.android.tools:sdk-common:30.4.0) with InstrumentationAnalysisTransform
[        ] Transforming sdklib-30.4.0.jar (com.android.tools:sdklib:30.4.0) with InstrumentationAnalysisTransform
[        ] Transforming repository-30.4.0.jar (com.android.tools:repository:30.4.0) with InstrumentationAnalysisTransform
[        ] Transforming gradle-api-7.4.0.jar (com.android.tools.build:gradle-api:7.4.0) with InstrumentationAnalysisTransform
[        ] Transforming builder-test-api-7.4.0.jar (com.android.tools.build:builder-test-api:7.4.0) with InstrumentationAnalysisTransform
[        ] Transforming ddmlib-30.4.0.jar (com.android.tools.ddms:ddmlib:30.4.0) with InstrumentationAnalysisTransform
[        ] Transforming aaptcompiler-7.4.0.jar (com.android.tools.build:aaptcompiler:7.4.0) with InstrumentationAnalysisTransform
[        ] Transforming bundletool-1.11.4.jar (com.android.tools.build:bundletool:1.11.4) with InstrumentationAnalysisTransform
[        ] Transforming aapt2-proto-7.4.0-8841542.jar (com.android.tools.build:aapt2-proto:7.4.0-8841542) with InstrumentationAnalysisTransform
[        ] Transforming crash-30.4.0.jar (com.android.tools.analytics-library:crash:30.4.0) with InstrumentationAnalysisTransform
[        ] Transforming tracker-30.4.0.jar (com.android.tools.analytics-library:tracker:30.4.0) with InstrumentationAnalysisTransform
[        ] Transforming shared-30.4.0.jar (com.android.tools.analytics-library:shared:30.4.0) with InstrumentationAnalysisTransform
[        ] Transforming lint-typedef-remover-30.4.0.jar (com.android.tools.lint:lint-typedef-remover:30.4.0) with InstrumentationAnalysisTransform
[        ] Transforming databinding-compiler-common-7.4.0.jar (androidx.databinding:databinding-compiler-common:7.4.0) with InstrumentationAnalysisTransform
[        ] Transforming databinding-common-7.4.0.jar (androidx.databinding:databinding-common:7.4.0) with InstrumentationAnalysisTransform
[        ] Transforming baseLibrary-7.4.0.jar (com.android.databinding:baseLibrary:7.4.0) with InstrumentationAnalysisTransform
[        ] Transforming layoutlib-api-30.4.0.jar (com.android.tools.layoutlib:layoutlib-api:30.4.0) with InstrumentationAnalysisTransform
[        ] Transforming android-device-provider-ddmlib-proto-30.4.0.jar (com.android.tools.utp:android-device-provider-ddmlib-proto:30.4.0) with InstrumentationAnalysisTransform
[        ] Transforming android-device-provider-gradle-proto-30.4.0.jar (com.android.tools.utp:android-device-provider-gradle-proto:30.4.0) with InstrumentationAnalysisTransform
[        ] Transforming android-test-plugin-host-additional-test-output-proto-30.4.0.jar (com.android.tools.utp:android-test-plugin-host-additional-test-output-proto:30.4.0) with InstrumentationAnalysisTransform
[        ] Transforming android-test-plugin-host-coverage-proto-30.4.0.jar (com.android.tools.utp:android-test-plugin-host-coverage-proto:30.4.0) with InstrumentationAnalysisTransform
[        ] Transforming android-test-plugin-host-retention-proto-30.4.0.jar (com.android.tools.utp:android-test-plugin-host-retention-proto:30.4.0) with InstrumentationAnalysisTransform
[        ] Transforming android-test-plugin-result-listener-gradle-proto-30.4.0.jar (com.android.tools.utp:android-test-plugin-result-listener-gradle-proto:30.4.0) with InstrumentationAnalysisTransform
[        ] Transforming builder-model-7.4.0.jar (com.android.tools.build:builder-model:7.4.0) with InstrumentationAnalysisTransform
[        ] Transforming dvlib-30.4.0.jar (com.android.tools:dvlib:30.4.0) with InstrumentationAnalysisTransform
[        ] Transforming common-30.4.0.jar (com.android.tools:common:30.4.0) with InstrumentationAnalysisTransform
[        ] Transforming kotlin-stdlib-jdk8-1.7.10.jar (org.jetbrains.kotlin:kotlin-stdlib-jdk8:1.7.10) with InstrumentationAnalysisTransform
[        ] Transforming transform-api-2.0.0-deprecated-use-gradle-api.jar (com.android.tools.build:transform-api:2.0.0-deprecated-use-gradle-api) with InstrumentationAnalysisTransform
[        ] Transforming httpmime-4.5.6.jar (org.apache.httpcomponents:httpmime:4.5.6) with InstrumentationAnalysisTransform
[        ] Transforming commons-io-2.4.jar (commons-io:commons-io:2.4) with InstrumentationAnalysisTransform
[        ] Transforming jetifier-processor-1.0.0-beta10.jar (com.android.tools.build.jetifier:jetifier-processor:1.0.0-beta10) with InstrumentationAnalysisTransform
[        ] Transforming asm-commons-9.2.jar (org.ow2.asm:asm-commons:9.2) with InstrumentationAnalysisTransform
[        ] Transforming asm-util-9.2.jar (org.ow2.asm:asm-util:9.2) with InstrumentationAnalysisTransform
[        ] Transforming asm-analysis-9.2.jar (org.ow2.asm:asm-analysis:9.2) with InstrumentationAnalysisTransform
[        ] Transforming asm-tree-9.2.jar (org.ow2.asm:asm-tree:9.2) with InstrumentationAnalysisTransform
[        ] Transforming asm-9.2.jar (org.ow2.asm:asm:9.2) with InstrumentationAnalysisTransform
[        ] Transforming apkzlib-7.4.0.jar (com.android.tools.build:apkzlib:7.4.0) with InstrumentationAnalysisTransform
[        ] Transforming bcpkix-jdk15on-1.67.jar (org.bouncycastle:bcpkix-jdk15on:1.67) with InstrumentationAnalysisTransform
[        ] Transforming jaxb-runtime-2.3.2.jar (org.glassfish.jaxb:jaxb-runtime:2.3.2) with InstrumentationAnalysisTransform
[        ] Transforming jopt-simple-4.9.jar (net.sf.jopt-simple:jopt-simple:4.9) with InstrumentationAnalysisTransform
[        ] Transforming jetifier-core-1.0.0-beta10.jar (com.android.tools.build.jetifier:jetifier-core:1.0.0-beta10) with InstrumentationAnalysisTransform
[        ] Transforming javapoet-1.10.0.jar (com.squareup:javapoet:1.10.0) with InstrumentationAnalysisTransform
[        ] Transforming protobuf-java-util-3.17.2.jar (com.google.protobuf:protobuf-java-util:3.17.2) with InstrumentationAnalysisTransform
[        ] Transforming grpc-protobuf-1.39.0.jar (io.grpc:grpc-protobuf:1.39.0) with InstrumentationAnalysisTransform
[        ] Transforming tink-1.3.0-rc2.jar (com.google.crypto.tink:tink:1.3.0-rc2) with InstrumentationAnalysisTransform
[        ] Transforming protos-30.4.0.jar (com.android.tools.analytics-library:protos:30.4.0) with InstrumentationAnalysisTransform
[        ] Transforming proto-google-common-protos-2.0.1.jar (com.google.api.grpc:proto-google-common-protos:2.0.1) with InstrumentationAnalysisTransform
[        ] Transforming protobuf-java-3.17.2.jar (com.google.protobuf:protobuf-java:3.17.2) with InstrumentationAnalysisTransform
[        ] Transforming grpc-netty-1.39.0.jar (io.grpc:grpc-netty:1.39.0) with InstrumentationAnalysisTransform
[        ] Transforming grpc-core-1.39.0.jar (io.grpc:grpc-core:1.39.0) with InstrumentationAnalysisTransform
[        ] Transforming gson-2.8.9.jar (com.google.code.gson:gson:2.8.9) with InstrumentationAnalysisTransform
[        ] Transforming grpc-stub-1.39.0.jar (io.grpc:grpc-stub:1.39.0) with InstrumentationAnalysisTransform
[        ] Transforming core-proto-0.0.8-alpha08.jar (com.google.testing.platform:core-proto:0.0.8-alpha08) with InstrumentationAnalysisTransform
[        ] Transforming tensorflow-lite-metadata-0.1.0-rc2.jar (org.tensorflow:tensorflow-lite-metadata:0.1.0-rc2) with InstrumentationAnalysisTransform
[        ] Transforming flatbuffers-java-1.12.0.jar (com.google.flatbuffers:flatbuffers-java:1.12.0) with InstrumentationAnalysisTransform
[        ] Transforming jimfs-1.1.jar (com.google.jimfs:jimfs:1.1) with InstrumentationAnalysisTransform
[        ] Transforming grpc-protobuf-lite-1.39.0.jar (io.grpc:grpc-protobuf-lite:1.39.0) with InstrumentationAnalysisTransform
[        ] Transforming grpc-api-1.39.0.jar (io.grpc:grpc-api:1.39.0) with InstrumentationAnalysisTransform
[        ] Transforming guava-30.1-jre.jar (com.google.guava:guava:30.1-jre) with InstrumentationAnalysisTransform
[        ] Transforming dagger-2.28.3.jar (com.google.dagger:dagger:2.28.3) with InstrumentationAnalysisTransform
[        ] Transforming javax.inject-1.jar (javax.inject:javax.inject:1) with InstrumentationAnalysisTransform
[        ] Transforming kxml2-2.3.0.jar (net.sf.kxml:kxml2:2.3.0) with InstrumentationAnalysisTransform
[        ] Transforming bcprov-jdk15on-1.67.jar (org.bouncycastle:bcprov-jdk15on:1.67) with InstrumentationAnalysisTransform
[        ] Transforming trove4j-1.0.20200330.jar (org.jetbrains.intellij.deps:trove4j:1.0.20200330) with InstrumentationAnalysisTransform
[        ] Transforming kotlin-reflect-1.7.10.jar (org.jetbrains.kotlin:kotlin-reflect:1.7.10) with InstrumentationAnalysisTransform
[        ] Transforming xercesImpl-2.12.0.jar (xerces:xercesImpl:2.12.0) with InstrumentationAnalysisTransform
[        ] Transforming commons-compress-1.20.jar (org.apache.commons:commons-compress:1.20) with InstrumentationAnalysisTransform
[        ] Transforming httpclient-4.5.13.jar (org.apache.httpcomponents:httpclient:4.5.13) with InstrumentationAnalysisTransform
[        ] Transforming httpcore-4.4.13.jar (org.apache.httpcomponents:httpcore:4.4.13) with InstrumentationAnalysisTransform
[        ] Transforming javax.activation-1.2.0.jar (com.sun.activation:javax.activation:1.2.0) with InstrumentationAnalysisTransform
[        ] Transforming kotlin-stdlib-jdk7-1.7.10.jar (org.jetbrains.kotlin:kotlin-stdlib-jdk7:1.7.10) with InstrumentationAnalysisTransform
[        ] Transforming kotlin-stdlib-1.7.10.jar (org.jetbrains.kotlin:kotlin-stdlib:1.7.10) with InstrumentationAnalysisTransform
[        ] Transforming annotations-13.0.jar (org.jetbrains:annotations:13.0) with InstrumentationAnalysisTransform
[        ] Transforming signflinger-7.4.0.jar (com.android:signflinger:7.4.0) with InstrumentationAnalysisTransform
[        ] Transforming zipflinger-7.4.0.jar (com.android:zipflinger:7.4.0) with InstrumentationAnalysisTransform
[        ] Transforming annotations-30.4.0.jar (com.android.tools:annotations:30.4.0) with InstrumentationAnalysisTransform
[        ] Transforming jna-platform-5.6.0.jar (net.java.dev.jna:jna-platform:5.6.0) with InstrumentationAnalysisTransform
[        ] Transforming juniversalchardet-1.0.3.jar (com.googlecode.juniversalchardet:juniversalchardet:1.0.3) with InstrumentationAnalysisTransform
[        ] Transforming javax.annotation-api-1.3.2.jar (javax.annotation:javax.annotation-api:1.3.2) with InstrumentationAnalysisTransform
[        ] Transforming stax-ex-1.8.1.jar (org.jvnet.staxex:stax-ex:1.8.1) with InstrumentationAnalysisTransform
[        ] Transforming jakarta.xml.bind-api-2.3.2.jar (jakarta.xml.bind:jakarta.xml.bind-api:2.3.2) with InstrumentationAnalysisTransform
[        ] Transforming txw2-2.3.2.jar (org.glassfish.jaxb:txw2:2.3.2) with InstrumentationAnalysisTransform
[        ] Transforming istack-commons-runtime-3.0.8.jar (com.sun.istack:istack-commons-runtime:3.0.8) with InstrumentationAnalysisTransform
[        ] Transforming FastInfoset-1.2.16.jar (com.sun.xml.fastinfoset:FastInfoset:1.2.16) with InstrumentationAnalysisTransform
[        ] Transforming jakarta.activation-api-1.2.1.jar (jakarta.activation:jakarta.activation-api:1.2.1) with InstrumentationAnalysisTransform
[        ] Transforming auto-value-annotations-1.6.2.jar (com.google.auto.value:auto-value-annotations:1.6.2) with InstrumentationAnalysisTransform
[        ] Transforming error_prone_annotations-2.4.0.jar (com.google.errorprone:error_prone_annotations:2.4.0) with InstrumentationAnalysisTransform
[        ] Transforming jose4j-0.7.0.jar (org.bitbucket.b_c:jose4j:0.7.0) with InstrumentationAnalysisTransform
[        ] Transforming slf4j-api-1.7.30.jar (org.slf4j:slf4j-api:1.7.30) with InstrumentationAnalysisTransform
[        ] Transforming jdom2-2.0.6.jar (org.jdom:jdom2:2.0.6) with InstrumentationAnalysisTransform
[        ] Transforming annotations-4.1.1.4.jar (com.google.android:annotations:4.1.1.4) with InstrumentationAnalysisTransform
[        ] Transforming animal-sniffer-annotations-1.19.jar (org.codehaus.mojo:animal-sniffer-annotations:1.19) with InstrumentationAnalysisTransform
[        ] Transforming perfmark-api-0.23.0.jar (io.perfmark:perfmark-api:0.23.0) with InstrumentationAnalysisTransform
[        ] Transforming netty-codec-http2-4.1.52.Final.jar (io.netty:netty-codec-http2:4.1.52.Final) with InstrumentationAnalysisTransform
[        ] Transforming netty-handler-proxy-4.1.52.Final.jar (io.netty:netty-handler-proxy:4.1.52.Final) with InstrumentationAnalysisTransform
[        ] Transforming jsr305-3.0.2.jar (com.google.code.findbugs:jsr305:3.0.2) with InstrumentationAnalysisTransform
[        ] Transforming json-20180813.jar (org.json:json:20180813) with InstrumentationAnalysisTransform
[        ] Transforming checker-qual-3.5.0.jar (org.checkerframework:checker-qual:3.5.0) with InstrumentationAnalysisTransform
[        ] Transforming commons-codec-1.11.jar (commons-codec:commons-codec:1.11) with InstrumentationAnalysisTransform
[        ] Transforming apksig-7.4.0.jar (com.android.tools.build:apksig:7.4.0) with InstrumentationAnalysisTransform
[        ] Transforming javawriter-2.5.0.jar (com.squareup:javawriter:2.5.0) with InstrumentationAnalysisTransform
[        ] Transforming failureaccess-1.0.1.jar (com.google.guava:failureaccess:1.0.1) with InstrumentationAnalysisTransform
[        ] Transforming listenablefuture-9999.0-empty-to-avoid-conflict-with-guava.jar (com.google.guava:listenablefuture:9999.0-empty-to-avoid-conflict-with-guava) with InstrumentationAnalysisTransform
[        ] Transforming j2objc-annotations-1.3.jar (com.google.j2objc:j2objc-annotations:1.3) with InstrumentationAnalysisTransform
[        ] Transforming xml-apis-1.4.01.jar (xml-apis:xml-apis:1.4.01) with InstrumentationAnalysisTransform
[        ] Transforming commons-logging-1.2.jar (commons-logging:commons-logging:1.2) with InstrumentationAnalysisTransform
[        ] Transforming jna-5.6.0.jar (net.java.dev.jna:jna:5.6.0) with InstrumentationAnalysisTransform
[        ] Transforming kotlin-stdlib-common-1.7.10.jar (org.jetbrains.kotlin:kotlin-stdlib-common:1.7.10) with InstrumentationAnalysisTransform
[        ] Transforming grpc-context-1.39.0.jar (io.grpc:grpc-context:1.39.0) with InstrumentationAnalysisTransform
[        ] Transforming netty-codec-http-4.1.52.Final.jar (io.netty:netty-codec-http:4.1.52.Final) with InstrumentationAnalysisTransform
[        ] Transforming netty-handler-4.1.52.Final.jar (io.netty:netty-handler:4.1.52.Final) with InstrumentationAnalysisTransform
[        ] Transforming netty-codec-socks-4.1.52.Final.jar (io.netty:netty-codec-socks:4.1.52.Final) with InstrumentationAnalysisTransform
[        ] Transforming netty-codec-4.1.52.Final.jar (io.netty:netty-codec:4.1.52.Final) with InstrumentationAnalysisTransform
[        ] Transforming netty-transport-4.1.52.Final.jar (io.netty:netty-transport:4.1.52.Final) with InstrumentationAnalysisTransform
[        ] Transforming netty-buffer-4.1.52.Final.jar (io.netty:netty-buffer:4.1.52.Final) with InstrumentationAnalysisTransform
[        ] Transforming netty-resolver-4.1.52.Final.jar (io.netty:netty-resolver:4.1.52.Final) with InstrumentationAnalysisTransform
[        ] Transforming netty-common-4.1.52.Final.jar (io.netty:netty-common:4.1.52.Final) with InstrumentationAnalysisTransform
[        ] Transforming gradle-7.4.0.jar (com.android.tools.build:gradle:7.4.0) with InstrumentationAnalysisTransform
[        ] Transforming gradle-7.4.0.jar (com.android.tools.build:gradle:7.4.0) with MergeInstrumentationAnalysisTransform
[        ] Transforming gradle-settings-api-7.4.0.jar (com.android.tools.build:gradle-settings-api:7.4.0) with InstrumentationAnalysisTransform
[        ] Transforming gradle-settings-api-7.4.0.jar (com.android.tools.build:gradle-settings-api:7.4.0) with MergeInstrumentationAnalysisTransform
[        ] Transforming lint-model-30.4.0.jar (com.android.tools.lint:lint-model:30.4.0) with InstrumentationAnalysisTransform
[        ] Transforming lint-model-30.4.0.jar (com.android.tools.lint:lint-model:30.4.0) with MergeInstrumentationAnalysisTransform
[        ] Transforming builder-7.4.0.jar (com.android.tools.build:builder:7.4.0) with InstrumentationAnalysisTransform
[        ] Transforming builder-7.4.0.jar (com.android.tools.build:builder:7.4.0) with MergeInstrumentationAnalysisTransform
[        ] Transforming manifest-merger-30.4.0.jar (com.android.tools.build:manifest-merger:30.4.0) with InstrumentationAnalysisTransform
[        ] Transforming manifest-merger-30.4.0.jar (com.android.tools.build:manifest-merger:30.4.0) with MergeInstrumentationAnalysisTransform
[        ] Transforming sdk-common-30.4.0.jar (com.android.tools:sdk-common:30.4.0) with InstrumentationAnalysisTransform
[        ] Transforming sdk-common-30.4.0.jar (com.android.tools:sdk-common:30.4.0) with MergeInstrumentationAnalysisTransform
[        ] Transforming sdklib-30.4.0.jar (com.android.tools:sdklib:30.4.0) with InstrumentationAnalysisTransform
[        ] Transforming sdklib-30.4.0.jar (com.android.tools:sdklib:30.4.0) with MergeInstrumentationAnalysisTransform
[        ] Transforming repository-30.4.0.jar (com.android.tools:repository:30.4.0) with InstrumentationAnalysisTransform
[        ] Transforming repository-30.4.0.jar (com.android.tools:repository:30.4.0) with MergeInstrumentationAnalysisTransform
[        ] Transforming gradle-api-7.4.0.jar (com.android.tools.build:gradle-api:7.4.0) with InstrumentationAnalysisTransform
[        ] Transforming gradle-api-7.4.0.jar (com.android.tools.build:gradle-api:7.4.0) with MergeInstrumentationAnalysisTransform
[        ] Transforming builder-test-api-7.4.0.jar (com.android.tools.build:builder-test-api:7.4.0) with InstrumentationAnalysisTransform
[        ] Transforming builder-test-api-7.4.0.jar (com.android.tools.build:builder-test-api:7.4.0) with MergeInstrumentationAnalysisTransform
[        ] Transforming ddmlib-30.4.0.jar (com.android.tools.ddms:ddmlib:30.4.0) with InstrumentationAnalysisTransform
[        ] Transforming ddmlib-30.4.0.jar (com.android.tools.ddms:ddmlib:30.4.0) with MergeInstrumentationAnalysisTransform
[        ] Transforming aaptcompiler-7.4.0.jar (com.android.tools.build:aaptcompiler:7.4.0) with InstrumentationAnalysisTransform
[        ] Transforming aaptcompiler-7.4.0.jar (com.android.tools.build:aaptcompiler:7.4.0) with MergeInstrumentationAnalysisTransform
[        ] Transforming bundletool-1.11.4.jar (com.android.tools.build:bundletool:1.11.4) with InstrumentationAnalysisTransform
[        ] Transforming bundletool-1.11.4.jar (com.android.tools.build:bundletool:1.11.4) with MergeInstrumentationAnalysisTransform
[        ] Transforming aapt2-proto-7.4.0-8841542.jar (com.android.tools.build:aapt2-proto:7.4.0-8841542) with InstrumentationAnalysisTransform
[        ] Transforming aapt2-proto-7.4.0-8841542.jar (com.android.tools.build:aapt2-proto:7.4.0-8841542) with MergeInstrumentationAnalysisTransform
[        ] Transforming crash-30.4.0.jar (com.android.tools.analytics-library:crash:30.4.0) with InstrumentationAnalysisTransform
[        ] Transforming crash-30.4.0.jar (com.android.tools.analytics-library:crash:30.4.0) with MergeInstrumentationAnalysisTransform
[        ] Transforming tracker-30.4.0.jar (com.android.tools.analytics-library:tracker:30.4.0) with InstrumentationAnalysisTransform
[        ] Transforming tracker-30.4.0.jar (com.android.tools.analytics-library:tracker:30.4.0) with MergeInstrumentationAnalysisTransform
[        ] Transforming shared-30.4.0.jar (com.android.tools.analytics-library:shared:30.4.0) with InstrumentationAnalysisTransform
[        ] Transforming shared-30.4.0.jar (com.android.tools.analytics-library:shared:30.4.0) with MergeInstrumentationAnalysisTransform
[        ] Transforming lint-typedef-remover-30.4.0.jar (com.android.tools.lint:lint-typedef-remover:30.4.0) with InstrumentationAnalysisTransform
[        ] Transforming lint-typedef-remover-30.4.0.jar (com.android.tools.lint:lint-typedef-remover:30.4.0) with MergeInstrumentationAnalysisTransform
[        ] Transforming databinding-compiler-common-7.4.0.jar (androidx.databinding:databinding-compiler-common:7.4.0) with InstrumentationAnalysisTransform
[        ] Transforming databinding-compiler-common-7.4.0.jar (androidx.databinding:databinding-compiler-common:7.4.0) with MergeInstrumentationAnalysisTransform
[        ] Transforming databinding-common-7.4.0.jar (androidx.databinding:databinding-common:7.4.0) with InstrumentationAnalysisTransform
[        ] Transforming databinding-common-7.4.0.jar (androidx.databinding:databinding-common:7.4.0) with MergeInstrumentationAnalysisTransform
[        ] Transforming baseLibrary-7.4.0.jar (com.android.databinding:baseLibrary:7.4.0) with InstrumentationAnalysisTransform
[        ] Transforming baseLibrary-7.4.0.jar (com.android.databinding:baseLibrary:7.4.0) with MergeInstrumentationAnalysisTransform
[        ] Transforming layoutlib-api-30.4.0.jar (com.android.tools.layoutlib:layoutlib-api:30.4.0) with InstrumentationAnalysisTransform
[        ] Transforming layoutlib-api-30.4.0.jar (com.android.tools.layoutlib:layoutlib-api:30.4.0) with MergeInstrumentationAnalysisTransform
[        ] Transforming android-device-provider-ddmlib-proto-30.4.0.jar (com.android.tools.utp:android-device-provider-ddmlib-proto:30.4.0) with InstrumentationAnalysisTransform
[        ] Transforming android-device-provider-ddmlib-proto-30.4.0.jar (com.android.tools.utp:android-device-provider-ddmlib-proto:30.4.0) with MergeInstrumentationAnalysisTransform
[        ] Transforming android-device-provider-gradle-proto-30.4.0.jar (com.android.tools.utp:android-device-provider-gradle-proto:30.4.0) with InstrumentationAnalysisTransform
[        ] Transforming android-device-provider-gradle-proto-30.4.0.jar (com.android.tools.utp:android-device-provider-gradle-proto:30.4.0) with MergeInstrumentationAnalysisTransform
[        ] Transforming android-test-plugin-host-additional-test-output-proto-30.4.0.jar (com.android.tools.utp:android-test-plugin-host-additional-test-output-proto:30.4.0) with InstrumentationAnalysisTransform
[        ] Transforming android-test-plugin-host-additional-test-output-proto-30.4.0.jar (com.android.tools.utp:android-test-plugin-host-additional-test-output-proto:30.4.0) with MergeInstrumentationAnalysisTransform
[        ] Transforming android-test-plugin-host-coverage-proto-30.4.0.jar (com.android.tools.utp:android-test-plugin-host-coverage-proto:30.4.0) with InstrumentationAnalysisTransform
[        ] Transforming android-test-plugin-host-coverage-proto-30.4.0.jar (com.android.tools.utp:android-test-plugin-host-coverage-proto:30.4.0) with MergeInstrumentationAnalysisTransform
[        ] Transforming android-test-plugin-host-retention-proto-30.4.0.jar (com.android.tools.utp:android-test-plugin-host-retention-proto:30.4.0) with InstrumentationAnalysisTransform
[        ] Transforming android-test-plugin-host-retention-proto-30.4.0.jar (com.android.tools.utp:android-test-plugin-host-retention-proto:30.4.0) with MergeInstrumentationAnalysisTransform
[        ] Transforming android-test-plugin-result-listener-gradle-proto-30.4.0.jar (com.android.tools.utp:android-test-plugin-result-listener-gradle-proto:30.4.0) with InstrumentationAnalysisTransform
[        ] Transforming android-test-plugin-result-listener-gradle-proto-30.4.0.jar (com.android.tools.utp:android-test-plugin-result-listener-gradle-proto:30.4.0) with MergeInstrumentationAnalysisTransform
[        ] Transforming builder-model-7.4.0.jar (com.android.tools.build:builder-model:7.4.0) with InstrumentationAnalysisTransform
[        ] Transforming builder-model-7.4.0.jar (com.android.tools.build:builder-model:7.4.0) with MergeInstrumentationAnalysisTransform
[        ] Transforming dvlib-30.4.0.jar (com.android.tools:dvlib:30.4.0) with InstrumentationAnalysisTransform
[        ] Transforming dvlib-30.4.0.jar (com.android.tools:dvlib:30.4.0) with MergeInstrumentationAnalysisTransform
[        ] Transforming common-30.4.0.jar (com.android.tools:common:30.4.0) with InstrumentationAnalysisTransform
[        ] Transforming common-30.4.0.jar (com.android.tools:common:30.4.0) with MergeInstrumentationAnalysisTransform
[        ] Transforming kotlin-stdlib-jdk8-1.7.10.jar (org.jetbrains.kotlin:kotlin-stdlib-jdk8:1.7.10) with InstrumentationAnalysisTransform
[        ] Transforming kotlin-stdlib-jdk8-1.7.10.jar (org.jetbrains.kotlin:kotlin-stdlib-jdk8:1.7.10) with MergeInstrumentationAnalysisTransform
[        ] Transforming transform-api-2.0.0-deprecated-use-gradle-api.jar (com.android.tools.build:transform-api:2.0.0-deprecated-use-gradle-api) with InstrumentationAnalysisTransform
[        ] Transforming transform-api-2.0.0-deprecated-use-gradle-api.jar (com.android.tools.build:transform-api:2.0.0-deprecated-use-gradle-api) with MergeInstrumentationAnalysisTransform
[        ] Transforming httpmime-4.5.6.jar (org.apache.httpcomponents:httpmime:4.5.6) with InstrumentationAnalysisTransform
[        ] Transforming httpmime-4.5.6.jar (org.apache.httpcomponents:httpmime:4.5.6) with MergeInstrumentationAnalysisTransform
[        ] Transforming commons-io-2.4.jar (commons-io:commons-io:2.4) with InstrumentationAnalysisTransform
[        ] Transforming commons-io-2.4.jar (commons-io:commons-io:2.4) with MergeInstrumentationAnalysisTransform
[        ] Transforming jetifier-processor-1.0.0-beta10.jar (com.android.tools.build.jetifier:jetifier-processor:1.0.0-beta10) with InstrumentationAnalysisTransform
[        ] Transforming jetifier-processor-1.0.0-beta10.jar (com.android.tools.build.jetifier:jetifier-processor:1.0.0-beta10) with MergeInstrumentationAnalysisTransform
[        ] Transforming asm-commons-9.2.jar (org.ow2.asm:asm-commons:9.2) with InstrumentationAnalysisTransform
[        ] Transforming asm-commons-9.2.jar (org.ow2.asm:asm-commons:9.2) with MergeInstrumentationAnalysisTransform
[        ] Transforming asm-util-9.2.jar (org.ow2.asm:asm-util:9.2) with InstrumentationAnalysisTransform
[        ] Transforming asm-util-9.2.jar (org.ow2.asm:asm-util:9.2) with MergeInstrumentationAnalysisTransform
[        ] Transforming asm-analysis-9.2.jar (org.ow2.asm:asm-analysis:9.2) with InstrumentationAnalysisTransform
[        ] Transforming asm-analysis-9.2.jar (org.ow2.asm:asm-analysis:9.2) with MergeInstrumentationAnalysisTransform
[        ] Transforming asm-tree-9.2.jar (org.ow2.asm:asm-tree:9.2) with InstrumentationAnalysisTransform
[        ] Transforming asm-tree-9.2.jar (org.ow2.asm:asm-tree:9.2) with MergeInstrumentationAnalysisTransform
[        ] Transforming asm-9.2.jar (org.ow2.asm:asm:9.2) with InstrumentationAnalysisTransform
[        ] Transforming asm-9.2.jar (org.ow2.asm:asm:9.2) with MergeInstrumentationAnalysisTransform
[        ] Transforming manifest-merger-30.4.0.jar (com.android.tools.build:manifest-merger:30.4.0) with ExternalDependencyInstrumentingArtifactTransform
[        ] Transforming builder-7.4.0.jar (com.android.tools.build:builder:7.4.0) with ExternalDependencyInstrumentingArtifactTransform
[        ] Transforming repository-30.4.0.jar (com.android.tools:repository:30.4.0) with ExternalDependencyInstrumentingArtifactTransform
[        ] Transforming builder-test-api-7.4.0.jar (com.android.tools.build:builder-test-api:7.4.0) with ExternalDependencyInstrumentingArtifactTransform
[        ] Transforming ddmlib-30.4.0.jar (com.android.tools.ddms:ddmlib:30.4.0) with ExternalDependencyInstrumentingArtifactTransform
[        ] Transforming gradle-7.4.0.jar (com.android.tools.build:gradle:7.4.0) with ExternalDependencyInstrumentingArtifactTransform
[        ] Transforming bundletool-1.11.4.jar (com.android.tools.build:bundletool:1.11.4) with ExternalDependencyInstrumentingArtifactTransform
[        ] Transforming crash-30.4.0.jar (com.android.tools.analytics-library:crash:30.4.0) with ExternalDependencyInstrumentingArtifactTransform
[        ] Transforming tracker-30.4.0.jar (com.android.tools.analytics-library:tracker:30.4.0) with ExternalDependencyInstrumentingArtifactTransform
[        ] Transforming lint-model-30.4.0.jar (com.android.tools.lint:lint-model:30.4.0) with ExternalDependencyInstrumentingArtifactTransform
[        ] Transforming databinding-common-7.4.0.jar (androidx.databinding:databinding-common:7.4.0) with ExternalDependencyInstrumentingArtifactTransform
[        ] Transforming baseLibrary-7.4.0.jar (com.android.databinding:baseLibrary:7.4.0) with ExternalDependencyInstrumentingArtifactTransform
[        ] Transforming layoutlib-api-30.4.0.jar (com.android.tools.layoutlib:layoutlib-api:30.4.0) with ExternalDependencyInstrumentingArtifactTransform
[        ] Transforming android-device-provider-ddmlib-proto-30.4.0.jar (com.android.tools.utp:android-device-provider-ddmlib-proto:30.4.0) with ExternalDependencyInstrumentingArtifactTransform
[        ] Transforming gradle-settings-api-7.4.0.jar (com.android.tools.build:gradle-settings-api:7.4.0) with ExternalDependencyInstrumentingArtifactTransform
[        ] Transforming android-device-provider-gradle-proto-30.4.0.jar (com.android.tools.utp:android-device-provider-gradle-proto:30.4.0) with ExternalDependencyInstrumentingArtifactTransform
[        ] Transforming gradle-api-7.4.0.jar (com.android.tools.build:gradle-api:7.4.0) with ExternalDependencyInstrumentingArtifactTransform
[        ] Transforming databinding-compiler-common-7.4.0.jar (androidx.databinding:databinding-compiler-common:7.4.0) with ExternalDependencyInstrumentingArtifactTransform
[        ] Transforming android-test-plugin-host-coverage-proto-30.4.0.jar (com.android.tools.utp:android-test-plugin-host-coverage-proto:30.4.0) with ExternalDependencyInstrumentingArtifactTransform
[        ] Transforming lint-typedef-remover-30.4.0.jar (com.android.tools.lint:lint-typedef-remover:30.4.0) with ExternalDependencyInstrumentingArtifactTransform
[        ] Transforming shared-30.4.0.jar (com.android.tools.analytics-library:shared:30.4.0) with ExternalDependencyInstrumentingArtifactTransform
[        ] Transforming aapt2-proto-7.4.0-8841542.jar (com.android.tools.build:aapt2-proto:7.4.0-8841542) with ExternalDependencyInstrumentingArtifactTransform
[        ] Transforming dvlib-30.4.0.jar (com.android.tools:dvlib:30.4.0) with ExternalDependencyInstrumentingArtifactTransform
[        ] Transforming aaptcompiler-7.4.0.jar (com.android.tools.build:aaptcompiler:7.4.0) with ExternalDependencyInstrumentingArtifactTransform
[        ] Transforming sdklib-30.4.0.jar (com.android.tools:sdklib:30.4.0) with ExternalDependencyInstrumentingArtifactTransform
[        ] Transforming kotlin-stdlib-jdk8-1.7.10.jar (org.jetbrains.kotlin:kotlin-stdlib-jdk8:1.7.10) with ExternalDependencyInstrumentingArtifactTransform
[        ] Transforming transform-api-2.0.0-deprecated-use-gradle-api.jar (com.android.tools.build:transform-api:2.0.0-deprecated-use-gradle-api) with ExternalDependencyInstrumentingArtifactTransform
[        ] Transforming commons-io-2.4.jar (commons-io:commons-io:2.4) with ExternalDependencyInstrumentingArtifactTransform
[        ] Transforming sdk-common-30.4.0.jar (com.android.tools:sdk-common:30.4.0) with ExternalDependencyInstrumentingArtifactTransform
[        ] Transforming httpmime-4.5.6.jar (org.apache.httpcomponents:httpmime:4.5.6) with ExternalDependencyInstrumentingArtifactTransform
[        ] Transforming apkzlib-7.4.0.jar (com.android.tools.build:apkzlib:7.4.0) with InstrumentationAnalysisTransform
[        ] Transforming asm-util-9.2.jar (org.ow2.asm:asm-util:9.2) with ExternalDependencyInstrumentingArtifactTransform
[        ] Transforming jetifier-processor-1.0.0-beta10.jar (com.android.tools.build.jetifier:jetifier-processor:1.0.0-beta10) with ExternalDependencyInstrumentingArtifactTransform
[        ] Transforming apkzlib-7.4.0.jar (com.android.tools.build:apkzlib:7.4.0) with MergeInstrumentationAnalysisTransform
[        ] Transforming asm-commons-9.2.jar (org.ow2.asm:asm-commons:9.2) with ExternalDependencyInstrumentingArtifactTransform
[        ] Transforming asm-analysis-9.2.jar (org.ow2.asm:asm-analysis:9.2) with ExternalDependencyInstrumentingArtifactTransform
[        ] Transforming common-30.4.0.jar (com.android.tools:common:30.4.0) with ExternalDependencyInstrumentingArtifactTransform
[        ] Transforming apkzlib-7.4.0.jar (com.android.tools.build:apkzlib:7.4.0) with ExternalDependencyInstrumentingArtifactTransform
[        ] Transforming builder-model-7.4.0.jar (com.android.tools.build:builder-model:7.4.0) with ExternalDependencyInstrumentingArtifactTransform
[        ] Transforming android-test-plugin-result-listener-gradle-proto-30.4.0.jar (com.android.tools.utp:android-test-plugin-result-listener-gradle-proto:30.4.0) with ExternalDependencyInstrumentingArtifactTransform
[        ] Transforming android-test-plugin-host-retention-proto-30.4.0.jar (com.android.tools.utp:android-test-plugin-host-retention-proto:30.4.0) with ExternalDependencyInstrumentingArtifactTransform
[        ] Transforming android-test-plugin-host-additional-test-output-proto-30.4.0.jar (com.android.tools.utp:android-test-plugin-host-additional-test-output-proto:30.4.0) with ExternalDependencyInstrumentingArtifactTransform
[        ] Transforming asm-9.2.jar (org.ow2.asm:asm:9.2) with ExternalDependencyInstrumentingArtifactTransform
[        ] Transforming bcpkix-jdk15on-1.67.jar (org.bouncycastle:bcpkix-jdk15on:1.67) with InstrumentationAnalysisTransform
[        ] Transforming asm-tree-9.2.jar (org.ow2.asm:asm-tree:9.2) with ExternalDependencyInstrumentingArtifactTransform
[        ] Transforming bcpkix-jdk15on-1.67.jar (org.bouncycastle:bcpkix-jdk15on:1.67) with MergeInstrumentationAnalysisTransform
[        ] Transforming jaxb-runtime-2.3.2.jar (org.glassfish.jaxb:jaxb-runtime:2.3.2) with InstrumentationAnalysisTransform
[        ] Transforming jaxb-runtime-2.3.2.jar (org.glassfish.jaxb:jaxb-runtime:2.3.2) with MergeInstrumentationAnalysisTransform
[        ] Transforming jopt-simple-4.9.jar (net.sf.jopt-simple:jopt-simple:4.9) with InstrumentationAnalysisTransform
[        ] Transforming jopt-simple-4.9.jar (net.sf.jopt-simple:jopt-simple:4.9) with MergeInstrumentationAnalysisTransform
[        ] Transforming bcpkix-jdk15on-1.67.jar (org.bouncycastle:bcpkix-jdk15on:1.67) with ExternalDependencyInstrumentingArtifactTransform
[        ] Transforming jopt-simple-4.9.jar (net.sf.jopt-simple:jopt-simple:4.9) with ExternalDependencyInstrumentingArtifactTransform
[        ] Transforming jetifier-core-1.0.0-beta10.jar (com.android.tools.build.jetifier:jetifier-core:1.0.0-beta10) with InstrumentationAnalysisTransform
[        ] Transforming jetifier-core-1.0.0-beta10.jar (com.android.tools.build.jetifier:jetifier-core:1.0.0-beta10) with MergeInstrumentationAnalysisTransform
[        ] Transforming javapoet-1.10.0.jar (com.squareup:javapoet:1.10.0) with InstrumentationAnalysisTransform
[        ] Transforming javapoet-1.10.0.jar (com.squareup:javapoet:1.10.0) with MergeInstrumentationAnalysisTransform
[        ] Transforming protobuf-java-util-3.17.2.jar (com.google.protobuf:protobuf-java-util:3.17.2) with InstrumentationAnalysisTransform
[        ] Transforming protobuf-java-util-3.17.2.jar (com.google.protobuf:protobuf-java-util:3.17.2) with MergeInstrumentationAnalysisTransform
[        ] Transforming grpc-protobuf-1.39.0.jar (io.grpc:grpc-protobuf:1.39.0) with InstrumentationAnalysisTransform
[        ] Transforming grpc-protobuf-1.39.0.jar (io.grpc:grpc-protobuf:1.39.0) with MergeInstrumentationAnalysisTransform
[        ] Transforming tink-1.3.0-rc2.jar (com.google.crypto.tink:tink:1.3.0-rc2) with InstrumentationAnalysisTransform
[        ] Transforming tink-1.3.0-rc2.jar (com.google.crypto.tink:tink:1.3.0-rc2) with MergeInstrumentationAnalysisTransform
[        ] Transforming protos-30.4.0.jar (com.android.tools.analytics-library:protos:30.4.0) with InstrumentationAnalysisTransform
[        ] Transforming protos-30.4.0.jar (com.android.tools.analytics-library:protos:30.4.0) with MergeInstrumentationAnalysisTransform
[        ] Transforming proto-google-common-protos-2.0.1.jar (com.google.api.grpc:proto-google-common-protos:2.0.1) with InstrumentationAnalysisTransform
[        ] Transforming proto-google-common-protos-2.0.1.jar (com.google.api.grpc:proto-google-common-protos:2.0.1) with MergeInstrumentationAnalysisTransform
[        ] Transforming protobuf-java-3.17.2.jar (com.google.protobuf:protobuf-java:3.17.2) with InstrumentationAnalysisTransform
[        ] Transforming protobuf-java-3.17.2.jar (com.google.protobuf:protobuf-java:3.17.2) with MergeInstrumentationAnalysisTransform
[        ] Transforming grpc-netty-1.39.0.jar (io.grpc:grpc-netty:1.39.0) with InstrumentationAnalysisTransform
[        ] Transforming grpc-netty-1.39.0.jar (io.grpc:grpc-netty:1.39.0) with MergeInstrumentationAnalysisTransform
[        ] Transforming grpc-core-1.39.0.jar (io.grpc:grpc-core:1.39.0) with InstrumentationAnalysisTransform
[        ] Transforming grpc-core-1.39.0.jar (io.grpc:grpc-core:1.39.0) with MergeInstrumentationAnalysisTransform
[        ] Transforming gson-2.8.9.jar (com.google.code.gson:gson:2.8.9) with InstrumentationAnalysisTransform
[        ] Transforming gson-2.8.9.jar (com.google.code.gson:gson:2.8.9) with MergeInstrumentationAnalysisTransform
[        ] Transforming grpc-stub-1.39.0.jar (io.grpc:grpc-stub:1.39.0) with InstrumentationAnalysisTransform
[        ] Transforming grpc-stub-1.39.0.jar (io.grpc:grpc-stub:1.39.0) with MergeInstrumentationAnalysisTransform
[        ] Transforming core-proto-0.0.8-alpha08.jar (com.google.testing.platform:core-proto:0.0.8-alpha08) with InstrumentationAnalysisTransform
[        ] Transforming core-proto-0.0.8-alpha08.jar (com.google.testing.platform:core-proto:0.0.8-alpha08) with MergeInstrumentationAnalysisTransform
[        ] Transforming tensorflow-lite-metadata-0.1.0-rc2.jar (org.tensorflow:tensorflow-lite-metadata:0.1.0-rc2) with InstrumentationAnalysisTransform
[        ] Transforming tensorflow-lite-metadata-0.1.0-rc2.jar (org.tensorflow:tensorflow-lite-metadata:0.1.0-rc2) with MergeInstrumentationAnalysisTransform
[        ] Transforming flatbuffers-java-1.12.0.jar (com.google.flatbuffers:flatbuffers-java:1.12.0) with InstrumentationAnalysisTransform
[        ] Transforming jetifier-core-1.0.0-beta10.jar (com.android.tools.build.jetifier:jetifier-core:1.0.0-beta10) with ExternalDependencyInstrumentingArtifactTransform
[        ] Transforming flatbuffers-java-1.12.0.jar (com.google.flatbuffers:flatbuffers-java:1.12.0) with MergeInstrumentationAnalysisTransform
[        ] Transforming jimfs-1.1.jar (com.google.jimfs:jimfs:1.1) with InstrumentationAnalysisTransform
[        ] Transforming jimfs-1.1.jar (com.google.jimfs:jimfs:1.1) with MergeInstrumentationAnalysisTransform
[        ] Transforming grpc-protobuf-lite-1.39.0.jar (io.grpc:grpc-protobuf-lite:1.39.0) with InstrumentationAnalysisTransform
[        ] Transforming grpc-protobuf-lite-1.39.0.jar (io.grpc:grpc-protobuf-lite:1.39.0) with MergeInstrumentationAnalysisTransform
[        ] Transforming grpc-api-1.39.0.jar (io.grpc:grpc-api:1.39.0) with InstrumentationAnalysisTransform
[        ] Transforming grpc-api-1.39.0.jar (io.grpc:grpc-api:1.39.0) with MergeInstrumentationAnalysisTransform
[        ] Transforming guava-30.1-jre.jar (com.google.guava:guava:30.1-jre) with InstrumentationAnalysisTransform
[        ] Transforming guava-30.1-jre.jar (com.google.guava:guava:30.1-jre) with MergeInstrumentationAnalysisTransform
[        ] Transforming dagger-2.28.3.jar (com.google.dagger:dagger:2.28.3) with InstrumentationAnalysisTransform
[        ] Transforming dagger-2.28.3.jar (com.google.dagger:dagger:2.28.3) with MergeInstrumentationAnalysisTransform
[        ] Transforming javax.inject-1.jar (javax.inject:javax.inject:1) with InstrumentationAnalysisTransform
[        ] Transforming javax.inject-1.jar (javax.inject:javax.inject:1) with MergeInstrumentationAnalysisTransform
[        ] Transforming kxml2-2.3.0.jar (net.sf.kxml:kxml2:2.3.0) with InstrumentationAnalysisTransform
[        ] Transforming kxml2-2.3.0.jar (net.sf.kxml:kxml2:2.3.0) with MergeInstrumentationAnalysisTransform
[        ] Transforming bcprov-jdk15on-1.67.jar (org.bouncycastle:bcprov-jdk15on:1.67) with InstrumentationAnalysisTransform
[        ] Transforming bcprov-jdk15on-1.67.jar (org.bouncycastle:bcprov-jdk15on:1.67) with MergeInstrumentationAnalysisTransform
[        ] Transforming trove4j-1.0.20200330.jar (org.jetbrains.intellij.deps:trove4j:1.0.20200330) with InstrumentationAnalysisTransform
[        ] Transforming trove4j-1.0.20200330.jar (org.jetbrains.intellij.deps:trove4j:1.0.20200330) with MergeInstrumentationAnalysisTransform
[        ] Transforming kotlin-reflect-1.7.10.jar (org.jetbrains.kotlin:kotlin-reflect:1.7.10) with InstrumentationAnalysisTransform
[        ] Transforming kotlin-reflect-1.7.10.jar (org.jetbrains.kotlin:kotlin-reflect:1.7.10) with MergeInstrumentationAnalysisTransform
[        ] Transforming xercesImpl-2.12.0.jar (xerces:xercesImpl:2.12.0) with InstrumentationAnalysisTransform
[        ] Transforming xercesImpl-2.12.0.jar (xerces:xercesImpl:2.12.0) with MergeInstrumentationAnalysisTransform
[        ] Transforming commons-compress-1.20.jar (org.apache.commons:commons-compress:1.20) with InstrumentationAnalysisTransform
[        ] Transforming commons-compress-1.20.jar (org.apache.commons:commons-compress:1.20) with MergeInstrumentationAnalysisTransform
[        ] Transforming httpclient-4.5.13.jar (org.apache.httpcomponents:httpclient:4.5.13) with InstrumentationAnalysisTransform
[        ] Transforming httpclient-4.5.13.jar (org.apache.httpcomponents:httpclient:4.5.13) with MergeInstrumentationAnalysisTransform
[        ] Transforming httpcore-4.4.13.jar (org.apache.httpcomponents:httpcore:4.4.13) with InstrumentationAnalysisTransform
[        ] Transforming httpcore-4.4.13.jar (org.apache.httpcomponents:httpcore:4.4.13) with MergeInstrumentationAnalysisTransform
[        ] Transforming javax.activation-1.2.0.jar (com.sun.activation:javax.activation:1.2.0) with InstrumentationAnalysisTransform
[        ] Transforming javax.activation-1.2.0.jar (com.sun.activation:javax.activation:1.2.0) with MergeInstrumentationAnalysisTransform
[        ] Transforming kotlin-stdlib-jdk7-1.7.10.jar (org.jetbrains.kotlin:kotlin-stdlib-jdk7:1.7.10) with InstrumentationAnalysisTransform
[        ] Transforming protobuf-java-3.17.2.jar (com.google.protobuf:protobuf-java:3.17.2) with ExternalDependencyInstrumentingArtifactTransform
[        ] Transforming grpc-netty-1.39.0.jar (io.grpc:grpc-netty:1.39.0) with ExternalDependencyInstrumentingArtifactTransform
[        ] Transforming grpc-core-1.39.0.jar (io.grpc:grpc-core:1.39.0) with ExternalDependencyInstrumentingArtifactTransform
[        ] Transforming gson-2.8.9.jar (com.google.code.gson:gson:2.8.9) with ExternalDependencyInstrumentingArtifactTransform
[        ] Transforming grpc-stub-1.39.0.jar (io.grpc:grpc-stub:1.39.0) with ExternalDependencyInstrumentingArtifactTransform
[        ] Transforming core-proto-0.0.8-alpha08.jar (com.google.testing.platform:core-proto:0.0.8-alpha08) with ExternalDependencyInstrumentingArtifactTransform
[        ] Transforming tensorflow-lite-metadata-0.1.0-rc2.jar (org.tensorflow:tensorflow-lite-metadata:0.1.0-rc2) with ExternalDependencyInstrumentingArtifactTransform
[        ] Transforming flatbuffers-java-1.12.0.jar (com.google.flatbuffers:flatbuffers-java:1.12.0) with ExternalDependencyInstrumentingArtifactTransform
[        ] Transforming jimfs-1.1.jar (com.google.jimfs:jimfs:1.1) with ExternalDependencyInstrumentingArtifactTransform
[        ] Transforming grpc-protobuf-lite-1.39.0.jar (io.grpc:grpc-protobuf-lite:1.39.0) with ExternalDependencyInstrumentingArtifactTransform
[        ] Transforming javapoet-1.10.0.jar (com.squareup:javapoet:1.10.0) with ExternalDependencyInstrumentingArtifactTransform
[        ] Transforming guava-30.1-jre.jar (com.google.guava:guava:30.1-jre) with ExternalDependencyInstrumentingArtifactTransform
[        ] Transforming dagger-2.28.3.jar (com.google.dagger:dagger:2.28.3) with ExternalDependencyInstrumentingArtifactTransform
[        ] Transforming javax.inject-1.jar (javax.inject:javax.inject:1) with ExternalDependencyInstrumentingArtifactTransform
[        ] Transforming kxml2-2.3.0.jar (net.sf.kxml:kxml2:2.3.0) with ExternalDependencyInstrumentingArtifactTransform
[        ] Transforming bcprov-jdk15on-1.67.jar (org.bouncycastle:bcprov-jdk15on:1.67) with ExternalDependencyInstrumentingArtifactTransform
[        ] Transforming jaxb-runtime-2.3.2.jar (org.glassfish.jaxb:jaxb-runtime:2.3.2) with ExternalDependencyInstrumentingArtifactTransform
[        ] Transforming grpc-api-1.39.0.jar (io.grpc:grpc-api:1.39.0) with ExternalDependencyInstrumentingArtifactTransform
[        ] Transforming trove4j-1.0.20200330.jar (org.jetbrains.intellij.deps:trove4j:1.0.20200330) with ExternalDependencyInstrumentingArtifactTransform
[        ] Transforming kotlin-reflect-1.7.10.jar (org.jetbrains.kotlin:kotlin-reflect:1.7.10) with ExternalDependencyInstrumentingArtifactTransform
[        ] Transforming xercesImpl-2.12.0.jar (xerces:xercesImpl:2.12.0) with ExternalDependencyInstrumentingArtifactTransform
[        ] Transforming commons-compress-1.20.jar (org.apache.commons:commons-compress:1.20) with ExternalDependencyInstrumentingArtifactTransform
[        ] Transforming httpclient-4.5.13.jar (org.apache.httpcomponents:httpclient:4.5.13) with ExternalDependencyInstrumentingArtifactTransform
[        ] Transforming javax.activation-1.2.0.jar (com.sun.activation:javax.activation:1.2.0) with ExternalDependencyInstrumentingArtifactTransform
[        ] Transforming kotlin-stdlib-jdk7-1.7.10.jar (org.jetbrains.kotlin:kotlin-stdlib-jdk7:1.7.10) with MergeInstrumentationAnalysisTransform
[        ] Transforming proto-google-common-protos-2.0.1.jar (com.google.api.grpc:proto-google-common-protos:2.0.1) with ExternalDependencyInstrumentingArtifactTransform
[        ] Transforming kotlin-stdlib-jdk7-1.7.10.jar (org.jetbrains.kotlin:kotlin-stdlib-jdk7:1.7.10) with ExternalDependencyInstrumentingArtifactTransform
[        ] Transforming tink-1.3.0-rc2.jar (com.google.crypto.tink:tink:1.3.0-rc2) with ExternalDependencyInstrumentingArtifactTransform
[        ] Transforming protos-30.4.0.jar (com.android.tools.analytics-library:protos:30.4.0) with ExternalDependencyInstrumentingArtifactTransform
[        ] Transforming protobuf-java-util-3.17.2.jar (com.google.protobuf:protobuf-java-util:3.17.2) with ExternalDependencyInstrumentingArtifactTransform
[        ] Transforming grpc-protobuf-1.39.0.jar (io.grpc:grpc-protobuf:1.39.0) with ExternalDependencyInstrumentingArtifactTransform
[        ] Transforming kotlin-stdlib-1.7.10.jar (org.jetbrains.kotlin:kotlin-stdlib:1.7.10) with InstrumentationAnalysisTransform
[        ] Transforming httpcore-4.4.13.jar (org.apache.httpcomponents:httpcore:4.4.13) with ExternalDependencyInstrumentingArtifactTransform
[        ] Transforming kotlin-stdlib-1.7.10.jar (org.jetbrains.kotlin:kotlin-stdlib:1.7.10) with MergeInstrumentationAnalysisTransform
[        ] Transforming annotations-13.0.jar (org.jetbrains:annotations:13.0) with InstrumentationAnalysisTransform
[        ] Transforming annotations-13.0.jar (org.jetbrains:annotations:13.0) with MergeInstrumentationAnalysisTransform
[        ] Transforming signflinger-7.4.0.jar (com.android:signflinger:7.4.0) with InstrumentationAnalysisTransform
[        ] Transforming signflinger-7.4.0.jar (com.android:signflinger:7.4.0) with MergeInstrumentationAnalysisTransform
[        ] Transforming zipflinger-7.4.0.jar (com.android:zipflinger:7.4.0) with InstrumentationAnalysisTransform
[        ] Transforming zipflinger-7.4.0.jar (com.android:zipflinger:7.4.0) with MergeInstrumentationAnalysisTransform
[        ] Transforming kotlin-stdlib-1.7.10.jar (org.jetbrains.kotlin:kotlin-stdlib:1.7.10) with ExternalDependencyInstrumentingArtifactTransform
[        ] Transforming annotations-13.0.jar (org.jetbrains:annotations:13.0) with ExternalDependencyInstrumentingArtifactTransform
[        ] Transforming signflinger-7.4.0.jar (com.android:signflinger:7.4.0) with ExternalDependencyInstrumentingArtifactTransform
[        ] Transforming zipflinger-7.4.0.jar (com.android:zipflinger:7.4.0) with ExternalDependencyInstrumentingArtifactTransform
[        ] Transforming annotations-30.4.0.jar (com.android.tools:annotations:30.4.0) with InstrumentationAnalysisTransform
[        ] Transforming annotations-30.4.0.jar (com.android.tools:annotations:30.4.0) with MergeInstrumentationAnalysisTransform
[        ] Transforming jna-platform-5.6.0.jar (net.java.dev.jna:jna-platform:5.6.0) with InstrumentationAnalysisTransform
[        ] Transforming jna-platform-5.6.0.jar (net.java.dev.jna:jna-platform:5.6.0) with MergeInstrumentationAnalysisTransform
[        ] Transforming juniversalchardet-1.0.3.jar (com.googlecode.juniversalchardet:juniversalchardet:1.0.3) with InstrumentationAnalysisTransform
[        ] Transforming juniversalchardet-1.0.3.jar (com.googlecode.juniversalchardet:juniversalchardet:1.0.3) with MergeInstrumentationAnalysisTransform
[        ] Transforming javax.annotation-api-1.3.2.jar (javax.annotation:javax.annotation-api:1.3.2) with InstrumentationAnalysisTransform
[        ] Transforming javax.annotation-api-1.3.2.jar (javax.annotation:javax.annotation-api:1.3.2) with MergeInstrumentationAnalysisTransform
[        ] Transforming stax-ex-1.8.1.jar (org.jvnet.staxex:stax-ex:1.8.1) with InstrumentationAnalysisTransform
[   +5 ms] Transforming stax-ex-1.8.1.jar (org.jvnet.staxex:stax-ex:1.8.1) with MergeInstrumentationAnalysisTransform
[        ] Transforming jakarta.xml.bind-api-2.3.2.jar (jakarta.xml.bind:jakarta.xml.bind-api:2.3.2) with InstrumentationAnalysisTransform
[        ] Transforming jakarta.xml.bind-api-2.3.2.jar (jakarta.xml.bind:jakarta.xml.bind-api:2.3.2) with MergeInstrumentationAnalysisTransform
[        ] Transforming txw2-2.3.2.jar (org.glassfish.jaxb:txw2:2.3.2) with InstrumentationAnalysisTransform
[        ] Transforming txw2-2.3.2.jar (org.glassfish.jaxb:txw2:2.3.2) with MergeInstrumentationAnalysisTransform
[        ] Transforming istack-commons-runtime-3.0.8.jar (com.sun.istack:istack-commons-runtime:3.0.8) with InstrumentationAnalysisTransform
[        ] Transforming istack-commons-runtime-3.0.8.jar (com.sun.istack:istack-commons-runtime:3.0.8) with MergeInstrumentationAnalysisTransform
[        ] Transforming FastInfoset-1.2.16.jar (com.sun.xml.fastinfoset:FastInfoset:1.2.16) with InstrumentationAnalysisTransform
[        ] Transforming FastInfoset-1.2.16.jar (com.sun.xml.fastinfoset:FastInfoset:1.2.16) with MergeInstrumentationAnalysisTransform
[        ] Transforming jakarta.activation-api-1.2.1.jar (jakarta.activation:jakarta.activation-api:1.2.1) with InstrumentationAnalysisTransform
[        ] Transforming jakarta.activation-api-1.2.1.jar (jakarta.activation:jakarta.activation-api:1.2.1) with MergeInstrumentationAnalysisTransform
[        ] Transforming auto-value-annotations-1.6.2.jar (com.google.auto.value:auto-value-annotations:1.6.2) with InstrumentationAnalysisTransform
[        ] Transforming auto-value-annotations-1.6.2.jar (com.google.auto.value:auto-value-annotations:1.6.2) with MergeInstrumentationAnalysisTransform
[        ] Transforming error_prone_annotations-2.4.0.jar (com.google.errorprone:error_prone_annotations:2.4.0) with InstrumentationAnalysisTransform
[        ] Transforming error_prone_annotations-2.4.0.jar (com.google.errorprone:error_prone_annotations:2.4.0) with MergeInstrumentationAnalysisTransform
[        ] Transforming jose4j-0.7.0.jar (org.bitbucket.b_c:jose4j:0.7.0) with InstrumentationAnalysisTransform
[        ] Transforming jna-platform-5.6.0.jar (net.java.dev.jna:jna-platform:5.6.0) with ExternalDependencyInstrumentingArtifactTransform
[        ] Transforming jose4j-0.7.0.jar (org.bitbucket.b_c:jose4j:0.7.0) with MergeInstrumentationAnalysisTransform
[        ] Transforming javax.annotation-api-1.3.2.jar (javax.annotation:javax.annotation-api:1.3.2) with ExternalDependencyInstrumentingArtifactTransform
[        ] Transforming annotations-30.4.0.jar (com.android.tools:annotations:30.4.0) with ExternalDependencyInstrumentingArtifactTransform
[        ] Transforming jakarta.xml.bind-api-2.3.2.jar (jakarta.xml.bind:jakarta.xml.bind-api:2.3.2) with ExternalDependencyInstrumentingArtifactTransform
[        ] Transforming istack-commons-runtime-3.0.8.jar (com.sun.istack:istack-commons-runtime:3.0.8) with ExternalDependencyInstrumentingArtifactTransform
[        ] Transforming FastInfoset-1.2.16.jar (com.sun.xml.fastinfoset:FastInfoset:1.2.16) with ExternalDependencyInstrumentingArtifactTransform
[        ] Transforming jose4j-0.7.0.jar (org.bitbucket.b_c:jose4j:0.7.0) with ExternalDependencyInstrumentingArtifactTransform
[        ] Transforming juniversalchardet-1.0.3.jar (com.googlecode.juniversalchardet:juniversalchardet:1.0.3) with ExternalDependencyInstrumentingArtifactTransform
[        ] Transforming auto-value-annotations-1.6.2.jar (com.google.auto.value:auto-value-annotations:1.6.2) with ExternalDependencyInstrumentingArtifactTransform
[        ] Transforming jakarta.activation-api-1.2.1.jar (jakarta.activation:jakarta.activation-api:1.2.1) with ExternalDependencyInstrumentingArtifactTransform
[        ] Transforming txw2-2.3.2.jar (org.glassfish.jaxb:txw2:2.3.2) with ExternalDependencyInstrumentingArtifactTransform
[        ] Transforming stax-ex-1.8.1.jar (org.jvnet.staxex:stax-ex:1.8.1) with ExternalDependencyInstrumentingArtifactTransform
[        ] Transforming slf4j-api-1.7.30.jar (org.slf4j:slf4j-api:1.7.30) with InstrumentationAnalysisTransform
[        ] Transforming slf4j-api-1.7.30.jar (org.slf4j:slf4j-api:1.7.30) with MergeInstrumentationAnalysisTransform
[        ] Transforming jdom2-2.0.6.jar (org.jdom:jdom2:2.0.6) with InstrumentationAnalysisTransform
[        ] Transforming jdom2-2.0.6.jar (org.jdom:jdom2:2.0.6) with MergeInstrumentationAnalysisTransform
[        ] Transforming annotations-4.1.1.4.jar (com.google.android:annotations:4.1.1.4) with InstrumentationAnalysisTransform
[        ] Transforming annotations-4.1.1.4.jar (com.google.android:annotations:4.1.1.4) with MergeInstrumentationAnalysisTransform
[        ] Transforming animal-sniffer-annotations-1.19.jar (org.codehaus.mojo:animal-sniffer-annotations:1.19) with InstrumentationAnalysisTransform
[        ] Transforming error_prone_annotations-2.4.0.jar (com.google.errorprone:error_prone_annotations:2.4.0) with ExternalDependencyInstrumentingArtifactTransform
[        ] Transforming slf4j-api-1.7.30.jar (org.slf4j:slf4j-api:1.7.30) with ExternalDependencyInstrumentingArtifactTransform
[        ] Transforming annotations-4.1.1.4.jar (com.google.android:annotations:4.1.1.4) with ExternalDependencyInstrumentingArtifactTransform
[        ] Transforming animal-sniffer-annotations-1.19.jar (org.codehaus.mojo:animal-sniffer-annotations:1.19) with MergeInstrumentationAnalysisTransform
[        ] Transforming jdom2-2.0.6.jar (org.jdom:jdom2:2.0.6) with ExternalDependencyInstrumentingArtifactTransform
[        ] Transforming perfmark-api-0.23.0.jar (io.perfmark:perfmark-api:0.23.0) with InstrumentationAnalysisTransform
[        ] Transforming perfmark-api-0.23.0.jar (io.perfmark:perfmark-api:0.23.0) with MergeInstrumentationAnalysisTransform
[        ] Transforming animal-sniffer-annotations-1.19.jar (org.codehaus.mojo:animal-sniffer-annotations:1.19) with ExternalDependencyInstrumentingArtifactTransform
[        ] Transforming netty-codec-http2-4.1.52.Final.jar (io.netty:netty-codec-http2:4.1.52.Final) with InstrumentationAnalysisTransform
[        ] Transforming netty-codec-http2-4.1.52.Final.jar (io.netty:netty-codec-http2:4.1.52.Final) with MergeInstrumentationAnalysisTransform
[        ] Transforming netty-handler-proxy-4.1.52.Final.jar (io.netty:netty-handler-proxy:4.1.52.Final) with InstrumentationAnalysisTransform
[        ] Transforming perfmark-api-0.23.0.jar (io.perfmark:perfmark-api:0.23.0) with ExternalDependencyInstrumentingArtifactTransform
[        ] Transforming netty-handler-proxy-4.1.52.Final.jar (io.netty:netty-handler-proxy:4.1.52.Final) with MergeInstrumentationAnalysisTransform
[        ] Transforming netty-codec-http2-4.1.52.Final.jar (io.netty:netty-codec-http2:4.1.52.Final) with ExternalDependencyInstrumentingArtifactTransform
[        ] Transforming jsr305-3.0.2.jar (com.google.code.findbugs:jsr305:3.0.2) with InstrumentationAnalysisTransform
[        ] Transforming netty-handler-proxy-4.1.52.Final.jar (io.netty:netty-handler-proxy:4.1.52.Final) with ExternalDependencyInstrumentingArtifactTransform
[        ] Transforming jsr305-3.0.2.jar (com.google.code.findbugs:jsr305:3.0.2) with MergeInstrumentationAnalysisTransform
[        ] Transforming json-20180813.jar (org.json:json:20180813) with InstrumentationAnalysisTransform
[        ] Transforming json-20180813.jar (org.json:json:20180813) with MergeInstrumentationAnalysisTransform
[        ] Transforming checker-qual-3.5.0.jar (org.checkerframework:checker-qual:3.5.0) with InstrumentationAnalysisTransform
[        ] Transforming jsr305-3.0.2.jar (com.google.code.findbugs:jsr305:3.0.2) with ExternalDependencyInstrumentingArtifactTransform
[        ] Transforming json-20180813.jar (org.json:json:20180813) with ExternalDependencyInstrumentingArtifactTransform
[        ] Transforming checker-qual-3.5.0.jar (org.checkerframework:checker-qual:3.5.0) with MergeInstrumentationAnalysisTransform
[        ] Transforming commons-codec-1.11.jar (commons-codec:commons-codec:1.11) with InstrumentationAnalysisTransform
[        ] Transforming commons-codec-1.11.jar (commons-codec:commons-codec:1.11) with MergeInstrumentationAnalysisTransform
[        ] Transforming apksig-7.4.0.jar (com.android.tools.build:apksig:7.4.0) with InstrumentationAnalysisTransform
[        ] Transforming apksig-7.4.0.jar (com.android.tools.build:apksig:7.4.0) with MergeInstrumentationAnalysisTransform
[        ] Transforming javawriter-2.5.0.jar (com.squareup:javawriter:2.5.0) with InstrumentationAnalysisTransform
[        ] Transforming javawriter-2.5.0.jar (com.squareup:javawriter:2.5.0) with MergeInstrumentationAnalysisTransform
[        ] Transforming failureaccess-1.0.1.jar (com.google.guava:failureaccess:1.0.1) with InstrumentationAnalysisTransform
[        ] Transforming failureaccess-1.0.1.jar (com.google.guava:failureaccess:1.0.1) with MergeInstrumentationAnalysisTransform
[        ] Transforming listenablefuture-9999.0-empty-to-avoid-conflict-with-guava.jar (com.google.guava:listenablefuture:9999.0-empty-to-avoid-conflict-with-guava) with InstrumentationAnalysisTransform
[        ] Transforming listenablefuture-9999.0-empty-to-avoid-conflict-with-guava.jar (com.google.guava:listenablefuture:9999.0-empty-to-avoid-conflict-with-guava) with MergeInstrumentationAnalysisTransform
[        ] Transforming j2objc-annotations-1.3.jar (com.google.j2objc:j2objc-annotations:1.3) with InstrumentationAnalysisTransform
[        ] Transforming j2objc-annotations-1.3.jar (com.google.j2objc:j2objc-annotations:1.3) with MergeInstrumentationAnalysisTransform
[        ] Transforming xml-apis-1.4.01.jar (xml-apis:xml-apis:1.4.01) with InstrumentationAnalysisTransform
[        ] Transforming xml-apis-1.4.01.jar (xml-apis:xml-apis:1.4.01) with MergeInstrumentationAnalysisTransform
[        ] Transforming commons-logging-1.2.jar (commons-logging:commons-logging:1.2) with InstrumentationAnalysisTransform
[        ] Transforming commons-logging-1.2.jar (commons-logging:commons-logging:1.2) with MergeInstrumentationAnalysisTransform
[        ] Transforming jna-5.6.0.jar (net.java.dev.jna:jna:5.6.0) with InstrumentationAnalysisTransform
[        ] Transforming jna-5.6.0.jar (net.java.dev.jna:jna:5.6.0) with MergeInstrumentationAnalysisTransform
[        ] Transforming kotlin-stdlib-common-1.7.10.jar (org.jetbrains.kotlin:kotlin-stdlib-common:1.7.10) with InstrumentationAnalysisTransform
[        ] Transforming kotlin-stdlib-common-1.7.10.jar (org.jetbrains.kotlin:kotlin-stdlib-common:1.7.10) with MergeInstrumentationAnalysisTransform
[        ] Transforming grpc-context-1.39.0.jar (io.grpc:grpc-context:1.39.0) with InstrumentationAnalysisTransform
[        ] Transforming grpc-context-1.39.0.jar (io.grpc:grpc-context:1.39.0) with MergeInstrumentationAnalysisTransform
[        ] Transforming netty-codec-http-4.1.52.Final.jar (io.netty:netty-codec-http:4.1.52.Final) with InstrumentationAnalysisTransform
[        ] Transforming netty-codec-http-4.1.52.Final.jar (io.netty:netty-codec-http:4.1.52.Final) with MergeInstrumentationAnalysisTransform
[        ] Transforming netty-handler-4.1.52.Final.jar (io.netty:netty-handler:4.1.52.Final) with InstrumentationAnalysisTransform
[        ] Transforming netty-handler-4.1.52.Final.jar (io.netty:netty-handler:4.1.52.Final) with MergeInstrumentationAnalysisTransform
[        ] Transforming netty-codec-socks-4.1.52.Final.jar (io.netty:netty-codec-socks:4.1.52.Final) with InstrumentationAnalysisTransform
[        ] Transforming netty-codec-socks-4.1.52.Final.jar (io.netty:netty-codec-socks:4.1.52.Final) with MergeInstrumentationAnalysisTransform
[        ] Transforming netty-codec-4.1.52.Final.jar (io.netty:netty-codec:4.1.52.Final) with InstrumentationAnalysisTransform
[        ] Transforming netty-codec-4.1.52.Final.jar (io.netty:netty-codec:4.1.52.Final) with MergeInstrumentationAnalysisTransform
[        ] Transforming netty-transport-4.1.52.Final.jar (io.netty:netty-transport:4.1.52.Final) with InstrumentationAnalysisTransform
[        ] Transforming netty-transport-4.1.52.Final.jar (io.netty:netty-transport:4.1.52.Final) with MergeInstrumentationAnalysisTransform
[        ] Transforming netty-buffer-4.1.52.Final.jar (io.netty:netty-buffer:4.1.52.Final) with InstrumentationAnalysisTransform
[        ] Transforming netty-buffer-4.1.52.Final.jar (io.netty:netty-buffer:4.1.52.Final) with MergeInstrumentationAnalysisTransform
[        ] Transforming netty-resolver-4.1.52.Final.jar (io.netty:netty-resolver:4.1.52.Final) with InstrumentationAnalysisTransform
[        ] Transforming netty-resolver-4.1.52.Final.jar (io.netty:netty-resolver:4.1.52.Final) with MergeInstrumentationAnalysisTransform
[        ] Transforming netty-common-4.1.52.Final.jar (io.netty:netty-common:4.1.52.Final) with InstrumentationAnalysisTransform
[        ] Transforming netty-common-4.1.52.Final.jar (io.netty:netty-common:4.1.52.Final) with MergeInstrumentationAnalysisTransform
[        ] Transforming checker-qual-3.5.0.jar (org.checkerframework:checker-qual:3.5.0) with ExternalDependencyInstrumentingArtifactTransform
[        ] Transforming commons-codec-1.11.jar (commons-codec:commons-codec:1.11) with ExternalDependencyInstrumentingArtifactTransform
[        ] Transforming apksig-7.4.0.jar (com.android.tools.build:apksig:7.4.0) with ExternalDependencyInstrumentingArtifactTransform
[        ] Transforming javawriter-2.5.0.jar (com.squareup:javawriter:2.5.0) with ExternalDependencyInstrumentingArtifactTransform
[        ] Transforming failureaccess-1.0.1.jar (com.google.guava:failureaccess:1.0.1) with ExternalDependencyInstrumentingArtifactTransform
[        ] Transforming listenablefuture-9999.0-empty-to-avoid-conflict-with-guava.jar (com.google.guava:listenablefuture:9999.0-empty-to-avoid-conflict-with-guava) with ExternalDependencyInstrumentingArtifactTransform
[        ] Transforming j2objc-annotations-1.3.jar (com.google.j2objc:j2objc-annotations:1.3) with ExternalDependencyInstrumentingArtifactTransform
[        ] Transforming xml-apis-1.4.01.jar (xml-apis:xml-apis:1.4.01) with ExternalDependencyInstrumentingArtifactTransform
[        ] Transforming commons-logging-1.2.jar (commons-logging:commons-logging:1.2) with ExternalDependencyInstrumentingArtifactTransform
[        ] Transforming jna-5.6.0.jar (net.java.dev.jna:jna:5.6.0) with ExternalDependencyInstrumentingArtifactTransform
[        ] Transforming kotlin-stdlib-common-1.7.10.jar (org.jetbrains.kotlin:kotlin-stdlib-common:1.7.10) with ExternalDependencyInstrumentingArtifactTransform
[        ] Transforming grpc-context-1.39.0.jar (io.grpc:grpc-context:1.39.0) with ExternalDependencyInstrumentingArtifactTransform
[        ] Transforming netty-codec-http-4.1.52.Final.jar (io.netty:netty-codec-http:4.1.52.Final) with ExternalDependencyInstrumentingArtifactTransform
[        ] Transforming netty-handler-4.1.52.Final.jar (io.netty:netty-handler:4.1.52.Final) with ExternalDependencyInstrumentingArtifactTransform
[   +9 ms] Transforming netty-codec-socks-4.1.52.Final.jar (io.netty:netty-codec-socks:4.1.52.Final) with ExternalDependencyInstrumentingArtifactTransform
[        ] Transforming netty-codec-4.1.52.Final.jar (io.netty:netty-codec:4.1.52.Final) with ExternalDependencyInstrumentingArtifactTransform
[        ] Transforming netty-transport-4.1.52.Final.jar (io.netty:netty-transport:4.1.52.Final) with ExternalDependencyInstrumentingArtifactTransform
[        ] Transforming netty-buffer-4.1.52.Final.jar (io.netty:netty-buffer:4.1.52.Final) with ExternalDependencyInstrumentingArtifactTransform
[        ] Transforming netty-resolver-4.1.52.Final.jar (io.netty:netty-resolver:4.1.52.Final) with ExternalDependencyInstrumentingArtifactTransform
[        ] Transforming netty-common-4.1.52.Final.jar (io.netty:netty-common:4.1.52.Final) with ExternalDependencyInstrumentingArtifactTransform
[        ] Build was configured to prefer settings repositories over project repositories but repository 'Google13' was added by build file 'C:\Users\jakao\AppData\Local\Pub\Cache\hosted\pub.dev\vibration-2.1.0\android\build.gradle'
[        ] Build was configured to prefer settings repositories over project repositories but repository 'MavenRepo13' was added by build file 'C:\Users\jakao\AppData\Local\Pub\Cache\hosted\pub.dev\vibration-2.1.0\android\build.gradle'
[        ] Build was configured to prefer settings repositories over project repositories but repository 'Google13' was added by build file 'C:\Users\jakao\AppData\Local\Pub\Cache\hosted\pub.dev\vibration-2.1.0\android\build.gradle'
[        ] Build was configured to prefer settings repositories over project repositories but repository 'MavenRepo13' was added by build file 'C:\Users\jakao\AppData\Local\Pub\Cache\hosted\pub.dev\vibration-2.1.0\android\build.gradle'
[        ] Build was configured to prefer settings repositories over project repositories but repository 'Google13' was added by build file 'C:\Users\jakao\AppData\Local\Pub\Cache\hosted\pub.dev\vibration-2.1.0\android\build.gradle'
[        ] Build was configured to prefer settings repositories over project repositories but repository 'MavenRepo13' was added by build file 'C:\Users\jakao\AppData\Local\Pub\Cache\hosted\pub.dev\vibration-2.1.0\android\build.gradle'
[        ] Build was configured to prefer settings repositories over project repositories but repository 'Google13' was added by build file 'C:\Users\jakao\AppData\Local\Pub\Cache\hosted\pub.dev\vibration-2.1.0\android\build.gradle'
[        ] Build was configured to prefer settings repositories over project repositories but repository 'MavenRepo13' was added by build file 'C:\Users\jakao\AppData\Local\Pub\Cache\hosted\pub.dev\vibration-2.1.0\android\build.gradle'
[        ] Build was configured to prefer settings repositories over project repositories but repository 'Google13' was added by build file 'C:\Users\jakao\AppData\Local\Pub\Cache\hosted\pub.dev\vibration-2.1.0\android\build.gradle'
[        ] Build was configured to prefer settings repositories over project repositories but repository 'MavenRepo13' was added by build file 'C:\Users\jakao\AppData\Local\Pub\Cache\hosted\pub.dev\vibration-2.1.0\android\build.gradle'
[        ] Build was configured to prefer settings repositories over project repositories but repository 'Google13' was added by build file 'C:\Users\jakao\AppData\Local\Pub\Cache\hosted\pub.dev\vibration-2.1.0\android\build.gradle'
[        ] Build was configured to prefer settings repositories over project repositories but repository 'MavenRepo13' was added by build file 'C:\Users\jakao\AppData\Local\Pub\Cache\hosted\pub.dev\vibration-2.1.0\android\build.gradle'
[        ] Build was configured to prefer settings repositories over project repositories but repository 'Google14' was added by build file 'C:\Users\jakao\AppData\Local\Pub\Cache\hosted\pub.dev\vibration-2.1.0\android\build.gradle'
[        ] Build was configured to prefer settings repositories over project repositories but repository 'MavenRepo14' was added by build file 'C:\Users\jakao\AppData\Local\Pub\Cache\hosted\pub.dev\vibration-2.1.0\android\build.gradle'
[        ] Build was configured to prefer settings repositories over project repositories but repository 'Google13' was added by build file 'C:\Users\jakao\AppData\Local\Pub\Cache\hosted\pub.dev\vibration-2.1.0\android\build.gradle'
[        ] Build was configured to prefer settings repositories over project repositories but repository 'MavenRepo13' was added by build file 'C:\Users\jakao\AppData\Local\Pub\Cache\hosted\pub.dev\vibration-2.1.0\android\build.gradle'
[        ] Build was configured to prefer settings repositories over project repositories but repository 'Google13' was added by build file 'C:\Users\jakao\AppData\Local\Pub\Cache\hosted\pub.dev\vibration-2.1.0\android\build.gradle'
[        ] Build was configured to prefer settings repositories over project repositories but repository 'MavenRepo13' was added by build file 'C:\Users\jakao\AppData\Local\Pub\Cache\hosted\pub.dev\vibration-2.1.0\android\build.gradle'
[        ] Build was configured to prefer settings repositories over project repositories but repository 'Google13' was added by build file 'C:\Users\jakao\AppData\Local\Pub\Cache\hosted\pub.dev\vibration-2.1.0\android\build.gradle'
[        ] Build was configured to prefer settings repositories over project repositories but repository 'MavenRepo13' was added by build file 'C:\Users\jakao\AppData\Local\Pub\Cache\hosted\pub.dev\vibration-2.1.0\android\build.gradle'
[        ] Build was configured to prefer settings repositories over project repositories but repository 'Google13' was added by build file 'C:\Users\jakao\AppData\Local\Pub\Cache\hosted\pub.dev\vibration-2.1.0\android\build.gradle'
[        ] Build was configured to prefer settings repositories over project repositories but repository 'MavenRepo13' was added by build file 'C:\Users\jakao\AppData\Local\Pub\Cache\hosted\pub.dev\vibration-2.1.0\android\build.gradle'
[        ] Build was configured to prefer settings repositories over project repositories but repository 'Google13' was added by build file 'C:\Users\jakao\AppData\Local\Pub\Cache\hosted\pub.dev\vibration-2.1.0\android\build.gradle'
[        ] Build was configured to prefer settings repositories over project repositories but repository 'MavenRepo13' was added by build file 'C:\Users\jakao\AppData\Local\Pub\Cache\hosted\pub.dev\vibration-2.1.0\android\build.gradle'
[        ] Build was configured to prefer settings repositories over project repositories but repository 'Google13' was added by build file 'C:\Users\jakao\AppData\Local\Pub\Cache\hosted\pub.dev\vibration-2.1.0\android\build.gradle'
[        ] Build was configured to prefer settings repositories over project repositories but repository 'MavenRepo13' was added by build file 'C:\Users\jakao\AppData\Local\Pub\Cache\hosted\pub.dev\vibration-2.1.0\android\build.gradle'
[        ] Build was configured to prefer settings repositories over project repositories but repository 'Google13' was added by build file 'C:\Users\jakao\AppData\Local\Pub\Cache\hosted\pub.dev\vibration-2.1.0\android\build.gradle'
[        ] Build was configured to prefer settings repositories over project repositories but repository 'MavenRepo13' was added by build file 'C:\Users\jakao\AppData\Local\Pub\Cache\hosted\pub.dev\vibration-2.1.0\android\build.gradle'
[        ] Build was configured to prefer settings repositories over project repositories but repository 'Google13' was added by build file 'C:\Users\jakao\AppData\Local\Pub\Cache\hosted\pub.dev\vibration-2.1.0\android\build.gradle'
[        ] Build was configured to prefer settings repositories over project repositories but repository 'MavenRepo13' was added by build file 'C:\Users\jakao\AppData\Local\Pub\Cache\hosted\pub.dev\vibration-2.1.0\android\build.gradle'
[        ] Using default execution profile
[        ] All projects evaluated.
[ +434 ms] Task name matched 'bundleRelease'
[        ] Selected primary task 'bundleRelease' from project :
[ +410 ms] WARNING: We recommend using a newer Android Gradle plugin to use compileSdk = 36
[        ] This Android Gradle plugin (8.7.3) was tested up to compileSdk = 35.
[        ] You are strongly encouraged to update your project to use a newer
[        ] Android Gradle plugin that has been tested with compileSdk = 36.
[        ] If you are already using the latest version of the Android Gradle plugin,
[        ] you may need to wait until a newer version with support for compileSdk = 36 is available.
[        ] For more information refer to the compatibility table:
[        ] https://d.android.com/r/tools/api-level-support
[        ] To suppress this warning, add/update
[        ]     android.suppressUnsupportedCompileSdk=36
[        ] to this project's gradle.properties.
[ +285 ms] Tasks to be executed: [task ':app:preBuild', task ':app:preReleaseBuild', task ':app:generateReleaseFeatureMetadata', task ':device_info_plus:checkKotlinGradlePluginConfigurationErrors', task ':device_info_plus:preBuild', task ':device_info_plus:preReleaseBuild', task ':device_info_plus:generateReleaseBuildConfig', task ':device_info_plus:generateReleaseResValues', task ':device_info_plus:generateReleaseResources', task ':device_info_plus:packageReleaseResources', task ':device_info_plus:parseReleaseLocalResources', task ':device_info_plus:generateReleaseRFile', task ':device_info_plus:compileReleaseKotlin', task ':device_info_plus:javaPreCompileRelease', task ':device_info_plus:compileReleaseJavaWithJavac', task ':device_info_plus:mergeReleaseGeneratedProguardFiles', task ':device_info_plus:exportReleaseConsumerProguardFiles', task ':file_picker:preBuild', task ':file_picker:preReleaseBuild', task ':file_picker:generateReleaseBuildConfig', task ':file_picker:generateReleaseResValues', task ':file_picker:generateReleaseResources', task ':file_picker:packageReleaseResources', task ':file_picker:parseReleaseLocalResources', task ':flutter_plugin_android_lifecycle:preBuild', task ':flutter_plugin_android_lifecycle:preReleaseBuild', task ':flutter_plugin_android_lifecycle:generateReleaseResValues', task ':flutter_plugin_android_lifecycle:generateReleaseResources', task ':flutter_plugin_android_lifecycle:packageReleaseResources', task ':flutter_plugin_android_lifecycle:parseReleaseLocalResources', task ':flutter_plugin_android_lifecycle:generateReleaseRFile', task ':file_picker:generateReleaseRFile', task ':file_picker:javaPreCompileRelease', task ':flutter_plugin_android_lifecycle:generateReleaseBuildConfig', task ':flutter_plugin_android_lifecycle:javaPreCompileRelease', task ':flutter_plugin_android_lifecycle:compileReleaseJavaWithJavac', task ':flutter_plugin_android_lifecycle:bundleLibCompileToJarRelease', task ':file_picker:compileReleaseJavaWithJavac', task ':file_picker:mergeReleaseGeneratedProguardFiles', task ':file_picker:exportReleaseConsumerProguardFiles', task ':image_picker_android:preBuild', task ':image_picker_android:preReleaseBuild', task ':image_picker_android:generateReleaseBuildConfig', task ':image_picker_android:generateReleaseResValues', task ':image_picker_android:generateReleaseResources', task ':image_picker_android:packageReleaseResources', task ':image_picker_android:parseReleaseLocalResources', task ':image_picker_android:generateReleaseRFile', task ':image_picker_android:javaPreCompileRelease', task ':image_picker_android:compileReleaseJavaWithJavac', task ':image_picker_android:mergeReleaseGeneratedProguardFiles', task ':image_picker_android:exportReleaseConsumerProguardFiles', task ':flutter_plugin_android_lifecycle:mergeReleaseGeneratedProguardFiles', task ':flutter_plugin_android_lifecycle:exportReleaseConsumerProguardFiles', task ':mobile_scanner:checkKotlinGradlePluginConfigurationErrors', task ':mobile_scanner:preBuild', task ':mobile_scanner:preReleaseBuild', task ':mobile_scanner:generateReleaseBuildConfig', task ':mobile_scanner:generateReleaseResValues', task ':mobile_scanner:generateReleaseResources', task ':mobile_scanner:packageReleaseResources', task ':mobile_scanner:parseReleaseLocalResources', task ':mobile_scanner:generateReleaseRFile', task ':mobile_scanner:compileReleaseKotlin', task ':mobile_scanner:javaPreCompileRelease', task ':mobile_scanner:compileReleaseJavaWithJavac', task ':mobile_scanner:mergeReleaseGeneratedProguardFiles', task ':mobile_scanner:exportReleaseConsumerProguardFiles', task ':package_info_plus:checkKotlinGradlePluginConfigurationErrors', task ':package_info_plus:preBuild', task ':package_info_plus:preReleaseBuild', task ':package_info_plus:generateReleaseBuildConfig', task ':package_info_plus:generateReleaseResValues', task ':package_info_plus:generateReleaseResources', task ':package_info_plus:packageReleaseResources', task ':package_info_plus:parseReleaseLocalResources', task ':package_info_plus:generateReleaseRFile', task ':package_info_plus:compileReleaseKotlin', task ':package_info_plus:javaPreCompileRelease', task ':package_info_plus:compileReleaseJavaWithJavac', task ':package_info_plus:mergeReleaseGeneratedProguardFiles', task ':package_info_plus:exportReleaseConsumerProguardFiles', task ':path_provider_android:preBuild', task ':path_provider_android:preReleaseBuild', task ':path_provider_android:generateReleaseBuildConfig', task ':path_provider_android:generateReleaseResValues', task ':path_provider_android:generateReleaseResources', task ':path_provider_android:packageReleaseResources', task ':path_provider_android:parseReleaseLocalResources', task ':path_provider_android:generateReleaseRFile', task ':path_provider_android:javaPreCompileRelease', task ':path_provider_android:compileReleaseJavaWithJavac', task ':path_provider_android:mergeReleaseGeneratedProguardFiles', task ':path_provider_android:exportReleaseConsumerProguardFiles', task ':printing:preBuild', task ':printing:preReleaseBuild', task ':printing:generateReleaseBuildConfig', task ':printing:generateReleaseResValues', task ':printing:generateReleaseResources', task ':printing:packageReleaseResources', task ':printing:parseReleaseLocalResources', task ':printing:generateReleaseRFile', task ':printing:javaPreCompileRelease', task ':printing:compileReleaseJavaWithJavac', task ':printing:mergeReleaseGeneratedProguardFiles', task ':printing:exportReleaseConsumerProguardFiles', task ':share_plus:checkKotlinGradlePluginConfigurationErrors', task ':share_plus:preBuild', task ':share_plus:preReleaseBuild', task ':share_plus:generateReleaseBuildConfig', task ':share_plus:generateReleaseResValues', task ':share_plus:generateReleaseResources', task ':share_plus:packageReleaseResources', task ':share_plus:parseReleaseLocalResources', task ':share_plus:generateReleaseRFile', task ':share_plus:compileReleaseKotlin', task ':share_plus:javaPreCompileRelease', task ':share_plus:compileReleaseJavaWithJavac', task ':share_plus:mergeReleaseGeneratedProguardFiles', task ':share_plus:exportReleaseConsumerProguardFiles', task ':shared_preferences_android:checkKotlinGradlePluginConfigurationErrors', task ':shared_preferences_android:preBuild', task ':shared_preferences_android:preReleaseBuild', task ':shared_preferences_android:generateReleaseBuildConfig', task ':shared_preferences_android:generateReleaseResValues', task ':shared_preferences_android:generateReleaseResources', task ':shared_preferences_android:packageReleaseResources', task ':shared_preferences_android:parseReleaseLocalResources', task ':shared_preferences_android:generateReleaseRFile', task ':shared_preferences_android:compileReleaseKotlin', task ':shared_preferences_android:javaPreCompileRelease', task ':shared_preferences_android:compileReleaseJavaWithJavac', task ':shared_preferences_android:mergeReleaseGeneratedProguardFiles', task ':shared_preferences_android:exportReleaseConsumerProguardFiles', task ':sqflite_android:preBuild', task ':sqflite_android:preReleaseBuild', task ':sqflite_android:generateReleaseBuildConfig', task ':sqflite_android:generateReleaseResValues', task ':sqflite_android:generateReleaseResources', task ':sqflite_android:packageReleaseResources', task ':sqflite_android:parseReleaseLocalResources', task ':sqflite_android:generateReleaseRFile', task ':sqflite_android:javaPreCompileRelease', task ':sqflite_android:compileReleaseJavaWithJavac', task ':sqflite_android:mergeReleaseGeneratedProguardFiles', task ':sqflite_android:exportReleaseConsumerProguardFiles', task ':url_launcher_android:preBuild', task ':url_launcher_android:preReleaseBuild', task ':url_launcher_android:generateReleaseBuildConfig', task ':url_launcher_android:generateReleaseResValues', task ':url_launcher_android:generateReleaseResources', task ':url_launcher_android:packageReleaseResources', task ':url_launcher_android:parseReleaseLocalResources', task ':url_launcher_android:generateReleaseRFile', task ':url_launcher_android:javaPreCompileRelease', task ':url_launcher_android:compileReleaseJavaWithJavac', task ':url_launcher_android:mergeReleaseGeneratedProguardFiles', task ':url_launcher_android:exportReleaseConsumerProguardFiles', task ':vibration:preBuild', task ':vibration:preReleaseBuild', task ':vibration:generateReleaseBuildConfig', task ':vibration:generateReleaseResValues', task ':vibration:generateReleaseResources', task ':vibration:packageReleaseResources', task ':vibration:parseReleaseLocalResources', task ':vibration:generateReleaseRFile', task ':vibration:javaPreCompileRelease', task ':vibration:compileReleaseJavaWithJavac', task ':vibration:mergeReleaseGeneratedProguardFiles', task ':vibration:exportReleaseConsumerProguardFiles', task ':app:buildKotlinToolingMetadata', task ':app:compileFlutterBuildRelease', task ':app:packJniLibsflutterBuildRelease', task ':app:checkReleaseDuplicateClasses', task ':app:checkKotlinGradlePluginConfigurationErrors', task ':app:generateReleaseBuildConfig', task ':device_info_plus:writeReleaseAarMetadata', task ':file_picker:writeReleaseAarMetadata', task ':flutter_plugin_android_lifecycle:writeReleaseAarMetadata', task ':image_picker_android:writeReleaseAarMetadata', task ':mobile_scanner:writeReleaseAarMetadata', task ':package_info_plus:writeReleaseAarMetadata', task ':path_provider_android:writeReleaseAarMetadata', task ':printing:writeReleaseAarMetadata', task ':share_plus:writeReleaseAarMetadata', task ':shared_preferences_android:writeReleaseAarMetadata', task ':sqflite_android:writeReleaseAarMetadata', task ':url_launcher_android:writeReleaseAarMetadata', task ':vibration:writeReleaseAarMetadata', task ':app:checkReleaseAarMetadata', task ':app:cleanMergeReleaseAssets', task ':app:mergeReleaseShaders', task ':app:compileReleaseShaders', task ':app:generateReleaseAssets', task ':device_info_plus:mergeReleaseShaders', task ':device_info_plus:compileReleaseShaders', task ':device_info_plus:generateReleaseAssets', task ':device_info_plus:packageReleaseAssets', task ':file_picker:mergeReleaseShaders', task ':file_picker:compileReleaseShaders', task ':file_picker:generateReleaseAssets', task ':file_picker:packageReleaseAssets', task ':flutter_plugin_android_lifecycle:mergeReleaseShaders', task ':flutter_plugin_android_lifecycle:compileReleaseShaders', task ':flutter_plugin_android_lifecycle:generateReleaseAssets', task ':flutter_plugin_android_lifecycle:packageReleaseAssets', task ':image_picker_android:mergeReleaseShaders', task ':image_picker_android:compileReleaseShaders', task ':image_picker_android:generateReleaseAssets', task ':image_picker_android:packageReleaseAssets', task ':mobile_scanner:mergeReleaseShaders', task ':mobile_scanner:compileReleaseShaders', task ':mobile_scanner:generateReleaseAssets', task ':mobile_scanner:packageReleaseAssets', task ':package_info_plus:mergeReleaseShaders', task ':package_info_plus:compileReleaseShaders', task ':package_info_plus:generateReleaseAssets', task ':package_info_plus:packageReleaseAssets', task ':path_provider_android:mergeReleaseShaders', task ':path_provider_android:compileReleaseShaders', task ':path_provider_android:generateReleaseAssets', task ':path_provider_android:packageReleaseAssets', task ':printing:mergeReleaseShaders', task ':printing:compileReleaseShaders', task ':printing:generateReleaseAssets', task ':printing:packageReleaseAssets', task ':share_plus:mergeReleaseShaders', task ':share_plus:compileReleaseShaders', task ':share_plus:generateReleaseAssets', task ':share_plus:packageReleaseAssets', task ':shared_preferences_android:mergeReleaseShaders', task ':shared_preferences_android:compileReleaseShaders', task ':shared_preferences_android:generateReleaseAssets', task ':shared_preferences_android:packageReleaseAssets', task ':sqflite_android:mergeReleaseShaders', task ':sqflite_android:compileReleaseShaders', task ':sqflite_android:generateReleaseAssets', task ':sqflite_android:packageReleaseAssets', task ':url_launcher_android:mergeReleaseShaders', task ':url_launcher_android:compileReleaseShaders', task ':url_launcher_android:generateReleaseAssets', task ':url_launcher_android:packageReleaseAssets', task ':vibration:mergeReleaseShaders', task ':vibration:compileReleaseShaders', task ':vibration:generateReleaseAssets', task ':vibration:packageReleaseAssets', task ':app:mergeReleaseAssets', task ':app:copyFlutterAssetsRelease', task ':app:generateReleaseResValues', task ':app:mapReleaseSourceSetPaths', task ':app:generateReleaseResources', task ':app:mergeReleaseResources', task ':app:createReleaseCompatibleScreenManifests', task ':app:extractDeepLinksRelease', task ':device_info_plus:extractDeepLinksRelease', task ':device_info_plus:processReleaseManifest', task ':file_picker:extractDeepLinksRelease', task ':file_picker:processReleaseManifest', task ':flutter_plugin_android_lifecycle:extractDeepLinksRelease', task ':flutter_plugin_android_lifecycle:processReleaseManifest', task ':image_picker_android:extractDeepLinksRelease', task ':image_picker_android:processReleaseManifest', task ':mobile_scanner:extractDeepLinksRelease', task ':mobile_scanner:processReleaseManifest', task ':package_info_plus:extractDeepLinksRelease', task ':package_info_plus:processReleaseManifest', task ':path_provider_android:extractDeepLinksRelease', task ':path_provider_android:processReleaseManifest', task ':printing:extractDeepLinksRelease', task ':printing:processReleaseManifest', task ':share_plus:extractDeepLinksRelease', task ':share_plus:processReleaseManifest', task ':shared_preferences_android:extractDeepLinksRelease', task ':shared_preferences_android:processReleaseManifest', task ':sqflite_android:extractDeepLinksRelease', task ':sqflite_android:processReleaseManifest', task ':url_launcher_android:extractDeepLinksRelease', task ':url_launcher_android:processReleaseManifest', task ':vibration:extractDeepLinksRelease', task ':vibration:processReleaseManifest', task ':app:processReleaseMainManifest', task ':app:processReleaseManifest', task ':app:processReleaseManifestForPackage', task ':app:processReleaseResources', task ':device_info_plus:bundleLibCompileToJarRelease', task ':file_picker:bundleLibCompileToJarRelease', task ':image_picker_android:bundleLibCompileToJarRelease', task ':mobile_scanner:bundleLibCompileToJarRelease', task ':package_info_plus:bundleLibCompileToJarRelease', task ':path_provider_android:bundleLibCompileToJarRelease', task ':printing:bundleLibCompileToJarRelease', task ':share_plus:bundleLibCompileToJarRelease', task ':shared_preferences_android:bundleLibCompileToJarRelease', task ':sqflite_android:bundleLibCompileToJarRelease', task ':url_launcher_android:bundleLibCompileToJarRelease', task ':vibration:bundleLibCompileToJarRelease', task ':app:compileReleaseKotlin', task ':app:javaPreCompileRelease', task ':app:compileReleaseJavaWithJavac', task ':device_info_plus:prepareReleaseArtProfile', task ':file_picker:prepareReleaseArtProfile', task ':flutter_plugin_android_lifecycle:prepareReleaseArtProfile', task ':image_picker_android:prepareReleaseArtProfile', task ':mobile_scanner:prepareReleaseArtProfile', task ':package_info_plus:prepareReleaseArtProfile', task ':path_provider_android:prepareReleaseArtProfile', task ':printing:prepareReleaseArtProfile', task ':share_plus:prepareReleaseArtProfile', task ':shared_preferences_android:prepareReleaseArtProfile', task ':sqflite_android:prepareReleaseArtProfile', task ':url_launcher_android:prepareReleaseArtProfile', task ':vibration:prepareReleaseArtProfile', task ':app:mergeReleaseArtProfile', task ':device_info_plus:bundleLibRuntimeToJarRelease', task ':file_picker:bundleLibRuntimeToJarRelease', task ':flutter_plugin_android_lifecycle:bundleLibRuntimeToJarRelease', task ':image_picker_android:bundleLibRuntimeToJarRelease', task ':mobile_scanner:bundleLibRuntimeToJarRelease', task ':package_info_plus:bundleLibRuntimeToJarRelease', task ':path_provider_android:bundleLibRuntimeToJarRelease', task ':printing:bundleLibRuntimeToJarRelease', task ':share_plus:bundleLibRuntimeToJarRelease', task ':shared_preferences_android:bundleLibRuntimeToJarRelease', task ':sqflite_android:bundleLibRuntimeToJarRelease', task ':url_launcher_android:bundleLibRuntimeToJarRelease', task ':vibration:bundleLibRuntimeToJarRelease', task ':app:expandReleaseArtProfileWildcards', task ':app:extractProguardFiles', task ':app:mergeReleaseGeneratedProguardFiles', task ':app:processReleaseJavaRes', task ':device_info_plus:processReleaseJavaRes', task ':file_picker:processReleaseJavaRes', task ':flutter_plugin_android_lifecycle:processReleaseJavaRes', task ':image_picker_android:processReleaseJavaRes', task ':mobile_scanner:processReleaseJavaRes', task ':package_info_plus:processReleaseJavaRes', task ':path_provider_android:processReleaseJavaRes', task ':printing:processReleaseJavaRes', task ':share_plus:processReleaseJavaRes', task ':shared_preferences_android:processReleaseJavaRes', task ':sqflite_android:processReleaseJavaRes', task ':url_launcher_android:processReleaseJavaRes', task ':vibration:processReleaseJavaRes', task ':app:mergeReleaseJavaResource', task ':app:mergeReleaseStartupProfile', task ':app:minifyReleaseWithR8', task ':app:processApplicationManifestReleaseForBundle', task ':app:bundleReleaseResources', task ':app:extractReleaseVersionControlInfo', task ':app:configureCMakeRelease[arm64-v8a]', task ':app:buildCMakeRelease[arm64-v8a]', task ':app:configureCMakeRelease[armeabi-v7a]', task ':app:buildCMakeRelease[armeabi-v7a]', task ':app:configureCMakeRelease[x86_64]', task ':app:buildCMakeRelease[x86_64]', task ':app:mergeReleaseJniLibFolders', task ':device_info_plus:mergeReleaseJniLibFolders', task ':device_info_plus:mergeReleaseNativeLibs', task ':device_info_plus:copyReleaseJniLibsProjectOnly', task ':file_picker:mergeReleaseJniLibFolders', task ':file_picker:mergeReleaseNativeLibs', task ':file_picker:copyReleaseJniLibsProjectOnly', task ':flutter_plugin_android_lifecycle:mergeReleaseJniLibFolders', task ':flutter_plugin_android_lifecycle:mergeReleaseNativeLibs', task ':flutter_plugin_android_lifecycle:copyReleaseJniLibsProjectOnly', task ':image_picker_android:mergeReleaseJniLibFolders', task ':image_picker_android:mergeReleaseNativeLibs', task ':image_picker_android:copyReleaseJniLibsProjectOnly', task ':mobile_scanner:mergeReleaseJniLibFolders', task ':mobile_scanner:mergeReleaseNativeLibs', task ':mobile_scanner:copyReleaseJniLibsProjectOnly', task ':package_info_plus:mergeReleaseJniLibFolders', task ':package_info_plus:mergeReleaseNativeLibs', task ':package_info_plus:copyReleaseJniLibsProjectOnly', task ':path_provider_android:mergeReleaseJniLibFolders', task ':path_provider_android:mergeReleaseNativeLibs', task ':path_provider_android:copyReleaseJniLibsProjectOnly', task ':printing:mergeReleaseJniLibFolders', task ':printing:mergeReleaseNativeLibs', task ':printing:copyReleaseJniLibsProjectOnly', task ':share_plus:mergeReleaseJniLibFolders', task ':share_plus:mergeReleaseNativeLibs', task ':share_plus:copyReleaseJniLibsProjectOnly', task ':shared_preferences_android:mergeReleaseJniLibFolders', task ':shared_preferences_android:mergeReleaseNativeLibs', task ':shared_preferences_android:copyReleaseJniLibsProjectOnly', task ':sqflite_android:mergeReleaseJniLibFolders', task ':sqflite_android:mergeReleaseNativeLibs', task ':sqflite_android:copyReleaseJniLibsProjectOnly', task ':url_launcher_android:mergeReleaseJniLibFolders', task ':url_launcher_android:mergeReleaseNativeLibs', task ':url_launcher_android:copyReleaseJniLibsProjectOnly', task ':vibration:mergeReleaseJniLibFolders', task ':vibration:mergeReleaseNativeLibs', task ':vibration:copyReleaseJniLibsProjectOnly', task ':app:mergeReleaseNativeLibs', task ':app:stripReleaseDebugSymbols', task ':app:writeReleaseAppMetadata', task ':app:buildReleasePreBundle', task ':app:compileReleaseArtProfile', task ':app:collectReleaseDependencies', task ':app:configureReleaseDependencies', task ':app:extractReleaseNativeSymbolTables', task ':app:parseReleaseIntegrityConfig', task ':app:packageReleaseBundle', task ':app:shrinkBundleReleaseResources', task ':app:signReleaseBundle', task ':app:produceReleaseBundleIdeListingFile', task ':app:createReleaseBundleListingFileRedirect', task ':app:bundleRelease']
[   +1 ms] Tasks that were excluded: []
[        ] work action Parameters of FilterShrinkerRulesTransform (Thread[#893,Execution worker Thread 4,5,main]) started.
[        ] Resolve mutations for :app:preBuild (Thread[#893,Execution worker Thread 4,5,main]) started.
[        ] :app:preBuild (Thread[#893,Execution worker Thread 4,5,main]) started.
[        ] > Task :app:preBuild UP-TO-DATE
[        ] Skipping task ':app:preBuild' as it has no actions.
[        ] Resolve mutations for :app:preReleaseBuild (Thread[#889,included builds,5,main]) started.
[        ] :app:preReleaseBuild (Thread[#889,included builds,5,main]) started.
[        ] > Task :app:preReleaseBuild UP-TO-DATE
[        ] Skipping task ':app:preReleaseBuild' as it has no actions.
[        ] Resolve mutations for :app:generateReleaseFeatureMetadata (Thread[#889,included builds,5,main]) started.
[        ] :app:generateReleaseFeatureMetadata (Thread[#889,included builds,5,main]) started.
[        ] > Task :app:generateReleaseFeatureMetadata UP-TO-DATE
[        ] Caching disabled for task ':app:generateReleaseFeatureMetadata' because:
[        ]   Build cache is disabled
[        ] Skipping task ':app:generateReleaseFeatureMetadata' as it is up-to-date.
[        ] Resolve mutations for :device_info_plus:checkKotlinGradlePluginConfigurationErrors (Thread[#889,included builds,5,main]) started.
[        ] :device_info_plus:checkKotlinGradlePluginConfigurationErrors (Thread[#889,included builds,5,main]) started.
[        ] > Task :device_info_plus:checkKotlinGradlePluginConfigurationErrors SKIPPED
[        ] Skipping task ':device_info_plus:checkKotlinGradlePluginConfigurationErrors' as task onlyIf 'errorDiagnostics are present' is false.
[        ] Resolve mutations for :device_info_plus:preBuild (Thread[#889,included builds,5,main]) started.
[        ] :device_info_plus:preBuild (Thread[#889,included builds,5,main]) started.
[        ] > Task :device_info_plus:preBuild UP-TO-DATE
[        ] Skipping task ':device_info_plus:preBuild' as it has no actions.
[        ] Resolve mutations for :device_info_plus:preReleaseBuild (Thread[#889,included builds,5,main]) started.
[        ] :device_info_plus:preReleaseBuild (Thread[#889,included builds,5,main]) started.
[        ] > Task :device_info_plus:preReleaseBuild UP-TO-DATE
[        ] Skipping task ':device_info_plus:preReleaseBuild' as it has no actions.
[        ] Resolve mutations for :device_info_plus:generateReleaseBuildConfig (Thread[#889,included builds,5,main]) started.
[        ] :device_info_plus:generateReleaseBuildConfig (Thread[#889,included builds,5,main]) started.
[        ] > Task :device_info_plus:generateReleaseBuildConfig UP-TO-DATE
[        ] Caching disabled for task ':device_info_plus:generateReleaseBuildConfig' because:
[        ]   Build cache is disabled
[        ] Skipping task ':device_info_plus:generateReleaseBuildConfig' as it is up-to-date.
[        ] Resolve mutations for :device_info_plus:generateReleaseResValues (Thread[#889,included builds,5,main]) started.
[        ] :device_info_plus:generateReleaseResValues (Thread[#889,included builds,5,main]) started.
[        ] > Task :device_info_plus:generateReleaseResValues UP-TO-DATE
[        ] Caching disabled for task ':device_info_plus:generateReleaseResValues' because:
[        ]   Build cache is disabled
[        ] Skipping task ':device_info_plus:generateReleaseResValues' as it is up-to-date.
[        ] Resolve mutations for :device_info_plus:generateReleaseResources (Thread[#889,included builds,5,main]) started.
[        ] :device_info_plus:generateReleaseResources (Thread[#889,included builds,5,main]) started.
[ +102 ms] > Task :device_info_plus:generateReleaseResources UP-TO-DATE
[        ] Caching disabled for task ':device_info_plus:generateReleaseResources' because:
[        ]   Build cache is disabled
[        ] Skipping task ':device_info_plus:generateReleaseResources' as it is up-to-date.
[        ] Resolve mutations for :device_info_plus:packageReleaseResources (Thread[#889,included builds,5,main]) started.
[        ] :device_info_plus:packageReleaseResources (Thread[#891,Execution worker Thread 2,5,main]) started.
[        ] > Task :device_info_plus:packageReleaseResources UP-TO-DATE
[        ] Caching disabled for task ':device_info_plus:packageReleaseResources' because:
[        ]   Build cache is disabled
[        ] Skipping task ':device_info_plus:packageReleaseResources' as it is up-to-date.
[        ] work action resolve packageReleaseResources (project :device_info_plus) (Thread[#891,Execution worker Thread 2,5,main]) started.
[        ] Resolve mutations for :device_info_plus:parseReleaseLocalResources (Thread[#891,Execution worker Thread 2,5,main]) started.
[        ] :device_info_plus:parseReleaseLocalResources (Thread[#891,Execution worker Thread 2,5,main]) started.
[        ] > Task :device_info_plus:parseReleaseLocalResources UP-TO-DATE
[   +2 ms] Transforming android.jar with PlatformAttrTransform
[        ] Transforming android.jar with PlatformAttrTransform
[        ] Caching disabled for task ':device_info_plus:parseReleaseLocalResources' because:
[        ]   Build cache is disabled
[        ] Skipping task ':device_info_plus:parseReleaseLocalResources' as it is up-to-date.
[        ] Resolve mutations for :device_info_plus:generateReleaseRFile (Thread[#891,Execution worker Thread 2,5,main]) started.
[        ] :device_info_plus:generateReleaseRFile (Thread[#891,Execution worker Thread 2,5,main]) started.
[  +85 ms] > Task :device_info_plus:generateReleaseRFile UP-TO-DATE
[        ] Transforming fragment-1.7.1.aar (androidx.fragment:fragment:1.7.1) with JetifyTransform
[        ] Transforming loader-1.0.0.aar (androidx.loader:loader:1.0.0) with JetifyTransform
[        ] Transforming fragment-1.7.1.aar (androidx.fragment:fragment:1.7.1) with ExtractAarTransform
[        ] Transforming loader-1.0.0.aar (androidx.loader:loader:1.0.0) with ExtractAarTransform
[        ] Transforming fragment-1.7.1.aar (androidx.fragment:fragment:1.7.1) with LibrarySymbolTableTransform
[        ] Transforming lifecycle-livedata-core-ktx-2.7.0.aar (androidx.lifecycle:lifecycle-livedata-core-ktx:2.7.0) with JetifyTransform
[        ] Transforming loader-1.0.0.aar (androidx.loader:loader:1.0.0) with LibrarySymbolTableTransform
[        ] Transforming lifecycle-livedata-core-ktx-2.7.0.aar (androidx.lifecycle:lifecycle-livedata-core-ktx:2.7.0) with ExtractAarTransform
[        ] Transforming lifecycle-livedata-core-ktx-2.7.0.aar (androidx.lifecycle:lifecycle-livedata-core-ktx:2.7.0) with LibrarySymbolTableTransform
[        ] Transforming activity-1.8.1.aar (androidx.activity:activity:1.8.1) with JetifyTransform
[        ] Transforming lifecycle-livedata-2.7.0.aar (androidx.lifecycle:lifecycle-livedata:2.7.0) with JetifyTransform
[        ] Transforming activity-1.8.1.aar (androidx.activity:activity:1.8.1) with ExtractAarTransform
[        ] Transforming lifecycle-livedata-2.7.0.aar (androidx.lifecycle:lifecycle-livedata:2.7.0) with ExtractAarTransform
[        ] Transforming activity-1.8.1.aar (androidx.activity:activity:1.8.1) with LibrarySymbolTableTransform
[        ] Transforming lifecycle-livedata-2.7.0.aar (androidx.lifecycle:lifecycle-livedata:2.7.0) with LibrarySymbolTableTransform
[        ] Transforming core-1.13.1.aar (androidx.core:core:1.13.1) with JetifyTransform
[        ] Transforming core-1.13.1.aar (androidx.core:core:1.13.1) with ExtractAarTransform
[        ] Transforming core-1.13.1.aar (androidx.core:core:1.13.1) with LibrarySymbolTableTransform
[        ] Transforming lifecycle-viewmodel-2.7.0.aar (androidx.lifecycle:lifecycle-viewmodel:2.7.0) with JetifyTransform
[        ] Transforming lifecycle-viewmodel-2.7.0.aar (androidx.lifecycle:lifecycle-viewmodel:2.7.0) with ExtractAarTransform
[        ] Transforming lifecycle-viewmodel-2.7.0.aar (androidx.lifecycle:lifecycle-viewmodel:2.7.0) with LibrarySymbolTableTransform
[        ] Transforming lifecycle-viewmodel-2.7.0.aar (androidx.lifecycle:lifecycle-viewmodel:2.7.0) with JetifyTransform
[        ] Transforming lifecycle-viewmodel-2.7.0.aar (androidx.lifecycle:lifecycle-viewmodel:2.7.0) with ExtractAarTransform
[        ] Transforming lifecycle-viewmodel-2.7.0.aar (androidx.lifecycle:lifecycle-viewmodel:2.7.0) with LibrarySymbolTableTransform
[        ] Transforming lifecycle-livedata-core-2.7.0.aar (androidx.lifecycle:lifecycle-livedata-core:2.7.0) with JetifyTransform
[        ] Transforming lifecycle-livedata-core-2.7.0.aar (androidx.lifecycle:lifecycle-livedata-core:2.7.0) with ExtractAarTransform
[        ] Transforming lifecycle-livedata-core-2.7.0.aar (androidx.lifecycle:lifecycle-livedata-core:2.7.0) with LibrarySymbolTableTransform
[        ] Transforming core-1.13.1.aar (androidx.core:core:1.13.1) with JetifyTransform
[        ] Transforming core-1.13.1.aar (androidx.core:core:1.13.1) with JetifyTransform
[        ] Transforming core-1.13.1.aar (androidx.core:core:1.13.1) with JetifyTransform
[        ] Transforming lifecycle-viewmodel-savedstate-2.7.0.aar (androidx.lifecycle:lifecycle-viewmodel-savedstate:2.7.0) with JetifyTransform
[        ] Transforming core-1.13.1.aar (androidx.core:core:1.13.1) with ExtractAarTransform
[        ] Transforming lifecycle-viewmodel-savedstate-2.7.0.aar (androidx.lifecycle:lifecycle-viewmodel-savedstate:2.7.0) with ExtractAarTransform
[        ] Transforming core-1.13.1.aar (androidx.core:core:1.13.1) with LibrarySymbolTableTransform
[        ] Transforming core-1.13.1.aar (androidx.core:core:1.13.1) with ExtractAarTransform
[        ] Transforming core-1.13.1.aar (androidx.core:core:1.13.1) with ExtractAarTransform
[        ] Transforming core-1.13.1.aar (androidx.core:core:1.13.1) with LibrarySymbolTableTransform
[        ] Transforming core-1.13.1.aar (androidx.core:core:1.13.1) with LibrarySymbolTableTransform
[        ] Transforming annotation-experimental-1.4.0.aar (androidx.annotation:annotation-experimental:1.4.0) with JetifyTransform
[        ] Transforming lifecycle-viewmodel-savedstate-2.7.0.aar (androidx.lifecycle:lifecycle-viewmodel-savedstate:2.7.0) with LibrarySymbolTableTransform
[        ] Transforming annotation-experimental-1.4.0.aar (androidx.annotation:annotation-experimental:1.4.0) with ExtractAarTransform
[        ] Transforming annotation-experimental-1.4.0.aar (androidx.annotation:annotation-experimental:1.4.0) with LibrarySymbolTableTransform
[        ] Transforming core-ktx-1.13.1.aar (androidx.core:core-ktx:1.13.1) with JetifyTransform
[        ] Transforming core-ktx-1.13.1.aar (androidx.core:core-ktx:1.13.1) with ExtractAarTransform
[        ] Transforming core-ktx-1.13.1.aar (androidx.core:core-ktx:1.13.1) with LibrarySymbolTableTransform
[        ] Transforming startup-runtime-1.1.1.aar (androidx.startup:startup-runtime:1.1.1) with JetifyTransform
[        ] Transforming startup-runtime-1.1.1.aar (androidx.startup:startup-runtime:1.1.1) with ExtractAarTransform
[        ] Transforming startup-runtime-1.1.1.aar (androidx.startup:startup-runtime:1.1.1) with LibrarySymbolTableTransform
[        ] Transforming viewpager-1.0.0.aar (androidx.viewpager:viewpager:1.0.0) with JetifyTransform
[        ] Transforming viewpager-1.0.0.aar (androidx.viewpager:viewpager:1.0.0) with ExtractAarTransform
[        ] Transforming viewpager-1.0.0.aar (androidx.viewpager:viewpager:1.0.0) with LibrarySymbolTableTransform
[        ] Transforming window-java-1.2.0.aar (androidx.window:window-java:1.2.0) with JetifyTransform
[        ] Transforming lifecycle-process-2.7.0.aar (androidx.lifecycle:lifecycle-process:2.7.0) with JetifyTransform
[        ] Transforming window-java-1.2.0.aar (androidx.window:window-java:1.2.0) with ExtractAarTransform
[        ] Transforming lifecycle-process-2.7.0.aar (androidx.lifecycle:lifecycle-process:2.7.0) with ExtractAarTransform
[        ] Transforming window-java-1.2.0.aar (androidx.window:window-java:1.2.0) with LibrarySymbolTableTransform
[        ] Transforming savedstate-1.2.1.aar (androidx.savedstate:savedstate:1.2.1) with JetifyTransform
[        ] Transforming lifecycle-process-2.7.0.aar (androidx.lifecycle:lifecycle-process:2.7.0) with LibrarySymbolTableTransform
[        ] Transforming savedstate-1.2.1.aar (androidx.savedstate:savedstate:1.2.1) with ExtractAarTransform
[        ] Transforming core-runtime-2.2.0.aar (androidx.arch.core:core-runtime:2.2.0) with JetifyTransform
[        ] Transforming savedstate-1.2.1.aar (androidx.savedstate:savedstate:1.2.1) with LibrarySymbolTableTransform
[        ] Transforming core-runtime-2.2.0.aar (androidx.arch.core:core-runtime:2.2.0) with ExtractAarTransform
[        ] Transforming core-runtime-2.2.0.aar (androidx.arch.core:core-runtime:2.2.0) with LibrarySymbolTableTransform
[        ] Transforming customview-1.0.0.aar (androidx.customview:customview:1.0.0) with JetifyTransform
[        ] Transforming customview-1.0.0.aar (androidx.customview:customview:1.0.0) with ExtractAarTransform
[        ] Transforming customview-1.0.0.aar (androidx.customview:customview:1.0.0) with LibrarySymbolTableTransform
[        ] Transforming tracing-1.2.0.aar (androidx.tracing:tracing:1.2.0) with JetifyTransform
[        ] Transforming tracing-1.2.0.aar (androidx.tracing:tracing:1.2.0) with ExtractAarTransform
[        ] Transforming tracing-1.2.0.aar (androidx.tracing:tracing:1.2.0) with LibrarySymbolTableTransform
[        ] Transforming relinker-1.4.5.aar (com.getkeepsafe.relinker:relinker:1.4.5) with JetifyTransform
[        ] Transforming relinker-1.4.5.aar (com.getkeepsafe.relinker:relinker:1.4.5) with ExtractAarTransform
[        ] Transforming relinker-1.4.5.aar (com.getkeepsafe.relinker:relinker:1.4.5) with LibrarySymbolTableTransform
[        ] Transforming window-1.2.0.aar (androidx.window:window:1.2.0) with JetifyTransform
[        ] Transforming window-1.2.0.aar (androidx.window:window:1.2.0) with ExtractAarTransform
[        ] Transforming window-1.2.0.aar (androidx.window:window:1.2.0) with LibrarySymbolTableTransform
[        ] Transforming versionedparcelable-1.1.1.aar (androidx.versionedparcelable:versionedparcelable:1.1.1) with JetifyTransform
[        ] Transforming versionedparcelable-1.1.1.aar (androidx.versionedparcelable:versionedparcelable:1.1.1) with ExtractAarTransform
[        ] Transforming versionedparcelable-1.1.1.aar (androidx.versionedparcelable:versionedparcelable:1.1.1) with LibrarySymbolTableTransform
[        ] Transforming lifecycle-runtime-2.7.0.aar (androidx.lifecycle:lifecycle-runtime:2.7.0) with JetifyTransform
[        ] Transforming lifecycle-runtime-2.7.0.aar (androidx.lifecycle:lifecycle-runtime:2.7.0) with ExtractAarTransform
[        ] Transforming lifecycle-runtime-2.7.0.aar (androidx.lifecycle:lifecycle-runtime:2.7.0) with LibrarySymbolTableTransform
[        ] Transforming android.jar with PlatformAttrTransform
[        ] Caching disabled for task ':device_info_plus:generateReleaseRFile' because:
[        ]   Build cache is disabled
[        ] Skipping task ':device_info_plus:generateReleaseRFile' as it is up-to-date.
[        ] work action resolve package-aware-r.txt (project :device_info_plus) (Thread[#891,Execution worker Thread 2,5,main]) started.
[        ] Resolve mutations for :device_info_plus:compileReleaseKotlin (Thread[#891,Execution worker Thread 2,5,main]) started.
[        ] :device_info_plus:compileReleaseKotlin (Thread[#891,Execution worker Thread 2,5,main]) started.
[  +98 ms] > Task :device_info_plus:compileReleaseKotlin UP-TO-DATE
[        ] Transforming fragment-1.7.1.aar (androidx.fragment:fragment:1.7.1) with JetifyTransform
[        ] Transforming flutter_embedding_release-1.0.0-a8bfdfc394deaed5c57bd45a64ac4294dc976a72.jar (io.flutter:flutter_embedding_release:1.0.0-a8bfdfc394deaed5c57bd45a64ac4294dc976a72) with JetifyTransform
[        ] Transforming flutter_embedding_release-1.0.0-a8bfdfc394deaed5c57bd45a64ac4294dc976a72.jar (io.flutter:flutter_embedding_release:1.0.0-a8bfdfc394deaed5c57bd45a64ac4294dc976a72) with IdentityTransform
[        ] Transforming fragment-1.7.1.aar (androidx.fragment:fragment:1.7.1) with AarToClassTransform
[        ] Transforming activity-1.8.1.aar (androidx.activity:activity:1.8.1) with JetifyTransform
[        ] Transforming activity-1.8.1.aar (androidx.activity:activity:1.8.1) with AarToClassTransform
[        ] Transforming loader-1.0.0.aar (androidx.loader:loader:1.0.0) with JetifyTransform
[        ] Transforming loader-1.0.0.aar (androidx.loader:loader:1.0.0) with AarToClassTransform
[        ] Transforming lifecycle-livedata-core-ktx-2.7.0.aar (androidx.lifecycle:lifecycle-livedata-core-ktx:2.7.0) with JetifyTransform
[        ] Transforming lifecycle-livedata-core-ktx-2.7.0.aar (androidx.lifecycle:lifecycle-livedata-core-ktx:2.7.0) with AarToClassTransform
[        ] Transforming lifecycle-livedata-2.7.0.aar (androidx.lifecycle:lifecycle-livedata:2.7.0) with JetifyTransform
[        ] Transforming lifecycle-livedata-2.7.0.aar (androidx.lifecycle:lifecycle-livedata:2.7.0) with AarToClassTransform
[        ] Transforming lifecycle-viewmodel-2.7.0.aar (androidx.lifecycle:lifecycle-viewmodel:2.7.0) with JetifyTransform
[        ] Transforming lifecycle-viewmodel-2.7.0.aar (androidx.lifecycle:lifecycle-viewmodel:2.7.0) with AarToClassTransform
[        ] Transforming lifecycle-viewmodel-2.7.0.aar (androidx.lifecycle:lifecycle-viewmodel:2.7.0) with JetifyTransform
[        ] Transforming lifecycle-viewmodel-2.7.0.aar (androidx.lifecycle:lifecycle-viewmodel:2.7.0) with AarToClassTransform
[        ] Transforming lifecycle-livedata-core-2.7.0.aar (androidx.lifecycle:lifecycle-livedata-core:2.7.0) with JetifyTransform
[        ] Transforming lifecycle-livedata-core-2.7.0.aar (androidx.lifecycle:lifecycle-livedata-core:2.7.0) with AarToClassTransform
[        ] Transforming lifecycle-viewmodel-savedstate-2.7.0.aar (androidx.lifecycle:lifecycle-viewmodel-savedstate:2.7.0) with JetifyTransform
[        ] Transforming lifecycle-viewmodel-savedstate-2.7.0.aar (androidx.lifecycle:lifecycle-viewmodel-savedstate:2.7.0) with AarToClassTransform
[        ] Transforming core-ktx-1.13.1.aar (androidx.core:core-ktx:1.13.1) with JetifyTransform
[        ] Transforming core-ktx-1.13.1.aar (androidx.core:core-ktx:1.13.1) with AarToClassTransform
[        ] Transforming viewpager-1.0.0.aar (androidx.viewpager:viewpager:1.0.0) with JetifyTransform
[        ] Transforming viewpager-1.0.0.aar (androidx.viewpager:viewpager:1.0.0) with AarToClassTransform
[        ] Transforming customview-1.0.0.aar (androidx.customview:customview:1.0.0) with JetifyTransform
[        ] Transforming customview-1.0.0.aar (androidx.customview:customview:1.0.0) with AarToClassTransform
[        ] Transforming core-1.13.1.aar (androidx.core:core:1.13.1) with JetifyTransform
[        ] Transforming core-1.13.1.aar (androidx.core:core:1.13.1) with AarToClassTransform
[        ] Transforming core-1.13.1.aar (androidx.core:core:1.13.1) with JetifyTransform
[        ] Transforming core-1.13.1.aar (androidx.core:core:1.13.1) with AarToClassTransform
[        ] Transforming lifecycle-runtime-2.7.0.aar (androidx.lifecycle:lifecycle-runtime:2.7.0) with JetifyTransform
[        ] Transforming lifecycle-runtime-2.7.0.aar (androidx.lifecycle:lifecycle-runtime:2.7.0) with AarToClassTransform
[        ] Transforming lifecycle-process-2.7.0.aar (androidx.lifecycle:lifecycle-process:2.7.0) with JetifyTransform
[        ] Transforming lifecycle-process-2.7.0.aar (androidx.lifecycle:lifecycle-process:2.7.0) with AarToClassTransform
[        ] Transforming window-1.2.0.aar (androidx.window:window:1.2.0) with JetifyTransform
[        ] Transforming window-1.2.0.aar (androidx.window:window:1.2.0) with AarToClassTransform
[        ] Transforming window-java-1.2.0.aar (androidx.window:window-java:1.2.0) with JetifyTransform
[        ] Transforming window-java-1.2.0.aar (androidx.window:window-java:1.2.0) with AarToClassTransform
[        ] Transforming annotation-experimental-1.4.0.aar (androidx.annotation:annotation-experimental:1.4.0) with JetifyTransform
[        ] Transforming annotation-experimental-1.4.0.aar (androidx.annotation:annotation-experimental:1.4.0) with AarToClassTransform
[        ] Transforming savedstate-1.2.1.aar (androidx.savedstate:savedstate:1.2.1) with JetifyTransform
[        ] Transforming savedstate-1.2.1.aar (androidx.savedstate:savedstate:1.2.1) with AarToClassTransform
[        ] Transforming core-runtime-2.2.0.aar (androidx.arch.core:core-runtime:2.2.0) with JetifyTransform
[        ] Transforming core-runtime-2.2.0.aar (androidx.arch.core:core-runtime:2.2.0) with AarToClassTransform
[        ] Transforming lifecycle-common-java8-2.7.0.jar (androidx.lifecycle:lifecycle-common-java8:2.7.0) with JetifyTransform
[        ] Transforming core-common-2.2.0.jar (androidx.arch.core:core-common:2.2.0) with JetifyTransform
[        ] Transforming core-common-2.2.0.jar (androidx.arch.core:core-common:2.2.0) with IdentityTransform
[        ] Transforming lifecycle-common-2.7.0.jar (androidx.lifecycle:lifecycle-common:2.7.0) with JetifyTransform
[        ] Transforming lifecycle-common-2.7.0.jar (androidx.lifecycle:lifecycle-common:2.7.0) with IdentityTransform
[        ] Transforming lifecycle-common-java8-2.7.0.jar (androidx.lifecycle:lifecycle-common-java8:2.7.0) with IdentityTransform
[        ] Transforming versionedparcelable-1.1.1.aar (androidx.versionedparcelable:versionedparcelable:1.1.1) with JetifyTransform
[        ] Transforming versionedparcelable-1.1.1.aar (androidx.versionedparcelable:versionedparcelable:1.1.1) with AarToClassTransform
[        ] Transforming annotations-23.0.0.jar (org.jetbrains:annotations:23.0.0) with JetifyTransform
[        ] Transforming annotations-23.0.0.jar (org.jetbrains:annotations:23.0.0) with IdentityTransform
[        ] Transforming collection-1.1.0.jar (androidx.collection:collection:1.1.0) with JetifyTransform
[        ] Transforming collection-1.1.0.jar (androidx.collection:collection:1.1.0) with IdentityTransform
[        ] Transforming kotlin-stdlib-jdk8-1.8.20.jar (org.jetbrains.kotlin:kotlin-stdlib-jdk8:1.8.20) with JetifyTransform
[        ] Transforming kotlin-stdlib-jdk8-1.8.20.jar (org.jetbrains.kotlin:kotlin-stdlib-jdk8:1.8.20) with IdentityTransform
[        ] Transforming startup-runtime-1.1.1.aar (androidx.startup:startup-runtime:1.1.1) with JetifyTransform
[        ] Transforming startup-runtime-1.1.1.aar (androidx.startup:startup-runtime:1.1.1) with AarToClassTransform
[        ] Transforming kotlin-stdlib-jdk7-1.8.20.jar (org.jetbrains.kotlin:kotlin-stdlib-jdk7:1.8.20) with JetifyTransform
[        ] Transforming tracing-1.2.0.aar (androidx.tracing:tracing:1.2.0) with JetifyTransform
[        ] Transforming tracing-1.2.0.aar (androidx.tracing:tracing:1.2.0) with AarToClassTransform
[        ] Transforming kotlin-stdlib-jdk7-1.8.20.jar (org.jetbrains.kotlin:kotlin-stdlib-jdk7:1.8.20) with IdentityTransform
[        ] Transforming relinker-1.4.5.aar (com.getkeepsafe.relinker:relinker:1.4.5) with JetifyTransform
[        ] Transforming relinker-1.4.5.aar (com.getkeepsafe.relinker:relinker:1.4.5) with AarToClassTransform
[        ] Transforming kotlin-stdlib-1.8.22.jar (org.jetbrains.kotlin:kotlin-stdlib:1.8.22) with JetifyTransform
[        ] Transforming kotlin-stdlib-1.8.22.jar (org.jetbrains.kotlin:kotlin-stdlib:1.8.22) with IdentityTransform
[        ] Transforming kotlinx-coroutines-core-jvm-1.7.1.jar (org.jetbrains.kotlinx:kotlinx-coroutines-core-jvm:1.7.1) with JetifyTransform
[        ] Transforming kotlinx-coroutines-core-jvm-1.7.1.jar (org.jetbrains.kotlinx:kotlinx-coroutines-core-jvm:1.7.1) with IdentityTransform
[        ] Transforming kotlin-stdlib-common-1.8.22.jar (org.jetbrains.kotlin:kotlin-stdlib-common:1.8.22) with JetifyTransform
[        ] Transforming kotlin-stdlib-common-1.8.22.jar (org.jetbrains.kotlin:kotlin-stdlib-common:1.8.22) with IdentityTransform
[        ] Transforming kotlinx-coroutines-android-1.7.1.jar (org.jetbrains.kotlinx:kotlinx-coroutines-android:1.7.1) with JetifyTransform
[        ] Transforming kotlinx-coroutines-android-1.7.1.jar (org.jetbrains.kotlinx:kotlinx-coroutines-android:1.7.1) with IdentityTransform
[        ] Transforming annotation-jvm-1.8.0.jar (androidx.annotation:annotation-jvm:1.8.0) with JetifyTransform
[        ] Transforming annotation-jvm-1.8.0.jar (androidx.annotation:annotation-jvm:1.8.0) with IdentityTransform
[        ] Transforming R.jar with BuildToolsApiClasspathEntrySnapshotTransform
[        ] Transforming jetified-flutter_embedding_release-1.0.0-a8bfdfc394deaed5c57bd45a64ac4294dc976a72.jar with BuildToolsApiClasspathEntrySnapshotTransform
[        ] Transforming fragment-1.7.1-api.jar with BuildToolsApiClasspathEntrySnapshotTransform
[        ] Transforming jetified-activity-1.8.1-api.jar with BuildToolsApiClasspathEntrySnapshotTransform
[        ] Transforming loader-1.0.0-api.jar with BuildToolsApiClasspathEntrySnapshotTransform
[        ] Transforming jetified-lifecycle-livedata-core-ktx-2.7.0-api.jar with BuildToolsApiClasspathEntrySnapshotTransform
[        ] Transforming lifecycle-livedata-2.7.0-api.jar with BuildToolsApiClasspathEntrySnapshotTransform
[        ] Transforming lifecycle-viewmodel-2.7.0-api.jar with BuildToolsApiClasspathEntrySnapshotTransform
[        ] Transforming lifecycle-livedata-core-2.7.0-api.jar with BuildToolsApiClasspathEntrySnapshotTransform
[        ] Transforming jetified-lifecycle-viewmodel-savedstate-2.7.0-api.jar with BuildToolsApiClasspathEntrySnapshotTransform
[        ] Transforming jetified-core-ktx-1.13.1-api.jar with BuildToolsApiClasspathEntrySnapshotTransform
[        ] Transforming viewpager-1.0.0-api.jar with BuildToolsApiClasspathEntrySnapshotTransform
[        ] Transforming customview-1.0.0-api.jar with BuildToolsApiClasspathEntrySnapshotTransform
[        ] Transforming core-1.13.1-api.jar with BuildToolsApiClasspathEntrySnapshotTransform
[        ] Transforming lifecycle-runtime-2.7.0-api.jar with BuildToolsApiClasspathEntrySnapshotTransform
[        ] Transforming jetified-lifecycle-process-2.7.0-api.jar with BuildToolsApiClasspathEntrySnapshotTransform
[        ] Transforming lifecycle-common-java8-2.7.0.jar with BuildToolsApiClasspathEntrySnapshotTransform
[        ] Transforming lifecycle-common-2.7.0.jar with BuildToolsApiClasspathEntrySnapshotTransform
[        ] Transforming jetified-window-1.2.0-api.jar with BuildToolsApiClasspathEntrySnapshotTransform
[        ] Transforming jetified-window-java-1.2.0-api.jar with BuildToolsApiClasspathEntrySnapshotTransform
[        ] Transforming jetified-annotation-experimental-1.4.0-api.jar with BuildToolsApiClasspathEntrySnapshotTransform
[        ] Transforming jetified-savedstate-1.2.1-api.jar with BuildToolsApiClasspathEntrySnapshotTransform
[        ] Transforming core-runtime-2.2.0-api.jar with BuildToolsApiClasspathEntrySnapshotTransform
[        ] Transforming core-common-2.2.0.jar with BuildToolsApiClasspathEntrySnapshotTransform
[        ] Transforming versionedparcelable-1.1.1-api.jar with BuildToolsApiClasspathEntrySnapshotTransform
[        ] Transforming collection-1.1.0.jar with BuildToolsApiClasspathEntrySnapshotTransform
[        ] Transforming jetified-annotation-jvm-1.8.0.jar with BuildToolsApiClasspathEntrySnapshotTransform
[        ] Transforming jetified-kotlinx-coroutines-core-jvm-1.7.1.jar with BuildToolsApiClasspathEntrySnapshotTransform
[        ] Transforming jetified-kotlinx-coroutines-android-1.7.1.jar with BuildToolsApiClasspathEntrySnapshotTransform
[        ] Transforming jetified-kotlin-stdlib-jdk8-1.8.20.jar with BuildToolsApiClasspathEntrySnapshotTransform
[        ] Transforming jetified-kotlin-stdlib-jdk7-1.8.20.jar with BuildToolsApiClasspathEntrySnapshotTransform
[        ] Transforming jetified-kotlin-stdlib-1.8.22.jar with BuildToolsApiClasspathEntrySnapshotTransform
[        ] Transforming jetified-kotlin-stdlib-common-1.8.22.jar with BuildToolsApiClasspathEntrySnapshotTransform
[        ] Transforming jetified-annotations-23.0.0.jar with BuildToolsApiClasspathEntrySnapshotTransform
[        ] Transforming jetified-startup-runtime-1.1.1-api.jar with BuildToolsApiClasspathEntrySnapshotTransform
[        ] Transforming jetified-tracing-1.2.0-api.jar with BuildToolsApiClasspathEntrySnapshotTransform
[        ] Transforming jetified-relinker-1.4.5-api.jar with BuildToolsApiClasspathEntrySnapshotTransform
[        ] Transforming android.jar with BuildToolsApiClasspathEntrySnapshotTransform
[        ] Transforming core-lambda-stubs.jar with BuildToolsApiClasspathEntrySnapshotTransform
[        ] Caching disabled for task ':device_info_plus:compileReleaseKotlin' because:
[        ]   Build cache is disabled
[        ] Skipping task ':device_info_plus:compileReleaseKotlin' as it is up-to-date.
[        ] Resolve mutations for :device_info_plus:javaPreCompileRelease (Thread[#891,Execution worker Thread 2,5,main]) started.
[        ] :device_info_plus:javaPreCompileRelease (Thread[#891,Execution worker Thread 2,5,main]) started.
[        ] > Task :device_info_plus:javaPreCompileRelease UP-TO-DATE
[        ] Caching disabled for task ':device_info_plus:javaPreCompileRelease' because:
[        ]   Build cache is disabled
[        ] Skipping task ':device_info_plus:javaPreCompileRelease' as it is up-to-date.
[        ] Resolve mutations for :device_info_plus:compileReleaseJavaWithJavac (Thread[#891,Execution worker Thread 2,5,main]) started.
[        ] :device_info_plus:compileReleaseJavaWithJavac (Thread[#891,Execution worker Thread 2,5,main]) started.
[        ] > Task :device_info_plus:compileReleaseJavaWithJavac UP-TO-DATE
[        ] Transforming core-for-system-modules.jar with JdkImageTransform
[        ] Transforming core-for-system-modules.jar with JdkImageTransform
[        ] Transforming core-for-system-modules.jar with JdkImageTransform
[        ] Transforming core-for-system-modules.jar with JdkImageTransform
[        ] Transforming core-for-system-modules.jar with JdkImageTransform
[        ] Transforming core-for-system-modules.jar with JdkImageTransform
[        ] Custom actions are attached to task ':device_info_plus:compileReleaseJavaWithJavac'.
[        ] Caching disabled for task ':device_info_plus:compileReleaseJavaWithJavac' because:
[        ]   Build cache is disabled
[        ] Skipping task ':device_info_plus:compileReleaseJavaWithJavac' as it is up-to-date.
[        ] No compile result for :device_info_plus:compileReleaseJavaWithJavac
[        ] No compile result for :device_info_plus:compileReleaseJavaWithJavac
[        ] Resolve mutations for :device_info_plus:mergeReleaseGeneratedProguardFiles (Thread[#891,Execution worker Thread 2,5,main]) started.
[        ] :device_info_plus:mergeReleaseGeneratedProguardFiles (Thread[#891,Execution worker Thread 2,5,main]) started.
[        ] > Task :device_info_plus:mergeReleaseGeneratedProguardFiles UP-TO-DATE
[        ] Caching disabled for task ':device_info_plus:mergeReleaseGeneratedProguardFiles' because:
[        ]   Build cache is disabled
[        ]   Simple merging task
[        ] Skipping task ':device_info_plus:mergeReleaseGeneratedProguardFiles' as it is up-to-date.
[        ] Resolve mutations for :device_info_plus:exportReleaseConsumerProguardFiles (Thread[#891,Execution worker Thread 2,5,main]) started.
[        ] :device_info_plus:exportReleaseConsumerProguardFiles (Thread[#891,Execution worker Thread 2,5,main]) started.
[        ] > Task :device_info_plus:exportReleaseConsumerProguardFiles UP-TO-DATE
[        ] Caching disabled for task ':device_info_plus:exportReleaseConsumerProguardFiles' because:
[        ]   Build cache is disabled
[        ]   Caching has been disabled for the task
[        ] Skipping task ':device_info_plus:exportReleaseConsumerProguardFiles' as it is up-to-date.
[        ] work action resolve exportReleaseConsumerProguardFiles (project :device_info_plus) (Thread[#891,Execution worker Thread 2,5,main]) started.
[        ] FilterShrinkerRulesTransform (Thread[#891,Execution worker Thread 2,5,main]) started.
[        ] Resolve mutations for :file_picker:preBuild (Thread[#893,Execution worker Thread 4,5,main]) started.
[        ] :file_picker:preBuild (Thread[#893,Execution worker Thread 4,5,main]) started.
[        ] > Transform exportReleaseConsumerProguardFiles (project :device_info_plus) with FilterShrinkerRulesTransform
[        ] Transforming exportReleaseConsumerProguardFiles (project :device_info_plus) with FilterShrinkerRulesTransform
[        ] > Task :file_picker:preBuild UP-TO-DATE
[        ] Skipping task ':file_picker:preBuild' as it has no actions.
[        ] Resolve mutations for :file_picker:preReleaseBuild (Thread[#893,Execution worker Thread 4,5,main]) started.
[        ] :file_picker:preReleaseBuild (Thread[#893,Execution worker Thread 4,5,main]) started.
[        ] > Task :file_picker:preReleaseBuild UP-TO-DATE
[        ] Skipping task ':file_picker:preReleaseBuild' as it has no actions.
[        ] Resolve mutations for :file_picker:generateReleaseBuildConfig (Thread[#893,Execution worker Thread 4,5,main]) started.
[        ] :file_picker:generateReleaseBuildConfig (Thread[#893,Execution worker Thread 4,5,main]) started.
[        ] > Task :file_picker:generateReleaseBuildConfig UP-TO-DATE
[        ] Caching disabled for task ':file_picker:generateReleaseBuildConfig' because:
[        ]   Build cache is disabled
[        ] Skipping task ':file_picker:generateReleaseBuildConfig' as it is up-to-date.
[        ] Resolve mutations for :file_picker:generateReleaseResValues (Thread[#893,Execution worker Thread 4,5,main]) started.
[        ] :file_picker:generateReleaseResValues (Thread[#893,Execution worker Thread 4,5,main]) started.
[        ] > Task :file_picker:generateReleaseResValues UP-TO-DATE
[        ] Caching disabled for task ':file_picker:generateReleaseResValues' because:
[        ]   Build cache is disabled
[        ] Skipping task ':file_picker:generateReleaseResValues' as it is up-to-date.
[        ] Resolve mutations for :file_picker:generateReleaseResources (Thread[#893,Execution worker Thread 4,5,main]) started.
[        ] :file_picker:generateReleaseResources (Thread[#893,Execution worker Thread 4,5,main]) started.
[        ] > Task :file_picker:generateReleaseResources UP-TO-DATE
[        ] Caching disabled for task ':file_picker:generateReleaseResources' because:
[        ]   Build cache is disabled
[        ] Skipping task ':file_picker:generateReleaseResources' as it is up-to-date.
[        ] Resolve mutations for :file_picker:packageReleaseResources (Thread[#893,Execution worker Thread 4,5,main]) started.
[        ] :file_picker:packageReleaseResources (Thread[#893,Execution worker Thread 4,5,main]) started.
[        ] > Task :file_picker:packageReleaseResources UP-TO-DATE
[        ] Caching disabled for task ':file_picker:packageReleaseResources' because:
[        ]   Build cache is disabled
[        ] Skipping task ':file_picker:packageReleaseResources' as it is up-to-date.
[        ] work action resolve packageReleaseResources (project :file_picker) (Thread[#893,Execution worker Thread 4,5,main]) started.
[        ] Resolve mutations for :file_picker:parseReleaseLocalResources (Thread[#893,Execution worker Thread 4,5,main]) started.
[        ] :file_picker:parseReleaseLocalResources (Thread[#893,Execution worker Thread 4,5,main]) started.
[        ] > Task :file_picker:parseReleaseLocalResources UP-TO-DATE
[        ] Transforming android.jar with PlatformAttrTransform
[        ] Transforming android.jar with PlatformAttrTransform
[        ] Caching disabled for task ':file_picker:parseReleaseLocalResources' because:
[        ]   Build cache is disabled
[        ] Skipping task ':file_picker:parseReleaseLocalResources' as it is up-to-date.
[        ] Resolve mutations for :flutter_plugin_android_lifecycle:preBuild (Thread[#893,Execution worker Thread 4,5,main]) started.
[        ] :flutter_plugin_android_lifecycle:preBuild (Thread[#893,Execution worker Thread 4,5,main]) started.
[        ] > Task :flutter_plugin_android_lifecycle:preBuild UP-TO-DATE
[        ] Skipping task ':flutter_plugin_android_lifecycle:preBuild' as it has no actions.
[        ] Resolve mutations for :flutter_plugin_android_lifecycle:preReleaseBuild (Thread[#893,Execution worker Thread 4,5,main]) started.
[        ] :flutter_plugin_android_lifecycle:preReleaseBuild (Thread[#893,Execution worker Thread 4,5,main]) started.
[        ] > Task :flutter_plugin_android_lifecycle:preReleaseBuild UP-TO-DATE
[        ] Skipping task ':flutter_plugin_android_lifecycle:preReleaseBuild' as it has no actions.
[        ] Resolve mutations for :flutter_plugin_android_lifecycle:generateReleaseResValues (Thread[#893,Execution worker Thread 4,5,main]) started.
[        ] :flutter_plugin_android_lifecycle:generateReleaseResValues (Thread[#893,Execution worker Thread 4,5,main]) started.
[        ] > Task :flutter_plugin_android_lifecycle:generateReleaseResValues UP-TO-DATE
[        ] Caching disabled for task ':flutter_plugin_android_lifecycle:generateReleaseResValues' because:
[        ]   Build cache is disabled
[        ] Skipping task ':flutter_plugin_android_lifecycle:generateReleaseResValues' as it is up-to-date.
[        ] Resolve mutations for :flutter_plugin_android_lifecycle:generateReleaseResources (Thread[#893,Execution worker Thread 4,5,main]) started.
[        ] :flutter_plugin_android_lifecycle:generateReleaseResources (Thread[#893,Execution worker Thread 4,5,main]) started.
[        ] > Task :flutter_plugin_android_lifecycle:generateReleaseResources UP-TO-DATE
[        ] Caching disabled for task ':flutter_plugin_android_lifecycle:generateReleaseResources' because:
[        ]   Build cache is disabled
[        ] Skipping task ':flutter_plugin_android_lifecycle:generateReleaseResources' as it is up-to-date.
[        ] Resolve mutations for :flutter_plugin_android_lifecycle:packageReleaseResources (Thread[#893,Execution worker Thread 4,5,main]) started.
[        ] :flutter_plugin_android_lifecycle:packageReleaseResources (Thread[#893,Execution worker Thread 4,5,main]) started.
[        ] > Task :flutter_plugin_android_lifecycle:packageReleaseResources UP-TO-DATE
[        ] Caching disabled for task ':flutter_plugin_android_lifecycle:packageReleaseResources' because:
[        ]   Build cache is disabled
[        ] Skipping task ':flutter_plugin_android_lifecycle:packageReleaseResources' as it is up-to-date.
[        ] work action resolve packageReleaseResources (project :flutter_plugin_android_lifecycle) (Thread[#893,Execution worker Thread 4,5,main]) started.
[        ] Resolve mutations for :flutter_plugin_android_lifecycle:parseReleaseLocalResources (Thread[#893,Execution worker Thread 4,5,main]) started.
[        ] :flutter_plugin_android_lifecycle:parseReleaseLocalResources (Thread[#893,Execution worker Thread 4,5,main]) started.
[        ] > Task :flutter_plugin_android_lifecycle:parseReleaseLocalResources UP-TO-DATE
[        ] Transforming android.jar with PlatformAttrTransform
[        ] Transforming android.jar with PlatformAttrTransform
[        ] Caching disabled for task ':flutter_plugin_android_lifecycle:parseReleaseLocalResources' because:
[        ]   Build cache is disabled
[        ] Skipping task ':flutter_plugin_android_lifecycle:parseReleaseLocalResources' as it is up-to-date.
[        ] Resolve mutations for :flutter_plugin_android_lifecycle:generateReleaseRFile (Thread[#893,Execution worker Thread 4,5,main]) started.
[        ] :flutter_plugin_android_lifecycle:generateReleaseRFile (Thread[#893,Execution worker Thread 4,5,main]) started.
[  +73 ms] > Task :flutter_plugin_android_lifecycle:generateReleaseRFile UP-TO-DATE
[        ] Transforming fragment-1.7.1.aar (androidx.fragment:fragment:1.7.1) with JetifyTransform
[        ] Transforming fragment-1.7.1.aar (androidx.fragment:fragment:1.7.1) with ExtractAarTransform
[        ] Transforming fragment-1.7.1.aar (androidx.fragment:fragment:1.7.1) with LibrarySymbolTableTransform
[        ] Transforming activity-1.8.1.aar (androidx.activity:activity:1.8.1) with JetifyTransform
[        ] Transforming activity-1.8.1.aar (androidx.activity:activity:1.8.1) with ExtractAarTransform
[        ] Transforming activity-1.8.1.aar (androidx.activity:activity:1.8.1) with LibrarySymbolTableTransform
[        ] Transforming loader-1.0.0.aar (androidx.loader:loader:1.0.0) with JetifyTransform
[        ] Transforming loader-1.0.0.aar (androidx.loader:loader:1.0.0) with ExtractAarTransform
[        ] Transforming loader-1.0.0.aar (androidx.loader:loader:1.0.0) with LibrarySymbolTableTransform
[        ] Transforming lifecycle-livedata-core-ktx-2.7.0.aar (androidx.lifecycle:lifecycle-livedata-core-ktx:2.7.0) with JetifyTransform
[        ] Transforming lifecycle-livedata-core-ktx-2.7.0.aar (androidx.lifecycle:lifecycle-livedata-core-ktx:2.7.0) with ExtractAarTransform
[        ] Transforming lifecycle-livedata-core-ktx-2.7.0.aar (androidx.lifecycle:lifecycle-livedata-core-ktx:2.7.0) with LibrarySymbolTableTransform
[        ] Transforming lifecycle-livedata-2.7.0.aar (androidx.lifecycle:lifecycle-livedata:2.7.0) with JetifyTransform
[        ] Transforming lifecycle-livedata-2.7.0.aar (androidx.lifecycle:lifecycle-livedata:2.7.0) with ExtractAarTransform
[        ] Transforming lifecycle-livedata-2.7.0.aar (androidx.lifecycle:lifecycle-livedata:2.7.0) with LibrarySymbolTableTransform
[        ] Transforming lifecycle-viewmodel-2.7.0.aar (androidx.lifecycle:lifecycle-viewmodel:2.7.0) with JetifyTransform
[        ] Transforming lifecycle-viewmodel-2.7.0.aar (androidx.lifecycle:lifecycle-viewmodel:2.7.0) with ExtractAarTransform
[        ] Transforming lifecycle-viewmodel-2.7.0.aar (androidx.lifecycle:lifecycle-viewmodel:2.7.0) with LibrarySymbolTableTransform
[        ] Transforming lifecycle-viewmodel-2.7.0.aar (androidx.lifecycle:lifecycle-viewmodel:2.7.0) with JetifyTransform
[        ] Transforming lifecycle-viewmodel-2.7.0.aar (androidx.lifecycle:lifecycle-viewmodel:2.7.0) with ExtractAarTransform
[        ] Transforming lifecycle-viewmodel-2.7.0.aar (androidx.lifecycle:lifecycle-viewmodel:2.7.0) with LibrarySymbolTableTransform
[        ] Transforming lifecycle-livedata-core-2.7.0.aar (androidx.lifecycle:lifecycle-livedata-core:2.7.0) with JetifyTransform
[        ] Transforming lifecycle-livedata-core-2.7.0.aar (androidx.lifecycle:lifecycle-livedata-core:2.7.0) with ExtractAarTransform
[        ] Transforming lifecycle-livedata-core-2.7.0.aar (androidx.lifecycle:lifecycle-livedata-core:2.7.0) with LibrarySymbolTableTransform
[        ] Transforming lifecycle-viewmodel-savedstate-2.7.0.aar (androidx.lifecycle:lifecycle-viewmodel-savedstate:2.7.0) with JetifyTransform
[        ] Transforming lifecycle-viewmodel-savedstate-2.7.0.aar (androidx.lifecycle:lifecycle-viewmodel-savedstate:2.7.0) with ExtractAarTransform
[        ] Transforming lifecycle-viewmodel-savedstate-2.7.0.aar (androidx.lifecycle:lifecycle-viewmodel-savedstate:2.7.0) with LibrarySymbolTableTransform
[        ] Transforming core-ktx-1.13.1.aar (androidx.core:core-ktx:1.13.1) with JetifyTransform
[        ] Transforming core-ktx-1.13.1.aar (androidx.core:core-ktx:1.13.1) with ExtractAarTransform
[        ] Transforming core-ktx-1.13.1.aar (androidx.core:core-ktx:1.13.1) with LibrarySymbolTableTransform
[        ] Transforming viewpager-1.0.0.aar (androidx.viewpager:viewpager:1.0.0) with JetifyTransform
[        ] Transforming viewpager-1.0.0.aar (androidx.viewpager:viewpager:1.0.0) with ExtractAarTransform
[        ] Transforming viewpager-1.0.0.aar (androidx.viewpager:viewpager:1.0.0) with LibrarySymbolTableTransform
[        ] Transforming customview-1.0.0.aar (androidx.customview:customview:1.0.0) with JetifyTransform
[        ] Transforming customview-1.0.0.aar (androidx.customview:customview:1.0.0) with ExtractAarTransform
[        ] Transforming customview-1.0.0.aar (androidx.customview:customview:1.0.0) with LibrarySymbolTableTransform
[        ] Transforming core-1.13.1.aar (androidx.core:core:1.13.1) with JetifyTransform
[        ] Transforming core-1.13.1.aar (androidx.core:core:1.13.1) with ExtractAarTransform
[        ] Transforming core-1.13.1.aar (androidx.core:core:1.13.1) with LibrarySymbolTableTransform
[        ] Transforming core-1.13.1.aar (androidx.core:core:1.13.1) with JetifyTransform
[        ] Transforming core-1.13.1.aar (androidx.core:core:1.13.1) with ExtractAarTransform
[        ] Transforming core-1.13.1.aar (androidx.core:core:1.13.1) with LibrarySymbolTableTransform
[        ] Transforming lifecycle-runtime-2.7.0.aar (androidx.lifecycle:lifecycle-runtime:2.7.0) with JetifyTransform
[        ] Transforming lifecycle-runtime-2.7.0.aar (androidx.lifecycle:lifecycle-runtime:2.7.0) with ExtractAarTransform
[        ] Transforming lifecycle-runtime-2.7.0.aar (androidx.lifecycle:lifecycle-runtime:2.7.0) with LibrarySymbolTableTransform
[        ] Transforming lifecycle-process-2.7.0.aar (androidx.lifecycle:lifecycle-process:2.7.0) with JetifyTransform
[        ] Transforming lifecycle-process-2.7.0.aar (androidx.lifecycle:lifecycle-process:2.7.0) with ExtractAarTransform
[        ] Transforming lifecycle-process-2.7.0.aar (androidx.lifecycle:lifecycle-process:2.7.0) with LibrarySymbolTableTransform
[        ] Transforming core-runtime-2.2.0.aar (androidx.arch.core:core-runtime:2.2.0) with JetifyTransform
[        ] Transforming core-runtime-2.2.0.aar (androidx.arch.core:core-runtime:2.2.0) with ExtractAarTransform
[        ] Transforming core-runtime-2.2.0.aar (androidx.arch.core:core-runtime:2.2.0) with LibrarySymbolTableTransform
[        ] Transforming versionedparcelable-1.1.1.aar (androidx.versionedparcelable:versionedparcelable:1.1.1) with JetifyTransform
[        ] Transforming versionedparcelable-1.1.1.aar (androidx.versionedparcelable:versionedparcelable:1.1.1) with ExtractAarTransform
[        ] Transforming versionedparcelable-1.1.1.aar (androidx.versionedparcelable:versionedparcelable:1.1.1) with LibrarySymbolTableTransform
[        ] Transforming savedstate-1.2.1.aar (androidx.savedstate:savedstate:1.2.1) with JetifyTransform
[        ] Transforming savedstate-1.2.1.aar (androidx.savedstate:savedstate:1.2.1) with ExtractAarTransform
[        ] Transforming savedstate-1.2.1.aar (androidx.savedstate:savedstate:1.2.1) with LibrarySymbolTableTransform
[        ] Transforming window-1.2.0.aar (androidx.window:window:1.2.0) with JetifyTransform
[        ] Transforming window-1.2.0.aar (androidx.window:window:1.2.0) with ExtractAarTransform
[        ] Transforming window-1.2.0.aar (androidx.window:window:1.2.0) with LibrarySymbolTableTransform
[        ] Transforming window-java-1.2.0.aar (androidx.window:window-java:1.2.0) with JetifyTransform
[        ] Transforming window-java-1.2.0.aar (androidx.window:window-java:1.2.0) with ExtractAarTransform
[        ] Transforming window-java-1.2.0.aar (androidx.window:window-java:1.2.0) with LibrarySymbolTableTransform
[        ] Transforming annotation-experimental-1.4.0.aar (androidx.annotation:annotation-experimental:1.4.0) with JetifyTransform
[        ] Transforming annotation-experimental-1.4.0.aar (androidx.annotation:annotation-experimental:1.4.0) with ExtractAarTransform
[        ] Transforming annotation-experimental-1.4.0.aar (androidx.annotation:annotation-experimental:1.4.0) with LibrarySymbolTableTransform
[        ] Transforming startup-runtime-1.1.1.aar (androidx.startup:startup-runtime:1.1.1) with JetifyTransform
[        ] Transforming startup-runtime-1.1.1.aar (androidx.startup:startup-runtime:1.1.1) with ExtractAarTransform
[        ] Transforming startup-runtime-1.1.1.aar (androidx.startup:startup-runtime:1.1.1) with LibrarySymbolTableTransform
[        ] Transforming tracing-1.2.0.aar (androidx.tracing:tracing:1.2.0) with JetifyTransform
[        ] Transforming tracing-1.2.0.aar (androidx.tracing:tracing:1.2.0) with ExtractAarTransform
[        ] Transforming tracing-1.2.0.aar (androidx.tracing:tracing:1.2.0) with LibrarySymbolTableTransform
[        ] Transforming relinker-1.4.5.aar (com.getkeepsafe.relinker:relinker:1.4.5) with JetifyTransform
[        ] Transforming relinker-1.4.5.aar (com.getkeepsafe.relinker:relinker:1.4.5) with ExtractAarTransform
[        ] Transforming relinker-1.4.5.aar (com.getkeepsafe.relinker:relinker:1.4.5) with LibrarySymbolTableTransform
[        ] Transforming android.jar with PlatformAttrTransform
[        ] Caching disabled for task ':flutter_plugin_android_lifecycle:generateReleaseRFile' because:
[        ]   Build cache is disabled
[        ] Skipping task ':flutter_plugin_android_lifecycle:generateReleaseRFile' as it is up-to-date.
[        ] work action resolve package-aware-r.txt (project :flutter_plugin_android_lifecycle) (Thread[#893,Execution worker Thread 4,5,main]) started.
[        ] work action resolve package-aware-r.txt (project :flutter_plugin_android_lifecycle) (Thread[#893,Execution worker Thread 4,5,main]) started.
[        ] Resolve mutations for :file_picker:generateReleaseRFile (Thread[#893,Execution worker Thread 4,5,main]) started.
[        ] :file_picker:generateReleaseRFile (Thread[#893,Execution worker Thread 4,5,main]) started.
[        ] > Task :file_picker:generateReleaseRFile UP-TO-DATE
[        ] Transforming fragment-1.7.1.aar (androidx.fragment:fragment:1.7.1) with JetifyTransform
[        ] Transforming fragment-1.7.1.aar (androidx.fragment:fragment:1.7.1) with ExtractAarTransform
[        ] Transforming fragment-1.7.1.aar (androidx.fragment:fragment:1.7.1) with LibrarySymbolTableTransform
[        ] Transforming activity-1.8.1.aar (androidx.activity:activity:1.8.1) with JetifyTransform
[        ] Transforming activity-1.8.1.aar (androidx.activity:activity:1.8.1) with ExtractAarTransform
[        ] Transforming activity-1.8.1.aar (androidx.activity:activity:1.8.1) with LibrarySymbolTableTransform
[        ] Transforming loader-1.0.0.aar (androidx.loader:loader:1.0.0) with JetifyTransform
[        ] Transforming loader-1.0.0.aar (androidx.loader:loader:1.0.0) with ExtractAarTransform
[        ] Transforming loader-1.0.0.aar (androidx.loader:loader:1.0.0) with LibrarySymbolTableTransform
[        ] Transforming lifecycle-livedata-core-ktx-2.7.0.aar (androidx.lifecycle:lifecycle-livedata-core-ktx:2.7.0) with JetifyTransform
[        ] Transforming lifecycle-livedata-core-ktx-2.7.0.aar (androidx.lifecycle:lifecycle-livedata-core-ktx:2.7.0) with ExtractAarTransform
[        ] Transforming lifecycle-livedata-core-ktx-2.7.0.aar (androidx.lifecycle:lifecycle-livedata-core-ktx:2.7.0) with LibrarySymbolTableTransform
[        ] Transforming lifecycle-livedata-2.7.0.aar (androidx.lifecycle:lifecycle-livedata:2.7.0) with JetifyTransform
[        ] Transforming lifecycle-livedata-2.7.0.aar (androidx.lifecycle:lifecycle-livedata:2.7.0) with ExtractAarTransform
[        ] Transforming lifecycle-livedata-2.7.0.aar (androidx.lifecycle:lifecycle-livedata:2.7.0) with LibrarySymbolTableTransform
[        ] Transforming lifecycle-viewmodel-2.7.0.aar (androidx.lifecycle:lifecycle-viewmodel:2.7.0) with JetifyTransform
[        ] Transforming lifecycle-viewmodel-2.7.0.aar (androidx.lifecycle:lifecycle-viewmodel:2.7.0) with ExtractAarTransform
[        ] Transforming lifecycle-viewmodel-2.7.0.aar (androidx.lifecycle:lifecycle-viewmodel:2.7.0) with LibrarySymbolTableTransform
[        ] Transforming lifecycle-viewmodel-2.7.0.aar (androidx.lifecycle:lifecycle-viewmodel:2.7.0) with JetifyTransform
[        ] Transforming lifecycle-viewmodel-2.7.0.aar (androidx.lifecycle:lifecycle-viewmodel:2.7.0) with ExtractAarTransform
[        ] Transforming lifecycle-viewmodel-2.7.0.aar (androidx.lifecycle:lifecycle-viewmodel:2.7.0) with LibrarySymbolTableTransform
[        ] Transforming lifecycle-livedata-core-2.7.0.aar (androidx.lifecycle:lifecycle-livedata-core:2.7.0) with JetifyTransform
[        ] Transforming lifecycle-livedata-core-2.7.0.aar (androidx.lifecycle:lifecycle-livedata-core:2.7.0) with ExtractAarTransform
[        ] Transforming lifecycle-livedata-core-2.7.0.aar (androidx.lifecycle:lifecycle-livedata-core:2.7.0) with LibrarySymbolTableTransform
[        ] Transforming lifecycle-runtime-2.7.0.aar (androidx.lifecycle:lifecycle-runtime:2.7.0) with JetifyTransform
[        ] Transforming lifecycle-runtime-2.7.0.aar (androidx.lifecycle:lifecycle-runtime:2.7.0) with ExtractAarTransform
[        ] Transforming lifecycle-runtime-2.7.0.aar (androidx.lifecycle:lifecycle-runtime:2.7.0) with LibrarySymbolTableTransform
[        ] Transforming lifecycle-process-2.7.0.aar (androidx.lifecycle:lifecycle-process:2.7.0) with JetifyTransform
[        ] Transforming lifecycle-process-2.7.0.aar (androidx.lifecycle:lifecycle-process:2.7.0) with ExtractAarTransform
[        ] Transforming lifecycle-process-2.7.0.aar (androidx.lifecycle:lifecycle-process:2.7.0) with LibrarySymbolTableTransform
[        ] Transforming lifecycle-viewmodel-savedstate-2.7.0.aar (androidx.lifecycle:lifecycle-viewmodel-savedstate:2.7.0) with JetifyTransform
[        ] Transforming lifecycle-viewmodel-savedstate-2.7.0.aar (androidx.lifecycle:lifecycle-viewmodel-savedstate:2.7.0) with ExtractAarTransform
[        ] Transforming lifecycle-viewmodel-savedstate-2.7.0.aar (androidx.lifecycle:lifecycle-viewmodel-savedstate:2.7.0) with LibrarySymbolTableTransform
[        ] Transforming core-ktx-1.13.1.aar (androidx.core:core-ktx:1.13.1) with JetifyTransform
[        ] Transforming core-ktx-1.13.1.aar (androidx.core:core-ktx:1.13.1) with ExtractAarTransform
[        ] Transforming core-ktx-1.13.1.aar (androidx.core:core-ktx:1.13.1) with LibrarySymbolTableTransform
[        ] Transforming viewpager-1.0.0.aar (androidx.viewpager:viewpager:1.0.0) with JetifyTransform
[        ] Transforming viewpager-1.0.0.aar (androidx.viewpager:viewpager:1.0.0) with ExtractAarTransform
[        ] Transforming viewpager-1.0.0.aar (androidx.viewpager:viewpager:1.0.0) with LibrarySymbolTableTransform
[        ] Transforming customview-1.0.0.aar (androidx.customview:customview:1.0.0) with JetifyTransform
[        ] Transforming customview-1.0.0.aar (androidx.customview:customview:1.0.0) with ExtractAarTransform
[        ] Transforming customview-1.0.0.aar (androidx.customview:customview:1.0.0) with LibrarySymbolTableTransform
[        ] Transforming core-1.13.1.aar (androidx.core:core:1.13.1) with JetifyTransform
[        ] Transforming core-1.13.1.aar (androidx.core:core:1.13.1) with ExtractAarTransform
[        ] Transforming core-1.13.1.aar (androidx.core:core:1.13.1) with LibrarySymbolTableTransform
[        ] Transforming core-1.13.1.aar (androidx.core:core:1.13.1) with JetifyTransform
[        ] Transforming core-1.13.1.aar (androidx.core:core:1.13.1) with ExtractAarTransform
[        ] Transforming core-1.13.1.aar (androidx.core:core:1.13.1) with LibrarySymbolTableTransform
[        ] Transforming versionedparcelable-1.1.1.aar (androidx.versionedparcelable:versionedparcelable:1.1.1) with JetifyTransform
[        ] Transforming versionedparcelable-1.1.1.aar (androidx.versionedparcelable:versionedparcelable:1.1.1) with ExtractAarTransform
[        ] Transforming versionedparcelable-1.1.1.aar (androidx.versionedparcelable:versionedparcelable:1.1.1) with LibrarySymbolTableTransform
[        ] Transforming core-runtime-2.2.0.aar (androidx.arch.core:core-runtime:2.2.0) with JetifyTransform
[        ] Transforming core-runtime-2.2.0.aar (androidx.arch.core:core-runtime:2.2.0) with ExtractAarTransform
[        ] Transforming core-runtime-2.2.0.aar (androidx.arch.core:core-runtime:2.2.0) with LibrarySymbolTableTransform
[        ] Transforming savedstate-1.2.1.aar (androidx.savedstate:savedstate:1.2.1) with JetifyTransform
[        ] Transforming savedstate-1.2.1.aar (androidx.savedstate:savedstate:1.2.1) with ExtractAarTransform
[        ] Transforming savedstate-1.2.1.aar (androidx.savedstate:savedstate:1.2.1) with LibrarySymbolTableTransform
[        ] Transforming annotation-experimental-1.4.0.aar (androidx.annotation:annotation-experimental:1.4.0) with JetifyTransform
[        ] Transforming annotation-experimental-1.4.0.aar (androidx.annotation:annotation-experimental:1.4.0) with ExtractAarTransform
[        ] Transforming annotation-experimental-1.4.0.aar (androidx.annotation:annotation-experimental:1.4.0) with LibrarySymbolTableTransform
[        ] Transforming window-1.2.0.aar (androidx.window:window:1.2.0) with JetifyTransform
[        ] Transforming window-1.2.0.aar (androidx.window:window:1.2.0) with ExtractAarTransform
[        ] Transforming window-1.2.0.aar (androidx.window:window:1.2.0) with LibrarySymbolTableTransform
[        ] Transforming window-java-1.2.0.aar (androidx.window:window-java:1.2.0) with JetifyTransform
[        ] Transforming window-java-1.2.0.aar (androidx.window:window-java:1.2.0) with ExtractAarTransform
[        ] Transforming window-java-1.2.0.aar (androidx.window:window-java:1.2.0) with LibrarySymbolTableTransform
[        ] Transforming startup-runtime-1.1.1.aar (androidx.startup:startup-runtime:1.1.1) with JetifyTransform
[        ] Transforming startup-runtime-1.1.1.aar (androidx.startup:startup-runtime:1.1.1) with ExtractAarTransform
[        ] Transforming startup-runtime-1.1.1.aar (androidx.startup:startup-runtime:1.1.1) with LibrarySymbolTableTransform
[        ] Transforming tracing-1.2.0.aar (androidx.tracing:tracing:1.2.0) with JetifyTransform
[        ] Transforming tracing-1.2.0.aar (androidx.tracing:tracing:1.2.0) with ExtractAarTransform
[        ] Transforming tracing-1.2.0.aar (androidx.tracing:tracing:1.2.0) with LibrarySymbolTableTransform
[        ] Transforming relinker-1.4.5.aar (com.getkeepsafe.relinker:relinker:1.4.5) with JetifyTransform
[        ] Transforming relinker-1.4.5.aar (com.getkeepsafe.relinker:relinker:1.4.5) with ExtractAarTransform
[        ] Transforming relinker-1.4.5.aar (com.getkeepsafe.relinker:relinker:1.4.5) with LibrarySymbolTableTransform
[        ] Transforming android.jar with PlatformAttrTransform
[        ] Caching disabled for task ':file_picker:generateReleaseRFile' because:
[        ]   Build cache is disabled
[        ] Skipping task ':file_picker:generateReleaseRFile' as it is up-to-date.
[        ] work action resolve package-aware-r.txt (project :file_picker) (Thread[#893,Execution worker Thread 4,5,main]) started.
[        ] Resolve mutations for :file_picker:javaPreCompileRelease (Thread[#893,Execution worker Thread 4,5,main]) started.
[        ] :file_picker:javaPreCompileRelease (Thread[#893,Execution worker Thread 4,5,main]) started.
[        ] > Task :file_picker:javaPreCompileRelease UP-TO-DATE
[        ] Caching disabled for task ':file_picker:javaPreCompileRelease' because:
[        ]   Build cache is disabled
[        ] Skipping task ':file_picker:javaPreCompileRelease' as it is up-to-date.
[        ] Resolve mutations for :flutter_plugin_android_lifecycle:generateReleaseBuildConfig (Thread[#893,Execution worker Thread 4,5,main]) started.
[        ] :flutter_plugin_android_lifecycle:generateReleaseBuildConfig (Thread[#893,Execution worker Thread 4,5,main]) started.
[        ] > Task :flutter_plugin_android_lifecycle:generateReleaseBuildConfig UP-TO-DATE
[        ] Caching disabled for task ':flutter_plugin_android_lifecycle:generateReleaseBuildConfig' because:
[        ]   Build cache is disabled
[        ] Skipping task ':flutter_plugin_android_lifecycle:generateReleaseBuildConfig' as it is up-to-date.
[        ] Resolve mutations for :flutter_plugin_android_lifecycle:javaPreCompileRelease (Thread[#893,Execution worker Thread 4,5,main]) started.
[        ] :flutter_plugin_android_lifecycle:javaPreCompileRelease (Thread[#893,Execution worker Thread 4,5,main]) started.
[        ] > Task :flutter_plugin_android_lifecycle:javaPreCompileRelease UP-TO-DATE
[        ] Caching disabled for task ':flutter_plugin_android_lifecycle:javaPreCompileRelease' because:
[        ]   Build cache is disabled
[        ] Skipping task ':flutter_plugin_android_lifecycle:javaPreCompileRelease' as it is up-to-date.
[        ] Resolve mutations for :flutter_plugin_android_lifecycle:compileReleaseJavaWithJavac (Thread[#893,Execution worker Thread 4,5,main]) started.
[        ] :flutter_plugin_android_lifecycle:compileReleaseJavaWithJavac (Thread[#893,Execution worker Thread 4,5,main]) started.
[  +93 ms] > Task :flutter_plugin_android_lifecycle:compileReleaseJavaWithJavac UP-TO-DATE
[        ] Transforming flutter_embedding_release-1.0.0-a8bfdfc394deaed5c57bd45a64ac4294dc976a72.jar (io.flutter:flutter_embedding_release:1.0.0-a8bfdfc394deaed5c57bd45a64ac4294dc976a72) with JetifyTransform
[        ] Transforming flutter_embedding_release-1.0.0-a8bfdfc394deaed5c57bd45a64ac4294dc976a72.jar (io.flutter:flutter_embedding_release:1.0.0-a8bfdfc394deaed5c57bd45a64ac4294dc976a72) with IdentityTransform
[        ] Transforming fragment-1.7.1.aar (androidx.fragment:fragment:1.7.1) with JetifyTransform
[        ] Transforming fragment-1.7.1.aar (androidx.fragment:fragment:1.7.1) with AarToClassTransform
[        ] Transforming activity-1.8.1.aar (androidx.activity:activity:1.8.1) with JetifyTransform
[        ] Transforming activity-1.8.1.aar (androidx.activity:activity:1.8.1) with AarToClassTransform
[        ] Transforming loader-1.0.0.aar (androidx.loader:loader:1.0.0) with JetifyTransform
[        ] Transforming loader-1.0.0.aar (androidx.loader:loader:1.0.0) with AarToClassTransform
[        ] Transforming lifecycle-livedata-core-ktx-2.7.0.aar (androidx.lifecycle:lifecycle-livedata-core-ktx:2.7.0) with JetifyTransform
[        ] Transforming lifecycle-livedata-core-ktx-2.7.0.aar (androidx.lifecycle:lifecycle-livedata-core-ktx:2.7.0) with AarToClassTransform
[        ] Transforming lifecycle-livedata-2.7.0.aar (androidx.lifecycle:lifecycle-livedata:2.7.0) with JetifyTransform
[        ] Transforming lifecycle-livedata-2.7.0.aar (androidx.lifecycle:lifecycle-livedata:2.7.0) with AarToClassTransform
[        ] Transforming lifecycle-viewmodel-2.7.0.aar (androidx.lifecycle:lifecycle-viewmodel:2.7.0) with JetifyTransform
[        ] Transforming lifecycle-viewmodel-2.7.0.aar (androidx.lifecycle:lifecycle-viewmodel:2.7.0) with AarToClassTransform
[        ] Transforming lifecycle-viewmodel-2.7.0.aar (androidx.lifecycle:lifecycle-viewmodel:2.7.0) with JetifyTransform
[        ] Transforming lifecycle-viewmodel-2.7.0.aar (androidx.lifecycle:lifecycle-viewmodel:2.7.0) with AarToClassTransform
[        ] Transforming lifecycle-livedata-core-2.7.0.aar (androidx.lifecycle:lifecycle-livedata-core:2.7.0) with JetifyTransform
[        ] Transforming lifecycle-livedata-core-2.7.0.aar (androidx.lifecycle:lifecycle-livedata-core:2.7.0) with AarToClassTransform
[        ] Transforming lifecycle-viewmodel-savedstate-2.7.0.aar (androidx.lifecycle:lifecycle-viewmodel-savedstate:2.7.0) with JetifyTransform
[        ] Transforming lifecycle-viewmodel-savedstate-2.7.0.aar (androidx.lifecycle:lifecycle-viewmodel-savedstate:2.7.0) with AarToClassTransform
[        ] Transforming core-ktx-1.13.1.aar (androidx.core:core-ktx:1.13.1) with JetifyTransform
[        ] Transforming core-ktx-1.13.1.aar (androidx.core:core-ktx:1.13.1) with AarToClassTransform
[        ] Transforming viewpager-1.0.0.aar (androidx.viewpager:viewpager:1.0.0) with JetifyTransform
[        ] Transforming viewpager-1.0.0.aar (androidx.viewpager:viewpager:1.0.0) with AarToClassTransform
[        ] Transforming customview-1.0.0.aar (androidx.customview:customview:1.0.0) with JetifyTransform
[        ] Transforming customview-1.0.0.aar (androidx.customview:customview:1.0.0) with AarToClassTransform
[        ] Transforming core-1.13.1.aar (androidx.core:core:1.13.1) with JetifyTransform
[        ] Transforming core-1.13.1.aar (androidx.core:core:1.13.1) with AarToClassTransform
[        ] Transforming core-1.13.1.aar (androidx.core:core:1.13.1) with JetifyTransform
[        ] Transforming core-1.13.1.aar (androidx.core:core:1.13.1) with AarToClassTransform
[        ] Transforming lifecycle-runtime-2.7.0.aar (androidx.lifecycle:lifecycle-runtime:2.7.0) with JetifyTransform
[        ] Transforming lifecycle-runtime-2.7.0.aar (androidx.lifecycle:lifecycle-runtime:2.7.0) with AarToClassTransform
[        ] Transforming lifecycle-process-2.7.0.aar (androidx.lifecycle:lifecycle-process:2.7.0) with JetifyTransform
[        ] Transforming lifecycle-process-2.7.0.aar (androidx.lifecycle:lifecycle-process:2.7.0) with AarToClassTransform
[        ] Transforming lifecycle-common-java8-2.7.0.jar (androidx.lifecycle:lifecycle-common-java8:2.7.0) with JetifyTransform
[        ] Transforming lifecycle-common-java8-2.7.0.jar (androidx.lifecycle:lifecycle-common-java8:2.7.0) with IdentityTransform
[        ] Transforming lifecycle-common-2.7.0.jar (androidx.lifecycle:lifecycle-common:2.7.0) with JetifyTransform
[        ] Transforming lifecycle-common-2.7.0.jar (androidx.lifecycle:lifecycle-common:2.7.0) with IdentityTransform
[        ] Transforming core-runtime-2.2.0.aar (androidx.arch.core:core-runtime:2.2.0) with JetifyTransform
[        ] Transforming core-runtime-2.2.0.aar (androidx.arch.core:core-runtime:2.2.0) with AarToClassTransform
[        ] Transforming core-common-2.2.0.jar (androidx.arch.core:core-common:2.2.0) with JetifyTransform
[        ] Transforming core-common-2.2.0.jar (androidx.arch.core:core-common:2.2.0) with IdentityTransform
[        ] Transforming versionedparcelable-1.1.1.aar (androidx.versionedparcelable:versionedparcelable:1.1.1) with JetifyTransform
[        ] Transforming versionedparcelable-1.1.1.aar (androidx.versionedparcelable:versionedparcelable:1.1.1) with AarToClassTransform
[        ] Transforming collection-1.1.0.jar (androidx.collection:collection:1.1.0) with JetifyTransform
[        ] Transforming collection-1.1.0.jar (androidx.collection:collection:1.1.0) with IdentityTransform
[        ] Transforming savedstate-1.2.1.aar (androidx.savedstate:savedstate:1.2.1) with JetifyTransform
[        ] Transforming savedstate-1.2.1.aar (androidx.savedstate:savedstate:1.2.1) with AarToClassTransform
[        ] Transforming annotation-jvm-1.9.1.jar (androidx.annotation:annotation-jvm:1.9.1) with JetifyTransform
[        ] Transforming annotation-jvm-1.9.1.jar (androidx.annotation:annotation-jvm:1.9.1) with IdentityTransform
[        ] Transforming window-1.2.0.aar (androidx.window:window:1.2.0) with JetifyTransform
[        ] Transforming window-1.2.0.aar (androidx.window:window:1.2.0) with AarToClassTransform
[        ] Transforming window-java-1.2.0.aar (androidx.window:window-java:1.2.0) with JetifyTransform
[        ] Transforming window-java-1.2.0.aar (androidx.window:window-java:1.2.0) with AarToClassTransform
[        ] Transforming annotation-experimental-1.4.0.aar (androidx.annotation:annotation-experimental:1.4.0) with JetifyTransform
[        ] Transforming annotation-experimental-1.4.0.aar (androidx.annotation:annotation-experimental:1.4.0) with AarToClassTransform
[        ] Transforming kotlinx-coroutines-android-1.7.1.jar (org.jetbrains.kotlinx:kotlinx-coroutines-android:1.7.1) with JetifyTransform
[        ] Transforming kotlinx-coroutines-android-1.7.1.jar (org.jetbrains.kotlinx:kotlinx-coroutines-android:1.7.1) with IdentityTransform
[        ] Transforming kotlinx-coroutines-core-jvm-1.7.1.jar (org.jetbrains.kotlinx:kotlinx-coroutines-core-jvm:1.7.1) with JetifyTransform
[        ] Transforming kotlinx-coroutines-core-jvm-1.7.1.jar (org.jetbrains.kotlinx:kotlinx-coroutines-core-jvm:1.7.1) with IdentityTransform
[        ] Transforming kotlin-stdlib-jdk8-1.8.20.jar (org.jetbrains.kotlin:kotlin-stdlib-jdk8:1.8.20) with JetifyTransform
[        ] Transforming kotlin-stdlib-jdk8-1.8.20.jar (org.jetbrains.kotlin:kotlin-stdlib-jdk8:1.8.20) with IdentityTransform
[        ] Transforming kotlin-stdlib-jdk7-1.8.20.jar (org.jetbrains.kotlin:kotlin-stdlib-jdk7:1.8.20) with JetifyTransform
[        ] Transforming kotlin-stdlib-jdk7-1.8.20.jar (org.jetbrains.kotlin:kotlin-stdlib-jdk7:1.8.20) with IdentityTransform
[        ] Transforming kotlin-stdlib-1.9.24.jar (org.jetbrains.kotlin:kotlin-stdlib:1.9.24) with JetifyTransform
[        ] Transforming kotlin-stdlib-1.9.24.jar (org.jetbrains.kotlin:kotlin-stdlib:1.9.24) with IdentityTransform
[        ] Transforming annotations-23.0.0.jar (org.jetbrains:annotations:23.0.0) with JetifyTransform
[        ] Transforming annotations-23.0.0.jar (org.jetbrains:annotations:23.0.0) with IdentityTransform
[        ] Transforming startup-runtime-1.1.1.aar (androidx.startup:startup-runtime:1.1.1) with JetifyTransform
[        ] Transforming startup-runtime-1.1.1.aar (androidx.startup:startup-runtime:1.1.1) with AarToClassTransform
[        ] Transforming tracing-1.2.0.aar (androidx.tracing:tracing:1.2.0) with JetifyTransform
[        ] Transforming tracing-1.2.0.aar (androidx.tracing:tracing:1.2.0) with AarToClassTransform
[        ] Transforming relinker-1.4.5.aar (com.getkeepsafe.relinker:relinker:1.4.5) with JetifyTransform
[        ] Transforming relinker-1.4.5.aar (com.getkeepsafe.relinker:relinker:1.4.5) with AarToClassTransform
[        ] Transforming core-for-system-modules.jar with JdkImageTransform
[        ] Transforming core-for-system-modules.jar with JdkImageTransform
[        ] Transforming core-for-system-modules.jar with JdkImageTransform
[        ] Transforming core-for-system-modules.jar with JdkImageTransform
[        ] Transforming core-for-system-modules.jar with JdkImageTransform
[        ] Transforming core-for-system-modules.jar with JdkImageTransform
[        ] Custom actions are attached to task ':flutter_plugin_android_lifecycle:compileReleaseJavaWithJavac'.
[        ] Caching disabled for task ':flutter_plugin_android_lifecycle:compileReleaseJavaWithJavac' because:
[        ]   Build cache is disabled
[        ] Skipping task ':flutter_plugin_android_lifecycle:compileReleaseJavaWithJavac' as it is up-to-date.
[        ] No compile result for :flutter_plugin_android_lifecycle:compileReleaseJavaWithJavac
[        ] No compile result for :flutter_plugin_android_lifecycle:compileReleaseJavaWithJavac
[        ] Resolve mutations for :flutter_plugin_android_lifecycle:bundleLibCompileToJarRelease (Thread[#893,Execution worker Thread 4,5,main]) started.
[        ] :flutter_plugin_android_lifecycle:bundleLibCompileToJarRelease (Thread[#893,Execution worker Thread 4,5,main]) started.
[        ] > Task :flutter_plugin_android_lifecycle:bundleLibCompileToJarRelease UP-TO-DATE
[        ] Caching disabled for task ':flutter_plugin_android_lifecycle:bundleLibCompileToJarRelease' because:
[        ]   Build cache is disabled
[        ]   Simple merging task
[        ] Skipping task ':flutter_plugin_android_lifecycle:bundleLibCompileToJarRelease' as it is up-to-date.
[        ] work action resolve classes.jar (project :flutter_plugin_android_lifecycle) (Thread[#893,Execution worker Thread 4,5,main]) started.
[        ] Resolve mutations for :file_picker:compileReleaseJavaWithJavac (Thread[#893,Execution worker Thread 4,5,main]) started.
[        ] :file_picker:compileReleaseJavaWithJavac (Thread[#893,Execution worker Thread 4,5,main]) started.
[        ] > Task :file_picker:compileReleaseJavaWithJavac UP-TO-DATE
[        ] Transforming flutter_embedding_release-1.0.0-a8bfdfc394deaed5c57bd45a64ac4294dc976a72.jar (io.flutter:flutter_embedding_release:1.0.0-a8bfdfc394deaed5c57bd45a64ac4294dc976a72) with JetifyTransform
[        ] Transforming flutter_embedding_release-1.0.0-a8bfdfc394deaed5c57bd45a64ac4294dc976a72.jar (io.flutter:flutter_embedding_release:1.0.0-a8bfdfc394deaed5c57bd45a64ac4294dc976a72) with IdentityTransform
[        ] Transforming fragment-1.7.1.aar (androidx.fragment:fragment:1.7.1) with JetifyTransform
[        ] Transforming fragment-1.7.1.aar (androidx.fragment:fragment:1.7.1) with AarToClassTransform
[        ] Transforming activity-1.8.1.aar (androidx.activity:activity:1.8.1) with JetifyTransform
[        ] Transforming activity-1.8.1.aar (androidx.activity:activity:1.8.1) with AarToClassTransform
[        ] Transforming loader-1.0.0.aar (androidx.loader:loader:1.0.0) with JetifyTransform
[        ] Transforming loader-1.0.0.aar (androidx.loader:loader:1.0.0) with AarToClassTransform
[        ] Transforming lifecycle-livedata-core-ktx-2.7.0.aar (androidx.lifecycle:lifecycle-livedata-core-ktx:2.7.0) with JetifyTransform
[        ] Transforming lifecycle-livedata-core-ktx-2.7.0.aar (androidx.lifecycle:lifecycle-livedata-core-ktx:2.7.0) with AarToClassTransform
[        ] Transforming lifecycle-livedata-2.7.0.aar (androidx.lifecycle:lifecycle-livedata:2.7.0) with JetifyTransform
[        ] Transforming lifecycle-livedata-2.7.0.aar (androidx.lifecycle:lifecycle-livedata:2.7.0) with AarToClassTransform
[        ] Transforming lifecycle-viewmodel-2.7.0.aar (androidx.lifecycle:lifecycle-viewmodel:2.7.0) with JetifyTransform
[        ] Transforming lifecycle-viewmodel-2.7.0.aar (androidx.lifecycle:lifecycle-viewmodel:2.7.0) with AarToClassTransform
[        ] Transforming lifecycle-viewmodel-2.7.0.aar (androidx.lifecycle:lifecycle-viewmodel:2.7.0) with JetifyTransform
[        ] Transforming lifecycle-viewmodel-2.7.0.aar (androidx.lifecycle:lifecycle-viewmodel:2.7.0) with AarToClassTransform
[        ] Transforming lifecycle-livedata-core-2.7.0.aar (androidx.lifecycle:lifecycle-livedata-core:2.7.0) with JetifyTransform
[        ] Transforming lifecycle-livedata-core-2.7.0.aar (androidx.lifecycle:lifecycle-livedata-core:2.7.0) with AarToClassTransform
[        ] Transforming lifecycle-common-java8-2.7.0.jar (androidx.lifecycle:lifecycle-common-java8:2.7.0) with JetifyTransform
[        ] Transforming lifecycle-common-java8-2.7.0.jar (androidx.lifecycle:lifecycle-common-java8:2.7.0) with IdentityTransform
[        ] Transforming lifecycle-common-2.7.0.jar (androidx.lifecycle:lifecycle-common:2.7.0) with JetifyTransform
[        ] Transforming lifecycle-common-2.7.0.jar (androidx.lifecycle:lifecycle-common:2.7.0) with IdentityTransform
[        ] Transforming lifecycle-runtime-2.7.0.aar (androidx.lifecycle:lifecycle-runtime:2.7.0) with JetifyTransform
[        ] Transforming lifecycle-runtime-2.7.0.aar (androidx.lifecycle:lifecycle-runtime:2.7.0) with AarToClassTransform
[        ] Transforming lifecycle-process-2.7.0.aar (androidx.lifecycle:lifecycle-process:2.7.0) with JetifyTransform
[        ] Transforming lifecycle-process-2.7.0.aar (androidx.lifecycle:lifecycle-process:2.7.0) with AarToClassTransform
[        ] Transforming lifecycle-viewmodel-savedstate-2.7.0.aar (androidx.lifecycle:lifecycle-viewmodel-savedstate:2.7.0) with JetifyTransform
[        ] Transforming lifecycle-viewmodel-savedstate-2.7.0.aar (androidx.lifecycle:lifecycle-viewmodel-savedstate:2.7.0) with AarToClassTransform
[        ] Transforming core-ktx-1.13.1.aar (androidx.core:core-ktx:1.13.1) with JetifyTransform
[        ] Transforming core-ktx-1.13.1.aar (androidx.core:core-ktx:1.13.1) with AarToClassTransform
[        ] Transforming viewpager-1.0.0.aar (androidx.viewpager:viewpager:1.0.0) with JetifyTransform
[        ] Transforming viewpager-1.0.0.aar (androidx.viewpager:viewpager:1.0.0) with AarToClassTransform
[        ] Transforming customview-1.0.0.aar (androidx.customview:customview:1.0.0) with JetifyTransform
[        ] Transforming customview-1.0.0.aar (androidx.customview:customview:1.0.0) with AarToClassTransform
[        ] Transforming core-1.13.1.aar (androidx.core:core:1.13.1) with JetifyTransform
[        ] Transforming core-1.13.1.aar (androidx.core:core:1.13.1) with AarToClassTransform
[        ] Transforming core-1.13.1.aar (androidx.core:core:1.13.1) with JetifyTransform
[        ] Transforming core-1.13.1.aar (androidx.core:core:1.13.1) with AarToClassTransform
[        ] Transforming versionedparcelable-1.1.1.aar (androidx.versionedparcelable:versionedparcelable:1.1.1) with JetifyTransform
[        ] Transforming versionedparcelable-1.1.1.aar (androidx.versionedparcelable:versionedparcelable:1.1.1) with AarToClassTransform
[        ] Transforming core-runtime-2.2.0.aar (androidx.arch.core:core-runtime:2.2.0) with JetifyTransform
[        ] Transforming core-runtime-2.2.0.aar (androidx.arch.core:core-runtime:2.2.0) with AarToClassTransform
[        ] Transforming core-common-2.2.0.jar (androidx.arch.core:core-common:2.2.0) with JetifyTransform
[        ] Transforming core-common-2.2.0.jar (androidx.arch.core:core-common:2.2.0) with IdentityTransform
[        ] Transforming collection-1.1.0.jar (androidx.collection:collection:1.1.0) with JetifyTransform
[        ] Transforming collection-1.1.0.jar (androidx.collection:collection:1.1.0) with IdentityTransform
[        ] Transforming savedstate-1.2.1.aar (androidx.savedstate:savedstate:1.2.1) with JetifyTransform
[        ] Transforming savedstate-1.2.1.aar (androidx.savedstate:savedstate:1.2.1) with AarToClassTransform
[        ] Transforming annotation-jvm-1.9.1.jar (androidx.annotation:annotation-jvm:1.9.1) with JetifyTransform
[        ] Transforming annotation-jvm-1.9.1.jar (androidx.annotation:annotation-jvm:1.9.1) with IdentityTransform
[        ] Transforming annotation-experimental-1.4.0.aar (androidx.annotation:annotation-experimental:1.4.0) with JetifyTransform
[        ] Transforming annotation-experimental-1.4.0.aar (androidx.annotation:annotation-experimental:1.4.0) with AarToClassTransform
[        ] Transforming window-1.2.0.aar (androidx.window:window:1.2.0) with JetifyTransform
[        ] Transforming window-1.2.0.aar (androidx.window:window:1.2.0) with AarToClassTransform
[        ] Transforming window-java-1.2.0.aar (androidx.window:window-java:1.2.0) with JetifyTransform
[        ] Transforming window-java-1.2.0.aar (androidx.window:window-java:1.2.0) with AarToClassTransform
[        ] Transforming kotlinx-coroutines-android-1.7.1.jar (org.jetbrains.kotlinx:kotlinx-coroutines-android:1.7.1) with JetifyTransform
[        ] Transforming kotlinx-coroutines-android-1.7.1.jar (org.jetbrains.kotlinx:kotlinx-coroutines-android:1.7.1) with IdentityTransform
[        ] Transforming kotlinx-coroutines-core-jvm-1.7.1.jar (org.jetbrains.kotlinx:kotlinx-coroutines-core-jvm:1.7.1) with JetifyTransform
[        ] Transforming kotlinx-coroutines-core-jvm-1.7.1.jar (org.jetbrains.kotlinx:kotlinx-coroutines-core-jvm:1.7.1) with IdentityTransform
[        ] Transforming kotlin-stdlib-jdk8-1.8.20.jar (org.jetbrains.kotlin:kotlin-stdlib-jdk8:1.8.20) with JetifyTransform
[        ] Transforming kotlin-stdlib-jdk8-1.8.20.jar (org.jetbrains.kotlin:kotlin-stdlib-jdk8:1.8.20) with IdentityTransform
[        ] Transforming kotlin-stdlib-jdk7-1.8.20.jar (org.jetbrains.kotlin:kotlin-stdlib-jdk7:1.8.20) with JetifyTransform
[        ] Transforming kotlin-stdlib-jdk7-1.8.20.jar (org.jetbrains.kotlin:kotlin-stdlib-jdk7:1.8.20) with IdentityTransform
[        ] Transforming kotlin-stdlib-1.9.24.jar (org.jetbrains.kotlin:kotlin-stdlib:1.9.24) with JetifyTransform
[        ] Transforming kotlin-stdlib-1.9.24.jar (org.jetbrains.kotlin:kotlin-stdlib:1.9.24) with IdentityTransform
[        ] Transforming annotations-23.0.0.jar (org.jetbrains:annotations:23.0.0) with JetifyTransform
[        ] Transforming annotations-23.0.0.jar (org.jetbrains:annotations:23.0.0) with IdentityTransform
[        ] Transforming startup-runtime-1.1.1.aar (androidx.startup:startup-runtime:1.1.1) with JetifyTransform
[        ] Transforming startup-runtime-1.1.1.aar (androidx.startup:startup-runtime:1.1.1) with AarToClassTransform
[        ] Transforming tracing-1.2.0.aar (androidx.tracing:tracing:1.2.0) with JetifyTransform
[        ] Transforming tracing-1.2.0.aar (androidx.tracing:tracing:1.2.0) with AarToClassTransform
[        ] Transforming relinker-1.4.5.aar (com.getkeepsafe.relinker:relinker:1.4.5) with JetifyTransform
[        ] Transforming relinker-1.4.5.aar (com.getkeepsafe.relinker:relinker:1.4.5) with AarToClassTransform
[        ] Custom actions are attached to task ':file_picker:compileReleaseJavaWithJavac'.
[        ] Caching disabled for task ':file_picker:compileReleaseJavaWithJavac' because:
[        ]   Build cache is disabled
[        ] Skipping task ':file_picker:compileReleaseJavaWithJavac' as it is up-to-date.
[        ] No compile result for :file_picker:compileReleaseJavaWithJavac
[        ] No compile result for :file_picker:compileReleaseJavaWithJavac
[        ] Resolve mutations for :file_picker:mergeReleaseGeneratedProguardFiles (Thread[#893,Execution worker Thread 4,5,main]) started.
[        ] :file_picker:mergeReleaseGeneratedProguardFiles (Thread[#893,Execution worker Thread 4,5,main]) started.
[        ] > Task :file_picker:mergeReleaseGeneratedProguardFiles UP-TO-DATE
[        ] Caching disabled for task ':file_picker:mergeReleaseGeneratedProguardFiles' because:
[        ]   Build cache is disabled
[        ]   Simple merging task
[        ] Skipping task ':file_picker:mergeReleaseGeneratedProguardFiles' as it is up-to-date.
[        ] Resolve mutations for :file_picker:exportReleaseConsumerProguardFiles (Thread[#893,Execution worker Thread 4,5,main]) started.
[        ] :file_picker:exportReleaseConsumerProguardFiles (Thread[#893,Execution worker Thread 4,5,main]) started.
[        ] > Task :file_picker:exportReleaseConsumerProguardFiles UP-TO-DATE
[        ] Caching disabled for task ':file_picker:exportReleaseConsumerProguardFiles' because:
[        ]   Build cache is disabled
[        ]   Caching has been disabled for the task
[        ] Skipping task ':file_picker:exportReleaseConsumerProguardFiles' as it is up-to-date.
[        ] work action resolve exportReleaseConsumerProguardFiles (project :file_picker) (Thread[#893,Execution worker Thread 4,5,main]) started.
[        ] FilterShrinkerRulesTransform (Thread[#893,Execution worker Thread 4,5,main]) started.
[        ] Resolve mutations for :image_picker_android:preBuild (Thread[#898,Execution worker Thread 9,5,main]) started.
[        ] > Transform exportReleaseConsumerProguardFiles (project :file_picker) with FilterShrinkerRulesTransform
[        ] Transforming exportReleaseConsumerProguardFiles (project :file_picker) with FilterShrinkerRulesTransform
[        ] :image_picker_android:preBuild (Thread[#898,Execution worker Thread 9,5,main]) started.
[        ] > Task :image_picker_android:preBuild UP-TO-DATE
[        ] Skipping task ':image_picker_android:preBuild' as it has no actions.
[        ] Resolve mutations for :image_picker_android:preReleaseBuild (Thread[#898,Execution worker Thread 9,5,main]) started.
[        ] :image_picker_android:preReleaseBuild (Thread[#898,Execution worker Thread 9,5,main]) started.
[        ] > Task :image_picker_android:preReleaseBuild UP-TO-DATE
[        ] Skipping task ':image_picker_android:preReleaseBuild' as it has no actions.
[        ] Resolve mutations for :image_picker_android:generateReleaseBuildConfig (Thread[#898,Execution worker Thread 9,5,main]) started.
[        ] :image_picker_android:generateReleaseBuildConfig (Thread[#898,Execution worker Thread 9,5,main]) started.
[        ] > Task :image_picker_android:generateReleaseBuildConfig UP-TO-DATE
[        ] Caching disabled for task ':image_picker_android:generateReleaseBuildConfig' because:
[        ]   Build cache is disabled
[        ] Skipping task ':image_picker_android:generateReleaseBuildConfig' as it is up-to-date.
[        ] Resolve mutations for :image_picker_android:generateReleaseResValues (Thread[#898,Execution worker Thread 9,5,main]) started.
[        ] :image_picker_android:generateReleaseResValues (Thread[#889,included builds,5,main]) started.
[        ] > Task :image_picker_android:generateReleaseResValues UP-TO-DATE
[        ] Caching disabled for task ':image_picker_android:generateReleaseResValues' because:
[        ]   Build cache is disabled
[        ] Skipping task ':image_picker_android:generateReleaseResValues' as it is up-to-date.
[        ] Resolve mutations for :image_picker_android:generateReleaseResources (Thread[#889,included builds,5,main]) started.
[        ] :image_picker_android:generateReleaseResources (Thread[#889,included builds,5,main]) started.
[        ] > Task :image_picker_android:generateReleaseResources UP-TO-DATE
[        ] Caching disabled for task ':image_picker_android:generateReleaseResources' because:
[        ]   Build cache is disabled
[        ] Skipping task ':image_picker_android:generateReleaseResources' as it is up-to-date.
[        ] Resolve mutations for :image_picker_android:packageReleaseResources (Thread[#889,included builds,5,main]) started.
[        ] :image_picker_android:packageReleaseResources (Thread[#889,included builds,5,main]) started.
[        ] > Task :image_picker_android:packageReleaseResources UP-TO-DATE
[        ] Caching disabled for task ':image_picker_android:packageReleaseResources' because:
[        ]   Build cache is disabled
[        ] Skipping task ':image_picker_android:packageReleaseResources' as it is up-to-date.
[        ] work action resolve packageReleaseResources (project :image_picker_android) (Thread[#889,included builds,5,main]) started.
[        ] Resolve mutations for :image_picker_android:parseReleaseLocalResources (Thread[#889,included builds,5,main]) started.
[        ] :image_picker_android:parseReleaseLocalResources (Thread[#889,included builds,5,main]) started.
[        ] > Task :image_picker_android:parseReleaseLocalResources UP-TO-DATE
[        ] Transforming android.jar with PlatformAttrTransform
[        ] Transforming android.jar with PlatformAttrTransform
[        ] Caching disabled for task ':image_picker_android:parseReleaseLocalResources' because:
[        ]   Build cache is disabled
[        ] Skipping task ':image_picker_android:parseReleaseLocalResources' as it is up-to-date.
[        ] Resolve mutations for :image_picker_android:generateReleaseRFile (Thread[#889,included builds,5,main]) started.
[        ] :image_picker_android:generateReleaseRFile (Thread[#889,included builds,5,main]) started.
[        ] > Task :image_picker_android:generateReleaseRFile UP-TO-DATE
[        ] Transforming fragment-1.7.1.aar (androidx.fragment:fragment:1.7.1) with JetifyTransform
[        ] Transforming fragment-1.7.1.aar (androidx.fragment:fragment:1.7.1) with ExtractAarTransform
[        ] Transforming fragment-1.7.1.aar (androidx.fragment:fragment:1.7.1) with LibrarySymbolTableTransform
[        ] Transforming loader-1.0.0.aar (androidx.loader:loader:1.0.0) with JetifyTransform
[        ] Transforming loader-1.0.0.aar (androidx.loader:loader:1.0.0) with ExtractAarTransform
[        ] Transforming loader-1.0.0.aar (androidx.loader:loader:1.0.0) with LibrarySymbolTableTransform
[        ] Transforming lifecycle-livedata-core-ktx-2.7.0.aar (androidx.lifecycle:lifecycle-livedata-core-ktx:2.7.0) with JetifyTransform
[        ] Transforming lifecycle-livedata-core-ktx-2.7.0.aar (androidx.lifecycle:lifecycle-livedata-core-ktx:2.7.0) with ExtractAarTransform
[        ] Transforming lifecycle-livedata-core-ktx-2.7.0.aar (androidx.lifecycle:lifecycle-livedata-core-ktx:2.7.0) with LibrarySymbolTableTransform
[        ] Transforming lifecycle-livedata-2.7.0.aar (androidx.lifecycle:lifecycle-livedata:2.7.0) with JetifyTransform
[        ] Transforming lifecycle-livedata-2.7.0.aar (androidx.lifecycle:lifecycle-livedata:2.7.0) with ExtractAarTransform
[        ] Transforming lifecycle-livedata-2.7.0.aar (androidx.lifecycle:lifecycle-livedata:2.7.0) with LibrarySymbolTableTransform
[        ] Transforming lifecycle-livedata-core-2.7.0.aar (androidx.lifecycle:lifecycle-livedata-core:2.7.0) with JetifyTransform
[        ] Transforming lifecycle-livedata-core-2.7.0.aar (androidx.lifecycle:lifecycle-livedata-core:2.7.0) with ExtractAarTransform
[        ] Transforming lifecycle-livedata-core-2.7.0.aar (androidx.lifecycle:lifecycle-livedata-core:2.7.0) with LibrarySymbolTableTransform
[        ] Transforming lifecycle-process-2.7.0.aar (androidx.lifecycle:lifecycle-process:2.7.0) with JetifyTransform
[        ] Transforming lifecycle-process-2.7.0.aar (androidx.lifecycle:lifecycle-process:2.7.0) with ExtractAarTransform
[        ] Transforming lifecycle-process-2.7.0.aar (androidx.lifecycle:lifecycle-process:2.7.0) with LibrarySymbolTableTransform
[        ] Transforming lifecycle-viewmodel-2.7.0.aar (androidx.lifecycle:lifecycle-viewmodel:2.7.0) with JetifyTransform
[        ] Transforming activity-1.9.3.aar (androidx.activity:activity:1.9.3) with JetifyTransform
[        ] Transforming lifecycle-viewmodel-2.7.0.aar (androidx.lifecycle:lifecycle-viewmodel:2.7.0) with ExtractAarTransform
[        ] Transforming activity-1.9.3.aar (androidx.activity:activity:1.9.3) with ExtractAarTransform
[        ] Transforming lifecycle-viewmodel-2.7.0.aar (androidx.lifecycle:lifecycle-viewmodel:2.7.0) with LibrarySymbolTableTransform
[        ] Transforming activity-1.9.3.aar (androidx.activity:activity:1.9.3) with LibrarySymbolTableTransform
[        ] Transforming lifecycle-viewmodel-2.7.0.aar (androidx.lifecycle:lifecycle-viewmodel:2.7.0) with JetifyTransform
[        ] Transforming lifecycle-viewmodel-2.7.0.aar (androidx.lifecycle:lifecycle-viewmodel:2.7.0) with ExtractAarTransform
[        ] Transforming lifecycle-viewmodel-2.7.0.aar (androidx.lifecycle:lifecycle-viewmodel:2.7.0) with LibrarySymbolTableTransform
[        ] Transforming lifecycle-runtime-2.7.0.aar (androidx.lifecycle:lifecycle-runtime:2.7.0) with JetifyTransform
[        ] Transforming lifecycle-runtime-2.7.0.aar (androidx.lifecycle:lifecycle-runtime:2.7.0) with ExtractAarTransform
[        ] Transforming lifecycle-runtime-2.7.0.aar (androidx.lifecycle:lifecycle-runtime:2.7.0) with LibrarySymbolTableTransform
[        ] Transforming lifecycle-viewmodel-savedstate-2.7.0.aar (androidx.lifecycle:lifecycle-viewmodel-savedstate:2.7.0) with JetifyTransform
[        ] Transforming lifecycle-viewmodel-savedstate-2.7.0.aar (androidx.lifecycle:lifecycle-viewmodel-savedstate:2.7.0) with ExtractAarTransform
[        ] Transforming lifecycle-viewmodel-savedstate-2.7.0.aar (androidx.lifecycle:lifecycle-viewmodel-savedstate:2.7.0) with LibrarySymbolTableTransform
[        ] Transforming core-ktx-1.13.1.aar (androidx.core:core-ktx:1.13.1) with JetifyTransform
[        ] Transforming core-ktx-1.13.1.aar (androidx.core:core-ktx:1.13.1) with ExtractAarTransform
[        ] Transforming core-ktx-1.13.1.aar (androidx.core:core-ktx:1.13.1) with LibrarySymbolTableTransform
[        ] Transforming viewpager-1.0.0.aar (androidx.viewpager:viewpager:1.0.0) with JetifyTransform
[        ] Transforming viewpager-1.0.0.aar (androidx.viewpager:viewpager:1.0.0) with ExtractAarTransform
[        ] Transforming viewpager-1.0.0.aar (androidx.viewpager:viewpager:1.0.0) with LibrarySymbolTableTransform
[        ] Transforming customview-1.0.0.aar (androidx.customview:customview:1.0.0) with JetifyTransform
[        ] Transforming customview-1.0.0.aar (androidx.customview:customview:1.0.0) with ExtractAarTransform
[        ] Transforming customview-1.0.0.aar (androidx.customview:customview:1.0.0) with LibrarySymbolTableTransform
[        ] Transforming core-1.13.1.aar (androidx.core:core:1.13.1) with JetifyTransform
[        ] Transforming core-1.13.1.aar (androidx.core:core:1.13.1) with ExtractAarTransform
[        ] Transforming core-1.13.1.aar (androidx.core:core:1.13.1) with LibrarySymbolTableTransform
[        ] Transforming core-1.13.1.aar (androidx.core:core:1.13.1) with JetifyTransform
[        ] Transforming core-1.13.1.aar (androidx.core:core:1.13.1) with ExtractAarTransform
[        ] Transforming core-1.13.1.aar (androidx.core:core:1.13.1) with LibrarySymbolTableTransform
[        ] Transforming versionedparcelable-1.1.1.aar (androidx.versionedparcelable:versionedparcelable:1.1.1) with JetifyTransform
[        ] Transforming versionedparcelable-1.1.1.aar (androidx.versionedparcelable:versionedparcelable:1.1.1) with ExtractAarTransform
[        ] Transforming versionedparcelable-1.1.1.aar (androidx.versionedparcelable:versionedparcelable:1.1.1) with LibrarySymbolTableTransform
[        ] Transforming savedstate-1.2.1.aar (androidx.savedstate:savedstate:1.2.1) with JetifyTransform
[        ] Transforming savedstate-1.2.1.aar (androidx.savedstate:savedstate:1.2.1) with ExtractAarTransform
[        ] Transforming savedstate-1.2.1.aar (androidx.savedstate:savedstate:1.2.1) with LibrarySymbolTableTransform
[        ] Transforming core-runtime-2.2.0.aar (androidx.arch.core:core-runtime:2.2.0) with JetifyTransform
[        ] Transforming core-runtime-2.2.0.aar (androidx.arch.core:core-runtime:2.2.0) with ExtractAarTransform
[        ] Transforming core-runtime-2.2.0.aar (androidx.arch.core:core-runtime:2.2.0) with LibrarySymbolTableTransform
[        ] Transforming annotation-experimental-1.4.0.aar (androidx.annotation:annotation-experimental:1.4.0) with JetifyTransform
[        ] Transforming annotation-experimental-1.4.0.aar (androidx.annotation:annotation-experimental:1.4.0) with ExtractAarTransform
[        ] Transforming annotation-experimental-1.4.0.aar (androidx.annotation:annotation-experimental:1.4.0) with LibrarySymbolTableTransform
[        ] Transforming window-1.2.0.aar (androidx.window:window:1.2.0) with JetifyTransform
[        ] Transforming window-1.2.0.aar (androidx.window:window:1.2.0) with ExtractAarTransform
[        ] Transforming window-1.2.0.aar (androidx.window:window:1.2.0) with LibrarySymbolTableTransform
[        ] Transforming window-java-1.2.0.aar (androidx.window:window-java:1.2.0) with JetifyTransform
[        ] Transforming window-java-1.2.0.aar (androidx.window:window-java:1.2.0) with ExtractAarTransform
[        ] Transforming window-java-1.2.0.aar (androidx.window:window-java:1.2.0) with LibrarySymbolTableTransform
[        ] Transforming startup-runtime-1.1.1.aar (androidx.startup:startup-runtime:1.1.1) with JetifyTransform
[        ] Transforming startup-runtime-1.1.1.aar (androidx.startup:startup-runtime:1.1.1) with ExtractAarTransform
[        ] Transforming exifinterface-1.3.7.aar (androidx.exifinterface:exifinterface:1.3.7) with JetifyTransform
[        ] Transforming startup-runtime-1.1.1.aar (androidx.startup:startup-runtime:1.1.1) with LibrarySymbolTableTransform
[        ] Transforming exifinterface-1.3.7.aar (androidx.exifinterface:exifinterface:1.3.7) with ExtractAarTransform
[        ] Transforming tracing-1.2.0.aar (androidx.tracing:tracing:1.2.0) with JetifyTransform
[        ] Transforming exifinterface-1.3.7.aar (androidx.exifinterface:exifinterface:1.3.7) with LibrarySymbolTableTransform
[        ] Transforming tracing-1.2.0.aar (androidx.tracing:tracing:1.2.0) with ExtractAarTransform
[        ] Transforming tracing-1.2.0.aar (androidx.tracing:tracing:1.2.0) with LibrarySymbolTableTransform
[        ] Transforming relinker-1.4.5.aar (com.getkeepsafe.relinker:relinker:1.4.5) with JetifyTransform
[        ] Transforming relinker-1.4.5.aar (com.getkeepsafe.relinker:relinker:1.4.5) with ExtractAarTransform
[        ] Transforming relinker-1.4.5.aar (com.getkeepsafe.relinker:relinker:1.4.5) with LibrarySymbolTableTransform
[        ] Transforming android.jar with PlatformAttrTransform
[        ] Caching disabled for task ':image_picker_android:generateReleaseRFile' because:
[        ]   Build cache is disabled
[        ] Skipping task ':image_picker_android:generateReleaseRFile' as it is up-to-date.
[        ] work action resolve package-aware-r.txt (project :image_picker_android) (Thread[#889,included builds,5,main]) started.
[        ] Resolve mutations for :image_picker_android:javaPreCompileRelease (Thread[#889,included builds,5,main]) started.
[        ] :image_picker_android:javaPreCompileRelease (Thread[#889,included builds,5,main]) started.
[        ] > Task :image_picker_android:javaPreCompileRelease UP-TO-DATE
[        ] Caching disabled for task ':image_picker_android:javaPreCompileRelease' because:
[        ]   Build cache is disabled
[        ] Skipping task ':image_picker_android:javaPreCompileRelease' as it is up-to-date.
[        ] Resolve mutations for :image_picker_android:compileReleaseJavaWithJavac (Thread[#889,included builds,5,main]) started.
[        ] :image_picker_android:compileReleaseJavaWithJavac (Thread[#889,included builds,5,main]) started.
[        ] > Task :image_picker_android:compileReleaseJavaWithJavac UP-TO-DATE
[        ] Transforming flutter_embedding_release-1.0.0-a8bfdfc394deaed5c57bd45a64ac4294dc976a72.jar (io.flutter:flutter_embedding_release:1.0.0-a8bfdfc394deaed5c57bd45a64ac4294dc976a72) with JetifyTransform
[        ] Transforming flutter_embedding_release-1.0.0-a8bfdfc394deaed5c57bd45a64ac4294dc976a72.jar (io.flutter:flutter_embedding_release:1.0.0-a8bfdfc394deaed5c57bd45a64ac4294dc976a72) with IdentityTransform
[        ] Transforming fragment-1.7.1.aar (androidx.fragment:fragment:1.7.1) with JetifyTransform
[        ] Transforming fragment-1.7.1.aar (androidx.fragment:fragment:1.7.1) with AarToClassTransform
[        ] Transforming activity-1.9.3.aar (androidx.activity:activity:1.9.3) with JetifyTransform
[        ] Transforming activity-1.9.3.aar (androidx.activity:activity:1.9.3) with AarToClassTransform
[        ] Transforming loader-1.0.0.aar (androidx.loader:loader:1.0.0) with JetifyTransform
[        ] Transforming loader-1.0.0.aar (androidx.loader:loader:1.0.0) with AarToClassTransform
[        ] Transforming lifecycle-livedata-core-ktx-2.7.0.aar (androidx.lifecycle:lifecycle-livedata-core-ktx:2.7.0) with JetifyTransform
[        ] Transforming lifecycle-livedata-core-ktx-2.7.0.aar (androidx.lifecycle:lifecycle-livedata-core-ktx:2.7.0) with AarToClassTransform
[        ] Transforming lifecycle-livedata-2.7.0.aar (androidx.lifecycle:lifecycle-livedata:2.7.0) with JetifyTransform
[        ] Transforming lifecycle-livedata-2.7.0.aar (androidx.lifecycle:lifecycle-livedata:2.7.0) with AarToClassTransform
[        ] Transforming lifecycle-livedata-core-2.7.0.aar (androidx.lifecycle:lifecycle-livedata-core:2.7.0) with JetifyTransform
[        ] Transforming lifecycle-livedata-core-2.7.0.aar (androidx.lifecycle:lifecycle-livedata-core:2.7.0) with AarToClassTransform
[        ] Transforming lifecycle-process-2.7.0.aar (androidx.lifecycle:lifecycle-process:2.7.0) with JetifyTransform
[        ] Transforming lifecycle-process-2.7.0.aar (androidx.lifecycle:lifecycle-process:2.7.0) with AarToClassTransform
[        ] Transforming lifecycle-common-java8-2.7.0.jar (androidx.lifecycle:lifecycle-common-java8:2.7.0) with JetifyTransform
[        ] Transforming lifecycle-common-java8-2.7.0.jar (androidx.lifecycle:lifecycle-common-java8:2.7.0) with IdentityTransform
[        ] Transforming lifecycle-common-2.7.0.jar (androidx.lifecycle:lifecycle-common:2.7.0) with JetifyTransform
[        ] Transforming lifecycle-common-2.7.0.jar (androidx.lifecycle:lifecycle-common:2.7.0) with IdentityTransform
[        ] Transforming lifecycle-viewmodel-2.7.0.aar (androidx.lifecycle:lifecycle-viewmodel:2.7.0) with JetifyTransform
[        ] Transforming lifecycle-viewmodel-2.7.0.aar (androidx.lifecycle:lifecycle-viewmodel:2.7.0) with AarToClassTransform
[        ] Transforming lifecycle-viewmodel-2.7.0.aar (androidx.lifecycle:lifecycle-viewmodel:2.7.0) with JetifyTransform
[        ] Transforming lifecycle-viewmodel-2.7.0.aar (androidx.lifecycle:lifecycle-viewmodel:2.7.0) with AarToClassTransform
[        ] Transforming lifecycle-runtime-2.7.0.aar (androidx.lifecycle:lifecycle-runtime:2.7.0) with JetifyTransform
[        ] Transforming lifecycle-runtime-2.7.0.aar (androidx.lifecycle:lifecycle-runtime:2.7.0) with AarToClassTransform
[        ] Transforming lifecycle-viewmodel-savedstate-2.7.0.aar (androidx.lifecycle:lifecycle-viewmodel-savedstate:2.7.0) with JetifyTransform
[        ] Transforming lifecycle-viewmodel-savedstate-2.7.0.aar (androidx.lifecycle:lifecycle-viewmodel-savedstate:2.7.0) with AarToClassTransform
[        ] Transforming core-ktx-1.13.1.aar (androidx.core:core-ktx:1.13.1) with JetifyTransform
[        ] Transforming core-ktx-1.13.1.aar (androidx.core:core-ktx:1.13.1) with AarToClassTransform
[        ] Transforming viewpager-1.0.0.aar (androidx.viewpager:viewpager:1.0.0) with JetifyTransform
[        ] Transforming viewpager-1.0.0.aar (androidx.viewpager:viewpager:1.0.0) with AarToClassTransform
[        ] Transforming customview-1.0.0.aar (androidx.customview:customview:1.0.0) with JetifyTransform
[        ] Transforming customview-1.0.0.aar (androidx.customview:customview:1.0.0) with AarToClassTransform
[        ] Transforming core-1.13.1.aar (androidx.core:core:1.13.1) with JetifyTransform
[        ] Transforming core-1.13.1.aar (androidx.core:core:1.13.1) with AarToClassTransform
[        ] Transforming core-1.13.1.aar (androidx.core:core:1.13.1) with JetifyTransform
[        ] Transforming core-1.13.1.aar (androidx.core:core:1.13.1) with AarToClassTransform
[        ] Transforming versionedparcelable-1.1.1.aar (androidx.versionedparcelable:versionedparcelable:1.1.1) with JetifyTransform
[        ] Transforming versionedparcelable-1.1.1.aar (androidx.versionedparcelable:versionedparcelable:1.1.1) with AarToClassTransform
[        ] Transforming savedstate-1.2.1.aar (androidx.savedstate:savedstate:1.2.1) with JetifyTransform
[        ] Transforming savedstate-1.2.1.aar (androidx.savedstate:savedstate:1.2.1) with AarToClassTransform
[        ] Transforming core-runtime-2.2.0.aar (androidx.arch.core:core-runtime:2.2.0) with JetifyTransform
[        ] Transforming core-runtime-2.2.0.aar (androidx.arch.core:core-runtime:2.2.0) with AarToClassTransform
[        ] Transforming core-common-2.2.0.jar (androidx.arch.core:core-common:2.2.0) with JetifyTransform
[        ] Transforming core-common-2.2.0.jar (androidx.arch.core:core-common:2.2.0) with IdentityTransform
[        ] Transforming collection-1.1.0.jar (androidx.collection:collection:1.1.0) with JetifyTransform
[        ] Transforming collection-1.1.0.jar (androidx.collection:collection:1.1.0) with IdentityTransform
[        ] Transforming exifinterface-1.3.7.aar (androidx.exifinterface:exifinterface:1.3.7) with JetifyTransform
[        ] Transforming exifinterface-1.3.7.aar (androidx.exifinterface:exifinterface:1.3.7) with AarToClassTransform
[        ] Transforming annotation-jvm-1.9.1.jar (androidx.annotation:annotation-jvm:1.9.1) with JetifyTransform
[        ] Transforming annotation-jvm-1.9.1.jar (androidx.annotation:annotation-jvm:1.9.1) with IdentityTransform
[        ] Transforming annotation-experimental-1.4.0.aar (androidx.annotation:annotation-experimental:1.4.0) with JetifyTransform
[        ] Transforming annotation-experimental-1.4.0.aar (androidx.annotation:annotation-experimental:1.4.0) with AarToClassTransform
[        ] Transforming window-1.2.0.aar (androidx.window:window:1.2.0) with JetifyTransform
[        ] Transforming window-1.2.0.aar (androidx.window:window:1.2.0) with AarToClassTransform
[        ] Transforming window-java-1.2.0.aar (androidx.window:window-java:1.2.0) with JetifyTransform
[        ] Transforming window-java-1.2.0.aar (androidx.window:window-java:1.2.0) with AarToClassTransform
[        ] Transforming kotlinx-coroutines-core-jvm-1.7.1.jar (org.jetbrains.kotlinx:kotlinx-coroutines-core-jvm:1.7.1) with JetifyTransform
[        ] Transforming kotlinx-coroutines-core-jvm-1.7.1.jar (org.jetbrains.kotlinx:kotlinx-coroutines-core-jvm:1.7.1) with IdentityTransform
[        ] Transforming kotlinx-coroutines-android-1.7.1.jar (org.jetbrains.kotlinx:kotlinx-coroutines-android:1.7.1) with JetifyTransform
[        ] Transforming kotlinx-coroutines-android-1.7.1.jar (org.jetbrains.kotlinx:kotlinx-coroutines-android:1.7.1) with IdentityTransform
[        ] Transforming kotlin-stdlib-jdk8-1.8.20.jar (org.jetbrains.kotlin:kotlin-stdlib-jdk8:1.8.20) with JetifyTransform
[        ] Transforming kotlin-stdlib-jdk8-1.8.20.jar (org.jetbrains.kotlin:kotlin-stdlib-jdk8:1.8.20) with IdentityTransform
[        ] Transforming kotlin-stdlib-jdk7-1.8.20.jar (org.jetbrains.kotlin:kotlin-stdlib-jdk7:1.8.20) with JetifyTransform
[        ] Transforming kotlin-stdlib-jdk7-1.8.20.jar (org.jetbrains.kotlin:kotlin-stdlib-jdk7:1.8.20) with IdentityTransform
[        ] Transforming kotlin-stdlib-1.9.24.jar (org.jetbrains.kotlin:kotlin-stdlib:1.9.24) with JetifyTransform
[        ] Transforming kotlin-stdlib-1.9.24.jar (org.jetbrains.kotlin:kotlin-stdlib:1.9.24) with IdentityTransform
[        ] Transforming annotations-23.0.0.jar (org.jetbrains:annotations:23.0.0) with JetifyTransform
[        ] Transforming annotations-23.0.0.jar (org.jetbrains:annotations:23.0.0) with IdentityTransform
[        ] Transforming startup-runtime-1.1.1.aar (androidx.startup:startup-runtime:1.1.1) with JetifyTransform
[        ] Transforming startup-runtime-1.1.1.aar (androidx.startup:startup-runtime:1.1.1) with AarToClassTransform
[        ] Transforming tracing-1.2.0.aar (androidx.tracing:tracing:1.2.0) with JetifyTransform
[        ] Transforming tracing-1.2.0.aar (androidx.tracing:tracing:1.2.0) with AarToClassTransform
[        ] Transforming relinker-1.4.5.aar (com.getkeepsafe.relinker:relinker:1.4.5) with JetifyTransform
[        ] Transforming relinker-1.4.5.aar (com.getkeepsafe.relinker:relinker:1.4.5) with AarToClassTransform
[        ] Transforming core-for-system-modules.jar with JdkImageTransform
[        ] Transforming core-for-system-modules.jar with JdkImageTransform
[        ] Transforming core-for-system-modules.jar with JdkImageTransform
[        ] Transforming core-for-system-modules.jar with JdkImageTransform
[        ] Transforming core-for-system-modules.jar with JdkImageTransform
[        ] Transforming core-for-system-modules.jar with JdkImageTransform
[        ] Custom actions are attached to task ':image_picker_android:compileReleaseJavaWithJavac'.
[        ] Caching disabled for task ':image_picker_android:compileReleaseJavaWithJavac' because:
[        ]   Build cache is disabled
[        ] Skipping task ':image_picker_android:compileReleaseJavaWithJavac' as it is up-to-date.
[        ] No compile result for :image_picker_android:compileReleaseJavaWithJavac
[        ] No compile result for :image_picker_android:compileReleaseJavaWithJavac
[        ] Resolve mutations for :image_picker_android:mergeReleaseGeneratedProguardFiles (Thread[#889,included builds,5,main]) started.
[        ] :image_picker_android:mergeReleaseGeneratedProguardFiles (Thread[#889,included builds,5,main]) started.
[  +61 ms] > Task :image_picker_android:mergeReleaseGeneratedProguardFiles UP-TO-DATE
[        ] Caching disabled for task ':image_picker_android:mergeReleaseGeneratedProguardFiles' because:
[        ]   Build cache is disabled
[        ]   Simple merging task
[        ] Skipping task ':image_picker_android:mergeReleaseGeneratedProguardFiles' as it is up-to-date.
[        ] Resolve mutations for :image_picker_android:exportReleaseConsumerProguardFiles (Thread[#889,included builds,5,main]) started.
[        ] :image_picker_android:exportReleaseConsumerProguardFiles (Thread[#889,included builds,5,main]) started.
[        ] > Task :image_picker_android:exportReleaseConsumerProguardFiles UP-TO-DATE
[        ] Caching disabled for task ':image_picker_android:exportReleaseConsumerProguardFiles' because:
[        ]   Build cache is disabled
[        ]   Caching has been disabled for the task
[        ] Skipping task ':image_picker_android:exportReleaseConsumerProguardFiles' as it is up-to-date.
[        ] work action resolve exportReleaseConsumerProguardFiles (project :image_picker_android) (Thread[#889,included builds,5,main]) started.
[        ] FilterShrinkerRulesTransform (Thread[#889,included builds,5,main]) started.
[        ] Resolve mutations for :flutter_plugin_android_lifecycle:mergeReleaseGeneratedProguardFiles (Thread[#893,Execution worker Thread 4,5,main]) started.
[        ] > Transform exportReleaseConsumerProguardFiles (project :image_picker_android) with FilterShrinkerRulesTransform
[        ] Transforming exportReleaseConsumerProguardFiles (project :image_picker_android) with FilterShrinkerRulesTransform
[        ] :flutter_plugin_android_lifecycle:mergeReleaseGeneratedProguardFiles (Thread[#893,Execution worker Thread 4,5,main]) started.
[        ] > Task :flutter_plugin_android_lifecycle:mergeReleaseGeneratedProguardFiles UP-TO-DATE
[        ] Caching disabled for task ':flutter_plugin_android_lifecycle:mergeReleaseGeneratedProguardFiles' because:
[        ]   Build cache is disabled
[        ]   Simple merging task
[        ] Skipping task ':flutter_plugin_android_lifecycle:mergeReleaseGeneratedProguardFiles' as it is up-to-date.
[        ] Resolve mutations for :flutter_plugin_android_lifecycle:exportReleaseConsumerProguardFiles (Thread[#893,Execution worker Thread 4,5,main]) started.
[        ] :flutter_plugin_android_lifecycle:exportReleaseConsumerProguardFiles (Thread[#893,Execution worker Thread 4,5,main]) started.
[        ] > Task :flutter_plugin_android_lifecycle:exportReleaseConsumerProguardFiles UP-TO-DATE
[        ] Caching disabled for task ':flutter_plugin_android_lifecycle:exportReleaseConsumerProguardFiles' because:
[        ]   Build cache is disabled
[        ]   Caching has been disabled for the task
[        ] Skipping task ':flutter_plugin_android_lifecycle:exportReleaseConsumerProguardFiles' as it is up-to-date.
[        ] work action resolve exportReleaseConsumerProguardFiles (project :flutter_plugin_android_lifecycle) (Thread[#893,Execution worker Thread 4,5,main]) started.
[        ] FilterShrinkerRulesTransform (Thread[#893,Execution worker Thread 4,5,main]) started.
[        ] Resolve mutations for :mobile_scanner:checkKotlinGradlePluginConfigurationErrors (Thread[#899,Execution worker Thread 10,5,main]) started.
[        ] :mobile_scanner:checkKotlinGradlePluginConfigurationErrors (Thread[#899,Execution worker Thread 10,5,main]) started.
[        ] > Transform exportReleaseConsumerProguardFiles (project :flutter_plugin_android_lifecycle) with FilterShrinkerRulesTransform
[        ] Transforming exportReleaseConsumerProguardFiles (project :flutter_plugin_android_lifecycle) with FilterShrinkerRulesTransform
[        ] > Task :mobile_scanner:checkKotlinGradlePluginConfigurationErrors SKIPPED
[        ] Skipping task ':mobile_scanner:checkKotlinGradlePluginConfigurationErrors' as task onlyIf 'errorDiagnostics are present' is false.
[        ] Resolve mutations for :mobile_scanner:preBuild (Thread[#899,Execution worker Thread 10,5,main]) started.
[        ] :mobile_scanner:preBuild (Thread[#899,Execution worker Thread 10,5,main]) started.
[        ] > Task :mobile_scanner:preBuild UP-TO-DATE
[        ] Skipping task ':mobile_scanner:preBuild' as it has no actions.
[        ] Resolve mutations for :mobile_scanner:preReleaseBuild (Thread[#899,Execution worker Thread 10,5,main]) started.
[        ] :mobile_scanner:preReleaseBuild (Thread[#899,Execution worker Thread 10,5,main]) started.
[        ] > Task :mobile_scanner:preReleaseBuild UP-TO-DATE
[        ] Skipping task ':mobile_scanner:preReleaseBuild' as it has no actions.
[        ] Resolve mutations for :mobile_scanner:generateReleaseBuildConfig (Thread[#899,Execution worker Thread 10,5,main]) started.
[        ] :mobile_scanner:generateReleaseBuildConfig (Thread[#899,Execution worker Thread 10,5,main]) started.
[        ] > Task :mobile_scanner:generateReleaseBuildConfig UP-TO-DATE
[        ] Caching disabled for task ':mobile_scanner:generateReleaseBuildConfig' because:
[        ]   Build cache is disabled
[        ] Skipping task ':mobile_scanner:generateReleaseBuildConfig' as it is up-to-date.
[        ] Resolve mutations for :mobile_scanner:generateReleaseResValues (Thread[#899,Execution worker Thread 10,5,main]) started.
[        ] :mobile_scanner:generateReleaseResValues (Thread[#899,Execution worker Thread 10,5,main]) started.
[        ] > Task :mobile_scanner:generateReleaseResValues UP-TO-DATE
[        ] Caching disabled for task ':mobile_scanner:generateReleaseResValues' because:
[        ]   Build cache is disabled
[        ] Skipping task ':mobile_scanner:generateReleaseResValues' as it is up-to-date.
[        ] Resolve mutations for :mobile_scanner:generateReleaseResources (Thread[#899,Execution worker Thread 10,5,main]) started.
[        ] :mobile_scanner:generateReleaseResources (Thread[#899,Execution worker Thread 10,5,main]) started.
[        ] > Task :mobile_scanner:generateReleaseResources UP-TO-DATE
[        ] Caching disabled for task ':mobile_scanner:generateReleaseResources' because:
[        ]   Build cache is disabled
[        ] Skipping task ':mobile_scanner:generateReleaseResources' as it is up-to-date.
[        ] Resolve mutations for :mobile_scanner:packageReleaseResources (Thread[#899,Execution worker Thread 10,5,main]) started.
[        ] :mobile_scanner:packageReleaseResources (Thread[#899,Execution worker Thread 10,5,main]) started.
[        ] > Task :mobile_scanner:packageReleaseResources UP-TO-DATE
[        ] Caching disabled for task ':mobile_scanner:packageReleaseResources' because:
[        ]   Build cache is disabled
[        ] Skipping task ':mobile_scanner:packageReleaseResources' as it is up-to-date.
[        ] work action resolve packageReleaseResources (project :mobile_scanner) (Thread[#899,Execution worker Thread 10,5,main]) started.
[        ] Resolve mutations for :mobile_scanner:parseReleaseLocalResources (Thread[#899,Execution worker Thread 10,5,main]) started.
[        ] :mobile_scanner:parseReleaseLocalResources (Thread[#899,Execution worker Thread 10,5,main]) started.
[        ] > Task :mobile_scanner:parseReleaseLocalResources UP-TO-DATE
[        ] Transforming android.jar with PlatformAttrTransform
[        ] Transforming android.jar with PlatformAttrTransform
[        ] Caching disabled for task ':mobile_scanner:parseReleaseLocalResources' because:
[        ]   Build cache is disabled
[        ] Skipping task ':mobile_scanner:parseReleaseLocalResources' as it is up-to-date.
[        ] Resolve mutations for :mobile_scanner:generateReleaseRFile (Thread[#899,Execution worker Thread 10,5,main]) started.
[        ] :mobile_scanner:generateReleaseRFile (Thread[#899,Execution worker Thread 10,5,main]) started.
[ +102 ms] > Task :mobile_scanner:generateReleaseRFile UP-TO-DATE
[        ] Transforming fragment-1.7.1.aar (androidx.fragment:fragment:1.7.1) with JetifyTransform
[        ] Transforming fragment-1.7.1.aar (androidx.fragment:fragment:1.7.1) with ExtractAarTransform
[        ] Transforming fragment-1.7.1.aar (androidx.fragment:fragment:1.7.1) with LibrarySymbolTableTransform
[        ] Transforming activity-1.8.1.aar (androidx.activity:activity:1.8.1) with JetifyTransform
[        ] Transforming activity-1.8.1.aar (androidx.activity:activity:1.8.1) with ExtractAarTransform
[        ] Transforming activity-1.8.1.aar (androidx.activity:activity:1.8.1) with LibrarySymbolTableTransform
[        ] Transforming loader-1.0.0.aar (androidx.loader:loader:1.0.0) with JetifyTransform
[        ] Transforming loader-1.0.0.aar (androidx.loader:loader:1.0.0) with ExtractAarTransform
[        ] Transforming loader-1.0.0.aar (androidx.loader:loader:1.0.0) with LibrarySymbolTableTransform
[        ] Transforming lifecycle-livedata-core-ktx-2.7.0.aar (androidx.lifecycle:lifecycle-livedata-core-ktx:2.7.0) with JetifyTransform
[        ] Transforming lifecycle-livedata-core-ktx-2.7.0.aar (androidx.lifecycle:lifecycle-livedata-core-ktx:2.7.0) with ExtractAarTransform
[        ] Transforming lifecycle-livedata-core-ktx-2.7.0.aar (androidx.lifecycle:lifecycle-livedata-core-ktx:2.7.0) with LibrarySymbolTableTransform
[        ] Transforming lifecycle-viewmodel-2.7.0.aar (androidx.lifecycle:lifecycle-viewmodel:2.7.0) with JetifyTransform
[        ] Transforming lifecycle-viewmodel-2.7.0.aar (androidx.lifecycle:lifecycle-viewmodel:2.7.0) with ExtractAarTransform
[        ] Transforming lifecycle-viewmodel-2.7.0.aar (androidx.lifecycle:lifecycle-viewmodel:2.7.0) with LibrarySymbolTableTransform
[        ] Transforming lifecycle-viewmodel-2.7.0.aar (androidx.lifecycle:lifecycle-viewmodel:2.7.0) with JetifyTransform
[        ] Transforming lifecycle-viewmodel-2.7.0.aar (androidx.lifecycle:lifecycle-viewmodel:2.7.0) with ExtractAarTransform
[        ] Transforming lifecycle-viewmodel-2.7.0.aar (androidx.lifecycle:lifecycle-viewmodel:2.7.0) with LibrarySymbolTableTransform
[        ] Transforming camera-camera2-1.4.2.aar (androidx.camera:camera-camera2:1.4.2) with JetifyTransform
[        ] Transforming lifecycle-livedata-core-2.7.0.aar (androidx.lifecycle:lifecycle-livedata-core:2.7.0) with JetifyTransform
[        ] Transforming camera-camera2-1.4.2.aar (androidx.camera:camera-camera2:1.4.2) with ExtractAarTransform
[        ] Transforming camera-camera2-1.4.2.aar (androidx.camera:camera-camera2:1.4.2) with LibrarySymbolTableTransform
[        ] Transforming lifecycle-livedata-core-2.7.0.aar (androidx.lifecycle:lifecycle-livedata-core:2.7.0) with ExtractAarTransform
[        ] Transforming lifecycle-livedata-core-2.7.0.aar (androidx.lifecycle:lifecycle-livedata-core:2.7.0) with LibrarySymbolTableTransform
[        ] Transforming lifecycle-livedata-2.7.0.aar (androidx.lifecycle:lifecycle-livedata:2.7.0) with JetifyTransform
[        ] Transforming lifecycle-livedata-2.7.0.aar (androidx.lifecycle:lifecycle-livedata:2.7.0) with ExtractAarTransform
[        ] Transforming lifecycle-livedata-2.7.0.aar (androidx.lifecycle:lifecycle-livedata:2.7.0) with LibrarySymbolTableTransform
[        ] Transforming lifecycle-viewmodel-savedstate-2.7.0.aar (androidx.lifecycle:lifecycle-viewmodel-savedstate:2.7.0) with JetifyTransform
[        ] Transforming barcode-scanning-17.3.0.aar (com.google.mlkit:barcode-scanning:17.3.0) with JetifyTransform
[        ] Transforming lifecycle-viewmodel-savedstate-2.7.0.aar (androidx.lifecycle:lifecycle-viewmodel-savedstate:2.7.0) with ExtractAarTransform
[        ] Transforming barcode-scanning-17.3.0.aar (com.google.mlkit:barcode-scanning:17.3.0) with ExtractAarTransform
[        ] Transforming common-18.11.0.aar (com.google.mlkit:common:18.11.0) with JetifyTransform
[        ] Transforming common-18.11.0.aar (com.google.mlkit:common:18.11.0) with JetifyTransform
[        ] Transforming common-18.11.0.aar (com.google.mlkit:common:18.11.0) with ExtractAarTransform
[        ] Transforming barcode-scanning-17.3.0.aar (com.google.mlkit:barcode-scanning:17.3.0) with LibrarySymbolTableTransform
[        ] Transforming lifecycle-viewmodel-savedstate-2.7.0.aar (androidx.lifecycle:lifecycle-viewmodel-savedstate:2.7.0) with LibrarySymbolTableTransform
[        ] Transforming common-18.11.0.aar (com.google.mlkit:common:18.11.0) with JetifyTransform
[        ] Transforming common-18.11.0.aar (com.google.mlkit:common:18.11.0) with LibrarySymbolTableTransform
[        ] Transforming play-services-mlkit-barcode-scanning-18.3.1.aar (com.google.android.gms:play-services-mlkit-barcode-scanning:18.3.1) with JetifyTransform
[        ] Transforming common-18.11.0.aar (com.google.mlkit:common:18.11.0) with ExtractAarTransform
[        ] Transforming play-services-mlkit-barcode-scanning-18.3.1.aar (com.google.android.gms:play-services-mlkit-barcode-scanning:18.3.1) with ExtractAarTransform
[        ] Transforming camera-core-1.4.2.aar (androidx.camera:camera-core:1.4.2) with JetifyTransform
[        ] Transforming common-18.11.0.aar (com.google.mlkit:common:18.11.0) with LibrarySymbolTableTransform
[        ] Transforming play-services-mlkit-barcode-scanning-18.3.1.aar (com.google.android.gms:play-services-mlkit-barcode-scanning:18.3.1) with LibrarySymbolTableTransform
[        ] Transforming common-18.11.0.aar (com.google.mlkit:common:18.11.0) with ExtractAarTransform
[        ] Transforming common-18.11.0.aar (com.google.mlkit:common:18.11.0) with LibrarySymbolTableTransform
[        ] Transforming core-ktx-1.13.1.aar (androidx.core:core-ktx:1.13.1) with JetifyTransform
[        ] Transforming camera-core-1.4.2.aar (androidx.camera:camera-core:1.4.2) with ExtractAarTransform
[        ] Transforming core-ktx-1.13.1.aar (androidx.core:core-ktx:1.13.1) with ExtractAarTransform
[        ] Transforming camera-core-1.4.2.aar (androidx.camera:camera-core:1.4.2) with LibrarySymbolTableTransform
[        ] Transforming camera-lifecycle-1.4.2.aar (androidx.camera:camera-lifecycle:1.4.2) with JetifyTransform
[        ] Transforming core-ktx-1.13.1.aar (androidx.core:core-ktx:1.13.1) with LibrarySymbolTableTransform
[        ] Transforming camera-lifecycle-1.4.2.aar (androidx.camera:camera-lifecycle:1.4.2) with ExtractAarTransform
[        ] Transforming viewpager-1.0.0.aar (androidx.viewpager:viewpager:1.0.0) with JetifyTransform
[        ] Transforming barcode-scanning-common-17.0.0.aar (com.google.mlkit:barcode-scanning-common:17.0.0) with JetifyTransform
[        ] Transforming viewpager-1.0.0.aar (androidx.viewpager:viewpager:1.0.0) with ExtractAarTransform
[        ] Transforming barcode-scanning-common-17.0.0.aar (com.google.mlkit:barcode-scanning-common:17.0.0) with ExtractAarTransform
[        ] Transforming viewpager-1.0.0.aar (androidx.viewpager:viewpager:1.0.0) with LibrarySymbolTableTransform
[        ] Transforming barcode-scanning-common-17.0.0.aar (com.google.mlkit:barcode-scanning-common:17.0.0) with LibrarySymbolTableTransform
[        ] Transforming customview-1.0.0.aar (androidx.customview:customview:1.0.0) with JetifyTransform
[        ] Transforming barcode-scanning-common-17.0.0.aar (com.google.mlkit:barcode-scanning-common:17.0.0) with JetifyTransform
[        ] Transforming camera-lifecycle-1.4.2.aar (androidx.camera:camera-lifecycle:1.4.2) with LibrarySymbolTableTransform
[        ] Transforming barcode-scanning-common-17.0.0.aar (com.google.mlkit:barcode-scanning-common:17.0.0) with ExtractAarTransform
[        ] Transforming customview-1.0.0.aar (androidx.customview:customview:1.0.0) with ExtractAarTransform
[        ] Transforming barcode-scanning-common-17.0.0.aar (com.google.mlkit:barcode-scanning-common:17.0.0) with LibrarySymbolTableTransform
[        ] Transforming customview-1.0.0.aar (androidx.customview:customview:1.0.0) with LibrarySymbolTableTransform
[        ] Transforming core-1.13.1.aar (androidx.core:core:1.13.1) with JetifyTransform
[        ] Transforming vision-common-17.3.0.aar (com.google.mlkit:vision-common:17.3.0) with JetifyTransform
[        ] Transforming core-1.13.1.aar (androidx.core:core:1.13.1) with ExtractAarTransform
[        ] Transforming vision-common-17.3.0.aar (com.google.mlkit:vision-common:17.3.0) with ExtractAarTransform
[        ] Transforming vision-common-17.3.0.aar (com.google.mlkit:vision-common:17.3.0) with JetifyTransform
[        ] Transforming vision-common-17.3.0.aar (com.google.mlkit:vision-common:17.3.0) with LibrarySymbolTableTransform
[        ] Transforming vision-common-17.3.0.aar (com.google.mlkit:vision-common:17.3.0) with JetifyTransform
[        ] Transforming vision-common-17.3.0.aar (com.google.mlkit:vision-common:17.3.0) with ExtractAarTransform
[        ] Transforming vision-common-17.3.0.aar (com.google.mlkit:vision-common:17.3.0) with ExtractAarTransform
[        ] Transforming vision-common-17.3.0.aar (com.google.mlkit:vision-common:17.3.0) with LibrarySymbolTableTransform
[        ] Transforming vision-interfaces-16.3.0.aar (com.google.mlkit:vision-interfaces:16.3.0) with JetifyTransform
[        ] Transforming play-services-base-18.5.0.aar (com.google.android.gms:play-services-base:18.5.0) with JetifyTransform
[        ] Transforming core-1.13.1.aar (androidx.core:core:1.13.1) with LibrarySymbolTableTransform
[        ] Transforming play-services-base-18.5.0.aar (com.google.android.gms:play-services-base:18.5.0) with ExtractAarTransform
[        ] Transforming core-1.13.1.aar (androidx.core:core:1.13.1) with JetifyTransform
[        ] Transforming play-services-base-18.5.0.aar (com.google.android.gms:play-services-base:18.5.0) with LibrarySymbolTableTransform
[        ] Transforming core-1.13.1.aar (androidx.core:core:1.13.1) with ExtractAarTransform
[        ] Transforming core-1.13.1.aar (androidx.core:core:1.13.1) with LibrarySymbolTableTransform
[        ] Transforming play-services-tasks-18.2.0.aar (com.google.android.gms:play-services-tasks:18.2.0) with JetifyTransform
[        ] Transforming play-services-tasks-18.2.0.aar (com.google.android.gms:play-services-tasks:18.2.0) with ExtractAarTransform
[        ] Transforming lifecycle-runtime-2.7.0.aar (androidx.lifecycle:lifecycle-runtime:2.7.0) with JetifyTransform
[        ] Transforming vision-interfaces-16.3.0.aar (com.google.mlkit:vision-interfaces:16.3.0) with ExtractAarTransform
[        ] Transforming vision-interfaces-16.3.0.aar (com.google.mlkit:vision-interfaces:16.3.0) with LibrarySymbolTableTransform
[        ] Transforming vision-common-17.3.0.aar (com.google.mlkit:vision-common:17.3.0) with LibrarySymbolTableTransform
[        ] Transforming play-services-base-18.5.0.aar (com.google.android.gms:play-services-base:18.5.0) with JetifyTransform
[        ] Transforming play-services-basement-18.4.0.aar (com.google.android.gms:play-services-basement:18.4.0) with JetifyTransform
[        ] Transforming play-services-basement-18.4.0.aar (com.google.android.gms:play-services-basement:18.4.0) with JetifyTransform
[        ] Transforming play-services-basement-18.4.0.aar (com.google.android.gms:play-services-basement:18.4.0) with JetifyTransform
[        ] Transforming play-services-basement-18.4.0.aar (com.google.android.gms:play-services-basement:18.4.0) with ExtractAarTransform
[        ] Transforming play-services-tasks-18.2.0.aar (com.google.android.gms:play-services-tasks:18.2.0) with LibrarySymbolTableTransform
[        ] Transforming play-services-tasks-18.2.0.aar (com.google.android.gms:play-services-tasks:18.2.0) with JetifyTransform
[        ] Transforming play-services-tasks-18.2.0.aar (com.google.android.gms:play-services-tasks:18.2.0) with ExtractAarTransform
[        ] Transforming play-services-basement-18.4.0.aar (com.google.android.gms:play-services-basement:18.4.0) with JetifyTransform
[        ] Transforming lifecycle-runtime-2.7.0.aar (androidx.lifecycle:lifecycle-runtime:2.7.0) with ExtractAarTransform
[        ] Transforming play-services-basement-18.4.0.aar (com.google.android.gms:play-services-basement:18.4.0) with ExtractAarTransform
[        ] Transforming lifecycle-runtime-2.7.0.aar (androidx.lifecycle:lifecycle-runtime:2.7.0) with LibrarySymbolTableTransform
[        ] Transforming play-services-basement-18.4.0.aar (com.google.android.gms:play-services-basement:18.4.0) with LibrarySymbolTableTransform
[        ] Transforming appcompat-1.6.1.aar (androidx.appcompat:appcompat:1.6.1) with JetifyTransform
[        ] Transforming appcompat-1.6.1.aar (androidx.appcompat:appcompat:1.6.1) with ExtractAarTransform
[        ] Transforming appcompat-1.6.1.aar (androidx.appcompat:appcompat:1.6.1) with LibrarySymbolTableTransform
[        ] Transforming play-services-tasks-18.2.0.aar (com.google.android.gms:play-services-tasks:18.2.0) with JetifyTransform
[        ] Transforming play-services-tasks-18.2.0.aar (com.google.android.gms:play-services-tasks:18.2.0) with ExtractAarTransform
[        ] Transforming play-services-tasks-18.2.0.aar (com.google.android.gms:play-services-tasks:18.2.0) with LibrarySymbolTableTransform
[        ] Transforming play-services-tasks-18.2.0.aar (com.google.android.gms:play-services-tasks:18.2.0) with JetifyTransform
[        ] Transforming fragment-1.7.1.aar (androidx.fragment:fragment:1.7.1) with JetifyTransform
[        ] Transforming play-services-base-18.5.0.aar (com.google.android.gms:play-services-base:18.5.0) with JetifyTransform
[        ] Transforming fragment-1.7.1.aar (androidx.fragment:fragment:1.7.1) with ExtractAarTransform
[        ] Transforming play-services-base-18.5.0.aar (com.google.android.gms:play-services-base:18.5.0) with ExtractAarTransform
[        ] Transforming play-services-tasks-18.2.0.aar (com.google.android.gms:play-services-tasks:18.2.0) with ExtractAarTransform
[        ] Transforming play-services-base-18.5.0.aar (com.google.android.gms:play-services-base:18.5.0) with LibrarySymbolTableTransform
[        ] Transforming lifecycle-process-2.7.0.aar (androidx.lifecycle:lifecycle-process:2.7.0) with JetifyTransform
[        ] Transforming lifecycle-process-2.7.0.aar (androidx.lifecycle:lifecycle-process:2.7.0) with ExtractAarTransform
[        ] Transforming lifecycle-process-2.7.0.aar (androidx.lifecycle:lifecycle-process:2.7.0) with LibrarySymbolTableTransform
[        ] Transforming window-1.2.0.aar (androidx.window:window:1.2.0) with JetifyTransform
[        ] Transforming window-1.2.0.aar (androidx.window:window:1.2.0) with ExtractAarTransform
[        ] Transforming window-1.2.0.aar (androidx.window:window:1.2.0) with LibrarySymbolTableTransform
[        ] Transforming lifecycle-livedata-2.7.0.aar (androidx.lifecycle:lifecycle-livedata:2.7.0) with JetifyTransform
[        ] Transforming lifecycle-livedata-2.7.0.aar (androidx.lifecycle:lifecycle-livedata:2.7.0) with ExtractAarTransform
[        ] Transforming play-services-tasks-18.2.0.aar (com.google.android.gms:play-services-tasks:18.2.0) with JetifyTransform
[        ] Transforming play-services-tasks-18.2.0.aar (com.google.android.gms:play-services-tasks:18.2.0) with LibrarySymbolTableTransform
[        ] Transforming play-services-basement-18.4.0.aar (com.google.android.gms:play-services-basement:18.4.0) with JetifyTransform
[        ] Transforming play-services-basement-18.4.0.aar (com.google.android.gms:play-services-basement:18.4.0) with ExtractAarTransform
[        ] Transforming play-services-basement-18.4.0.aar (com.google.android.gms:play-services-basement:18.4.0) with LibrarySymbolTableTransform
[        ] Transforming play-services-basement-18.4.0.aar (com.google.android.gms:play-services-basement:18.4.0) with LibrarySymbolTableTransform
[        ] Transforming play-services-basement-18.4.0.aar (com.google.android.gms:play-services-basement:18.4.0) with ExtractAarTransform
[        ] Transforming play-services-basement-18.4.0.aar (com.google.android.gms:play-services-basement:18.4.0) with LibrarySymbolTableTransform
[        ] Transforming appcompat-resources-1.6.1.aar (androidx.appcompat:appcompat-resources:1.6.1) with JetifyTransform
[        ] Transforming appcompat-resources-1.6.1.aar (androidx.appcompat:appcompat-resources:1.6.1) with ExtractAarTransform
[        ] Transforming play-services-base-18.5.0.aar (com.google.android.gms:play-services-base:18.5.0) with ExtractAarTransform
[        ] Transforming drawerlayout-1.0.0.aar (androidx.drawerlayout:drawerlayout:1.0.0) with JetifyTransform
[        ] Transforming drawerlayout-1.0.0.aar (androidx.drawerlayout:drawerlayout:1.0.0) with ExtractAarTransform
[        ] Transforming drawerlayout-1.0.0.aar (androidx.drawerlayout:drawerlayout:1.0.0) with LibrarySymbolTableTransform
[        ] Transforming play-services-basement-18.4.0.aar (com.google.android.gms:play-services-basement:18.4.0) with ExtractAarTransform
[        ] Transforming play-services-basement-18.4.0.aar (com.google.android.gms:play-services-basement:18.4.0) with LibrarySymbolTableTransform
[        ] Transforming vectordrawable-1.1.0.aar (androidx.vectordrawable:vectordrawable:1.1.0) with JetifyTransform
[        ] Transforming vectordrawable-1.1.0.aar (androidx.vectordrawable:vectordrawable:1.1.0) with JetifyTransform
[        ] Transforming play-services-base-18.5.0.aar (com.google.android.gms:play-services-base:18.5.0) with LibrarySymbolTableTransform
[        ] Transforming vectordrawable-1.1.0.aar (androidx.vectordrawable:vectordrawable:1.1.0) with ExtractAarTransform
[        ] Transforming vectordrawable-1.1.0.aar (androidx.vectordrawable:vectordrawable:1.1.0) with ExtractAarTransform
[        ] Transforming vectordrawable-1.1.0.aar (androidx.vectordrawable:vectordrawable:1.1.0) with LibrarySymbolTableTransform
[        ] Transforming appcompat-resources-1.6.1.aar (androidx.appcompat:appcompat-resources:1.6.1) with LibrarySymbolTableTransform
[        ] Transforming play-services-tasks-18.2.0.aar (com.google.android.gms:play-services-tasks:18.2.0) with ExtractAarTransform
[        ] Transforming vectordrawable-animated-1.1.0.aar (androidx.vectordrawable:vectordrawable-animated:1.1.0) with JetifyTransform
[        ] Transforming play-services-tasks-18.2.0.aar (com.google.android.gms:play-services-tasks:18.2.0) with LibrarySymbolTableTransform
[        ] Transforming vectordrawable-animated-1.1.0.aar (androidx.vectordrawable:vectordrawable-animated:1.1.0) with ExtractAarTransform
[        ] Transforming vectordrawable-animated-1.1.0.aar (androidx.vectordrawable:vectordrawable-animated:1.1.0) with LibrarySymbolTableTransform
[        ] Transforming lifecycle-livedata-2.7.0.aar (androidx.lifecycle:lifecycle-livedata:2.7.0) with LibrarySymbolTableTransform
[        ] Transforming window-java-1.2.0.aar (androidx.window:window-java:1.2.0) with JetifyTransform
[        ] Transforming play-services-tasks-18.2.0.aar (com.google.android.gms:play-services-tasks:18.2.0) with LibrarySymbolTableTransform
[        ] Transforming fragment-1.7.1.aar (androidx.fragment:fragment:1.7.1) with JetifyTransform
[        ] Transforming fragment-1.7.1.aar (androidx.fragment:fragment:1.7.1) with LibrarySymbolTableTransform
[        ] Transforming fragment-1.7.1.aar (androidx.fragment:fragment:1.7.1) with ExtractAarTransform
[        ] Transforming fragment-1.7.1.aar (androidx.fragment:fragment:1.7.1) with LibrarySymbolTableTransform
[        ] Transforming window-java-1.2.0.aar (androidx.window:window-java:1.2.0) with ExtractAarTransform
[        ] Transforming vectordrawable-1.1.0.aar (androidx.vectordrawable:vectordrawable:1.1.0) with LibrarySymbolTableTransform
[        ] Transforming window-java-1.2.0.aar (androidx.window:window-java:1.2.0) with LibrarySymbolTableTransform
[        ] Transforming versionedparcelable-1.1.1.aar (androidx.versionedparcelable:versionedparcelable:1.1.1) with JetifyTransform
[        ] Transforming versionedparcelable-1.1.1.aar (androidx.versionedparcelable:versionedparcelable:1.1.1) with ExtractAarTransform
[        ] Transforming versionedparcelable-1.1.1.aar (androidx.versionedparcelable:versionedparcelable:1.1.1) with LibrarySymbolTableTransform
[        ] Transforming core-runtime-2.2.0.aar (androidx.arch.core:core-runtime:2.2.0) with JetifyTransform
[        ] Transforming core-runtime-2.2.0.aar (androidx.arch.core:core-runtime:2.2.0) with ExtractAarTransform
[        ] Transforming core-runtime-2.2.0.aar (androidx.arch.core:core-runtime:2.2.0) with LibrarySymbolTableTransform
[        ] Transforming savedstate-1.2.1.aar (androidx.savedstate:savedstate:1.2.1) with JetifyTransform
[        ] Transforming savedstate-1.2.1.aar (androidx.savedstate:savedstate:1.2.1) with ExtractAarTransform
[        ] Transforming savedstate-1.2.1.aar (androidx.savedstate:savedstate:1.2.1) with LibrarySymbolTableTransform
[        ] Transforming startup-runtime-1.1.1.aar (androidx.startup:startup-runtime:1.1.1) with JetifyTransform
[        ] Transforming startup-runtime-1.1.1.aar (androidx.startup:startup-runtime:1.1.1) with ExtractAarTransform
[        ] Transforming startup-runtime-1.1.1.aar (androidx.startup:startup-runtime:1.1.1) with LibrarySymbolTableTransform
[        ] Transforming tracing-1.2.0.aar (androidx.tracing:tracing:1.2.0) with JetifyTransform
[        ] Transforming tracing-1.2.0.aar (androidx.tracing:tracing:1.2.0) with ExtractAarTransform
[        ] Transforming tracing-1.2.0.aar (androidx.tracing:tracing:1.2.0) with LibrarySymbolTableTransform
[        ] Transforming relinker-1.4.5.aar (com.getkeepsafe.relinker:relinker:1.4.5) with JetifyTransform
[        ] Transforming relinker-1.4.5.aar (com.getkeepsafe.relinker:relinker:1.4.5) with ExtractAarTransform
[        ] Transforming relinker-1.4.5.aar (com.getkeepsafe.relinker:relinker:1.4.5) with LibrarySymbolTableTransform
[        ] Transforming transport-api-2.2.1.aar (com.google.android.datatransport:transport-api:2.2.1) with JetifyTransform
[        ] Transforming transport-api-2.2.1.aar (com.google.android.datatransport:transport-api:2.2.1) with ExtractAarTransform
[        ] Transforming transport-api-2.2.1.aar (com.google.android.datatransport:transport-api:2.2.1) with LibrarySymbolTableTransform
[        ] Transforming transport-backend-cct-2.3.3.aar (com.google.android.datatransport:transport-backend-cct:2.3.3) with JetifyTransform
[        ] Transforming transport-backend-cct-2.3.3.aar (com.google.android.datatransport:transport-backend-cct:2.3.3) with ExtractAarTransform
[        ] Transforming transport-backend-cct-2.3.3.aar (com.google.android.datatransport:transport-backend-cct:2.3.3) with LibrarySymbolTableTransform
[        ] Transforming firebase-components-16.1.0.aar (com.google.firebase:firebase-components:16.1.0) with JetifyTransform
[        ] Transforming firebase-components-16.1.0.aar (com.google.firebase:firebase-components:16.1.0) with ExtractAarTransform
[        ] Transforming firebase-components-16.1.0.aar (com.google.firebase:firebase-components:16.1.0) with LibrarySymbolTableTransform
[        ] Transforming firebase-components-16.1.0.aar (com.google.firebase:firebase-components:16.1.0) with JetifyTransform
[        ] Transforming firebase-components-16.1.0.aar (com.google.firebase:firebase-components:16.1.0) with ExtractAarTransform
[        ] Transforming firebase-components-16.1.0.aar (com.google.firebase:firebase-components:16.1.0) with LibrarySymbolTableTransform
[        ] Transforming firebase-encoders-json-17.1.0.aar (com.google.firebase:firebase-encoders-json:17.1.0) with JetifyTransform
[        ] Transforming firebase-encoders-json-17.1.0.aar (com.google.firebase:firebase-encoders-json:17.1.0) with JetifyTransform
[        ] Transforming firebase-encoders-json-17.1.0.aar (com.google.firebase:firebase-encoders-json:17.1.0) with JetifyTransform
[        ] Transforming firebase-encoders-json-17.1.0.aar (com.google.firebase:firebase-encoders-json:17.1.0) with ExtractAarTransform
[        ] Transforming firebase-encoders-json-17.1.0.aar (com.google.firebase:firebase-encoders-json:17.1.0) with LibrarySymbolTableTransform
[        ] Transforming exifinterface-1.3.2.aar (androidx.exifinterface:exifinterface:1.3.2) with JetifyTransform
[        ] Transforming firebase-encoders-json-17.1.0.aar (com.google.firebase:firebase-encoders-json:17.1.0) with ExtractAarTransform
[        ] Transforming firebase-encoders-json-17.1.0.aar (com.google.firebase:firebase-encoders-json:17.1.0) with LibrarySymbolTableTransform
[        ] Transforming exifinterface-1.3.2.aar (androidx.exifinterface:exifinterface:1.3.2) with ExtractAarTransform
[        ] Transforming exifinterface-1.3.2.aar (androidx.exifinterface:exifinterface:1.3.2) with LibrarySymbolTableTransform
[        ] Transforming firebase-encoders-json-17.1.0.aar (com.google.firebase:firebase-encoders-json:17.1.0) with ExtractAarTransform
[        ] Transforming firebase-encoders-json-17.1.0.aar (com.google.firebase:firebase-encoders-json:17.1.0) with LibrarySymbolTableTransform
[        ] Transforming cursoradapter-1.0.0.aar (androidx.cursoradapter:cursoradapter:1.0.0) with JetifyTransform
[        ] Transforming cursoradapter-1.0.0.aar (androidx.cursoradapter:cursoradapter:1.0.0) with ExtractAarTransform
[        ] Transforming cursoradapter-1.0.0.aar (androidx.cursoradapter:cursoradapter:1.0.0) with LibrarySymbolTableTransform
[        ] Transforming image-1.0.0-beta1.aar (com.google.android.odml:image:1.0.0-beta1) with JetifyTransform
[        ] Transforming image-1.0.0-beta1.aar (com.google.android.odml:image:1.0.0-beta1) with ExtractAarTransform
[        ] Transforming image-1.0.0-beta1.aar (com.google.android.odml:image:1.0.0-beta1) with LibrarySymbolTableTransform
[        ] Transforming image-1.0.0-beta1.aar (com.google.android.odml:image:1.0.0-beta1) with JetifyTransform
[        ] Transforming image-1.0.0-beta1.aar (com.google.android.odml:image:1.0.0-beta1) with ExtractAarTransform
[        ] Transforming image-1.0.0-beta1.aar (com.google.android.odml:image:1.0.0-beta1) with LibrarySymbolTableTransform
[        ] Transforming interpolator-1.0.0.aar (androidx.interpolator:interpolator:1.0.0) with JetifyTransform
[        ] Transforming interpolator-1.0.0.aar (androidx.interpolator:interpolator:1.0.0) with ExtractAarTransform
[        ] Transforming interpolator-1.0.0.aar (androidx.interpolator:interpolator:1.0.0) with LibrarySymbolTableTransform
[        ] Transforming transport-runtime-2.2.6.aar (com.google.android.datatransport:transport-runtime:2.2.6) with JetifyTransform
[        ] Transforming transport-runtime-2.2.6.aar (com.google.android.datatransport:transport-runtime:2.2.6) with ExtractAarTransform
[        ] Transforming transport-runtime-2.2.6.aar (com.google.android.datatransport:transport-runtime:2.2.6) with LibrarySymbolTableTransform
[        ] Transforming annotation-experimental-1.4.1.aar (androidx.annotation:annotation-experimental:1.4.1) with JetifyTransform
[        ] Transforming transport-runtime-2.2.6.aar (com.google.android.datatransport:transport-runtime:2.2.6) with JetifyTransform
[        ] Transforming annotation-experimental-1.4.1.aar (androidx.annotation:annotation-experimental:1.4.1) with ExtractAarTransform
[        ] Transforming transport-runtime-2.2.6.aar (com.google.android.datatransport:transport-runtime:2.2.6) with JetifyTransform
[        ] Transforming annotation-experimental-1.4.1.aar (androidx.annotation:annotation-experimental:1.4.1) with LibrarySymbolTableTransform
[        ] Transforming transport-runtime-2.2.6.aar (com.google.android.datatransport:transport-runtime:2.2.6) with ExtractAarTransform
[        ] Transforming transport-runtime-2.2.6.aar (com.google.android.datatransport:transport-runtime:2.2.6) with ExtractAarTransform
[        ] Transforming transport-runtime-2.2.6.aar (com.google.android.datatransport:transport-runtime:2.2.6) with LibrarySymbolTableTransform
[        ] Transforming transport-runtime-2.2.6.aar (com.google.android.datatransport:transport-runtime:2.2.6) with LibrarySymbolTableTransform
[        ] Transforming transport-runtime-2.2.6.aar (com.google.android.datatransport:transport-runtime:2.2.6) with JetifyTransform
[        ] Transforming transport-runtime-2.2.6.aar (com.google.android.datatransport:transport-runtime:2.2.6) with ExtractAarTransform
[        ] Transforming transport-runtime-2.2.6.aar (com.google.android.datatransport:transport-runtime:2.2.6) with LibrarySymbolTableTransform
[        ] Transforming android.jar with PlatformAttrTransform
[        ] Caching disabled for task ':mobile_scanner:generateReleaseRFile' because:
[        ]   Build cache is disabled
[        ] Skipping task ':mobile_scanner:generateReleaseRFile' as it is up-to-date.
[        ] work action resolve package-aware-r.txt (project :mobile_scanner) (Thread[#900,Execution worker Thread 11,5,main]) started.
[        ] Resolve mutations for :mobile_scanner:compileReleaseKotlin (Thread[#900,Execution worker Thread 11,5,main]) started.
[        ] :mobile_scanner:compileReleaseKotlin (Thread[#900,Execution worker Thread 11,5,main]) started.
[        ] > Task :mobile_scanner:compileReleaseKotlin UP-TO-DATE
[        ] Transforming camera-camera2-1.4.2.aar (androidx.camera:camera-camera2:1.4.2) with JetifyTransform
[        ] Transforming camera-camera2-1.4.2.aar (androidx.camera:camera-camera2:1.4.2) with AarToClassTransform
[        ] Transforming camera-lifecycle-1.4.2.aar (androidx.camera:camera-lifecycle:1.4.2) with JetifyTransform
[        ] Transforming camera-lifecycle-1.4.2.aar (androidx.camera:camera-lifecycle:1.4.2) with AarToClassTransform
[        ] Transforming camera-core-1.4.2.aar (androidx.camera:camera-core:1.4.2) with JetifyTransform
[        ] Transforming camera-core-1.4.2.aar (androidx.camera:camera-core:1.4.2) with AarToClassTransform
[        ] Transforming flutter_embedding_release-1.0.0-a8bfdfc394deaed5c57bd45a64ac4294dc976a72.jar (io.flutter:flutter_embedding_release:1.0.0-a8bfdfc394deaed5c57bd45a64ac4294dc976a72) with JetifyTransform
[        ] Transforming flutter_embedding_release-1.0.0-a8bfdfc394deaed5c57bd45a64ac4294dc976a72.jar (io.flutter:flutter_embedding_release:1.0.0-a8bfdfc394deaed5c57bd45a64ac4294dc976a72) with IdentityTransform
[        ] Transforming barcode-scanning-17.3.0.aar (com.google.mlkit:barcode-scanning:17.3.0) with JetifyTransform
[        ] Transforming barcode-scanning-17.3.0.aar (com.google.mlkit:barcode-scanning:17.3.0) with AarToClassTransform
[        ] Transforming play-services-mlkit-barcode-scanning-18.3.1.aar (com.google.android.gms:play-services-mlkit-barcode-scanning:18.3.1) with JetifyTransform
[        ] Transforming play-services-mlkit-barcode-scanning-18.3.1.aar (com.google.android.gms:play-services-mlkit-barcode-scanning:18.3.1) with AarToClassTransform
[        ] Transforming barcode-scanning-common-17.0.0.aar (com.google.mlkit:barcode-scanning-common:17.0.0) with JetifyTransform
[        ] Transforming barcode-scanning-common-17.0.0.aar (com.google.mlkit:barcode-scanning-common:17.0.0) with AarToClassTransform
[        ] Transforming vision-common-17.3.0.aar (com.google.mlkit:vision-common:17.3.0) with JetifyTransform
[        ] Transforming vision-common-17.3.0.aar (com.google.mlkit:vision-common:17.3.0) with AarToClassTransform
[        ] Transforming common-18.11.0.aar (com.google.mlkit:common:18.11.0) with JetifyTransform
[        ] Transforming common-18.11.0.aar (com.google.mlkit:common:18.11.0) with AarToClassTransform
[        ] Transforming play-services-base-18.5.0.aar (com.google.android.gms:play-services-base:18.5.0) with JetifyTransform
[        ] Transforming play-services-base-18.5.0.aar (com.google.android.gms:play-services-base:18.5.0) with AarToClassTransform
[        ] Transforming vision-interfaces-16.3.0.aar (com.google.mlkit:vision-interfaces:16.3.0) with JetifyTransform
[        ] Transforming vision-interfaces-16.3.0.aar (com.google.mlkit:vision-interfaces:16.3.0) with AarToClassTransform
[        ] Transforming play-services-tasks-18.2.0.aar (com.google.android.gms:play-services-tasks:18.2.0) with JetifyTransform
[        ] Transforming play-services-tasks-18.2.0.aar (com.google.android.gms:play-services-tasks:18.2.0) with AarToClassTransform
[        ] Transforming play-services-basement-18.4.0.aar (com.google.android.gms:play-services-basement:18.4.0) with JetifyTransform
[        ] Transforming play-services-basement-18.4.0.aar (com.google.android.gms:play-services-basement:18.4.0) with AarToClassTransform
[        ] Transforming appcompat-1.6.1.aar (androidx.appcompat:appcompat:1.6.1) with JetifyTransform
[        ] Transforming appcompat-1.6.1.aar (androidx.appcompat:appcompat:1.6.1) with AarToClassTransform
[        ] Transforming fragment-1.7.1.aar (androidx.fragment:fragment:1.7.1) with JetifyTransform
[        ] Transforming fragment-1.7.1.aar (androidx.fragment:fragment:1.7.1) with AarToClassTransform
[        ] Transforming fragment-1.7.1.aar (androidx.fragment:fragment:1.7.1) with JetifyTransform
[        ] Transforming fragment-1.7.1.aar (androidx.fragment:fragment:1.7.1) with AarToClassTransform
[        ] Transforming activity-1.8.1.aar (androidx.activity:activity:1.8.1) with JetifyTransform
[        ] Transforming activity-1.8.1.aar (androidx.activity:activity:1.8.1) with AarToClassTransform
[        ] Transforming loader-1.0.0.aar (androidx.loader:loader:1.0.0) with JetifyTransform
[        ] Transforming loader-1.0.0.aar (androidx.loader:loader:1.0.0) with AarToClassTransform
[        ] Transforming lifecycle-livedata-core-ktx-2.7.0.aar (androidx.lifecycle:lifecycle-livedata-core-ktx:2.7.0) with JetifyTransform
[        ] Transforming lifecycle-livedata-core-ktx-2.7.0.aar (androidx.lifecycle:lifecycle-livedata-core-ktx:2.7.0) with AarToClassTransform
[        ] Transforming lifecycle-viewmodel-2.7.0.aar (androidx.lifecycle:lifecycle-viewmodel:2.7.0) with JetifyTransform
[        ] Transforming lifecycle-viewmodel-2.7.0.aar (androidx.lifecycle:lifecycle-viewmodel:2.7.0) with AarToClassTransform
[        ] Transforming lifecycle-viewmodel-2.7.0.aar (androidx.lifecycle:lifecycle-viewmodel:2.7.0) with JetifyTransform
[        ] Transforming lifecycle-viewmodel-2.7.0.aar (androidx.lifecycle:lifecycle-viewmodel:2.7.0) with AarToClassTransform
[        ] Transforming lifecycle-livedata-core-2.7.0.aar (androidx.lifecycle:lifecycle-livedata-core:2.7.0) with JetifyTransform
[        ] Transforming lifecycle-livedata-core-2.7.0.aar (androidx.lifecycle:lifecycle-livedata-core:2.7.0) with AarToClassTransform
[        ] Transforming lifecycle-livedata-2.7.0.aar (androidx.lifecycle:lifecycle-livedata:2.7.0) with JetifyTransform
[        ] Transforming lifecycle-livedata-2.7.0.aar (androidx.lifecycle:lifecycle-livedata:2.7.0) with AarToClassTransform
[        ] Transforming lifecycle-livedata-2.7.0.aar (androidx.lifecycle:lifecycle-livedata:2.7.0) with JetifyTransform
[        ] Transforming lifecycle-livedata-2.7.0.aar (androidx.lifecycle:lifecycle-livedata:2.7.0) with AarToClassTransform
[        ] Transforming lifecycle-viewmodel-savedstate-2.7.0.aar (androidx.lifecycle:lifecycle-viewmodel-savedstate:2.7.0) with JetifyTransform
[        ] Transforming lifecycle-viewmodel-savedstate-2.7.0.aar (androidx.lifecycle:lifecycle-viewmodel-savedstate:2.7.0) with AarToClassTransform
[        ] Transforming core-ktx-1.13.1.aar (androidx.core:core-ktx:1.13.1) with JetifyTransform
[        ] Transforming core-ktx-1.13.1.aar (androidx.core:core-ktx:1.13.1) with AarToClassTransform
[        ] Transforming viewpager-1.0.0.aar (androidx.viewpager:viewpager:1.0.0) with JetifyTransform
[        ] Transforming viewpager-1.0.0.aar (androidx.viewpager:viewpager:1.0.0) with AarToClassTransform
[        ] Transforming appcompat-resources-1.6.1.aar (androidx.appcompat:appcompat-resources:1.6.1) with JetifyTransform
[        ] Transforming appcompat-resources-1.6.1.aar (androidx.appcompat:appcompat-resources:1.6.1) with AarToClassTransform
[        ] Transforming drawerlayout-1.0.0.aar (androidx.drawerlayout:drawerlayout:1.0.0) with JetifyTransform
[        ] Transforming drawerlayout-1.0.0.aar (androidx.drawerlayout:drawerlayout:1.0.0) with AarToClassTransform
[        ] Transforming customview-1.0.0.aar (androidx.customview:customview:1.0.0) with JetifyTransform
[        ] Transforming customview-1.0.0.aar (androidx.customview:customview:1.0.0) with AarToClassTransform
[        ] Transforming vectordrawable-animated-1.1.0.aar (androidx.vectordrawable:vectordrawable-animated:1.1.0) with JetifyTransform
[        ] Transforming vectordrawable-animated-1.1.0.aar (androidx.vectordrawable:vectordrawable-animated:1.1.0) with AarToClassTransform
[        ] Transforming vectordrawable-1.1.0.aar (androidx.vectordrawable:vectordrawable:1.1.0) with JetifyTransform
[        ] Transforming vectordrawable-1.1.0.aar (androidx.vectordrawable:vectordrawable:1.1.0) with AarToClassTransform
[        ] Transforming vectordrawable-1.1.0.aar (androidx.vectordrawable:vectordrawable:1.1.0) with JetifyTransform
[        ] Transforming vectordrawable-1.1.0.aar (androidx.vectordrawable:vectordrawable:1.1.0) with AarToClassTransform
[        ] Transforming core-1.13.1.aar (androidx.core:core:1.13.1) with JetifyTransform
[        ] Transforming core-1.13.1.aar (androidx.core:core:1.13.1) with AarToClassTransform
[        ] Transforming core-1.13.1.aar (androidx.core:core:1.13.1) with JetifyTransform
[        ] Transforming core-1.13.1.aar (androidx.core:core:1.13.1) with AarToClassTransform
[        ] Transforming lifecycle-runtime-2.7.0.aar (androidx.lifecycle:lifecycle-runtime:2.7.0) with JetifyTransform
[        ] Transforming lifecycle-runtime-2.7.0.aar (androidx.lifecycle:lifecycle-runtime:2.7.0) with AarToClassTransform
[        ] Transforming lifecycle-process-2.7.0.aar (androidx.lifecycle:lifecycle-process:2.7.0) with JetifyTransform
[        ] Transforming lifecycle-process-2.7.0.aar (androidx.lifecycle:lifecycle-process:2.7.0) with AarToClassTransform
[        ] Transforming lifecycle-common-java8-2.7.0.jar (androidx.lifecycle:lifecycle-common-java8:2.7.0) with JetifyTransform
[        ] Transforming lifecycle-common-java8-2.7.0.jar (androidx.lifecycle:lifecycle-common-java8:2.7.0) with IdentityTransform
[        ] Transforming lifecycle-common-2.7.0.jar (androidx.lifecycle:lifecycle-common:2.7.0) with JetifyTransform
[        ] Transforming lifecycle-common-2.7.0.jar (androidx.lifecycle:lifecycle-common:2.7.0) with IdentityTransform
[        ] Transforming window-1.2.0.aar (androidx.window:window:1.2.0) with JetifyTransform
[        ] Transforming window-1.2.0.aar (androidx.window:window:1.2.0) with AarToClassTransform
[        ] Transforming window-java-1.2.0.aar (androidx.window:window-java:1.2.0) with JetifyTransform
[        ] Transforming window-java-1.2.0.aar (androidx.window:window-java:1.2.0) with AarToClassTransform
[        ] Transforming kotlin-stdlib-jdk8-1.8.20.jar (org.jetbrains.kotlin:kotlin-stdlib-jdk8:1.8.20) with JetifyTransform
[        ] Transforming kotlin-stdlib-jdk8-1.8.20.jar (org.jetbrains.kotlin:kotlin-stdlib-jdk8:1.8.20) with IdentityTransform
[        ] Transforming annotation-experimental-1.4.1.aar (androidx.annotation:annotation-experimental:1.4.1) with JetifyTransform
[        ] Transforming annotation-experimental-1.4.1.aar (androidx.annotation:annotation-experimental:1.4.1) with AarToClassTransform
[        ] Transforming versionedparcelable-1.1.1.aar (androidx.versionedparcelable:versionedparcelable:1.1.1) with JetifyTransform
[        ] Transforming versionedparcelable-1.1.1.aar (androidx.versionedparcelable:versionedparcelable:1.1.1) with AarToClassTransform
[        ] Transforming collection-1.1.0.jar (androidx.collection:collection:1.1.0) with JetifyTransform
[        ] Transforming collection-1.1.0.jar (androidx.collection:collection:1.1.0) with IdentityTransform
[        ] Transforming transport-backend-cct-2.3.3.aar (com.google.android.datatransport:transport-backend-cct:2.3.3) with JetifyTransform
[        ] Transforming transport-backend-cct-2.3.3.aar (com.google.android.datatransport:transport-backend-cct:2.3.3) with AarToClassTransform
[        ] Transforming transport-runtime-2.2.6.aar (com.google.android.datatransport:transport-runtime:2.2.6) with JetifyTransform
[        ] Transforming transport-runtime-2.2.6.aar (com.google.android.datatransport:transport-runtime:2.2.6) with AarToClassTransform
[        ] Transforming transport-api-2.2.1.aar (com.google.android.datatransport:transport-api:2.2.1) with JetifyTransform
[        ] Transforming transport-api-2.2.1.aar (com.google.android.datatransport:transport-api:2.2.1) with AarToClassTransform
[        ] Transforming firebase-components-16.1.0.aar (com.google.firebase:firebase-components:16.1.0) with JetifyTransform
[        ] Transforming firebase-components-16.1.0.aar (com.google.firebase:firebase-components:16.1.0) with AarToClassTransform
[        ] Transforming firebase-encoders-json-17.1.0.aar (com.google.firebase:firebase-encoders-json:17.1.0) with JetifyTransform
[        ] Transforming firebase-encoders-json-17.1.0.aar (com.google.firebase:firebase-encoders-json:17.1.0) with AarToClassTransform
[        ] Transforming exifinterface-1.3.2.aar (androidx.exifinterface:exifinterface:1.3.2) with JetifyTransform
[        ] Transforming kotlinx-coroutines-core-jvm-1.7.3.jar (org.jetbrains.kotlinx:kotlinx-coroutines-core-jvm:1.7.3) with JetifyTransform
[        ] Transforming exifinterface-1.3.2.aar (androidx.exifinterface:exifinterface:1.3.2) with AarToClassTransform
[        ] Transforming kotlinx-coroutines-core-jvm-1.7.3.jar (org.jetbrains.kotlinx:kotlinx-coroutines-core-jvm:1.7.3) with IdentityTransform
[        ] Transforming core-runtime-2.2.0.aar (androidx.arch.core:core-runtime:2.2.0) with JetifyTransform
[        ] Transforming core-runtime-2.2.0.aar (androidx.arch.core:core-runtime:2.2.0) with AarToClassTransform
[        ] Transforming core-common-2.2.0.jar (androidx.arch.core:core-common:2.2.0) with JetifyTransform
[        ] Transforming core-common-2.2.0.jar (androidx.arch.core:core-common:2.2.0) with IdentityTransform
[        ] Transforming savedstate-1.2.1.aar (androidx.savedstate:savedstate:1.2.1) with JetifyTransform
[        ] Transforming savedstate-1.2.1.aar (androidx.savedstate:savedstate:1.2.1) with AarToClassTransform
[        ] Transforming cursoradapter-1.0.0.aar (androidx.cursoradapter:cursoradapter:1.0.0) with JetifyTransform
[        ] Transforming cursoradapter-1.0.0.aar (androidx.cursoradapter:cursoradapter:1.0.0) with AarToClassTransform
[        ] Transforming interpolator-1.0.0.aar (androidx.interpolator:interpolator:1.0.0) with JetifyTransform
[        ] Transforming interpolator-1.0.0.aar (androidx.interpolator:interpolator:1.0.0) with AarToClassTransform
[        ] Transforming kotlinx-coroutines-android-1.7.3.jar (org.jetbrains.kotlinx:kotlinx-coroutines-android:1.7.3) with JetifyTransform
[        ] Transforming annotation-jvm-1.8.0.jar (androidx.annotation:annotation-jvm:1.8.0) with JetifyTransform
[        ] Transforming kotlinx-coroutines-android-1.7.3.jar (org.jetbrains.kotlinx:kotlinx-coroutines-android:1.7.3) with IdentityTransform
[        ] Transforming annotation-jvm-1.8.0.jar (androidx.annotation:annotation-jvm:1.8.0) with IdentityTransform
[        ] Transforming firebase-encoders-16.1.0.jar (com.google.firebase:firebase-encoders:16.1.0) with JetifyTransform
[        ] Transforming kotlin-stdlib-jdk7-1.8.20.jar (org.jetbrains.kotlin:kotlin-stdlib-jdk7:1.8.20) with JetifyTransform
[        ] Transforming firebase-encoders-16.1.0.jar (com.google.firebase:firebase-encoders:16.1.0) with IdentityTransform
[        ] Transforming kotlin-stdlib-jdk7-1.8.20.jar (org.jetbrains.kotlin:kotlin-stdlib-jdk7:1.8.20) with IdentityTransform
[        ] Transforming kotlin-stdlib-2.1.0.jar (org.jetbrains.kotlin:kotlin-stdlib:2.1.0) with JetifyTransform
[        ] Transforming kotlin-stdlib-2.1.0.jar (org.jetbrains.kotlin:kotlin-stdlib:2.1.0) with IdentityTransform
[        ] Transforming annotations-23.0.0.jar (org.jetbrains:annotations:23.0.0) with JetifyTransform
[        ] Transforming annotations-23.0.0.jar (org.jetbrains:annotations:23.0.0) with IdentityTransform
[        ] Transforming startup-runtime-1.1.1.aar (androidx.startup:startup-runtime:1.1.1) with JetifyTransform
[        ] Transforming startup-runtime-1.1.1.aar (androidx.startup:startup-runtime:1.1.1) with AarToClassTransform
[        ] Transforming tracing-1.2.0.aar (androidx.tracing:tracing:1.2.0) with JetifyTransform
[        ] Transforming tracing-1.2.0.aar (androidx.tracing:tracing:1.2.0) with AarToClassTransform
[        ] Transforming javax.inject-1.jar (javax.inject:javax.inject:1) with JetifyTransform
[        ] Transforming javax.inject-1.jar (javax.inject:javax.inject:1) with IdentityTransform
[        ] Transforming listenablefuture-1.0.jar (com.google.guava:listenablefuture:1.0) with JetifyTransform
[        ] Transforming image-1.0.0-beta1.aar (com.google.android.odml:image:1.0.0-beta1) with JetifyTransform
[        ] Transforming listenablefuture-1.0.jar (com.google.guava:listenablefuture:1.0) with IdentityTransform
[        ] Transforming image-1.0.0-beta1.aar (com.google.android.odml:image:1.0.0-beta1) with AarToClassTransform
[        ] Transforming relinker-1.4.5.aar (com.getkeepsafe.relinker:relinker:1.4.5) with JetifyTransform
[        ] Transforming relinker-1.4.5.aar (com.getkeepsafe.relinker:relinker:1.4.5) with AarToClassTransform
[        ] Transforming firebase-annotations-16.0.0.jar (com.google.firebase:firebase-annotations:16.0.0) with JetifyTransform
[        ] Transforming firebase-annotations-16.0.0.jar (com.google.firebase:firebase-annotations:16.0.0) with IdentityTransform
[        ] Transforming R.jar with BuildToolsApiClasspathEntrySnapshotTransform
[        ] Transforming jetified-camera-camera2-1.4.2-api.jar with BuildToolsApiClasspathEntrySnapshotTransform
[        ] Transforming jetified-camera-lifecycle-1.4.2-api.jar with BuildToolsApiClasspathEntrySnapshotTransform
[        ] Transforming jetified-camera-core-1.4.2-api.jar with BuildToolsApiClasspathEntrySnapshotTransform
[        ] Transforming jetified-flutter_embedding_release-1.0.0-a8bfdfc394deaed5c57bd45a64ac4294dc976a72.jar with BuildToolsApiClasspathEntrySnapshotTransform
[        ] Transforming jetified-barcode-scanning-17.3.0-api.jar with BuildToolsApiClasspathEntrySnapshotTransform
[        ] Transforming jetified-play-services-mlkit-barcode-scanning-18.3.1-api.jar with BuildToolsApiClasspathEntrySnapshotTransform
[        ] Transforming jetified-barcode-scanning-common-17.0.0-api.jar with BuildToolsApiClasspathEntrySnapshotTransform
[        ] Transforming jetified-vision-common-17.3.0-api.jar with BuildToolsApiClasspathEntrySnapshotTransform
[        ] Transforming jetified-common-18.11.0-api.jar with BuildToolsApiClasspathEntrySnapshotTransform
[        ] Transforming jetified-play-services-base-18.5.0-api.jar with BuildToolsApiClasspathEntrySnapshotTransform
[        ] Transforming jetified-vision-interfaces-16.3.0-api.jar with BuildToolsApiClasspathEntrySnapshotTransform
[        ] Transforming jetified-play-services-tasks-18.2.0-api.jar with BuildToolsApiClasspathEntrySnapshotTransform
[        ] Transforming jetified-play-services-basement-18.4.0-api.jar with BuildToolsApiClasspathEntrySnapshotTransform
[        ] Transforming appcompat-1.6.1-api.jar with BuildToolsApiClasspathEntrySnapshotTransform
[        ] Transforming fragment-1.7.1-api.jar with BuildToolsApiClasspathEntrySnapshotTransform
[        ] Transforming jetified-activity-1.8.1-api.jar with BuildToolsApiClasspathEntrySnapshotTransform
[        ] Transforming loader-1.0.0-api.jar with BuildToolsApiClasspathEntrySnapshotTransform
[        ] Transforming jetified-lifecycle-livedata-core-ktx-2.7.0-api.jar with BuildToolsApiClasspathEntrySnapshotTransform
[        ] Transforming lifecycle-viewmodel-2.7.0-api.jar with BuildToolsApiClasspathEntrySnapshotTransform
[        ] Transforming lifecycle-livedata-core-2.7.0-api.jar with BuildToolsApiClasspathEntrySnapshotTransform
[        ] Transforming lifecycle-livedata-2.7.0-api.jar with BuildToolsApiClasspathEntrySnapshotTransform
[        ] Transforming jetified-lifecycle-viewmodel-savedstate-2.7.0-api.jar with BuildToolsApiClasspathEntrySnapshotTransform
[        ] Transforming jetified-core-ktx-1.13.1-api.jar with BuildToolsApiClasspathEntrySnapshotTransform
[        ] Transforming viewpager-1.0.0-api.jar with BuildToolsApiClasspathEntrySnapshotTransform
[        ] Transforming jetified-appcompat-resources-1.6.1-api.jar with BuildToolsApiClasspathEntrySnapshotTransform
[        ] Transforming drawerlayout-1.0.0-api.jar with BuildToolsApiClasspathEntrySnapshotTransform
[        ] Transforming customview-1.0.0-api.jar with BuildToolsApiClasspathEntrySnapshotTransform
[        ] Transforming vectordrawable-animated-1.1.0-api.jar with BuildToolsApiClasspathEntrySnapshotTransform
[        ] Transforming vectordrawable-1.1.0-api.jar with BuildToolsApiClasspathEntrySnapshotTransform
[        ] Transforming core-1.13.1-api.jar with BuildToolsApiClasspathEntrySnapshotTransform
[        ] Transforming lifecycle-runtime-2.7.0-api.jar with BuildToolsApiClasspathEntrySnapshotTransform
[        ] Transforming jetified-lifecycle-process-2.7.0-api.jar with BuildToolsApiClasspathEntrySnapshotTransform
[        ] Transforming lifecycle-common-java8-2.7.0.jar with BuildToolsApiClasspathEntrySnapshotTransform
[        ] Transforming lifecycle-common-2.7.0.jar with BuildToolsApiClasspathEntrySnapshotTransform
[        ] Transforming jetified-window-1.2.0-api.jar with BuildToolsApiClasspathEntrySnapshotTransform
[        ] Transforming jetified-window-java-1.2.0-api.jar with BuildToolsApiClasspathEntrySnapshotTransform
[        ] Transforming jetified-kotlinx-coroutines-core-jvm-1.7.3.jar with BuildToolsApiClasspathEntrySnapshotTransform
[        ] Transforming jetified-kotlinx-coroutines-android-1.7.3.jar with BuildToolsApiClasspathEntrySnapshotTransform
[        ] Transforming jetified-kotlin-stdlib-jdk8-1.8.20.jar with BuildToolsApiClasspathEntrySnapshotTransform
[        ] Transforming jetified-annotation-experimental-1.4.1-api.jar with BuildToolsApiClasspathEntrySnapshotTransform
[        ] Transforming versionedparcelable-1.1.1-api.jar with BuildToolsApiClasspathEntrySnapshotTransform
[        ] Transforming collection-1.1.0.jar with BuildToolsApiClasspathEntrySnapshotTransform
[        ] Transforming jetified-transport-backend-cct-2.3.3-api.jar with BuildToolsApiClasspathEntrySnapshotTransform
[        ] Transforming jetified-transport-runtime-2.2.6-api.jar with BuildToolsApiClasspathEntrySnapshotTransform
[        ] Transforming jetified-transport-api-2.2.1-api.jar with BuildToolsApiClasspathEntrySnapshotTransform
[        ] Transforming jetified-firebase-components-16.1.0-api.jar with BuildToolsApiClasspathEntrySnapshotTransform
[        ] Transforming jetified-firebase-encoders-json-17.1.0-api.jar with BuildToolsApiClasspathEntrySnapshotTransform
[        ] Transforming jetified-firebase-encoders-16.1.0.jar with BuildToolsApiClasspathEntrySnapshotTransform
[        ] Transforming exifinterface-1.3.2-api.jar with BuildToolsApiClasspathEntrySnapshotTransform
[        ] Transforming core-runtime-2.2.0-api.jar with BuildToolsApiClasspathEntrySnapshotTransform
[        ] Transforming core-common-2.2.0.jar with BuildToolsApiClasspathEntrySnapshotTransform
[        ] Transforming jetified-savedstate-1.2.1-api.jar with BuildToolsApiClasspathEntrySnapshotTransform
[        ] Transforming cursoradapter-1.0.0-api.jar with BuildToolsApiClasspathEntrySnapshotTransform
[        ] Transforming interpolator-1.0.0-api.jar with BuildToolsApiClasspathEntrySnapshotTransform
[        ] Transforming jetified-annotation-jvm-1.8.0.jar with BuildToolsApiClasspathEntrySnapshotTransform
[        ] Transforming jetified-kotlin-stdlib-jdk7-1.8.20.jar with BuildToolsApiClasspathEntrySnapshotTransform
[        ] Transforming jetified-kotlin-stdlib-2.1.0.jar with BuildToolsApiClasspathEntrySnapshotTransform
[        ] Transforming jetified-annotations-23.0.0.jar with BuildToolsApiClasspathEntrySnapshotTransform
[        ] Transforming jetified-listenablefuture-1.0.jar with BuildToolsApiClasspathEntrySnapshotTransform
[        ] Transforming jetified-startup-runtime-1.1.1-api.jar with BuildToolsApiClasspathEntrySnapshotTransform
[        ] Transforming jetified-tracing-1.2.0-api.jar with BuildToolsApiClasspathEntrySnapshotTransform
[        ] Transforming jetified-javax.inject-1.jar with BuildToolsApiClasspathEntrySnapshotTransform
[        ] Transforming jetified-image-1.0.0-beta1-api.jar with BuildToolsApiClasspathEntrySnapshotTransform
[        ] Transforming jetified-firebase-annotations-16.0.0.jar with BuildToolsApiClasspathEntrySnapshotTransform
[        ] Transforming jetified-relinker-1.4.5-api.jar with BuildToolsApiClasspathEntrySnapshotTransform
[        ] Transforming android.jar with BuildToolsApiClasspathEntrySnapshotTransform
[        ] Transforming core-lambda-stubs.jar with BuildToolsApiClasspathEntrySnapshotTransform
[        ] Caching disabled for task ':mobile_scanner:compileReleaseKotlin' because:
[        ]   Build cache is disabled
[        ] Skipping task ':mobile_scanner:compileReleaseKotlin' as it is up-to-date.
[        ] Resolve mutations for :mobile_scanner:javaPreCompileRelease (Thread[#900,Execution worker Thread 11,5,main]) started.
[        ] :mobile_scanner:javaPreCompileRelease (Thread[#900,Execution worker Thread 11,5,main]) started.
[        ] > Task :mobile_scanner:javaPreCompileRelease UP-TO-DATE
[        ] Caching disabled for task ':mobile_scanner:javaPreCompileRelease' because:
[        ]   Build cache is disabled
[        ] Skipping task ':mobile_scanner:javaPreCompileRelease' as it is up-to-date.
[        ] Resolve mutations for :mobile_scanner:compileReleaseJavaWithJavac (Thread[#900,Execution worker Thread 11,5,main]) started.
[        ] :mobile_scanner:compileReleaseJavaWithJavac (Thread[#900,Execution worker Thread 11,5,main]) started.
[        ] > Task :mobile_scanner:compileReleaseJavaWithJavac UP-TO-DATE
[        ] Custom actions are attached to task ':mobile_scanner:compileReleaseJavaWithJavac'.
[        ] Caching disabled for task ':mobile_scanner:compileReleaseJavaWithJavac' because:
[        ]   Build cache is disabled
[        ] Skipping task ':mobile_scanner:compileReleaseJavaWithJavac' as it is up-to-date.
[        ] No compile result for :mobile_scanner:compileReleaseJavaWithJavac
[        ] No compile result for :mobile_scanner:compileReleaseJavaWithJavac
[        ] Resolve mutations for :mobile_scanner:mergeReleaseGeneratedProguardFiles (Thread[#900,Execution worker Thread 11,5,main]) started.
[        ] :mobile_scanner:mergeReleaseGeneratedProguardFiles (Thread[#900,Execution worker Thread 11,5,main]) started.
[        ] > Task :mobile_scanner:mergeReleaseGeneratedProguardFiles UP-TO-DATE
[        ] Caching disabled for task ':mobile_scanner:mergeReleaseGeneratedProguardFiles' because:
[        ]   Build cache is disabled
[        ]   Simple merging task
[        ] Skipping task ':mobile_scanner:mergeReleaseGeneratedProguardFiles' as it is up-to-date.
[        ] Resolve mutations for :mobile_scanner:exportReleaseConsumerProguardFiles (Thread[#900,Execution worker Thread 11,5,main]) started.
[        ] :mobile_scanner:exportReleaseConsumerProguardFiles (Thread[#900,Execution worker Thread 11,5,main]) started.
[  +58 ms] > Task :mobile_scanner:exportReleaseConsumerProguardFiles UP-TO-DATE
[        ] Caching disabled for task ':mobile_scanner:exportReleaseConsumerProguardFiles' because:
[        ]   Build cache is disabled
[        ]   Caching has been disabled for the task
[        ] Skipping task ':mobile_scanner:exportReleaseConsumerProguardFiles' as it is up-to-date.
[        ] work action resolve exportReleaseConsumerProguardFiles (project :mobile_scanner) (Thread[#900,Execution worker Thread 11,5,main]) started.
[        ] FilterShrinkerRulesTransform (Thread[#900,Execution worker Thread 11,5,main]) started.
[        ] Resolve mutations for :package_info_plus:checkKotlinGradlePluginConfigurationErrors (Thread[#892,Execution worker Thread 3,5,main]) started.
[        ] :package_info_plus:checkKotlinGradlePluginConfigurationErrors (Thread[#892,Execution worker Thread 3,5,main]) started.
[        ] > Transform exportReleaseConsumerProguardFiles (project :mobile_scanner) with FilterShrinkerRulesTransform
[        ] Transforming exportReleaseConsumerProguardFiles (project :mobile_scanner) with FilterShrinkerRulesTransform
[        ] > Task :package_info_plus:checkKotlinGradlePluginConfigurationErrors SKIPPED
[        ] Skipping task ':package_info_plus:checkKotlinGradlePluginConfigurationErrors' as task onlyIf 'errorDiagnostics are present' is false.
[        ] Resolve mutations for :package_info_plus:preBuild (Thread[#892,Execution worker Thread 3,5,main]) started.
[        ] :package_info_plus:preBuild (Thread[#892,Execution worker Thread 3,5,main]) started.
[        ] > Task :package_info_plus:preBuild UP-TO-DATE
[        ] Skipping task ':package_info_plus:preBuild' as it has no actions.
[        ] Resolve mutations for :package_info_plus:preReleaseBuild (Thread[#892,Execution worker Thread 3,5,main]) started.
[        ] :package_info_plus:preReleaseBuild (Thread[#892,Execution worker Thread 3,5,main]) started.
[        ] > Task :package_info_plus:preReleaseBuild UP-TO-DATE
[        ] Skipping task ':package_info_plus:preReleaseBuild' as it has no actions.
[        ] Resolve mutations for :package_info_plus:generateReleaseBuildConfig (Thread[#892,Execution worker Thread 3,5,main]) started.
[        ] :package_info_plus:generateReleaseBuildConfig (Thread[#892,Execution worker Thread 3,5,main]) started.
[        ] > Task :package_info_plus:generateReleaseBuildConfig UP-TO-DATE
[        ] Caching disabled for task ':package_info_plus:generateReleaseBuildConfig' because:
[        ]   Build cache is disabled
[        ] Skipping task ':package_info_plus:generateReleaseBuildConfig' as it is up-to-date.
[        ] Resolve mutations for :package_info_plus:generateReleaseResValues (Thread[#892,Execution worker Thread 3,5,main]) started.
[        ] :package_info_plus:generateReleaseResValues (Thread[#892,Execution worker Thread 3,5,main]) started.
[        ] > Task :package_info_plus:generateReleaseResValues UP-TO-DATE
[        ] Caching disabled for task ':package_info_plus:generateReleaseResValues' because:
[        ]   Build cache is disabled
[        ] Skipping task ':package_info_plus:generateReleaseResValues' as it is up-to-date.
[        ] Resolve mutations for :package_info_plus:generateReleaseResources (Thread[#892,Execution worker Thread 3,5,main]) started.
[        ] :package_info_plus:generateReleaseResources (Thread[#892,Execution worker Thread 3,5,main]) started.
[        ] > Task :package_info_plus:generateReleaseResources UP-TO-DATE
[        ] Caching disabled for task ':package_info_plus:generateReleaseResources' because:
[        ]   Build cache is disabled
[        ] Skipping task ':package_info_plus:generateReleaseResources' as it is up-to-date.
[        ] Resolve mutations for :package_info_plus:packageReleaseResources (Thread[#892,Execution worker Thread 3,5,main]) started.
[        ] :package_info_plus:packageReleaseResources (Thread[#892,Execution worker Thread 3,5,main]) started.
[        ] > Task :package_info_plus:packageReleaseResources UP-TO-DATE
[        ] Caching disabled for task ':package_info_plus:packageReleaseResources' because:
[        ]   Build cache is disabled
[        ] Skipping task ':package_info_plus:packageReleaseResources' as it is up-to-date.
[        ] work action resolve packageReleaseResources (project :package_info_plus) (Thread[#892,Execution worker Thread 3,5,main]) started.
[        ] Resolve mutations for :package_info_plus:parseReleaseLocalResources (Thread[#892,Execution worker Thread 3,5,main]) started.
[        ] :package_info_plus:parseReleaseLocalResources (Thread[#892,Execution worker Thread 3,5,main]) started.
[        ] > Task :package_info_plus:parseReleaseLocalResources UP-TO-DATE
[        ] Transforming android.jar with PlatformAttrTransform
[        ] Transforming android.jar with PlatformAttrTransform
[        ] Caching disabled for task ':package_info_plus:parseReleaseLocalResources' because:
[        ]   Build cache is disabled
[        ] Skipping task ':package_info_plus:parseReleaseLocalResources' as it is up-to-date.
[        ] Resolve mutations for :package_info_plus:generateReleaseRFile (Thread[#892,Execution worker Thread 3,5,main]) started.
[        ] :package_info_plus:generateReleaseRFile (Thread[#892,Execution worker Thread 3,5,main]) started.
[        ] > Task :package_info_plus:generateReleaseRFile UP-TO-DATE
[        ] Transforming fragment-1.7.1.aar (androidx.fragment:fragment:1.7.1) with JetifyTransform
[        ] Transforming fragment-1.7.1.aar (androidx.fragment:fragment:1.7.1) with ExtractAarTransform
[        ] Transforming fragment-1.7.1.aar (androidx.fragment:fragment:1.7.1) with LibrarySymbolTableTransform
[        ] Transforming activity-1.8.1.aar (androidx.activity:activity:1.8.1) with JetifyTransform
[        ] Transforming activity-1.8.1.aar (androidx.activity:activity:1.8.1) with ExtractAarTransform
[        ] Transforming activity-1.8.1.aar (androidx.activity:activity:1.8.1) with LibrarySymbolTableTransform
[        ] Transforming loader-1.0.0.aar (androidx.loader:loader:1.0.0) with JetifyTransform
[        ] Transforming loader-1.0.0.aar (androidx.loader:loader:1.0.0) with ExtractAarTransform
[        ] Transforming loader-1.0.0.aar (androidx.loader:loader:1.0.0) with LibrarySymbolTableTransform
[        ] Transforming lifecycle-livedata-core-ktx-2.7.0.aar (androidx.lifecycle:lifecycle-livedata-core-ktx:2.7.0) with JetifyTransform
[        ] Transforming lifecycle-livedata-core-ktx-2.7.0.aar (androidx.lifecycle:lifecycle-livedata-core-ktx:2.7.0) with ExtractAarTransform
[        ] Transforming lifecycle-livedata-core-ktx-2.7.0.aar (androidx.lifecycle:lifecycle-livedata-core-ktx:2.7.0) with LibrarySymbolTableTransform
[        ] Transforming lifecycle-livedata-2.7.0.aar (androidx.lifecycle:lifecycle-livedata:2.7.0) with JetifyTransform
[        ] Transforming lifecycle-livedata-2.7.0.aar (androidx.lifecycle:lifecycle-livedata:2.7.0) with ExtractAarTransform
[        ] Transforming lifecycle-livedata-2.7.0.aar (androidx.lifecycle:lifecycle-livedata:2.7.0) with LibrarySymbolTableTransform
[        ] Transforming lifecycle-viewmodel-2.7.0.aar (androidx.lifecycle:lifecycle-viewmodel:2.7.0) with JetifyTransform
[        ] Transforming lifecycle-viewmodel-2.7.0.aar (androidx.lifecycle:lifecycle-viewmodel:2.7.0) with ExtractAarTransform
[        ] Transforming lifecycle-viewmodel-2.7.0.aar (androidx.lifecycle:lifecycle-viewmodel:2.7.0) with LibrarySymbolTableTransform
[        ] Transforming lifecycle-viewmodel-2.7.0.aar (androidx.lifecycle:lifecycle-viewmodel:2.7.0) with JetifyTransform
[        ] Transforming lifecycle-viewmodel-2.7.0.aar (androidx.lifecycle:lifecycle-viewmodel:2.7.0) with ExtractAarTransform
[        ] Transforming lifecycle-viewmodel-2.7.0.aar (androidx.lifecycle:lifecycle-viewmodel:2.7.0) with LibrarySymbolTableTransform
[        ] Transforming lifecycle-livedata-core-2.7.0.aar (androidx.lifecycle:lifecycle-livedata-core:2.7.0) with JetifyTransform
[        ] Transforming lifecycle-livedata-core-2.7.0.aar (androidx.lifecycle:lifecycle-livedata-core:2.7.0) with ExtractAarTransform
[        ] Transforming lifecycle-livedata-core-2.7.0.aar (androidx.lifecycle:lifecycle-livedata-core:2.7.0) with LibrarySymbolTableTransform
[        ] Transforming lifecycle-viewmodel-savedstate-2.7.0.aar (androidx.lifecycle:lifecycle-viewmodel-savedstate:2.7.0) with JetifyTransform
[        ] Transforming lifecycle-viewmodel-savedstate-2.7.0.aar (androidx.lifecycle:lifecycle-viewmodel-savedstate:2.7.0) with ExtractAarTransform
[        ] Transforming lifecycle-viewmodel-savedstate-2.7.0.aar (androidx.lifecycle:lifecycle-viewmodel-savedstate:2.7.0) with LibrarySymbolTableTransform
[        ] Transforming core-ktx-1.13.1.aar (androidx.core:core-ktx:1.13.1) with JetifyTransform
[        ] Transforming core-ktx-1.13.1.aar (androidx.core:core-ktx:1.13.1) with ExtractAarTransform
[        ] Transforming core-ktx-1.13.1.aar (androidx.core:core-ktx:1.13.1) with LibrarySymbolTableTransform
[        ] Transforming viewpager-1.0.0.aar (androidx.viewpager:viewpager:1.0.0) with JetifyTransform
[        ] Transforming viewpager-1.0.0.aar (androidx.viewpager:viewpager:1.0.0) with ExtractAarTransform
[        ] Transforming viewpager-1.0.0.aar (androidx.viewpager:viewpager:1.0.0) with LibrarySymbolTableTransform
[        ] Transforming customview-1.0.0.aar (androidx.customview:customview:1.0.0) with JetifyTransform
[        ] Transforming customview-1.0.0.aar (androidx.customview:customview:1.0.0) with ExtractAarTransform
[        ] Transforming customview-1.0.0.aar (androidx.customview:customview:1.0.0) with LibrarySymbolTableTransform
[        ] Transforming core-1.13.1.aar (androidx.core:core:1.13.1) with JetifyTransform
[        ] Transforming core-1.13.1.aar (androidx.core:core:1.13.1) with ExtractAarTransform
[        ] Transforming core-1.13.1.aar (androidx.core:core:1.13.1) with LibrarySymbolTableTransform
[        ] Transforming core-1.13.1.aar (androidx.core:core:1.13.1) with JetifyTransform
[        ] Transforming core-1.13.1.aar (androidx.core:core:1.13.1) with ExtractAarTransform
[        ] Transforming core-1.13.1.aar (androidx.core:core:1.13.1) with LibrarySymbolTableTransform
[        ] Transforming lifecycle-runtime-2.7.0.aar (androidx.lifecycle:lifecycle-runtime:2.7.0) with JetifyTransform
[        ] Transforming lifecycle-runtime-2.7.0.aar (androidx.lifecycle:lifecycle-runtime:2.7.0) with ExtractAarTransform
[        ] Transforming lifecycle-runtime-2.7.0.aar (androidx.lifecycle:lifecycle-runtime:2.7.0) with LibrarySymbolTableTransform
[        ] Transforming lifecycle-process-2.7.0.aar (androidx.lifecycle:lifecycle-process:2.7.0) with JetifyTransform
[        ] Transforming lifecycle-process-2.7.0.aar (androidx.lifecycle:lifecycle-process:2.7.0) with ExtractAarTransform
[        ] Transforming lifecycle-process-2.7.0.aar (androidx.lifecycle:lifecycle-process:2.7.0) with LibrarySymbolTableTransform
[        ] Transforming window-1.2.0.aar (androidx.window:window:1.2.0) with JetifyTransform
[   +2 ms] Transforming window-1.2.0.aar (androidx.window:window:1.2.0) with ExtractAarTransform
[        ] Transforming window-1.2.0.aar (androidx.window:window:1.2.0) with LibrarySymbolTableTransform
[        ] Transforming window-java-1.2.0.aar (androidx.window:window-java:1.2.0) with JetifyTransform
[        ] Transforming window-java-1.2.0.aar (androidx.window:window-java:1.2.0) with ExtractAarTransform
[        ] Transforming window-java-1.2.0.aar (androidx.window:window-java:1.2.0) with LibrarySymbolTableTransform
[        ] Transforming annotation-experimental-1.4.0.aar (androidx.annotation:annotation-experimental:1.4.0) with JetifyTransform
[        ] Transforming annotation-experimental-1.4.0.aar (androidx.annotation:annotation-experimental:1.4.0) with ExtractAarTransform
[        ] Transforming annotation-experimental-1.4.0.aar (androidx.annotation:annotation-experimental:1.4.0) with LibrarySymbolTableTransform
[        ] Transforming savedstate-1.2.1.aar (androidx.savedstate:savedstate:1.2.1) with JetifyTransform
[        ] Transforming savedstate-1.2.1.aar (androidx.savedstate:savedstate:1.2.1) with ExtractAarTransform
[        ] Transforming savedstate-1.2.1.aar (androidx.savedstate:savedstate:1.2.1) with LibrarySymbolTableTransform
[        ] Transforming core-runtime-2.2.0.aar (androidx.arch.core:core-runtime:2.2.0) with JetifyTransform
[        ] Transforming core-runtime-2.2.0.aar (androidx.arch.core:core-runtime:2.2.0) with ExtractAarTransform
[        ] Transforming core-runtime-2.2.0.aar (androidx.arch.core:core-runtime:2.2.0) with LibrarySymbolTableTransform
[        ] Transforming versionedparcelable-1.1.1.aar (androidx.versionedparcelable:versionedparcelable:1.1.1) with JetifyTransform
[        ] Transforming versionedparcelable-1.1.1.aar (androidx.versionedparcelable:versionedparcelable:1.1.1) with ExtractAarTransform
[        ] Transforming versionedparcelable-1.1.1.aar (androidx.versionedparcelable:versionedparcelable:1.1.1) with LibrarySymbolTableTransform
[        ] Transforming startup-runtime-1.1.1.aar (androidx.startup:startup-runtime:1.1.1) with JetifyTransform
[        ] Transforming startup-runtime-1.1.1.aar (androidx.startup:startup-runtime:1.1.1) with ExtractAarTransform
[        ] Transforming startup-runtime-1.1.1.aar (androidx.startup:startup-runtime:1.1.1) with LibrarySymbolTableTransform
[        ] Transforming tracing-1.2.0.aar (androidx.tracing:tracing:1.2.0) with JetifyTransform
[        ] Transforming tracing-1.2.0.aar (androidx.tracing:tracing:1.2.0) with ExtractAarTransform
[        ] Transforming tracing-1.2.0.aar (androidx.tracing:tracing:1.2.0) with LibrarySymbolTableTransform
[        ] Transforming relinker-1.4.5.aar (com.getkeepsafe.relinker:relinker:1.4.5) with JetifyTransform
[        ] Transforming relinker-1.4.5.aar (com.getkeepsafe.relinker:relinker:1.4.5) with ExtractAarTransform
[        ] Transforming relinker-1.4.5.aar (com.getkeepsafe.relinker:relinker:1.4.5) with LibrarySymbolTableTransform
[        ] Transforming android.jar with PlatformAttrTransform
[        ] Caching disabled for task ':package_info_plus:generateReleaseRFile' because:
[        ]   Build cache is disabled
[        ] Skipping task ':package_info_plus:generateReleaseRFile' as it is up-to-date.
[        ] work action resolve package-aware-r.txt (project :package_info_plus) (Thread[#892,Execution worker Thread 3,5,main]) started.
[        ] Resolve mutations for :package_info_plus:compileReleaseKotlin (Thread[#892,Execution worker Thread 3,5,main]) started.
[        ] :package_info_plus:compileReleaseKotlin (Thread[#892,Execution worker Thread 3,5,main]) started.
[  +93 ms] > Task :package_info_plus:compileReleaseKotlin UP-TO-DATE
[        ] Transforming flutter_embedding_release-1.0.0-a8bfdfc394deaed5c57bd45a64ac4294dc976a72.jar (io.flutter:flutter_embedding_release:1.0.0-a8bfdfc394deaed5c57bd45a64ac4294dc976a72) with JetifyTransform
[        ] Transforming flutter_embedding_release-1.0.0-a8bfdfc394deaed5c57bd45a64ac4294dc976a72.jar (io.flutter:flutter_embedding_release:1.0.0-a8bfdfc394deaed5c57bd45a64ac4294dc976a72) with IdentityTransform
[        ] Transforming fragment-1.7.1.aar (androidx.fragment:fragment:1.7.1) with JetifyTransform
[        ] Transforming fragment-1.7.1.aar (androidx.fragment:fragment:1.7.1) with AarToClassTransform
[        ] Transforming activity-1.8.1.aar (androidx.activity:activity:1.8.1) with JetifyTransform
[        ] Transforming activity-1.8.1.aar (androidx.activity:activity:1.8.1) with AarToClassTransform
[        ] Transforming loader-1.0.0.aar (androidx.loader:loader:1.0.0) with JetifyTransform
[        ] Transforming loader-1.0.0.aar (androidx.loader:loader:1.0.0) with AarToClassTransform
[        ] Transforming lifecycle-livedata-core-ktx-2.7.0.aar (androidx.lifecycle:lifecycle-livedata-core-ktx:2.7.0) with JetifyTransform
[        ] Transforming lifecycle-livedata-core-ktx-2.7.0.aar (androidx.lifecycle:lifecycle-livedata-core-ktx:2.7.0) with AarToClassTransform
[        ] Transforming lifecycle-livedata-2.7.0.aar (androidx.lifecycle:lifecycle-livedata:2.7.0) with JetifyTransform
[        ] Transforming lifecycle-livedata-2.7.0.aar (androidx.lifecycle:lifecycle-livedata:2.7.0) with AarToClassTransform
[        ] Transforming lifecycle-viewmodel-2.7.0.aar (androidx.lifecycle:lifecycle-viewmodel:2.7.0) with JetifyTransform
[        ] Transforming lifecycle-viewmodel-2.7.0.aar (androidx.lifecycle:lifecycle-viewmodel:2.7.0) with AarToClassTransform
[        ] Transforming lifecycle-viewmodel-2.7.0.aar (androidx.lifecycle:lifecycle-viewmodel:2.7.0) with JetifyTransform
[        ] Transforming lifecycle-viewmodel-2.7.0.aar (androidx.lifecycle:lifecycle-viewmodel:2.7.0) with AarToClassTransform
[        ] Transforming lifecycle-livedata-core-2.7.0.aar (androidx.lifecycle:lifecycle-livedata-core:2.7.0) with JetifyTransform
[        ] Transforming lifecycle-livedata-core-2.7.0.aar (androidx.lifecycle:lifecycle-livedata-core:2.7.0) with AarToClassTransform
[        ] Transforming lifecycle-viewmodel-savedstate-2.7.0.aar (androidx.lifecycle:lifecycle-viewmodel-savedstate:2.7.0) with JetifyTransform
[        ] Transforming lifecycle-viewmodel-savedstate-2.7.0.aar (androidx.lifecycle:lifecycle-viewmodel-savedstate:2.7.0) with AarToClassTransform
[        ] Transforming core-ktx-1.13.1.aar (androidx.core:core-ktx:1.13.1) with JetifyTransform
[        ] Transforming core-ktx-1.13.1.aar (androidx.core:core-ktx:1.13.1) with AarToClassTransform
[        ] Transforming viewpager-1.0.0.aar (androidx.viewpager:viewpager:1.0.0) with JetifyTransform
[        ] Transforming viewpager-1.0.0.aar (androidx.viewpager:viewpager:1.0.0) with AarToClassTransform
[        ] Transforming customview-1.0.0.aar (androidx.customview:customview:1.0.0) with JetifyTransform
[        ] Transforming customview-1.0.0.aar (androidx.customview:customview:1.0.0) with AarToClassTransform
[        ] Transforming core-1.13.1.aar (androidx.core:core:1.13.1) with JetifyTransform
[        ] Transforming core-1.13.1.aar (androidx.core:core:1.13.1) with AarToClassTransform
[        ] Transforming core-1.13.1.aar (androidx.core:core:1.13.1) with JetifyTransform
[        ] Transforming core-1.13.1.aar (androidx.core:core:1.13.1) with AarToClassTransform
[        ] Transforming lifecycle-runtime-2.7.0.aar (androidx.lifecycle:lifecycle-runtime:2.7.0) with JetifyTransform
[        ] Transforming lifecycle-runtime-2.7.0.aar (androidx.lifecycle:lifecycle-runtime:2.7.0) with AarToClassTransform
[        ] Transforming lifecycle-process-2.7.0.aar (androidx.lifecycle:lifecycle-process:2.7.0) with JetifyTransform
[        ] Transforming lifecycle-process-2.7.0.aar (androidx.lifecycle:lifecycle-process:2.7.0) with AarToClassTransform
[        ] Transforming lifecycle-common-java8-2.7.0.jar (androidx.lifecycle:lifecycle-common-java8:2.7.0) with JetifyTransform
[        ] Transforming lifecycle-common-java8-2.7.0.jar (androidx.lifecycle:lifecycle-common-java8:2.7.0) with IdentityTransform
[        ] Transforming lifecycle-common-2.7.0.jar (androidx.lifecycle:lifecycle-common:2.7.0) with JetifyTransform
[        ] Transforming lifecycle-common-2.7.0.jar (androidx.lifecycle:lifecycle-common:2.7.0) with IdentityTransform
[        ] Transforming window-1.2.0.aar (androidx.window:window:1.2.0) with JetifyTransform
[        ] Transforming window-1.2.0.aar (androidx.window:window:1.2.0) with AarToClassTransform
[        ] Transforming window-java-1.2.0.aar (androidx.window:window-java:1.2.0) with JetifyTransform
[        ] Transforming window-java-1.2.0.aar (androidx.window:window-java:1.2.0) with AarToClassTransform
[        ] Transforming annotation-experimental-1.4.0.aar (androidx.annotation:annotation-experimental:1.4.0) with JetifyTransform
[        ] Transforming annotation-experimental-1.4.0.aar (androidx.annotation:annotation-experimental:1.4.0) with AarToClassTransform
[        ] Transforming savedstate-1.2.1.aar (androidx.savedstate:savedstate:1.2.1) with JetifyTransform
[        ] Transforming savedstate-1.2.1.aar (androidx.savedstate:savedstate:1.2.1) with AarToClassTransform
[        ] Transforming core-runtime-2.2.0.aar (androidx.arch.core:core-runtime:2.2.0) with JetifyTransform
[        ] Transforming core-runtime-2.2.0.aar (androidx.arch.core:core-runtime:2.2.0) with AarToClassTransform
[        ] Transforming core-common-2.2.0.jar (androidx.arch.core:core-common:2.2.0) with JetifyTransform
[        ] Transforming core-common-2.2.0.jar (androidx.arch.core:core-common:2.2.0) with IdentityTransform
[        ] Transforming versionedparcelable-1.1.1.aar (androidx.versionedparcelable:versionedparcelable:1.1.1) with JetifyTransform
[        ] Transforming versionedparcelable-1.1.1.aar (androidx.versionedparcelable:versionedparcelable:1.1.1) with AarToClassTransform
[        ] Transforming collection-1.1.0.jar (androidx.collection:collection:1.1.0) with JetifyTransform
[        ] Transforming collection-1.1.0.jar (androidx.collection:collection:1.1.0) with IdentityTransform
[        ] Transforming annotation-jvm-1.8.0.jar (androidx.annotation:annotation-jvm:1.8.0) with JetifyTransform
[        ] Transforming annotation-jvm-1.8.0.jar (androidx.annotation:annotation-jvm:1.8.0) with IdentityTransform
[        ] Transforming kotlinx-coroutines-core-jvm-1.7.1.jar (org.jetbrains.kotlinx:kotlinx-coroutines-core-jvm:1.7.1) with JetifyTransform
[        ] Transforming kotlinx-coroutines-core-jvm-1.7.1.jar (org.jetbrains.kotlinx:kotlinx-coroutines-core-jvm:1.7.1) with IdentityTransform
[        ] Transforming kotlinx-coroutines-android-1.7.1.jar (org.jetbrains.kotlinx:kotlinx-coroutines-android:1.7.1) with JetifyTransform
[        ] Transforming kotlinx-coroutines-android-1.7.1.jar (org.jetbrains.kotlinx:kotlinx-coroutines-android:1.7.1) with IdentityTransform
[        ] Transforming kotlin-stdlib-jdk8-1.8.20.jar (org.jetbrains.kotlin:kotlin-stdlib-jdk8:1.8.20) with JetifyTransform
[        ] Transforming kotlin-stdlib-jdk8-1.8.20.jar (org.jetbrains.kotlin:kotlin-stdlib-jdk8:1.8.20) with IdentityTransform
[        ] Transforming kotlin-stdlib-jdk7-1.8.20.jar (org.jetbrains.kotlin:kotlin-stdlib-jdk7:1.8.20) with JetifyTransform
[        ] Transforming kotlin-stdlib-jdk7-1.8.20.jar (org.jetbrains.kotlin:kotlin-stdlib-jdk7:1.8.20) with IdentityTransform
[        ] Transforming kotlin-stdlib-1.8.22.jar (org.jetbrains.kotlin:kotlin-stdlib:1.8.22) with JetifyTransform
[        ] Transforming kotlin-stdlib-1.8.22.jar (org.jetbrains.kotlin:kotlin-stdlib:1.8.22) with IdentityTransform
[        ] Transforming kotlin-stdlib-common-1.8.22.jar (org.jetbrains.kotlin:kotlin-stdlib-common:1.8.22) with JetifyTransform
[        ] Transforming kotlin-stdlib-common-1.8.22.jar (org.jetbrains.kotlin:kotlin-stdlib-common:1.8.22) with IdentityTransform
[        ] Transforming annotations-23.0.0.jar (org.jetbrains:annotations:23.0.0) with JetifyTransform
[        ] Transforming annotations-23.0.0.jar (org.jetbrains:annotations:23.0.0) with IdentityTransform
[        ] Transforming startup-runtime-1.1.1.aar (androidx.startup:startup-runtime:1.1.1) with JetifyTransform
[        ] Transforming startup-runtime-1.1.1.aar (androidx.startup:startup-runtime:1.1.1) with AarToClassTransform
[        ] Transforming tracing-1.2.0.aar (androidx.tracing:tracing:1.2.0) with JetifyTransform
[        ] Transforming tracing-1.2.0.aar (androidx.tracing:tracing:1.2.0) with AarToClassTransform
[        ] Transforming relinker-1.4.5.aar (com.getkeepsafe.relinker:relinker:1.4.5) with JetifyTransform
[        ] Transforming relinker-1.4.5.aar (com.getkeepsafe.relinker:relinker:1.4.5) with AarToClassTransform
[        ] Transforming R.jar with BuildToolsApiClasspathEntrySnapshotTransform
[        ] Transforming jetified-flutter_embedding_release-1.0.0-a8bfdfc394deaed5c57bd45a64ac4294dc976a72.jar with BuildToolsApiClasspathEntrySnapshotTransform
[        ] Transforming fragment-1.7.1-api.jar with BuildToolsApiClasspathEntrySnapshotTransform
[        ] Transforming jetified-activity-1.8.1-api.jar with BuildToolsApiClasspathEntrySnapshotTransform
[        ] Transforming loader-1.0.0-api.jar with BuildToolsApiClasspathEntrySnapshotTransform
[        ] Transforming jetified-lifecycle-livedata-core-ktx-2.7.0-api.jar with BuildToolsApiClasspathEntrySnapshotTransform
[        ] Transforming lifecycle-livedata-2.7.0-api.jar with BuildToolsApiClasspathEntrySnapshotTransform
[        ] Transforming lifecycle-viewmodel-2.7.0-api.jar with BuildToolsApiClasspathEntrySnapshotTransform
[        ] Transforming lifecycle-livedata-core-2.7.0-api.jar with BuildToolsApiClasspathEntrySnapshotTransform
[        ] Transforming jetified-lifecycle-viewmodel-savedstate-2.7.0-api.jar with BuildToolsApiClasspathEntrySnapshotTransform
[        ] Transforming jetified-core-ktx-1.13.1-api.jar with BuildToolsApiClasspathEntrySnapshotTransform
[        ] Transforming viewpager-1.0.0-api.jar with BuildToolsApiClasspathEntrySnapshotTransform
[        ] Transforming customview-1.0.0-api.jar with BuildToolsApiClasspathEntrySnapshotTransform
[        ] Transforming core-1.13.1-api.jar with BuildToolsApiClasspathEntrySnapshotTransform
[        ] Transforming lifecycle-runtime-2.7.0-api.jar with BuildToolsApiClasspathEntrySnapshotTransform
[        ] Transforming jetified-lifecycle-process-2.7.0-api.jar with BuildToolsApiClasspathEntrySnapshotTransform
[        ] Transforming lifecycle-common-java8-2.7.0.jar with BuildToolsApiClasspathEntrySnapshotTransform
[        ] Transforming lifecycle-common-2.7.0.jar with BuildToolsApiClasspathEntrySnapshotTransform
[        ] Transforming jetified-window-1.2.0-api.jar with BuildToolsApiClasspathEntrySnapshotTransform
[        ] Transforming jetified-window-java-1.2.0-api.jar with BuildToolsApiClasspathEntrySnapshotTransform
[        ] Transforming jetified-annotation-experimental-1.4.0-api.jar with BuildToolsApiClasspathEntrySnapshotTransform
[        ] Transforming jetified-savedstate-1.2.1-api.jar with BuildToolsApiClasspathEntrySnapshotTransform
[        ] Transforming core-runtime-2.2.0-api.jar with BuildToolsApiClasspathEntrySnapshotTransform
[        ] Transforming core-common-2.2.0.jar with BuildToolsApiClasspathEntrySnapshotTransform
[        ] Transforming versionedparcelable-1.1.1-api.jar with BuildToolsApiClasspathEntrySnapshotTransform
[        ] Transforming collection-1.1.0.jar with BuildToolsApiClasspathEntrySnapshotTransform
[        ] Transforming jetified-annotation-jvm-1.8.0.jar with BuildToolsApiClasspathEntrySnapshotTransform
[        ] Transforming jetified-kotlinx-coroutines-core-jvm-1.7.1.jar with BuildToolsApiClasspathEntrySnapshotTransform
[        ] Transforming jetified-kotlinx-coroutines-android-1.7.1.jar with BuildToolsApiClasspathEntrySnapshotTransform
[        ] Transforming jetified-kotlin-stdlib-jdk8-1.8.20.jar with BuildToolsApiClasspathEntrySnapshotTransform
[        ] Transforming jetified-kotlin-stdlib-jdk7-1.8.20.jar with BuildToolsApiClasspathEntrySnapshotTransform
[        ] Transforming jetified-kotlin-stdlib-1.8.22.jar with BuildToolsApiClasspathEntrySnapshotTransform
[        ] Transforming jetified-kotlin-stdlib-common-1.8.22.jar with BuildToolsApiClasspathEntrySnapshotTransform
[        ] Transforming jetified-annotations-23.0.0.jar with BuildToolsApiClasspathEntrySnapshotTransform
[        ] Transforming jetified-startup-runtime-1.1.1-api.jar with BuildToolsApiClasspathEntrySnapshotTransform
[        ] Transforming jetified-tracing-1.2.0-api.jar with BuildToolsApiClasspathEntrySnapshotTransform
[        ] Transforming jetified-relinker-1.4.5-api.jar with BuildToolsApiClasspathEntrySnapshotTransform
[        ] Transforming android.jar with BuildToolsApiClasspathEntrySnapshotTransform
[        ] Transforming core-lambda-stubs.jar with BuildToolsApiClasspathEntrySnapshotTransform
[        ] Caching disabled for task ':package_info_plus:compileReleaseKotlin' because:
[        ]   Build cache is disabled
[        ] Skipping task ':package_info_plus:compileReleaseKotlin' as it is up-to-date.
[        ] Resolve mutations for :package_info_plus:javaPreCompileRelease (Thread[#892,Execution worker Thread 3,5,main]) started.
[        ] :package_info_plus:javaPreCompileRelease (Thread[#892,Execution worker Thread 3,5,main]) started.
[        ] > Task :package_info_plus:javaPreCompileRelease UP-TO-DATE
[        ] Caching disabled for task ':package_info_plus:javaPreCompileRelease' because:
[        ]   Build cache is disabled
[        ] Skipping task ':package_info_plus:javaPreCompileRelease' as it is up-to-date.
[        ] Resolve mutations for :package_info_plus:compileReleaseJavaWithJavac (Thread[#892,Execution worker Thread 3,5,main]) started.
[        ] :package_info_plus:compileReleaseJavaWithJavac (Thread[#892,Execution worker Thread 3,5,main]) started.
[        ] > Task :package_info_plus:compileReleaseJavaWithJavac UP-TO-DATE
[        ] Custom actions are attached to task ':package_info_plus:compileReleaseJavaWithJavac'.
[        ] Caching disabled for task ':package_info_plus:compileReleaseJavaWithJavac' because:
[        ]   Build cache is disabled
[        ] Skipping task ':package_info_plus:compileReleaseJavaWithJavac' as it is up-to-date.
[        ] No compile result for :package_info_plus:compileReleaseJavaWithJavac
[        ] No compile result for :package_info_plus:compileReleaseJavaWithJavac
[        ] Resolve mutations for :package_info_plus:mergeReleaseGeneratedProguardFiles (Thread[#892,Execution worker Thread 3,5,main]) started.
[        ] :package_info_plus:mergeReleaseGeneratedProguardFiles (Thread[#892,Execution worker Thread 3,5,main]) started.
[        ] > Task :package_info_plus:mergeReleaseGeneratedProguardFiles UP-TO-DATE
[        ] Caching disabled for task ':package_info_plus:mergeReleaseGeneratedProguardFiles' because:
[        ]   Build cache is disabled
[        ]   Simple merging task
[        ] Skipping task ':package_info_plus:mergeReleaseGeneratedProguardFiles' as it is up-to-date.
[        ] Resolve mutations for :package_info_plus:exportReleaseConsumerProguardFiles (Thread[#892,Execution worker Thread 3,5,main]) started.
[        ] :package_info_plus:exportReleaseConsumerProguardFiles (Thread[#892,Execution worker Thread 3,5,main]) started.
[        ] > Task :package_info_plus:exportReleaseConsumerProguardFiles UP-TO-DATE
[        ] Caching disabled for task ':package_info_plus:exportReleaseConsumerProguardFiles' because:
[        ]   Build cache is disabled
[        ]   Caching has been disabled for the task
[        ] Skipping task ':package_info_plus:exportReleaseConsumerProguardFiles' as it is up-to-date.
[        ] work action resolve exportReleaseConsumerProguardFiles (project :package_info_plus) (Thread[#892,Execution worker Thread 3,5,main]) started.
[        ] FilterShrinkerRulesTransform (Thread[#892,Execution worker Thread 3,5,main]) started.
[        ] Resolve mutations for :path_provider_android:preBuild (Thread[#897,Execution worker Thread 8,5,main]) started.
[        ] > Transform exportReleaseConsumerProguardFiles (project :package_info_plus) with FilterShrinkerRulesTransform
[        ] Transforming exportReleaseConsumerProguardFiles (project :package_info_plus) with FilterShrinkerRulesTransform
[        ] :path_provider_android:preBuild (Thread[#897,Execution worker Thread 8,5,main]) started.
[        ] > Task :path_provider_android:preBuild UP-TO-DATE
[        ] Skipping task ':path_provider_android:preBuild' as it has no actions.
[        ] Resolve mutations for :path_provider_android:preReleaseBuild (Thread[#897,Execution worker Thread 8,5,main]) started.
[        ] :path_provider_android:preReleaseBuild (Thread[#897,Execution worker Thread 8,5,main]) started.
[        ] > Task :path_provider_android:preReleaseBuild UP-TO-DATE
[        ] Skipping task ':path_provider_android:preReleaseBuild' as it has no actions.
[        ] Resolve mutations for :path_provider_android:generateReleaseBuildConfig (Thread[#897,Execution worker Thread 8,5,main]) started.
[        ] :path_provider_android:generateReleaseBuildConfig (Thread[#897,Execution worker Thread 8,5,main]) started.
[        ] > Task :path_provider_android:generateReleaseBuildConfig UP-TO-DATE
[        ] Caching disabled for task ':path_provider_android:generateReleaseBuildConfig' because:
[        ]   Build cache is disabled
[        ] Skipping task ':path_provider_android:generateReleaseBuildConfig' as it is up-to-date.
[        ] Resolve mutations for :path_provider_android:generateReleaseResValues (Thread[#897,Execution worker Thread 8,5,main]) started.
[        ] :path_provider_android:generateReleaseResValues (Thread[#897,Execution worker Thread 8,5,main]) started.
[        ] > Task :path_provider_android:generateReleaseResValues UP-TO-DATE
[        ] Caching disabled for task ':path_provider_android:generateReleaseResValues' because:
[        ]   Build cache is disabled
[        ] Skipping task ':path_provider_android:generateReleaseResValues' as it is up-to-date.
[        ] Resolve mutations for :path_provider_android:generateReleaseResources (Thread[#897,Execution worker Thread 8,5,main]) started.
[        ] :path_provider_android:generateReleaseResources (Thread[#897,Execution worker Thread 8,5,main]) started.
[        ] > Task :path_provider_android:generateReleaseResources UP-TO-DATE
[        ] Caching disabled for task ':path_provider_android:generateReleaseResources' because:
[        ]   Build cache is disabled
[        ] Skipping task ':path_provider_android:generateReleaseResources' as it is up-to-date.
[        ] Resolve mutations for :path_provider_android:packageReleaseResources (Thread[#897,Execution worker Thread 8,5,main]) started.
[        ] :path_provider_android:packageReleaseResources (Thread[#897,Execution worker Thread 8,5,main]) started.
[        ] > Task :path_provider_android:packageReleaseResources UP-TO-DATE
[        ] Caching disabled for task ':path_provider_android:packageReleaseResources' because:
[        ]   Build cache is disabled
[        ] Skipping task ':path_provider_android:packageReleaseResources' as it is up-to-date.
[        ] work action resolve packageReleaseResources (project :path_provider_android) (Thread[#897,Execution worker Thread 8,5,main]) started.
[        ] Resolve mutations for :path_provider_android:parseReleaseLocalResources (Thread[#897,Execution worker Thread 8,5,main]) started.
[        ] :path_provider_android:parseReleaseLocalResources (Thread[#897,Execution worker Thread 8,5,main]) started.
[        ] > Task :path_provider_android:parseReleaseLocalResources UP-TO-DATE
[        ] Transforming android.jar with PlatformAttrTransform
[        ] Transforming android.jar with PlatformAttrTransform
[        ] Caching disabled for task ':path_provider_android:parseReleaseLocalResources' because:
[        ]   Build cache is disabled
[        ] Skipping task ':path_provider_android:parseReleaseLocalResources' as it is up-to-date.
[        ] Resolve mutations for :path_provider_android:generateReleaseRFile (Thread[#897,Execution worker Thread 8,5,main]) started.
[        ] :path_provider_android:generateReleaseRFile (Thread[#897,Execution worker Thread 8,5,main]) started.
[        ] > Task :path_provider_android:generateReleaseRFile UP-TO-DATE
[        ] Transforming fragment-1.7.1.aar (androidx.fragment:fragment:1.7.1) with JetifyTransform
[        ] Transforming fragment-1.7.1.aar (androidx.fragment:fragment:1.7.1) with ExtractAarTransform
[        ] Transforming fragment-1.7.1.aar (androidx.fragment:fragment:1.7.1) with LibrarySymbolTableTransform
[        ] Transforming activity-1.8.1.aar (androidx.activity:activity:1.8.1) with JetifyTransform
[        ] Transforming activity-1.8.1.aar (androidx.activity:activity:1.8.1) with ExtractAarTransform
[        ] Transforming activity-1.8.1.aar (androidx.activity:activity:1.8.1) with LibrarySymbolTableTransform
[        ] Transforming loader-1.0.0.aar (androidx.loader:loader:1.0.0) with JetifyTransform
[        ] Transforming loader-1.0.0.aar (androidx.loader:loader:1.0.0) with ExtractAarTransform
[        ] Transforming loader-1.0.0.aar (androidx.loader:loader:1.0.0) with LibrarySymbolTableTransform
[        ] Transforming lifecycle-livedata-core-ktx-2.7.0.aar (androidx.lifecycle:lifecycle-livedata-core-ktx:2.7.0) with JetifyTransform
[        ] Transforming lifecycle-livedata-core-ktx-2.7.0.aar (androidx.lifecycle:lifecycle-livedata-core-ktx:2.7.0) with ExtractAarTransform
[        ] Transforming lifecycle-livedata-core-ktx-2.7.0.aar (androidx.lifecycle:lifecycle-livedata-core-ktx:2.7.0) with LibrarySymbolTableTransform
[        ] Transforming lifecycle-livedata-2.7.0.aar (androidx.lifecycle:lifecycle-livedata:2.7.0) with JetifyTransform
[        ] Transforming lifecycle-livedata-2.7.0.aar (androidx.lifecycle:lifecycle-livedata:2.7.0) with ExtractAarTransform
[        ] Transforming lifecycle-livedata-2.7.0.aar (androidx.lifecycle:lifecycle-livedata:2.7.0) with LibrarySymbolTableTransform
[        ] Transforming lifecycle-viewmodel-2.7.0.aar (androidx.lifecycle:lifecycle-viewmodel:2.7.0) with JetifyTransform
[        ] Transforming lifecycle-viewmodel-2.7.0.aar (androidx.lifecycle:lifecycle-viewmodel:2.7.0) with ExtractAarTransform
[        ] Transforming lifecycle-viewmodel-2.7.0.aar (androidx.lifecycle:lifecycle-viewmodel:2.7.0) with LibrarySymbolTableTransform
[        ] Transforming lifecycle-viewmodel-2.7.0.aar (androidx.lifecycle:lifecycle-viewmodel:2.7.0) with JetifyTransform
[        ] Transforming lifecycle-viewmodel-2.7.0.aar (androidx.lifecycle:lifecycle-viewmodel:2.7.0) with ExtractAarTransform
[        ] Transforming lifecycle-viewmodel-2.7.0.aar (androidx.lifecycle:lifecycle-viewmodel:2.7.0) with LibrarySymbolTableTransform
[        ] Transforming lifecycle-livedata-core-2.7.0.aar (androidx.lifecycle:lifecycle-livedata-core:2.7.0) with JetifyTransform
[        ] Transforming lifecycle-livedata-core-2.7.0.aar (androidx.lifecycle:lifecycle-livedata-core:2.7.0) with ExtractAarTransform
[        ] Transforming lifecycle-livedata-core-2.7.0.aar (androidx.lifecycle:lifecycle-livedata-core:2.7.0) with LibrarySymbolTableTransform
[        ] Transforming lifecycle-viewmodel-savedstate-2.7.0.aar (androidx.lifecycle:lifecycle-viewmodel-savedstate:2.7.0) with JetifyTransform
[        ] Transforming lifecycle-viewmodel-savedstate-2.7.0.aar (androidx.lifecycle:lifecycle-viewmodel-savedstate:2.7.0) with ExtractAarTransform
[        ] Transforming lifecycle-viewmodel-savedstate-2.7.0.aar (androidx.lifecycle:lifecycle-viewmodel-savedstate:2.7.0) with LibrarySymbolTableTransform
[        ] Transforming core-ktx-1.13.1.aar (androidx.core:core-ktx:1.13.1) with JetifyTransform
[        ] Transforming core-ktx-1.13.1.aar (androidx.core:core-ktx:1.13.1) with ExtractAarTransform
[        ] Transforming core-ktx-1.13.1.aar (androidx.core:core-ktx:1.13.1) with LibrarySymbolTableTransform
[        ] Transforming viewpager-1.0.0.aar (androidx.viewpager:viewpager:1.0.0) with JetifyTransform
[        ] Transforming viewpager-1.0.0.aar (androidx.viewpager:viewpager:1.0.0) with ExtractAarTransform
[        ] Transforming viewpager-1.0.0.aar (androidx.viewpager:viewpager:1.0.0) with LibrarySymbolTableTransform
[        ] Transforming customview-1.0.0.aar (androidx.customview:customview:1.0.0) with JetifyTransform
[        ] Transforming customview-1.0.0.aar (androidx.customview:customview:1.0.0) with ExtractAarTransform
[        ] Transforming customview-1.0.0.aar (androidx.customview:customview:1.0.0) with LibrarySymbolTableTransform
[        ] Transforming core-1.13.1.aar (androidx.core:core:1.13.1) with JetifyTransform
[        ] Transforming core-1.13.1.aar (androidx.core:core:1.13.1) with ExtractAarTransform
[        ] Transforming core-1.13.1.aar (androidx.core:core:1.13.1) with LibrarySymbolTableTransform
[        ] Transforming core-1.13.1.aar (androidx.core:core:1.13.1) with JetifyTransform
[        ] Transforming core-1.13.1.aar (androidx.core:core:1.13.1) with ExtractAarTransform
[        ] Transforming core-1.13.1.aar (androidx.core:core:1.13.1) with LibrarySymbolTableTransform
[        ] Transforming lifecycle-runtime-2.7.0.aar (androidx.lifecycle:lifecycle-runtime:2.7.0) with JetifyTransform
[        ] Transforming lifecycle-runtime-2.7.0.aar (androidx.lifecycle:lifecycle-runtime:2.7.0) with ExtractAarTransform
[        ] Transforming lifecycle-runtime-2.7.0.aar (androidx.lifecycle:lifecycle-runtime:2.7.0) with LibrarySymbolTableTransform
[        ] Transforming lifecycle-process-2.7.0.aar (androidx.lifecycle:lifecycle-process:2.7.0) with JetifyTransform
[        ] Transforming lifecycle-process-2.7.0.aar (androidx.lifecycle:lifecycle-process:2.7.0) with ExtractAarTransform
[        ] Transforming lifecycle-process-2.7.0.aar (androidx.lifecycle:lifecycle-process:2.7.0) with LibrarySymbolTableTransform
[        ] Transforming core-runtime-2.2.0.aar (androidx.arch.core:core-runtime:2.2.0) with JetifyTransform
[        ] Transforming core-runtime-2.2.0.aar (androidx.arch.core:core-runtime:2.2.0) with ExtractAarTransform
[        ] Transforming core-runtime-2.2.0.aar (androidx.arch.core:core-runtime:2.2.0) with LibrarySymbolTableTransform
[        ] Transforming versionedparcelable-1.1.1.aar (androidx.versionedparcelable:versionedparcelable:1.1.1) with JetifyTransform
[        ] Transforming versionedparcelable-1.1.1.aar (androidx.versionedparcelable:versionedparcelable:1.1.1) with ExtractAarTransform
[        ] Transforming versionedparcelable-1.1.1.aar (androidx.versionedparcelable:versionedparcelable:1.1.1) with LibrarySymbolTableTransform
[        ] Transforming savedstate-1.2.1.aar (androidx.savedstate:savedstate:1.2.1) with JetifyTransform
[        ] Transforming savedstate-1.2.1.aar (androidx.savedstate:savedstate:1.2.1) with ExtractAarTransform
[        ] Transforming savedstate-1.2.1.aar (androidx.savedstate:savedstate:1.2.1) with LibrarySymbolTableTransform
[        ] Transforming window-1.2.0.aar (androidx.window:window:1.2.0) with JetifyTransform
[        ] Transforming window-1.2.0.aar (androidx.window:window:1.2.0) with ExtractAarTransform
[        ] Transforming window-1.2.0.aar (androidx.window:window:1.2.0) with LibrarySymbolTableTransform
[        ] Transforming window-java-1.2.0.aar (androidx.window:window-java:1.2.0) with JetifyTransform
[        ] Transforming window-java-1.2.0.aar (androidx.window:window-java:1.2.0) with ExtractAarTransform
[        ] Transforming window-java-1.2.0.aar (androidx.window:window-java:1.2.0) with LibrarySymbolTableTransform
[        ] Transforming annotation-experimental-1.4.0.aar (androidx.annotation:annotation-experimental:1.4.0) with JetifyTransform
[        ] Transforming annotation-experimental-1.4.0.aar (androidx.annotation:annotation-experimental:1.4.0) with ExtractAarTransform
[        ] Transforming annotation-experimental-1.4.0.aar (androidx.annotation:annotation-experimental:1.4.0) with LibrarySymbolTableTransform
[        ] Transforming startup-runtime-1.1.1.aar (androidx.startup:startup-runtime:1.1.1) with JetifyTransform
[        ] Transforming startup-runtime-1.1.1.aar (androidx.startup:startup-runtime:1.1.1) with ExtractAarTransform
[        ] Transforming startup-runtime-1.1.1.aar (androidx.startup:startup-runtime:1.1.1) with LibrarySymbolTableTransform
[        ] Transforming tracing-1.2.0.aar (androidx.tracing:tracing:1.2.0) with JetifyTransform
[        ] Transforming tracing-1.2.0.aar (androidx.tracing:tracing:1.2.0) with ExtractAarTransform
[        ] Transforming tracing-1.2.0.aar (androidx.tracing:tracing:1.2.0) with LibrarySymbolTableTransform
[        ] Transforming relinker-1.4.5.aar (com.getkeepsafe.relinker:relinker:1.4.5) with JetifyTransform
[        ] Transforming relinker-1.4.5.aar (com.getkeepsafe.relinker:relinker:1.4.5) with ExtractAarTransform
[        ] Transforming relinker-1.4.5.aar (com.getkeepsafe.relinker:relinker:1.4.5) with LibrarySymbolTableTransform
[        ] Transforming android.jar with PlatformAttrTransform
[        ] Caching disabled for task ':path_provider_android:generateReleaseRFile' because:
[        ]   Build cache is disabled
[        ] Skipping task ':path_provider_android:generateReleaseRFile' as it is up-to-date.
[        ] work action resolve package-aware-r.txt (project :path_provider_android) (Thread[#897,Execution worker Thread 8,5,main]) started.
[        ] Resolve mutations for :path_provider_android:javaPreCompileRelease (Thread[#897,Execution worker Thread 8,5,main]) started.
[        ] :path_provider_android:javaPreCompileRelease (Thread[#897,Execution worker Thread 8,5,main]) started.
[        ] > Task :path_provider_android:javaPreCompileRelease UP-TO-DATE
[        ] Caching disabled for task ':path_provider_android:javaPreCompileRelease' because:
[        ]   Build cache is disabled
[        ] Skipping task ':path_provider_android:javaPreCompileRelease' as it is up-to-date.
[        ] Resolve mutations for :path_provider_android:compileReleaseJavaWithJavac (Thread[#897,Execution worker Thread 8,5,main]) started.
[        ] :path_provider_android:compileReleaseJavaWithJavac (Thread[#897,Execution worker Thread 8,5,main]) started.
[  +74 ms] > Task :path_provider_android:compileReleaseJavaWithJavac UP-TO-DATE
[        ] Transforming flutter_embedding_release-1.0.0-a8bfdfc394deaed5c57bd45a64ac4294dc976a72.jar (io.flutter:flutter_embedding_release:1.0.0-a8bfdfc394deaed5c57bd45a64ac4294dc976a72) with JetifyTransform
[        ] Transforming flutter_embedding_release-1.0.0-a8bfdfc394deaed5c57bd45a64ac4294dc976a72.jar (io.flutter:flutter_embedding_release:1.0.0-a8bfdfc394deaed5c57bd45a64ac4294dc976a72) with IdentityTransform
[        ] Transforming fragment-1.7.1.aar (androidx.fragment:fragment:1.7.1) with JetifyTransform
[        ] Transforming fragment-1.7.1.aar (androidx.fragment:fragment:1.7.1) with AarToClassTransform
[        ] Transforming activity-1.8.1.aar (androidx.activity:activity:1.8.1) with JetifyTransform
[        ] Transforming activity-1.8.1.aar (androidx.activity:activity:1.8.1) with AarToClassTransform
[        ] Transforming loader-1.0.0.aar (androidx.loader:loader:1.0.0) with JetifyTransform
[        ] Transforming loader-1.0.0.aar (androidx.loader:loader:1.0.0) with AarToClassTransform
[        ] Transforming lifecycle-livedata-core-ktx-2.7.0.aar (androidx.lifecycle:lifecycle-livedata-core-ktx:2.7.0) with JetifyTransform
[        ] Transforming lifecycle-livedata-core-ktx-2.7.0.aar (androidx.lifecycle:lifecycle-livedata-core-ktx:2.7.0) with AarToClassTransform
[        ] Transforming lifecycle-livedata-2.7.0.aar (androidx.lifecycle:lifecycle-livedata:2.7.0) with JetifyTransform
[        ] Transforming lifecycle-livedata-2.7.0.aar (androidx.lifecycle:lifecycle-livedata:2.7.0) with AarToClassTransform
[        ] Transforming lifecycle-viewmodel-2.7.0.aar (androidx.lifecycle:lifecycle-viewmodel:2.7.0) with JetifyTransform
[        ] Transforming lifecycle-viewmodel-2.7.0.aar (androidx.lifecycle:lifecycle-viewmodel:2.7.0) with AarToClassTransform
[        ] Transforming lifecycle-viewmodel-2.7.0.aar (androidx.lifecycle:lifecycle-viewmodel:2.7.0) with JetifyTransform
[        ] Transforming lifecycle-viewmodel-2.7.0.aar (androidx.lifecycle:lifecycle-viewmodel:2.7.0) with AarToClassTransform
[        ] Transforming lifecycle-livedata-core-2.7.0.aar (androidx.lifecycle:lifecycle-livedata-core:2.7.0) with JetifyTransform
[        ] Transforming lifecycle-livedata-core-2.7.0.aar (androidx.lifecycle:lifecycle-livedata-core:2.7.0) with AarToClassTransform
[        ] Transforming lifecycle-viewmodel-savedstate-2.7.0.aar (androidx.lifecycle:lifecycle-viewmodel-savedstate:2.7.0) with JetifyTransform
[        ] Transforming lifecycle-viewmodel-savedstate-2.7.0.aar (androidx.lifecycle:lifecycle-viewmodel-savedstate:2.7.0) with AarToClassTransform
[        ] Transforming core-ktx-1.13.1.aar (androidx.core:core-ktx:1.13.1) with JetifyTransform
[        ] Transforming core-ktx-1.13.1.aar (androidx.core:core-ktx:1.13.1) with AarToClassTransform
[        ] Transforming viewpager-1.0.0.aar (androidx.viewpager:viewpager:1.0.0) with JetifyTransform
[        ] Transforming viewpager-1.0.0.aar (androidx.viewpager:viewpager:1.0.0) with AarToClassTransform
[        ] Transforming customview-1.0.0.aar (androidx.customview:customview:1.0.0) with JetifyTransform
[        ] Transforming customview-1.0.0.aar (androidx.customview:customview:1.0.0) with AarToClassTransform
[        ] Transforming core-1.13.1.aar (androidx.core:core:1.13.1) with JetifyTransform
[        ] Transforming core-1.13.1.aar (androidx.core:core:1.13.1) with AarToClassTransform
[        ] Transforming core-1.13.1.aar (androidx.core:core:1.13.1) with JetifyTransform
[        ] Transforming core-1.13.1.aar (androidx.core:core:1.13.1) with AarToClassTransform
[        ] Transforming lifecycle-runtime-2.7.0.aar (androidx.lifecycle:lifecycle-runtime:2.7.0) with JetifyTransform
[        ] Transforming lifecycle-runtime-2.7.0.aar (androidx.lifecycle:lifecycle-runtime:2.7.0) with AarToClassTransform
[        ] Transforming lifecycle-process-2.7.0.aar (androidx.lifecycle:lifecycle-process:2.7.0) with JetifyTransform
[        ] Transforming lifecycle-process-2.7.0.aar (androidx.lifecycle:lifecycle-process:2.7.0) with AarToClassTransform
[        ] Transforming lifecycle-common-java8-2.7.0.jar (androidx.lifecycle:lifecycle-common-java8:2.7.0) with JetifyTransform
[        ] Transforming lifecycle-common-java8-2.7.0.jar (androidx.lifecycle:lifecycle-common-java8:2.7.0) with IdentityTransform
[        ] Transforming lifecycle-common-2.7.0.jar (androidx.lifecycle:lifecycle-common:2.7.0) with JetifyTransform
[        ] Transforming lifecycle-common-2.7.0.jar (androidx.lifecycle:lifecycle-common:2.7.0) with IdentityTransform
[        ] Transforming core-runtime-2.2.0.aar (androidx.arch.core:core-runtime:2.2.0) with JetifyTransform
[        ] Transforming core-runtime-2.2.0.aar (androidx.arch.core:core-runtime:2.2.0) with AarToClassTransform
[        ] Transforming core-common-2.2.0.jar (androidx.arch.core:core-common:2.2.0) with JetifyTransform
[        ] Transforming core-common-2.2.0.jar (androidx.arch.core:core-common:2.2.0) with IdentityTransform
[        ] Transforming versionedparcelable-1.1.1.aar (androidx.versionedparcelable:versionedparcelable:1.1.1) with JetifyTransform
[        ] Transforming versionedparcelable-1.1.1.aar (androidx.versionedparcelable:versionedparcelable:1.1.1) with AarToClassTransform
[        ] Transforming collection-1.1.0.jar (androidx.collection:collection:1.1.0) with JetifyTransform
[        ] Transforming collection-1.1.0.jar (androidx.collection:collection:1.1.0) with IdentityTransform
[        ] Transforming savedstate-1.2.1.aar (androidx.savedstate:savedstate:1.2.1) with JetifyTransform
[        ] Transforming savedstate-1.2.1.aar (androidx.savedstate:savedstate:1.2.1) with AarToClassTransform
[        ] Transforming annotation-jvm-1.9.1.jar (androidx.annotation:annotation-jvm:1.9.1) with JetifyTransform
[        ] Transforming annotation-jvm-1.9.1.jar (androidx.annotation:annotation-jvm:1.9.1) with IdentityTransform
[        ] Transforming window-1.2.0.aar (androidx.window:window:1.2.0) with JetifyTransform
[        ] Transforming window-1.2.0.aar (androidx.window:window:1.2.0) with AarToClassTransform
[        ] Transforming window-java-1.2.0.aar (androidx.window:window-java:1.2.0) with JetifyTransform
[        ] Transforming window-java-1.2.0.aar (androidx.window:window-java:1.2.0) with AarToClassTransform
[        ] Transforming annotation-experimental-1.4.0.aar (androidx.annotation:annotation-experimental:1.4.0) with JetifyTransform
[        ] Transforming annotation-experimental-1.4.0.aar (androidx.annotation:annotation-experimental:1.4.0) with AarToClassTransform
[        ] Transforming kotlinx-coroutines-android-1.7.1.jar (org.jetbrains.kotlinx:kotlinx-coroutines-android:1.7.1) with JetifyTransform
[        ] Transforming kotlinx-coroutines-android-1.7.1.jar (org.jetbrains.kotlinx:kotlinx-coroutines-android:1.7.1) with IdentityTransform
[        ] Transforming kotlinx-coroutines-core-jvm-1.7.1.jar (org.jetbrains.kotlinx:kotlinx-coroutines-core-jvm:1.7.1) with JetifyTransform
[        ] Transforming kotlinx-coroutines-core-jvm-1.7.1.jar (org.jetbrains.kotlinx:kotlinx-coroutines-core-jvm:1.7.1) with IdentityTransform
[        ] Transforming kotlin-stdlib-jdk8-1.8.20.jar (org.jetbrains.kotlin:kotlin-stdlib-jdk8:1.8.20) with JetifyTransform
[        ] Transforming kotlin-stdlib-jdk8-1.8.20.jar (org.jetbrains.kotlin:kotlin-stdlib-jdk8:1.8.20) with IdentityTransform
[        ] Transforming kotlin-stdlib-jdk7-1.8.20.jar (org.jetbrains.kotlin:kotlin-stdlib-jdk7:1.8.20) with JetifyTransform
[        ] Transforming kotlin-stdlib-jdk7-1.8.20.jar (org.jetbrains.kotlin:kotlin-stdlib-jdk7:1.8.20) with IdentityTransform
[        ] Transforming kotlin-stdlib-1.9.24.jar (org.jetbrains.kotlin:kotlin-stdlib:1.9.24) with JetifyTransform
[        ] Transforming kotlin-stdlib-1.9.24.jar (org.jetbrains.kotlin:kotlin-stdlib:1.9.24) with IdentityTransform
[        ] Transforming annotations-23.0.0.jar (org.jetbrains:annotations:23.0.0) with JetifyTransform
[        ] Transforming annotations-23.0.0.jar (org.jetbrains:annotations:23.0.0) with IdentityTransform
[        ] Transforming startup-runtime-1.1.1.aar (androidx.startup:startup-runtime:1.1.1) with JetifyTransform
[        ] Transforming startup-runtime-1.1.1.aar (androidx.startup:startup-runtime:1.1.1) with AarToClassTransform
[        ] Transforming tracing-1.2.0.aar (androidx.tracing:tracing:1.2.0) with JetifyTransform
[        ] Transforming tracing-1.2.0.aar (androidx.tracing:tracing:1.2.0) with AarToClassTransform
[        ] Transforming relinker-1.4.5.aar (com.getkeepsafe.relinker:relinker:1.4.5) with JetifyTransform
[        ] Transforming relinker-1.4.5.aar (com.getkeepsafe.relinker:relinker:1.4.5) with AarToClassTransform
[        ] Transforming core-for-system-modules.jar with JdkImageTransform
[        ] Transforming core-for-system-modules.jar with JdkImageTransform
[        ] Transforming core-for-system-modules.jar with JdkImageTransform
[        ] Transforming core-for-system-modules.jar with JdkImageTransform
[        ] Transforming core-for-system-modules.jar with JdkImageTransform
[        ] Transforming core-for-system-modules.jar with JdkImageTransform
[        ] Custom actions are attached to task ':path_provider_android:compileReleaseJavaWithJavac'.
[        ] Caching disabled for task ':path_provider_android:compileReleaseJavaWithJavac' because:
[        ]   Build cache is disabled
[        ] Skipping task ':path_provider_android:compileReleaseJavaWithJavac' as it is up-to-date.
[        ] No compile result for :path_provider_android:compileReleaseJavaWithJavac
[        ] No compile result for :path_provider_android:compileReleaseJavaWithJavac
[        ] Resolve mutations for :path_provider_android:mergeReleaseGeneratedProguardFiles (Thread[#897,Execution worker Thread 8,5,main]) started.
[        ] :path_provider_android:mergeReleaseGeneratedProguardFiles (Thread[#897,Execution worker Thread 8,5,main]) started.
[        ] > Task :path_provider_android:mergeReleaseGeneratedProguardFiles UP-TO-DATE
[        ] Caching disabled for task ':path_provider_android:mergeReleaseGeneratedProguardFiles' because:
[        ]   Build cache is disabled
[        ]   Simple merging task
[        ] Skipping task ':path_provider_android:mergeReleaseGeneratedProguardFiles' as it is up-to-date.
[        ] Resolve mutations for :path_provider_android:exportReleaseConsumerProguardFiles (Thread[#897,Execution worker Thread 8,5,main]) started.
[        ] :path_provider_android:exportReleaseConsumerProguardFiles (Thread[#897,Execution worker Thread 8,5,main]) started.
[        ] > Task :path_provider_android:exportReleaseConsumerProguardFiles UP-TO-DATE
[        ] Caching disabled for task ':path_provider_android:exportReleaseConsumerProguardFiles' because:
[        ]   Build cache is disabled
[        ]   Caching has been disabled for the task
[        ] Skipping task ':path_provider_android:exportReleaseConsumerProguardFiles' as it is up-to-date.
[        ] work action resolve exportReleaseConsumerProguardFiles (project :path_provider_android) (Thread[#897,Execution worker Thread 8,5,main]) started.
[        ] FilterShrinkerRulesTransform (Thread[#897,Execution worker Thread 8,5,main]) started.
[        ] Resolve mutations for :printing:preBuild (Thread[#889,included builds,5,main]) started.
[        ] > Transform exportReleaseConsumerProguardFiles (project :path_provider_android) with FilterShrinkerRulesTransform
[        ] Transforming exportReleaseConsumerProguardFiles (project :path_provider_android) with FilterShrinkerRulesTransform
[        ] :printing:preBuild (Thread[#889,included builds,5,main]) started.
[        ] > Task :printing:preBuild UP-TO-DATE
[        ] Skipping task ':printing:preBuild' as it has no actions.
[        ] Resolve mutations for :printing:preReleaseBuild (Thread[#889,included builds,5,main]) started.
[        ] :printing:preReleaseBuild (Thread[#889,included builds,5,main]) started.
[        ] > Task :printing:preReleaseBuild UP-TO-DATE
[        ] Skipping task ':printing:preReleaseBuild' as it has no actions.
[        ] Resolve mutations for :printing:generateReleaseBuildConfig (Thread[#889,included builds,5,main]) started.
[        ] :printing:generateReleaseBuildConfig (Thread[#889,included builds,5,main]) started.
[        ] > Task :printing:generateReleaseBuildConfig UP-TO-DATE
[        ] Caching disabled for task ':printing:generateReleaseBuildConfig' because:
[        ]   Build cache is disabled
[        ] Skipping task ':printing:generateReleaseBuildConfig' as it is up-to-date.
[        ] Resolve mutations for :printing:generateReleaseResValues (Thread[#889,included builds,5,main]) started.
[        ] :printing:generateReleaseResValues (Thread[#889,included builds,5,main]) started.
[        ] > Task :printing:generateReleaseResValues UP-TO-DATE
[        ] Caching disabled for task ':printing:generateReleaseResValues' because:
[        ]   Build cache is disabled
[        ] Skipping task ':printing:generateReleaseResValues' as it is up-to-date.
[        ] Resolve mutations for :printing:generateReleaseResources (Thread[#889,included builds,5,main]) started.
[        ] :printing:generateReleaseResources (Thread[#889,included builds,5,main]) started.
[        ] > Task :printing:generateReleaseResources UP-TO-DATE
[        ] Caching disabled for task ':printing:generateReleaseResources' because:
[        ]   Build cache is disabled
[        ] Skipping task ':printing:generateReleaseResources' as it is up-to-date.
[        ] Resolve mutations for :printing:packageReleaseResources (Thread[#889,included builds,5,main]) started.
[        ] :printing:packageReleaseResources (Thread[#889,included builds,5,main]) started.
[        ] > Task :printing:packageReleaseResources UP-TO-DATE
[        ] Caching disabled for task ':printing:packageReleaseResources' because:
[        ]   Build cache is disabled
[        ] Skipping task ':printing:packageReleaseResources' as it is up-to-date.
[        ] work action resolve packageReleaseResources (project :printing) (Thread[#889,included builds,5,main]) started.
[        ] Resolve mutations for :printing:parseReleaseLocalResources (Thread[#889,included builds,5,main]) started.
[        ] :printing:parseReleaseLocalResources (Thread[#889,included builds,5,main]) started.
[        ] > Task :printing:parseReleaseLocalResources UP-TO-DATE
[        ] Transforming android.jar with PlatformAttrTransform
[        ] Transforming android.jar with PlatformAttrTransform
[        ] Caching disabled for task ':printing:parseReleaseLocalResources' because:
[        ]   Build cache is disabled
[        ] Skipping task ':printing:parseReleaseLocalResources' as it is up-to-date.
[        ] Resolve mutations for :printing:generateReleaseRFile (Thread[#889,included builds,5,main]) started.
[        ] :printing:generateReleaseRFile (Thread[#889,included builds,5,main]) started.
[        ] > Task :printing:generateReleaseRFile UP-TO-DATE
[        ] Transforming fragment-1.7.1.aar (androidx.fragment:fragment:1.7.1) with JetifyTransform
[        ] Transforming fragment-1.7.1.aar (androidx.fragment:fragment:1.7.1) with ExtractAarTransform
[        ] Transforming fragment-1.7.1.aar (androidx.fragment:fragment:1.7.1) with LibrarySymbolTableTransform
[        ] Transforming activity-1.8.1.aar (androidx.activity:activity:1.8.1) with JetifyTransform
[        ] Transforming activity-1.8.1.aar (androidx.activity:activity:1.8.1) with ExtractAarTransform
[        ] Transforming activity-1.8.1.aar (androidx.activity:activity:1.8.1) with LibrarySymbolTableTransform
[        ] Transforming loader-1.0.0.aar (androidx.loader:loader:1.0.0) with JetifyTransform
[        ] Transforming loader-1.0.0.aar (androidx.loader:loader:1.0.0) with ExtractAarTransform
[        ] Transforming loader-1.0.0.aar (androidx.loader:loader:1.0.0) with LibrarySymbolTableTransform
[        ] Transforming lifecycle-livedata-core-ktx-2.7.0.aar (androidx.lifecycle:lifecycle-livedata-core-ktx:2.7.0) with JetifyTransform
[        ] Transforming lifecycle-livedata-core-ktx-2.7.0.aar (androidx.lifecycle:lifecycle-livedata-core-ktx:2.7.0) with ExtractAarTransform
[        ] Transforming lifecycle-livedata-core-ktx-2.7.0.aar (androidx.lifecycle:lifecycle-livedata-core-ktx:2.7.0) with LibrarySymbolTableTransform
[        ] Transforming lifecycle-livedata-2.7.0.aar (androidx.lifecycle:lifecycle-livedata:2.7.0) with JetifyTransform
[        ] Transforming lifecycle-livedata-2.7.0.aar (androidx.lifecycle:lifecycle-livedata:2.7.0) with ExtractAarTransform
[        ] Transforming lifecycle-livedata-2.7.0.aar (androidx.lifecycle:lifecycle-livedata:2.7.0) with LibrarySymbolTableTransform
[        ] Transforming lifecycle-viewmodel-2.7.0.aar (androidx.lifecycle:lifecycle-viewmodel:2.7.0) with JetifyTransform
[        ] Transforming lifecycle-viewmodel-2.7.0.aar (androidx.lifecycle:lifecycle-viewmodel:2.7.0) with ExtractAarTransform
[        ] Transforming lifecycle-viewmodel-2.7.0.aar (androidx.lifecycle:lifecycle-viewmodel:2.7.0) with LibrarySymbolTableTransform
[        ] Transforming lifecycle-viewmodel-2.7.0.aar (androidx.lifecycle:lifecycle-viewmodel:2.7.0) with JetifyTransform
[        ] Transforming lifecycle-viewmodel-2.7.0.aar (androidx.lifecycle:lifecycle-viewmodel:2.7.0) with ExtractAarTransform
[        ] Transforming lifecycle-viewmodel-2.7.0.aar (androidx.lifecycle:lifecycle-viewmodel:2.7.0) with LibrarySymbolTableTransform
[        ] Transforming lifecycle-livedata-core-2.7.0.aar (androidx.lifecycle:lifecycle-livedata-core:2.7.0) with JetifyTransform
[        ] Transforming lifecycle-livedata-core-2.7.0.aar (androidx.lifecycle:lifecycle-livedata-core:2.7.0) with ExtractAarTransform
[        ] Transforming lifecycle-livedata-core-2.7.0.aar (androidx.lifecycle:lifecycle-livedata-core:2.7.0) with LibrarySymbolTableTransform
[        ] Transforming lifecycle-viewmodel-savedstate-2.7.0.aar (androidx.lifecycle:lifecycle-viewmodel-savedstate:2.7.0) with JetifyTransform
[        ] Transforming lifecycle-viewmodel-savedstate-2.7.0.aar (androidx.lifecycle:lifecycle-viewmodel-savedstate:2.7.0) with ExtractAarTransform
[        ] Transforming lifecycle-viewmodel-savedstate-2.7.0.aar (androidx.lifecycle:lifecycle-viewmodel-savedstate:2.7.0) with LibrarySymbolTableTransform
[        ] Transforming core-ktx-1.13.1.aar (androidx.core:core-ktx:1.13.1) with JetifyTransform
[        ] Transforming core-ktx-1.13.1.aar (androidx.core:core-ktx:1.13.1) with ExtractAarTransform
[        ] Transforming core-ktx-1.13.1.aar (androidx.core:core-ktx:1.13.1) with LibrarySymbolTableTransform
[        ] Transforming viewpager-1.0.0.aar (androidx.viewpager:viewpager:1.0.0) with JetifyTransform
[        ] Transforming viewpager-1.0.0.aar (androidx.viewpager:viewpager:1.0.0) with ExtractAarTransform
[        ] Transforming viewpager-1.0.0.aar (androidx.viewpager:viewpager:1.0.0) with LibrarySymbolTableTransform
[        ] Transforming customview-1.0.0.aar (androidx.customview:customview:1.0.0) with JetifyTransform
[        ] Transforming customview-1.0.0.aar (androidx.customview:customview:1.0.0) with ExtractAarTransform
[        ] Transforming customview-1.0.0.aar (androidx.customview:customview:1.0.0) with LibrarySymbolTableTransform
[        ] Transforming core-1.13.1.aar (androidx.core:core:1.13.1) with JetifyTransform
[        ] Transforming core-1.13.1.aar (androidx.core:core:1.13.1) with ExtractAarTransform
[        ] Transforming core-1.13.1.aar (androidx.core:core:1.13.1) with LibrarySymbolTableTransform
[        ] Transforming core-1.13.1.aar (androidx.core:core:1.13.1) with JetifyTransform
[        ] Transforming core-1.13.1.aar (androidx.core:core:1.13.1) with ExtractAarTransform
[        ] Transforming core-1.13.1.aar (androidx.core:core:1.13.1) with LibrarySymbolTableTransform
[        ] Transforming lifecycle-runtime-2.7.0.aar (androidx.lifecycle:lifecycle-runtime:2.7.0) with JetifyTransform
[        ] Transforming lifecycle-runtime-2.7.0.aar (androidx.lifecycle:lifecycle-runtime:2.7.0) with ExtractAarTransform
[        ] Transforming lifecycle-runtime-2.7.0.aar (androidx.lifecycle:lifecycle-runtime:2.7.0) with LibrarySymbolTableTransform
[        ] Transforming lifecycle-process-2.7.0.aar (androidx.lifecycle:lifecycle-process:2.7.0) with JetifyTransform
[        ] Transforming lifecycle-process-2.7.0.aar (androidx.lifecycle:lifecycle-process:2.7.0) with ExtractAarTransform
[        ] Transforming lifecycle-process-2.7.0.aar (androidx.lifecycle:lifecycle-process:2.7.0) with LibrarySymbolTableTransform
[        ] Transforming core-runtime-2.2.0.aar (androidx.arch.core:core-runtime:2.2.0) with JetifyTransform
[        ] Transforming core-runtime-2.2.0.aar (androidx.arch.core:core-runtime:2.2.0) with ExtractAarTransform
[        ] Transforming core-runtime-2.2.0.aar (androidx.arch.core:core-runtime:2.2.0) with LibrarySymbolTableTransform
[        ] Transforming versionedparcelable-1.1.1.aar (androidx.versionedparcelable:versionedparcelable:1.1.1) with JetifyTransform
[        ] Transforming versionedparcelable-1.1.1.aar (androidx.versionedparcelable:versionedparcelable:1.1.1) with ExtractAarTransform
[        ] Transforming versionedparcelable-1.1.1.aar (androidx.versionedparcelable:versionedparcelable:1.1.1) with LibrarySymbolTableTransform
[        ] Transforming savedstate-1.2.1.aar (androidx.savedstate:savedstate:1.2.1) with JetifyTransform
[        ] Transforming savedstate-1.2.1.aar (androidx.savedstate:savedstate:1.2.1) with ExtractAarTransform
[        ] Transforming savedstate-1.2.1.aar (androidx.savedstate:savedstate:1.2.1) with LibrarySymbolTableTransform
[        ] Transforming window-1.2.0.aar (androidx.window:window:1.2.0) with JetifyTransform
[        ] Transforming window-1.2.0.aar (androidx.window:window:1.2.0) with ExtractAarTransform
[        ] Transforming window-1.2.0.aar (androidx.window:window:1.2.0) with LibrarySymbolTableTransform
[        ] Transforming window-java-1.2.0.aar (androidx.window:window-java:1.2.0) with JetifyTransform
[        ] Transforming window-java-1.2.0.aar (androidx.window:window-java:1.2.0) with ExtractAarTransform
[        ] Transforming window-java-1.2.0.aar (androidx.window:window-java:1.2.0) with LibrarySymbolTableTransform
[        ] Transforming annotation-experimental-1.4.0.aar (androidx.annotation:annotation-experimental:1.4.0) with JetifyTransform
[        ] Transforming annotation-experimental-1.4.0.aar (androidx.annotation:annotation-experimental:1.4.0) with ExtractAarTransform
[        ] Transforming annotation-experimental-1.4.0.aar (androidx.annotation:annotation-experimental:1.4.0) with LibrarySymbolTableTransform
[        ] Transforming startup-runtime-1.1.1.aar (androidx.startup:startup-runtime:1.1.1) with JetifyTransform
[        ] Transforming startup-runtime-1.1.1.aar (androidx.startup:startup-runtime:1.1.1) with ExtractAarTransform
[        ] Transforming startup-runtime-1.1.1.aar (androidx.startup:startup-runtime:1.1.1) with LibrarySymbolTableTransform
[        ] Transforming tracing-1.2.0.aar (androidx.tracing:tracing:1.2.0) with JetifyTransform
[        ] Transforming tracing-1.2.0.aar (androidx.tracing:tracing:1.2.0) with ExtractAarTransform
[        ] Transforming tracing-1.2.0.aar (androidx.tracing:tracing:1.2.0) with LibrarySymbolTableTransform
[        ] Transforming relinker-1.4.5.aar (com.getkeepsafe.relinker:relinker:1.4.5) with JetifyTransform
[        ] Transforming relinker-1.4.5.aar (com.getkeepsafe.relinker:relinker:1.4.5) with ExtractAarTransform
[        ] Transforming relinker-1.4.5.aar (com.getkeepsafe.relinker:relinker:1.4.5) with LibrarySymbolTableTransform
[        ] Transforming android.jar with PlatformAttrTransform
[        ] Caching disabled for task ':printing:generateReleaseRFile' because:
[        ]   Build cache is disabled
[        ] Skipping task ':printing:generateReleaseRFile' as it is up-to-date.
[        ] work action resolve package-aware-r.txt (project :printing) (Thread[#889,included builds,5,main]) started.
[        ] Resolve mutations for :printing:javaPreCompileRelease (Thread[#889,included builds,5,main]) started.
[        ] :printing:javaPreCompileRelease (Thread[#889,included builds,5,main]) started.
[        ] > Task :printing:javaPreCompileRelease UP-TO-DATE
[        ] Caching disabled for task ':printing:javaPreCompileRelease' because:
[        ]   Build cache is disabled
[        ] Skipping task ':printing:javaPreCompileRelease' as it is up-to-date.
[        ] Resolve mutations for :printing:compileReleaseJavaWithJavac (Thread[#889,included builds,5,main]) started.
[        ] :printing:compileReleaseJavaWithJavac (Thread[#889,included builds,5,main]) started.
[        ] > Task :printing:compileReleaseJavaWithJavac UP-TO-DATE
[        ] Transforming flutter_embedding_release-1.0.0-a8bfdfc394deaed5c57bd45a64ac4294dc976a72.jar (io.flutter:flutter_embedding_release:1.0.0-a8bfdfc394deaed5c57bd45a64ac4294dc976a72) with JetifyTransform
[        ] Transforming flutter_embedding_release-1.0.0-a8bfdfc394deaed5c57bd45a64ac4294dc976a72.jar (io.flutter:flutter_embedding_release:1.0.0-a8bfdfc394deaed5c57bd45a64ac4294dc976a72) with IdentityTransform
[        ] Transforming fragment-1.7.1.aar (androidx.fragment:fragment:1.7.1) with JetifyTransform
[        ] Transforming fragment-1.7.1.aar (androidx.fragment:fragment:1.7.1) with AarToClassTransform
[        ] Transforming activity-1.8.1.aar (androidx.activity:activity:1.8.1) with JetifyTransform
[        ] Transforming activity-1.8.1.aar (androidx.activity:activity:1.8.1) with AarToClassTransform
[        ] Transforming loader-1.0.0.aar (androidx.loader:loader:1.0.0) with JetifyTransform
[        ] Transforming loader-1.0.0.aar (androidx.loader:loader:1.0.0) with AarToClassTransform
[        ] Transforming lifecycle-livedata-core-ktx-2.7.0.aar (androidx.lifecycle:lifecycle-livedata-core-ktx:2.7.0) with JetifyTransform
[        ] Transforming lifecycle-livedata-core-ktx-2.7.0.aar (androidx.lifecycle:lifecycle-livedata-core-ktx:2.7.0) with AarToClassTransform
[        ] Transforming lifecycle-livedata-2.7.0.aar (androidx.lifecycle:lifecycle-livedata:2.7.0) with JetifyTransform
[        ] Transforming lifecycle-livedata-2.7.0.aar (androidx.lifecycle:lifecycle-livedata:2.7.0) with AarToClassTransform
[        ] Transforming lifecycle-viewmodel-2.7.0.aar (androidx.lifecycle:lifecycle-viewmodel:2.7.0) with JetifyTransform
[        ] Transforming lifecycle-viewmodel-2.7.0.aar (androidx.lifecycle:lifecycle-viewmodel:2.7.0) with AarToClassTransform
[        ] Transforming lifecycle-viewmodel-2.7.0.aar (androidx.lifecycle:lifecycle-viewmodel:2.7.0) with JetifyTransform
[        ] Transforming lifecycle-viewmodel-2.7.0.aar (androidx.lifecycle:lifecycle-viewmodel:2.7.0) with AarToClassTransform
[        ] Transforming lifecycle-livedata-core-2.7.0.aar (androidx.lifecycle:lifecycle-livedata-core:2.7.0) with JetifyTransform
[        ] Transforming lifecycle-livedata-core-2.7.0.aar (androidx.lifecycle:lifecycle-livedata-core:2.7.0) with AarToClassTransform
[        ] Transforming lifecycle-viewmodel-savedstate-2.7.0.aar (androidx.lifecycle:lifecycle-viewmodel-savedstate:2.7.0) with JetifyTransform
[        ] Transforming lifecycle-viewmodel-savedstate-2.7.0.aar (androidx.lifecycle:lifecycle-viewmodel-savedstate:2.7.0) with AarToClassTransform
[        ] Transforming core-ktx-1.13.1.aar (androidx.core:core-ktx:1.13.1) with JetifyTransform
[        ] Transforming core-ktx-1.13.1.aar (androidx.core:core-ktx:1.13.1) with AarToClassTransform
[        ] Transforming viewpager-1.0.0.aar (androidx.viewpager:viewpager:1.0.0) with JetifyTransform
[        ] Transforming viewpager-1.0.0.aar (androidx.viewpager:viewpager:1.0.0) with AarToClassTransform
[        ] Transforming customview-1.0.0.aar (androidx.customview:customview:1.0.0) with JetifyTransform
[        ] Transforming customview-1.0.0.aar (androidx.customview:customview:1.0.0) with AarToClassTransform
[        ] Transforming core-1.13.1.aar (androidx.core:core:1.13.1) with JetifyTransform
[        ] Transforming core-1.13.1.aar (androidx.core:core:1.13.1) with AarToClassTransform
[        ] Transforming core-1.13.1.aar (androidx.core:core:1.13.1) with JetifyTransform
[        ] Transforming core-1.13.1.aar (androidx.core:core:1.13.1) with AarToClassTransform
[        ] Transforming lifecycle-runtime-2.7.0.aar (androidx.lifecycle:lifecycle-runtime:2.7.0) with JetifyTransform
[        ] Transforming lifecycle-runtime-2.7.0.aar (androidx.lifecycle:lifecycle-runtime:2.7.0) with AarToClassTransform
[        ] Transforming lifecycle-process-2.7.0.aar (androidx.lifecycle:lifecycle-process:2.7.0) with JetifyTransform
[        ] Transforming lifecycle-process-2.7.0.aar (androidx.lifecycle:lifecycle-process:2.7.0) with AarToClassTransform
[        ] Transforming lifecycle-common-java8-2.7.0.jar (androidx.lifecycle:lifecycle-common-java8:2.7.0) with JetifyTransform
[        ] Transforming lifecycle-common-java8-2.7.0.jar (androidx.lifecycle:lifecycle-common-java8:2.7.0) with IdentityTransform
[        ] Transforming lifecycle-common-2.7.0.jar (androidx.lifecycle:lifecycle-common:2.7.0) with JetifyTransform
[        ] Transforming lifecycle-common-2.7.0.jar (androidx.lifecycle:lifecycle-common:2.7.0) with IdentityTransform
[        ] Transforming core-runtime-2.2.0.aar (androidx.arch.core:core-runtime:2.2.0) with JetifyTransform
[        ] Transforming core-runtime-2.2.0.aar (androidx.arch.core:core-runtime:2.2.0) with AarToClassTransform
[        ] Transforming core-common-2.2.0.jar (androidx.arch.core:core-common:2.2.0) with JetifyTransform
[        ] Transforming core-common-2.2.0.jar (androidx.arch.core:core-common:2.2.0) with IdentityTransform
[        ] Transforming versionedparcelable-1.1.1.aar (androidx.versionedparcelable:versionedparcelable:1.1.1) with JetifyTransform
[        ] Transforming versionedparcelable-1.1.1.aar (androidx.versionedparcelable:versionedparcelable:1.1.1) with AarToClassTransform
[        ] Transforming collection-1.1.0.jar (androidx.collection:collection:1.1.0) with JetifyTransform
[        ] Transforming collection-1.1.0.jar (androidx.collection:collection:1.1.0) with IdentityTransform
[        ] Transforming savedstate-1.2.1.aar (androidx.savedstate:savedstate:1.2.1) with JetifyTransform
[        ] Transforming savedstate-1.2.1.aar (androidx.savedstate:savedstate:1.2.1) with AarToClassTransform
[        ] Transforming annotation-jvm-1.8.0.jar (androidx.annotation:annotation-jvm:1.8.0) with JetifyTransform
[        ] Transforming annotation-jvm-1.8.0.jar (androidx.annotation:annotation-jvm:1.8.0) with IdentityTransform
[        ] Transforming window-1.2.0.aar (androidx.window:window:1.2.0) with JetifyTransform
[        ] Transforming window-1.2.0.aar (androidx.window:window:1.2.0) with AarToClassTransform
[        ] Transforming window-java-1.2.0.aar (androidx.window:window-java:1.2.0) with JetifyTransform
[        ] Transforming window-java-1.2.0.aar (androidx.window:window-java:1.2.0) with AarToClassTransform
[        ] Transforming annotation-experimental-1.4.0.aar (androidx.annotation:annotation-experimental:1.4.0) with JetifyTransform
[        ] Transforming annotation-experimental-1.4.0.aar (androidx.annotation:annotation-experimental:1.4.0) with AarToClassTransform
[        ] Transforming kotlinx-coroutines-core-jvm-1.7.1.jar (org.jetbrains.kotlinx:kotlinx-coroutines-core-jvm:1.7.1) with JetifyTransform
[        ] Transforming kotlinx-coroutines-core-jvm-1.7.1.jar (org.jetbrains.kotlinx:kotlinx-coroutines-core-jvm:1.7.1) with IdentityTransform
[        ] Transforming kotlinx-coroutines-android-1.7.1.jar (org.jetbrains.kotlinx:kotlinx-coroutines-android:1.7.1) with JetifyTransform
[        ] Transforming kotlinx-coroutines-android-1.7.1.jar (org.jetbrains.kotlinx:kotlinx-coroutines-android:1.7.1) with IdentityTransform
[        ] Transforming kotlin-stdlib-jdk8-1.8.20.jar (org.jetbrains.kotlin:kotlin-stdlib-jdk8:1.8.20) with JetifyTransform
[        ] Transforming kotlin-stdlib-jdk8-1.8.20.jar (org.jetbrains.kotlin:kotlin-stdlib-jdk8:1.8.20) with IdentityTransform
[        ] Transforming kotlin-stdlib-jdk7-1.8.20.jar (org.jetbrains.kotlin:kotlin-stdlib-jdk7:1.8.20) with JetifyTransform
[        ] Transforming kotlin-stdlib-jdk7-1.8.20.jar (org.jetbrains.kotlin:kotlin-stdlib-jdk7:1.8.20) with IdentityTransform
[        ] Transforming kotlin-stdlib-1.8.22.jar (org.jetbrains.kotlin:kotlin-stdlib:1.8.22) with JetifyTransform
[        ] Transforming kotlin-stdlib-1.8.22.jar (org.jetbrains.kotlin:kotlin-stdlib:1.8.22) with IdentityTransform
[        ] Transforming kotlin-stdlib-common-1.8.22.jar (org.jetbrains.kotlin:kotlin-stdlib-common:1.8.22) with JetifyTransform
[        ] Transforming kotlin-stdlib-common-1.8.22.jar (org.jetbrains.kotlin:kotlin-stdlib-common:1.8.22) with IdentityTransform
[        ] Transforming annotations-23.0.0.jar (org.jetbrains:annotations:23.0.0) with JetifyTransform
[        ] Transforming annotations-23.0.0.jar (org.jetbrains:annotations:23.0.0) with IdentityTransform
[        ] Transforming startup-runtime-1.1.1.aar (androidx.startup:startup-runtime:1.1.1) with JetifyTransform
[        ] Transforming startup-runtime-1.1.1.aar (androidx.startup:startup-runtime:1.1.1) with AarToClassTransform
[        ] Transforming tracing-1.2.0.aar (androidx.tracing:tracing:1.2.0) with JetifyTransform
[        ] Transforming tracing-1.2.0.aar (androidx.tracing:tracing:1.2.0) with AarToClassTransform
[        ] Transforming relinker-1.4.5.aar (com.getkeepsafe.relinker:relinker:1.4.5) with JetifyTransform
[        ] Transforming relinker-1.4.5.aar (com.getkeepsafe.relinker:relinker:1.4.5) with AarToClassTransform
[        ] Custom actions are attached to task ':printing:compileReleaseJavaWithJavac'.
[        ] Caching disabled for task ':printing:compileReleaseJavaWithJavac' because:
[        ]   Build cache is disabled
[        ] Skipping task ':printing:compileReleaseJavaWithJavac' as it is up-to-date.
[        ] No compile result for :printing:compileReleaseJavaWithJavac
[        ] No compile result for :printing:compileReleaseJavaWithJavac
[        ] Resolve mutations for :printing:mergeReleaseGeneratedProguardFiles (Thread[#889,included builds,5,main]) started.
[        ] :printing:mergeReleaseGeneratedProguardFiles (Thread[#889,included builds,5,main]) started.
[        ] > Task :printing:mergeReleaseGeneratedProguardFiles UP-TO-DATE
[        ] Caching disabled for task ':printing:mergeReleaseGeneratedProguardFiles' because:
[        ]   Build cache is disabled
[        ]   Simple merging task
[        ] Skipping task ':printing:mergeReleaseGeneratedProguardFiles' as it is up-to-date.
[        ] Resolve mutations for :printing:exportReleaseConsumerProguardFiles (Thread[#889,included builds,5,main]) started.
[        ] :printing:exportReleaseConsumerProguardFiles (Thread[#889,included builds,5,main]) started.
[        ] > Task :printing:exportReleaseConsumerProguardFiles UP-TO-DATE
[        ] Caching disabled for task ':printing:exportReleaseConsumerProguardFiles' because:
[        ]   Build cache is disabled
[        ]   Caching has been disabled for the task
[        ] Skipping task ':printing:exportReleaseConsumerProguardFiles' as it is up-to-date.
[        ] work action resolve exportReleaseConsumerProguardFiles (project :printing) (Thread[#889,included builds,5,main]) started.
[        ] FilterShrinkerRulesTransform (Thread[#889,included builds,5,main]) started.
[        ] Resolve mutations for :share_plus:checkKotlinGradlePluginConfigurationErrors (Thread[#895,Execution worker Thread 6,5,main]) started.
[        ] > Transform exportReleaseConsumerProguardFiles (project :printing) with FilterShrinkerRulesTransform
[        ] Transforming exportReleaseConsumerProguardFiles (project :printing) with FilterShrinkerRulesTransform
[        ] :share_plus:checkKotlinGradlePluginConfigurationErrors (Thread[#895,Execution worker Thread 6,5,main]) started.
[        ] > Task :share_plus:checkKotlinGradlePluginConfigurationErrors SKIPPED
[        ] Skipping task ':share_plus:checkKotlinGradlePluginConfigurationErrors' as task onlyIf 'errorDiagnostics are present' is false.
[        ] Resolve mutations for :share_plus:preBuild (Thread[#895,Execution worker Thread 6,5,main]) started.
[        ] :share_plus:preBuild (Thread[#895,Execution worker Thread 6,5,main]) started.
[        ] > Task :share_plus:preBuild UP-TO-DATE
[        ] Skipping task ':share_plus:preBuild' as it has no actions.
[        ] Resolve mutations for :share_plus:preReleaseBuild (Thread[#895,Execution worker Thread 6,5,main]) started.
[        ] :share_plus:preReleaseBuild (Thread[#895,Execution worker Thread 6,5,main]) started.
[        ] > Task :share_plus:preReleaseBuild UP-TO-DATE
[        ] Skipping task ':share_plus:preReleaseBuild' as it has no actions.
[        ] Resolve mutations for :share_plus:generateReleaseBuildConfig (Thread[#895,Execution worker Thread 6,5,main]) started.
[        ] :share_plus:generateReleaseBuildConfig (Thread[#895,Execution worker Thread 6,5,main]) started.
[        ] > Task :share_plus:generateReleaseBuildConfig UP-TO-DATE
[        ] Caching disabled for task ':share_plus:generateReleaseBuildConfig' because:
[        ]   Build cache is disabled
[        ] Skipping task ':share_plus:generateReleaseBuildConfig' as it is up-to-date.
[        ] Resolve mutations for :share_plus:generateReleaseResValues (Thread[#895,Execution worker Thread 6,5,main]) started.
[        ] :share_plus:generateReleaseResValues (Thread[#895,Execution worker Thread 6,5,main]) started.
[        ] > Task :share_plus:generateReleaseResValues UP-TO-DATE
[        ] Caching disabled for task ':share_plus:generateReleaseResValues' because:
[        ]   Build cache is disabled
[        ] Skipping task ':share_plus:generateReleaseResValues' as it is up-to-date.
[        ] Resolve mutations for :share_plus:generateReleaseResources (Thread[#895,Execution worker Thread 6,5,main]) started.
[        ] :share_plus:generateReleaseResources (Thread[#895,Execution worker Thread 6,5,main]) started.
[        ] > Task :share_plus:generateReleaseResources UP-TO-DATE
[        ] Caching disabled for task ':share_plus:generateReleaseResources' because:
[        ]   Build cache is disabled
[        ] Skipping task ':share_plus:generateReleaseResources' as it is up-to-date.
[        ] Resolve mutations for :share_plus:packageReleaseResources (Thread[#895,Execution worker Thread 6,5,main]) started.
[        ] :share_plus:packageReleaseResources (Thread[#895,Execution worker Thread 6,5,main]) started.
[        ] > Task :share_plus:packageReleaseResources UP-TO-DATE
[        ] Caching disabled for task ':share_plus:packageReleaseResources' because:
[        ]   Build cache is disabled
[        ] Skipping task ':share_plus:packageReleaseResources' as it is up-to-date.
[        ] work action resolve packageReleaseResources (project :share_plus) (Thread[#895,Execution worker Thread 6,5,main]) started.
[        ] Resolve mutations for :share_plus:parseReleaseLocalResources (Thread[#895,Execution worker Thread 6,5,main]) started.
[        ] :share_plus:parseReleaseLocalResources (Thread[#895,Execution worker Thread 6,5,main]) started.
[        ] > Task :share_plus:parseReleaseLocalResources UP-TO-DATE
[        ] Transforming android.jar with PlatformAttrTransform
[        ] Transforming android.jar with PlatformAttrTransform
[        ] Caching disabled for task ':share_plus:parseReleaseLocalResources' because:
[        ]   Build cache is disabled
[        ] Skipping task ':share_plus:parseReleaseLocalResources' as it is up-to-date.
[        ] Resolve mutations for :share_plus:generateReleaseRFile (Thread[#895,Execution worker Thread 6,5,main]) started.
[        ] :share_plus:generateReleaseRFile (Thread[#895,Execution worker Thread 6,5,main]) started.
[  +85 ms] > Task :share_plus:generateReleaseRFile UP-TO-DATE
[        ] Transforming fragment-1.7.1.aar (androidx.fragment:fragment:1.7.1) with JetifyTransform
[        ] Transforming fragment-1.7.1.aar (androidx.fragment:fragment:1.7.1) with ExtractAarTransform
[        ] Transforming fragment-1.7.1.aar (androidx.fragment:fragment:1.7.1) with LibrarySymbolTableTransform
[        ] Transforming activity-1.8.1.aar (androidx.activity:activity:1.8.1) with JetifyTransform
[        ] Transforming activity-1.8.1.aar (androidx.activity:activity:1.8.1) with ExtractAarTransform
[        ] Transforming activity-1.8.1.aar (androidx.activity:activity:1.8.1) with LibrarySymbolTableTransform
[        ] Transforming loader-1.0.0.aar (androidx.loader:loader:1.0.0) with JetifyTransform
[        ] Transforming loader-1.0.0.aar (androidx.loader:loader:1.0.0) with ExtractAarTransform
[        ] Transforming loader-1.0.0.aar (androidx.loader:loader:1.0.0) with LibrarySymbolTableTransform
[        ] Transforming viewpager-1.0.0.aar (androidx.viewpager:viewpager:1.0.0) with JetifyTransform
[        ] Transforming viewpager-1.0.0.aar (androidx.viewpager:viewpager:1.0.0) with ExtractAarTransform
[        ] Transforming viewpager-1.0.0.aar (androidx.viewpager:viewpager:1.0.0) with LibrarySymbolTableTransform
[        ] Transforming customview-1.0.0.aar (androidx.customview:customview:1.0.0) with JetifyTransform
[        ] Transforming customview-1.0.0.aar (androidx.customview:customview:1.0.0) with ExtractAarTransform
[        ] Transforming customview-1.0.0.aar (androidx.customview:customview:1.0.0) with LibrarySymbolTableTransform
[        ] Transforming core-1.13.1.aar (androidx.core:core:1.13.1) with JetifyTransform
[        ] Transforming core-1.13.1.aar (androidx.core:core:1.13.1) with ExtractAarTransform
[        ] Transforming core-1.13.1.aar (androidx.core:core:1.13.1) with LibrarySymbolTableTransform
[        ] Transforming core-1.13.1.aar (androidx.core:core:1.13.1) with JetifyTransform
[        ] Transforming core-1.13.1.aar (androidx.core:core:1.13.1) with ExtractAarTransform
[        ] Transforming core-1.13.1.aar (androidx.core:core:1.13.1) with LibrarySymbolTableTransform
[   +1 ms] Transforming lifecycle-livedata-core-ktx-2.7.0.aar (androidx.lifecycle:lifecycle-livedata-core-ktx:2.7.0) with JetifyTransform
[        ] Transforming lifecycle-livedata-core-ktx-2.7.0.aar (androidx.lifecycle:lifecycle-livedata-core-ktx:2.7.0) with ExtractAarTransform
[        ] Transforming lifecycle-livedata-core-ktx-2.7.0.aar (androidx.lifecycle:lifecycle-livedata-core-ktx:2.7.0) with LibrarySymbolTableTransform
[        ] Transforming lifecycle-livedata-2.7.0.aar (androidx.lifecycle:lifecycle-livedata:2.7.0) with JetifyTransform
[        ] Transforming lifecycle-livedata-2.7.0.aar (androidx.lifecycle:lifecycle-livedata:2.7.0) with ExtractAarTransform
[        ] Transforming lifecycle-livedata-2.7.0.aar (androidx.lifecycle:lifecycle-livedata:2.7.0) with LibrarySymbolTableTransform
[        ] Transforming lifecycle-viewmodel-2.7.0.aar (androidx.lifecycle:lifecycle-viewmodel:2.7.0) with JetifyTransform
[        ] Transforming lifecycle-viewmodel-2.7.0.aar (androidx.lifecycle:lifecycle-viewmodel:2.7.0) with ExtractAarTransform
[        ] Transforming lifecycle-viewmodel-2.7.0.aar (androidx.lifecycle:lifecycle-viewmodel:2.7.0) with LibrarySymbolTableTransform
[        ] Transforming lifecycle-viewmodel-2.7.0.aar (androidx.lifecycle:lifecycle-viewmodel:2.7.0) with JetifyTransform
[        ] Transforming lifecycle-viewmodel-2.7.0.aar (androidx.lifecycle:lifecycle-viewmodel:2.7.0) with ExtractAarTransform
[        ] Transforming lifecycle-viewmodel-2.7.0.aar (androidx.lifecycle:lifecycle-viewmodel:2.7.0) with LibrarySymbolTableTransform
[        ] Transforming lifecycle-livedata-core-2.7.0.aar (androidx.lifecycle:lifecycle-livedata-core:2.7.0) with JetifyTransform
[        ] Transforming lifecycle-livedata-core-2.7.0.aar (androidx.lifecycle:lifecycle-livedata-core:2.7.0) with ExtractAarTransform
[        ] Transforming lifecycle-livedata-core-2.7.0.aar (androidx.lifecycle:lifecycle-livedata-core:2.7.0) with LibrarySymbolTableTransform
[        ] Transforming lifecycle-process-2.7.0.aar (androidx.lifecycle:lifecycle-process:2.7.0) with JetifyTransform
[        ] Transforming lifecycle-process-2.7.0.aar (androidx.lifecycle:lifecycle-process:2.7.0) with ExtractAarTransform
[        ] Transforming lifecycle-process-2.7.0.aar (androidx.lifecycle:lifecycle-process:2.7.0) with LibrarySymbolTableTransform
[        ] Transforming lifecycle-runtime-2.7.0.aar (androidx.lifecycle:lifecycle-runtime:2.7.0) with JetifyTransform
[        ] Transforming lifecycle-runtime-2.7.0.aar (androidx.lifecycle:lifecycle-runtime:2.7.0) with ExtractAarTransform
[        ] Transforming lifecycle-runtime-2.7.0.aar (androidx.lifecycle:lifecycle-runtime:2.7.0) with LibrarySymbolTableTransform
[        ] Transforming lifecycle-viewmodel-savedstate-2.7.0.aar (androidx.lifecycle:lifecycle-viewmodel-savedstate:2.7.0) with JetifyTransform
[        ] Transforming lifecycle-viewmodel-savedstate-2.7.0.aar (androidx.lifecycle:lifecycle-viewmodel-savedstate:2.7.0) with ExtractAarTransform
[        ] Transforming lifecycle-viewmodel-savedstate-2.7.0.aar (androidx.lifecycle:lifecycle-viewmodel-savedstate:2.7.0) with LibrarySymbolTableTransform
[        ] Transforming core-ktx-1.13.1.aar (androidx.core:core-ktx:1.13.1) with JetifyTransform
[        ] Transforming core-ktx-1.13.1.aar (androidx.core:core-ktx:1.13.1) with ExtractAarTransform
[        ] Transforming core-ktx-1.13.1.aar (androidx.core:core-ktx:1.13.1) with LibrarySymbolTableTransform
[        ] Transforming versionedparcelable-1.1.1.aar (androidx.versionedparcelable:versionedparcelable:1.1.1) with JetifyTransform
[        ] Transforming versionedparcelable-1.1.1.aar (androidx.versionedparcelable:versionedparcelable:1.1.1) with ExtractAarTransform
[        ] Transforming versionedparcelable-1.1.1.aar (androidx.versionedparcelable:versionedparcelable:1.1.1) with LibrarySymbolTableTransform
[        ] Transforming core-runtime-2.2.0.aar (androidx.arch.core:core-runtime:2.2.0) with JetifyTransform
[        ] Transforming core-runtime-2.2.0.aar (androidx.arch.core:core-runtime:2.2.0) with ExtractAarTransform
[        ] Transforming core-runtime-2.2.0.aar (androidx.arch.core:core-runtime:2.2.0) with LibrarySymbolTableTransform
[        ] Transforming savedstate-1.2.1.aar (androidx.savedstate:savedstate:1.2.1) with JetifyTransform
[        ] Transforming savedstate-1.2.1.aar (androidx.savedstate:savedstate:1.2.1) with ExtractAarTransform
[        ] Transforming savedstate-1.2.1.aar (androidx.savedstate:savedstate:1.2.1) with LibrarySymbolTableTransform
[        ] Transforming window-1.2.0.aar (androidx.window:window:1.2.0) with JetifyTransform
[        ] Transforming window-1.2.0.aar (androidx.window:window:1.2.0) with ExtractAarTransform
[        ] Transforming window-1.2.0.aar (androidx.window:window:1.2.0) with LibrarySymbolTableTransform
[        ] Transforming window-java-1.2.0.aar (androidx.window:window-java:1.2.0) with JetifyTransform
[        ] Transforming window-java-1.2.0.aar (androidx.window:window-java:1.2.0) with ExtractAarTransform
[        ] Transforming window-java-1.2.0.aar (androidx.window:window-java:1.2.0) with LibrarySymbolTableTransform
[        ] Transforming annotation-experimental-1.4.0.aar (androidx.annotation:annotation-experimental:1.4.0) with JetifyTransform
[        ] Transforming annotation-experimental-1.4.0.aar (androidx.annotation:annotation-experimental:1.4.0) with ExtractAarTransform
[        ] Transforming annotation-experimental-1.4.0.aar (androidx.annotation:annotation-experimental:1.4.0) with LibrarySymbolTableTransform
[        ] Transforming startup-runtime-1.1.1.aar (androidx.startup:startup-runtime:1.1.1) with JetifyTransform
[        ] Transforming startup-runtime-1.1.1.aar (androidx.startup:startup-runtime:1.1.1) with ExtractAarTransform
[        ] Transforming startup-runtime-1.1.1.aar (androidx.startup:startup-runtime:1.1.1) with LibrarySymbolTableTransform
[        ] Transforming tracing-1.2.0.aar (androidx.tracing:tracing:1.2.0) with JetifyTransform
[        ] Transforming tracing-1.2.0.aar (androidx.tracing:tracing:1.2.0) with ExtractAarTransform
[        ] Transforming tracing-1.2.0.aar (androidx.tracing:tracing:1.2.0) with LibrarySymbolTableTransform
[        ] Transforming relinker-1.4.5.aar (com.getkeepsafe.relinker:relinker:1.4.5) with JetifyTransform
[        ] Transforming relinker-1.4.5.aar (com.getkeepsafe.relinker:relinker:1.4.5) with ExtractAarTransform
[        ] Transforming relinker-1.4.5.aar (com.getkeepsafe.relinker:relinker:1.4.5) with LibrarySymbolTableTransform
[        ] Transforming android.jar with PlatformAttrTransform
[        ] Caching disabled for task ':share_plus:generateReleaseRFile' because:
[        ]   Build cache is disabled
[        ] Skipping task ':share_plus:generateReleaseRFile' as it is up-to-date.
[        ] work action resolve package-aware-r.txt (project :share_plus) (Thread[#895,Execution worker Thread 6,5,main]) started.
[        ] Resolve mutations for :share_plus:compileReleaseKotlin (Thread[#895,Execution worker Thread 6,5,main]) started.
[        ] :share_plus:compileReleaseKotlin (Thread[#895,Execution worker Thread 6,5,main]) started.
[        ] > Task :share_plus:compileReleaseKotlin UP-TO-DATE
[        ] Transforming flutter_embedding_release-1.0.0-a8bfdfc394deaed5c57bd45a64ac4294dc976a72.jar (io.flutter:flutter_embedding_release:1.0.0-a8bfdfc394deaed5c57bd45a64ac4294dc976a72) with JetifyTransform
[        ] Transforming flutter_embedding_release-1.0.0-a8bfdfc394deaed5c57bd45a64ac4294dc976a72.jar (io.flutter:flutter_embedding_release:1.0.0-a8bfdfc394deaed5c57bd45a64ac4294dc976a72) with IdentityTransform
[        ] Transforming fragment-1.7.1.aar (androidx.fragment:fragment:1.7.1) with JetifyTransform
[        ] Transforming fragment-1.7.1.aar (androidx.fragment:fragment:1.7.1) with AarToClassTransform
[        ] Transforming activity-1.8.1.aar (androidx.activity:activity:1.8.1) with JetifyTransform
[        ] Transforming activity-1.8.1.aar (androidx.activity:activity:1.8.1) with AarToClassTransform
[        ] Transforming loader-1.0.0.aar (androidx.loader:loader:1.0.0) with JetifyTransform
[        ] Transforming loader-1.0.0.aar (androidx.loader:loader:1.0.0) with AarToClassTransform
[        ] Transforming viewpager-1.0.0.aar (androidx.viewpager:viewpager:1.0.0) with JetifyTransform
[        ] Transforming viewpager-1.0.0.aar (androidx.viewpager:viewpager:1.0.0) with AarToClassTransform
[        ] Transforming customview-1.0.0.aar (androidx.customview:customview:1.0.0) with JetifyTransform
[        ] Transforming customview-1.0.0.aar (androidx.customview:customview:1.0.0) with AarToClassTransform
[        ] Transforming core-1.13.1.aar (androidx.core:core:1.13.1) with JetifyTransform
[        ] Transforming core-1.13.1.aar (androidx.core:core:1.13.1) with AarToClassTransform
[        ] Transforming core-1.13.1.aar (androidx.core:core:1.13.1) with JetifyTransform
[        ] Transforming core-1.13.1.aar (androidx.core:core:1.13.1) with AarToClassTransform
[        ] Transforming lifecycle-livedata-core-ktx-2.7.0.aar (androidx.lifecycle:lifecycle-livedata-core-ktx:2.7.0) with JetifyTransform
[        ] Transforming lifecycle-livedata-core-ktx-2.7.0.aar (androidx.lifecycle:lifecycle-livedata-core-ktx:2.7.0) with AarToClassTransform
[        ] Transforming lifecycle-livedata-2.7.0.aar (androidx.lifecycle:lifecycle-livedata:2.7.0) with JetifyTransform
[        ] Transforming lifecycle-livedata-2.7.0.aar (androidx.lifecycle:lifecycle-livedata:2.7.0) with AarToClassTransform
[        ] Transforming lifecycle-viewmodel-2.7.0.aar (androidx.lifecycle:lifecycle-viewmodel:2.7.0) with JetifyTransform
[        ] Transforming lifecycle-viewmodel-2.7.0.aar (androidx.lifecycle:lifecycle-viewmodel:2.7.0) with AarToClassTransform
[        ] Transforming lifecycle-viewmodel-2.7.0.aar (androidx.lifecycle:lifecycle-viewmodel:2.7.0) with JetifyTransform
[        ] Transforming lifecycle-viewmodel-2.7.0.aar (androidx.lifecycle:lifecycle-viewmodel:2.7.0) with AarToClassTransform
[        ] Transforming lifecycle-livedata-core-2.7.0.aar (androidx.lifecycle:lifecycle-livedata-core:2.7.0) with JetifyTransform
[        ] Transforming lifecycle-livedata-core-2.7.0.aar (androidx.lifecycle:lifecycle-livedata-core:2.7.0) with AarToClassTransform
[        ] Transforming lifecycle-process-2.7.0.aar (androidx.lifecycle:lifecycle-process:2.7.0) with JetifyTransform
[        ] Transforming lifecycle-process-2.7.0.aar (androidx.lifecycle:lifecycle-process:2.7.0) with AarToClassTransform
[        ] Transforming lifecycle-common-java8-2.7.0.jar (androidx.lifecycle:lifecycle-common-java8:2.7.0) with JetifyTransform
[        ] Transforming lifecycle-common-java8-2.7.0.jar (androidx.lifecycle:lifecycle-common-java8:2.7.0) with IdentityTransform
[        ] Transforming lifecycle-common-2.7.0.jar (androidx.lifecycle:lifecycle-common:2.7.0) with JetifyTransform
[        ] Transforming lifecycle-common-2.7.0.jar (androidx.lifecycle:lifecycle-common:2.7.0) with IdentityTransform
[        ] Transforming lifecycle-runtime-2.7.0.aar (androidx.lifecycle:lifecycle-runtime:2.7.0) with JetifyTransform
[        ] Transforming lifecycle-runtime-2.7.0.aar (androidx.lifecycle:lifecycle-runtime:2.7.0) with AarToClassTransform
[        ] Transforming lifecycle-viewmodel-savedstate-2.7.0.aar (androidx.lifecycle:lifecycle-viewmodel-savedstate:2.7.0) with JetifyTransform
[        ] Transforming lifecycle-viewmodel-savedstate-2.7.0.aar (androidx.lifecycle:lifecycle-viewmodel-savedstate:2.7.0) with AarToClassTransform
[        ] Transforming core-ktx-1.13.1.aar (androidx.core:core-ktx:1.13.1) with JetifyTransform
[        ] Transforming core-ktx-1.13.1.aar (androidx.core:core-ktx:1.13.1) with AarToClassTransform
[        ] Transforming versionedparcelable-1.1.1.aar (androidx.versionedparcelable:versionedparcelable:1.1.1) with JetifyTransform
[        ] Transforming versionedparcelable-1.1.1.aar (androidx.versionedparcelable:versionedparcelable:1.1.1) with AarToClassTransform
[        ] Transforming core-runtime-2.2.0.aar (androidx.arch.core:core-runtime:2.2.0) with JetifyTransform
[        ] Transforming core-runtime-2.2.0.aar (androidx.arch.core:core-runtime:2.2.0) with AarToClassTransform
[        ] Transforming core-common-2.2.0.jar (androidx.arch.core:core-common:2.2.0) with JetifyTransform
[        ] Transforming core-common-2.2.0.jar (androidx.arch.core:core-common:2.2.0) with IdentityTransform
[        ] Transforming collection-1.1.0.jar (androidx.collection:collection:1.1.0) with JetifyTransform
[        ] Transforming collection-1.1.0.jar (androidx.collection:collection:1.1.0) with IdentityTransform
[        ] Transforming savedstate-1.2.1.aar (androidx.savedstate:savedstate:1.2.1) with JetifyTransform
[        ] Transforming savedstate-1.2.1.aar (androidx.savedstate:savedstate:1.2.1) with AarToClassTransform
[        ] Transforming annotation-jvm-1.8.0.jar (androidx.annotation:annotation-jvm:1.8.0) with JetifyTransform
[        ] Transforming annotation-jvm-1.8.0.jar (androidx.annotation:annotation-jvm:1.8.0) with IdentityTransform
[        ] Transforming window-1.2.0.aar (androidx.window:window:1.2.0) with JetifyTransform
[        ] Transforming window-1.2.0.aar (androidx.window:window:1.2.0) with AarToClassTransform
[        ] Transforming window-java-1.2.0.aar (androidx.window:window-java:1.2.0) with JetifyTransform
[        ] Transforming window-java-1.2.0.aar (androidx.window:window-java:1.2.0) with AarToClassTransform
[        ] Transforming annotation-experimental-1.4.0.aar (androidx.annotation:annotation-experimental:1.4.0) with JetifyTransform
[        ] Transforming annotation-experimental-1.4.0.aar (androidx.annotation:annotation-experimental:1.4.0) with AarToClassTransform
[        ] Transforming kotlinx-coroutines-core-jvm-1.7.1.jar (org.jetbrains.kotlinx:kotlinx-coroutines-core-jvm:1.7.1) with JetifyTransform
[        ] Transforming kotlinx-coroutines-core-jvm-1.7.1.jar (org.jetbrains.kotlinx:kotlinx-coroutines-core-jvm:1.7.1) with IdentityTransform
[        ] Transforming kotlinx-coroutines-android-1.7.1.jar (org.jetbrains.kotlinx:kotlinx-coroutines-android:1.7.1) with JetifyTransform
[        ] Transforming kotlinx-coroutines-android-1.7.1.jar (org.jetbrains.kotlinx:kotlinx-coroutines-android:1.7.1) with IdentityTransform
[        ] Transforming kotlin-stdlib-jdk8-1.8.20.jar (org.jetbrains.kotlin:kotlin-stdlib-jdk8:1.8.20) with JetifyTransform
[        ] Transforming kotlin-stdlib-jdk8-1.8.20.jar (org.jetbrains.kotlin:kotlin-stdlib-jdk8:1.8.20) with IdentityTransform
[        ] Transforming kotlin-stdlib-jdk7-1.8.20.jar (org.jetbrains.kotlin:kotlin-stdlib-jdk7:1.8.20) with JetifyTransform
[        ] Transforming kotlin-stdlib-jdk7-1.8.20.jar (org.jetbrains.kotlin:kotlin-stdlib-jdk7:1.8.20) with IdentityTransform
[        ] Transforming kotlin-stdlib-1.8.22.jar (org.jetbrains.kotlin:kotlin-stdlib:1.8.22) with JetifyTransform
[        ] Transforming kotlin-stdlib-1.8.22.jar (org.jetbrains.kotlin:kotlin-stdlib:1.8.22) with IdentityTransform
[        ] Transforming kotlin-stdlib-common-1.8.22.jar (org.jetbrains.kotlin:kotlin-stdlib-common:1.8.22) with JetifyTransform
[        ] Transforming kotlin-stdlib-common-1.8.22.jar (org.jetbrains.kotlin:kotlin-stdlib-common:1.8.22) with IdentityTransform
[        ] Transforming annotations-23.0.0.jar (org.jetbrains:annotations:23.0.0) with JetifyTransform
[        ] Transforming annotations-23.0.0.jar (org.jetbrains:annotations:23.0.0) with IdentityTransform
[        ] Transforming startup-runtime-1.1.1.aar (androidx.startup:startup-runtime:1.1.1) with JetifyTransform
[        ] Transforming startup-runtime-1.1.1.aar (androidx.startup:startup-runtime:1.1.1) with AarToClassTransform
[        ] Transforming tracing-1.2.0.aar (androidx.tracing:tracing:1.2.0) with JetifyTransform
[        ] Transforming tracing-1.2.0.aar (androidx.tracing:tracing:1.2.0) with AarToClassTransform
[        ] Transforming relinker-1.4.5.aar (com.getkeepsafe.relinker:relinker:1.4.5) with JetifyTransform
[        ] Transforming relinker-1.4.5.aar (com.getkeepsafe.relinker:relinker:1.4.5) with AarToClassTransform
[        ] Transforming R.jar with BuildToolsApiClasspathEntrySnapshotTransform
[        ] Transforming jetified-flutter_embedding_release-1.0.0-a8bfdfc394deaed5c57bd45a64ac4294dc976a72.jar with BuildToolsApiClasspathEntrySnapshotTransform
[        ] Transforming fragment-1.7.1-api.jar with BuildToolsApiClasspathEntrySnapshotTransform
[        ] Transforming jetified-activity-1.8.1-api.jar with BuildToolsApiClasspathEntrySnapshotTransform
[        ] Transforming loader-1.0.0-api.jar with BuildToolsApiClasspathEntrySnapshotTransform
[        ] Transforming viewpager-1.0.0-api.jar with BuildToolsApiClasspathEntrySnapshotTransform
[        ] Transforming customview-1.0.0-api.jar with BuildToolsApiClasspathEntrySnapshotTransform
[        ] Transforming core-1.13.1-api.jar with BuildToolsApiClasspathEntrySnapshotTransform
[        ] Transforming jetified-lifecycle-livedata-core-ktx-2.7.0-api.jar with BuildToolsApiClasspathEntrySnapshotTransform
[        ] Transforming lifecycle-livedata-2.7.0-api.jar with BuildToolsApiClasspathEntrySnapshotTransform
[        ] Transforming lifecycle-viewmodel-2.7.0-api.jar with BuildToolsApiClasspathEntrySnapshotTransform
[        ] Transforming lifecycle-livedata-core-2.7.0-api.jar with BuildToolsApiClasspathEntrySnapshotTransform
[        ] Transforming jetified-lifecycle-process-2.7.0-api.jar with BuildToolsApiClasspathEntrySnapshotTransform
[        ] Transforming lifecycle-common-java8-2.7.0.jar with BuildToolsApiClasspathEntrySnapshotTransform
[        ] Transforming lifecycle-common-2.7.0.jar with BuildToolsApiClasspathEntrySnapshotTransform
[        ] Transforming lifecycle-runtime-2.7.0-api.jar with BuildToolsApiClasspathEntrySnapshotTransform
[        ] Transforming jetified-lifecycle-viewmodel-savedstate-2.7.0-api.jar with BuildToolsApiClasspathEntrySnapshotTransform
[        ] Transforming jetified-core-ktx-1.13.1-api.jar with BuildToolsApiClasspathEntrySnapshotTransform
[        ] Transforming versionedparcelable-1.1.1-api.jar with BuildToolsApiClasspathEntrySnapshotTransform
[        ] Transforming core-runtime-2.2.0-api.jar with BuildToolsApiClasspathEntrySnapshotTransform
[        ] Transforming core-common-2.2.0.jar with BuildToolsApiClasspathEntrySnapshotTransform
[        ] Transforming collection-1.1.0.jar with BuildToolsApiClasspathEntrySnapshotTransform
[        ] Transforming jetified-savedstate-1.2.1-api.jar with BuildToolsApiClasspathEntrySnapshotTransform
[        ] Transforming jetified-annotation-jvm-1.8.0.jar with BuildToolsApiClasspathEntrySnapshotTransform
[        ] Transforming jetified-window-1.2.0-api.jar with BuildToolsApiClasspathEntrySnapshotTransform
[        ] Transforming jetified-window-java-1.2.0-api.jar with BuildToolsApiClasspathEntrySnapshotTransform
[        ] Transforming jetified-annotation-experimental-1.4.0-api.jar with BuildToolsApiClasspathEntrySnapshotTransform
[        ] Transforming jetified-kotlinx-coroutines-core-jvm-1.7.1.jar with BuildToolsApiClasspathEntrySnapshotTransform
[        ] Transforming jetified-kotlinx-coroutines-android-1.7.1.jar with BuildToolsApiClasspathEntrySnapshotTransform
[        ] Transforming jetified-kotlin-stdlib-jdk8-1.8.20.jar with BuildToolsApiClasspathEntrySnapshotTransform
[        ] Transforming jetified-kotlin-stdlib-jdk7-1.8.20.jar with BuildToolsApiClasspathEntrySnapshotTransform
[        ] Transforming jetified-kotlin-stdlib-1.8.22.jar with BuildToolsApiClasspathEntrySnapshotTransform
[        ] Transforming jetified-kotlin-stdlib-common-1.8.22.jar with BuildToolsApiClasspathEntrySnapshotTransform
[        ] Transforming jetified-annotations-23.0.0.jar with BuildToolsApiClasspathEntrySnapshotTransform
[        ] Transforming jetified-startup-runtime-1.1.1-api.jar with BuildToolsApiClasspathEntrySnapshotTransform
[        ] Transforming jetified-tracing-1.2.0-api.jar with BuildToolsApiClasspathEntrySnapshotTransform
[        ] Transforming jetified-relinker-1.4.5-api.jar with BuildToolsApiClasspathEntrySnapshotTransform
[        ] Transforming android.jar with BuildToolsApiClasspathEntrySnapshotTransform
[        ] Transforming core-lambda-stubs.jar with BuildToolsApiClasspathEntrySnapshotTransform
[        ] Caching disabled for task ':share_plus:compileReleaseKotlin' because:
[        ]   Build cache is disabled
[        ] Skipping task ':share_plus:compileReleaseKotlin' as it is up-to-date.
[        ] Resolve mutations for :share_plus:javaPreCompileRelease (Thread[#895,Execution worker Thread 6,5,main]) started.
[        ] :share_plus:javaPreCompileRelease (Thread[#895,Execution worker Thread 6,5,main]) started.
[        ] > Task :share_plus:javaPreCompileRelease UP-TO-DATE
[        ] Caching disabled for task ':share_plus:javaPreCompileRelease' because:
[        ]   Build cache is disabled
[        ] Skipping task ':share_plus:javaPreCompileRelease' as it is up-to-date.
[        ] Resolve mutations for :share_plus:compileReleaseJavaWithJavac (Thread[#895,Execution worker Thread 6,5,main]) started.
[        ] :share_plus:compileReleaseJavaWithJavac (Thread[#895,Execution worker Thread 6,5,main]) started.
[        ] > Task :share_plus:compileReleaseJavaWithJavac UP-TO-DATE
[        ] Custom actions are attached to task ':share_plus:compileReleaseJavaWithJavac'.
[        ] Caching disabled for task ':share_plus:compileReleaseJavaWithJavac' because:
[        ]   Build cache is disabled
[        ] Skipping task ':share_plus:compileReleaseJavaWithJavac' as it is up-to-date.
[        ] No compile result for :share_plus:compileReleaseJavaWithJavac
[        ] No compile result for :share_plus:compileReleaseJavaWithJavac
[        ] Resolve mutations for :share_plus:mergeReleaseGeneratedProguardFiles (Thread[#895,Execution worker Thread 6,5,main]) started.
[        ] :share_plus:mergeReleaseGeneratedProguardFiles (Thread[#895,Execution worker Thread 6,5,main]) started.
[        ] > Task :share_plus:mergeReleaseGeneratedProguardFiles UP-TO-DATE
[        ] Caching disabled for task ':share_plus:mergeReleaseGeneratedProguardFiles' because:
[        ]   Build cache is disabled
[        ]   Simple merging task
[        ] Skipping task ':share_plus:mergeReleaseGeneratedProguardFiles' as it is up-to-date.
[        ] Resolve mutations for :share_plus:exportReleaseConsumerProguardFiles (Thread[#895,Execution worker Thread 6,5,main]) started.
[        ] :share_plus:exportReleaseConsumerProguardFiles (Thread[#895,Execution worker Thread 6,5,main]) started.
[        ] > Task :share_plus:exportReleaseConsumerProguardFiles UP-TO-DATE
[        ] Caching disabled for task ':share_plus:exportReleaseConsumerProguardFiles' because:
[        ]   Build cache is disabled
[        ]   Caching has been disabled for the task
[        ] Skipping task ':share_plus:exportReleaseConsumerProguardFiles' as it is up-to-date.
[        ] work action resolve exportReleaseConsumerProguardFiles (project :share_plus) (Thread[#895,Execution worker Thread 6,5,main]) started.
[        ] FilterShrinkerRulesTransform (Thread[#895,Execution worker Thread 6,5,main]) started.
[        ] Resolve mutations for :shared_preferences_android:checkKotlinGradlePluginConfigurationErrors (Thread[#899,Execution worker Thread 10,5,main]) started.
[        ] :shared_preferences_android:checkKotlinGradlePluginConfigurationErrors (Thread[#899,Execution worker Thread 10,5,main]) started.
[        ] > Transform exportReleaseConsumerProguardFiles (project :share_plus) with FilterShrinkerRulesTransform
[        ] Transforming exportReleaseConsumerProguardFiles (project :share_plus) with FilterShrinkerRulesTransform
[        ] > Task :shared_preferences_android:checkKotlinGradlePluginConfigurationErrors SKIPPED
[        ] Skipping task ':shared_preferences_android:checkKotlinGradlePluginConfigurationErrors' as task onlyIf 'errorDiagnostics are present' is false.
[        ] Resolve mutations for :shared_preferences_android:preBuild (Thread[#899,Execution worker Thread 10,5,main]) started.
[        ] :shared_preferences_android:preBuild (Thread[#897,Execution worker Thread 8,5,main]) started.
[        ] > Task :shared_preferences_android:preBuild UP-TO-DATE
[        ] Skipping task ':shared_preferences_android:preBuild' as it has no actions.
[        ] Resolve mutations for :shared_preferences_android:preReleaseBuild (Thread[#897,Execution worker Thread 8,5,main]) started.
[        ] :shared_preferences_android:preReleaseBuild (Thread[#897,Execution worker Thread 8,5,main]) started.
[        ] > Task :shared_preferences_android:preReleaseBuild UP-TO-DATE
[        ] Skipping task ':shared_preferences_android:preReleaseBuild' as it has no actions.
[        ] Resolve mutations for :shared_preferences_android:generateReleaseBuildConfig (Thread[#897,Execution worker Thread 8,5,main]) started.
[        ] :shared_preferences_android:generateReleaseBuildConfig (Thread[#891,Execution worker Thread 2,5,main]) started.
[        ] > Task :shared_preferences_android:generateReleaseBuildConfig UP-TO-DATE
[        ] Caching disabled for task ':shared_preferences_android:generateReleaseBuildConfig' because:
[        ]   Build cache is disabled
[        ] Skipping task ':shared_preferences_android:generateReleaseBuildConfig' as it is up-to-date.
[        ] Resolve mutations for :shared_preferences_android:generateReleaseResValues (Thread[#891,Execution worker Thread 2,5,main]) started.
[        ] :shared_preferences_android:generateReleaseResValues (Thread[#891,Execution worker Thread 2,5,main]) started.
[        ] > Task :shared_preferences_android:generateReleaseResValues UP-TO-DATE
[        ] Caching disabled for task ':shared_preferences_android:generateReleaseResValues' because:
[        ]   Build cache is disabled
[        ] Skipping task ':shared_preferences_android:generateReleaseResValues' as it is up-to-date.
[        ] Resolve mutations for :shared_preferences_android:generateReleaseResources (Thread[#891,Execution worker Thread 2,5,main]) started.
[        ] :shared_preferences_android:generateReleaseResources (Thread[#891,Execution worker Thread 2,5,main]) started.
[        ] > Task :shared_preferences_android:generateReleaseResources UP-TO-DATE
[        ] Caching disabled for task ':shared_preferences_android:generateReleaseResources' because:
[        ]   Build cache is disabled
[        ] Skipping task ':shared_preferences_android:generateReleaseResources' as it is up-to-date.
[        ] Resolve mutations for :shared_preferences_android:packageReleaseResources (Thread[#891,Execution worker Thread 2,5,main]) started.
[        ] :shared_preferences_android:packageReleaseResources (Thread[#891,Execution worker Thread 2,5,main]) started.
[        ] > Task :shared_preferences_android:packageReleaseResources UP-TO-DATE
[        ] Caching disabled for task ':shared_preferences_android:packageReleaseResources' because:
[        ]   Build cache is disabled
[        ] Skipping task ':shared_preferences_android:packageReleaseResources' as it is up-to-date.
[        ] work action resolve packageReleaseResources (project :shared_preferences_android) (Thread[#891,Execution worker Thread 2,5,main]) started.
[        ] Resolve mutations for :shared_preferences_android:parseReleaseLocalResources (Thread[#891,Execution worker Thread 2,5,main]) started.
[        ] :shared_preferences_android:parseReleaseLocalResources (Thread[#891,Execution worker Thread 2,5,main]) started.
[        ] > Task :shared_preferences_android:parseReleaseLocalResources UP-TO-DATE
[        ] Transforming android.jar with PlatformAttrTransform
[        ] Transforming android.jar with PlatformAttrTransform
[        ] Caching disabled for task ':shared_preferences_android:parseReleaseLocalResources' because:
[        ]   Build cache is disabled
[        ] Skipping task ':shared_preferences_android:parseReleaseLocalResources' as it is up-to-date.
[        ] Resolve mutations for :shared_preferences_android:generateReleaseRFile (Thread[#896,Execution worker Thread 7,5,main]) started.
[        ] :shared_preferences_android:generateReleaseRFile (Thread[#900,Execution worker Thread 11,5,main]) started.
[ +159 ms] > Task :shared_preferences_android:generateReleaseRFile UP-TO-DATE
[        ] Transforming drawerlayout-1.0.0.aar (androidx.drawerlayout:drawerlayout:1.0.0) with JetifyTransform
[        ] Transforming drawerlayout-1.0.0.aar (androidx.drawerlayout:drawerlayout:1.0.0) with ExtractAarTransform
[        ] Transforming drawerlayout-1.0.0.aar (androidx.drawerlayout:drawerlayout:1.0.0) with LibrarySymbolTableTransform
[        ] Transforming fragment-1.7.1.aar (androidx.fragment:fragment:1.7.1) with JetifyTransform
[        ] Transforming datastore-core-release.aar (androidx.datastore:datastore-core-android:1.1.3) with JetifyTransform
[        ] Transforming fragment-1.7.1.aar (androidx.fragment:fragment:1.7.1) with ExtractAarTransform
[        ] Transforming datastore-core-release.aar (androidx.datastore:datastore-core-android:1.1.3) with ExtractAarTransform
[        ] Transforming fragment-1.7.1.aar (androidx.fragment:fragment:1.7.1) with LibrarySymbolTableTransform
[        ] Transforming datastore-preferences-release.aar (androidx.datastore:datastore-preferences-android:1.1.3) with JetifyTransform
[        ] Transforming fragment-1.7.1.aar (androidx.fragment:fragment:1.7.1) with JetifyTransform
[        ] Transforming datastore-core-release.aar (androidx.datastore:datastore-core-android:1.1.3) with LibrarySymbolTableTransform
[        ] Transforming datastore-release.aar (androidx.datastore:datastore-android:1.1.3) with JetifyTransform
[        ] Transforming fragment-1.7.1.aar (androidx.fragment:fragment:1.7.1) with ExtractAarTransform
[        ] Transforming datastore-preferences-release.aar (androidx.datastore:datastore-preferences-android:1.1.3) with ExtractAarTransform
[        ] Transforming datastore-release.aar (androidx.datastore:datastore-android:1.1.3) with ExtractAarTransform
[        ] Transforming appcompat-1.1.0.aar (androidx.appcompat:appcompat:1.1.0) with JetifyTransform
[        ] Transforming datastore-release.aar (androidx.datastore:datastore-android:1.1.3) with LibrarySymbolTableTransform
[        ] Transforming preference-1.2.1.aar (androidx.preference:preference:1.2.1) with JetifyTransform
[        ] Transforming appcompat-1.1.0.aar (androidx.appcompat:appcompat:1.1.0) with ExtractAarTransform
[        ] Transforming fragment-1.7.1.aar (androidx.fragment:fragment:1.7.1) with LibrarySymbolTableTransform
[        ] Transforming appcompat-1.1.0.aar (androidx.appcompat:appcompat:1.1.0) with LibrarySymbolTableTransform
[        ] Transforming datastore-preferences-release.aar (androidx.datastore:datastore-preferences-android:1.1.3) with LibrarySymbolTableTransform
[        ] Transforming activity-1.8.1.aar (androidx.activity:activity:1.8.1) with JetifyTransform
[        ] Transforming recyclerview-1.0.0.aar (androidx.recyclerview:recyclerview:1.0.0) with JetifyTransform
[        ] Transforming preference-1.2.1.aar (androidx.preference:preference:1.2.1) with ExtractAarTransform
[        ] Transforming recyclerview-1.0.0.aar (androidx.recyclerview:recyclerview:1.0.0) with ExtractAarTransform
[        ] Transforming preference-1.2.1.aar (androidx.preference:preference:1.2.1) with LibrarySymbolTableTransform
[        ] Transforming legacy-support-core-ui-1.0.0.aar (androidx.legacy:legacy-support-core-ui:1.0.0) with JetifyTransform
[        ] Transforming activity-1.8.1.aar (androidx.activity:activity:1.8.1) with ExtractAarTransform
[        ] Transforming activity-ktx-1.8.1.aar (androidx.activity:activity-ktx:1.8.1) with JetifyTransform
[        ] Transforming recyclerview-1.0.0.aar (androidx.recyclerview:recyclerview:1.0.0) with LibrarySymbolTableTransform
[        ] Transforming activity-1.8.1.aar (androidx.activity:activity:1.8.1) with LibrarySymbolTableTransform
[        ] Transforming legacy-support-core-ui-1.0.0.aar (androidx.legacy:legacy-support-core-ui:1.0.0) with ExtractAarTransform
[        ] Transforming loader-1.0.0.aar (androidx.loader:loader:1.0.0) with JetifyTransform
[        ] Transforming legacy-support-core-ui-1.0.0.aar (androidx.legacy:legacy-support-core-ui:1.0.0) with LibrarySymbolTableTransform
[        ] Transforming activity-ktx-1.8.1.aar (androidx.activity:activity-ktx:1.8.1) with ExtractAarTransform
[        ] Transforming activity-ktx-1.8.1.aar (androidx.activity:activity-ktx:1.8.1) with LibrarySymbolTableTransform
[        ] Transforming fragment-ktx-1.7.1.aar (androidx.fragment:fragment-ktx:1.7.1) with JetifyTransform
[        ] Transforming legacy-support-core-utils-1.0.0.aar (androidx.legacy:legacy-support-core-utils:1.0.0) with JetifyTransform
[        ] Transforming legacy-support-core-utils-1.0.0.aar (androidx.legacy:legacy-support-core-utils:1.0.0) with ExtractAarTransform
[        ] Transforming legacy-support-core-utils-1.0.0.aar (androidx.legacy:legacy-support-core-utils:1.0.0) with LibrarySymbolTableTransform
[        ] Transforming loader-1.0.0.aar (androidx.loader:loader:1.0.0) with ExtractAarTransform
[        ] Transforming appcompat-resources-1.1.0.aar (androidx.appcompat:appcompat-resources:1.1.0) with JetifyTransform
[        ] Transforming fragment-ktx-1.7.1.aar (androidx.fragment:fragment-ktx:1.7.1) with ExtractAarTransform
[        ] Transforming loader-1.0.0.aar (androidx.loader:loader:1.0.0) with LibrarySymbolTableTransform
[        ] Transforming fragment-ktx-1.7.1.aar (androidx.fragment:fragment-ktx:1.7.1) with LibrarySymbolTableTransform
[        ] Transforming loader-1.0.0.aar (androidx.loader:loader:1.0.0) with JetifyTransform
[        ] Transforming loader-1.0.0.aar (androidx.loader:loader:1.0.0) with ExtractAarTransform
[        ] Transforming loader-1.0.0.aar (androidx.loader:loader:1.0.0) with LibrarySymbolTableTransform
[        ] Transforming appcompat-resources-1.1.0.aar (androidx.appcompat:appcompat-resources:1.1.0) with ExtractAarTransform
[        ] Transforming lifecycle-livedata-2.7.0.aar (androidx.lifecycle:lifecycle-livedata:2.7.0) with JetifyTransform
[        ] Transforming appcompat-resources-1.1.0.aar (androidx.appcompat:appcompat-resources:1.1.0) with LibrarySymbolTableTransform
[        ] Transforming lifecycle-livedata-2.7.0.aar (androidx.lifecycle:lifecycle-livedata:2.7.0) with ExtractAarTransform
[        ] Transforming lifecycle-livedata-2.7.0.aar (androidx.lifecycle:lifecycle-livedata:2.7.0) with LibrarySymbolTableTransform
[        ] Transforming lifecycle-viewmodel-2.7.0.aar (androidx.lifecycle:lifecycle-viewmodel:2.7.0) with JetifyTransform
[        ] Transforming lifecycle-viewmodel-2.7.0.aar (androidx.lifecycle:lifecycle-viewmodel:2.7.0) with ExtractAarTransform
[        ] Transforming lifecycle-viewmodel-2.7.0.aar (androidx.lifecycle:lifecycle-viewmodel:2.7.0) with LibrarySymbolTableTransform
[        ] Transforming lifecycle-viewmodel-2.7.0.aar (androidx.lifecycle:lifecycle-viewmodel:2.7.0) with JetifyTransform
[        ] Transforming lifecycle-viewmodel-2.7.0.aar (androidx.lifecycle:lifecycle-viewmodel:2.7.0) with ExtractAarTransform
[        ] Transforming lifecycle-viewmodel-2.7.0.aar (androidx.lifecycle:lifecycle-viewmodel:2.7.0) with LibrarySymbolTableTransform
[        ] Transforming lifecycle-livedata-core-2.7.0.aar (androidx.lifecycle:lifecycle-livedata-core:2.7.0) with JetifyTransform
[        ] Transforming lifecycle-livedata-core-2.7.0.aar (androidx.lifecycle:lifecycle-livedata-core:2.7.0) with ExtractAarTransform
[        ] Transforming lifecycle-livedata-core-2.7.0.aar (androidx.lifecycle:lifecycle-livedata-core:2.7.0) with LibrarySymbolTableTransform
[        ] Transforming lifecycle-livedata-core-ktx-2.7.0.aar (androidx.lifecycle:lifecycle-livedata-core-ktx:2.7.0) with JetifyTransform
[        ] Transforming lifecycle-livedata-core-ktx-2.7.0.aar (androidx.lifecycle:lifecycle-livedata-core-ktx:2.7.0) with ExtractAarTransform
[        ] Transforming lifecycle-livedata-core-ktx-2.7.0.aar (androidx.lifecycle:lifecycle-livedata-core-ktx:2.7.0) with LibrarySymbolTableTransform
[        ] Transforming lifecycle-process-2.7.0.aar (androidx.lifecycle:lifecycle-process:2.7.0) with JetifyTransform
[        ] Transforming lifecycle-process-2.7.0.aar (androidx.lifecycle:lifecycle-process:2.7.0) with ExtractAarTransform
[        ] Transforming lifecycle-process-2.7.0.aar (androidx.lifecycle:lifecycle-process:2.7.0) with LibrarySymbolTableTransform
[        ] Transforming lifecycle-runtime-2.7.0.aar (androidx.lifecycle:lifecycle-runtime:2.7.0) with JetifyTransform
[        ] Transforming lifecycle-runtime-2.7.0.aar (androidx.lifecycle:lifecycle-runtime:2.7.0) with ExtractAarTransform
[        ] Transforming lifecycle-runtime-2.7.0.aar (androidx.lifecycle:lifecycle-runtime:2.7.0) with LibrarySymbolTableTransform
[        ] Transforming lifecycle-viewmodel-savedstate-2.7.0.aar (androidx.lifecycle:lifecycle-viewmodel-savedstate:2.7.0) with JetifyTransform
[        ] Transforming lifecycle-runtime-ktx-2.7.0.aar (androidx.lifecycle:lifecycle-runtime-ktx:2.7.0) with JetifyTransform
[        ] Transforming lifecycle-runtime-ktx-2.7.0.aar (androidx.lifecycle:lifecycle-runtime-ktx:2.7.0) with ExtractAarTransform
[        ] Transforming lifecycle-runtime-ktx-2.7.0.aar (androidx.lifecycle:lifecycle-runtime-ktx:2.7.0) with LibrarySymbolTableTransform
[        ] Transforming lifecycle-viewmodel-ktx-2.7.0.aar (androidx.lifecycle:lifecycle-viewmodel-ktx:2.7.0) with JetifyTransform
[        ] Transforming lifecycle-viewmodel-ktx-2.7.0.aar (androidx.lifecycle:lifecycle-viewmodel-ktx:2.7.0) with ExtractAarTransform
[        ] Transforming lifecycle-viewmodel-ktx-2.7.0.aar (androidx.lifecycle:lifecycle-viewmodel-ktx:2.7.0) with LibrarySymbolTableTransform
[        ] Transforming lifecycle-viewmodel-savedstate-2.7.0.aar (androidx.lifecycle:lifecycle-viewmodel-savedstate:2.7.0) with ExtractAarTransform
[        ] Transforming lifecycle-viewmodel-savedstate-2.7.0.aar (androidx.lifecycle:lifecycle-viewmodel-savedstate:2.7.0) with LibrarySymbolTableTransform
[        ] Transforming core-ktx-1.13.1.aar (androidx.core:core-ktx:1.13.1) with JetifyTransform
[        ] Transforming core-ktx-1.13.1.aar (androidx.core:core-ktx:1.13.1) with ExtractAarTransform
[        ] Transforming core-ktx-1.13.1.aar (androidx.core:core-ktx:1.13.1) with LibrarySymbolTableTransform
[        ] Transforming viewpager-1.0.0.aar (androidx.viewpager:viewpager:1.0.0) with JetifyTransform
[        ] Transforming viewpager-1.0.0.aar (androidx.viewpager:viewpager:1.0.0) with ExtractAarTransform
[        ] Transforming viewpager-1.0.0.aar (androidx.viewpager:viewpager:1.0.0) with LibrarySymbolTableTransform
[        ] Transforming viewpager-1.0.0.aar (androidx.viewpager:viewpager:1.0.0) with JetifyTransform
[        ] Transforming viewpager-1.0.0.aar (androidx.viewpager:viewpager:1.0.0) with ExtractAarTransform
[        ] Transforming viewpager-1.0.0.aar (androidx.viewpager:viewpager:1.0.0) with LibrarySymbolTableTransform
[        ] Transforming slidingpanelayout-1.2.0.aar (androidx.slidingpanelayout:slidingpanelayout:1.2.0) with JetifyTransform
[        ] Transforming vectordrawable-animated-1.1.0.aar (androidx.vectordrawable:vectordrawable-animated:1.1.0) with JetifyTransform
[        ] Transforming slidingpanelayout-1.2.0.aar (androidx.slidingpanelayout:slidingpanelayout:1.2.0) with JetifyTransform
[        ] Transforming vectordrawable-animated-1.1.0.aar (androidx.vectordrawable:vectordrawable-animated:1.1.0) with ExtractAarTransform
[        ] Transforming slidingpanelayout-1.2.0.aar (androidx.slidingpanelayout:slidingpanelayout:1.2.0) with ExtractAarTransform
[        ] Transforming vectordrawable-animated-1.1.0.aar (androidx.vectordrawable:vectordrawable-animated:1.1.0) with LibrarySymbolTableTransform
[        ] Transforming slidingpanelayout-1.2.0.aar (androidx.slidingpanelayout:slidingpanelayout:1.2.0) with LibrarySymbolTableTransform
[        ] Transforming slidingpanelayout-1.2.0.aar (androidx.slidingpanelayout:slidingpanelayout:1.2.0) with ExtractAarTransform
[        ] Transforming vectordrawable-1.1.0.aar (androidx.vectordrawable:vectordrawable:1.1.0) with JetifyTransform
[        ] Transforming coordinatorlayout-1.0.0.aar (androidx.coordinatorlayout:coordinatorlayout:1.0.0) with JetifyTransform
[        ] Transforming vectordrawable-1.1.0.aar (androidx.vectordrawable:vectordrawable:1.1.0) with ExtractAarTransform
[        ] Transforming slidingpanelayout-1.2.0.aar (androidx.slidingpanelayout:slidingpanelayout:1.2.0) with LibrarySymbolTableTransform
[        ] Transforming vectordrawable-1.1.0.aar (androidx.vectordrawable:vectordrawable:1.1.0) with LibrarySymbolTableTransform
[        ] Transforming customview-1.1.0.aar (androidx.customview:customview:1.1.0) with JetifyTransform
[        ] Transforming coordinatorlayout-1.0.0.aar (androidx.coordinatorlayout:coordinatorlayout:1.0.0) with ExtractAarTransform
[        ] Transforming customview-1.1.0.aar (androidx.customview:customview:1.1.0) with JetifyTransform
[        ] Transforming coordinatorlayout-1.0.0.aar (androidx.coordinatorlayout:coordinatorlayout:1.0.0) with LibrarySymbolTableTransform
[        ] Transforming customview-1.1.0.aar (androidx.customview:customview:1.1.0) with ExtractAarTransform
[        ] Transforming customview-1.1.0.aar (androidx.customview:customview:1.1.0) with JetifyTransform
[        ] Transforming customview-1.1.0.aar (androidx.customview:customview:1.1.0) with LibrarySymbolTableTransform
[        ] Transforming customview-1.1.0.aar (androidx.customview:customview:1.1.0) with ExtractAarTransform
[        ] Transforming customview-1.1.0.aar (androidx.customview:customview:1.1.0) with JetifyTransform
[        ] Transforming customview-1.1.0.aar (androidx.customview:customview:1.1.0) with JetifyTransform
[        ] Transforming asynclayoutinflater-1.0.0.aar (androidx.asynclayoutinflater:asynclayoutinflater:1.0.0) with JetifyTransform
[        ] Transforming customview-1.1.0.aar (androidx.customview:customview:1.1.0) with ExtractAarTransform
[        ] Transforming asynclayoutinflater-1.0.0.aar (androidx.asynclayoutinflater:asynclayoutinflater:1.0.0) with ExtractAarTransform
[        ] Transforming customview-1.1.0.aar (androidx.customview:customview:1.1.0) with LibrarySymbolTableTransform
[        ] Transforming asynclayoutinflater-1.0.0.aar (androidx.asynclayoutinflater:asynclayoutinflater:1.0.0) with LibrarySymbolTableTransform
[        ] Transforming customview-1.1.0.aar (androidx.customview:customview:1.1.0) with LibrarySymbolTableTransform
[        ] Transforming core-1.13.1.aar (androidx.core:core:1.13.1) with JetifyTransform
[        ] Transforming customview-1.1.0.aar (androidx.customview:customview:1.1.0) with ExtractAarTransform
[        ] Transforming core-1.13.1.aar (androidx.core:core:1.13.1) with ExtractAarTransform
[        ] Transforming customview-1.1.0.aar (androidx.customview:customview:1.1.0) with LibrarySymbolTableTransform
[        ] Transforming core-1.13.1.aar (androidx.core:core:1.13.1) with LibrarySymbolTableTransform
[        ] Transforming swiperefreshlayout-1.0.0.aar (androidx.swiperefreshlayout:swiperefreshlayout:1.0.0) with JetifyTransform
[        ] Transforming customview-1.1.0.aar (androidx.customview:customview:1.1.0) with ExtractAarTransform
[        ] Transforming swiperefreshlayout-1.0.0.aar (androidx.swiperefreshlayout:swiperefreshlayout:1.0.0) with ExtractAarTransform
[        ] Transforming customview-1.1.0.aar (androidx.customview:customview:1.1.0) with LibrarySymbolTableTransform
[        ] Transforming swiperefreshlayout-1.0.0.aar (androidx.swiperefreshlayout:swiperefreshlayout:1.0.0) with LibrarySymbolTableTransform
[        ] Transforming core-1.13.1.aar (androidx.core:core:1.13.1) with JetifyTransform
[        ] Transforming core-1.13.1.aar (androidx.core:core:1.13.1) with ExtractAarTransform
[        ] Transforming core-1.13.1.aar (androidx.core:core:1.13.1) with LibrarySymbolTableTransform
[        ] Transforming window-1.2.0.aar (androidx.window:window:1.2.0) with JetifyTransform
[        ] Transforming window-1.2.0.aar (androidx.window:window:1.2.0) with ExtractAarTransform
[        ] Transforming window-1.2.0.aar (androidx.window:window:1.2.0) with LibrarySymbolTableTransform
[        ] Transforming window-java-1.2.0.aar (androidx.window:window-java:1.2.0) with JetifyTransform
[        ] Transforming window-java-1.2.0.aar (androidx.window:window-java:1.2.0) with ExtractAarTransform
[        ] Transforming window-java-1.2.0.aar (androidx.window:window-java:1.2.0) with LibrarySymbolTableTransform
[        ] Transforming cursoradapter-1.0.0.aar (androidx.cursoradapter:cursoradapter:1.0.0) with JetifyTransform
[        ] Transforming cursoradapter-1.0.0.aar (androidx.cursoradapter:cursoradapter:1.0.0) with ExtractAarTransform
[        ] Transforming cursoradapter-1.0.0.aar (androidx.cursoradapter:cursoradapter:1.0.0) with LibrarySymbolTableTransform
[        ] Transforming versionedparcelable-1.1.1.aar (androidx.versionedparcelable:versionedparcelable:1.1.1) with JetifyTransform
[        ] Transforming versionedparcelable-1.1.1.aar (androidx.versionedparcelable:versionedparcelable:1.1.1) with ExtractAarTransform
[        ] Transforming versionedparcelable-1.1.1.aar (androidx.versionedparcelable:versionedparcelable:1.1.1) with LibrarySymbolTableTransform
[        ] Transforming core-runtime-2.2.0.aar (androidx.arch.core:core-runtime:2.2.0) with JetifyTransform
[        ] Transforming core-runtime-2.2.0.aar (androidx.arch.core:core-runtime:2.2.0) with ExtractAarTransform
[        ] Transforming core-runtime-2.2.0.aar (androidx.arch.core:core-runtime:2.2.0) with LibrarySymbolTableTransform
[        ] Transforming savedstate-1.2.1.aar (androidx.savedstate:savedstate:1.2.1) with JetifyTransform
[        ] Transforming savedstate-1.2.1.aar (androidx.savedstate:savedstate:1.2.1) with ExtractAarTransform
[        ] Transforming savedstate-1.2.1.aar (androidx.savedstate:savedstate:1.2.1) with LibrarySymbolTableTransform
[        ] Transforming interpolator-1.0.0.aar (androidx.interpolator:interpolator:1.0.0) with JetifyTransform
[        ] Transforming interpolator-1.0.0.aar (androidx.interpolator:interpolator:1.0.0) with ExtractAarTransform
[        ] Transforming interpolator-1.0.0.aar (androidx.interpolator:interpolator:1.0.0) with LibrarySymbolTableTransform
[        ] Transforming savedstate-ktx-1.2.1.aar (androidx.savedstate:savedstate-ktx:1.2.1) with JetifyTransform
[        ] Transforming annotation-experimental-1.4.0.aar (androidx.annotation:annotation-experimental:1.4.0) with JetifyTransform
[        ] Transforming annotation-experimental-1.4.0.aar (androidx.annotation:annotation-experimental:1.4.0) with ExtractAarTransform
[        ] Transforming annotation-experimental-1.4.0.aar (androidx.annotation:annotation-experimental:1.4.0) with LibrarySymbolTableTransform
[        ] Transforming startup-runtime-1.1.1.aar (androidx.startup:startup-runtime:1.1.1) with JetifyTransform
[        ] Transforming startup-runtime-1.1.1.aar (androidx.startup:startup-runtime:1.1.1) with ExtractAarTransform
[        ] Transforming startup-runtime-1.1.1.aar (androidx.startup:startup-runtime:1.1.1) with LibrarySymbolTableTransform
[        ] Transforming tracing-1.2.0.aar (androidx.tracing:tracing:1.2.0) with JetifyTransform
[        ] Transforming savedstate-ktx-1.2.1.aar (androidx.savedstate:savedstate-ktx:1.2.1) with ExtractAarTransform
[        ] Transforming tracing-1.2.0.aar (androidx.tracing:tracing:1.2.0) with ExtractAarTransform
[        ] Transforming tracing-1.2.0.aar (androidx.tracing:tracing:1.2.0) with LibrarySymbolTableTransform
[        ] Transforming savedstate-ktx-1.2.1.aar (androidx.savedstate:savedstate-ktx:1.2.1) with LibrarySymbolTableTransform
[        ] Transforming documentfile-1.0.0.aar (androidx.documentfile:documentfile:1.0.0) with JetifyTransform
[        ] Transforming localbroadcastmanager-1.0.0.aar (androidx.localbroadcastmanager:localbroadcastmanager:1.0.0) with JetifyTransform
[        ] Transforming documentfile-1.0.0.aar (androidx.documentfile:documentfile:1.0.0) with ExtractAarTransform
[        ] Transforming localbroadcastmanager-1.0.0.aar (androidx.localbroadcastmanager:localbroadcastmanager:1.0.0) with ExtractAarTransform
[        ] Transforming localbroadcastmanager-1.0.0.aar (androidx.localbroadcastmanager:localbroadcastmanager:1.0.0) with LibrarySymbolTableTransform
[        ] Transforming relinker-1.4.5.aar (com.getkeepsafe.relinker:relinker:1.4.5) with JetifyTransform
[        ] Transforming print-1.0.0.aar (androidx.print:print:1.0.0) with JetifyTransform
[        ] Transforming documentfile-1.0.0.aar (androidx.documentfile:documentfile:1.0.0) with LibrarySymbolTableTransform
[        ] Transforming print-1.0.0.aar (androidx.print:print:1.0.0) with ExtractAarTransform
[        ] Transforming relinker-1.4.5.aar (com.getkeepsafe.relinker:relinker:1.4.5) with ExtractAarTransform
[        ] Transforming print-1.0.0.aar (androidx.print:print:1.0.0) with LibrarySymbolTableTransform
[        ] Transforming relinker-1.4.5.aar (com.getkeepsafe.relinker:relinker:1.4.5) with LibrarySymbolTableTransform
[        ] Transforming android.jar with PlatformAttrTransform
[        ] Caching disabled for task ':shared_preferences_android:generateReleaseRFile' because:
[        ]   Build cache is disabled
[        ] Skipping task ':shared_preferences_android:generateReleaseRFile' as it is up-to-date.
[        ] work action resolve package-aware-r.txt (project :shared_preferences_android) (Thread[#900,Execution worker Thread 11,5,main]) started.
[        ] Resolve mutations for :shared_preferences_android:compileReleaseKotlin (Thread[#900,Execution worker Thread 11,5,main]) started.
[        ] :shared_preferences_android:compileReleaseKotlin (Thread[#900,Execution worker Thread 11,5,main]) started.
[        ] > Task :shared_preferences_android:compileReleaseKotlin UP-TO-DATE
[        ] Transforming datastore-core-release.aar (androidx.datastore:datastore-core-android:1.1.3) with JetifyTransform
[        ] Transforming datastore-core-okio-jvm-1.1.3.jar (androidx.datastore:datastore-core-okio-jvm:1.1.3) with JetifyTransform
[        ] Transforming datastore-core-release.aar (androidx.datastore:datastore-core-android:1.1.3) with AarToClassTransform
[        ] Transforming datastore-preferences-core-jvm-1.1.3.jar (androidx.datastore:datastore-preferences-core-jvm:1.1.3) with JetifyTransform
[        ] Transforming datastore-preferences-core-jvm-1.1.3.jar (androidx.datastore:datastore-preferences-core-jvm:1.1.3) with IdentityTransform
[        ] Transforming datastore-core-okio-jvm-1.1.3.jar (androidx.datastore:datastore-core-okio-jvm:1.1.3) with IdentityTransform
[        ] Transforming datastore-preferences-release.aar (androidx.datastore:datastore-preferences-android:1.1.3) with JetifyTransform
[        ] Transforming datastore-preferences-release.aar (androidx.datastore:datastore-preferences-android:1.1.3) with AarToClassTransform
[        ] Transforming datastore-release.aar (androidx.datastore:datastore-android:1.1.3) with JetifyTransform
[        ] Transforming datastore-release.aar (androidx.datastore:datastore-android:1.1.3) with AarToClassTransform
[        ] Transforming preference-1.2.1.aar (androidx.preference:preference:1.2.1) with JetifyTransform
[        ] Transforming preference-1.2.1.aar (androidx.preference:preference:1.2.1) with AarToClassTransform
[        ] Transforming flutter_embedding_release-1.0.0-a8bfdfc394deaed5c57bd45a64ac4294dc976a72.jar (io.flutter:flutter_embedding_release:1.0.0-a8bfdfc394deaed5c57bd45a64ac4294dc976a72) with JetifyTransform
[        ] Transforming flutter_embedding_release-1.0.0-a8bfdfc394deaed5c57bd45a64ac4294dc976a72.jar (io.flutter:flutter_embedding_release:1.0.0-a8bfdfc394deaed5c57bd45a64ac4294dc976a72) with IdentityTransform
[        ] Transforming appcompat-1.1.0.aar (androidx.appcompat:appcompat:1.1.0) with JetifyTransform
[        ] Transforming appcompat-1.1.0.aar (androidx.appcompat:appcompat:1.1.0) with AarToClassTransform
[        ] Transforming recyclerview-1.0.0.aar (androidx.recyclerview:recyclerview:1.0.0) with JetifyTransform
[        ] Transforming recyclerview-1.0.0.aar (androidx.recyclerview:recyclerview:1.0.0) with AarToClassTransform
[        ] Transforming appcompat-resources-1.1.0.aar (androidx.appcompat:appcompat-resources:1.1.0) with JetifyTransform
[        ] Transforming appcompat-resources-1.1.0.aar (androidx.appcompat:appcompat-resources:1.1.0) with AarToClassTransform
[        ] Transforming legacy-support-core-ui-1.0.0.aar (androidx.legacy:legacy-support-core-ui:1.0.0) with JetifyTransform
[        ] Transforming legacy-support-core-ui-1.0.0.aar (androidx.legacy:legacy-support-core-ui:1.0.0) with AarToClassTransform
[        ] Transforming drawerlayout-1.0.0.aar (androidx.drawerlayout:drawerlayout:1.0.0) with JetifyTransform
[        ] Transforming drawerlayout-1.0.0.aar (androidx.drawerlayout:drawerlayout:1.0.0) with AarToClassTransform
[        ] Transforming fragment-1.7.1.aar (androidx.fragment:fragment:1.7.1) with JetifyTransform
[        ] Transforming fragment-1.7.1.aar (androidx.fragment:fragment:1.7.1) with AarToClassTransform
[        ] Transforming fragment-1.7.1.aar (androidx.fragment:fragment:1.7.1) with JetifyTransform
[        ] Transforming fragment-1.7.1.aar (androidx.fragment:fragment:1.7.1) with AarToClassTransform
[        ] Transforming fragment-ktx-1.7.1.aar (androidx.fragment:fragment-ktx:1.7.1) with JetifyTransform
[        ] Transforming fragment-ktx-1.7.1.aar (androidx.fragment:fragment-ktx:1.7.1) with AarToClassTransform
[        ] Transforming activity-ktx-1.8.1.aar (androidx.activity:activity-ktx:1.8.1) with JetifyTransform
[        ] Transforming activity-ktx-1.8.1.aar (androidx.activity:activity-ktx:1.8.1) with AarToClassTransform
[        ] Transforming activity-1.8.1.aar (androidx.activity:activity:1.8.1) with JetifyTransform
[        ] Transforming activity-1.8.1.aar (androidx.activity:activity:1.8.1) with AarToClassTransform
[        ] Transforming legacy-support-core-utils-1.0.0.aar (androidx.legacy:legacy-support-core-utils:1.0.0) with JetifyTransform
[        ] Transforming legacy-support-core-utils-1.0.0.aar (androidx.legacy:legacy-support-core-utils:1.0.0) with AarToClassTransform
[        ] Transforming loader-1.0.0.aar (androidx.loader:loader:1.0.0) with JetifyTransform
[        ] Transforming loader-1.0.0.aar (androidx.loader:loader:1.0.0) with AarToClassTransform
[        ] Transforming loader-1.0.0.aar (androidx.loader:loader:1.0.0) with JetifyTransform
[        ] Transforming loader-1.0.0.aar (androidx.loader:loader:1.0.0) with AarToClassTransform
[        ] Transforming lifecycle-livedata-2.7.0.aar (androidx.lifecycle:lifecycle-livedata:2.7.0) with JetifyTransform
[        ] Transforming lifecycle-livedata-2.7.0.aar (androidx.lifecycle:lifecycle-livedata:2.7.0) with AarToClassTransform
[        ] Transforming lifecycle-viewmodel-2.7.0.aar (androidx.lifecycle:lifecycle-viewmodel:2.7.0) with JetifyTransform
[        ] Transforming lifecycle-viewmodel-2.7.0.aar (androidx.lifecycle:lifecycle-viewmodel:2.7.0) with AarToClassTransform
[        ] Transforming lifecycle-viewmodel-2.7.0.aar (androidx.lifecycle:lifecycle-viewmodel:2.7.0) with JetifyTransform
[        ] Transforming lifecycle-viewmodel-2.7.0.aar (androidx.lifecycle:lifecycle-viewmodel:2.7.0) with AarToClassTransform
[        ] Transforming lifecycle-livedata-core-2.7.0.aar (androidx.lifecycle:lifecycle-livedata-core:2.7.0) with JetifyTransform
[        ] Transforming lifecycle-livedata-core-2.7.0.aar (androidx.lifecycle:lifecycle-livedata-core:2.7.0) with AarToClassTransform
[        ] Transforming lifecycle-livedata-core-ktx-2.7.0.aar (androidx.lifecycle:lifecycle-livedata-core-ktx:2.7.0) with JetifyTransform
[        ] Transforming lifecycle-livedata-core-ktx-2.7.0.aar (androidx.lifecycle:lifecycle-livedata-core-ktx:2.7.0) with AarToClassTransform
[        ] Transforming lifecycle-viewmodel-ktx-2.7.0.aar (androidx.lifecycle:lifecycle-viewmodel-ktx:2.7.0) with JetifyTransform
[        ] Transforming lifecycle-viewmodel-ktx-2.7.0.aar (androidx.lifecycle:lifecycle-viewmodel-ktx:2.7.0) with AarToClassTransform
[        ] Transforming lifecycle-runtime-ktx-2.7.0.aar (androidx.lifecycle:lifecycle-runtime-ktx:2.7.0) with JetifyTransform
[        ] Transforming lifecycle-runtime-ktx-2.7.0.aar (androidx.lifecycle:lifecycle-runtime-ktx:2.7.0) with AarToClassTransform
[        ] Transforming lifecycle-process-2.7.0.aar (androidx.lifecycle:lifecycle-process:2.7.0) with JetifyTransform
[        ] Transforming lifecycle-process-2.7.0.aar (androidx.lifecycle:lifecycle-process:2.7.0) with AarToClassTransform
[        ] Transforming lifecycle-common-java8-2.7.0.jar (androidx.lifecycle:lifecycle-common-java8:2.7.0) with JetifyTransform
[        ] Transforming lifecycle-common-java8-2.7.0.jar (androidx.lifecycle:lifecycle-common-java8:2.7.0) with IdentityTransform
[        ] Transforming lifecycle-common-2.7.0.jar (androidx.lifecycle:lifecycle-common:2.7.0) with JetifyTransform
[        ] Transforming lifecycle-common-2.7.0.jar (androidx.lifecycle:lifecycle-common:2.7.0) with IdentityTransform
[        ] Transforming lifecycle-runtime-2.7.0.aar (androidx.lifecycle:lifecycle-runtime:2.7.0) with JetifyTransform
[        ] Transforming lifecycle-runtime-2.7.0.aar (androidx.lifecycle:lifecycle-runtime:2.7.0) with AarToClassTransform
[        ] Transforming lifecycle-viewmodel-savedstate-2.7.0.aar (androidx.lifecycle:lifecycle-viewmodel-savedstate:2.7.0) with JetifyTransform
[        ] Transforming lifecycle-viewmodel-savedstate-2.7.0.aar (androidx.lifecycle:lifecycle-viewmodel-savedstate:2.7.0) with AarToClassTransform
[        ] Transforming core-ktx-1.13.1.aar (androidx.core:core-ktx:1.13.1) with JetifyTransform
[        ] Transforming core-ktx-1.13.1.aar (androidx.core:core-ktx:1.13.1) with AarToClassTransform
[        ] Transforming slidingpanelayout-1.2.0.aar (androidx.slidingpanelayout:slidingpanelayout:1.2.0) with JetifyTransform
[        ] Transforming slidingpanelayout-1.2.0.aar (androidx.slidingpanelayout:slidingpanelayout:1.2.0) with AarToClassTransform
[        ] Transforming slidingpanelayout-1.2.0.aar (androidx.slidingpanelayout:slidingpanelayout:1.2.0) with JetifyTransform
[        ] Transforming slidingpanelayout-1.2.0.aar (androidx.slidingpanelayout:slidingpanelayout:1.2.0) with AarToClassTransform
[        ] Transforming viewpager-1.0.0.aar (androidx.viewpager:viewpager:1.0.0) with JetifyTransform
[        ] Transforming viewpager-1.0.0.aar (androidx.viewpager:viewpager:1.0.0) with AarToClassTransform
[        ] Transforming viewpager-1.0.0.aar (androidx.viewpager:viewpager:1.0.0) with JetifyTransform
[        ] Transforming viewpager-1.0.0.aar (androidx.viewpager:viewpager:1.0.0) with AarToClassTransform
[        ] Transforming coordinatorlayout-1.0.0.aar (androidx.coordinatorlayout:coordinatorlayout:1.0.0) with JetifyTransform
[        ] Transforming coordinatorlayout-1.0.0.aar (androidx.coordinatorlayout:coordinatorlayout:1.0.0) with AarToClassTransform
[        ] Transforming customview-1.1.0.aar (androidx.customview:customview:1.1.0) with JetifyTransform
[        ] Transforming customview-1.1.0.aar (androidx.customview:customview:1.1.0) with AarToClassTransform
[        ] Transforming customview-1.1.0.aar (androidx.customview:customview:1.1.0) with JetifyTransform
[        ] Transforming customview-1.1.0.aar (androidx.customview:customview:1.1.0) with AarToClassTransform
[        ] Transforming vectordrawable-animated-1.1.0.aar (androidx.vectordrawable:vectordrawable-animated:1.1.0) with JetifyTransform
[        ] Transforming vectordrawable-animated-1.1.0.aar (androidx.vectordrawable:vectordrawable-animated:1.1.0) with AarToClassTransform
[        ] Transforming vectordrawable-1.1.0.aar (androidx.vectordrawable:vectordrawable:1.1.0) with JetifyTransform
[        ] Transforming vectordrawable-1.1.0.aar (androidx.vectordrawable:vectordrawable:1.1.0) with AarToClassTransform
[        ] Transforming swiperefreshlayout-1.0.0.aar (androidx.swiperefreshlayout:swiperefreshlayout:1.0.0) with JetifyTransform
[        ] Transforming swiperefreshlayout-1.0.0.aar (androidx.swiperefreshlayout:swiperefreshlayout:1.0.0) with AarToClassTransform
[        ] Transforming asynclayoutinflater-1.0.0.aar (androidx.asynclayoutinflater:asynclayoutinflater:1.0.0) with JetifyTransform
[        ] Transforming asynclayoutinflater-1.0.0.aar (androidx.asynclayoutinflater:asynclayoutinflater:1.0.0) with AarToClassTransform
[        ] Transforming core-1.13.1.aar (androidx.core:core:1.13.1) with JetifyTransform
[        ] Transforming core-1.13.1.aar (androidx.core:core:1.13.1) with AarToClassTransform
[        ] Transforming core-1.13.1.aar (androidx.core:core:1.13.1) with JetifyTransform
[        ] Transforming core-1.13.1.aar (androidx.core:core:1.13.1) with AarToClassTransform
[        ] Transforming window-1.2.0.aar (androidx.window:window:1.2.0) with JetifyTransform
[        ] Transforming window-1.2.0.aar (androidx.window:window:1.2.0) with AarToClassTransform
[        ] Transforming window-java-1.2.0.aar (androidx.window:window-java:1.2.0) with JetifyTransform
[        ] Transforming window-java-1.2.0.aar (androidx.window:window-java:1.2.0) with AarToClassTransform
[        ] Transforming cursoradapter-1.0.0.aar (androidx.cursoradapter:cursoradapter:1.0.0) with JetifyTransform
[        ] Transforming cursoradapter-1.0.0.aar (androidx.cursoradapter:cursoradapter:1.0.0) with AarToClassTransform
[        ] Transforming versionedparcelable-1.1.1.aar (androidx.versionedparcelable:versionedparcelable:1.1.1) with JetifyTransform
[        ] Transforming versionedparcelable-1.1.1.aar (androidx.versionedparcelable:versionedparcelable:1.1.1) with AarToClassTransform
[        ] Transforming collection-1.1.0.jar (androidx.collection:collection:1.1.0) with JetifyTransform
[        ] Transforming collection-1.1.0.jar (androidx.collection:collection:1.1.0) with IdentityTransform
[        ] Transforming core-runtime-2.2.0.aar (androidx.arch.core:core-runtime:2.2.0) with JetifyTransform
[        ] Transforming core-runtime-2.2.0.aar (androidx.arch.core:core-runtime:2.2.0) with AarToClassTransform
[        ] Transforming core-common-2.2.0.jar (androidx.arch.core:core-common:2.2.0) with JetifyTransform
[        ] Transforming core-common-2.2.0.jar (androidx.arch.core:core-common:2.2.0) with IdentityTransform
[        ] Transforming savedstate-ktx-1.2.1.aar (androidx.savedstate:savedstate-ktx:1.2.1) with JetifyTransform
[        ] Transforming savedstate-ktx-1.2.1.aar (androidx.savedstate:savedstate-ktx:1.2.1) with AarToClassTransform
[        ] Transforming savedstate-1.2.1.aar (androidx.savedstate:savedstate:1.2.1) with JetifyTransform
[        ] Transforming collection-ktx-1.1.0.jar (androidx.collection:collection-ktx:1.1.0) with JetifyTransform
[        ] Transforming savedstate-1.2.1.aar (androidx.savedstate:savedstate:1.2.1) with AarToClassTransform
[        ] Transforming collection-ktx-1.1.0.jar (androidx.collection:collection-ktx:1.1.0) with IdentityTransform
[        ] Transforming interpolator-1.0.0.aar (androidx.interpolator:interpolator:1.0.0) with JetifyTransform
[        ] Transforming interpolator-1.0.0.aar (androidx.interpolator:interpolator:1.0.0) with AarToClassTransform
[        ] Transforming documentfile-1.0.0.aar (androidx.documentfile:documentfile:1.0.0) with JetifyTransform
[        ] Transforming documentfile-1.0.0.aar (androidx.documentfile:documentfile:1.0.0) with AarToClassTransform
[        ] Transforming localbroadcastmanager-1.0.0.aar (androidx.localbroadcastmanager:localbroadcastmanager:1.0.0) with JetifyTransform
[        ] Transforming localbroadcastmanager-1.0.0.aar (androidx.localbroadcastmanager:localbroadcastmanager:1.0.0) with AarToClassTransform
[        ] Transforming print-1.0.0.aar (androidx.print:print:1.0.0) with JetifyTransform
[        ] Transforming print-1.0.0.aar (androidx.print:print:1.0.0) with AarToClassTransform
[        ] Transforming annotation-jvm-1.8.0.jar (androidx.annotation:annotation-jvm:1.8.0) with JetifyTransform
[        ] Transforming annotation-jvm-1.8.0.jar (androidx.annotation:annotation-jvm:1.8.0) with IdentityTransform
[        ] Transforming annotation-experimental-1.4.0.aar (androidx.annotation:annotation-experimental:1.4.0) with JetifyTransform
[        ] Transforming annotation-experimental-1.4.0.aar (androidx.annotation:annotation-experimental:1.4.0) with AarToClassTransform
[        ] Transforming kotlinx-coroutines-core-jvm-1.7.3.jar (org.jetbrains.kotlinx:kotlinx-coroutines-core-jvm:1.7.3) with JetifyTransform
[        ] Transforming kotlinx-coroutines-core-jvm-1.7.3.jar (org.jetbrains.kotlinx:kotlinx-coroutines-core-jvm:1.7.3) with IdentityTransform
[        ] Transforming kotlinx-coroutines-android-1.7.3.jar (org.jetbrains.kotlinx:kotlinx-coroutines-android:1.7.3) with JetifyTransform
[        ] Transforming kotlinx-coroutines-android-1.7.3.jar (org.jetbrains.kotlinx:kotlinx-coroutines-android:1.7.3) with IdentityTransform
[        ] Transforming kotlin-stdlib-jdk8-1.8.20.jar (org.jetbrains.kotlin:kotlin-stdlib-jdk8:1.8.20) with JetifyTransform
[        ] Transforming kotlin-stdlib-jdk8-1.8.20.jar (org.jetbrains.kotlin:kotlin-stdlib-jdk8:1.8.20) with IdentityTransform
[        ] Transforming kotlin-stdlib-jdk7-1.8.20.jar (org.jetbrains.kotlin:kotlin-stdlib-jdk7:1.8.20) with JetifyTransform
[        ] Transforming kotlin-stdlib-jdk7-1.8.20.jar (org.jetbrains.kotlin:kotlin-stdlib-jdk7:1.8.20) with IdentityTransform
[        ] Transforming kotlin-stdlib-2.1.0.jar (org.jetbrains.kotlin:kotlin-stdlib:2.1.0) with JetifyTransform
[        ] Transforming kotlin-stdlib-2.1.0.jar (org.jetbrains.kotlin:kotlin-stdlib:2.1.0) with IdentityTransform
[        ] Transforming annotations-23.0.0.jar (org.jetbrains:annotations:23.0.0) with JetifyTransform
[        ] Transforming annotations-23.0.0.jar (org.jetbrains:annotations:23.0.0) with IdentityTransform
[        ] Transforming startup-runtime-1.1.1.aar (androidx.startup:startup-runtime:1.1.1) with JetifyTransform
[        ] Transforming okio-jvm-3.4.0.jar (com.squareup.okio:okio-jvm:3.4.0) with JetifyTransform
[        ] Transforming okio-jvm-3.4.0.jar (com.squareup.okio:okio-jvm:3.4.0) with IdentityTransform
[        ] Transforming startup-runtime-1.1.1.aar (androidx.startup:startup-runtime:1.1.1) with AarToClassTransform
[        ] Transforming tracing-1.2.0.aar (androidx.tracing:tracing:1.2.0) with JetifyTransform
[        ] Transforming tracing-1.2.0.aar (androidx.tracing:tracing:1.2.0) with AarToClassTransform
[        ] Transforming relinker-1.4.5.aar (com.getkeepsafe.relinker:relinker:1.4.5) with JetifyTransform
[        ] Transforming relinker-1.4.5.aar (com.getkeepsafe.relinker:relinker:1.4.5) with AarToClassTransform
[        ] Transforming R.jar with BuildToolsApiClasspathEntrySnapshotTransform
[        ] Transforming jetified-datastore-preferences-core-jvm-1.1.3.jar with BuildToolsApiClasspathEntrySnapshotTransform
[        ] Transforming jetified-datastore-core-okio-jvm-1.1.3.jar with BuildToolsApiClasspathEntrySnapshotTransform
[        ] Transforming jetified-datastore-core-release-api.jar with BuildToolsApiClasspathEntrySnapshotTransform
[        ] Transforming jetified-datastore-preferences-release-api.jar with BuildToolsApiClasspathEntrySnapshotTransform
[        ] Transforming jetified-datastore-release-api.jar with BuildToolsApiClasspathEntrySnapshotTransform
[        ] Transforming preference-1.2.1-api.jar with BuildToolsApiClasspathEntrySnapshotTransform
[        ] Transforming jetified-flutter_embedding_release-1.0.0-a8bfdfc394deaed5c57bd45a64ac4294dc976a72.jar with BuildToolsApiClasspathEntrySnapshotTransform
[        ] Transforming appcompat-1.1.0-api.jar with BuildToolsApiClasspathEntrySnapshotTransform
[        ] Transforming recyclerview-1.0.0-api.jar with BuildToolsApiClasspathEntrySnapshotTransform
[        ] Transforming jetified-appcompat-resources-1.1.0-api.jar with BuildToolsApiClasspathEntrySnapshotTransform
[        ] Transforming legacy-support-core-ui-1.0.0-api.jar with BuildToolsApiClasspathEntrySnapshotTransform
[        ] Transforming drawerlayout-1.0.0-api.jar with BuildToolsApiClasspathEntrySnapshotTransform
[        ] Transforming fragment-1.7.1-api.jar with BuildToolsApiClasspathEntrySnapshotTransform
[        ] Transforming jetified-fragment-ktx-1.7.1-api.jar with BuildToolsApiClasspathEntrySnapshotTransform
[        ] Transforming jetified-activity-ktx-1.8.1-api.jar with BuildToolsApiClasspathEntrySnapshotTransform
[        ] Transforming jetified-activity-1.8.1-api.jar with BuildToolsApiClasspathEntrySnapshotTransform
[        ] Transforming legacy-support-core-utils-1.0.0-api.jar with BuildToolsApiClasspathEntrySnapshotTransform
[        ] Transforming loader-1.0.0-api.jar with BuildToolsApiClasspathEntrySnapshotTransform
[        ] Transforming lifecycle-livedata-2.7.0-api.jar with BuildToolsApiClasspathEntrySnapshotTransform
[        ] Transforming lifecycle-viewmodel-2.7.0-api.jar with BuildToolsApiClasspathEntrySnapshotTransform
[        ] Transforming lifecycle-livedata-core-2.7.0-api.jar with BuildToolsApiClasspathEntrySnapshotTransform
[        ] Transforming jetified-lifecycle-livedata-core-ktx-2.7.0-api.jar with BuildToolsApiClasspathEntrySnapshotTransform
[        ] Transforming jetified-lifecycle-viewmodel-ktx-2.7.0-api.jar with BuildToolsApiClasspathEntrySnapshotTransform
[        ] Transforming jetified-lifecycle-runtime-ktx-2.7.0-api.jar with BuildToolsApiClasspathEntrySnapshotTransform
[        ] Transforming jetified-lifecycle-process-2.7.0-api.jar with BuildToolsApiClasspathEntrySnapshotTransform
[        ] Transforming lifecycle-common-java8-2.7.0.jar with BuildToolsApiClasspathEntrySnapshotTransform
[        ] Transforming lifecycle-common-2.7.0.jar with BuildToolsApiClasspathEntrySnapshotTransform
[        ] Transforming lifecycle-runtime-2.7.0-api.jar with BuildToolsApiClasspathEntrySnapshotTransform
[        ] Transforming jetified-lifecycle-viewmodel-savedstate-2.7.0-api.jar with BuildToolsApiClasspathEntrySnapshotTransform
[        ] Transforming jetified-core-ktx-1.13.1-api.jar with BuildToolsApiClasspathEntrySnapshotTransform
[        ] Transforming slidingpanelayout-1.2.0-api.jar with BuildToolsApiClasspathEntrySnapshotTransform
[        ] Transforming viewpager-1.0.0-api.jar with BuildToolsApiClasspathEntrySnapshotTransform
[        ] Transforming coordinatorlayout-1.0.0-api.jar with BuildToolsApiClasspathEntrySnapshotTransform
[        ] Transforming customview-1.1.0-api.jar with BuildToolsApiClasspathEntrySnapshotTransform
[        ] Transforming vectordrawable-animated-1.1.0-api.jar with BuildToolsApiClasspathEntrySnapshotTransform
[        ] Transforming vectordrawable-1.1.0-api.jar with BuildToolsApiClasspathEntrySnapshotTransform
[        ] Transforming swiperefreshlayout-1.0.0-api.jar with BuildToolsApiClasspathEntrySnapshotTransform
[        ] Transforming asynclayoutinflater-1.0.0-api.jar with BuildToolsApiClasspathEntrySnapshotTransform
[        ] Transforming core-1.13.1-api.jar with BuildToolsApiClasspathEntrySnapshotTransform
[        ] Transforming jetified-window-1.2.0-api.jar with BuildToolsApiClasspathEntrySnapshotTransform
[        ] Transforming jetified-window-java-1.2.0-api.jar with BuildToolsApiClasspathEntrySnapshotTransform
[        ] Transforming cursoradapter-1.0.0-api.jar with BuildToolsApiClasspathEntrySnapshotTransform
[        ] Transforming versionedparcelable-1.1.1-api.jar with BuildToolsApiClasspathEntrySnapshotTransform
[        ] Transforming jetified-collection-ktx-1.1.0.jar with BuildToolsApiClasspathEntrySnapshotTransform
[        ] Transforming collection-1.1.0.jar with BuildToolsApiClasspathEntrySnapshotTransform
[        ] Transforming core-runtime-2.2.0-api.jar with BuildToolsApiClasspathEntrySnapshotTransform
[        ] Transforming core-common-2.2.0.jar with BuildToolsApiClasspathEntrySnapshotTransform
[        ] Transforming jetified-savedstate-ktx-1.2.1-api.jar with BuildToolsApiClasspathEntrySnapshotTransform
[        ] Transforming jetified-savedstate-1.2.1-api.jar with BuildToolsApiClasspathEntrySnapshotTransform
[        ] Transforming interpolator-1.0.0-api.jar with BuildToolsApiClasspathEntrySnapshotTransform
[        ] Transforming documentfile-1.0.0-api.jar with BuildToolsApiClasspathEntrySnapshotTransform
[        ] Transforming localbroadcastmanager-1.0.0-api.jar with BuildToolsApiClasspathEntrySnapshotTransform
[        ] Transforming print-1.0.0-api.jar with BuildToolsApiClasspathEntrySnapshotTransform
[        ] Transforming jetified-annotation-jvm-1.8.0.jar with BuildToolsApiClasspathEntrySnapshotTransform
[        ] Transforming jetified-annotation-experimental-1.4.0-api.jar with BuildToolsApiClasspathEntrySnapshotTransform
[        ] Transforming jetified-kotlinx-coroutines-core-jvm-1.7.3.jar with BuildToolsApiClasspathEntrySnapshotTransform
[        ] Transforming jetified-kotlinx-coroutines-android-1.7.3.jar with BuildToolsApiClasspathEntrySnapshotTransform
[        ] Transforming jetified-okio-jvm-3.4.0.jar with BuildToolsApiClasspathEntrySnapshotTransform
[        ] Transforming jetified-kotlin-stdlib-jdk8-1.8.20.jar with BuildToolsApiClasspathEntrySnapshotTransform
[        ] Transforming jetified-kotlin-stdlib-jdk7-1.8.20.jar with BuildToolsApiClasspathEntrySnapshotTransform
[        ] Transforming jetified-kotlin-stdlib-2.1.0.jar with BuildToolsApiClasspathEntrySnapshotTransform
[        ] Transforming jetified-annotations-23.0.0.jar with BuildToolsApiClasspathEntrySnapshotTransform
[        ] Transforming jetified-startup-runtime-1.1.1-api.jar with BuildToolsApiClasspathEntrySnapshotTransform
[        ] Transforming jetified-tracing-1.2.0-api.jar with BuildToolsApiClasspathEntrySnapshotTransform
[        ] Transforming jetified-relinker-1.4.5-api.jar with BuildToolsApiClasspathEntrySnapshotTransform
[        ] Transforming android.jar with BuildToolsApiClasspathEntrySnapshotTransform
[        ] Transforming core-lambda-stubs.jar with BuildToolsApiClasspathEntrySnapshotTransform
[        ] Caching disabled for task ':shared_preferences_android:compileReleaseKotlin' because:
[        ]   Build cache is disabled
[        ] Skipping task ':shared_preferences_android:compileReleaseKotlin' as it is up-to-date.
[        ] Resolve mutations for :shared_preferences_android:javaPreCompileRelease (Thread[#900,Execution worker Thread 11,5,main]) started.
[        ] :shared_preferences_android:javaPreCompileRelease (Thread[#900,Execution worker Thread 11,5,main]) started.
[        ] > Task :shared_preferences_android:javaPreCompileRelease UP-TO-DATE
[        ] Caching disabled for task ':shared_preferences_android:javaPreCompileRelease' because:
[        ]   Build cache is disabled
[        ] Skipping task ':shared_preferences_android:javaPreCompileRelease' as it is up-to-date.
[        ] Resolve mutations for :shared_preferences_android:compileReleaseJavaWithJavac (Thread[#900,Execution worker Thread 11,5,main]) started.
[        ] :shared_preferences_android:compileReleaseJavaWithJavac (Thread[#900,Execution worker Thread 11,5,main]) started.
[  +85 ms] > Task :shared_preferences_android:compileReleaseJavaWithJavac UP-TO-DATE
[        ] Transforming core-for-system-modules.jar with JdkImageTransform
[        ] Transforming core-for-system-modules.jar with JdkImageTransform
[        ] Transforming core-for-system-modules.jar with JdkImageTransform
[        ] Transforming core-for-system-modules.jar with JdkImageTransform
[        ] Transforming core-for-system-modules.jar with JdkImageTransform
[        ] Transforming core-for-system-modules.jar with JdkImageTransform
[        ] Custom actions are attached to task ':shared_preferences_android:compileReleaseJavaWithJavac'.
[        ] Caching disabled for task ':shared_preferences_android:compileReleaseJavaWithJavac' because:
[        ]   Build cache is disabled
[        ] Skipping task ':shared_preferences_android:compileReleaseJavaWithJavac' as it is up-to-date.
[        ] No compile result for :shared_preferences_android:compileReleaseJavaWithJavac
[        ] No compile result for :shared_preferences_android:compileReleaseJavaWithJavac
[        ] Resolve mutations for :shared_preferences_android:mergeReleaseGeneratedProguardFiles (Thread[#900,Execution worker Thread 11,5,main]) started.
[        ] :shared_preferences_android:mergeReleaseGeneratedProguardFiles (Thread[#900,Execution worker Thread 11,5,main]) started.
[        ] > Task :shared_preferences_android:mergeReleaseGeneratedProguardFiles UP-TO-DATE
[        ] Caching disabled for task ':shared_preferences_android:mergeReleaseGeneratedProguardFiles' because:
[        ]   Build cache is disabled
[        ]   Simple merging task
[        ] Skipping task ':shared_preferences_android:mergeReleaseGeneratedProguardFiles' as it is up-to-date.
[        ] Resolve mutations for :shared_preferences_android:exportReleaseConsumerProguardFiles (Thread[#900,Execution worker Thread 11,5,main]) started.
[        ] :shared_preferences_android:exportReleaseConsumerProguardFiles (Thread[#900,Execution worker Thread 11,5,main]) started.
[        ] > Task :shared_preferences_android:exportReleaseConsumerProguardFiles UP-TO-DATE
[        ] Caching disabled for task ':shared_preferences_android:exportReleaseConsumerProguardFiles' because:
[        ]   Build cache is disabled
[        ]   Caching has been disabled for the task
[        ] Skipping task ':shared_preferences_android:exportReleaseConsumerProguardFiles' as it is up-to-date.
[        ] work action resolve exportReleaseConsumerProguardFiles (project :shared_preferences_android) (Thread[#900,Execution worker Thread 11,5,main]) started.
[        ] FilterShrinkerRulesTransform (Thread[#900,Execution worker Thread 11,5,main]) started.
[        ] Resolve mutations for :sqflite_android:preBuild (Thread[#895,Execution worker Thread 6,5,main]) started.
[        ] > Transform exportReleaseConsumerProguardFiles (project :shared_preferences_android) with FilterShrinkerRulesTransform
[        ] Transforming exportReleaseConsumerProguardFiles (project :shared_preferences_android) with FilterShrinkerRulesTransform
[        ] :sqflite_android:preBuild (Thread[#895,Execution worker Thread 6,5,main]) started.
[        ] > Task :sqflite_android:preBuild UP-TO-DATE
[        ] Skipping task ':sqflite_android:preBuild' as it has no actions.
[        ] Resolve mutations for :sqflite_android:preReleaseBuild (Thread[#895,Execution worker Thread 6,5,main]) started.
[        ] :sqflite_android:preReleaseBuild (Thread[#896,Execution worker Thread 7,5,main]) started.
[        ] > Task :sqflite_android:preReleaseBuild UP-TO-DATE
[        ] Skipping task ':sqflite_android:preReleaseBuild' as it has no actions.
[        ] Resolve mutations for :sqflite_android:generateReleaseBuildConfig (Thread[#896,Execution worker Thread 7,5,main]) started.
[        ] :sqflite_android:generateReleaseBuildConfig (Thread[#896,Execution worker Thread 7,5,main]) started.
[        ] > Task :sqflite_android:generateReleaseBuildConfig UP-TO-DATE
[        ] Caching disabled for task ':sqflite_android:generateReleaseBuildConfig' because:
[        ]   Build cache is disabled
[        ] Skipping task ':sqflite_android:generateReleaseBuildConfig' as it is up-to-date.
[        ] Resolve mutations for :sqflite_android:generateReleaseResValues (Thread[#896,Execution worker Thread 7,5,main]) started.
[        ] :sqflite_android:generateReleaseResValues (Thread[#896,Execution worker Thread 7,5,main]) started.
[        ] > Task :sqflite_android:generateReleaseResValues UP-TO-DATE
[        ] Caching disabled for task ':sqflite_android:generateReleaseResValues' because:
[        ]   Build cache is disabled
[        ] Skipping task ':sqflite_android:generateReleaseResValues' as it is up-to-date.
[        ] Resolve mutations for :sqflite_android:generateReleaseResources (Thread[#896,Execution worker Thread 7,5,main]) started.
[        ] :sqflite_android:generateReleaseResources (Thread[#896,Execution worker Thread 7,5,main]) started.
[        ] > Task :sqflite_android:generateReleaseResources UP-TO-DATE
[        ] Caching disabled for task ':sqflite_android:generateReleaseResources' because:
[        ]   Build cache is disabled
[        ] Skipping task ':sqflite_android:generateReleaseResources' as it is up-to-date.
[        ] Resolve mutations for :sqflite_android:packageReleaseResources (Thread[#896,Execution worker Thread 7,5,main]) started.
[        ] :sqflite_android:packageReleaseResources (Thread[#896,Execution worker Thread 7,5,main]) started.
[        ] > Task :sqflite_android:packageReleaseResources UP-TO-DATE
[        ] Caching disabled for task ':sqflite_android:packageReleaseResources' because:
[        ]   Build cache is disabled
[        ] Skipping task ':sqflite_android:packageReleaseResources' as it is up-to-date.
[        ] work action resolve packageReleaseResources (project :sqflite_android) (Thread[#896,Execution worker Thread 7,5,main]) started.
[        ] Resolve mutations for :sqflite_android:parseReleaseLocalResources (Thread[#896,Execution worker Thread 7,5,main]) started.
[        ] :sqflite_android:parseReleaseLocalResources (Thread[#896,Execution worker Thread 7,5,main]) started.
[        ] > Task :sqflite_android:parseReleaseLocalResources UP-TO-DATE
[        ] Transforming android.jar with PlatformAttrTransform
[        ] Transforming android.jar with PlatformAttrTransform
[        ] Caching disabled for task ':sqflite_android:parseReleaseLocalResources' because:
[        ]   Build cache is disabled
[        ] Skipping task ':sqflite_android:parseReleaseLocalResources' as it is up-to-date.
[        ] Resolve mutations for :sqflite_android:generateReleaseRFile (Thread[#896,Execution worker Thread 7,5,main]) started.
[        ] :sqflite_android:generateReleaseRFile (Thread[#896,Execution worker Thread 7,5,main]) started.
[        ] > Task :sqflite_android:generateReleaseRFile UP-TO-DATE
[        ] Transforming fragment-1.7.1.aar (androidx.fragment:fragment:1.7.1) with JetifyTransform
[        ] Transforming fragment-1.7.1.aar (androidx.fragment:fragment:1.7.1) with ExtractAarTransform
[        ] Transforming fragment-1.7.1.aar (androidx.fragment:fragment:1.7.1) with LibrarySymbolTableTransform
[        ] Transforming activity-1.8.1.aar (androidx.activity:activity:1.8.1) with JetifyTransform
[        ] Transforming activity-1.8.1.aar (androidx.activity:activity:1.8.1) with ExtractAarTransform
[        ] Transforming activity-1.8.1.aar (androidx.activity:activity:1.8.1) with LibrarySymbolTableTransform
[        ] Transforming loader-1.0.0.aar (androidx.loader:loader:1.0.0) with JetifyTransform
[        ] Transforming loader-1.0.0.aar (androidx.loader:loader:1.0.0) with ExtractAarTransform
[        ] Transforming loader-1.0.0.aar (androidx.loader:loader:1.0.0) with LibrarySymbolTableTransform
[        ] Transforming lifecycle-livedata-core-ktx-2.7.0.aar (androidx.lifecycle:lifecycle-livedata-core-ktx:2.7.0) with JetifyTransform
[        ] Transforming lifecycle-livedata-core-ktx-2.7.0.aar (androidx.lifecycle:lifecycle-livedata-core-ktx:2.7.0) with ExtractAarTransform
[        ] Transforming lifecycle-livedata-core-ktx-2.7.0.aar (androidx.lifecycle:lifecycle-livedata-core-ktx:2.7.0) with LibrarySymbolTableTransform
[        ] Transforming lifecycle-livedata-2.7.0.aar (androidx.lifecycle:lifecycle-livedata:2.7.0) with JetifyTransform
[        ] Transforming lifecycle-livedata-2.7.0.aar (androidx.lifecycle:lifecycle-livedata:2.7.0) with ExtractAarTransform
[        ] Transforming lifecycle-livedata-2.7.0.aar (androidx.lifecycle:lifecycle-livedata:2.7.0) with LibrarySymbolTableTransform
[        ] Transforming lifecycle-viewmodel-2.7.0.aar (androidx.lifecycle:lifecycle-viewmodel:2.7.0) with JetifyTransform
[        ] Transforming lifecycle-viewmodel-2.7.0.aar (androidx.lifecycle:lifecycle-viewmodel:2.7.0) with ExtractAarTransform
[        ] Transforming lifecycle-viewmodel-2.7.0.aar (androidx.lifecycle:lifecycle-viewmodel:2.7.0) with LibrarySymbolTableTransform
[        ] Transforming lifecycle-viewmodel-2.7.0.aar (androidx.lifecycle:lifecycle-viewmodel:2.7.0) with JetifyTransform
[        ] Transforming lifecycle-viewmodel-2.7.0.aar (androidx.lifecycle:lifecycle-viewmodel:2.7.0) with ExtractAarTransform
[        ] Transforming lifecycle-viewmodel-2.7.0.aar (androidx.lifecycle:lifecycle-viewmodel:2.7.0) with LibrarySymbolTableTransform
[        ] Transforming lifecycle-livedata-core-2.7.0.aar (androidx.lifecycle:lifecycle-livedata-core:2.7.0) with JetifyTransform
[        ] Transforming lifecycle-livedata-core-2.7.0.aar (androidx.lifecycle:lifecycle-livedata-core:2.7.0) with ExtractAarTransform
[        ] Transforming lifecycle-livedata-core-2.7.0.aar (androidx.lifecycle:lifecycle-livedata-core:2.7.0) with LibrarySymbolTableTransform
[        ] Transforming lifecycle-viewmodel-savedstate-2.7.0.aar (androidx.lifecycle:lifecycle-viewmodel-savedstate:2.7.0) with JetifyTransform
[        ] Transforming lifecycle-viewmodel-savedstate-2.7.0.aar (androidx.lifecycle:lifecycle-viewmodel-savedstate:2.7.0) with ExtractAarTransform
[        ] Transforming lifecycle-viewmodel-savedstate-2.7.0.aar (androidx.lifecycle:lifecycle-viewmodel-savedstate:2.7.0) with LibrarySymbolTableTransform
[        ] Transforming core-ktx-1.13.1.aar (androidx.core:core-ktx:1.13.1) with JetifyTransform
[        ] Transforming core-ktx-1.13.1.aar (androidx.core:core-ktx:1.13.1) with ExtractAarTransform
[        ] Transforming core-ktx-1.13.1.aar (androidx.core:core-ktx:1.13.1) with LibrarySymbolTableTransform
[        ] Transforming viewpager-1.0.0.aar (androidx.viewpager:viewpager:1.0.0) with JetifyTransform
[        ] Transforming viewpager-1.0.0.aar (androidx.viewpager:viewpager:1.0.0) with ExtractAarTransform
[        ] Transforming viewpager-1.0.0.aar (androidx.viewpager:viewpager:1.0.0) with LibrarySymbolTableTransform
[        ] Transforming customview-1.0.0.aar (androidx.customview:customview:1.0.0) with JetifyTransform
[        ] Transforming customview-1.0.0.aar (androidx.customview:customview:1.0.0) with ExtractAarTransform
[        ] Transforming customview-1.0.0.aar (androidx.customview:customview:1.0.0) with LibrarySymbolTableTransform
[        ] Transforming core-1.13.1.aar (androidx.core:core:1.13.1) with JetifyTransform
[        ] Transforming core-1.13.1.aar (androidx.core:core:1.13.1) with ExtractAarTransform
[        ] Transforming core-1.13.1.aar (androidx.core:core:1.13.1) with LibrarySymbolTableTransform
[        ] Transforming core-1.13.1.aar (androidx.core:core:1.13.1) with JetifyTransform
[        ] Transforming core-1.13.1.aar (androidx.core:core:1.13.1) with ExtractAarTransform
[        ] Transforming core-1.13.1.aar (androidx.core:core:1.13.1) with LibrarySymbolTableTransform
[        ] Transforming lifecycle-runtime-2.7.0.aar (androidx.lifecycle:lifecycle-runtime:2.7.0) with JetifyTransform
[        ] Transforming lifecycle-runtime-2.7.0.aar (androidx.lifecycle:lifecycle-runtime:2.7.0) with ExtractAarTransform
[        ] Transforming lifecycle-runtime-2.7.0.aar (androidx.lifecycle:lifecycle-runtime:2.7.0) with LibrarySymbolTableTransform
[        ] Transforming lifecycle-process-2.7.0.aar (androidx.lifecycle:lifecycle-process:2.7.0) with JetifyTransform
[        ] Transforming lifecycle-process-2.7.0.aar (androidx.lifecycle:lifecycle-process:2.7.0) with ExtractAarTransform
[        ] Transforming lifecycle-process-2.7.0.aar (androidx.lifecycle:lifecycle-process:2.7.0) with LibrarySymbolTableTransform
[        ] Transforming core-runtime-2.2.0.aar (androidx.arch.core:core-runtime:2.2.0) with JetifyTransform
[        ] Transforming core-runtime-2.2.0.aar (androidx.arch.core:core-runtime:2.2.0) with ExtractAarTransform
[        ] Transforming core-runtime-2.2.0.aar (androidx.arch.core:core-runtime:2.2.0) with LibrarySymbolTableTransform
[        ] Transforming versionedparcelable-1.1.1.aar (androidx.versionedparcelable:versionedparcelable:1.1.1) with JetifyTransform
[        ] Transforming versionedparcelable-1.1.1.aar (androidx.versionedparcelable:versionedparcelable:1.1.1) with ExtractAarTransform
[        ] Transforming versionedparcelable-1.1.1.aar (androidx.versionedparcelable:versionedparcelable:1.1.1) with LibrarySymbolTableTransform
[        ] Transforming savedstate-1.2.1.aar (androidx.savedstate:savedstate:1.2.1) with JetifyTransform
[        ] Transforming savedstate-1.2.1.aar (androidx.savedstate:savedstate:1.2.1) with ExtractAarTransform
[        ] Transforming savedstate-1.2.1.aar (androidx.savedstate:savedstate:1.2.1) with LibrarySymbolTableTransform
[        ] Transforming window-1.2.0.aar (androidx.window:window:1.2.0) with JetifyTransform
[        ] Transforming window-1.2.0.aar (androidx.window:window:1.2.0) with ExtractAarTransform
[        ] Transforming window-1.2.0.aar (androidx.window:window:1.2.0) with LibrarySymbolTableTransform
[        ] Transforming window-java-1.2.0.aar (androidx.window:window-java:1.2.0) with JetifyTransform
[        ] Transforming window-java-1.2.0.aar (androidx.window:window-java:1.2.0) with ExtractAarTransform
[        ] Transforming window-java-1.2.0.aar (androidx.window:window-java:1.2.0) with LibrarySymbolTableTransform
[        ] Transforming annotation-experimental-1.4.0.aar (androidx.annotation:annotation-experimental:1.4.0) with JetifyTransform
[        ] Transforming annotation-experimental-1.4.0.aar (androidx.annotation:annotation-experimental:1.4.0) with ExtractAarTransform
[        ] Transforming annotation-experimental-1.4.0.aar (androidx.annotation:annotation-experimental:1.4.0) with LibrarySymbolTableTransform
[        ] Transforming startup-runtime-1.1.1.aar (androidx.startup:startup-runtime:1.1.1) with JetifyTransform
[        ] Transforming startup-runtime-1.1.1.aar (androidx.startup:startup-runtime:1.1.1) with ExtractAarTransform
[        ] Transforming startup-runtime-1.1.1.aar (androidx.startup:startup-runtime:1.1.1) with LibrarySymbolTableTransform
[        ] Transforming tracing-1.2.0.aar (androidx.tracing:tracing:1.2.0) with JetifyTransform
[        ] Transforming tracing-1.2.0.aar (androidx.tracing:tracing:1.2.0) with ExtractAarTransform
[        ] Transforming tracing-1.2.0.aar (androidx.tracing:tracing:1.2.0) with LibrarySymbolTableTransform
[        ] Transforming relinker-1.4.5.aar (com.getkeepsafe.relinker:relinker:1.4.5) with JetifyTransform
[        ] Transforming relinker-1.4.5.aar (com.getkeepsafe.relinker:relinker:1.4.5) with ExtractAarTransform
[        ] Transforming relinker-1.4.5.aar (com.getkeepsafe.relinker:relinker:1.4.5) with LibrarySymbolTableTransform
[        ] Transforming android.jar with PlatformAttrTransform
[        ] Caching disabled for task ':sqflite_android:generateReleaseRFile' because:
[        ]   Build cache is disabled
[        ] Skipping task ':sqflite_android:generateReleaseRFile' as it is up-to-date.
[        ] work action resolve package-aware-r.txt (project :sqflite_android) (Thread[#896,Execution worker Thread 7,5,main]) started.
[        ] Resolve mutations for :sqflite_android:javaPreCompileRelease (Thread[#896,Execution worker Thread 7,5,main]) started.
[        ] :sqflite_android:javaPreCompileRelease (Thread[#896,Execution worker Thread 7,5,main]) started.
[        ] > Task :sqflite_android:javaPreCompileRelease UP-TO-DATE
[        ] Caching disabled for task ':sqflite_android:javaPreCompileRelease' because:
[        ]   Build cache is disabled
[        ] Skipping task ':sqflite_android:javaPreCompileRelease' as it is up-to-date.
[        ] Resolve mutations for :sqflite_android:compileReleaseJavaWithJavac (Thread[#896,Execution worker Thread 7,5,main]) started.
[        ] :sqflite_android:compileReleaseJavaWithJavac (Thread[#896,Execution worker Thread 7,5,main]) started.
[        ] > Task :sqflite_android:compileReleaseJavaWithJavac UP-TO-DATE
[        ] Transforming flutter_embedding_release-1.0.0-a8bfdfc394deaed5c57bd45a64ac4294dc976a72.jar (io.flutter:flutter_embedding_release:1.0.0-a8bfdfc394deaed5c57bd45a64ac4294dc976a72) with JetifyTransform
[        ] Transforming flutter_embedding_release-1.0.0-a8bfdfc394deaed5c57bd45a64ac4294dc976a72.jar (io.flutter:flutter_embedding_release:1.0.0-a8bfdfc394deaed5c57bd45a64ac4294dc976a72) with IdentityTransform
[        ] Transforming fragment-1.7.1.aar (androidx.fragment:fragment:1.7.1) with JetifyTransform
[        ] Transforming fragment-1.7.1.aar (androidx.fragment:fragment:1.7.1) with AarToClassTransform
[        ] Transforming activity-1.8.1.aar (androidx.activity:activity:1.8.1) with JetifyTransform
[        ] Transforming activity-1.8.1.aar (androidx.activity:activity:1.8.1) with AarToClassTransform
[        ] Transforming loader-1.0.0.aar (androidx.loader:loader:1.0.0) with JetifyTransform
[        ] Transforming loader-1.0.0.aar (androidx.loader:loader:1.0.0) with AarToClassTransform
[        ] Transforming lifecycle-livedata-core-ktx-2.7.0.aar (androidx.lifecycle:lifecycle-livedata-core-ktx:2.7.0) with JetifyTransform
[        ] Transforming lifecycle-livedata-core-ktx-2.7.0.aar (androidx.lifecycle:lifecycle-livedata-core-ktx:2.7.0) with AarToClassTransform
[        ] Transforming lifecycle-livedata-2.7.0.aar (androidx.lifecycle:lifecycle-livedata:2.7.0) with JetifyTransform
[        ] Transforming lifecycle-livedata-2.7.0.aar (androidx.lifecycle:lifecycle-livedata:2.7.0) with AarToClassTransform
[        ] Transforming lifecycle-viewmodel-2.7.0.aar (androidx.lifecycle:lifecycle-viewmodel:2.7.0) with JetifyTransform
[        ] Transforming lifecycle-viewmodel-2.7.0.aar (androidx.lifecycle:lifecycle-viewmodel:2.7.0) with AarToClassTransform
[        ] Transforming lifecycle-viewmodel-2.7.0.aar (androidx.lifecycle:lifecycle-viewmodel:2.7.0) with JetifyTransform
[        ] Transforming lifecycle-viewmodel-2.7.0.aar (androidx.lifecycle:lifecycle-viewmodel:2.7.0) with AarToClassTransform
[        ] Transforming lifecycle-livedata-core-2.7.0.aar (androidx.lifecycle:lifecycle-livedata-core:2.7.0) with JetifyTransform
[        ] Transforming lifecycle-livedata-core-2.7.0.aar (androidx.lifecycle:lifecycle-livedata-core:2.7.0) with AarToClassTransform
[        ] Transforming lifecycle-viewmodel-savedstate-2.7.0.aar (androidx.lifecycle:lifecycle-viewmodel-savedstate:2.7.0) with JetifyTransform
[        ] Transforming lifecycle-viewmodel-savedstate-2.7.0.aar (androidx.lifecycle:lifecycle-viewmodel-savedstate:2.7.0) with AarToClassTransform
[        ] Transforming core-ktx-1.13.1.aar (androidx.core:core-ktx:1.13.1) with JetifyTransform
[        ] Transforming core-ktx-1.13.1.aar (androidx.core:core-ktx:1.13.1) with AarToClassTransform
[        ] Transforming viewpager-1.0.0.aar (androidx.viewpager:viewpager:1.0.0) with JetifyTransform
[        ] Transforming viewpager-1.0.0.aar (androidx.viewpager:viewpager:1.0.0) with AarToClassTransform
[        ] Transforming customview-1.0.0.aar (androidx.customview:customview:1.0.0) with JetifyTransform
[        ] Transforming customview-1.0.0.aar (androidx.customview:customview:1.0.0) with AarToClassTransform
[        ] Transforming core-1.13.1.aar (androidx.core:core:1.13.1) with JetifyTransform
[        ] Transforming core-1.13.1.aar (androidx.core:core:1.13.1) with AarToClassTransform
[        ] Transforming core-1.13.1.aar (androidx.core:core:1.13.1) with JetifyTransform
[        ] Transforming core-1.13.1.aar (androidx.core:core:1.13.1) with AarToClassTransform
[        ] Transforming lifecycle-runtime-2.7.0.aar (androidx.lifecycle:lifecycle-runtime:2.7.0) with JetifyTransform
[        ] Transforming lifecycle-runtime-2.7.0.aar (androidx.lifecycle:lifecycle-runtime:2.7.0) with AarToClassTransform
[        ] Transforming lifecycle-process-2.7.0.aar (androidx.lifecycle:lifecycle-process:2.7.0) with JetifyTransform
[        ] Transforming lifecycle-process-2.7.0.aar (androidx.lifecycle:lifecycle-process:2.7.0) with AarToClassTransform
[        ] Transforming lifecycle-common-java8-2.7.0.jar (androidx.lifecycle:lifecycle-common-java8:2.7.0) with JetifyTransform
[        ] Transforming lifecycle-common-java8-2.7.0.jar (androidx.lifecycle:lifecycle-common-java8:2.7.0) with IdentityTransform
[        ] Transforming lifecycle-common-2.7.0.jar (androidx.lifecycle:lifecycle-common:2.7.0) with JetifyTransform
[        ] Transforming lifecycle-common-2.7.0.jar (androidx.lifecycle:lifecycle-common:2.7.0) with IdentityTransform
[        ] Transforming core-runtime-2.2.0.aar (androidx.arch.core:core-runtime:2.2.0) with JetifyTransform
[        ] Transforming core-runtime-2.2.0.aar (androidx.arch.core:core-runtime:2.2.0) with AarToClassTransform
[        ] Transforming core-common-2.2.0.jar (androidx.arch.core:core-common:2.2.0) with JetifyTransform
[        ] Transforming core-common-2.2.0.jar (androidx.arch.core:core-common:2.2.0) with IdentityTransform
[        ] Transforming versionedparcelable-1.1.1.aar (androidx.versionedparcelable:versionedparcelable:1.1.1) with JetifyTransform
[        ] Transforming versionedparcelable-1.1.1.aar (androidx.versionedparcelable:versionedparcelable:1.1.1) with AarToClassTransform
[        ] Transforming collection-1.1.0.jar (androidx.collection:collection:1.1.0) with JetifyTransform
[        ] Transforming collection-1.1.0.jar (androidx.collection:collection:1.1.0) with IdentityTransform
[        ] Transforming savedstate-1.2.1.aar (androidx.savedstate:savedstate:1.2.1) with JetifyTransform
[        ] Transforming savedstate-1.2.1.aar (androidx.savedstate:savedstate:1.2.1) with AarToClassTransform
[        ] Transforming annotation-jvm-1.8.0.jar (androidx.annotation:annotation-jvm:1.8.0) with JetifyTransform
[        ] Transforming annotation-jvm-1.8.0.jar (androidx.annotation:annotation-jvm:1.8.0) with IdentityTransform
[        ] Transforming window-1.2.0.aar (androidx.window:window:1.2.0) with JetifyTransform
[        ] Transforming window-1.2.0.aar (androidx.window:window:1.2.0) with AarToClassTransform
[        ] Transforming window-java-1.2.0.aar (androidx.window:window-java:1.2.0) with JetifyTransform
[        ] Transforming window-java-1.2.0.aar (androidx.window:window-java:1.2.0) with AarToClassTransform
[        ] Transforming annotation-experimental-1.4.0.aar (androidx.annotation:annotation-experimental:1.4.0) with JetifyTransform
[        ] Transforming annotation-experimental-1.4.0.aar (androidx.annotation:annotation-experimental:1.4.0) with AarToClassTransform
[        ] Transforming kotlinx-coroutines-core-jvm-1.7.1.jar (org.jetbrains.kotlinx:kotlinx-coroutines-core-jvm:1.7.1) with JetifyTransform
[        ] Transforming kotlinx-coroutines-core-jvm-1.7.1.jar (org.jetbrains.kotlinx:kotlinx-coroutines-core-jvm:1.7.1) with IdentityTransform
[        ] Transforming kotlinx-coroutines-android-1.7.1.jar (org.jetbrains.kotlinx:kotlinx-coroutines-android:1.7.1) with JetifyTransform
[        ] Transforming kotlinx-coroutines-android-1.7.1.jar (org.jetbrains.kotlinx:kotlinx-coroutines-android:1.7.1) with IdentityTransform
[        ] Transforming kotlin-stdlib-jdk8-1.8.20.jar (org.jetbrains.kotlin:kotlin-stdlib-jdk8:1.8.20) with JetifyTransform
[        ] Transforming kotlin-stdlib-jdk8-1.8.20.jar (org.jetbrains.kotlin:kotlin-stdlib-jdk8:1.8.20) with IdentityTransform
[        ] Transforming kotlin-stdlib-jdk7-1.8.20.jar (org.jetbrains.kotlin:kotlin-stdlib-jdk7:1.8.20) with JetifyTransform
[        ] Transforming kotlin-stdlib-jdk7-1.8.20.jar (org.jetbrains.kotlin:kotlin-stdlib-jdk7:1.8.20) with IdentityTransform
[        ] Transforming kotlin-stdlib-1.8.22.jar (org.jetbrains.kotlin:kotlin-stdlib:1.8.22) with JetifyTransform
[        ] Transforming kotlin-stdlib-1.8.22.jar (org.jetbrains.kotlin:kotlin-stdlib:1.8.22) with IdentityTransform
[        ] Transforming kotlin-stdlib-common-1.8.22.jar (org.jetbrains.kotlin:kotlin-stdlib-common:1.8.22) with JetifyTransform
[        ] Transforming kotlin-stdlib-common-1.8.22.jar (org.jetbrains.kotlin:kotlin-stdlib-common:1.8.22) with IdentityTransform
[        ] Transforming annotations-23.0.0.jar (org.jetbrains:annotations:23.0.0) with JetifyTransform
[        ] Transforming annotations-23.0.0.jar (org.jetbrains:annotations:23.0.0) with IdentityTransform
[        ] Transforming startup-runtime-1.1.1.aar (androidx.startup:startup-runtime:1.1.1) with JetifyTransform
[        ] Transforming startup-runtime-1.1.1.aar (androidx.startup:startup-runtime:1.1.1) with AarToClassTransform
[        ] Transforming tracing-1.2.0.aar (androidx.tracing:tracing:1.2.0) with JetifyTransform
[        ] Transforming tracing-1.2.0.aar (androidx.tracing:tracing:1.2.0) with AarToClassTransform
[        ] Transforming relinker-1.4.5.aar (com.getkeepsafe.relinker:relinker:1.4.5) with JetifyTransform
[        ] Transforming relinker-1.4.5.aar (com.getkeepsafe.relinker:relinker:1.4.5) with AarToClassTransform
[        ] Transforming core-for-system-modules.jar with JdkImageTransform
[        ] Transforming core-for-system-modules.jar with JdkImageTransform
[        ] Transforming core-for-system-modules.jar with JdkImageTransform
[        ] Transforming core-for-system-modules.jar with JdkImageTransform
[        ] Transforming core-for-system-modules.jar with JdkImageTransform
[        ] Transforming core-for-system-modules.jar with JdkImageTransform
[        ] Custom actions are attached to task ':sqflite_android:compileReleaseJavaWithJavac'.
[        ] Caching disabled for task ':sqflite_android:compileReleaseJavaWithJavac' because:
[        ]   Build cache is disabled
[        ] Skipping task ':sqflite_android:compileReleaseJavaWithJavac' as it is up-to-date.
[        ] No compile result for :sqflite_android:compileReleaseJavaWithJavac
[        ] No compile result for :sqflite_android:compileReleaseJavaWithJavac
[        ] Resolve mutations for :sqflite_android:mergeReleaseGeneratedProguardFiles (Thread[#896,Execution worker Thread 7,5,main]) started.
[        ] :sqflite_android:mergeReleaseGeneratedProguardFiles (Thread[#896,Execution worker Thread 7,5,main]) started.
[        ] > Task :sqflite_android:mergeReleaseGeneratedProguardFiles UP-TO-DATE
[        ] Caching disabled for task ':sqflite_android:mergeReleaseGeneratedProguardFiles' because:
[        ]   Build cache is disabled
[        ]   Simple merging task
[        ] Skipping task ':sqflite_android:mergeReleaseGeneratedProguardFiles' as it is up-to-date.
[        ] Resolve mutations for :sqflite_android:exportReleaseConsumerProguardFiles (Thread[#890,Execution worker,5,main]) started.
[        ] :sqflite_android:exportReleaseConsumerProguardFiles (Thread[#890,Execution worker,5,main]) started.
[        ] > Task :sqflite_android:exportReleaseConsumerProguardFiles UP-TO-DATE
[        ] Caching disabled for task ':sqflite_android:exportReleaseConsumerProguardFiles' because:
[        ]   Build cache is disabled
[        ]   Caching has been disabled for the task
[        ] Skipping task ':sqflite_android:exportReleaseConsumerProguardFiles' as it is up-to-date.
[        ] work action resolve exportReleaseConsumerProguardFiles (project :sqflite_android) (Thread[#890,Execution worker,5,main]) started.
[        ] FilterShrinkerRulesTransform (Thread[#890,Execution worker,5,main]) started.
[        ] Resolve mutations for :url_launcher_android:preBuild (Thread[#900,Execution worker Thread 11,5,main]) started.
[        ] > Transform exportReleaseConsumerProguardFiles (project :sqflite_android) with FilterShrinkerRulesTransform
[        ] Transforming exportReleaseConsumerProguardFiles (project :sqflite_android) with FilterShrinkerRulesTransform
[        ] :url_launcher_android:preBuild (Thread[#900,Execution worker Thread 11,5,main]) started.
[        ] > Task :url_launcher_android:preBuild UP-TO-DATE
[        ] Skipping task ':url_launcher_android:preBuild' as it has no actions.
[        ] Resolve mutations for :url_launcher_android:preReleaseBuild (Thread[#900,Execution worker Thread 11,5,main]) started.
[        ] :url_launcher_android:preReleaseBuild (Thread[#900,Execution worker Thread 11,5,main]) started.
[        ] > Task :url_launcher_android:preReleaseBuild UP-TO-DATE
[        ] Skipping task ':url_launcher_android:preReleaseBuild' as it has no actions.
[        ] Resolve mutations for :url_launcher_android:generateReleaseBuildConfig (Thread[#900,Execution worker Thread 11,5,main]) started.
[        ] :url_launcher_android:generateReleaseBuildConfig (Thread[#900,Execution worker Thread 11,5,main]) started.
[        ] > Task :url_launcher_android:generateReleaseBuildConfig UP-TO-DATE
[        ] Caching disabled for task ':url_launcher_android:generateReleaseBuildConfig' because:
[        ]   Build cache is disabled
[        ] Skipping task ':url_launcher_android:generateReleaseBuildConfig' as it is up-to-date.
[        ] Resolve mutations for :url_launcher_android:generateReleaseResValues (Thread[#900,Execution worker Thread 11,5,main]) started.
[        ] :url_launcher_android:generateReleaseResValues (Thread[#900,Execution worker Thread 11,5,main]) started.
[        ] > Task :url_launcher_android:generateReleaseResValues UP-TO-DATE
[        ] Caching disabled for task ':url_launcher_android:generateReleaseResValues' because:
[        ]   Build cache is disabled
[        ] Skipping task ':url_launcher_android:generateReleaseResValues' as it is up-to-date.
[        ] Resolve mutations for :url_launcher_android:generateReleaseResources (Thread[#900,Execution worker Thread 11,5,main]) started.
[        ] :url_launcher_android:generateReleaseResources (Thread[#900,Execution worker Thread 11,5,main]) started.
[        ] > Task :url_launcher_android:generateReleaseResources UP-TO-DATE
[        ] Caching disabled for task ':url_launcher_android:generateReleaseResources' because:
[        ]   Build cache is disabled
[        ] Skipping task ':url_launcher_android:generateReleaseResources' as it is up-to-date.
[        ] Resolve mutations for :url_launcher_android:packageReleaseResources (Thread[#900,Execution worker Thread 11,5,main]) started.
[        ] :url_launcher_android:packageReleaseResources (Thread[#900,Execution worker Thread 11,5,main]) started.
[        ] > Task :url_launcher_android:packageReleaseResources UP-TO-DATE
[        ] Caching disabled for task ':url_launcher_android:packageReleaseResources' because:
[        ]   Build cache is disabled
[        ] Skipping task ':url_launcher_android:packageReleaseResources' as it is up-to-date.
[        ] work action resolve packageReleaseResources (project :url_launcher_android) (Thread[#900,Execution worker Thread 11,5,main]) started.
[        ] Resolve mutations for :url_launcher_android:parseReleaseLocalResources (Thread[#900,Execution worker Thread 11,5,main]) started.
[        ] :url_launcher_android:parseReleaseLocalResources (Thread[#900,Execution worker Thread 11,5,main]) started.
[        ] > Task :url_launcher_android:parseReleaseLocalResources UP-TO-DATE
[        ] Transforming android.jar with PlatformAttrTransform
[        ] Transforming android.jar with PlatformAttrTransform
[        ] Caching disabled for task ':url_launcher_android:parseReleaseLocalResources' because:
[        ]   Build cache is disabled
[        ] Skipping task ':url_launcher_android:parseReleaseLocalResources' as it is up-to-date.
[        ] Resolve mutations for :url_launcher_android:generateReleaseRFile (Thread[#900,Execution worker Thread 11,5,main]) started.
[        ] :url_launcher_android:generateReleaseRFile (Thread[#900,Execution worker Thread 11,5,main]) started.
[  +74 ms] > Task :url_launcher_android:generateReleaseRFile UP-TO-DATE
[        ] Transforming fragment-1.7.1.aar (androidx.fragment:fragment:1.7.1) with JetifyTransform
[        ] Transforming fragment-1.7.1.aar (androidx.fragment:fragment:1.7.1) with ExtractAarTransform
[        ] Transforming fragment-1.7.1.aar (androidx.fragment:fragment:1.7.1) with LibrarySymbolTableTransform
[        ] Transforming activity-1.8.1.aar (androidx.activity:activity:1.8.1) with JetifyTransform
[        ] Transforming activity-1.8.1.aar (androidx.activity:activity:1.8.1) with ExtractAarTransform
[        ] Transforming browser-1.8.0.aar (androidx.browser:browser:1.8.0) with JetifyTransform
[        ] Transforming activity-1.8.1.aar (androidx.activity:activity:1.8.1) with LibrarySymbolTableTransform
[        ] Transforming browser-1.8.0.aar (androidx.browser:browser:1.8.0) with ExtractAarTransform
[        ] Transforming loader-1.0.0.aar (androidx.loader:loader:1.0.0) with JetifyTransform
[        ] Transforming browser-1.8.0.aar (androidx.browser:browser:1.8.0) with LibrarySymbolTableTransform
[        ] Transforming loader-1.0.0.aar (androidx.loader:loader:1.0.0) with ExtractAarTransform
[        ] Transforming loader-1.0.0.aar (androidx.loader:loader:1.0.0) with LibrarySymbolTableTransform
[        ] Transforming lifecycle-livedata-core-ktx-2.7.0.aar (androidx.lifecycle:lifecycle-livedata-core-ktx:2.7.0) with JetifyTransform
[        ] Transforming lifecycle-livedata-core-ktx-2.7.0.aar (androidx.lifecycle:lifecycle-livedata-core-ktx:2.7.0) with ExtractAarTransform
[        ] Transforming lifecycle-livedata-core-ktx-2.7.0.aar (androidx.lifecycle:lifecycle-livedata-core-ktx:2.7.0) with LibrarySymbolTableTransform
[        ] Transforming lifecycle-livedata-2.7.0.aar (androidx.lifecycle:lifecycle-livedata:2.7.0) with JetifyTransform
[        ] Transforming lifecycle-livedata-2.7.0.aar (androidx.lifecycle:lifecycle-livedata:2.7.0) with ExtractAarTransform
[        ] Transforming lifecycle-livedata-2.7.0.aar (androidx.lifecycle:lifecycle-livedata:2.7.0) with LibrarySymbolTableTransform
[        ] Transforming lifecycle-viewmodel-2.7.0.aar (androidx.lifecycle:lifecycle-viewmodel:2.7.0) with JetifyTransform
[        ] Transforming lifecycle-viewmodel-2.7.0.aar (androidx.lifecycle:lifecycle-viewmodel:2.7.0) with ExtractAarTransform
[        ] Transforming lifecycle-viewmodel-2.7.0.aar (androidx.lifecycle:lifecycle-viewmodel:2.7.0) with LibrarySymbolTableTransform
[        ] Transforming lifecycle-viewmodel-2.7.0.aar (androidx.lifecycle:lifecycle-viewmodel:2.7.0) with JetifyTransform
[        ] Transforming lifecycle-viewmodel-2.7.0.aar (androidx.lifecycle:lifecycle-viewmodel:2.7.0) with ExtractAarTransform
[        ] Transforming lifecycle-viewmodel-2.7.0.aar (androidx.lifecycle:lifecycle-viewmodel:2.7.0) with LibrarySymbolTableTransform
[        ] Transforming lifecycle-livedata-core-2.7.0.aar (androidx.lifecycle:lifecycle-livedata-core:2.7.0) with JetifyTransform
[        ] Transforming lifecycle-livedata-core-2.7.0.aar (androidx.lifecycle:lifecycle-livedata-core:2.7.0) with ExtractAarTransform
[        ] Transforming lifecycle-livedata-core-2.7.0.aar (androidx.lifecycle:lifecycle-livedata-core:2.7.0) with LibrarySymbolTableTransform
[        ] Transforming lifecycle-runtime-2.7.0.aar (androidx.lifecycle:lifecycle-runtime:2.7.0) with JetifyTransform
[        ] Transforming lifecycle-runtime-2.7.0.aar (androidx.lifecycle:lifecycle-runtime:2.7.0) with ExtractAarTransform
[        ] Transforming lifecycle-runtime-2.7.0.aar (androidx.lifecycle:lifecycle-runtime:2.7.0) with LibrarySymbolTableTransform
[        ] Transforming lifecycle-process-2.7.0.aar (androidx.lifecycle:lifecycle-process:2.7.0) with JetifyTransform
[        ] Transforming lifecycle-process-2.7.0.aar (androidx.lifecycle:lifecycle-process:2.7.0) with ExtractAarTransform
[        ] Transforming lifecycle-process-2.7.0.aar (androidx.lifecycle:lifecycle-process:2.7.0) with LibrarySymbolTableTransform
[        ] Transforming lifecycle-viewmodel-savedstate-2.7.0.aar (androidx.lifecycle:lifecycle-viewmodel-savedstate:2.7.0) with JetifyTransform
[        ] Transforming lifecycle-viewmodel-savedstate-2.7.0.aar (androidx.lifecycle:lifecycle-viewmodel-savedstate:2.7.0) with ExtractAarTransform
[        ] Transforming lifecycle-viewmodel-savedstate-2.7.0.aar (androidx.lifecycle:lifecycle-viewmodel-savedstate:2.7.0) with LibrarySymbolTableTransform
[        ] Transforming core-ktx-1.13.1.aar (androidx.core:core-ktx:1.13.1) with JetifyTransform
[        ] Transforming core-ktx-1.13.1.aar (androidx.core:core-ktx:1.13.1) with ExtractAarTransform
[        ] Transforming core-ktx-1.13.1.aar (androidx.core:core-ktx:1.13.1) with LibrarySymbolTableTransform
[        ] Transforming viewpager-1.0.0.aar (androidx.viewpager:viewpager:1.0.0) with JetifyTransform
[        ] Transforming viewpager-1.0.0.aar (androidx.viewpager:viewpager:1.0.0) with ExtractAarTransform
[        ] Transforming viewpager-1.0.0.aar (androidx.viewpager:viewpager:1.0.0) with LibrarySymbolTableTransform
[        ] Transforming customview-1.0.0.aar (androidx.customview:customview:1.0.0) with JetifyTransform
[        ] Transforming customview-1.0.0.aar (androidx.customview:customview:1.0.0) with ExtractAarTransform
[        ] Transforming customview-1.0.0.aar (androidx.customview:customview:1.0.0) with LibrarySymbolTableTransform
[        ] Transforming core-1.13.1.aar (androidx.core:core:1.13.1) with JetifyTransform
[        ] Transforming core-1.13.1.aar (androidx.core:core:1.13.1) with ExtractAarTransform
[        ] Transforming core-1.13.1.aar (androidx.core:core:1.13.1) with LibrarySymbolTableTransform
[        ] Transforming core-1.13.1.aar (androidx.core:core:1.13.1) with JetifyTransform
[        ] Transforming core-1.13.1.aar (androidx.core:core:1.13.1) with ExtractAarTransform
[        ] Transforming core-1.13.1.aar (androidx.core:core:1.13.1) with LibrarySymbolTableTransform
[        ] Transforming versionedparcelable-1.1.1.aar (androidx.versionedparcelable:versionedparcelable:1.1.1) with JetifyTransform
[        ] Transforming versionedparcelable-1.1.1.aar (androidx.versionedparcelable:versionedparcelable:1.1.1) with ExtractAarTransform
[        ] Transforming versionedparcelable-1.1.1.aar (androidx.versionedparcelable:versionedparcelable:1.1.1) with LibrarySymbolTableTransform
[        ] Transforming core-runtime-2.2.0.aar (androidx.arch.core:core-runtime:2.2.0) with JetifyTransform
[        ] Transforming core-runtime-2.2.0.aar (androidx.arch.core:core-runtime:2.2.0) with ExtractAarTransform
[        ] Transforming core-runtime-2.2.0.aar (androidx.arch.core:core-runtime:2.2.0) with LibrarySymbolTableTransform
[        ] Transforming savedstate-1.2.1.aar (androidx.savedstate:savedstate:1.2.1) with JetifyTransform
[        ] Transforming savedstate-1.2.1.aar (androidx.savedstate:savedstate:1.2.1) with ExtractAarTransform
[        ] Transforming savedstate-1.2.1.aar (androidx.savedstate:savedstate:1.2.1) with LibrarySymbolTableTransform
[        ] Transforming annotation-experimental-1.4.0.aar (androidx.annotation:annotation-experimental:1.4.0) with JetifyTransform
[        ] Transforming annotation-experimental-1.4.0.aar (androidx.annotation:annotation-experimental:1.4.0) with ExtractAarTransform
[        ] Transforming annotation-experimental-1.4.0.aar (androidx.annotation:annotation-experimental:1.4.0) with LibrarySymbolTableTransform
[        ] Transforming window-1.2.0.aar (androidx.window:window:1.2.0) with JetifyTransform
[        ] Transforming window-1.2.0.aar (androidx.window:window:1.2.0) with ExtractAarTransform
[        ] Transforming window-1.2.0.aar (androidx.window:window:1.2.0) with LibrarySymbolTableTransform
[        ] Transforming window-java-1.2.0.aar (androidx.window:window-java:1.2.0) with JetifyTransform
[        ] Transforming window-java-1.2.0.aar (androidx.window:window-java:1.2.0) with ExtractAarTransform
[        ] Transforming window-java-1.2.0.aar (androidx.window:window-java:1.2.0) with LibrarySymbolTableTransform
[        ] Transforming startup-runtime-1.1.1.aar (androidx.startup:startup-runtime:1.1.1) with JetifyTransform
[        ] Transforming startup-runtime-1.1.1.aar (androidx.startup:startup-runtime:1.1.1) with ExtractAarTransform
[        ] Transforming startup-runtime-1.1.1.aar (androidx.startup:startup-runtime:1.1.1) with LibrarySymbolTableTransform
[        ] Transforming tracing-1.2.0.aar (androidx.tracing:tracing:1.2.0) with JetifyTransform
[        ] Transforming tracing-1.2.0.aar (androidx.tracing:tracing:1.2.0) with ExtractAarTransform
[        ] Transforming tracing-1.2.0.aar (androidx.tracing:tracing:1.2.0) with LibrarySymbolTableTransform
[        ] Transforming relinker-1.4.5.aar (com.getkeepsafe.relinker:relinker:1.4.5) with JetifyTransform
[        ] Transforming relinker-1.4.5.aar (com.getkeepsafe.relinker:relinker:1.4.5) with ExtractAarTransform
[        ] Transforming relinker-1.4.5.aar (com.getkeepsafe.relinker:relinker:1.4.5) with LibrarySymbolTableTransform
[        ] Transforming android.jar with PlatformAttrTransform
[        ] Caching disabled for task ':url_launcher_android:generateReleaseRFile' because:
[        ]   Build cache is disabled
[        ] Skipping task ':url_launcher_android:generateReleaseRFile' as it is up-to-date.
[        ] work action resolve package-aware-r.txt (project :url_launcher_android) (Thread[#900,Execution worker Thread 11,5,main]) started.
[        ] Resolve mutations for :url_launcher_android:javaPreCompileRelease (Thread[#900,Execution worker Thread 11,5,main]) started.
[        ] :url_launcher_android:javaPreCompileRelease (Thread[#900,Execution worker Thread 11,5,main]) started.
[        ] > Task :url_launcher_android:javaPreCompileRelease UP-TO-DATE
[        ] Caching disabled for task ':url_launcher_android:javaPreCompileRelease' because:
[        ]   Build cache is disabled
[        ] Skipping task ':url_launcher_android:javaPreCompileRelease' as it is up-to-date.
[        ] Resolve mutations for :url_launcher_android:compileReleaseJavaWithJavac (Thread[#900,Execution worker Thread 11,5,main]) started.
[        ] :url_launcher_android:compileReleaseJavaWithJavac (Thread[#900,Execution worker Thread 11,5,main]) started.
[        ] > Task :url_launcher_android:compileReleaseJavaWithJavac UP-TO-DATE
[        ] Transforming browser-1.8.0.aar (androidx.browser:browser:1.8.0) with JetifyTransform
[        ] Transforming browser-1.8.0.aar (androidx.browser:browser:1.8.0) with AarToClassTransform
[        ] Transforming flutter_embedding_release-1.0.0-a8bfdfc394deaed5c57bd45a64ac4294dc976a72.jar (io.flutter:flutter_embedding_release:1.0.0-a8bfdfc394deaed5c57bd45a64ac4294dc976a72) with JetifyTransform
[        ] Transforming flutter_embedding_release-1.0.0-a8bfdfc394deaed5c57bd45a64ac4294dc976a72.jar (io.flutter:flutter_embedding_release:1.0.0-a8bfdfc394deaed5c57bd45a64ac4294dc976a72) with IdentityTransform
[        ] Transforming fragment-1.7.1.aar (androidx.fragment:fragment:1.7.1) with JetifyTransform
[        ] Transforming fragment-1.7.1.aar (androidx.fragment:fragment:1.7.1) with AarToClassTransform
[        ] Transforming activity-1.8.1.aar (androidx.activity:activity:1.8.1) with JetifyTransform
[        ] Transforming activity-1.8.1.aar (androidx.activity:activity:1.8.1) with AarToClassTransform
[        ] Transforming loader-1.0.0.aar (androidx.loader:loader:1.0.0) with JetifyTransform
[        ] Transforming loader-1.0.0.aar (androidx.loader:loader:1.0.0) with AarToClassTransform
[        ] Transforming lifecycle-livedata-core-ktx-2.7.0.aar (androidx.lifecycle:lifecycle-livedata-core-ktx:2.7.0) with JetifyTransform
[        ] Transforming lifecycle-livedata-core-ktx-2.7.0.aar (androidx.lifecycle:lifecycle-livedata-core-ktx:2.7.0) with AarToClassTransform
[        ] Transforming lifecycle-livedata-2.7.0.aar (androidx.lifecycle:lifecycle-livedata:2.7.0) with JetifyTransform
[        ] Transforming lifecycle-livedata-2.7.0.aar (androidx.lifecycle:lifecycle-livedata:2.7.0) with AarToClassTransform
[        ] Transforming lifecycle-viewmodel-2.7.0.aar (androidx.lifecycle:lifecycle-viewmodel:2.7.0) with JetifyTransform
[        ] Transforming lifecycle-viewmodel-2.7.0.aar (androidx.lifecycle:lifecycle-viewmodel:2.7.0) with AarToClassTransform
[        ] Transforming lifecycle-viewmodel-2.7.0.aar (androidx.lifecycle:lifecycle-viewmodel:2.7.0) with JetifyTransform
[        ] Transforming lifecycle-viewmodel-2.7.0.aar (androidx.lifecycle:lifecycle-viewmodel:2.7.0) with AarToClassTransform
[        ] Transforming lifecycle-livedata-core-2.7.0.aar (androidx.lifecycle:lifecycle-livedata-core:2.7.0) with JetifyTransform
[        ] Transforming lifecycle-livedata-core-2.7.0.aar (androidx.lifecycle:lifecycle-livedata-core:2.7.0) with AarToClassTransform
[        ] Transforming lifecycle-common-java8-2.7.0.jar (androidx.lifecycle:lifecycle-common-java8:2.7.0) with JetifyTransform
[        ] Transforming lifecycle-common-java8-2.7.0.jar (androidx.lifecycle:lifecycle-common-java8:2.7.0) with IdentityTransform
[        ] Transforming lifecycle-common-2.7.0.jar (androidx.lifecycle:lifecycle-common:2.7.0) with JetifyTransform
[        ] Transforming lifecycle-common-2.7.0.jar (androidx.lifecycle:lifecycle-common:2.7.0) with IdentityTransform
[        ] Transforming lifecycle-runtime-2.7.0.aar (androidx.lifecycle:lifecycle-runtime:2.7.0) with JetifyTransform
[        ] Transforming lifecycle-runtime-2.7.0.aar (androidx.lifecycle:lifecycle-runtime:2.7.0) with AarToClassTransform
[        ] Transforming lifecycle-process-2.7.0.aar (androidx.lifecycle:lifecycle-process:2.7.0) with JetifyTransform
[        ] Transforming lifecycle-process-2.7.0.aar (androidx.lifecycle:lifecycle-process:2.7.0) with AarToClassTransform
[        ] Transforming lifecycle-viewmodel-savedstate-2.7.0.aar (androidx.lifecycle:lifecycle-viewmodel-savedstate:2.7.0) with JetifyTransform
[        ] Transforming lifecycle-viewmodel-savedstate-2.7.0.aar (androidx.lifecycle:lifecycle-viewmodel-savedstate:2.7.0) with AarToClassTransform
[        ] Transforming core-ktx-1.13.1.aar (androidx.core:core-ktx:1.13.1) with JetifyTransform
[        ] Transforming core-ktx-1.13.1.aar (androidx.core:core-ktx:1.13.1) with AarToClassTransform
[        ] Transforming viewpager-1.0.0.aar (androidx.viewpager:viewpager:1.0.0) with JetifyTransform
[        ] Transforming viewpager-1.0.0.aar (androidx.viewpager:viewpager:1.0.0) with AarToClassTransform
[        ] Transforming customview-1.0.0.aar (androidx.customview:customview:1.0.0) with JetifyTransform
[        ] Transforming customview-1.0.0.aar (androidx.customview:customview:1.0.0) with AarToClassTransform
[        ] Transforming core-1.13.1.aar (androidx.core:core:1.13.1) with JetifyTransform
[        ] Transforming core-1.13.1.aar (androidx.core:core:1.13.1) with AarToClassTransform
[        ] Transforming core-1.13.1.aar (androidx.core:core:1.13.1) with JetifyTransform
[        ] Transforming core-1.13.1.aar (androidx.core:core:1.13.1) with AarToClassTransform
[        ] Transforming versionedparcelable-1.1.1.aar (androidx.versionedparcelable:versionedparcelable:1.1.1) with JetifyTransform
[        ] Transforming versionedparcelable-1.1.1.aar (androidx.versionedparcelable:versionedparcelable:1.1.1) with AarToClassTransform
[        ] Transforming core-runtime-2.2.0.aar (androidx.arch.core:core-runtime:2.2.0) with JetifyTransform
[        ] Transforming core-runtime-2.2.0.aar (androidx.arch.core:core-runtime:2.2.0) with AarToClassTransform
[        ] Transforming core-common-2.2.0.jar (androidx.arch.core:core-common:2.2.0) with JetifyTransform
[        ] Transforming core-common-2.2.0.jar (androidx.arch.core:core-common:2.2.0) with IdentityTransform
[        ] Transforming collection-1.1.0.jar (androidx.collection:collection:1.1.0) with JetifyTransform
[        ] Transforming collection-1.1.0.jar (androidx.collection:collection:1.1.0) with IdentityTransform
[        ] Transforming savedstate-1.2.1.aar (androidx.savedstate:savedstate:1.2.1) with JetifyTransform
[        ] Transforming savedstate-1.2.1.aar (androidx.savedstate:savedstate:1.2.1) with AarToClassTransform
[        ] Transforming annotation-jvm-1.9.1.jar (androidx.annotation:annotation-jvm:1.9.1) with JetifyTransform
[        ] Transforming annotation-jvm-1.9.1.jar (androidx.annotation:annotation-jvm:1.9.1) with IdentityTransform
[        ] Transforming annotation-experimental-1.4.0.aar (androidx.annotation:annotation-experimental:1.4.0) with JetifyTransform
[        ] Transforming annotation-experimental-1.4.0.aar (androidx.annotation:annotation-experimental:1.4.0) with AarToClassTransform
[        ] Transforming window-1.2.0.aar (androidx.window:window:1.2.0) with JetifyTransform
[        ] Transforming window-1.2.0.aar (androidx.window:window:1.2.0) with AarToClassTransform
[        ] Transforming window-java-1.2.0.aar (androidx.window:window-java:1.2.0) with JetifyTransform
[        ] Transforming window-java-1.2.0.aar (androidx.window:window-java:1.2.0) with AarToClassTransform
[        ] Transforming kotlinx-coroutines-android-1.7.1.jar (org.jetbrains.kotlinx:kotlinx-coroutines-android:1.7.1) with JetifyTransform
[        ] Transforming kotlinx-coroutines-android-1.7.1.jar (org.jetbrains.kotlinx:kotlinx-coroutines-android:1.7.1) with IdentityTransform
[        ] Transforming kotlinx-coroutines-core-jvm-1.7.1.jar (org.jetbrains.kotlinx:kotlinx-coroutines-core-jvm:1.7.1) with JetifyTransform
[        ] Transforming kotlinx-coroutines-core-jvm-1.7.1.jar (org.jetbrains.kotlinx:kotlinx-coroutines-core-jvm:1.7.1) with IdentityTransform
[        ] Transforming kotlin-stdlib-jdk8-1.8.20.jar (org.jetbrains.kotlin:kotlin-stdlib-jdk8:1.8.20) with JetifyTransform
[        ] Transforming kotlin-stdlib-jdk8-1.8.20.jar (org.jetbrains.kotlin:kotlin-stdlib-jdk8:1.8.20) with IdentityTransform
[        ] Transforming kotlin-stdlib-jdk7-1.8.20.jar (org.jetbrains.kotlin:kotlin-stdlib-jdk7:1.8.20) with JetifyTransform
[        ] Transforming kotlin-stdlib-jdk7-1.8.20.jar (org.jetbrains.kotlin:kotlin-stdlib-jdk7:1.8.20) with IdentityTransform
[        ] Transforming kotlin-stdlib-1.9.24.jar (org.jetbrains.kotlin:kotlin-stdlib:1.9.24) with JetifyTransform
[        ] Transforming kotlin-stdlib-1.9.24.jar (org.jetbrains.kotlin:kotlin-stdlib:1.9.24) with IdentityTransform
[        ] Transforming annotations-23.0.0.jar (org.jetbrains:annotations:23.0.0) with JetifyTransform
[        ] Transforming annotations-23.0.0.jar (org.jetbrains:annotations:23.0.0) with IdentityTransform
[        ] Transforming listenablefuture-1.0.jar (com.google.guava:listenablefuture:1.0) with JetifyTransform
[        ] Transforming listenablefuture-1.0.jar (com.google.guava:listenablefuture:1.0) with IdentityTransform
[        ] Transforming startup-runtime-1.1.1.aar (androidx.startup:startup-runtime:1.1.1) with JetifyTransform
[        ] Transforming startup-runtime-1.1.1.aar (androidx.startup:startup-runtime:1.1.1) with AarToClassTransform
[        ] Transforming tracing-1.2.0.aar (androidx.tracing:tracing:1.2.0) with JetifyTransform
[        ] Transforming tracing-1.2.0.aar (androidx.tracing:tracing:1.2.0) with AarToClassTransform
[        ] Transforming relinker-1.4.5.aar (com.getkeepsafe.relinker:relinker:1.4.5) with JetifyTransform
[        ] Transforming relinker-1.4.5.aar (com.getkeepsafe.relinker:relinker:1.4.5) with AarToClassTransform
[        ] Transforming core-for-system-modules.jar with JdkImageTransform
[        ] Transforming core-for-system-modules.jar with JdkImageTransform
[        ] Transforming core-for-system-modules.jar with JdkImageTransform
[        ] Transforming core-for-system-modules.jar with JdkImageTransform
[        ] Transforming core-for-system-modules.jar with JdkImageTransform
[        ] Transforming core-for-system-modules.jar with JdkImageTransform
[        ] Custom actions are attached to task ':url_launcher_android:compileReleaseJavaWithJavac'.
[        ] Caching disabled for task ':url_launcher_android:compileReleaseJavaWithJavac' because:
[        ]   Build cache is disabled
[        ] Skipping task ':url_launcher_android:compileReleaseJavaWithJavac' as it is up-to-date.
[        ] No compile result for :url_launcher_android:compileReleaseJavaWithJavac
[        ] No compile result for :url_launcher_android:compileReleaseJavaWithJavac
[        ] Resolve mutations for :url_launcher_android:mergeReleaseGeneratedProguardFiles (Thread[#900,Execution worker Thread 11,5,main]) started.
[        ] :url_launcher_android:mergeReleaseGeneratedProguardFiles (Thread[#900,Execution worker Thread 11,5,main]) started.
[        ] > Task :url_launcher_android:mergeReleaseGeneratedProguardFiles UP-TO-DATE
[        ] Caching disabled for task ':url_launcher_android:mergeReleaseGeneratedProguardFiles' because:
[        ]   Build cache is disabled
[        ]   Simple merging task
[        ] Skipping task ':url_launcher_android:mergeReleaseGeneratedProguardFiles' as it is up-to-date.
[        ] Resolve mutations for :url_launcher_android:exportReleaseConsumerProguardFiles (Thread[#900,Execution worker Thread 11,5,main]) started.
[        ] :url_launcher_android:exportReleaseConsumerProguardFiles (Thread[#900,Execution worker Thread 11,5,main]) started.
[        ] > Task :url_launcher_android:exportReleaseConsumerProguardFiles UP-TO-DATE
[        ] Caching disabled for task ':url_launcher_android:exportReleaseConsumerProguardFiles' because:
[        ]   Build cache is disabled
[        ]   Caching has been disabled for the task
[        ] Skipping task ':url_launcher_android:exportReleaseConsumerProguardFiles' as it is up-to-date.
[        ] work action resolve exportReleaseConsumerProguardFiles (project :url_launcher_android) (Thread[#900,Execution worker Thread 11,5,main]) started.
[        ] FilterShrinkerRulesTransform (Thread[#900,Execution worker Thread 11,5,main]) started.
[        ] Resolve mutations for :vibration:preBuild (Thread[#896,Execution worker Thread 7,5,main]) started.
[        ] > Transform exportReleaseConsumerProguardFiles (project :url_launcher_android) with FilterShrinkerRulesTransform
[        ] Transforming exportReleaseConsumerProguardFiles (project :url_launcher_android) with FilterShrinkerRulesTransform
[        ] :vibration:preBuild (Thread[#896,Execution worker Thread 7,5,main]) started.
[        ] > Task :vibration:preBuild UP-TO-DATE
[        ] Skipping task ':vibration:preBuild' as it has no actions.
[        ] Resolve mutations for :vibration:preReleaseBuild (Thread[#896,Execution worker Thread 7,5,main]) started.
[        ] :vibration:preReleaseBuild (Thread[#896,Execution worker Thread 7,5,main]) started.
[        ] > Task :vibration:preReleaseBuild UP-TO-DATE
[        ] Skipping task ':vibration:preReleaseBuild' as it has no actions.
[        ] Resolve mutations for :vibration:generateReleaseBuildConfig (Thread[#896,Execution worker Thread 7,5,main]) started.
[        ] :vibration:generateReleaseBuildConfig (Thread[#896,Execution worker Thread 7,5,main]) started.
[        ] > Task :vibration:generateReleaseBuildConfig UP-TO-DATE
[        ] Caching disabled for task ':vibration:generateReleaseBuildConfig' because:
[        ]   Build cache is disabled
[        ] Skipping task ':vibration:generateReleaseBuildConfig' as it is up-to-date.
[        ] Resolve mutations for :vibration:generateReleaseResValues (Thread[#896,Execution worker Thread 7,5,main]) started.
[        ] :vibration:generateReleaseResValues (Thread[#896,Execution worker Thread 7,5,main]) started.
[        ] > Task :vibration:generateReleaseResValues UP-TO-DATE
[        ] Caching disabled for task ':vibration:generateReleaseResValues' because:
[        ]   Build cache is disabled
[        ] Skipping task ':vibration:generateReleaseResValues' as it is up-to-date.
[        ] Resolve mutations for :vibration:generateReleaseResources (Thread[#896,Execution worker Thread 7,5,main]) started.
[        ] :vibration:generateReleaseResources (Thread[#896,Execution worker Thread 7,5,main]) started.
[        ] > Task :vibration:generateReleaseResources UP-TO-DATE
[        ] Caching disabled for task ':vibration:generateReleaseResources' because:
[        ]   Build cache is disabled
[        ] Skipping task ':vibration:generateReleaseResources' as it is up-to-date.
[        ] Resolve mutations for :vibration:packageReleaseResources (Thread[#896,Execution worker Thread 7,5,main]) started.
[        ] :vibration:packageReleaseResources (Thread[#896,Execution worker Thread 7,5,main]) started.
[        ] > Task :vibration:packageReleaseResources UP-TO-DATE
[        ] Caching disabled for task ':vibration:packageReleaseResources' because:
[        ]   Build cache is disabled
[        ] Skipping task ':vibration:packageReleaseResources' as it is up-to-date.
[        ] work action resolve packageReleaseResources (project :vibration) (Thread[#896,Execution worker Thread 7,5,main]) started.
[        ] Resolve mutations for :vibration:parseReleaseLocalResources (Thread[#896,Execution worker Thread 7,5,main]) started.
[        ] :vibration:parseReleaseLocalResources (Thread[#896,Execution worker Thread 7,5,main]) started.
[        ] > Task :vibration:parseReleaseLocalResources UP-TO-DATE
[        ] Transforming android.jar with PlatformAttrTransform
[        ] Transforming android.jar with PlatformAttrTransform
[        ] Caching disabled for task ':vibration:parseReleaseLocalResources' because:
[        ]   Build cache is disabled
[        ] Skipping task ':vibration:parseReleaseLocalResources' as it is up-to-date.
[        ] Resolve mutations for :vibration:generateReleaseRFile (Thread[#896,Execution worker Thread 7,5,main]) started.
[        ] :vibration:generateReleaseRFile (Thread[#896,Execution worker Thread 7,5,main]) started.
[        ] > Task :vibration:generateReleaseRFile UP-TO-DATE
[        ] Transforming fragment-1.7.1.aar (androidx.fragment:fragment:1.7.1) with JetifyTransform
[        ] Transforming fragment-1.7.1.aar (androidx.fragment:fragment:1.7.1) with ExtractAarTransform
[        ] Transforming fragment-1.7.1.aar (androidx.fragment:fragment:1.7.1) with LibrarySymbolTableTransform
[        ] Transforming activity-1.8.1.aar (androidx.activity:activity:1.8.1) with JetifyTransform
[        ] Transforming activity-1.8.1.aar (androidx.activity:activity:1.8.1) with ExtractAarTransform
[        ] Transforming activity-1.8.1.aar (androidx.activity:activity:1.8.1) with LibrarySymbolTableTransform
[        ] Transforming loader-1.0.0.aar (androidx.loader:loader:1.0.0) with JetifyTransform
[        ] Transforming loader-1.0.0.aar (androidx.loader:loader:1.0.0) with ExtractAarTransform
[        ] Transforming loader-1.0.0.aar (androidx.loader:loader:1.0.0) with LibrarySymbolTableTransform
[        ] Transforming lifecycle-livedata-core-ktx-2.7.0.aar (androidx.lifecycle:lifecycle-livedata-core-ktx:2.7.0) with JetifyTransform
[        ] Transforming lifecycle-livedata-core-ktx-2.7.0.aar (androidx.lifecycle:lifecycle-livedata-core-ktx:2.7.0) with ExtractAarTransform
[        ] Transforming lifecycle-livedata-core-ktx-2.7.0.aar (androidx.lifecycle:lifecycle-livedata-core-ktx:2.7.0) with LibrarySymbolTableTransform
[        ] Transforming lifecycle-livedata-2.7.0.aar (androidx.lifecycle:lifecycle-livedata:2.7.0) with JetifyTransform
[        ] Transforming lifecycle-livedata-2.7.0.aar (androidx.lifecycle:lifecycle-livedata:2.7.0) with ExtractAarTransform
[        ] Transforming lifecycle-livedata-2.7.0.aar (androidx.lifecycle:lifecycle-livedata:2.7.0) with LibrarySymbolTableTransform
[        ] Transforming lifecycle-viewmodel-2.7.0.aar (androidx.lifecycle:lifecycle-viewmodel:2.7.0) with JetifyTransform
[        ] Transforming lifecycle-viewmodel-2.7.0.aar (androidx.lifecycle:lifecycle-viewmodel:2.7.0) with ExtractAarTransform
[        ] Transforming lifecycle-viewmodel-2.7.0.aar (androidx.lifecycle:lifecycle-viewmodel:2.7.0) with LibrarySymbolTableTransform
[        ] Transforming lifecycle-viewmodel-2.7.0.aar (androidx.lifecycle:lifecycle-viewmodel:2.7.0) with JetifyTransform
[        ] Transforming lifecycle-viewmodel-2.7.0.aar (androidx.lifecycle:lifecycle-viewmodel:2.7.0) with ExtractAarTransform
[        ] Transforming lifecycle-viewmodel-2.7.0.aar (androidx.lifecycle:lifecycle-viewmodel:2.7.0) with LibrarySymbolTableTransform
[        ] Transforming lifecycle-livedata-core-2.7.0.aar (androidx.lifecycle:lifecycle-livedata-core:2.7.0) with JetifyTransform
[        ] Transforming lifecycle-livedata-core-2.7.0.aar (androidx.lifecycle:lifecycle-livedata-core:2.7.0) with ExtractAarTransform
[        ] Transforming lifecycle-livedata-core-2.7.0.aar (androidx.lifecycle:lifecycle-livedata-core:2.7.0) with LibrarySymbolTableTransform
[        ] Transforming lifecycle-viewmodel-savedstate-2.7.0.aar (androidx.lifecycle:lifecycle-viewmodel-savedstate:2.7.0) with JetifyTransform
[        ] Transforming lifecycle-viewmodel-savedstate-2.7.0.aar (androidx.lifecycle:lifecycle-viewmodel-savedstate:2.7.0) with ExtractAarTransform
[        ] Transforming lifecycle-viewmodel-savedstate-2.7.0.aar (androidx.lifecycle:lifecycle-viewmodel-savedstate:2.7.0) with LibrarySymbolTableTransform
[        ] Transforming core-ktx-1.13.1.aar (androidx.core:core-ktx:1.13.1) with JetifyTransform
[        ] Transforming core-ktx-1.13.1.aar (androidx.core:core-ktx:1.13.1) with ExtractAarTransform
[        ] Transforming core-ktx-1.13.1.aar (androidx.core:core-ktx:1.13.1) with LibrarySymbolTableTransform
[        ] Transforming viewpager-1.0.0.aar (androidx.viewpager:viewpager:1.0.0) with JetifyTransform
[        ] Transforming viewpager-1.0.0.aar (androidx.viewpager:viewpager:1.0.0) with ExtractAarTransform
[        ] Transforming viewpager-1.0.0.aar (androidx.viewpager:viewpager:1.0.0) with LibrarySymbolTableTransform
[        ] Transforming customview-1.0.0.aar (androidx.customview:customview:1.0.0) with JetifyTransform
[        ] Transforming customview-1.0.0.aar (androidx.customview:customview:1.0.0) with ExtractAarTransform
[        ] Transforming customview-1.0.0.aar (androidx.customview:customview:1.0.0) with LibrarySymbolTableTransform
[        ] Transforming core-1.13.1.aar (androidx.core:core:1.13.1) with JetifyTransform
[        ] Transforming core-1.13.1.aar (androidx.core:core:1.13.1) with ExtractAarTransform
[        ] Transforming core-1.13.1.aar (androidx.core:core:1.13.1) with LibrarySymbolTableTransform
[        ] Transforming core-1.13.1.aar (androidx.core:core:1.13.1) with JetifyTransform
[        ] Transforming core-1.13.1.aar (androidx.core:core:1.13.1) with ExtractAarTransform
[        ] Transforming core-1.13.1.aar (androidx.core:core:1.13.1) with LibrarySymbolTableTransform
[        ] Transforming lifecycle-runtime-2.7.0.aar (androidx.lifecycle:lifecycle-runtime:2.7.0) with JetifyTransform
[        ] Transforming lifecycle-runtime-2.7.0.aar (androidx.lifecycle:lifecycle-runtime:2.7.0) with ExtractAarTransform
[        ] Transforming lifecycle-runtime-2.7.0.aar (androidx.lifecycle:lifecycle-runtime:2.7.0) with LibrarySymbolTableTransform
[        ] Transforming lifecycle-process-2.7.0.aar (androidx.lifecycle:lifecycle-process:2.7.0) with JetifyTransform
[        ] Transforming lifecycle-process-2.7.0.aar (androidx.lifecycle:lifecycle-process:2.7.0) with ExtractAarTransform
[        ] Transforming lifecycle-process-2.7.0.aar (androidx.lifecycle:lifecycle-process:2.7.0) with LibrarySymbolTableTransform
[        ] Transforming core-runtime-2.2.0.aar (androidx.arch.core:core-runtime:2.2.0) with JetifyTransform
[        ] Transforming core-runtime-2.2.0.aar (androidx.arch.core:core-runtime:2.2.0) with ExtractAarTransform
[        ] Transforming core-runtime-2.2.0.aar (androidx.arch.core:core-runtime:2.2.0) with LibrarySymbolTableTransform
[        ] Transforming versionedparcelable-1.1.1.aar (androidx.versionedparcelable:versionedparcelable:1.1.1) with JetifyTransform
[        ] Transforming versionedparcelable-1.1.1.aar (androidx.versionedparcelable:versionedparcelable:1.1.1) with ExtractAarTransform
[        ] Transforming versionedparcelable-1.1.1.aar (androidx.versionedparcelable:versionedparcelable:1.1.1) with LibrarySymbolTableTransform
[        ] Transforming savedstate-1.2.1.aar (androidx.savedstate:savedstate:1.2.1) with JetifyTransform
[        ] Transforming savedstate-1.2.1.aar (androidx.savedstate:savedstate:1.2.1) with ExtractAarTransform
[        ] Transforming savedstate-1.2.1.aar (androidx.savedstate:savedstate:1.2.1) with LibrarySymbolTableTransform
[        ] Transforming window-1.2.0.aar (androidx.window:window:1.2.0) with JetifyTransform
[        ] Transforming window-1.2.0.aar (androidx.window:window:1.2.0) with ExtractAarTransform
[        ] Transforming window-1.2.0.aar (androidx.window:window:1.2.0) with LibrarySymbolTableTransform
[        ] Transforming window-java-1.2.0.aar (androidx.window:window-java:1.2.0) with JetifyTransform
[        ] Transforming window-java-1.2.0.aar (androidx.window:window-java:1.2.0) with ExtractAarTransform
[        ] Transforming window-java-1.2.0.aar (androidx.window:window-java:1.2.0) with LibrarySymbolTableTransform
[        ] Transforming annotation-experimental-1.4.0.aar (androidx.annotation:annotation-experimental:1.4.0) with JetifyTransform
[        ] Transforming annotation-experimental-1.4.0.aar (androidx.annotation:annotation-experimental:1.4.0) with ExtractAarTransform
[        ] Transforming annotation-experimental-1.4.0.aar (androidx.annotation:annotation-experimental:1.4.0) with LibrarySymbolTableTransform
[        ] Transforming startup-runtime-1.1.1.aar (androidx.startup:startup-runtime:1.1.1) with JetifyTransform
[        ] Transforming startup-runtime-1.1.1.aar (androidx.startup:startup-runtime:1.1.1) with ExtractAarTransform
[        ] Transforming startup-runtime-1.1.1.aar (androidx.startup:startup-runtime:1.1.1) with LibrarySymbolTableTransform
[        ] Transforming tracing-1.2.0.aar (androidx.tracing:tracing:1.2.0) with JetifyTransform
[        ] Transforming tracing-1.2.0.aar (androidx.tracing:tracing:1.2.0) with ExtractAarTransform
[        ] Transforming tracing-1.2.0.aar (androidx.tracing:tracing:1.2.0) with LibrarySymbolTableTransform
[        ] Transforming relinker-1.4.5.aar (com.getkeepsafe.relinker:relinker:1.4.5) with JetifyTransform
[        ] Transforming relinker-1.4.5.aar (com.getkeepsafe.relinker:relinker:1.4.5) with ExtractAarTransform
[        ] Transforming relinker-1.4.5.aar (com.getkeepsafe.relinker:relinker:1.4.5) with LibrarySymbolTableTransform
[        ] Transforming android.jar with PlatformAttrTransform
[        ] Caching disabled for task ':vibration:generateReleaseRFile' because:
[        ]   Build cache is disabled
[        ] Skipping task ':vibration:generateReleaseRFile' as it is up-to-date.
[        ] work action resolve package-aware-r.txt (project :vibration) (Thread[#896,Execution worker Thread 7,5,main]) started.
[        ] Resolve mutations for :vibration:javaPreCompileRelease (Thread[#896,Execution worker Thread 7,5,main]) started.
[        ] :vibration:javaPreCompileRelease (Thread[#896,Execution worker Thread 7,5,main]) started.
[        ] > Task :vibration:javaPreCompileRelease UP-TO-DATE
[        ] Caching disabled for task ':vibration:javaPreCompileRelease' because:
[        ]   Build cache is disabled
[        ] Skipping task ':vibration:javaPreCompileRelease' as it is up-to-date.
[        ] Resolve mutations for :vibration:compileReleaseJavaWithJavac (Thread[#896,Execution worker Thread 7,5,main]) started.
[        ] :vibration:compileReleaseJavaWithJavac (Thread[#896,Execution worker Thread 7,5,main]) started.
[        ] > Task :vibration:compileReleaseJavaWithJavac UP-TO-DATE
[        ] Transforming flutter_embedding_release-1.0.0-a8bfdfc394deaed5c57bd45a64ac4294dc976a72.jar (io.flutter:flutter_embedding_release:1.0.0-a8bfdfc394deaed5c57bd45a64ac4294dc976a72) with JetifyTransform
[        ] Transforming flutter_embedding_release-1.0.0-a8bfdfc394deaed5c57bd45a64ac4294dc976a72.jar (io.flutter:flutter_embedding_release:1.0.0-a8bfdfc394deaed5c57bd45a64ac4294dc976a72) with IdentityTransform
[        ] Transforming fragment-1.7.1.aar (androidx.fragment:fragment:1.7.1) with JetifyTransform
[        ] Transforming fragment-1.7.1.aar (androidx.fragment:fragment:1.7.1) with AarToClassTransform
[        ] Transforming activity-1.8.1.aar (androidx.activity:activity:1.8.1) with JetifyTransform
[        ] Transforming activity-1.8.1.aar (androidx.activity:activity:1.8.1) with AarToClassTransform
[        ] Transforming loader-1.0.0.aar (androidx.loader:loader:1.0.0) with JetifyTransform
[        ] Transforming loader-1.0.0.aar (androidx.loader:loader:1.0.0) with AarToClassTransform
[        ] Transforming lifecycle-livedata-core-ktx-2.7.0.aar (androidx.lifecycle:lifecycle-livedata-core-ktx:2.7.0) with JetifyTransform
[        ] Transforming lifecycle-livedata-core-ktx-2.7.0.aar (androidx.lifecycle:lifecycle-livedata-core-ktx:2.7.0) with AarToClassTransform
[        ] Transforming lifecycle-livedata-2.7.0.aar (androidx.lifecycle:lifecycle-livedata:2.7.0) with JetifyTransform
[        ] Transforming lifecycle-livedata-2.7.0.aar (androidx.lifecycle:lifecycle-livedata:2.7.0) with AarToClassTransform
[        ] Transforming lifecycle-viewmodel-2.7.0.aar (androidx.lifecycle:lifecycle-viewmodel:2.7.0) with JetifyTransform
[        ] Transforming lifecycle-viewmodel-2.7.0.aar (androidx.lifecycle:lifecycle-viewmodel:2.7.0) with AarToClassTransform
[        ] Transforming lifecycle-viewmodel-2.7.0.aar (androidx.lifecycle:lifecycle-viewmodel:2.7.0) with JetifyTransform
[        ] Transforming lifecycle-viewmodel-2.7.0.aar (androidx.lifecycle:lifecycle-viewmodel:2.7.0) with AarToClassTransform
[        ] Transforming lifecycle-livedata-core-2.7.0.aar (androidx.lifecycle:lifecycle-livedata-core:2.7.0) with JetifyTransform
[        ] Transforming lifecycle-livedata-core-2.7.0.aar (androidx.lifecycle:lifecycle-livedata-core:2.7.0) with AarToClassTransform
[        ] Transforming lifecycle-viewmodel-savedstate-2.7.0.aar (androidx.lifecycle:lifecycle-viewmodel-savedstate:2.7.0) with JetifyTransform
[        ] Transforming lifecycle-viewmodel-savedstate-2.7.0.aar (androidx.lifecycle:lifecycle-viewmodel-savedstate:2.7.0) with AarToClassTransform
[        ] Transforming core-ktx-1.13.1.aar (androidx.core:core-ktx:1.13.1) with JetifyTransform
[        ] Transforming core-ktx-1.13.1.aar (androidx.core:core-ktx:1.13.1) with AarToClassTransform
[        ] Transforming viewpager-1.0.0.aar (androidx.viewpager:viewpager:1.0.0) with JetifyTransform
[        ] Transforming viewpager-1.0.0.aar (androidx.viewpager:viewpager:1.0.0) with AarToClassTransform
[        ] Transforming customview-1.0.0.aar (androidx.customview:customview:1.0.0) with JetifyTransform
[        ] Transforming customview-1.0.0.aar (androidx.customview:customview:1.0.0) with AarToClassTransform
[        ] Transforming core-1.13.1.aar (androidx.core:core:1.13.1) with JetifyTransform
[        ] Transforming core-1.13.1.aar (androidx.core:core:1.13.1) with AarToClassTransform
[        ] Transforming core-1.13.1.aar (androidx.core:core:1.13.1) with JetifyTransform
[        ] Transforming core-1.13.1.aar (androidx.core:core:1.13.1) with AarToClassTransform
[        ] Transforming lifecycle-runtime-2.7.0.aar (androidx.lifecycle:lifecycle-runtime:2.7.0) with JetifyTransform
[        ] Transforming lifecycle-runtime-2.7.0.aar (androidx.lifecycle:lifecycle-runtime:2.7.0) with AarToClassTransform
[        ] Transforming lifecycle-process-2.7.0.aar (androidx.lifecycle:lifecycle-process:2.7.0) with JetifyTransform
[        ] Transforming lifecycle-process-2.7.0.aar (androidx.lifecycle:lifecycle-process:2.7.0) with AarToClassTransform
[        ] Transforming lifecycle-common-java8-2.7.0.jar (androidx.lifecycle:lifecycle-common-java8:2.7.0) with JetifyTransform
[        ] Transforming lifecycle-common-java8-2.7.0.jar (androidx.lifecycle:lifecycle-common-java8:2.7.0) with IdentityTransform
[        ] Transforming lifecycle-common-2.7.0.jar (androidx.lifecycle:lifecycle-common:2.7.0) with JetifyTransform
[        ] Transforming lifecycle-common-2.7.0.jar (androidx.lifecycle:lifecycle-common:2.7.0) with IdentityTransform
[        ] Transforming core-runtime-2.2.0.aar (androidx.arch.core:core-runtime:2.2.0) with JetifyTransform
[        ] Transforming core-runtime-2.2.0.aar (androidx.arch.core:core-runtime:2.2.0) with AarToClassTransform
[        ] Transforming core-common-2.2.0.jar (androidx.arch.core:core-common:2.2.0) with JetifyTransform
[        ] Transforming core-common-2.2.0.jar (androidx.arch.core:core-common:2.2.0) with IdentityTransform
[        ] Transforming versionedparcelable-1.1.1.aar (androidx.versionedparcelable:versionedparcelable:1.1.1) with JetifyTransform
[        ] Transforming versionedparcelable-1.1.1.aar (androidx.versionedparcelable:versionedparcelable:1.1.1) with AarToClassTransform
[        ] Transforming collection-1.1.0.jar (androidx.collection:collection:1.1.0) with JetifyTransform
[        ] Transforming collection-1.1.0.jar (androidx.collection:collection:1.1.0) with IdentityTransform
[        ] Transforming savedstate-1.2.1.aar (androidx.savedstate:savedstate:1.2.1) with JetifyTransform
[        ] Transforming savedstate-1.2.1.aar (androidx.savedstate:savedstate:1.2.1) with AarToClassTransform
[        ] Transforming annotation-jvm-1.8.0.jar (androidx.annotation:annotation-jvm:1.8.0) with JetifyTransform
[        ] Transforming annotation-jvm-1.8.0.jar (androidx.annotation:annotation-jvm:1.8.0) with IdentityTransform
[        ] Transforming window-1.2.0.aar (androidx.window:window:1.2.0) with JetifyTransform
[        ] Transforming window-1.2.0.aar (androidx.window:window:1.2.0) with AarToClassTransform
[        ] Transforming window-java-1.2.0.aar (androidx.window:window-java:1.2.0) with JetifyTransform
[        ] Transforming window-java-1.2.0.aar (androidx.window:window-java:1.2.0) with AarToClassTransform
[        ] Transforming annotation-experimental-1.4.0.aar (androidx.annotation:annotation-experimental:1.4.0) with JetifyTransform
[        ] Transforming annotation-experimental-1.4.0.aar (androidx.annotation:annotation-experimental:1.4.0) with AarToClassTransform
[        ] Transforming kotlinx-coroutines-core-jvm-1.7.1.jar (org.jetbrains.kotlinx:kotlinx-coroutines-core-jvm:1.7.1) with JetifyTransform
[        ] Transforming kotlinx-coroutines-core-jvm-1.7.1.jar (org.jetbrains.kotlinx:kotlinx-coroutines-core-jvm:1.7.1) with IdentityTransform
[        ] Transforming kotlinx-coroutines-android-1.7.1.jar (org.jetbrains.kotlinx:kotlinx-coroutines-android:1.7.1) with JetifyTransform
[        ] Transforming kotlinx-coroutines-android-1.7.1.jar (org.jetbrains.kotlinx:kotlinx-coroutines-android:1.7.1) with IdentityTransform
[        ] Transforming kotlin-stdlib-jdk8-1.8.20.jar (org.jetbrains.kotlin:kotlin-stdlib-jdk8:1.8.20) with JetifyTransform
[        ] Transforming kotlin-stdlib-jdk8-1.8.20.jar (org.jetbrains.kotlin:kotlin-stdlib-jdk8:1.8.20) with IdentityTransform
[        ] Transforming kotlin-stdlib-jdk7-1.8.20.jar (org.jetbrains.kotlin:kotlin-stdlib-jdk7:1.8.20) with JetifyTransform
[        ] Transforming kotlin-stdlib-jdk7-1.8.20.jar (org.jetbrains.kotlin:kotlin-stdlib-jdk7:1.8.20) with IdentityTransform
[        ] Transforming kotlin-stdlib-1.8.22.jar (org.jetbrains.kotlin:kotlin-stdlib:1.8.22) with JetifyTransform
[        ] Transforming kotlin-stdlib-1.8.22.jar (org.jetbrains.kotlin:kotlin-stdlib:1.8.22) with IdentityTransform
[        ] Transforming kotlin-stdlib-common-1.8.22.jar (org.jetbrains.kotlin:kotlin-stdlib-common:1.8.22) with JetifyTransform
[        ] Transforming kotlin-stdlib-common-1.8.22.jar (org.jetbrains.kotlin:kotlin-stdlib-common:1.8.22) with IdentityTransform
[        ] Transforming annotations-23.0.0.jar (org.jetbrains:annotations:23.0.0) with JetifyTransform
[        ] Transforming annotations-23.0.0.jar (org.jetbrains:annotations:23.0.0) with IdentityTransform
[        ] Transforming startup-runtime-1.1.1.aar (androidx.startup:startup-runtime:1.1.1) with JetifyTransform
[        ] Transforming startup-runtime-1.1.1.aar (androidx.startup:startup-runtime:1.1.1) with AarToClassTransform
[        ] Transforming tracing-1.2.0.aar (androidx.tracing:tracing:1.2.0) with JetifyTransform
[        ] Transforming tracing-1.2.0.aar (androidx.tracing:tracing:1.2.0) with AarToClassTransform
[        ] Transforming relinker-1.4.5.aar (com.getkeepsafe.relinker:relinker:1.4.5) with JetifyTransform
[        ] Transforming relinker-1.4.5.aar (com.getkeepsafe.relinker:relinker:1.4.5) with AarToClassTransform
[        ] Custom actions are attached to task ':vibration:compileReleaseJavaWithJavac'.
[        ] Caching disabled for task ':vibration:compileReleaseJavaWithJavac' because:
[        ]   Build cache is disabled
[        ] Skipping task ':vibration:compileReleaseJavaWithJavac' as it is up-to-date.
[        ] No compile result for :vibration:compileReleaseJavaWithJavac
[        ] No compile result for :vibration:compileReleaseJavaWithJavac
[        ] Resolve mutations for :vibration:mergeReleaseGeneratedProguardFiles (Thread[#896,Execution worker Thread 7,5,main]) started.
[        ] :vibration:mergeReleaseGeneratedProguardFiles (Thread[#896,Execution worker Thread 7,5,main]) started.
[        ] > Task :vibration:mergeReleaseGeneratedProguardFiles UP-TO-DATE
[        ] Caching disabled for task ':vibration:mergeReleaseGeneratedProguardFiles' because:
[        ]   Build cache is disabled
[        ]   Simple merging task
[        ] Skipping task ':vibration:mergeReleaseGeneratedProguardFiles' as it is up-to-date.
[        ] Resolve mutations for :vibration:exportReleaseConsumerProguardFiles (Thread[#896,Execution worker Thread 7,5,main]) started.
[        ] :vibration:exportReleaseConsumerProguardFiles (Thread[#896,Execution worker Thread 7,5,main]) started.
[        ] > Task :vibration:exportReleaseConsumerProguardFiles UP-TO-DATE
[        ] Caching disabled for task ':vibration:exportReleaseConsumerProguardFiles' because:
[        ]   Build cache is disabled
[        ]   Caching has been disabled for the task
[        ] Skipping task ':vibration:exportReleaseConsumerProguardFiles' as it is up-to-date.
[        ] work action resolve exportReleaseConsumerProguardFiles (project :vibration) (Thread[#896,Execution worker Thread 7,5,main]) started.
[        ] FilterShrinkerRulesTransform (Thread[#896,Execution worker Thread 7,5,main]) started.
[        ] Resolve mutations for :app:buildKotlinToolingMetadata (Thread[#890,Execution worker,5,main]) started.
[        ] > Transform exportReleaseConsumerProguardFiles (project :vibration) with FilterShrinkerRulesTransform
[        ] Transforming exportReleaseConsumerProguardFiles (project :vibration) with FilterShrinkerRulesTransform
[        ] :app:buildKotlinToolingMetadata (Thread[#890,Execution worker,5,main]) started.
[        ] > Task :app:buildKotlinToolingMetadata UP-TO-DATE
[        ] Caching disabled for task ':app:buildKotlinToolingMetadata' because:
[        ]   Build cache is disabled
[        ]   Caching has been disabled for the task
[        ] Skipping task ':app:buildKotlinToolingMetadata' as it is up-to-date.
[        ] Resolve mutations for :app:compileFlutterBuildRelease (Thread[#890,Execution worker,5,main]) started.
[        ] :app:compileFlutterBuildRelease (Thread[#890,Execution worker,5,main]) started.
[+1983 ms] > Task :app:compileFlutterBuildRelease
[        ] Caching disabled for task ':app:compileFlutterBuildRelease' because:
[        ]   Build cache is disabled
[        ]   Caching has not been enabled for the task
[        ] Task ':app:compileFlutterBuildRelease' is not up-to-date because:
[        ]   Value of input property 'verbose' has changed for task ':app:compileFlutterBuildRelease'
[        ] Starting process 'command 'C:\dev\flutter\bin\flutter.bat''. Working directory: C:\Users\jakao\Proyectos\app_gestor Command: C:\dev\flutter\bin\flutter.bat --verbose assemble --no-version-check --depfile C:\Users\jakao\Proyectos\app_gestor\build\app\intermediates\flutter\release/flutter_build.d --output C:\Users\jakao\Proyectos\app_gestor\build\app\intermediates\flutter\release -dTargetFile=lib\main.dart -dTargetPlatform=android -dBuildMode=release -dTrackWidgetCreation=true -dTreeShakeIcons=true --DartDefines=RkxVVFRFUl9WRVJTSU9OPTMuMzUuMg==,RkxVVFRFUl9DSEFOTkVMPXN0YWJsZQ==,RkxVVFRFUl9HSVRfVVJMPWh0dHBzOi8vZ2l0aHViLmNvbS9mbHV0dGVyL2ZsdXR0ZXIuZ2l0,RkxVVFRFUl9GUkFNRVdPUktfUkVWSVNJT049MDVkYjk2ODkwOA==,RkxVVFRFUl9FTkdJTkVfUkVWSVNJT049YThiZmRmYzM5NA==,RkxVVFRFUl9EQVJUX1ZFUlNJT049My45LjA= -dFlavor= -dAndroidArchs=android-arm android-arm64 android-x64 -dMinSdkVersion=24 android_aot_bundle_release_android-arm android_aot_bundle_release_android-arm64 android_aot_bundle_release_android-x64
[        ] Successfully started process 'command 'C:\dev\flutter\bin\flutter.bat''
[ +696 ms] [ +192 ms] Artifact Instance of 'MaterialFonts' is not required, skipping update.
[        ] [   +3 ms] Artifact Instance of 'GradleWrapper' is not required, skipping update.
[        ] [        ] Artifact Instance of 'AndroidGenSnapshotArtifacts' is not required, skipping update.
[        ] [        ] Artifact Instance of 'AndroidInternalBuildArtifacts' is not required, skipping update.
[        ] [        ] Artifact Instance of 'IOSEngineArtifacts' is not required, skipping update.
[        ] [        ] Artifact Instance of 'FlutterWebSdk' is not required, skipping update.
[        ] [   +2 ms] Artifact Instance of 'LegacyCanvasKitRemover' is not required, skipping update.
[        ] [        ] Artifact Instance of 'FlutterSdk' is not required, skipping update.
[        ] [        ] Artifact Instance of 'WindowsEngineArtifacts' is not required, skipping update.
[        ] [        ] Artifact Instance of 'MacOSEngineArtifacts' is not required, skipping update.
[        ] [        ] Artifact Instance of 'LinuxEngineArtifacts' is not required, skipping update.
[        ] [        ] Artifact Instance of 'LinuxFuchsiaSDKArtifacts' is not required, skipping update.
[        ] [        ] Artifact Instance of 'MacOSFuchsiaSDKArtifacts' is not required, skipping update.
[        ] [        ] Artifact Instance of 'FlutterRunnerSDKArtifacts' is not required, skipping update.
[        ] [        ] Artifact Instance of 'FlutterRunnerDebugSymbols' is not required, skipping update.
[        ] [        ] Artifact Instance of 'IosUsbArtifacts' is not required, skipping update.
[        ] [        ] Artifact Instance of 'IosUsbArtifacts' is not required, skipping update.
[        ] [        ] Artifact Instance of 'IosUsbArtifacts' is not required, skipping update.
[        ] [        ] Artifact Instance of 'IosUsbArtifacts' is not required, skipping update.
[        ] [        ] Artifact Instance of 'IosUsbArtifacts' is not required, skipping update.
[        ] [        ] Artifact Instance of 'IosUsbArtifacts' is not required, skipping update.
[        ] [        ] Artifact Instance of 'FontSubsetArtifacts' is not required, skipping update.
[        ] [        ] Artifact Instance of 'PubDependencies' is not required, skipping update.
[        ] [  +13 ms] Artifact Instance of 'AndroidGenSnapshotArtifacts' is not required, skipping update.
[        ] [        ] Artifact Instance of 'AndroidInternalBuildArtifacts' is not required, skipping update.
[        ] [        ] Artifact Instance of 'IOSEngineArtifacts' is not required, skipping update.
[        ] [        ] Artifact Instance of 'FlutterWebSdk' is not required, skipping update.
[        ] [        ] Artifact Instance of 'FlutterEngineStamp' is not required, skipping update.
[        ] [        ] Artifact Instance of 'LegacyCanvasKitRemover' is not required, skipping update.
[        ] [   +3 ms] Artifact Instance of 'WindowsEngineArtifacts' is not required, skipping update.
[        ] [        ] Artifact Instance of 'MacOSEngineArtifacts' is not required, skipping update.
[        ] [        ] Artifact Instance of 'LinuxEngineArtifacts' is not required, skipping update.
[        ] [        ] Artifact Instance of 'LinuxFuchsiaSDKArtifacts' is not required, skipping update.
[        ] [        ] Artifact Instance of 'MacOSFuchsiaSDKArtifacts' is not required, skipping update.
[        ] [        ] Artifact Instance of 'FlutterRunnerSDKArtifacts' is not required, skipping update.
[        ] [        ] Artifact Instance of 'FlutterRunnerDebugSymbols' is not required, skipping update.
[  +92 ms] [ +109 ms] Artifact Instance of 'MaterialFonts' is not required, skipping update.
[        ] [        ] Artifact Instance of 'GradleWrapper' is not required, skipping update.
[        ] [   +3 ms] Artifact Instance of 'AndroidInternalBuildArtifacts' is not required, skipping update.
[        ] [        ] Artifact Instance of 'IOSEngineArtifacts' is not required, skipping update.
[        ] [        ] Artifact Instance of 'FlutterWebSdk' is not required, skipping update.
[        ] [        ] Artifact Instance of 'FlutterEngineStamp' is not required, skipping update.
[        ] [        ] Artifact Instance of 'LegacyCanvasKitRemover' is not required, skipping update.
[        ] [        ] Artifact Instance of 'FlutterSdk' is not required, skipping update.
[        ] [        ] Artifact Instance of 'WindowsEngineArtifacts' is not required, skipping update.
[        ] [        ] Artifact Instance of 'MacOSEngineArtifacts' is not required, skipping update.
[        ] [        ] Artifact Instance of 'LinuxEngineArtifacts' is not required, skipping update.
[        ] [        ] Artifact Instance of 'LinuxFuchsiaSDKArtifacts' is not required, skipping update.
[        ] [        ] Artifact Instance of 'MacOSFuchsiaSDKArtifacts' is not required, skipping update.
[        ] [        ] Artifact Instance of 'FlutterRunnerSDKArtifacts' is not required, skipping update.
[        ] [        ] Artifact Instance of 'FlutterRunnerDebugSymbols' is not required, skipping update.
[        ] [        ] Artifact Instance of 'IosUsbArtifacts' is not required, skipping update.
[        ] [        ] Artifact Instance of 'IosUsbArtifacts' is not required, skipping update.
[        ] [        ] Artifact Instance of 'IosUsbArtifacts' is not required, skipping update.
[        ] [        ] Artifact Instance of 'IosUsbArtifacts' is not required, skipping update.
[        ] [        ] Artifact Instance of 'IosUsbArtifacts' is not required, skipping update.
[        ] [        ] Artifact Instance of 'IosUsbArtifacts' is not required, skipping update.
[        ] [        ] Artifact Instance of 'FontSubsetArtifacts' is not required, skipping update.
[        ] [        ] Artifact Instance of 'PubDependencies' is not required, skipping update.
[ +105 ms] [  +60 ms] Initializing file store
[        ] [  +33 ms] Done initializing file store
[ +295 ms] [ +266 ms] Skipping target: gen_dart_plugin_registrant
[        ] [   +2 ms] Skipping target: dart_build
[        ] [        ] Skipping target: gen_localizations
[        ] [   +2 ms] Skipping target: install_code_assets
[+2600 ms] [+2619 ms] Skipping target: kernel_snapshot_program
[ +103 ms] [  +91 ms] Skipping target: android_aot_release_android-arm
[        ] [  +10 ms] invalidated build due to missing files: C:\Users\jakao\Proyectos\app_gestor\DOES_NOT_EXIST_RERUN_FOR_WILDCARD951876185
[ +295 ms] [ +274 ms] Skipping target: android_aot_release_android-arm64
[        ] [  +88 ms] Skipping target: android_aot_release_android-x64
[ +107 ms] [   +1 ms] aot_android_asset_bundle: Starting due to {InvalidatedReasonKind.inputMissing: The following inputs were missing: C:\Users\jakao\Proyectos\app_gestor\DOES_NOT_EXIST_RERUN_FOR_WILDCARD951876185}
[ +391 ms] [ +476 ms] Manifest contained wildcard assets. Inserting missing file into build graph to force rerun. for more information see #56466.
[ +105 ms] [  +38 ms] shaderc command: [C:\dev\flutter\bin\cache\artifacts\engine\windows-x64\impellerc.exe, --sksl, --runtime-stage-gles, --runtime-stage-gles3, --runtime-stage-vulkan, --iplr, --sl=C:\Users\jakao\Proyectos\app_gestor\build\app\intermediates\flutter\release\flutter_assets\shaders/ink_sparkle.frag, --spirv=C:\Users\jakao\Proyectos\app_gestor\build\app\intermediates\flutter\release\flutter_assets\shaders/ink_sparkle.frag.spirv, --input=C:\dev\flutter\packages\flutter\lib\src\material\shaders\ink_sparkle.frag, --input-type=frag, --include=C:\dev\flutter\packages\flutter\lib\src\material\shaders, --include=C:\dev\flutter\bin\cache\artifacts\engine\windows-x64\shader_lib]
[  +92 ms] [  +85 ms] Running command: C:\dev\flutter\bin\cache\dart-sdk\bin\dart.exe C:\dev\flutter\bin\cache\artifacts\engine\windows-x64\const_finder.dart.snapshot --kernel-file C:\Users\jakao\Proyectos\app_gestor\.dart_tool\flutter_build\9b20cae071694881755134aa743074df\app.dill --class-library-uri package:flutter/src/widgets/icon_data.dart --class-name IconData --annotation-class-name _StaticIconProvider --annotation-class-library-uri package:flutter/src/widgets/icon_data.dart
[+3213 ms] [+3247 ms] Expected to find fontFamily for constant IconData with codepoint: 128842, but found fontFamily: null. This usually means you are relying on the system font. Alternatively, font families in an IconData class can be provided in the assets section of your pubspec.yaml, or you are missing "uses-material-design: true".
[   +2 ms] [   +3 ms] Running font-subset: C:\dev\flutter\bin\cache\artifacts\engine\windows-x64\font-subset.exe C:\Users\jakao\Proyectos\app_gestor\build\app\intermediates\flutter\release\flutter_assets\fonts/MaterialIcons-Regular.otf C:\dev\flutter\bin\cache\artifacts\material_fonts\MaterialIcons-Regular.otf, using codepoints 57490 62832 57706 58332 57502 57501 57434 58132 57496 57694 57695 57657 61453 57882 57634 57926 984389 57704 57415 57744 58372 61345 57777 62139 58584 61749 58185 58504 58502 61116 57548 61919 58361 62318 58751 58780 61748 58646 57787 58519 58195 58727 58615 58648 57424 58636 58513 57785 58530 57898 984386 58283 58441 61464 62096 61843 58514 58644 62841 983273 63250 63509 62638 61917 983213 62776 63523 62889 58890 58291 984309 58174 57911 58164 58186 57509 57442 58212 57672 61239 58173 59026 58704 57616 57431 58554 57648 57522 62817 58003 58002 58923 59069 59070 57610 58214 61110 62233 58289 59078 57627
[  +89 ms] [  +83 ms] Font asset "MaterialIcons-Regular.otf" was tree-shaken, reducing it from 1645184 to 14368 bytes (99.1% reduction). Tree-shaking can be disabled by providing the --no-tree-shake-icons flag when building your app.
[        ] [   +7 ms] aot_android_asset_bundle: Complete
[ +307 ms] [ +350 ms] Skipping target: android_aot_bundle_release_android-arm
[  +92 ms] [  +74 ms] Skipping target: android_aot_bundle_release_android-arm64
[ +107 ms] [  +70 ms] Skipping target: android_aot_bundle_release_android-x64
[        ] [        ] Skipping target: _composite
[        ] [        ] Persisting file store
[        ] [  +26 ms] Done persisting file store
[        ] [  +37 ms] build succeeded.
[  +93 ms] [  +23 ms] "flutter assemble" took 8.098ms.
[  +93 ms] [  +97 ms] Running 1 shutdown hook
[        ] [   +1 ms] Shutdown hooks complete
[ +108 ms] [ +156 ms] exiting with code 0
[  +93 ms] Resolve mutations for :app:packJniLibsflutterBuildRelease (Thread[#890,Execution worker,5,main]) started.
[   +1 ms] :app:packJniLibsflutterBuildRelease (Thread[#890,Execution worker,5,main]) started.
[        ] > Task :app:packJniLibsflutterBuildRelease UP-TO-DATE
[        ] Caching disabled for task ':app:packJniLibsflutterBuildRelease' because:
[        ]   Build cache is disabled
[        ]   Not worth caching
[        ] Skipping task ':app:packJniLibsflutterBuildRelease' as it is up-to-date.
[        ] Resolve mutations for :app:checkReleaseDuplicateClasses (Thread[#890,Execution worker,5,main]) started.
[        ] :app:checkReleaseDuplicateClasses (Thread[#890,Execution worker,5,main]) started.
[ +106 ms] > Task :app:checkReleaseDuplicateClasses UP-TO-DATE
[        ] Transforming libs.jar with JetifyTransform
[        ] Transforming libs.jar with IdentityTransform
[        ] Transforming libs.jar with EnumerateClassesTransform
[        ] Transforming flutter_embedding_release-1.0.0-a8bfdfc394deaed5c57bd45a64ac4294dc976a72.jar (io.flutter:flutter_embedding_release:1.0.0-a8bfdfc394deaed5c57bd45a64ac4294dc976a72) with JetifyTransform
[        ] Transforming flutter_embedding_release-1.0.0-a8bfdfc394deaed5c57bd45a64ac4294dc976a72.jar (io.flutter:flutter_embedding_release:1.0.0-a8bfdfc394deaed5c57bd45a64ac4294dc976a72) with IdentityTransform
[        ] Transforming flutter_embedding_release-1.0.0-a8bfdfc394deaed5c57bd45a64ac4294dc976a72.jar (io.flutter:flutter_embedding_release:1.0.0-a8bfdfc394deaed5c57bd45a64ac4294dc976a72) with EnumerateClassesTransform
[        ] Transforming barcode-scanning-17.3.0.aar (com.google.mlkit:barcode-scanning:17.3.0) with JetifyTransform
[        ] Transforming barcode-scanning-17.3.0.aar (com.google.mlkit:barcode-scanning:17.3.0) with AarToClassTransform
[        ] Transforming barcode-scanning-17.3.0.aar (com.google.mlkit:barcode-scanning:17.3.0) with EnumerateClassesTransform
[        ] Transforming play-services-mlkit-barcode-scanning-18.3.1.aar (com.google.android.gms:play-services-mlkit-barcode-scanning:18.3.1) with JetifyTransform
[        ] Transforming play-services-mlkit-barcode-scanning-18.3.1.aar (com.google.android.gms:play-services-mlkit-barcode-scanning:18.3.1) with AarToClassTransform
[        ] Transforming play-services-mlkit-barcode-scanning-18.3.1.aar (com.google.android.gms:play-services-mlkit-barcode-scanning:18.3.1) with EnumerateClassesTransform
[        ] Transforming barcode-scanning-common-17.0.0.aar (com.google.mlkit:barcode-scanning-common:17.0.0) with JetifyTransform
[        ] Transforming barcode-scanning-common-17.0.0.aar (com.google.mlkit:barcode-scanning-common:17.0.0) with AarToClassTransform
[        ] Transforming barcode-scanning-common-17.0.0.aar (com.google.mlkit:barcode-scanning-common:17.0.0) with EnumerateClassesTransform
[        ] Transforming vision-common-17.3.0.aar (com.google.mlkit:vision-common:17.3.0) with JetifyTransform
[        ] Transforming vision-common-17.3.0.aar (com.google.mlkit:vision-common:17.3.0) with AarToClassTransform
[        ] Transforming vision-common-17.3.0.aar (com.google.mlkit:vision-common:17.3.0) with EnumerateClassesTransform
[        ] Transforming common-18.11.0.aar (com.google.mlkit:common:18.11.0) with JetifyTransform
[        ] Transforming common-18.11.0.aar (com.google.mlkit:common:18.11.0) with AarToClassTransform
[        ] Transforming common-18.11.0.aar (com.google.mlkit:common:18.11.0) with EnumerateClassesTransform
[        ] Transforming play-services-base-18.5.0.aar (com.google.android.gms:play-services-base:18.5.0) with JetifyTransform
[        ] Transforming play-services-base-18.5.0.aar (com.google.android.gms:play-services-base:18.5.0) with AarToClassTransform
[        ] Transforming play-services-base-18.5.0.aar (com.google.android.gms:play-services-base:18.5.0) with EnumerateClassesTransform
[        ] Transforming vision-interfaces-16.3.0.aar (com.google.mlkit:vision-interfaces:16.3.0) with JetifyTransform
[        ] Transforming vision-interfaces-16.3.0.aar (com.google.mlkit:vision-interfaces:16.3.0) with AarToClassTransform
[        ] Transforming vision-interfaces-16.3.0.aar (com.google.mlkit:vision-interfaces:16.3.0) with EnumerateClassesTransform
[        ] Transforming play-services-tasks-18.2.0.aar (com.google.android.gms:play-services-tasks:18.2.0) with JetifyTransform
[        ] Transforming play-services-tasks-18.2.0.aar (com.google.android.gms:play-services-tasks:18.2.0) with AarToClassTransform
[        ] Transforming play-services-tasks-18.2.0.aar (com.google.android.gms:play-services-tasks:18.2.0) with EnumerateClassesTransform
[        ] Transforming play-services-basement-18.4.0.aar (com.google.android.gms:play-services-basement:18.4.0) with JetifyTransform
[        ] Transforming play-services-basement-18.4.0.aar (com.google.android.gms:play-services-basement:18.4.0) with AarToClassTransform
[        ] Transforming play-services-basement-18.4.0.aar (com.google.android.gms:play-services-basement:18.4.0) with EnumerateClassesTransform
[        ] Transforming preference-1.2.1.aar (androidx.preference:preference:1.2.1) with JetifyTransform
[        ] Transforming preference-1.2.1.aar (androidx.preference:preference:1.2.1) with AarToClassTransform
[        ] Transforming preference-1.2.1.aar (androidx.preference:preference:1.2.1) with EnumerateClassesTransform
[        ] Transforming fragment-ktx-1.7.1.aar (androidx.fragment:fragment-ktx:1.7.1) with JetifyTransform
[        ] Transforming fragment-ktx-1.7.1.aar (androidx.fragment:fragment-ktx:1.7.1) with AarToClassTransform
[        ] Transforming fragment-ktx-1.7.1.aar (androidx.fragment:fragment-ktx:1.7.1) with EnumerateClassesTransform
[        ] Transforming appcompat-resources-1.6.1.aar (androidx.appcompat:appcompat-resources:1.6.1) with JetifyTransform
[        ] Transforming appcompat-resources-1.6.1.aar (androidx.appcompat:appcompat-resources:1.6.1) with AarToClassTransform
[        ] Transforming appcompat-resources-1.6.1.aar (androidx.appcompat:appcompat-resources:1.6.1) with EnumerateClassesTransform
[        ] Transforming appcompat-1.6.1.aar (androidx.appcompat:appcompat:1.6.1) with JetifyTransform
[        ] Transforming appcompat-1.6.1.aar (androidx.appcompat:appcompat:1.6.1) with AarToClassTransform
[        ] Transforming appcompat-1.6.1.aar (androidx.appcompat:appcompat:1.6.1) with EnumerateClassesTransform
[        ] Transforming fragment-1.7.1.aar (androidx.fragment:fragment:1.7.1) with JetifyTransform
[        ] Transforming fragment-1.7.1.aar (androidx.fragment:fragment:1.7.1) with AarToClassTransform
[        ] Transforming fragment-1.7.1.aar (androidx.fragment:fragment:1.7.1) with EnumerateClassesTransform
[        ] Transforming fragment-1.7.1.aar (androidx.fragment:fragment:1.7.1) with JetifyTransform
[        ] Transforming fragment-1.7.1.aar (androidx.fragment:fragment:1.7.1) with AarToClassTransform
[        ] Transforming fragment-1.7.1.aar (androidx.fragment:fragment:1.7.1) with EnumerateClassesTransform
[        ] Transforming appcompat-1.6.1.aar (androidx.appcompat:appcompat:1.6.1) with JetifyTransform
[        ] Transforming appcompat-1.6.1.aar (androidx.appcompat:appcompat:1.6.1) with AarToClassTransform
[        ] Transforming appcompat-1.6.1.aar (androidx.appcompat:appcompat:1.6.1) with EnumerateClassesTransform
[        ] Transforming activity-1.9.3.aar (androidx.activity:activity:1.9.3) with JetifyTransform
[        ] Transforming activity-1.9.3.aar (androidx.activity:activity:1.9.3) with AarToClassTransform
[        ] Transforming activity-1.9.3.aar (androidx.activity:activity:1.9.3) with EnumerateClassesTransform
[        ] Transforming activity-ktx-1.9.3.aar (androidx.activity:activity-ktx:1.9.3) with JetifyTransform
[        ] Transforming camera-core-1.4.2.aar (androidx.camera:camera-core:1.4.2) with JetifyTransform
[        ] Transforming activity-ktx-1.9.3.aar (androidx.activity:activity-ktx:1.9.3) with AarToClassTransform
[        ] Transforming camera-core-1.4.2.aar (androidx.camera:camera-core:1.4.2) with AarToClassTransform
[        ] Transforming activity-ktx-1.9.3.aar (androidx.activity:activity-ktx:1.9.3) with EnumerateClassesTransform
[   +2 ms] Transforming camera-core-1.4.2.aar (androidx.camera:camera-core:1.4.2) with EnumerateClassesTransform
[        ] Transforming camera-camera2-1.4.2.aar (androidx.camera:camera-camera2:1.4.2) with JetifyTransform
[        ] Transforming camera-camera2-1.4.2.aar (androidx.camera:camera-camera2:1.4.2) with AarToClassTransform
[        ] Transforming camera-camera2-1.4.2.aar (androidx.camera:camera-camera2:1.4.2) with EnumerateClassesTransform
[        ] Transforming camera-lifecycle-1.4.2.aar (androidx.camera:camera-lifecycle:1.4.2) with JetifyTransform
[        ] Transforming camera-lifecycle-1.4.2.aar (androidx.camera:camera-lifecycle:1.4.2) with AarToClassTransform
[        ] Transforming camera-lifecycle-1.4.2.aar (androidx.camera:camera-lifecycle:1.4.2) with EnumerateClassesTransform
[        ] Transforming browser-1.8.0.aar (androidx.browser:browser:1.8.0) with JetifyTransform
[        ] Transforming browser-1.8.0.aar (androidx.browser:browser:1.8.0) with AarToClassTransform
[        ] Transforming browser-1.8.0.aar (androidx.browser:browser:1.8.0) with EnumerateClassesTransform
[        ] Transforming recyclerview-1.0.0.aar (androidx.recyclerview:recyclerview:1.0.0) with JetifyTransform
[        ] Transforming recyclerview-1.0.0.aar (androidx.recyclerview:recyclerview:1.0.0) with AarToClassTransform
[        ] Transforming recyclerview-1.0.0.aar (androidx.recyclerview:recyclerview:1.0.0) with EnumerateClassesTransform
[        ] Transforming legacy-support-core-ui-1.0.0.aar (androidx.legacy:legacy-support-core-ui:1.0.0) with JetifyTransform
[        ] Transforming legacy-support-core-ui-1.0.0.aar (androidx.legacy:legacy-support-core-ui:1.0.0) with AarToClassTransform
[        ] Transforming legacy-support-core-ui-1.0.0.aar (androidx.legacy:legacy-support-core-ui:1.0.0) with EnumerateClassesTransform
[        ] Transforming slidingpanelayout-1.2.0.aar (androidx.slidingpanelayout:slidingpanelayout:1.2.0) with JetifyTransform
[        ] Transforming slidingpanelayout-1.2.0.aar (androidx.slidingpanelayout:slidingpanelayout:1.2.0) with AarToClassTransform
[        ] Transforming slidingpanelayout-1.2.0.aar (androidx.slidingpanelayout:slidingpanelayout:1.2.0) with EnumerateClassesTransform
[        ] Transforming slidingpanelayout-1.2.0.aar (androidx.slidingpanelayout:slidingpanelayout:1.2.0) with JetifyTransform
[        ] Transforming slidingpanelayout-1.2.0.aar (androidx.slidingpanelayout:slidingpanelayout:1.2.0) with AarToClassTransform
[        ] Transforming slidingpanelayout-1.2.0.aar (androidx.slidingpanelayout:slidingpanelayout:1.2.0) with EnumerateClassesTransform
[        ] Transforming window-1.2.0.aar (androidx.window:window:1.2.0) with JetifyTransform
[        ] Transforming window-1.2.0.aar (androidx.window:window:1.2.0) with AarToClassTransform
[        ] Transforming window-1.2.0.aar (androidx.window:window:1.2.0) with EnumerateClassesTransform
[        ] Transforming window-java-1.2.0.aar (androidx.window:window-java:1.2.0) with JetifyTransform
[        ] Transforming window-java-1.2.0.aar (androidx.window:window-java:1.2.0) with AarToClassTransform
[        ] Transforming window-java-1.2.0.aar (androidx.window:window-java:1.2.0) with EnumerateClassesTransform
[        ] Transforming legacy-support-core-utils-1.0.0.aar (androidx.legacy:legacy-support-core-utils:1.0.0) with JetifyTransform
[        ] Transforming legacy-support-core-utils-1.0.0.aar (androidx.legacy:legacy-support-core-utils:1.0.0) with AarToClassTransform
[        ] Transforming legacy-support-core-utils-1.0.0.aar (androidx.legacy:legacy-support-core-utils:1.0.0) with EnumerateClassesTransform
[        ] Transforming loader-1.0.0.aar (androidx.loader:loader:1.0.0) with JetifyTransform
[        ] Transforming loader-1.0.0.aar (androidx.loader:loader:1.0.0) with AarToClassTransform
[        ] Transforming loader-1.0.0.aar (androidx.loader:loader:1.0.0) with EnumerateClassesTransform
[        ] Transforming loader-1.0.0.aar (androidx.loader:loader:1.0.0) with JetifyTransform
[        ] Transforming loader-1.0.0.aar (androidx.loader:loader:1.0.0) with AarToClassTransform
[        ] Transforming loader-1.0.0.aar (androidx.loader:loader:1.0.0) with EnumerateClassesTransform
[        ] Transforming lifecycle-livedata-core-ktx-2.7.0.aar (androidx.lifecycle:lifecycle-livedata-core-ktx:2.7.0) with JetifyTransform
[        ] Transforming lifecycle-livedata-core-ktx-2.7.0.aar (androidx.lifecycle:lifecycle-livedata-core-ktx:2.7.0) with AarToClassTransform
[        ] Transforming lifecycle-livedata-core-ktx-2.7.0.aar (androidx.lifecycle:lifecycle-livedata-core-ktx:2.7.0) with EnumerateClassesTransform
[        ] Transforming lifecycle-viewmodel-ktx-2.7.0.aar (androidx.lifecycle:lifecycle-viewmodel-ktx:2.7.0) with JetifyTransform
[        ] Transforming lifecycle-viewmodel-ktx-2.7.0.aar (androidx.lifecycle:lifecycle-viewmodel-ktx:2.7.0) with AarToClassTransform
[        ] Transforming lifecycle-viewmodel-ktx-2.7.0.aar (androidx.lifecycle:lifecycle-viewmodel-ktx:2.7.0) with EnumerateClassesTransform
[        ] Transforming lifecycle-runtime-ktx-2.7.0.aar (androidx.lifecycle:lifecycle-runtime-ktx:2.7.0) with JetifyTransform
[        ] Transforming lifecycle-runtime-ktx-2.7.0.aar (androidx.lifecycle:lifecycle-runtime-ktx:2.7.0) with AarToClassTransform
[        ] Transforming lifecycle-runtime-ktx-2.7.0.aar (androidx.lifecycle:lifecycle-runtime-ktx:2.7.0) with EnumerateClassesTransform
[        ] Transforming lifecycle-livedata-2.7.0.aar (androidx.lifecycle:lifecycle-livedata:2.7.0) with JetifyTransform
[        ] Transforming lifecycle-livedata-2.7.0.aar (androidx.lifecycle:lifecycle-livedata:2.7.0) with AarToClassTransform
[        ] Transforming lifecycle-livedata-2.7.0.aar (androidx.lifecycle:lifecycle-livedata:2.7.0) with EnumerateClassesTransform
[        ] Transforming lifecycle-livedata-2.7.0.aar (androidx.lifecycle:lifecycle-livedata:2.7.0) with JetifyTransform
[        ] Transforming lifecycle-livedata-2.7.0.aar (androidx.lifecycle:lifecycle-livedata:2.7.0) with AarToClassTransform
[        ] Transforming lifecycle-livedata-2.7.0.aar (androidx.lifecycle:lifecycle-livedata:2.7.0) with EnumerateClassesTransform
[        ] Transforming lifecycle-livedata-core-2.7.0.aar (androidx.lifecycle:lifecycle-livedata-core:2.7.0) with JetifyTransform
[        ] Transforming lifecycle-livedata-core-2.7.0.aar (androidx.lifecycle:lifecycle-livedata-core:2.7.0) with AarToClassTransform
[        ] Transforming lifecycle-livedata-core-2.7.0.aar (androidx.lifecycle:lifecycle-livedata-core:2.7.0) with EnumerateClassesTransform
[        ] Transforming lifecycle-viewmodel-2.7.0.aar (androidx.lifecycle:lifecycle-viewmodel:2.7.0) with JetifyTransform
[        ] Transforming lifecycle-viewmodel-2.7.0.aar (androidx.lifecycle:lifecycle-viewmodel:2.7.0) with AarToClassTransform
[        ] Transforming lifecycle-viewmodel-2.7.0.aar (androidx.lifecycle:lifecycle-viewmodel:2.7.0) with EnumerateClassesTransform
[        ] Transforming lifecycle-viewmodel-2.7.0.aar (androidx.lifecycle:lifecycle-viewmodel:2.7.0) with JetifyTransform
[        ] Transforming lifecycle-viewmodel-2.7.0.aar (androidx.lifecycle:lifecycle-viewmodel:2.7.0) with AarToClassTransform
[        ] Transforming lifecycle-viewmodel-2.7.0.aar (androidx.lifecycle:lifecycle-viewmodel:2.7.0) with EnumerateClassesTransform
[        ] Transforming lifecycle-process-2.7.0.aar (androidx.lifecycle:lifecycle-process:2.7.0) with JetifyTransform
[        ] Transforming lifecycle-process-2.7.0.aar (androidx.lifecycle:lifecycle-process:2.7.0) with AarToClassTransform
[        ] Transforming lifecycle-process-2.7.0.aar (androidx.lifecycle:lifecycle-process:2.7.0) with EnumerateClassesTransform
[        ] Transforming lifecycle-common-java8-2.7.0.jar (androidx.lifecycle:lifecycle-common-java8:2.7.0) with JetifyTransform
[        ] Transforming lifecycle-common-java8-2.7.0.jar (androidx.lifecycle:lifecycle-common-java8:2.7.0) with IdentityTransform
[        ] Transforming lifecycle-common-java8-2.7.0.jar (androidx.lifecycle:lifecycle-common-java8:2.7.0) with EnumerateClassesTransform
[        ] Transforming savedstate-ktx-1.2.1.aar (androidx.savedstate:savedstate-ktx:1.2.1) with JetifyTransform
[        ] Transforming savedstate-ktx-1.2.1.aar (androidx.savedstate:savedstate-ktx:1.2.1) with AarToClassTransform
[        ] Transforming savedstate-ktx-1.2.1.aar (androidx.savedstate:savedstate-ktx:1.2.1) with EnumerateClassesTransform
[        ] Transforming savedstate-1.2.1.aar (androidx.savedstate:savedstate:1.2.1) with JetifyTransform
[        ] Transforming savedstate-1.2.1.aar (androidx.savedstate:savedstate:1.2.1) with AarToClassTransform
[        ] Transforming savedstate-1.2.1.aar (androidx.savedstate:savedstate:1.2.1) with EnumerateClassesTransform
[        ] Transforming emoji2-views-helper-1.2.0.aar (androidx.emoji2:emoji2-views-helper:1.2.0) with JetifyTransform
[        ] Transforming lifecycle-common-2.7.0.jar (androidx.lifecycle:lifecycle-common:2.7.0) with JetifyTransform
[        ] Transforming emoji2-views-helper-1.2.0.aar (androidx.emoji2:emoji2-views-helper:1.2.0) with AarToClassTransform
[        ] Transforming emoji2-views-helper-1.2.0.aar (androidx.emoji2:emoji2-views-helper:1.2.0) with EnumerateClassesTransform
[        ] Transforming lifecycle-common-2.7.0.jar (androidx.lifecycle:lifecycle-common:2.7.0) with IdentityTransform
[        ] Transforming lifecycle-common-2.7.0.jar (androidx.lifecycle:lifecycle-common:2.7.0) with EnumerateClassesTransform
[        ] Transforming emoji2-1.2.0.aar (androidx.emoji2:emoji2:1.2.0) with JetifyTransform
[        ] Transforming lifecycle-runtime-2.7.0.aar (androidx.lifecycle:lifecycle-runtime:2.7.0) with JetifyTransform
[        ] Transforming emoji2-1.2.0.aar (androidx.emoji2:emoji2:1.2.0) with AarToClassTransform
[        ] Transforming lifecycle-runtime-2.7.0.aar (androidx.lifecycle:lifecycle-runtime:2.7.0) with AarToClassTransform
[        ] Transforming emoji2-1.2.0.aar (androidx.emoji2:emoji2:1.2.0) with EnumerateClassesTransform
[        ] Transforming lifecycle-runtime-2.7.0.aar (androidx.lifecycle:lifecycle-runtime:2.7.0) with EnumerateClassesTransform
[        ] Transforming lifecycle-viewmodel-savedstate-2.7.0.aar (androidx.lifecycle:lifecycle-viewmodel-savedstate:2.7.0) with JetifyTransform
[        ] Transforming lifecycle-viewmodel-savedstate-2.7.0.aar (androidx.lifecycle:lifecycle-viewmodel-savedstate:2.7.0) with AarToClassTransform
[        ] Transforming lifecycle-viewmodel-savedstate-2.7.0.aar (androidx.lifecycle:lifecycle-viewmodel-savedstate:2.7.0) with EnumerateClassesTransform
[        ] Transforming core-ktx-1.13.1.aar (androidx.core:core-ktx:1.13.1) with JetifyTransform
[        ] Transforming core-ktx-1.13.1.aar (androidx.core:core-ktx:1.13.1) with AarToClassTransform
[        ] Transforming core-ktx-1.13.1.aar (androidx.core:core-ktx:1.13.1) with EnumerateClassesTransform
[        ] Transforming viewpager-1.0.0.aar (androidx.viewpager:viewpager:1.0.0) with JetifyTransform
[        ] Transforming viewpager-1.0.0.aar (androidx.viewpager:viewpager:1.0.0) with AarToClassTransform
[        ] Transforming viewpager-1.0.0.aar (androidx.viewpager:viewpager:1.0.0) with EnumerateClassesTransform
[        ] Transforming viewpager-1.0.0.aar (androidx.viewpager:viewpager:1.0.0) with JetifyTransform
[        ] Transforming viewpager-1.0.0.aar (androidx.viewpager:viewpager:1.0.0) with AarToClassTransform
[        ] Transforming viewpager-1.0.0.aar (androidx.viewpager:viewpager:1.0.0) with EnumerateClassesTransform
[        ] Transforming drawerlayout-1.0.0.aar (androidx.drawerlayout:drawerlayout:1.0.0) with JetifyTransform
[        ] Transforming drawerlayout-1.0.0.aar (androidx.drawerlayout:drawerlayout:1.0.0) with AarToClassTransform
[        ] Transforming drawerlayout-1.0.0.aar (androidx.drawerlayout:drawerlayout:1.0.0) with EnumerateClassesTransform
[        ] Transforming drawerlayout-1.0.0.aar (androidx.drawerlayout:drawerlayout:1.0.0) with JetifyTransform
[        ] Transforming drawerlayout-1.0.0.aar (androidx.drawerlayout:drawerlayout:1.0.0) with AarToClassTransform
[        ] Transforming drawerlayout-1.0.0.aar (androidx.drawerlayout:drawerlayout:1.0.0) with EnumerateClassesTransform
[        ] Transforming coordinatorlayout-1.0.0.aar (androidx.coordinatorlayout:coordinatorlayout:1.0.0) with JetifyTransform
[        ] Transforming coordinatorlayout-1.0.0.aar (androidx.coordinatorlayout:coordinatorlayout:1.0.0) with AarToClassTransform
[        ] Transforming coordinatorlayout-1.0.0.aar (androidx.coordinatorlayout:coordinatorlayout:1.0.0) with EnumerateClassesTransform
[        ] Transforming customview-1.1.0.aar (androidx.customview:customview:1.1.0) with JetifyTransform
[        ] Transforming customview-1.1.0.aar (androidx.customview:customview:1.1.0) with AarToClassTransform
[        ] Transforming customview-1.1.0.aar (androidx.customview:customview:1.1.0) with EnumerateClassesTransform
[        ] Transforming customview-1.1.0.aar (androidx.customview:customview:1.1.0) with JetifyTransform
[        ] Transforming customview-1.1.0.aar (androidx.customview:customview:1.1.0) with AarToClassTransform
[        ] Transforming customview-1.1.0.aar (androidx.customview:customview:1.1.0) with EnumerateClassesTransform
[        ] Transforming swiperefreshlayout-1.0.0.aar (androidx.swiperefreshlayout:swiperefreshlayout:1.0.0) with JetifyTransform
[        ] Transforming swiperefreshlayout-1.0.0.aar (androidx.swiperefreshlayout:swiperefreshlayout:1.0.0) with AarToClassTransform
[        ] Transforming swiperefreshlayout-1.0.0.aar (androidx.swiperefreshlayout:swiperefreshlayout:1.0.0) with EnumerateClassesTransform
[        ] Transforming asynclayoutinflater-1.0.0.aar (androidx.asynclayoutinflater:asynclayoutinflater:1.0.0) with JetifyTransform
[        ] Transforming asynclayoutinflater-1.0.0.aar (androidx.asynclayoutinflater:asynclayoutinflater:1.0.0) with AarToClassTransform
[        ] Transforming asynclayoutinflater-1.0.0.aar (androidx.asynclayoutinflater:asynclayoutinflater:1.0.0) with EnumerateClassesTransform
[        ] Transforming vectordrawable-animated-1.1.0.aar (androidx.vectordrawable:vectordrawable-animated:1.1.0) with JetifyTransform
[        ] Transforming transition-1.4.1.aar (androidx.transition:transition:1.4.1) with JetifyTransform
[        ] Transforming vectordrawable-animated-1.1.0.aar (androidx.vectordrawable:vectordrawable-animated:1.1.0) with AarToClassTransform
[        ] Transforming vectordrawable-animated-1.1.0.aar (androidx.vectordrawable:vectordrawable-animated:1.1.0) with EnumerateClassesTransform
[        ] Transforming vectordrawable-1.1.0.aar (androidx.vectordrawable:vectordrawable:1.1.0) with JetifyTransform
[        ] Transforming vectordrawable-1.1.0.aar (androidx.vectordrawable:vectordrawable:1.1.0) with AarToClassTransform
[        ] Transforming transition-1.4.1.aar (androidx.transition:transition:1.4.1) with AarToClassTransform
[        ] Transforming vectordrawable-1.1.0.aar (androidx.vectordrawable:vectordrawable:1.1.0) with EnumerateClassesTransform
[        ] Transforming transition-1.4.1.aar (androidx.transition:transition:1.4.1) with EnumerateClassesTransform
[        ] Transforming vectordrawable-1.1.0.aar (androidx.vectordrawable:vectordrawable:1.1.0) with JetifyTransform
[        ] Transforming vectordrawable-1.1.0.aar (androidx.vectordrawable:vectordrawable:1.1.0) with AarToClassTransform
[        ] Transforming vectordrawable-1.1.0.aar (androidx.vectordrawable:vectordrawable:1.1.0) with EnumerateClassesTransform
[        ] Transforming core-1.13.1.aar (androidx.core:core:1.13.1) with JetifyTransform
[        ] Transforming core-1.13.1.aar (androidx.core:core:1.13.1) with AarToClassTransform
[        ] Transforming core-1.13.1.aar (androidx.core:core:1.13.1) with EnumerateClassesTransform
[        ] Transforming core-1.13.1.aar (androidx.core:core:1.13.1) with JetifyTransform
[        ] Transforming core-1.13.1.aar (androidx.core:core:1.13.1) with AarToClassTransform
[        ] Transforming core-1.13.1.aar (androidx.core:core:1.13.1) with EnumerateClassesTransform
[        ] Transforming exifinterface-1.3.7.aar (androidx.exifinterface:exifinterface:1.3.7) with JetifyTransform
[        ] Transforming exifinterface-1.3.7.aar (androidx.exifinterface:exifinterface:1.3.7) with AarToClassTransform
[        ] Transforming exifinterface-1.3.7.aar (androidx.exifinterface:exifinterface:1.3.7) with EnumerateClassesTransform
[        ] Transforming startup-runtime-1.1.1.aar (androidx.startup:startup-runtime:1.1.1) with JetifyTransform
[        ] Transforming startup-runtime-1.1.1.aar (androidx.startup:startup-runtime:1.1.1) with AarToClassTransform
[        ] Transforming startup-runtime-1.1.1.aar (androidx.startup:startup-runtime:1.1.1) with EnumerateClassesTransform
[        ] Transforming tracing-1.2.0.aar (androidx.tracing:tracing:1.2.0) with JetifyTransform
[        ] Transforming tracing-1.2.0.aar (androidx.tracing:tracing:1.2.0) with AarToClassTransform
[        ] Transforming tracing-1.2.0.aar (androidx.tracing:tracing:1.2.0) with EnumerateClassesTransform
[        ] Transforming tracing-ktx-1.2.0.aar (androidx.tracing:tracing-ktx:1.2.0) with JetifyTransform
[        ] Transforming interpolator-1.0.0.aar (androidx.interpolator:interpolator:1.0.0) with JetifyTransform
[        ] Transforming tracing-ktx-1.2.0.aar (androidx.tracing:tracing-ktx:1.2.0) with AarToClassTransform
[        ] Transforming interpolator-1.0.0.aar (androidx.interpolator:interpolator:1.0.0) with AarToClassTransform
[        ] Transforming interpolator-1.0.0.aar (androidx.interpolator:interpolator:1.0.0) with EnumerateClassesTransform
[        ] Transforming tracing-ktx-1.2.0.aar (androidx.tracing:tracing-ktx:1.2.0) with EnumerateClassesTransform
[        ] Transforming exifinterface-1.3.7.aar (androidx.exifinterface:exifinterface:1.3.7) with JetifyTransform
[        ] Transforming interpolator-1.0.0.aar (androidx.interpolator:interpolator:1.0.0) with JetifyTransform
[        ] Transforming exifinterface-1.3.7.aar (androidx.exifinterface:exifinterface:1.3.7) with AarToClassTransform
[        ] Transforming profileinstaller-1.3.1.aar (androidx.profileinstaller:profileinstaller:1.3.1) with JetifyTransform
[        ] Transforming exifinterface-1.3.7.aar (androidx.exifinterface:exifinterface:1.3.7) with EnumerateClassesTransform
[        ] Transforming profileinstaller-1.3.1.aar (androidx.profileinstaller:profileinstaller:1.3.1) with AarToClassTransform
[        ] Transforming interpolator-1.0.0.aar (androidx.interpolator:interpolator:1.0.0) with AarToClassTransform
[        ] Transforming profileinstaller-1.3.1.aar (androidx.profileinstaller:profileinstaller:1.3.1) with EnumerateClassesTransform
[        ] Transforming interpolator-1.0.0.aar (androidx.interpolator:interpolator:1.0.0) with EnumerateClassesTransform
[        ] Transforming versionedparcelable-1.1.1.aar (androidx.versionedparcelable:versionedparcelable:1.1.1) with JetifyTransform
[        ] Transforming versionedparcelable-1.1.1.aar (androidx.versionedparcelable:versionedparcelable:1.1.1) with AarToClassTransform
[        ] Transforming versionedparcelable-1.1.1.aar (androidx.versionedparcelable:versionedparcelable:1.1.1) with EnumerateClassesTransform
[        ] Transforming datastore-preferences-core-jvm-1.1.3.jar (androidx.datastore:datastore-preferences-core-jvm:1.1.3) with JetifyTransform
[        ] Transforming datastore-preferences-core-jvm-1.1.3.jar (androidx.datastore:datastore-preferences-core-jvm:1.1.3) with IdentityTransform
[        ] Transforming datastore-preferences-core-jvm-1.1.3.jar (androidx.datastore:datastore-preferences-core-jvm:1.1.3) with EnumerateClassesTransform
[        ] Transforming datastore-core-okio-jvm-1.1.3.jar (androidx.datastore:datastore-core-okio-jvm:1.1.3) with JetifyTransform
[        ] Transforming datastore-core-okio-jvm-1.1.3.jar (androidx.datastore:datastore-core-okio-jvm:1.1.3) with IdentityTransform
[        ] Transforming datastore-core-okio-jvm-1.1.3.jar (androidx.datastore:datastore-core-okio-jvm:1.1.3) with EnumerateClassesTransform
[        ] Transforming datastore-preferences-external-protobuf-1.1.3.jar (androidx.datastore:datastore-preferences-external-protobuf:1.1.3) with JetifyTransform
[        ] Transforming datastore-core-release.aar (androidx.datastore:datastore-core-android:1.1.3) with JetifyTransform
[        ] Transforming datastore-core-release.aar (androidx.datastore:datastore-core-android:1.1.3) with AarToClassTransform
[        ] Transforming datastore-preferences-proto-1.1.3.jar (androidx.datastore:datastore-preferences-proto:1.1.3) with JetifyTransform
[        ] Transforming concurrent-futures-1.1.0.jar (androidx.concurrent:concurrent-futures:1.1.0) with JetifyTransform
[        ] Transforming datastore-core-release.aar (androidx.datastore:datastore-core-android:1.1.3) with EnumerateClassesTransform
[        ] Transforming datastore-preferences-external-protobuf-1.1.3.jar (androidx.datastore:datastore-preferences-external-protobuf:1.1.3) with IdentityTransform
[        ] Transforming concurrent-futures-1.1.0.jar (androidx.concurrent:concurrent-futures:1.1.0) with IdentityTransform
[        ] Transforming concurrent-futures-ktx-1.1.0.jar (androidx.concurrent:concurrent-futures-ktx:1.1.0) with JetifyTransform
[        ] Transforming datastore-preferences-proto-1.1.3.jar (androidx.datastore:datastore-preferences-proto:1.1.3) with IdentityTransform
[        ] Transforming concurrent-futures-ktx-1.1.0.jar (androidx.concurrent:concurrent-futures-ktx:1.1.0) with IdentityTransform
[        ] Transforming concurrent-futures-1.1.0.jar (androidx.concurrent:concurrent-futures:1.1.0) with EnumerateClassesTransform
[        ] Transforming datastore-preferences-proto-1.1.3.jar (androidx.datastore:datastore-preferences-proto:1.1.3) with EnumerateClassesTransform
[        ] Transforming datastore-preferences-external-protobuf-1.1.3.jar (androidx.datastore:datastore-preferences-external-protobuf:1.1.3) with EnumerateClassesTransform
[        ] Transforming datastore-preferences-release.aar (androidx.datastore:datastore-preferences-android:1.1.3) with JetifyTransform
[        ] Transforming concurrent-futures-ktx-1.1.0.jar (androidx.concurrent:concurrent-futures-ktx:1.1.0) with EnumerateClassesTransform
[        ] Transforming datastore-preferences-release.aar (androidx.datastore:datastore-preferences-android:1.1.3) with AarToClassTransform
[        ] Transforming datastore-preferences-release.aar (androidx.datastore:datastore-preferences-android:1.1.3) with EnumerateClassesTransform
[        ] Transforming datastore-release.aar (androidx.datastore:datastore-android:1.1.3) with JetifyTransform
[        ] Transforming datastore-release.aar (androidx.datastore:datastore-android:1.1.3) with AarToClassTransform
[        ] Transforming datastore-release.aar (androidx.datastore:datastore-android:1.1.3) with EnumerateClassesTransform
[        ] Transforming collection-ktx-1.1.0.jar (androidx.collection:collection-ktx:1.1.0) with JetifyTransform
[        ] Transforming collection-ktx-1.1.0.jar (androidx.collection:collection-ktx:1.1.0) with IdentityTransform
[        ] Transforming collection-ktx-1.1.0.jar (androidx.collection:collection-ktx:1.1.0) with EnumerateClassesTransform
[        ] Transforming collection-1.1.0.jar (androidx.collection:collection:1.1.0) with JetifyTransform
[        ] Transforming collection-1.1.0.jar (androidx.collection:collection:1.1.0) with IdentityTransform
[        ] Transforming collection-1.1.0.jar (androidx.collection:collection:1.1.0) with EnumerateClassesTransform
[        ] Transforming core-runtime-2.2.0.aar (androidx.arch.core:core-runtime:2.2.0) with JetifyTransform
[        ] Transforming core-runtime-2.2.0.aar (androidx.arch.core:core-runtime:2.2.0) with AarToClassTransform
[        ] Transforming core-runtime-2.2.0.aar (androidx.arch.core:core-runtime:2.2.0) with EnumerateClassesTransform
[        ] Transforming core-common-2.2.0.jar (androidx.arch.core:core-common:2.2.0) with JetifyTransform
[        ] Transforming core-common-2.2.0.jar (androidx.arch.core:core-common:2.2.0) with IdentityTransform
[        ] Transforming core-common-2.2.0.jar (androidx.arch.core:core-common:2.2.0) with EnumerateClassesTransform
[        ] Transforming transport-backend-cct-2.3.3.aar (com.google.android.datatransport:transport-backend-cct:2.3.3) with JetifyTransform
[        ] Transforming transport-backend-cct-2.3.3.aar (com.google.android.datatransport:transport-backend-cct:2.3.3) with AarToClassTransform
[        ] Transforming transport-backend-cct-2.3.3.aar (com.google.android.datatransport:transport-backend-cct:2.3.3) with EnumerateClassesTransform
[        ] Transforming transport-runtime-2.2.6.aar (com.google.android.datatransport:transport-runtime:2.2.6) with JetifyTransform
[        ] Transforming transport-runtime-2.2.6.aar (com.google.android.datatransport:transport-runtime:2.2.6) with AarToClassTransform
[        ] Transforming transport-runtime-2.2.6.aar (com.google.android.datatransport:transport-runtime:2.2.6) with EnumerateClassesTransform
[        ] Transforming transport-api-2.2.1.aar (com.google.android.datatransport:transport-api:2.2.1) with JetifyTransform
[        ] Transforming transport-api-2.2.1.aar (com.google.android.datatransport:transport-api:2.2.1) with AarToClassTransform
[        ] Transforming transport-api-2.2.1.aar (com.google.android.datatransport:transport-api:2.2.1) with EnumerateClassesTransform
[        ] Transforming firebase-components-16.1.0.aar (com.google.firebase:firebase-components:16.1.0) with JetifyTransform
[        ] Transforming firebase-components-16.1.0.aar (com.google.firebase:firebase-components:16.1.0) with AarToClassTransform
[        ] Transforming firebase-components-16.1.0.aar (com.google.firebase:firebase-components:16.1.0) with EnumerateClassesTransform
[        ] Transforming firebase-encoders-json-17.1.0.aar (com.google.firebase:firebase-encoders-json:17.1.0) with JetifyTransform
[        ] Transforming firebase-encoders-json-17.1.0.aar (com.google.firebase:firebase-encoders-json:17.1.0) with AarToClassTransform
[        ] Transforming firebase-encoders-json-17.1.0.aar (com.google.firebase:firebase-encoders-json:17.1.0) with EnumerateClassesTransform
[        ] Transforming firebase-encoders-16.1.0.jar (com.google.firebase:firebase-encoders:16.1.0) with JetifyTransform
[        ] Transforming firebase-encoders-16.1.0.jar (com.google.firebase:firebase-encoders:16.1.0) with IdentityTransform
[        ] Transforming firebase-encoders-16.1.0.jar (com.google.firebase:firebase-encoders:16.1.0) with EnumerateClassesTransform
[        ] Transforming cursoradapter-1.0.0.aar (androidx.cursoradapter:cursoradapter:1.0.0) with JetifyTransform
[        ] Transforming cursoradapter-1.0.0.aar (androidx.cursoradapter:cursoradapter:1.0.0) with AarToClassTransform
[        ] Transforming cursoradapter-1.0.0.aar (androidx.cursoradapter:cursoradapter:1.0.0) with EnumerateClassesTransform
[        ] Transforming cursoradapter-1.0.0.aar (androidx.cursoradapter:cursoradapter:1.0.0) with JetifyTransform
[        ] Transforming cursoradapter-1.0.0.aar (androidx.cursoradapter:cursoradapter:1.0.0) with AarToClassTransform
[        ] Transforming cursoradapter-1.0.0.aar (androidx.cursoradapter:cursoradapter:1.0.0) with EnumerateClassesTransform
[        ] Transforming documentfile-1.0.0.aar (androidx.documentfile:documentfile:1.0.0) with JetifyTransform
[        ] Transforming documentfile-1.0.0.aar (androidx.documentfile:documentfile:1.0.0) with AarToClassTransform
[        ] Transforming documentfile-1.0.0.aar (androidx.documentfile:documentfile:1.0.0) with EnumerateClassesTransform
[        ] Transforming localbroadcastmanager-1.0.0.aar (androidx.localbroadcastmanager:localbroadcastmanager:1.0.0) with JetifyTransform
[        ] Transforming localbroadcastmanager-1.0.0.aar (androidx.localbroadcastmanager:localbroadcastmanager:1.0.0) with AarToClassTransform
[        ] Transforming localbroadcastmanager-1.0.0.aar (androidx.localbroadcastmanager:localbroadcastmanager:1.0.0) with EnumerateClassesTransform
[        ] Transforming print-1.0.0.aar (androidx.print:print:1.0.0) with JetifyTransform
[   +1 ms] Transforming print-1.0.0.aar (androidx.print:print:1.0.0) with AarToClassTransform
[        ] Transforming print-1.0.0.aar (androidx.print:print:1.0.0) with EnumerateClassesTransform
[        ] Transforming annotation-jvm-1.9.1.jar (androidx.annotation:annotation-jvm:1.9.1) with JetifyTransform
[        ] Transforming annotation-jvm-1.9.1.jar (androidx.annotation:annotation-jvm:1.9.1) with IdentityTransform
[        ] Transforming annotation-jvm-1.9.1.jar (androidx.annotation:annotation-jvm:1.9.1) with EnumerateClassesTransform
[        ] Transforming kotlinx-coroutines-core-jvm-1.7.3.jar (org.jetbrains.kotlinx:kotlinx-coroutines-core-jvm:1.7.3) with JetifyTransform
[        ] Transforming core-1.0.0.aar (androidx.window.extensions.core:core:1.0.0) with JetifyTransform
[        ] Transforming kotlinx-coroutines-core-jvm-1.7.3.jar (org.jetbrains.kotlinx:kotlinx-coroutines-core-jvm:1.7.3) with IdentityTransform
[        ] Transforming core-1.0.0.aar (androidx.window.extensions.core:core:1.0.0) with AarToClassTransform
[        ] Transforming kotlinx-coroutines-core-jvm-1.7.3.jar (org.jetbrains.kotlinx:kotlinx-coroutines-core-jvm:1.7.3) with EnumerateClassesTransform
[        ] Transforming kotlinx-coroutines-android-1.7.3.jar (org.jetbrains.kotlinx:kotlinx-coroutines-android:1.7.3) with JetifyTransform
[        ] Transforming core-1.0.0.aar (androidx.window.extensions.core:core:1.0.0) with EnumerateClassesTransform
[        ] Transforming resourceinspection-annotation-1.0.1.jar (androidx.resourceinspection:resourceinspection-annotation:1.0.1) with JetifyTransform
[        ] Transforming kotlinx-coroutines-android-1.7.3.jar (org.jetbrains.kotlinx:kotlinx-coroutines-android:1.7.3) with IdentityTransform
[        ] Transforming resourceinspection-annotation-1.0.1.jar (androidx.resourceinspection:resourceinspection-annotation:1.0.1) with IdentityTransform
[        ] Transforming kotlinx-coroutines-android-1.7.3.jar (org.jetbrains.kotlinx:kotlinx-coroutines-android:1.7.3) with EnumerateClassesTransform
[        ] Transforming resourceinspection-annotation-1.0.1.jar (androidx.resourceinspection:resourceinspection-annotation:1.0.1) with EnumerateClassesTransform
[        ] Transforming okio-jvm-3.4.0.jar (com.squareup.okio:okio-jvm:3.4.0) with JetifyTransform
[        ] Transforming okio-jvm-3.4.0.jar (com.squareup.okio:okio-jvm:3.4.0) with IdentityTransform
[        ] Transforming okio-jvm-3.4.0.jar (com.squareup.okio:okio-jvm:3.4.0) with EnumerateClassesTransform
[        ] Transforming kotlin-stdlib-jdk8-1.8.20.jar (org.jetbrains.kotlin:kotlin-stdlib-jdk8:1.8.20) with JetifyTransform
[        ] Transforming kotlin-stdlib-jdk8-1.8.20.jar (org.jetbrains.kotlin:kotlin-stdlib-jdk8:1.8.20) with IdentityTransform
[        ] Transforming kotlin-stdlib-jdk8-1.8.20.jar (org.jetbrains.kotlin:kotlin-stdlib-jdk8:1.8.20) with EnumerateClassesTransform
[        ] Transforming annotation-experimental-1.4.1.aar (androidx.annotation:annotation-experimental:1.4.1) with JetifyTransform
[        ] Transforming annotation-experimental-1.4.1.aar (androidx.annotation:annotation-experimental:1.4.1) with AarToClassTransform
[        ] Transforming annotation-experimental-1.4.1.aar (androidx.annotation:annotation-experimental:1.4.1) with EnumerateClassesTransform
[        ] Transforming kotlin-stdlib-jdk7-1.8.20.jar (org.jetbrains.kotlin:kotlin-stdlib-jdk7:1.8.20) with JetifyTransform
[        ] Transforming kotlin-stdlib-jdk7-1.8.20.jar (org.jetbrains.kotlin:kotlin-stdlib-jdk7:1.8.20) with IdentityTransform
[        ] Transforming kotlin-stdlib-jdk7-1.8.20.jar (org.jetbrains.kotlin:kotlin-stdlib-jdk7:1.8.20) with EnumerateClassesTransform
[        ] Transforming kotlin-stdlib-2.1.0.jar (org.jetbrains.kotlin:kotlin-stdlib:2.1.0) with JetifyTransform
[        ] Transforming kotlin-stdlib-2.1.0.jar (org.jetbrains.kotlin:kotlin-stdlib:2.1.0) with IdentityTransform
[        ] Transforming kotlin-stdlib-2.1.0.jar (org.jetbrains.kotlin:kotlin-stdlib:2.1.0) with EnumerateClassesTransform
[        ] Transforming annotations-23.0.0.jar (org.jetbrains:annotations:23.0.0) with JetifyTransform
[        ] Transforming annotations-23.0.0.jar (org.jetbrains:annotations:23.0.0) with IdentityTransform
[        ] Transforming annotations-23.0.0.jar (org.jetbrains:annotations:23.0.0) with EnumerateClassesTransform
[        ] Transforming kotlin-parcelize-runtime-1.9.22.jar (org.jetbrains.kotlin:kotlin-parcelize-runtime:1.9.22) with JetifyTransform
[        ] Transforming kotlin-parcelize-runtime-1.9.22.jar (org.jetbrains.kotlin:kotlin-parcelize-runtime:1.9.22) with IdentityTransform
[        ] Transforming kotlin-parcelize-runtime-1.9.22.jar (org.jetbrains.kotlin:kotlin-parcelize-runtime:1.9.22) with EnumerateClassesTransform
[        ] Transforming relinker-1.4.5.aar (com.getkeepsafe.relinker:relinker:1.4.5) with JetifyTransform
[        ] Transforming arm64_v8a_release-1.0.0-a8bfdfc394deaed5c57bd45a64ac4294dc976a72.jar (io.flutter:arm64_v8a_release:1.0.0-a8bfdfc394deaed5c57bd45a64ac4294dc976a72) with JetifyTransform
[        ] Transforming arm64_v8a_release-1.0.0-a8bfdfc394deaed5c57bd45a64ac4294dc976a72.jar (io.flutter:arm64_v8a_release:1.0.0-a8bfdfc394deaed5c57bd45a64ac4294dc976a72) with IdentityTransform
[        ] Transforming relinker-1.4.5.aar (com.getkeepsafe.relinker:relinker:1.4.5) with AarToClassTransform
[        ] Transforming arm64_v8a_release-1.0.0-a8bfdfc394deaed5c57bd45a64ac4294dc976a72.jar (io.flutter:arm64_v8a_release:1.0.0-a8bfdfc394deaed5c57bd45a64ac4294dc976a72) with EnumerateClassesTransform
[        ] Transforming x86_64_release-1.0.0-a8bfdfc394deaed5c57bd45a64ac4294dc976a72.jar (io.flutter:x86_64_release:1.0.0-a8bfdfc394deaed5c57bd45a64ac4294dc976a72) with JetifyTransform
[        ] Transforming kotlin-android-extensions-runtime-1.9.22.jar (org.jetbrains.kotlin:kotlin-android-extensions-runtime:1.9.22) with JetifyTransform
[        ] Transforming x86_64_release-1.0.0-a8bfdfc394deaed5c57bd45a64ac4294dc976a72.jar (io.flutter:x86_64_release:1.0.0-a8bfdfc394deaed5c57bd45a64ac4294dc976a72) with IdentityTransform
[        ] Transforming kotlin-android-extensions-runtime-1.9.22.jar (org.jetbrains.kotlin:kotlin-android-extensions-runtime:1.9.22) with IdentityTransform
[        ] Transforming armeabi_v7a_release-1.0.0-a8bfdfc394deaed5c57bd45a64ac4294dc976a72.jar (io.flutter:armeabi_v7a_release:1.0.0-a8bfdfc394deaed5c57bd45a64ac4294dc976a72) with JetifyTransform
[        ] Transforming kotlin-android-extensions-runtime-1.9.22.jar (org.jetbrains.kotlin:kotlin-android-extensions-runtime:1.9.22) with EnumerateClassesTransform
[        ] Transforming x86_64_release-1.0.0-a8bfdfc394deaed5c57bd45a64ac4294dc976a72.jar (io.flutter:x86_64_release:1.0.0-a8bfdfc394deaed5c57bd45a64ac4294dc976a72) with EnumerateClassesTransform
[        ] Transforming armeabi_v7a_release-1.0.0-a8bfdfc394deaed5c57bd45a64ac4294dc976a72.jar (io.flutter:armeabi_v7a_release:1.0.0-a8bfdfc394deaed5c57bd45a64ac4294dc976a72) with IdentityTransform
[        ] Transforming relinker-1.4.5.aar (com.getkeepsafe.relinker:relinker:1.4.5) with EnumerateClassesTransform
[        ] Transforming listenablefuture-1.0.jar (com.google.guava:listenablefuture:1.0) with JetifyTransform
[        ] Transforming listenablefuture-1.0.jar (com.google.guava:listenablefuture:1.0) with IdentityTransform
[        ] Transforming armeabi_v7a_release-1.0.0-a8bfdfc394deaed5c57bd45a64ac4294dc976a72.jar (io.flutter:armeabi_v7a_release:1.0.0-a8bfdfc394deaed5c57bd45a64ac4294dc976a72) with EnumerateClassesTransform
[        ] Transforming listenablefuture-1.0.jar (com.google.guava:listenablefuture:1.0) with EnumerateClassesTransform
[        ] Transforming image-1.0.0-beta1.aar (com.google.android.odml:image:1.0.0-beta1) with JetifyTransform
[        ] Transforming image-1.0.0-beta1.aar (com.google.android.odml:image:1.0.0-beta1) with AarToClassTransform
[        ] Transforming image-1.0.0-beta1.aar (com.google.android.odml:image:1.0.0-beta1) with EnumerateClassesTransform
[        ] Transforming javax.inject-1.jar (javax.inject:javax.inject:1) with JetifyTransform
[        ] Transforming javax.inject-1.jar (javax.inject:javax.inject:1) with IdentityTransform
[        ] Transforming auto-value-annotations-1.6.3.jar (com.google.auto.value:auto-value-annotations:1.6.3) with JetifyTransform
[        ] Transforming javax.inject-1.jar (javax.inject:javax.inject:1) with EnumerateClassesTransform
[        ] Transforming auto-value-annotations-1.6.3.jar (com.google.auto.value:auto-value-annotations:1.6.3) with IdentityTransform
[        ] Transforming firebase-annotations-16.0.0.jar (com.google.firebase:firebase-annotations:16.0.0) with JetifyTransform
[        ] Transforming auto-value-annotations-1.6.3.jar (com.google.auto.value:auto-value-annotations:1.6.3) with EnumerateClassesTransform
[        ] Transforming firebase-annotations-16.0.0.jar (com.google.firebase:firebase-annotations:16.0.0) with IdentityTransform
[        ] Transforming firebase-annotations-16.0.0.jar (com.google.firebase:firebase-annotations:16.0.0) with EnumerateClassesTransform
[        ] Transforming libs.jar with JetifyTransform
[        ] Transforming libs.jar with IdentityTransform
[        ] Transforming libs.jar with EnumerateClassesTransform
[        ] Caching disabled for task ':app:checkReleaseDuplicateClasses' because:
[        ]   Build cache is disabled
[        ]   Caching has been disabled for the task
[        ] Skipping task ':app:checkReleaseDuplicateClasses' as it is up-to-date.
[        ] Resolve mutations for :app:checkKotlinGradlePluginConfigurationErrors (Thread[#890,Execution worker,5,main]) started.
[        ] :app:checkKotlinGradlePluginConfigurationErrors (Thread[#890,Execution worker,5,main]) started.
[        ] > Task :app:checkKotlinGradlePluginConfigurationErrors SKIPPED
[        ] Skipping task ':app:checkKotlinGradlePluginConfigurationErrors' as task onlyIf 'errorDiagnostics are present' is false.
[        ] Resolve mutations for :app:generateReleaseBuildConfig (Thread[#894,Execution worker Thread 5,5,main]) started.
[        ] :app:generateReleaseBuildConfig (Thread[#894,Execution worker Thread 5,5,main]) started.
[        ] > Task :app:generateReleaseBuildConfig UP-TO-DATE
[        ] Caching disabled for task ':app:generateReleaseBuildConfig' because:
[        ]   Build cache is disabled
[        ] Skipping task ':app:generateReleaseBuildConfig' as it is up-to-date.
[        ] Resolve mutations for :device_info_plus:writeReleaseAarMetadata (Thread[#894,Execution worker Thread 5,5,main]) started.
[        ] :device_info_plus:writeReleaseAarMetadata (Thread[#894,Execution worker Thread 5,5,main]) started.
[        ] > Task :device_info_plus:writeReleaseAarMetadata UP-TO-DATE
[        ] Caching disabled for task ':device_info_plus:writeReleaseAarMetadata' because:
[        ]   Build cache is disabled
[        ]   Caching has been disabled for the task
[        ] Skipping task ':device_info_plus:writeReleaseAarMetadata' as it is up-to-date.
[        ] work action resolve aar-metadata.properties (project :device_info_plus) (Thread[#894,Execution worker Thread 5,5,main]) started.
[        ] Resolve mutations for :file_picker:writeReleaseAarMetadata (Thread[#894,Execution worker Thread 5,5,main]) started.
[        ] :file_picker:writeReleaseAarMetadata (Thread[#894,Execution worker Thread 5,5,main]) started.
[        ] > Task :file_picker:writeReleaseAarMetadata UP-TO-DATE
[        ] Caching disabled for task ':file_picker:writeReleaseAarMetadata' because:
[        ]   Build cache is disabled
[        ]   Caching has been disabled for the task
[        ] Skipping task ':file_picker:writeReleaseAarMetadata' as it is up-to-date.
[        ] work action resolve aar-metadata.properties (project :file_picker) (Thread[#894,Execution worker Thread 5,5,main]) started.
[        ] Resolve mutations for :flutter_plugin_android_lifecycle:writeReleaseAarMetadata (Thread[#894,Execution worker Thread 5,5,main]) started.
[        ] :flutter_plugin_android_lifecycle:writeReleaseAarMetadata (Thread[#894,Execution worker Thread 5,5,main]) started.
[        ] > Task :flutter_plugin_android_lifecycle:writeReleaseAarMetadata UP-TO-DATE
[        ] Caching disabled for task ':flutter_plugin_android_lifecycle:writeReleaseAarMetadata' because:
[        ]   Build cache is disabled
[        ]   Caching has been disabled for the task
[        ] Skipping task ':flutter_plugin_android_lifecycle:writeReleaseAarMetadata' as it is up-to-date.
[        ] work action resolve aar-metadata.properties (project :flutter_plugin_android_lifecycle) (Thread[#894,Execution worker Thread 5,5,main]) started.
[        ] Resolve mutations for :image_picker_android:writeReleaseAarMetadata (Thread[#894,Execution worker Thread 5,5,main]) started.
[        ] :image_picker_android:writeReleaseAarMetadata (Thread[#894,Execution worker Thread 5,5,main]) started.
[        ] > Task :image_picker_android:writeReleaseAarMetadata UP-TO-DATE
[        ] Caching disabled for task ':image_picker_android:writeReleaseAarMetadata' because:
[        ]   Build cache is disabled
[        ]   Caching has been disabled for the task
[        ] Skipping task ':image_picker_android:writeReleaseAarMetadata' as it is up-to-date.
[        ] work action resolve aar-metadata.properties (project :image_picker_android) (Thread[#894,Execution worker Thread 5,5,main]) started.
[        ] Resolve mutations for :mobile_scanner:writeReleaseAarMetadata (Thread[#894,Execution worker Thread 5,5,main]) started.
[        ] :mobile_scanner:writeReleaseAarMetadata (Thread[#894,Execution worker Thread 5,5,main]) started.
[        ] > Task :mobile_scanner:writeReleaseAarMetadata UP-TO-DATE
[        ] Caching disabled for task ':mobile_scanner:writeReleaseAarMetadata' because:
[        ]   Build cache is disabled
[        ]   Caching has been disabled for the task
[        ] Skipping task ':mobile_scanner:writeReleaseAarMetadata' as it is up-to-date.
[        ] work action resolve aar-metadata.properties (project :mobile_scanner) (Thread[#894,Execution worker Thread 5,5,main]) started.
[        ] Resolve mutations for :package_info_plus:writeReleaseAarMetadata (Thread[#894,Execution worker Thread 5,5,main]) started.
[        ] :package_info_plus:writeReleaseAarMetadata (Thread[#894,Execution worker Thread 5,5,main]) started.
[        ] > Task :package_info_plus:writeReleaseAarMetadata UP-TO-DATE
[        ] Caching disabled for task ':package_info_plus:writeReleaseAarMetadata' because:
[        ]   Build cache is disabled
[        ]   Caching has been disabled for the task
[        ] Skipping task ':package_info_plus:writeReleaseAarMetadata' as it is up-to-date.
[        ] work action resolve aar-metadata.properties (project :package_info_plus) (Thread[#894,Execution worker Thread 5,5,main]) started.
[        ] Resolve mutations for :path_provider_android:writeReleaseAarMetadata (Thread[#894,Execution worker Thread 5,5,main]) started.
[        ] :path_provider_android:writeReleaseAarMetadata (Thread[#894,Execution worker Thread 5,5,main]) started.
[        ] > Task :path_provider_android:writeReleaseAarMetadata UP-TO-DATE
[        ] Caching disabled for task ':path_provider_android:writeReleaseAarMetadata' because:
[        ]   Build cache is disabled
[        ]   Caching has been disabled for the task
[        ] Skipping task ':path_provider_android:writeReleaseAarMetadata' as it is up-to-date.
[        ] work action resolve aar-metadata.properties (project :path_provider_android) (Thread[#895,Execution worker Thread 6,5,main]) started.
[        ] Resolve mutations for :printing:writeReleaseAarMetadata (Thread[#895,Execution worker Thread 6,5,main]) started.
[        ] :printing:writeReleaseAarMetadata (Thread[#895,Execution worker Thread 6,5,main]) started.
[  +42 ms] > Task :printing:writeReleaseAarMetadata UP-TO-DATE
[        ] Caching disabled for task ':printing:writeReleaseAarMetadata' because:
[        ]   Build cache is disabled
[        ]   Caching has been disabled for the task
[        ] Skipping task ':printing:writeReleaseAarMetadata' as it is up-to-date.
[        ] work action resolve aar-metadata.properties (project :printing) (Thread[#893,Execution worker Thread 4,5,main]) started.
[        ] Resolve mutations for :share_plus:writeReleaseAarMetadata (Thread[#893,Execution worker Thread 4,5,main]) started.
[        ] :share_plus:writeReleaseAarMetadata (Thread[#893,Execution worker Thread 4,5,main]) started.
[        ] > Task :share_plus:writeReleaseAarMetadata UP-TO-DATE
[        ] Caching disabled for task ':share_plus:writeReleaseAarMetadata' because:
[        ]   Build cache is disabled
[        ]   Caching has been disabled for the task
[        ] Skipping task ':share_plus:writeReleaseAarMetadata' as it is up-to-date.
[        ] work action resolve aar-metadata.properties (project :share_plus) (Thread[#893,Execution worker Thread 4,5,main]) started.
[        ] Resolve mutations for :shared_preferences_android:writeReleaseAarMetadata (Thread[#893,Execution worker Thread 4,5,main]) started.
[        ] :shared_preferences_android:writeReleaseAarMetadata (Thread[#893,Execution worker Thread 4,5,main]) started.
[        ] > Task :shared_preferences_android:writeReleaseAarMetadata UP-TO-DATE
[        ] Caching disabled for task ':shared_preferences_android:writeReleaseAarMetadata' because:
[        ]   Build cache is disabled
[        ]   Caching has been disabled for the task
[        ] Skipping task ':shared_preferences_android:writeReleaseAarMetadata' as it is up-to-date.
[        ] work action resolve aar-metadata.properties (project :shared_preferences_android) (Thread[#893,Execution worker Thread 4,5,main]) started.
[        ] Resolve mutations for :sqflite_android:writeReleaseAarMetadata (Thread[#893,Execution worker Thread 4,5,main]) started.
[        ] :sqflite_android:writeReleaseAarMetadata (Thread[#893,Execution worker Thread 4,5,main]) started.
[        ] > Task :sqflite_android:writeReleaseAarMetadata UP-TO-DATE
[        ] Caching disabled for task ':sqflite_android:writeReleaseAarMetadata' because:
[        ]   Build cache is disabled
[        ]   Caching has been disabled for the task
[        ] Skipping task ':sqflite_android:writeReleaseAarMetadata' as it is up-to-date.
[        ] work action resolve aar-metadata.properties (project :sqflite_android) (Thread[#893,Execution worker Thread 4,5,main]) started.
[        ] Resolve mutations for :url_launcher_android:writeReleaseAarMetadata (Thread[#893,Execution worker Thread 4,5,main]) started.
[        ] :url_launcher_android:writeReleaseAarMetadata (Thread[#893,Execution worker Thread 4,5,main]) started.
[        ] > Task :url_launcher_android:writeReleaseAarMetadata UP-TO-DATE
[        ] Caching disabled for task ':url_launcher_android:writeReleaseAarMetadata' because:
[        ]   Build cache is disabled
[        ]   Caching has been disabled for the task
[        ] Skipping task ':url_launcher_android:writeReleaseAarMetadata' as it is up-to-date.
[        ] work action resolve aar-metadata.properties (project :url_launcher_android) (Thread[#893,Execution worker Thread 4,5,main]) started.
[        ] Resolve mutations for :vibration:writeReleaseAarMetadata (Thread[#893,Execution worker Thread 4,5,main]) started.
[        ] :vibration:writeReleaseAarMetadata (Thread[#893,Execution worker Thread 4,5,main]) started.
[        ] > Task :vibration:writeReleaseAarMetadata UP-TO-DATE
[        ] Caching disabled for task ':vibration:writeReleaseAarMetadata' because:
[        ]   Build cache is disabled
[        ]   Caching has been disabled for the task
[        ] Skipping task ':vibration:writeReleaseAarMetadata' as it is up-to-date.
[        ] work action resolve aar-metadata.properties (project :vibration) (Thread[#893,Execution worker Thread 4,5,main]) started.
[        ] Resolve mutations for :app:checkReleaseAarMetadata (Thread[#893,Execution worker Thread 4,5,main]) started.
[        ] :app:checkReleaseAarMetadata (Thread[#893,Execution worker Thread 4,5,main]) started.
[        ] > Task :app:checkReleaseAarMetadata UP-TO-DATE
[        ] Transforming barcode-scanning-17.3.0.aar (com.google.mlkit:barcode-scanning:17.3.0) with JetifyTransform
[        ] Transforming barcode-scanning-17.3.0.aar (com.google.mlkit:barcode-scanning:17.3.0) with ExtractAarTransform
[        ] Transforming barcode-scanning-17.3.0.aar (com.google.mlkit:barcode-scanning:17.3.0) with AarTransform
[        ] Transforming play-services-mlkit-barcode-scanning-18.3.1.aar (com.google.android.gms:play-services-mlkit-barcode-scanning:18.3.1) with JetifyTransform
[        ] Transforming play-services-mlkit-barcode-scanning-18.3.1.aar (com.google.android.gms:play-services-mlkit-barcode-scanning:18.3.1) with ExtractAarTransform
[        ] Transforming play-services-mlkit-barcode-scanning-18.3.1.aar (com.google.android.gms:play-services-mlkit-barcode-scanning:18.3.1) with AarTransform
[        ] Transforming barcode-scanning-common-17.0.0.aar (com.google.mlkit:barcode-scanning-common:17.0.0) with JetifyTransform
[        ] Transforming barcode-scanning-common-17.0.0.aar (com.google.mlkit:barcode-scanning-common:17.0.0) with ExtractAarTransform
[        ] Transforming barcode-scanning-common-17.0.0.aar (com.google.mlkit:barcode-scanning-common:17.0.0) with AarTransform
[        ] Transforming vision-common-17.3.0.aar (com.google.mlkit:vision-common:17.3.0) with JetifyTransform
[        ] Transforming vision-common-17.3.0.aar (com.google.mlkit:vision-common:17.3.0) with ExtractAarTransform
[        ] Transforming vision-common-17.3.0.aar (com.google.mlkit:vision-common:17.3.0) with AarTransform
[        ] Transforming common-18.11.0.aar (com.google.mlkit:common:18.11.0) with JetifyTransform
[        ] Transforming common-18.11.0.aar (com.google.mlkit:common:18.11.0) with ExtractAarTransform
[        ] Transforming common-18.11.0.aar (com.google.mlkit:common:18.11.0) with AarTransform
[        ] Transforming play-services-base-18.5.0.aar (com.google.android.gms:play-services-base:18.5.0) with JetifyTransform
[        ] Transforming play-services-base-18.5.0.aar (com.google.android.gms:play-services-base:18.5.0) with ExtractAarTransform
[        ] Transforming play-services-base-18.5.0.aar (com.google.android.gms:play-services-base:18.5.0) with AarTransform
[        ] Transforming vision-interfaces-16.3.0.aar (com.google.mlkit:vision-interfaces:16.3.0) with JetifyTransform
[        ] Transforming vision-interfaces-16.3.0.aar (com.google.mlkit:vision-interfaces:16.3.0) with ExtractAarTransform
[        ] Transforming vision-interfaces-16.3.0.aar (com.google.mlkit:vision-interfaces:16.3.0) with AarTransform
[        ] Transforming play-services-tasks-18.2.0.aar (com.google.android.gms:play-services-tasks:18.2.0) with JetifyTransform
[        ] Transforming play-services-tasks-18.2.0.aar (com.google.android.gms:play-services-tasks:18.2.0) with ExtractAarTransform
[        ] Transforming play-services-tasks-18.2.0.aar (com.google.android.gms:play-services-tasks:18.2.0) with AarTransform
[        ] Transforming play-services-basement-18.4.0.aar (com.google.android.gms:play-services-basement:18.4.0) with JetifyTransform
[        ] Transforming play-services-basement-18.4.0.aar (com.google.android.gms:play-services-basement:18.4.0) with ExtractAarTransform
[        ] Transforming play-services-basement-18.4.0.aar (com.google.android.gms:play-services-basement:18.4.0) with AarTransform
[        ] Transforming preference-1.2.1.aar (androidx.preference:preference:1.2.1) with JetifyTransform
[        ] Transforming preference-1.2.1.aar (androidx.preference:preference:1.2.1) with ExtractAarTransform
[        ] Transforming preference-1.2.1.aar (androidx.preference:preference:1.2.1) with AarTransform
[        ] Transforming fragment-ktx-1.7.1.aar (androidx.fragment:fragment-ktx:1.7.1) with JetifyTransform
[        ] Transforming fragment-ktx-1.7.1.aar (androidx.fragment:fragment-ktx:1.7.1) with ExtractAarTransform
[        ] Transforming fragment-ktx-1.7.1.aar (androidx.fragment:fragment-ktx:1.7.1) with AarTransform
[        ] Transforming appcompat-resources-1.6.1.aar (androidx.appcompat:appcompat-resources:1.6.1) with JetifyTransform
[        ] Transforming appcompat-resources-1.6.1.aar (androidx.appcompat:appcompat-resources:1.6.1) with ExtractAarTransform
[        ] Transforming appcompat-resources-1.6.1.aar (androidx.appcompat:appcompat-resources:1.6.1) with AarTransform
[        ] Transforming appcompat-1.6.1.aar (androidx.appcompat:appcompat:1.6.1) with JetifyTransform
[        ] Transforming appcompat-1.6.1.aar (androidx.appcompat:appcompat:1.6.1) with ExtractAarTransform
[        ] Transforming appcompat-1.6.1.aar (androidx.appcompat:appcompat:1.6.1) with AarTransform
[        ] Transforming appcompat-1.6.1.aar (androidx.appcompat:appcompat:1.6.1) with JetifyTransform
[        ] Transforming appcompat-1.6.1.aar (androidx.appcompat:appcompat:1.6.1) with ExtractAarTransform
[        ] Transforming appcompat-1.6.1.aar (androidx.appcompat:appcompat:1.6.1) with AarTransform
[        ] Transforming fragment-1.7.1.aar (androidx.fragment:fragment:1.7.1) with JetifyTransform
[        ] Transforming fragment-1.7.1.aar (androidx.fragment:fragment:1.7.1) with ExtractAarTransform
[        ] Transforming fragment-1.7.1.aar (androidx.fragment:fragment:1.7.1) with AarTransform
[        ] Transforming fragment-1.7.1.aar (androidx.fragment:fragment:1.7.1) with JetifyTransform
[        ] Transforming fragment-1.7.1.aar (androidx.fragment:fragment:1.7.1) with ExtractAarTransform
[        ] Transforming fragment-1.7.1.aar (androidx.fragment:fragment:1.7.1) with AarTransform
[        ] Transforming activity-ktx-1.9.3.aar (androidx.activity:activity-ktx:1.9.3) with JetifyTransform
[        ] Transforming activity-ktx-1.9.3.aar (androidx.activity:activity-ktx:1.9.3) with ExtractAarTransform
[        ] Transforming activity-ktx-1.9.3.aar (androidx.activity:activity-ktx:1.9.3) with AarTransform
[        ] Transforming activity-1.9.3.aar (androidx.activity:activity:1.9.3) with JetifyTransform
[        ] Transforming activity-1.9.3.aar (androidx.activity:activity:1.9.3) with ExtractAarTransform
[        ] Transforming activity-1.9.3.aar (androidx.activity:activity:1.9.3) with AarTransform
[        ] Transforming camera-core-1.4.2.aar (androidx.camera:camera-core:1.4.2) with JetifyTransform
[        ] Transforming camera-core-1.4.2.aar (androidx.camera:camera-core:1.4.2) with ExtractAarTransform
[        ] Transforming camera-core-1.4.2.aar (androidx.camera:camera-core:1.4.2) with AarTransform
[        ] Transforming camera-camera2-1.4.2.aar (androidx.camera:camera-camera2:1.4.2) with JetifyTransform
[        ] Transforming camera-camera2-1.4.2.aar (androidx.camera:camera-camera2:1.4.2) with ExtractAarTransform
[        ] Transforming camera-camera2-1.4.2.aar (androidx.camera:camera-camera2:1.4.2) with AarTransform
[        ] Transforming camera-lifecycle-1.4.2.aar (androidx.camera:camera-lifecycle:1.4.2) with JetifyTransform
[        ] Transforming camera-lifecycle-1.4.2.aar (androidx.camera:camera-lifecycle:1.4.2) with ExtractAarTransform
[        ] Transforming camera-lifecycle-1.4.2.aar (androidx.camera:camera-lifecycle:1.4.2) with AarTransform
[        ] Transforming browser-1.8.0.aar (androidx.browser:browser:1.8.0) with JetifyTransform
[        ] Transforming browser-1.8.0.aar (androidx.browser:browser:1.8.0) with ExtractAarTransform
[        ] Transforming browser-1.8.0.aar (androidx.browser:browser:1.8.0) with AarTransform
[        ] Transforming recyclerview-1.0.0.aar (androidx.recyclerview:recyclerview:1.0.0) with JetifyTransform
[        ] Transforming recyclerview-1.0.0.aar (androidx.recyclerview:recyclerview:1.0.0) with ExtractAarTransform
[        ] Transforming recyclerview-1.0.0.aar (androidx.recyclerview:recyclerview:1.0.0) with AarTransform
[        ] Transforming legacy-support-core-ui-1.0.0.aar (androidx.legacy:legacy-support-core-ui:1.0.0) with JetifyTransform
[        ] Transforming legacy-support-core-ui-1.0.0.aar (androidx.legacy:legacy-support-core-ui:1.0.0) with ExtractAarTransform
[        ] Transforming legacy-support-core-ui-1.0.0.aar (androidx.legacy:legacy-support-core-ui:1.0.0) with AarTransform
[        ] Transforming slidingpanelayout-1.2.0.aar (androidx.slidingpanelayout:slidingpanelayout:1.2.0) with JetifyTransform
[        ] Transforming slidingpanelayout-1.2.0.aar (androidx.slidingpanelayout:slidingpanelayout:1.2.0) with ExtractAarTransform
[        ] Transforming slidingpanelayout-1.2.0.aar (androidx.slidingpanelayout:slidingpanelayout:1.2.0) with AarTransform
[        ] Transforming slidingpanelayout-1.2.0.aar (androidx.slidingpanelayout:slidingpanelayout:1.2.0) with JetifyTransform
[        ] Transforming slidingpanelayout-1.2.0.aar (androidx.slidingpanelayout:slidingpanelayout:1.2.0) with ExtractAarTransform
[        ] Transforming slidingpanelayout-1.2.0.aar (androidx.slidingpanelayout:slidingpanelayout:1.2.0) with AarTransform
[        ] Transforming window-1.2.0.aar (androidx.window:window:1.2.0) with JetifyTransform
[        ] Transforming window-1.2.0.aar (androidx.window:window:1.2.0) with ExtractAarTransform
[        ] Transforming window-1.2.0.aar (androidx.window:window:1.2.0) with AarTransform
[        ] Transforming window-java-1.2.0.aar (androidx.window:window-java:1.2.0) with JetifyTransform
[        ] Transforming window-java-1.2.0.aar (androidx.window:window-java:1.2.0) with ExtractAarTransform
[        ] Transforming window-java-1.2.0.aar (androidx.window:window-java:1.2.0) with AarTransform
[        ] Transforming legacy-support-core-utils-1.0.0.aar (androidx.legacy:legacy-support-core-utils:1.0.0) with JetifyTransform
[        ] Transforming legacy-support-core-utils-1.0.0.aar (androidx.legacy:legacy-support-core-utils:1.0.0) with ExtractAarTransform
[        ] Transforming legacy-support-core-utils-1.0.0.aar (androidx.legacy:legacy-support-core-utils:1.0.0) with AarTransform
[        ] Transforming loader-1.0.0.aar (androidx.loader:loader:1.0.0) with JetifyTransform
[        ] Transforming loader-1.0.0.aar (androidx.loader:loader:1.0.0) with ExtractAarTransform
[        ] Transforming loader-1.0.0.aar (androidx.loader:loader:1.0.0) with AarTransform
[        ] Transforming loader-1.0.0.aar (androidx.loader:loader:1.0.0) with JetifyTransform
[        ] Transforming loader-1.0.0.aar (androidx.loader:loader:1.0.0) with ExtractAarTransform
[        ] Transforming loader-1.0.0.aar (androidx.loader:loader:1.0.0) with AarTransform
[        ] Transforming lifecycle-livedata-core-ktx-2.7.0.aar (androidx.lifecycle:lifecycle-livedata-core-ktx:2.7.0) with JetifyTransform
[        ] Transforming lifecycle-livedata-core-ktx-2.7.0.aar (androidx.lifecycle:lifecycle-livedata-core-ktx:2.7.0) with ExtractAarTransform
[        ] Transforming lifecycle-livedata-core-ktx-2.7.0.aar (androidx.lifecycle:lifecycle-livedata-core-ktx:2.7.0) with AarTransform
[        ] Transforming lifecycle-viewmodel-ktx-2.7.0.aar (androidx.lifecycle:lifecycle-viewmodel-ktx:2.7.0) with JetifyTransform
[        ] Transforming lifecycle-viewmodel-ktx-2.7.0.aar (androidx.lifecycle:lifecycle-viewmodel-ktx:2.7.0) with ExtractAarTransform
[        ] Transforming lifecycle-viewmodel-ktx-2.7.0.aar (androidx.lifecycle:lifecycle-viewmodel-ktx:2.7.0) with AarTransform
[        ] Transforming lifecycle-runtime-ktx-2.7.0.aar (androidx.lifecycle:lifecycle-runtime-ktx:2.7.0) with JetifyTransform
[        ] Transforming lifecycle-runtime-ktx-2.7.0.aar (androidx.lifecycle:lifecycle-runtime-ktx:2.7.0) with ExtractAarTransform
[        ] Transforming lifecycle-runtime-ktx-2.7.0.aar (androidx.lifecycle:lifecycle-runtime-ktx:2.7.0) with AarTransform
[        ] Transforming lifecycle-livedata-2.7.0.aar (androidx.lifecycle:lifecycle-livedata:2.7.0) with JetifyTransform
[        ] Transforming lifecycle-livedata-2.7.0.aar (androidx.lifecycle:lifecycle-livedata:2.7.0) with ExtractAarTransform
[        ] Transforming lifecycle-livedata-2.7.0.aar (androidx.lifecycle:lifecycle-livedata:2.7.0) with AarTransform
[        ] Transforming lifecycle-livedata-2.7.0.aar (androidx.lifecycle:lifecycle-livedata:2.7.0) with JetifyTransform
[        ] Transforming lifecycle-livedata-2.7.0.aar (androidx.lifecycle:lifecycle-livedata:2.7.0) with ExtractAarTransform
[        ] Transforming lifecycle-livedata-2.7.0.aar (androidx.lifecycle:lifecycle-livedata:2.7.0) with AarTransform
[        ] Transforming lifecycle-livedata-core-2.7.0.aar (androidx.lifecycle:lifecycle-livedata-core:2.7.0) with JetifyTransform
[        ] Transforming lifecycle-livedata-core-2.7.0.aar (androidx.lifecycle:lifecycle-livedata-core:2.7.0) with ExtractAarTransform
[        ] Transforming lifecycle-livedata-core-2.7.0.aar (androidx.lifecycle:lifecycle-livedata-core:2.7.0) with AarTransform
[        ] Transforming lifecycle-viewmodel-2.7.0.aar (androidx.lifecycle:lifecycle-viewmodel:2.7.0) with JetifyTransform
[        ] Transforming lifecycle-viewmodel-2.7.0.aar (androidx.lifecycle:lifecycle-viewmodel:2.7.0) with ExtractAarTransform
[        ] Transforming lifecycle-viewmodel-2.7.0.aar (androidx.lifecycle:lifecycle-viewmodel:2.7.0) with AarTransform
[        ] Transforming lifecycle-viewmodel-2.7.0.aar (androidx.lifecycle:lifecycle-viewmodel:2.7.0) with JetifyTransform
[        ] Transforming lifecycle-viewmodel-2.7.0.aar (androidx.lifecycle:lifecycle-viewmodel:2.7.0) with ExtractAarTransform
[        ] Transforming lifecycle-viewmodel-2.7.0.aar (androidx.lifecycle:lifecycle-viewmodel:2.7.0) with AarTransform
[        ] Transforming emoji2-views-helper-1.2.0.aar (androidx.emoji2:emoji2-views-helper:1.2.0) with JetifyTransform
[        ] Transforming emoji2-views-helper-1.2.0.aar (androidx.emoji2:emoji2-views-helper:1.2.0) with ExtractAarTransform
[        ] Transforming emoji2-views-helper-1.2.0.aar (androidx.emoji2:emoji2-views-helper:1.2.0) with AarTransform
[        ] Transforming emoji2-1.2.0.aar (androidx.emoji2:emoji2:1.2.0) with JetifyTransform
[        ] Transforming emoji2-1.2.0.aar (androidx.emoji2:emoji2:1.2.0) with ExtractAarTransform
[        ] Transforming emoji2-1.2.0.aar (androidx.emoji2:emoji2:1.2.0) with AarTransform
[        ] Transforming lifecycle-process-2.7.0.aar (androidx.lifecycle:lifecycle-process:2.7.0) with JetifyTransform
[        ] Transforming lifecycle-process-2.7.0.aar (androidx.lifecycle:lifecycle-process:2.7.0) with ExtractAarTransform
[        ] Transforming lifecycle-process-2.7.0.aar (androidx.lifecycle:lifecycle-process:2.7.0) with AarTransform
[        ] Transforming savedstate-ktx-1.2.1.aar (androidx.savedstate:savedstate-ktx:1.2.1) with JetifyTransform
[        ] Transforming savedstate-ktx-1.2.1.aar (androidx.savedstate:savedstate-ktx:1.2.1) with ExtractAarTransform
[        ] Transforming savedstate-ktx-1.2.1.aar (androidx.savedstate:savedstate-ktx:1.2.1) with AarTransform
[        ] Transforming savedstate-1.2.1.aar (androidx.savedstate:savedstate:1.2.1) with JetifyTransform
[        ] Transforming savedstate-1.2.1.aar (androidx.savedstate:savedstate:1.2.1) with ExtractAarTransform
[        ] Transforming savedstate-1.2.1.aar (androidx.savedstate:savedstate:1.2.1) with AarTransform
[        ] Transforming lifecycle-runtime-2.7.0.aar (androidx.lifecycle:lifecycle-runtime:2.7.0) with JetifyTransform
[        ] Transforming lifecycle-runtime-2.7.0.aar (androidx.lifecycle:lifecycle-runtime:2.7.0) with ExtractAarTransform
[        ] Transforming lifecycle-runtime-2.7.0.aar (androidx.lifecycle:lifecycle-runtime:2.7.0) with AarTransform
[        ] Transforming lifecycle-viewmodel-savedstate-2.7.0.aar (androidx.lifecycle:lifecycle-viewmodel-savedstate:2.7.0) with JetifyTransform
[        ] Transforming lifecycle-viewmodel-savedstate-2.7.0.aar (androidx.lifecycle:lifecycle-viewmodel-savedstate:2.7.0) with ExtractAarTransform
[        ] Transforming lifecycle-viewmodel-savedstate-2.7.0.aar (androidx.lifecycle:lifecycle-viewmodel-savedstate:2.7.0) with AarTransform
[        ] Transforming core-ktx-1.13.1.aar (androidx.core:core-ktx:1.13.1) with JetifyTransform
[        ] Transforming core-ktx-1.13.1.aar (androidx.core:core-ktx:1.13.1) with ExtractAarTransform
[        ] Transforming core-ktx-1.13.1.aar (androidx.core:core-ktx:1.13.1) with AarTransform
[        ] Transforming viewpager-1.0.0.aar (androidx.viewpager:viewpager:1.0.0) with JetifyTransform
[        ] Transforming viewpager-1.0.0.aar (androidx.viewpager:viewpager:1.0.0) with ExtractAarTransform
[        ] Transforming viewpager-1.0.0.aar (androidx.viewpager:viewpager:1.0.0) with AarTransform
[        ] Transforming viewpager-1.0.0.aar (androidx.viewpager:viewpager:1.0.0) with JetifyTransform
[        ] Transforming viewpager-1.0.0.aar (androidx.viewpager:viewpager:1.0.0) with ExtractAarTransform
[        ] Transforming viewpager-1.0.0.aar (androidx.viewpager:viewpager:1.0.0) with AarTransform
[        ] Transforming drawerlayout-1.0.0.aar (androidx.drawerlayout:drawerlayout:1.0.0) with JetifyTransform
[        ] Transforming drawerlayout-1.0.0.aar (androidx.drawerlayout:drawerlayout:1.0.0) with ExtractAarTransform
[        ] Transforming drawerlayout-1.0.0.aar (androidx.drawerlayout:drawerlayout:1.0.0) with AarTransform
[        ] Transforming drawerlayout-1.0.0.aar (androidx.drawerlayout:drawerlayout:1.0.0) with JetifyTransform
[        ] Transforming drawerlayout-1.0.0.aar (androidx.drawerlayout:drawerlayout:1.0.0) with ExtractAarTransform
[        ] Transforming drawerlayout-1.0.0.aar (androidx.drawerlayout:drawerlayout:1.0.0) with AarTransform
[        ] Transforming coordinatorlayout-1.0.0.aar (androidx.coordinatorlayout:coordinatorlayout:1.0.0) with JetifyTransform
[        ] Transforming coordinatorlayout-1.0.0.aar (androidx.coordinatorlayout:coordinatorlayout:1.0.0) with ExtractAarTransform
[        ] Transforming coordinatorlayout-1.0.0.aar (androidx.coordinatorlayout:coordinatorlayout:1.0.0) with AarTransform
[        ] Transforming customview-1.1.0.aar (androidx.customview:customview:1.1.0) with JetifyTransform
[        ] Transforming customview-1.1.0.aar (androidx.customview:customview:1.1.0) with ExtractAarTransform
[        ] Transforming customview-1.1.0.aar (androidx.customview:customview:1.1.0) with AarTransform
[        ] Transforming customview-1.1.0.aar (androidx.customview:customview:1.1.0) with JetifyTransform
[        ] Transforming customview-1.1.0.aar (androidx.customview:customview:1.1.0) with ExtractAarTransform
[        ] Transforming customview-1.1.0.aar (androidx.customview:customview:1.1.0) with AarTransform
[        ] Transforming transition-1.4.1.aar (androidx.transition:transition:1.4.1) with JetifyTransform
[        ] Transforming transition-1.4.1.aar (androidx.transition:transition:1.4.1) with ExtractAarTransform
[        ] Transforming transition-1.4.1.aar (androidx.transition:transition:1.4.1) with AarTransform
[        ] Transforming swiperefreshlayout-1.0.0.aar (androidx.swiperefreshlayout:swiperefreshlayout:1.0.0) with JetifyTransform
[        ] Transforming swiperefreshlayout-1.0.0.aar (androidx.swiperefreshlayout:swiperefreshlayout:1.0.0) with ExtractAarTransform
[        ] Transforming swiperefreshlayout-1.0.0.aar (androidx.swiperefreshlayout:swiperefreshlayout:1.0.0) with AarTransform
[        ] Transforming asynclayoutinflater-1.0.0.aar (androidx.asynclayoutinflater:asynclayoutinflater:1.0.0) with JetifyTransform
[        ] Transforming asynclayoutinflater-1.0.0.aar (androidx.asynclayoutinflater:asynclayoutinflater:1.0.0) with ExtractAarTransform
[        ] Transforming asynclayoutinflater-1.0.0.aar (androidx.asynclayoutinflater:asynclayoutinflater:1.0.0) with AarTransform
[        ] Transforming vectordrawable-animated-1.1.0.aar (androidx.vectordrawable:vectordrawable-animated:1.1.0) with JetifyTransform
[        ] Transforming vectordrawable-animated-1.1.0.aar (androidx.vectordrawable:vectordrawable-animated:1.1.0) with ExtractAarTransform
[        ] Transforming vectordrawable-animated-1.1.0.aar (androidx.vectordrawable:vectordrawable-animated:1.1.0) with AarTransform
[        ] Transforming vectordrawable-1.1.0.aar (androidx.vectordrawable:vectordrawable:1.1.0) with JetifyTransform
[        ] Transforming vectordrawable-1.1.0.aar (androidx.vectordrawable:vectordrawable:1.1.0) with ExtractAarTransform
[        ] Transforming vectordrawable-1.1.0.aar (androidx.vectordrawable:vectordrawable:1.1.0) with AarTransform
[        ] Transforming vectordrawable-1.1.0.aar (androidx.vectordrawable:vectordrawable:1.1.0) with JetifyTransform
[        ] Transforming vectordrawable-1.1.0.aar (androidx.vectordrawable:vectordrawable:1.1.0) with ExtractAarTransform
[        ] Transforming vectordrawable-1.1.0.aar (androidx.vectordrawable:vectordrawable:1.1.0) with AarTransform
[        ] Transforming core-1.13.1.aar (androidx.core:core:1.13.1) with JetifyTransform
[        ] Transforming core-1.13.1.aar (androidx.core:core:1.13.1) with ExtractAarTransform
[        ] Transforming core-1.13.1.aar (androidx.core:core:1.13.1) with AarTransform
[        ] Transforming core-1.13.1.aar (androidx.core:core:1.13.1) with JetifyTransform
[        ] Transforming core-1.13.1.aar (androidx.core:core:1.13.1) with ExtractAarTransform
[        ] Transforming core-1.13.1.aar (androidx.core:core:1.13.1) with AarTransform
[        ] Transforming exifinterface-1.3.7.aar (androidx.exifinterface:exifinterface:1.3.7) with JetifyTransform
[        ] Transforming exifinterface-1.3.7.aar (androidx.exifinterface:exifinterface:1.3.7) with ExtractAarTransform
[        ] Transforming exifinterface-1.3.7.aar (androidx.exifinterface:exifinterface:1.3.7) with AarTransform
[        ] Transforming exifinterface-1.3.7.aar (androidx.exifinterface:exifinterface:1.3.7) with JetifyTransform
[        ] Transforming exifinterface-1.3.7.aar (androidx.exifinterface:exifinterface:1.3.7) with ExtractAarTransform
[        ] Transforming exifinterface-1.3.7.aar (androidx.exifinterface:exifinterface:1.3.7) with AarTransform
[        ] Transforming tracing-ktx-1.2.0.aar (androidx.tracing:tracing-ktx:1.2.0) with JetifyTransform
[        ] Transforming tracing-ktx-1.2.0.aar (androidx.tracing:tracing-ktx:1.2.0) with ExtractAarTransform
[        ] Transforming tracing-ktx-1.2.0.aar (androidx.tracing:tracing-ktx:1.2.0) with AarTransform
[        ] Transforming profileinstaller-1.3.1.aar (androidx.profileinstaller:profileinstaller:1.3.1) with JetifyTransform
[        ] Transforming profileinstaller-1.3.1.aar (androidx.profileinstaller:profileinstaller:1.3.1) with ExtractAarTransform
[        ] Transforming profileinstaller-1.3.1.aar (androidx.profileinstaller:profileinstaller:1.3.1) with AarTransform
[        ] Transforming startup-runtime-1.1.1.aar (androidx.startup:startup-runtime:1.1.1) with JetifyTransform
[        ] Transforming startup-runtime-1.1.1.aar (androidx.startup:startup-runtime:1.1.1) with ExtractAarTransform
[        ] Transforming startup-runtime-1.1.1.aar (androidx.startup:startup-runtime:1.1.1) with AarTransform
[        ] Transforming tracing-1.2.0.aar (androidx.tracing:tracing:1.2.0) with JetifyTransform
[        ] Transforming tracing-1.2.0.aar (androidx.tracing:tracing:1.2.0) with ExtractAarTransform
[        ] Transforming tracing-1.2.0.aar (androidx.tracing:tracing:1.2.0) with AarTransform
[        ] Transforming interpolator-1.0.0.aar (androidx.interpolator:interpolator:1.0.0) with JetifyTransform
[        ] Transforming interpolator-1.0.0.aar (androidx.interpolator:interpolator:1.0.0) with ExtractAarTransform
[        ] Transforming interpolator-1.0.0.aar (androidx.interpolator:interpolator:1.0.0) with AarTransform
[        ] Transforming interpolator-1.0.0.aar (androidx.interpolator:interpolator:1.0.0) with JetifyTransform
[        ] Transforming interpolator-1.0.0.aar (androidx.interpolator:interpolator:1.0.0) with ExtractAarTransform
[        ] Transforming interpolator-1.0.0.aar (androidx.interpolator:interpolator:1.0.0) with AarTransform
[        ] Transforming versionedparcelable-1.1.1.aar (androidx.versionedparcelable:versionedparcelable:1.1.1) with JetifyTransform
[        ] Transforming versionedparcelable-1.1.1.aar (androidx.versionedparcelable:versionedparcelable:1.1.1) with ExtractAarTransform
[        ] Transforming versionedparcelable-1.1.1.aar (androidx.versionedparcelable:versionedparcelable:1.1.1) with AarTransform
[        ] Transforming datastore-core-release.aar (androidx.datastore:datastore-core-android:1.1.3) with JetifyTransform
[        ] Transforming datastore-core-release.aar (androidx.datastore:datastore-core-android:1.1.3) with ExtractAarTransform
[        ] Transforming datastore-core-release.aar (androidx.datastore:datastore-core-android:1.1.3) with AarTransform
[        ] Transforming datastore-preferences-release.aar (androidx.datastore:datastore-preferences-android:1.1.3) with JetifyTransform
[        ] Transforming datastore-preferences-release.aar (androidx.datastore:datastore-preferences-android:1.1.3) with ExtractAarTransform
[        ] Transforming datastore-preferences-release.aar (androidx.datastore:datastore-preferences-android:1.1.3) with AarTransform
[        ] Transforming datastore-release.aar (androidx.datastore:datastore-android:1.1.3) with JetifyTransform
[        ] Transforming datastore-release.aar (androidx.datastore:datastore-android:1.1.3) with ExtractAarTransform
[        ] Transforming datastore-release.aar (androidx.datastore:datastore-android:1.1.3) with AarTransform
[        ] Transforming core-runtime-2.2.0.aar (androidx.arch.core:core-runtime:2.2.0) with JetifyTransform
[        ] Transforming core-runtime-2.2.0.aar (androidx.arch.core:core-runtime:2.2.0) with ExtractAarTransform
[        ] Transforming core-runtime-2.2.0.aar (androidx.arch.core:core-runtime:2.2.0) with AarTransform
[        ] Transforming transport-backend-cct-2.3.3.aar (com.google.android.datatransport:transport-backend-cct:2.3.3) with JetifyTransform
[        ] Transforming transport-backend-cct-2.3.3.aar (com.google.android.datatransport:transport-backend-cct:2.3.3) with ExtractAarTransform
[        ] Transforming transport-backend-cct-2.3.3.aar (com.google.android.datatransport:transport-backend-cct:2.3.3) with AarTransform
[        ] Transforming transport-runtime-2.2.6.aar (com.google.android.datatransport:transport-runtime:2.2.6) with JetifyTransform
[        ] Transforming transport-runtime-2.2.6.aar (com.google.android.datatransport:transport-runtime:2.2.6) with ExtractAarTransform
[        ] Transforming transport-runtime-2.2.6.aar (com.google.android.datatransport:transport-runtime:2.2.6) with AarTransform
[        ] Transforming transport-api-2.2.1.aar (com.google.android.datatransport:transport-api:2.2.1) with JetifyTransform
[        ] Transforming transport-api-2.2.1.aar (com.google.android.datatransport:transport-api:2.2.1) with ExtractAarTransform
[        ] Transforming transport-api-2.2.1.aar (com.google.android.datatransport:transport-api:2.2.1) with AarTransform
[        ] Transforming firebase-components-16.1.0.aar (com.google.firebase:firebase-components:16.1.0) with JetifyTransform
[        ] Transforming firebase-components-16.1.0.aar (com.google.firebase:firebase-components:16.1.0) with ExtractAarTransform
[        ] Transforming firebase-components-16.1.0.aar (com.google.firebase:firebase-components:16.1.0) with AarTransform
[        ] Transforming firebase-encoders-json-17.1.0.aar (com.google.firebase:firebase-encoders-json:17.1.0) with JetifyTransform
[        ] Transforming firebase-encoders-json-17.1.0.aar (com.google.firebase:firebase-encoders-json:17.1.0) with ExtractAarTransform
[        ] Transforming firebase-encoders-json-17.1.0.aar (com.google.firebase:firebase-encoders-json:17.1.0) with AarTransform
[        ] Transforming core-1.0.0.aar (androidx.window.extensions.core:core:1.0.0) with JetifyTransform
[        ] Transforming core-1.0.0.aar (androidx.window.extensions.core:core:1.0.0) with ExtractAarTransform
[        ] Transforming core-1.0.0.aar (androidx.window.extensions.core:core:1.0.0) with AarTransform
[        ] Transforming cursoradapter-1.0.0.aar (androidx.cursoradapter:cursoradapter:1.0.0) with JetifyTransform
[        ] Transforming cursoradapter-1.0.0.aar (androidx.cursoradapter:cursoradapter:1.0.0) with ExtractAarTransform
[        ] Transforming cursoradapter-1.0.0.aar (androidx.cursoradapter:cursoradapter:1.0.0) with AarTransform
[        ] Transforming cursoradapter-1.0.0.aar (androidx.cursoradapter:cursoradapter:1.0.0) with JetifyTransform
[        ] Transforming cursoradapter-1.0.0.aar (androidx.cursoradapter:cursoradapter:1.0.0) with ExtractAarTransform
[        ] Transforming cursoradapter-1.0.0.aar (androidx.cursoradapter:cursoradapter:1.0.0) with AarTransform
[        ] Transforming documentfile-1.0.0.aar (androidx.documentfile:documentfile:1.0.0) with JetifyTransform
[        ] Transforming documentfile-1.0.0.aar (androidx.documentfile:documentfile:1.0.0) with ExtractAarTransform
[        ] Transforming documentfile-1.0.0.aar (androidx.documentfile:documentfile:1.0.0) with AarTransform
[        ] Transforming localbroadcastmanager-1.0.0.aar (androidx.localbroadcastmanager:localbroadcastmanager:1.0.0) with JetifyTransform
[        ] Transforming localbroadcastmanager-1.0.0.aar (androidx.localbroadcastmanager:localbroadcastmanager:1.0.0) with ExtractAarTransform
[        ] Transforming localbroadcastmanager-1.0.0.aar (androidx.localbroadcastmanager:localbroadcastmanager:1.0.0) with AarTransform
[        ] Transforming print-1.0.0.aar (androidx.print:print:1.0.0) with JetifyTransform
[        ] Transforming print-1.0.0.aar (androidx.print:print:1.0.0) with ExtractAarTransform
[        ] Transforming print-1.0.0.aar (androidx.print:print:1.0.0) with AarTransform
[        ] Transforming annotation-experimental-1.4.1.aar (androidx.annotation:annotation-experimental:1.4.1) with JetifyTransform
[        ] Transforming annotation-experimental-1.4.1.aar (androidx.annotation:annotation-experimental:1.4.1) with ExtractAarTransform
[        ] Transforming annotation-experimental-1.4.1.aar (androidx.annotation:annotation-experimental:1.4.1) with AarTransform
[        ] Transforming relinker-1.4.5.aar (com.getkeepsafe.relinker:relinker:1.4.5) with JetifyTransform
[        ] Transforming relinker-1.4.5.aar (com.getkeepsafe.relinker:relinker:1.4.5) with ExtractAarTransform
[        ] Transforming relinker-1.4.5.aar (com.getkeepsafe.relinker:relinker:1.4.5) with AarTransform
[        ] Transforming image-1.0.0-beta1.aar (com.google.android.odml:image:1.0.0-beta1) with JetifyTransform
[        ] Transforming image-1.0.0-beta1.aar (com.google.android.odml:image:1.0.0-beta1) with ExtractAarTransform
[        ] Transforming image-1.0.0-beta1.aar (com.google.android.odml:image:1.0.0-beta1) with AarTransform
[        ] Caching disabled for task ':app:checkReleaseAarMetadata' because:
[        ]   Build cache is disabled
[        ]   Caching has been disabled for the task
[        ] Skipping task ':app:checkReleaseAarMetadata' as it is up-to-date.
[        ] Resolve mutations for :app:cleanMergeReleaseAssets (Thread[#893,Execution worker Thread 4,5,main]) started.
[        ] :app:cleanMergeReleaseAssets (Thread[#893,Execution worker Thread 4,5,main]) started.
[        ] > Task :app:cleanMergeReleaseAssets
[        ] Caching disabled for task ':app:cleanMergeReleaseAssets' because:
[        ]   Build cache is disabled
[        ] Task ':app:cleanMergeReleaseAssets' is not up-to-date because:
[        ]   Task has not declared any outputs despite executing actions.
[        ] Resolve mutations for :app:mergeReleaseShaders (Thread[#893,Execution worker Thread 4,5,main]) started.
[        ] :app:mergeReleaseShaders (Thread[#893,Execution worker Thread 4,5,main]) started.
[        ] > Task :app:mergeReleaseShaders UP-TO-DATE
[        ] Caching disabled for task ':app:mergeReleaseShaders' because:
[        ]   Build cache is disabled
[        ]   Simple merging task
[        ] Skipping task ':app:mergeReleaseShaders' as it is up-to-date.
[        ] Resolve mutations for :app:compileReleaseShaders (Thread[#893,Execution worker Thread 4,5,main]) started.
[        ] :app:compileReleaseShaders (Thread[#893,Execution worker Thread 4,5,main]) started.
[        ] > Task :app:compileReleaseShaders NO-SOURCE
[        ] Skipping task ':app:compileReleaseShaders' as it has no source files and no previous output files.
[        ] Resolve mutations for :app:generateReleaseAssets (Thread[#893,Execution worker Thread 4,5,main]) started.
[        ] :app:generateReleaseAssets (Thread[#893,Execution worker Thread 4,5,main]) started.
[        ] > Task :app:generateReleaseAssets UP-TO-DATE
[        ] Skipping task ':app:generateReleaseAssets' as it has no actions.
[        ] Resolve mutations for :device_info_plus:mergeReleaseShaders (Thread[#893,Execution worker Thread 4,5,main]) started.
[        ] :device_info_plus:mergeReleaseShaders (Thread[#893,Execution worker Thread 4,5,main]) started.
[        ] > Task :device_info_plus:mergeReleaseShaders UP-TO-DATE
[        ] Caching disabled for task ':device_info_plus:mergeReleaseShaders' because:
[        ]   Build cache is disabled
[        ]   Simple merging task
[        ] Skipping task ':device_info_plus:mergeReleaseShaders' as it is up-to-date.
[        ] Resolve mutations for :device_info_plus:compileReleaseShaders (Thread[#893,Execution worker Thread 4,5,main]) started.
[        ] :device_info_plus:compileReleaseShaders (Thread[#893,Execution worker Thread 4,5,main]) started.
[        ] > Task :device_info_plus:compileReleaseShaders NO-SOURCE
[        ] Skipping task ':device_info_plus:compileReleaseShaders' as it has no source files and no previous output files.
[        ] Resolve mutations for :device_info_plus:generateReleaseAssets (Thread[#893,Execution worker Thread 4,5,main]) started.
[        ] :device_info_plus:generateReleaseAssets (Thread[#893,Execution worker Thread 4,5,main]) started.
[  +72 ms] > Task :device_info_plus:generateReleaseAssets UP-TO-DATE
[        ] Skipping task ':device_info_plus:generateReleaseAssets' as it has no actions.
[        ] Resolve mutations for :device_info_plus:packageReleaseAssets (Thread[#893,Execution worker Thread 4,5,main]) started.
[        ] :device_info_plus:packageReleaseAssets (Thread[#893,Execution worker Thread 4,5,main]) started.
[        ] > Task :device_info_plus:packageReleaseAssets UP-TO-DATE
[        ] Caching disabled for task ':device_info_plus:packageReleaseAssets' because:
[        ]   Build cache is disabled
[        ]   Simple merging task
[        ] Skipping task ':device_info_plus:packageReleaseAssets' as it is up-to-date.
[        ] work action resolve out (project :device_info_plus) (Thread[#893,Execution worker Thread 4,5,main]) started.
[        ] Resolve mutations for :file_picker:mergeReleaseShaders (Thread[#893,Execution worker Thread 4,5,main]) started.
[        ] :file_picker:mergeReleaseShaders (Thread[#893,Execution worker Thread 4,5,main]) started.
[        ] > Task :file_picker:mergeReleaseShaders UP-TO-DATE
[        ] Caching disabled for task ':file_picker:mergeReleaseShaders' because:
[        ]   Build cache is disabled
[        ]   Simple merging task
[        ] Skipping task ':file_picker:mergeReleaseShaders' as it is up-to-date.
[        ] Resolve mutations for :file_picker:compileReleaseShaders (Thread[#893,Execution worker Thread 4,5,main]) started.
[        ] :file_picker:compileReleaseShaders (Thread[#893,Execution worker Thread 4,5,main]) started.
[        ] > Task :file_picker:compileReleaseShaders NO-SOURCE
[        ] Skipping task ':file_picker:compileReleaseShaders' as it has no source files and no previous output files.
[        ] Resolve mutations for :file_picker:generateReleaseAssets (Thread[#893,Execution worker Thread 4,5,main]) started.
[        ] :file_picker:generateReleaseAssets (Thread[#889,included builds,5,main]) started.
[        ] > Task :file_picker:generateReleaseAssets UP-TO-DATE
[        ] Skipping task ':file_picker:generateReleaseAssets' as it has no actions.
[        ] Resolve mutations for :file_picker:packageReleaseAssets (Thread[#889,included builds,5,main]) started.
[        ] :file_picker:packageReleaseAssets (Thread[#889,included builds,5,main]) started.
[        ] > Task :file_picker:packageReleaseAssets UP-TO-DATE
[        ] Caching disabled for task ':file_picker:packageReleaseAssets' because:
[        ]   Build cache is disabled
[        ]   Simple merging task
[        ] Skipping task ':file_picker:packageReleaseAssets' as it is up-to-date.
[        ] work action resolve out (project :file_picker) (Thread[#899,Execution worker Thread 10,5,main]) started.
[        ] Resolve mutations for :flutter_plugin_android_lifecycle:mergeReleaseShaders (Thread[#899,Execution worker Thread 10,5,main]) started.
[        ] :flutter_plugin_android_lifecycle:mergeReleaseShaders (Thread[#899,Execution worker Thread 10,5,main]) started.
[        ] > Task :flutter_plugin_android_lifecycle:mergeReleaseShaders UP-TO-DATE
[        ] Caching disabled for task ':flutter_plugin_android_lifecycle:mergeReleaseShaders' because:
[        ]   Build cache is disabled
[        ]   Simple merging task
[        ] Skipping task ':flutter_plugin_android_lifecycle:mergeReleaseShaders' as it is up-to-date.
[        ] Resolve mutations for :flutter_plugin_android_lifecycle:compileReleaseShaders (Thread[#899,Execution worker Thread 10,5,main]) started.
[        ] :flutter_plugin_android_lifecycle:compileReleaseShaders (Thread[#899,Execution worker Thread 10,5,main]) started.
[        ] > Task :flutter_plugin_android_lifecycle:compileReleaseShaders NO-SOURCE
[        ] Skipping task ':flutter_plugin_android_lifecycle:compileReleaseShaders' as it has no source files and no previous output files.
[        ] Resolve mutations for :flutter_plugin_android_lifecycle:generateReleaseAssets (Thread[#899,Execution worker Thread 10,5,main]) started.
[        ] :flutter_plugin_android_lifecycle:generateReleaseAssets (Thread[#899,Execution worker Thread 10,5,main]) started.
[        ] > Task :flutter_plugin_android_lifecycle:generateReleaseAssets UP-TO-DATE
[        ] Skipping task ':flutter_plugin_android_lifecycle:generateReleaseAssets' as it has no actions.
[        ] Resolve mutations for :flutter_plugin_android_lifecycle:packageReleaseAssets (Thread[#899,Execution worker Thread 10,5,main]) started.
[        ] :flutter_plugin_android_lifecycle:packageReleaseAssets (Thread[#899,Execution worker Thread 10,5,main]) started.
[        ] > Task :flutter_plugin_android_lifecycle:packageReleaseAssets UP-TO-DATE
[        ] Caching disabled for task ':flutter_plugin_android_lifecycle:packageReleaseAssets' because:
[        ]   Build cache is disabled
[        ]   Simple merging task
[        ] Skipping task ':flutter_plugin_android_lifecycle:packageReleaseAssets' as it is up-to-date.
[        ] work action resolve out (project :flutter_plugin_android_lifecycle) (Thread[#899,Execution worker Thread 10,5,main]) started.
[        ] Resolve mutations for :image_picker_android:mergeReleaseShaders (Thread[#899,Execution worker Thread 10,5,main]) started.
[        ] :image_picker_android:mergeReleaseShaders (Thread[#899,Execution worker Thread 10,5,main]) started.
[        ] > Task :image_picker_android:mergeReleaseShaders UP-TO-DATE
[        ] Caching disabled for task ':image_picker_android:mergeReleaseShaders' because:
[        ]   Build cache is disabled
[        ]   Simple merging task
[        ] Skipping task ':image_picker_android:mergeReleaseShaders' as it is up-to-date.
[        ] Resolve mutations for :image_picker_android:compileReleaseShaders (Thread[#899,Execution worker Thread 10,5,main]) started.
[        ] :image_picker_android:compileReleaseShaders (Thread[#899,Execution worker Thread 10,5,main]) started.
[        ] > Task :image_picker_android:compileReleaseShaders NO-SOURCE
[        ] Skipping task ':image_picker_android:compileReleaseShaders' as it has no source files and no previous output files.
[        ] Resolve mutations for :image_picker_android:generateReleaseAssets (Thread[#899,Execution worker Thread 10,5,main]) started.
[        ] :image_picker_android:generateReleaseAssets (Thread[#899,Execution worker Thread 10,5,main]) started.
[        ] > Task :image_picker_android:generateReleaseAssets UP-TO-DATE
[        ] Skipping task ':image_picker_android:generateReleaseAssets' as it has no actions.
[        ] Resolve mutations for :image_picker_android:packageReleaseAssets (Thread[#899,Execution worker Thread 10,5,main]) started.
[        ] :image_picker_android:packageReleaseAssets (Thread[#899,Execution worker Thread 10,5,main]) started.
[        ] > Task :image_picker_android:packageReleaseAssets UP-TO-DATE
[        ] Caching disabled for task ':image_picker_android:packageReleaseAssets' because:
[        ]   Build cache is disabled
[        ]   Simple merging task
[        ] Skipping task ':image_picker_android:packageReleaseAssets' as it is up-to-date.
[        ] work action resolve out (project :image_picker_android) (Thread[#899,Execution worker Thread 10,5,main]) started.
[        ] Resolve mutations for :mobile_scanner:mergeReleaseShaders (Thread[#899,Execution worker Thread 10,5,main]) started.
[        ] :mobile_scanner:mergeReleaseShaders (Thread[#899,Execution worker Thread 10,5,main]) started.
[        ] > Task :mobile_scanner:mergeReleaseShaders UP-TO-DATE
[        ] Caching disabled for task ':mobile_scanner:mergeReleaseShaders' because:
[        ]   Build cache is disabled
[        ]   Simple merging task
[        ] Skipping task ':mobile_scanner:mergeReleaseShaders' as it is up-to-date.
[        ] Resolve mutations for :mobile_scanner:compileReleaseShaders (Thread[#899,Execution worker Thread 10,5,main]) started.
[        ] :mobile_scanner:compileReleaseShaders (Thread[#899,Execution worker Thread 10,5,main]) started.
[        ] > Task :mobile_scanner:compileReleaseShaders NO-SOURCE
[        ] Skipping task ':mobile_scanner:compileReleaseShaders' as it has no source files and no previous output files.
[        ] Resolve mutations for :mobile_scanner:generateReleaseAssets (Thread[#899,Execution worker Thread 10,5,main]) started.
[        ] :mobile_scanner:generateReleaseAssets (Thread[#899,Execution worker Thread 10,5,main]) started.
[        ] > Task :mobile_scanner:generateReleaseAssets UP-TO-DATE
[        ] Skipping task ':mobile_scanner:generateReleaseAssets' as it has no actions.
[        ] Resolve mutations for :mobile_scanner:packageReleaseAssets (Thread[#899,Execution worker Thread 10,5,main]) started.
[        ] :mobile_scanner:packageReleaseAssets (Thread[#899,Execution worker Thread 10,5,main]) started.
[        ] > Task :mobile_scanner:packageReleaseAssets UP-TO-DATE
[        ] Caching disabled for task ':mobile_scanner:packageReleaseAssets' because:
[        ]   Build cache is disabled
[        ]   Simple merging task
[        ] Skipping task ':mobile_scanner:packageReleaseAssets' as it is up-to-date.
[        ] work action resolve out (project :mobile_scanner) (Thread[#899,Execution worker Thread 10,5,main]) started.
[        ] Resolve mutations for :package_info_plus:mergeReleaseShaders (Thread[#899,Execution worker Thread 10,5,main]) started.
[        ] :package_info_plus:mergeReleaseShaders (Thread[#899,Execution worker Thread 10,5,main]) started.
[        ] > Task :package_info_plus:mergeReleaseShaders UP-TO-DATE
[        ] Caching disabled for task ':package_info_plus:mergeReleaseShaders' because:
[        ]   Build cache is disabled
[        ]   Simple merging task
[        ] Skipping task ':package_info_plus:mergeReleaseShaders' as it is up-to-date.
[        ] Resolve mutations for :package_info_plus:compileReleaseShaders (Thread[#899,Execution worker Thread 10,5,main]) started.
[        ] :package_info_plus:compileReleaseShaders (Thread[#899,Execution worker Thread 10,5,main]) started.
[        ] > Task :package_info_plus:compileReleaseShaders NO-SOURCE
[        ] Skipping task ':package_info_plus:compileReleaseShaders' as it has no source files and no previous output files.
[        ] Resolve mutations for :package_info_plus:generateReleaseAssets (Thread[#899,Execution worker Thread 10,5,main]) started.
[        ] :package_info_plus:generateReleaseAssets (Thread[#899,Execution worker Thread 10,5,main]) started.
[        ] > Task :package_info_plus:generateReleaseAssets UP-TO-DATE
[        ] Skipping task ':package_info_plus:generateReleaseAssets' as it has no actions.
[        ] Resolve mutations for :package_info_plus:packageReleaseAssets (Thread[#899,Execution worker Thread 10,5,main]) started.
[        ] :package_info_plus:packageReleaseAssets (Thread[#892,Execution worker Thread 3,5,main]) started.
[        ] > Task :package_info_plus:packageReleaseAssets UP-TO-DATE
[        ] Caching disabled for task ':package_info_plus:packageReleaseAssets' because:
[        ]   Build cache is disabled
[        ]   Simple merging task
[        ] Skipping task ':package_info_plus:packageReleaseAssets' as it is up-to-date.
[        ] work action resolve out (project :package_info_plus) (Thread[#892,Execution worker Thread 3,5,main]) started.
[        ] Resolve mutations for :path_provider_android:mergeReleaseShaders (Thread[#892,Execution worker Thread 3,5,main]) started.
[        ] :path_provider_android:mergeReleaseShaders (Thread[#892,Execution worker Thread 3,5,main]) started.
[        ] > Task :path_provider_android:mergeReleaseShaders UP-TO-DATE
[        ] Caching disabled for task ':path_provider_android:mergeReleaseShaders' because:
[        ]   Build cache is disabled
[        ]   Simple merging task
[        ] Skipping task ':path_provider_android:mergeReleaseShaders' as it is up-to-date.
[        ] Resolve mutations for :path_provider_android:compileReleaseShaders (Thread[#892,Execution worker Thread 3,5,main]) started.
[        ] :path_provider_android:compileReleaseShaders (Thread[#892,Execution worker Thread 3,5,main]) started.
[        ] > Task :path_provider_android:compileReleaseShaders NO-SOURCE
[        ] Skipping task ':path_provider_android:compileReleaseShaders' as it has no source files and no previous output files.
[        ] Resolve mutations for :path_provider_android:generateReleaseAssets (Thread[#892,Execution worker Thread 3,5,main]) started.
[        ] :path_provider_android:generateReleaseAssets (Thread[#892,Execution worker Thread 3,5,main]) started.
[        ] > Task :path_provider_android:generateReleaseAssets UP-TO-DATE
[        ] Skipping task ':path_provider_android:generateReleaseAssets' as it has no actions.
[        ] Resolve mutations for :path_provider_android:packageReleaseAssets (Thread[#892,Execution worker Thread 3,5,main]) started.
[        ] :path_provider_android:packageReleaseAssets (Thread[#892,Execution worker Thread 3,5,main]) started.
[        ] > Task :path_provider_android:packageReleaseAssets UP-TO-DATE
[        ] Caching disabled for task ':path_provider_android:packageReleaseAssets' because:
[        ]   Build cache is disabled
[        ]   Simple merging task
[        ] Skipping task ':path_provider_android:packageReleaseAssets' as it is up-to-date.
[        ] work action resolve out (project :path_provider_android) (Thread[#892,Execution worker Thread 3,5,main]) started.
[        ] Resolve mutations for :printing:mergeReleaseShaders (Thread[#892,Execution worker Thread 3,5,main]) started.
[        ] :printing:mergeReleaseShaders (Thread[#892,Execution worker Thread 3,5,main]) started.
[        ] > Task :printing:mergeReleaseShaders UP-TO-DATE
[        ] Caching disabled for task ':printing:mergeReleaseShaders' because:
[        ]   Build cache is disabled
[        ]   Simple merging task
[        ] Skipping task ':printing:mergeReleaseShaders' as it is up-to-date.
[        ] Resolve mutations for :printing:compileReleaseShaders (Thread[#892,Execution worker Thread 3,5,main]) started.
[        ] :printing:compileReleaseShaders (Thread[#892,Execution worker Thread 3,5,main]) started.
[        ] > Task :printing:compileReleaseShaders NO-SOURCE
[        ] Skipping task ':printing:compileReleaseShaders' as it has no source files and no previous output files.
[        ] Resolve mutations for :printing:generateReleaseAssets (Thread[#892,Execution worker Thread 3,5,main]) started.
[        ] :printing:generateReleaseAssets (Thread[#892,Execution worker Thread 3,5,main]) started.
[        ] > Task :printing:generateReleaseAssets UP-TO-DATE
[        ] Skipping task ':printing:generateReleaseAssets' as it has no actions.
[        ] Resolve mutations for :printing:packageReleaseAssets (Thread[#892,Execution worker Thread 3,5,main]) started.
[        ] :printing:packageReleaseAssets (Thread[#892,Execution worker Thread 3,5,main]) started.
[        ] > Task :printing:packageReleaseAssets UP-TO-DATE
[        ] Caching disabled for task ':printing:packageReleaseAssets' because:
[        ]   Build cache is disabled
[        ]   Simple merging task
[        ] Skipping task ':printing:packageReleaseAssets' as it is up-to-date.
[        ] work action resolve out (project :printing) (Thread[#889,included builds,5,main]) started.
[        ] Resolve mutations for :share_plus:mergeReleaseShaders (Thread[#889,included builds,5,main]) started.
[        ] :share_plus:mergeReleaseShaders (Thread[#889,included builds,5,main]) started.
[        ] > Task :share_plus:mergeReleaseShaders UP-TO-DATE
[        ] Caching disabled for task ':share_plus:mergeReleaseShaders' because:
[        ]   Build cache is disabled
[        ]   Simple merging task
[        ] Skipping task ':share_plus:mergeReleaseShaders' as it is up-to-date.
[        ] Resolve mutations for :share_plus:compileReleaseShaders (Thread[#889,included builds,5,main]) started.
[        ] :share_plus:compileReleaseShaders (Thread[#889,included builds,5,main]) started.
[        ] > Task :share_plus:compileReleaseShaders NO-SOURCE
[        ] Skipping task ':share_plus:compileReleaseShaders' as it has no source files and no previous output files.
[        ] Resolve mutations for :share_plus:generateReleaseAssets (Thread[#889,included builds,5,main]) started.
[        ] :share_plus:generateReleaseAssets (Thread[#889,included builds,5,main]) started.
[        ] > Task :share_plus:generateReleaseAssets UP-TO-DATE
[        ] Skipping task ':share_plus:generateReleaseAssets' as it has no actions.
[        ] Resolve mutations for :share_plus:packageReleaseAssets (Thread[#889,included builds,5,main]) started.
[        ] :share_plus:packageReleaseAssets (Thread[#889,included builds,5,main]) started.
[        ] > Task :share_plus:packageReleaseAssets UP-TO-DATE
[        ] Caching disabled for task ':share_plus:packageReleaseAssets' because:
[        ]   Build cache is disabled
[        ]   Simple merging task
[        ] Skipping task ':share_plus:packageReleaseAssets' as it is up-to-date.
[        ] work action resolve out (project :share_plus) (Thread[#894,Execution worker Thread 5,5,main]) started.
[        ] Resolve mutations for :shared_preferences_android:mergeReleaseShaders (Thread[#894,Execution worker Thread 5,5,main]) started.
[        ] :shared_preferences_android:mergeReleaseShaders (Thread[#894,Execution worker Thread 5,5,main]) started.
[        ] > Task :shared_preferences_android:mergeReleaseShaders UP-TO-DATE
[        ] Caching disabled for task ':shared_preferences_android:mergeReleaseShaders' because:
[        ]   Build cache is disabled
[        ]   Simple merging task
[        ] Skipping task ':shared_preferences_android:mergeReleaseShaders' as it is up-to-date.
[        ] Resolve mutations for :shared_preferences_android:compileReleaseShaders (Thread[#894,Execution worker Thread 5,5,main]) started.
[        ] :shared_preferences_android:compileReleaseShaders (Thread[#894,Execution worker Thread 5,5,main]) started.
[        ] > Task :shared_preferences_android:compileReleaseShaders NO-SOURCE
[        ] Skipping task ':shared_preferences_android:compileReleaseShaders' as it has no source files and no previous output files.
[        ] Resolve mutations for :shared_preferences_android:generateReleaseAssets (Thread[#894,Execution worker Thread 5,5,main]) started.
[        ] :shared_preferences_android:generateReleaseAssets (Thread[#894,Execution worker Thread 5,5,main]) started.
[        ] > Task :shared_preferences_android:generateReleaseAssets UP-TO-DATE
[        ] Skipping task ':shared_preferences_android:generateReleaseAssets' as it has no actions.
[        ] Resolve mutations for :shared_preferences_android:packageReleaseAssets (Thread[#894,Execution worker Thread 5,5,main]) started.
[        ] :shared_preferences_android:packageReleaseAssets (Thread[#894,Execution worker Thread 5,5,main]) started.
[        ] > Task :shared_preferences_android:packageReleaseAssets UP-TO-DATE
[        ] Caching disabled for task ':shared_preferences_android:packageReleaseAssets' because:
[        ]   Build cache is disabled
[        ]   Simple merging task
[        ] Skipping task ':shared_preferences_android:packageReleaseAssets' as it is up-to-date.
[        ] work action resolve out (project :shared_preferences_android) (Thread[#894,Execution worker Thread 5,5,main]) started.
[        ] Resolve mutations for :sqflite_android:mergeReleaseShaders (Thread[#894,Execution worker Thread 5,5,main]) started.
[        ] :sqflite_android:mergeReleaseShaders (Thread[#894,Execution worker Thread 5,5,main]) started.
[        ] > Task :sqflite_android:mergeReleaseShaders UP-TO-DATE
[        ] Caching disabled for task ':sqflite_android:mergeReleaseShaders' because:
[        ]   Build cache is disabled
[        ]   Simple merging task
[        ] Skipping task ':sqflite_android:mergeReleaseShaders' as it is up-to-date.
[        ] Resolve mutations for :sqflite_android:compileReleaseShaders (Thread[#894,Execution worker Thread 5,5,main]) started.
[        ] :sqflite_android:compileReleaseShaders (Thread[#894,Execution worker Thread 5,5,main]) started.
[        ] > Task :sqflite_android:compileReleaseShaders NO-SOURCE
[        ] Skipping task ':sqflite_android:compileReleaseShaders' as it has no source files and no previous output files.
[        ] Resolve mutations for :sqflite_android:generateReleaseAssets (Thread[#894,Execution worker Thread 5,5,main]) started.
[        ] :sqflite_android:generateReleaseAssets (Thread[#894,Execution worker Thread 5,5,main]) started.
[        ] > Task :sqflite_android:generateReleaseAssets UP-TO-DATE
[        ] Skipping task ':sqflite_android:generateReleaseAssets' as it has no actions.
[        ] Resolve mutations for :sqflite_android:packageReleaseAssets (Thread[#894,Execution worker Thread 5,5,main]) started.
[        ] :sqflite_android:packageReleaseAssets (Thread[#894,Execution worker Thread 5,5,main]) started.
[        ] > Task :sqflite_android:packageReleaseAssets UP-TO-DATE
[        ] Caching disabled for task ':sqflite_android:packageReleaseAssets' because:
[        ]   Build cache is disabled
[        ]   Simple merging task
[        ] Skipping task ':sqflite_android:packageReleaseAssets' as it is up-to-date.
[        ] work action resolve out (project :sqflite_android) (Thread[#894,Execution worker Thread 5,5,main]) started.
[        ] Resolve mutations for :url_launcher_android:mergeReleaseShaders (Thread[#894,Execution worker Thread 5,5,main]) started.
[        ] :url_launcher_android:mergeReleaseShaders (Thread[#894,Execution worker Thread 5,5,main]) started.
[        ] > Task :url_launcher_android:mergeReleaseShaders UP-TO-DATE
[        ] Caching disabled for task ':url_launcher_android:mergeReleaseShaders' because:
[        ]   Build cache is disabled
[        ]   Simple merging task
[        ] Skipping task ':url_launcher_android:mergeReleaseShaders' as it is up-to-date.
[        ] Resolve mutations for :url_launcher_android:compileReleaseShaders (Thread[#894,Execution worker Thread 5,5,main]) started.
[        ] :url_launcher_android:compileReleaseShaders (Thread[#894,Execution worker Thread 5,5,main]) started.
[        ] > Task :url_launcher_android:compileReleaseShaders NO-SOURCE
[        ] Skipping task ':url_launcher_android:compileReleaseShaders' as it has no source files and no previous output files.
[        ] Resolve mutations for :url_launcher_android:generateReleaseAssets (Thread[#894,Execution worker Thread 5,5,main]) started.
[        ] :url_launcher_android:generateReleaseAssets (Thread[#894,Execution worker Thread 5,5,main]) started.
[        ] > Task :url_launcher_android:generateReleaseAssets UP-TO-DATE
[        ] Skipping task ':url_launcher_android:generateReleaseAssets' as it has no actions.
[        ] Resolve mutations for :url_launcher_android:packageReleaseAssets (Thread[#894,Execution worker Thread 5,5,main]) started.
[  +68 ms] :url_launcher_android:packageReleaseAssets (Thread[#894,Execution worker Thread 5,5,main]) started.
[        ] > Task :url_launcher_android:packageReleaseAssets UP-TO-DATE
[        ] Caching disabled for task ':url_launcher_android:packageReleaseAssets' because:
[        ]   Build cache is disabled
[        ]   Simple merging task
[        ] Skipping task ':url_launcher_android:packageReleaseAssets' as it is up-to-date.
[        ] work action resolve out (project :url_launcher_android) (Thread[#894,Execution worker Thread 5,5,main]) started.
[        ] Resolve mutations for :vibration:mergeReleaseShaders (Thread[#894,Execution worker Thread 5,5,main]) started.
[        ] :vibration:mergeReleaseShaders (Thread[#894,Execution worker Thread 5,5,main]) started.
[        ] > Task :vibration:mergeReleaseShaders UP-TO-DATE
[        ] Caching disabled for task ':vibration:mergeReleaseShaders' because:
[        ]   Build cache is disabled
[        ]   Simple merging task
[        ] Skipping task ':vibration:mergeReleaseShaders' as it is up-to-date.
[        ] Resolve mutations for :vibration:compileReleaseShaders (Thread[#894,Execution worker Thread 5,5,main]) started.
[        ] :vibration:compileReleaseShaders (Thread[#894,Execution worker Thread 5,5,main]) started.
[        ] > Task :vibration:compileReleaseShaders NO-SOURCE
[        ] Skipping task ':vibration:compileReleaseShaders' as it has no source files and no previous output files.
[        ] Resolve mutations for :vibration:generateReleaseAssets (Thread[#894,Execution worker Thread 5,5,main]) started.
[        ] :vibration:generateReleaseAssets (Thread[#894,Execution worker Thread 5,5,main]) started.
[        ] > Task :vibration:generateReleaseAssets UP-TO-DATE
[        ] Skipping task ':vibration:generateReleaseAssets' as it has no actions.
[        ] Resolve mutations for :vibration:packageReleaseAssets (Thread[#894,Execution worker Thread 5,5,main]) started.
[        ] :vibration:packageReleaseAssets (Thread[#894,Execution worker Thread 5,5,main]) started.
[        ] > Task :vibration:packageReleaseAssets UP-TO-DATE
[        ] Caching disabled for task ':vibration:packageReleaseAssets' because:
[        ]   Build cache is disabled
[        ]   Simple merging task
[        ] Skipping task ':vibration:packageReleaseAssets' as it is up-to-date.
[        ] work action resolve out (project :vibration) (Thread[#894,Execution worker Thread 5,5,main]) started.
[        ] Resolve mutations for :app:mergeReleaseAssets (Thread[#894,Execution worker Thread 5,5,main]) started.
[        ] :app:mergeReleaseAssets (Thread[#891,Execution worker Thread 2,5,main]) started.
[        ] > Task :app:mergeReleaseAssets
[        ] Transforming barcode-scanning-17.3.0.aar (com.google.mlkit:barcode-scanning:17.3.0) with JetifyTransform
[        ] Transforming barcode-scanning-17.3.0.aar (com.google.mlkit:barcode-scanning:17.3.0) with ExtractAarTransform
[        ] Transforming barcode-scanning-17.3.0.aar (com.google.mlkit:barcode-scanning:17.3.0) with AarTransform
[        ] Transforming play-services-mlkit-barcode-scanning-18.3.1.aar (com.google.android.gms:play-services-mlkit-barcode-scanning:18.3.1) with JetifyTransform
[        ] Transforming play-services-mlkit-barcode-scanning-18.3.1.aar (com.google.android.gms:play-services-mlkit-barcode-scanning:18.3.1) with ExtractAarTransform
[        ] Transforming play-services-mlkit-barcode-scanning-18.3.1.aar (com.google.android.gms:play-services-mlkit-barcode-scanning:18.3.1) with AarTransform
[        ] Transforming barcode-scanning-common-17.0.0.aar (com.google.mlkit:barcode-scanning-common:17.0.0) with JetifyTransform
[        ] Transforming barcode-scanning-common-17.0.0.aar (com.google.mlkit:barcode-scanning-common:17.0.0) with ExtractAarTransform
[        ] Transforming barcode-scanning-common-17.0.0.aar (com.google.mlkit:barcode-scanning-common:17.0.0) with AarTransform
[        ] Transforming vision-common-17.3.0.aar (com.google.mlkit:vision-common:17.3.0) with JetifyTransform
[        ] Transforming vision-common-17.3.0.aar (com.google.mlkit:vision-common:17.3.0) with ExtractAarTransform
[        ] Transforming vision-common-17.3.0.aar (com.google.mlkit:vision-common:17.3.0) with AarTransform
[        ] Transforming common-18.11.0.aar (com.google.mlkit:common:18.11.0) with JetifyTransform
[        ] Transforming common-18.11.0.aar (com.google.mlkit:common:18.11.0) with ExtractAarTransform
[        ] Transforming common-18.11.0.aar (com.google.mlkit:common:18.11.0) with AarTransform
[        ] Transforming play-services-base-18.5.0.aar (com.google.android.gms:play-services-base:18.5.0) with JetifyTransform
[        ] Transforming play-services-base-18.5.0.aar (com.google.android.gms:play-services-base:18.5.0) with ExtractAarTransform
[        ] Transforming play-services-base-18.5.0.aar (com.google.android.gms:play-services-base:18.5.0) with AarTransform
[        ] Transforming vision-interfaces-16.3.0.aar (com.google.mlkit:vision-interfaces:16.3.0) with JetifyTransform
[        ] Transforming vision-interfaces-16.3.0.aar (com.google.mlkit:vision-interfaces:16.3.0) with ExtractAarTransform
[        ] Transforming vision-interfaces-16.3.0.aar (com.google.mlkit:vision-interfaces:16.3.0) with AarTransform
[        ] Transforming play-services-tasks-18.2.0.aar (com.google.android.gms:play-services-tasks:18.2.0) with JetifyTransform
[        ] Transforming play-services-tasks-18.2.0.aar (com.google.android.gms:play-services-tasks:18.2.0) with ExtractAarTransform
[        ] Transforming play-services-tasks-18.2.0.aar (com.google.android.gms:play-services-tasks:18.2.0) with AarTransform
[        ] Transforming play-services-basement-18.4.0.aar (com.google.android.gms:play-services-basement:18.4.0) with JetifyTransform
[        ] Transforming play-services-basement-18.4.0.aar (com.google.android.gms:play-services-basement:18.4.0) with ExtractAarTransform
[        ] Transforming play-services-basement-18.4.0.aar (com.google.android.gms:play-services-basement:18.4.0) with AarTransform
[        ] Transforming preference-1.2.1.aar (androidx.preference:preference:1.2.1) with JetifyTransform
[        ] Transforming preference-1.2.1.aar (androidx.preference:preference:1.2.1) with ExtractAarTransform
[        ] Transforming preference-1.2.1.aar (androidx.preference:preference:1.2.1) with AarTransform
[        ] Transforming fragment-ktx-1.7.1.aar (androidx.fragment:fragment-ktx:1.7.1) with JetifyTransform
[        ] Transforming fragment-ktx-1.7.1.aar (androidx.fragment:fragment-ktx:1.7.1) with ExtractAarTransform
[        ] Transforming fragment-ktx-1.7.1.aar (androidx.fragment:fragment-ktx:1.7.1) with AarTransform
[        ] Transforming appcompat-resources-1.6.1.aar (androidx.appcompat:appcompat-resources:1.6.1) with JetifyTransform
[        ] Transforming appcompat-resources-1.6.1.aar (androidx.appcompat:appcompat-resources:1.6.1) with ExtractAarTransform
[        ] Transforming appcompat-resources-1.6.1.aar (androidx.appcompat:appcompat-resources:1.6.1) with AarTransform
[        ] Transforming appcompat-1.6.1.aar (androidx.appcompat:appcompat:1.6.1) with JetifyTransform
[        ] Transforming appcompat-1.6.1.aar (androidx.appcompat:appcompat:1.6.1) with ExtractAarTransform
[        ] Transforming appcompat-1.6.1.aar (androidx.appcompat:appcompat:1.6.1) with AarTransform
[        ] Transforming appcompat-1.6.1.aar (androidx.appcompat:appcompat:1.6.1) with JetifyTransform
[        ] Transforming appcompat-1.6.1.aar (androidx.appcompat:appcompat:1.6.1) with ExtractAarTransform
[        ] Transforming appcompat-1.6.1.aar (androidx.appcompat:appcompat:1.6.1) with AarTransform
[        ] Transforming fragment-1.7.1.aar (androidx.fragment:fragment:1.7.1) with JetifyTransform
[        ] Transforming fragment-1.7.1.aar (androidx.fragment:fragment:1.7.1) with ExtractAarTransform
[        ] Transforming fragment-1.7.1.aar (androidx.fragment:fragment:1.7.1) with AarTransform
[        ] Transforming fragment-1.7.1.aar (androidx.fragment:fragment:1.7.1) with JetifyTransform
[        ] Transforming fragment-1.7.1.aar (androidx.fragment:fragment:1.7.1) with ExtractAarTransform
[        ] Transforming fragment-1.7.1.aar (androidx.fragment:fragment:1.7.1) with AarTransform
[        ] Transforming activity-ktx-1.9.3.aar (androidx.activity:activity-ktx:1.9.3) with JetifyTransform
[        ] Transforming activity-ktx-1.9.3.aar (androidx.activity:activity-ktx:1.9.3) with ExtractAarTransform
[        ] Transforming activity-ktx-1.9.3.aar (androidx.activity:activity-ktx:1.9.3) with AarTransform
[        ] Transforming activity-1.9.3.aar (androidx.activity:activity:1.9.3) with JetifyTransform
[        ] Transforming activity-1.9.3.aar (androidx.activity:activity:1.9.3) with ExtractAarTransform
[        ] Transforming activity-1.9.3.aar (androidx.activity:activity:1.9.3) with AarTransform
[        ] Transforming camera-core-1.4.2.aar (androidx.camera:camera-core:1.4.2) with JetifyTransform
[        ] Transforming camera-core-1.4.2.aar (androidx.camera:camera-core:1.4.2) with ExtractAarTransform
[        ] Transforming camera-core-1.4.2.aar (androidx.camera:camera-core:1.4.2) with AarTransform
[        ] Transforming camera-camera2-1.4.2.aar (androidx.camera:camera-camera2:1.4.2) with JetifyTransform
[        ] Transforming camera-camera2-1.4.2.aar (androidx.camera:camera-camera2:1.4.2) with ExtractAarTransform
[        ] Transforming camera-camera2-1.4.2.aar (androidx.camera:camera-camera2:1.4.2) with AarTransform
[        ] Transforming camera-lifecycle-1.4.2.aar (androidx.camera:camera-lifecycle:1.4.2) with JetifyTransform
[        ] Transforming camera-lifecycle-1.4.2.aar (androidx.camera:camera-lifecycle:1.4.2) with ExtractAarTransform
[        ] Transforming camera-lifecycle-1.4.2.aar (androidx.camera:camera-lifecycle:1.4.2) with AarTransform
[        ] Transforming browser-1.8.0.aar (androidx.browser:browser:1.8.0) with JetifyTransform
[        ] Transforming browser-1.8.0.aar (androidx.browser:browser:1.8.0) with ExtractAarTransform
[        ] Transforming browser-1.8.0.aar (androidx.browser:browser:1.8.0) with AarTransform
[        ] Transforming recyclerview-1.0.0.aar (androidx.recyclerview:recyclerview:1.0.0) with JetifyTransform
[        ] Transforming recyclerview-1.0.0.aar (androidx.recyclerview:recyclerview:1.0.0) with ExtractAarTransform
[        ] Transforming recyclerview-1.0.0.aar (androidx.recyclerview:recyclerview:1.0.0) with AarTransform
[        ] Transforming legacy-support-core-ui-1.0.0.aar (androidx.legacy:legacy-support-core-ui:1.0.0) with JetifyTransform
[        ] Transforming legacy-support-core-ui-1.0.0.aar (androidx.legacy:legacy-support-core-ui:1.0.0) with ExtractAarTransform
[        ] Transforming legacy-support-core-ui-1.0.0.aar (androidx.legacy:legacy-support-core-ui:1.0.0) with AarTransform
[        ] Transforming slidingpanelayout-1.2.0.aar (androidx.slidingpanelayout:slidingpanelayout:1.2.0) with JetifyTransform
[        ] Transforming slidingpanelayout-1.2.0.aar (androidx.slidingpanelayout:slidingpanelayout:1.2.0) with ExtractAarTransform
[        ] Transforming slidingpanelayout-1.2.0.aar (androidx.slidingpanelayout:slidingpanelayout:1.2.0) with AarTransform
[        ] Transforming slidingpanelayout-1.2.0.aar (androidx.slidingpanelayout:slidingpanelayout:1.2.0) with JetifyTransform
[        ] Transforming slidingpanelayout-1.2.0.aar (androidx.slidingpanelayout:slidingpanelayout:1.2.0) with ExtractAarTransform
[        ] Transforming slidingpanelayout-1.2.0.aar (androidx.slidingpanelayout:slidingpanelayout:1.2.0) with AarTransform
[        ] Transforming window-1.2.0.aar (androidx.window:window:1.2.0) with JetifyTransform
[        ] Transforming window-1.2.0.aar (androidx.window:window:1.2.0) with ExtractAarTransform
[        ] Transforming window-1.2.0.aar (androidx.window:window:1.2.0) with AarTransform
[        ] Transforming window-java-1.2.0.aar (androidx.window:window-java:1.2.0) with JetifyTransform
[        ] Transforming window-java-1.2.0.aar (androidx.window:window-java:1.2.0) with ExtractAarTransform
[        ] Transforming window-java-1.2.0.aar (androidx.window:window-java:1.2.0) with AarTransform
[        ] Transforming legacy-support-core-utils-1.0.0.aar (androidx.legacy:legacy-support-core-utils:1.0.0) with JetifyTransform
[        ] Transforming legacy-support-core-utils-1.0.0.aar (androidx.legacy:legacy-support-core-utils:1.0.0) with ExtractAarTransform
[        ] Transforming legacy-support-core-utils-1.0.0.aar (androidx.legacy:legacy-support-core-utils:1.0.0) with AarTransform
[        ] Transforming loader-1.0.0.aar (androidx.loader:loader:1.0.0) with JetifyTransform
[        ] Transforming loader-1.0.0.aar (androidx.loader:loader:1.0.0) with ExtractAarTransform
[        ] Transforming loader-1.0.0.aar (androidx.loader:loader:1.0.0) with AarTransform
[        ] Transforming loader-1.0.0.aar (androidx.loader:loader:1.0.0) with JetifyTransform
[        ] Transforming loader-1.0.0.aar (androidx.loader:loader:1.0.0) with ExtractAarTransform
[        ] Transforming loader-1.0.0.aar (androidx.loader:loader:1.0.0) with AarTransform
[        ] Transforming lifecycle-livedata-core-ktx-2.7.0.aar (androidx.lifecycle:lifecycle-livedata-core-ktx:2.7.0) with JetifyTransform
[        ] Transforming lifecycle-livedata-core-ktx-2.7.0.aar (androidx.lifecycle:lifecycle-livedata-core-ktx:2.7.0) with ExtractAarTransform
[        ] Transforming lifecycle-livedata-core-ktx-2.7.0.aar (androidx.lifecycle:lifecycle-livedata-core-ktx:2.7.0) with AarTransform
[        ] Transforming lifecycle-viewmodel-ktx-2.7.0.aar (androidx.lifecycle:lifecycle-viewmodel-ktx:2.7.0) with JetifyTransform
[        ] Transforming lifecycle-viewmodel-ktx-2.7.0.aar (androidx.lifecycle:lifecycle-viewmodel-ktx:2.7.0) with ExtractAarTransform
[        ] Transforming lifecycle-viewmodel-ktx-2.7.0.aar (androidx.lifecycle:lifecycle-viewmodel-ktx:2.7.0) with AarTransform
[        ] Transforming lifecycle-runtime-ktx-2.7.0.aar (androidx.lifecycle:lifecycle-runtime-ktx:2.7.0) with JetifyTransform
[        ] Transforming lifecycle-runtime-ktx-2.7.0.aar (androidx.lifecycle:lifecycle-runtime-ktx:2.7.0) with ExtractAarTransform
[        ] Transforming lifecycle-runtime-ktx-2.7.0.aar (androidx.lifecycle:lifecycle-runtime-ktx:2.7.0) with AarTransform
[        ] Transforming lifecycle-livedata-2.7.0.aar (androidx.lifecycle:lifecycle-livedata:2.7.0) with JetifyTransform
[        ] Transforming lifecycle-livedata-2.7.0.aar (androidx.lifecycle:lifecycle-livedata:2.7.0) with ExtractAarTransform
[        ] Transforming lifecycle-livedata-2.7.0.aar (androidx.lifecycle:lifecycle-livedata:2.7.0) with AarTransform
[        ] Transforming lifecycle-livedata-2.7.0.aar (androidx.lifecycle:lifecycle-livedata:2.7.0) with JetifyTransform
[        ] Transforming lifecycle-livedata-2.7.0.aar (androidx.lifecycle:lifecycle-livedata:2.7.0) with ExtractAarTransform
[        ] Transforming lifecycle-livedata-2.7.0.aar (androidx.lifecycle:lifecycle-livedata:2.7.0) with AarTransform
[        ] Transforming lifecycle-livedata-core-2.7.0.aar (androidx.lifecycle:lifecycle-livedata-core:2.7.0) with JetifyTransform
[        ] Transforming lifecycle-livedata-core-2.7.0.aar (androidx.lifecycle:lifecycle-livedata-core:2.7.0) with ExtractAarTransform
[        ] Transforming lifecycle-livedata-core-2.7.0.aar (androidx.lifecycle:lifecycle-livedata-core:2.7.0) with AarTransform
[        ] Transforming lifecycle-viewmodel-2.7.0.aar (androidx.lifecycle:lifecycle-viewmodel:2.7.0) with JetifyTransform
[        ] Transforming lifecycle-viewmodel-2.7.0.aar (androidx.lifecycle:lifecycle-viewmodel:2.7.0) with ExtractAarTransform
[        ] Transforming lifecycle-viewmodel-2.7.0.aar (androidx.lifecycle:lifecycle-viewmodel:2.7.0) with AarTransform
[        ] Transforming lifecycle-viewmodel-2.7.0.aar (androidx.lifecycle:lifecycle-viewmodel:2.7.0) with JetifyTransform
[        ] Transforming lifecycle-viewmodel-2.7.0.aar (androidx.lifecycle:lifecycle-viewmodel:2.7.0) with ExtractAarTransform
[        ] Transforming lifecycle-viewmodel-2.7.0.aar (androidx.lifecycle:lifecycle-viewmodel:2.7.0) with AarTransform
[        ] Transforming emoji2-views-helper-1.2.0.aar (androidx.emoji2:emoji2-views-helper:1.2.0) with JetifyTransform
[        ] Transforming emoji2-views-helper-1.2.0.aar (androidx.emoji2:emoji2-views-helper:1.2.0) with ExtractAarTransform
[        ] Transforming emoji2-views-helper-1.2.0.aar (androidx.emoji2:emoji2-views-helper:1.2.0) with AarTransform
[        ] Transforming emoji2-1.2.0.aar (androidx.emoji2:emoji2:1.2.0) with JetifyTransform
[        ] Transforming emoji2-1.2.0.aar (androidx.emoji2:emoji2:1.2.0) with ExtractAarTransform
[        ] Transforming emoji2-1.2.0.aar (androidx.emoji2:emoji2:1.2.0) with AarTransform
[        ] Transforming lifecycle-process-2.7.0.aar (androidx.lifecycle:lifecycle-process:2.7.0) with JetifyTransform
[        ] Transforming lifecycle-process-2.7.0.aar (androidx.lifecycle:lifecycle-process:2.7.0) with ExtractAarTransform
[        ] Transforming lifecycle-process-2.7.0.aar (androidx.lifecycle:lifecycle-process:2.7.0) with AarTransform
[        ] Transforming savedstate-ktx-1.2.1.aar (androidx.savedstate:savedstate-ktx:1.2.1) with JetifyTransform
[        ] Transforming savedstate-ktx-1.2.1.aar (androidx.savedstate:savedstate-ktx:1.2.1) with ExtractAarTransform
[        ] Transforming savedstate-ktx-1.2.1.aar (androidx.savedstate:savedstate-ktx:1.2.1) with AarTransform
[        ] Transforming savedstate-1.2.1.aar (androidx.savedstate:savedstate:1.2.1) with JetifyTransform
[        ] Transforming savedstate-1.2.1.aar (androidx.savedstate:savedstate:1.2.1) with ExtractAarTransform
[        ] Transforming savedstate-1.2.1.aar (androidx.savedstate:savedstate:1.2.1) with AarTransform
[        ] Transforming lifecycle-runtime-2.7.0.aar (androidx.lifecycle:lifecycle-runtime:2.7.0) with JetifyTransform
[        ] Transforming lifecycle-runtime-2.7.0.aar (androidx.lifecycle:lifecycle-runtime:2.7.0) with ExtractAarTransform
[        ] Transforming lifecycle-runtime-2.7.0.aar (androidx.lifecycle:lifecycle-runtime:2.7.0) with AarTransform
[        ] Transforming lifecycle-viewmodel-savedstate-2.7.0.aar (androidx.lifecycle:lifecycle-viewmodel-savedstate:2.7.0) with JetifyTransform
[        ] Transforming lifecycle-viewmodel-savedstate-2.7.0.aar (androidx.lifecycle:lifecycle-viewmodel-savedstate:2.7.0) with ExtractAarTransform
[        ] Transforming lifecycle-viewmodel-savedstate-2.7.0.aar (androidx.lifecycle:lifecycle-viewmodel-savedstate:2.7.0) with AarTransform
[        ] Transforming core-ktx-1.13.1.aar (androidx.core:core-ktx:1.13.1) with JetifyTransform
[        ] Transforming core-ktx-1.13.1.aar (androidx.core:core-ktx:1.13.1) with ExtractAarTransform
[        ] Transforming core-ktx-1.13.1.aar (androidx.core:core-ktx:1.13.1) with AarTransform
[        ] Transforming viewpager-1.0.0.aar (androidx.viewpager:viewpager:1.0.0) with JetifyTransform
[        ] Transforming viewpager-1.0.0.aar (androidx.viewpager:viewpager:1.0.0) with ExtractAarTransform
[        ] Transforming viewpager-1.0.0.aar (androidx.viewpager:viewpager:1.0.0) with AarTransform
[        ] Transforming viewpager-1.0.0.aar (androidx.viewpager:viewpager:1.0.0) with JetifyTransform
[        ] Transforming viewpager-1.0.0.aar (androidx.viewpager:viewpager:1.0.0) with ExtractAarTransform
[        ] Transforming viewpager-1.0.0.aar (androidx.viewpager:viewpager:1.0.0) with AarTransform
[        ] Transforming drawerlayout-1.0.0.aar (androidx.drawerlayout:drawerlayout:1.0.0) with JetifyTransform
[        ] Transforming drawerlayout-1.0.0.aar (androidx.drawerlayout:drawerlayout:1.0.0) with ExtractAarTransform
[        ] Transforming drawerlayout-1.0.0.aar (androidx.drawerlayout:drawerlayout:1.0.0) with AarTransform
[        ] Transforming drawerlayout-1.0.0.aar (androidx.drawerlayout:drawerlayout:1.0.0) with JetifyTransform
[        ] Transforming drawerlayout-1.0.0.aar (androidx.drawerlayout:drawerlayout:1.0.0) with ExtractAarTransform
[        ] Transforming drawerlayout-1.0.0.aar (androidx.drawerlayout:drawerlayout:1.0.0) with AarTransform
[        ] Transforming coordinatorlayout-1.0.0.aar (androidx.coordinatorlayout:coordinatorlayout:1.0.0) with JetifyTransform
[        ] Transforming coordinatorlayout-1.0.0.aar (androidx.coordinatorlayout:coordinatorlayout:1.0.0) with ExtractAarTransform
[        ] Transforming coordinatorlayout-1.0.0.aar (androidx.coordinatorlayout:coordinatorlayout:1.0.0) with AarTransform
[        ] Transforming customview-1.1.0.aar (androidx.customview:customview:1.1.0) with JetifyTransform
[        ] Transforming customview-1.1.0.aar (androidx.customview:customview:1.1.0) with ExtractAarTransform
[        ] Transforming customview-1.1.0.aar (androidx.customview:customview:1.1.0) with AarTransform
[        ] Transforming customview-1.1.0.aar (androidx.customview:customview:1.1.0) with JetifyTransform
[        ] Transforming customview-1.1.0.aar (androidx.customview:customview:1.1.0) with ExtractAarTransform
[        ] Transforming customview-1.1.0.aar (androidx.customview:customview:1.1.0) with AarTransform
[        ] Transforming transition-1.4.1.aar (androidx.transition:transition:1.4.1) with JetifyTransform
[        ] Transforming transition-1.4.1.aar (androidx.transition:transition:1.4.1) with ExtractAarTransform
[        ] Transforming transition-1.4.1.aar (androidx.transition:transition:1.4.1) with AarTransform
[        ] Transforming swiperefreshlayout-1.0.0.aar (androidx.swiperefreshlayout:swiperefreshlayout:1.0.0) with JetifyTransform
[        ] Transforming swiperefreshlayout-1.0.0.aar (androidx.swiperefreshlayout:swiperefreshlayout:1.0.0) with ExtractAarTransform
[        ] Transforming swiperefreshlayout-1.0.0.aar (androidx.swiperefreshlayout:swiperefreshlayout:1.0.0) with AarTransform
[        ] Transforming asynclayoutinflater-1.0.0.aar (androidx.asynclayoutinflater:asynclayoutinflater:1.0.0) with JetifyTransform
[        ] Transforming asynclayoutinflater-1.0.0.aar (androidx.asynclayoutinflater:asynclayoutinflater:1.0.0) with ExtractAarTransform
[        ] Transforming asynclayoutinflater-1.0.0.aar (androidx.asynclayoutinflater:asynclayoutinflater:1.0.0) with AarTransform
[        ] Transforming vectordrawable-animated-1.1.0.aar (androidx.vectordrawable:vectordrawable-animated:1.1.0) with JetifyTransform
[        ] Transforming vectordrawable-animated-1.1.0.aar (androidx.vectordrawable:vectordrawable-animated:1.1.0) with ExtractAarTransform
[        ] Transforming vectordrawable-animated-1.1.0.aar (androidx.vectordrawable:vectordrawable-animated:1.1.0) with AarTransform
[        ] Transforming vectordrawable-1.1.0.aar (androidx.vectordrawable:vectordrawable:1.1.0) with JetifyTransform
[        ] Transforming vectordrawable-1.1.0.aar (androidx.vectordrawable:vectordrawable:1.1.0) with ExtractAarTransform
[        ] Transforming vectordrawable-1.1.0.aar (androidx.vectordrawable:vectordrawable:1.1.0) with AarTransform
[        ] Transforming vectordrawable-1.1.0.aar (androidx.vectordrawable:vectordrawable:1.1.0) with JetifyTransform
[        ] Transforming vectordrawable-1.1.0.aar (androidx.vectordrawable:vectordrawable:1.1.0) with ExtractAarTransform
[        ] Transforming vectordrawable-1.1.0.aar (androidx.vectordrawable:vectordrawable:1.1.0) with AarTransform
[        ] Transforming core-1.13.1.aar (androidx.core:core:1.13.1) with JetifyTransform
[   +9 ms] Transforming core-1.13.1.aar (androidx.core:core:1.13.1) with ExtractAarTransform
[        ] Transforming core-1.13.1.aar (androidx.core:core:1.13.1) with AarTransform
[        ] Transforming core-1.13.1.aar (androidx.core:core:1.13.1) with JetifyTransform
[        ] Transforming core-1.13.1.aar (androidx.core:core:1.13.1) with ExtractAarTransform
[        ] Transforming core-1.13.1.aar (androidx.core:core:1.13.1) with AarTransform
[        ] Transforming exifinterface-1.3.7.aar (androidx.exifinterface:exifinterface:1.3.7) with JetifyTransform
[        ] Transforming exifinterface-1.3.7.aar (androidx.exifinterface:exifinterface:1.3.7) with ExtractAarTransform
[        ] Transforming exifinterface-1.3.7.aar (androidx.exifinterface:exifinterface:1.3.7) with AarTransform
[        ] Transforming exifinterface-1.3.7.aar (androidx.exifinterface:exifinterface:1.3.7) with JetifyTransform
[        ] Transforming exifinterface-1.3.7.aar (androidx.exifinterface:exifinterface:1.3.7) with ExtractAarTransform
[        ] Transforming exifinterface-1.3.7.aar (androidx.exifinterface:exifinterface:1.3.7) with AarTransform
[        ] Transforming tracing-ktx-1.2.0.aar (androidx.tracing:tracing-ktx:1.2.0) with JetifyTransform
[        ] Transforming tracing-ktx-1.2.0.aar (androidx.tracing:tracing-ktx:1.2.0) with ExtractAarTransform
[        ] Transforming tracing-ktx-1.2.0.aar (androidx.tracing:tracing-ktx:1.2.0) with AarTransform
[        ] Transforming profileinstaller-1.3.1.aar (androidx.profileinstaller:profileinstaller:1.3.1) with JetifyTransform
[        ] Transforming profileinstaller-1.3.1.aar (androidx.profileinstaller:profileinstaller:1.3.1) with ExtractAarTransform
[        ] Transforming profileinstaller-1.3.1.aar (androidx.profileinstaller:profileinstaller:1.3.1) with AarTransform
[        ] Transforming startup-runtime-1.1.1.aar (androidx.startup:startup-runtime:1.1.1) with JetifyTransform
[        ] Transforming startup-runtime-1.1.1.aar (androidx.startup:startup-runtime:1.1.1) with ExtractAarTransform
[        ] Transforming startup-runtime-1.1.1.aar (androidx.startup:startup-runtime:1.1.1) with AarTransform
[        ] Transforming tracing-1.2.0.aar (androidx.tracing:tracing:1.2.0) with JetifyTransform
[        ] Transforming tracing-1.2.0.aar (androidx.tracing:tracing:1.2.0) with ExtractAarTransform
[        ] Transforming tracing-1.2.0.aar (androidx.tracing:tracing:1.2.0) with AarTransform
[        ] Transforming interpolator-1.0.0.aar (androidx.interpolator:interpolator:1.0.0) with JetifyTransform
[        ] Transforming interpolator-1.0.0.aar (androidx.interpolator:interpolator:1.0.0) with ExtractAarTransform
[        ] Transforming interpolator-1.0.0.aar (androidx.interpolator:interpolator:1.0.0) with AarTransform
[        ] Transforming interpolator-1.0.0.aar (androidx.interpolator:interpolator:1.0.0) with JetifyTransform
[        ] Transforming interpolator-1.0.0.aar (androidx.interpolator:interpolator:1.0.0) with ExtractAarTransform
[        ] Transforming interpolator-1.0.0.aar (androidx.interpolator:interpolator:1.0.0) with AarTransform
[        ] Transforming versionedparcelable-1.1.1.aar (androidx.versionedparcelable:versionedparcelable:1.1.1) with JetifyTransform
[        ] Transforming versionedparcelable-1.1.1.aar (androidx.versionedparcelable:versionedparcelable:1.1.1) with ExtractAarTransform
[        ] Transforming versionedparcelable-1.1.1.aar (androidx.versionedparcelable:versionedparcelable:1.1.1) with AarTransform
[        ] Transforming datastore-core-release.aar (androidx.datastore:datastore-core-android:1.1.3) with JetifyTransform
[        ] Transforming datastore-core-release.aar (androidx.datastore:datastore-core-android:1.1.3) with ExtractAarTransform
[        ] Transforming datastore-core-release.aar (androidx.datastore:datastore-core-android:1.1.3) with AarTransform
[        ] Transforming datastore-preferences-release.aar (androidx.datastore:datastore-preferences-android:1.1.3) with JetifyTransform
[        ] Transforming datastore-preferences-release.aar (androidx.datastore:datastore-preferences-android:1.1.3) with ExtractAarTransform
[        ] Transforming datastore-preferences-release.aar (androidx.datastore:datastore-preferences-android:1.1.3) with AarTransform
[        ] Transforming datastore-release.aar (androidx.datastore:datastore-android:1.1.3) with JetifyTransform
[        ] Transforming datastore-release.aar (androidx.datastore:datastore-android:1.1.3) with ExtractAarTransform
[        ] Transforming datastore-release.aar (androidx.datastore:datastore-android:1.1.3) with AarTransform
[        ] Transforming core-runtime-2.2.0.aar (androidx.arch.core:core-runtime:2.2.0) with JetifyTransform
[        ] Transforming core-runtime-2.2.0.aar (androidx.arch.core:core-runtime:2.2.0) with ExtractAarTransform
[        ] Transforming core-runtime-2.2.0.aar (androidx.arch.core:core-runtime:2.2.0) with AarTransform
[        ] Transforming transport-backend-cct-2.3.3.aar (com.google.android.datatransport:transport-backend-cct:2.3.3) with JetifyTransform
[        ] Transforming transport-backend-cct-2.3.3.aar (com.google.android.datatransport:transport-backend-cct:2.3.3) with ExtractAarTransform
[        ] Transforming transport-backend-cct-2.3.3.aar (com.google.android.datatransport:transport-backend-cct:2.3.3) with AarTransform
[        ] Transforming transport-runtime-2.2.6.aar (com.google.android.datatransport:transport-runtime:2.2.6) with JetifyTransform
[        ] Transforming transport-runtime-2.2.6.aar (com.google.android.datatransport:transport-runtime:2.2.6) with ExtractAarTransform
[        ] Transforming transport-runtime-2.2.6.aar (com.google.android.datatransport:transport-runtime:2.2.6) with AarTransform
[        ] Transforming transport-api-2.2.1.aar (com.google.android.datatransport:transport-api:2.2.1) with JetifyTransform
[        ] Transforming transport-api-2.2.1.aar (com.google.android.datatransport:transport-api:2.2.1) with ExtractAarTransform
[        ] Transforming transport-api-2.2.1.aar (com.google.android.datatransport:transport-api:2.2.1) with AarTransform
[        ] Transforming firebase-components-16.1.0.aar (com.google.firebase:firebase-components:16.1.0) with JetifyTransform
[        ] Transforming firebase-components-16.1.0.aar (com.google.firebase:firebase-components:16.1.0) with ExtractAarTransform
[        ] Transforming firebase-components-16.1.0.aar (com.google.firebase:firebase-components:16.1.0) with AarTransform
[        ] Transforming firebase-encoders-json-17.1.0.aar (com.google.firebase:firebase-encoders-json:17.1.0) with JetifyTransform
[        ] Transforming firebase-encoders-json-17.1.0.aar (com.google.firebase:firebase-encoders-json:17.1.0) with ExtractAarTransform
[        ] Transforming firebase-encoders-json-17.1.0.aar (com.google.firebase:firebase-encoders-json:17.1.0) with AarTransform
[        ] Transforming core-1.0.0.aar (androidx.window.extensions.core:core:1.0.0) with JetifyTransform
[        ] Transforming core-1.0.0.aar (androidx.window.extensions.core:core:1.0.0) with ExtractAarTransform
[        ] Transforming core-1.0.0.aar (androidx.window.extensions.core:core:1.0.0) with AarTransform
[        ] Transforming cursoradapter-1.0.0.aar (androidx.cursoradapter:cursoradapter:1.0.0) with JetifyTransform
[        ] Transforming cursoradapter-1.0.0.aar (androidx.cursoradapter:cursoradapter:1.0.0) with ExtractAarTransform
[        ] Transforming cursoradapter-1.0.0.aar (androidx.cursoradapter:cursoradapter:1.0.0) with AarTransform
[        ] Transforming cursoradapter-1.0.0.aar (androidx.cursoradapter:cursoradapter:1.0.0) with JetifyTransform
[        ] Transforming cursoradapter-1.0.0.aar (androidx.cursoradapter:cursoradapter:1.0.0) with ExtractAarTransform
[        ] Transforming cursoradapter-1.0.0.aar (androidx.cursoradapter:cursoradapter:1.0.0) with AarTransform
[        ] Transforming documentfile-1.0.0.aar (androidx.documentfile:documentfile:1.0.0) with JetifyTransform
[        ] Transforming documentfile-1.0.0.aar (androidx.documentfile:documentfile:1.0.0) with ExtractAarTransform
[        ] Transforming documentfile-1.0.0.aar (androidx.documentfile:documentfile:1.0.0) with AarTransform
[        ] Transforming localbroadcastmanager-1.0.0.aar (androidx.localbroadcastmanager:localbroadcastmanager:1.0.0) with JetifyTransform
[        ] Transforming localbroadcastmanager-1.0.0.aar (androidx.localbroadcastmanager:localbroadcastmanager:1.0.0) with ExtractAarTransform
[        ] Transforming localbroadcastmanager-1.0.0.aar (androidx.localbroadcastmanager:localbroadcastmanager:1.0.0) with AarTransform
[        ] Transforming print-1.0.0.aar (androidx.print:print:1.0.0) with JetifyTransform
[        ] Transforming print-1.0.0.aar (androidx.print:print:1.0.0) with ExtractAarTransform
[        ] Transforming print-1.0.0.aar (androidx.print:print:1.0.0) with AarTransform
[        ] Transforming annotation-experimental-1.4.1.aar (androidx.annotation:annotation-experimental:1.4.1) with JetifyTransform
[        ] Transforming annotation-experimental-1.4.1.aar (androidx.annotation:annotation-experimental:1.4.1) with ExtractAarTransform
[        ] Transforming annotation-experimental-1.4.1.aar (androidx.annotation:annotation-experimental:1.4.1) with AarTransform
[        ] Transforming relinker-1.4.5.aar (com.getkeepsafe.relinker:relinker:1.4.5) with JetifyTransform
[        ] Transforming relinker-1.4.5.aar (com.getkeepsafe.relinker:relinker:1.4.5) with ExtractAarTransform
[        ] Transforming relinker-1.4.5.aar (com.getkeepsafe.relinker:relinker:1.4.5) with AarTransform
[        ] Transforming image-1.0.0-beta1.aar (com.google.android.odml:image:1.0.0-beta1) with JetifyTransform
[        ] Transforming image-1.0.0-beta1.aar (com.google.android.odml:image:1.0.0-beta1) with ExtractAarTransform
[        ] Transforming image-1.0.0-beta1.aar (com.google.android.odml:image:1.0.0-beta1) with AarTransform
[        ] Caching disabled for task ':app:mergeReleaseAssets' because:
[        ]   Build cache is disabled
[        ]   Simple merging task
[        ] Task ':app:mergeReleaseAssets' is not up-to-date because:
[        ]   Output property 'outputDir' file C:\Users\jakao\Proyectos\app_gestor\build\app\intermediates\assets\release\mergeReleaseAssets has been removed.
[        ]   Output property 'outputDir' file C:\Users\jakao\Proyectos\app_gestor\build\app\intermediates\assets\release\mergeReleaseAssets\mlkit_barcode_models has been removed.
[        ]   Output property 'outputDir' file C:\Users\jakao\Proyectos\app_gestor\build\app\intermediates\assets\release\mergeReleaseAssets\mlkit_barcode_models\barcode_ssd_mobilenet_v1_dmp25_quant.tflite has been removed.
[        ]   Output property 'outputDir' file C:\Users\jakao\Proyectos\app_gestor\build\app\intermediates\assets\release\mergeReleaseAssets\mlkit_barcode_models\oned_auto_regressor_mobile.tflite has been removed.
[        ]   Output property 'outputDir' file C:\Users\jakao\Proyectos\app_gestor\build\app\intermediates\assets\release\mergeReleaseAssets\mlkit_barcode_models\oned_feature_extractor_mobile.tflite has been removed.
[        ] The input changes require a full rebuild for incremental task ':app:mergeReleaseAssets'.
[        ] Resolve mutations for :app:copyFlutterAssetsRelease (Thread[#891,Execution worker Thread 2,5,main]) started.
[        ] :app:copyFlutterAssetsRelease (Thread[#891,Execution worker Thread 2,5,main]) started.
[ +157 ms] > Task :app:copyFlutterAssetsRelease
[        ] Caching disabled for task ':app:copyFlutterAssetsRelease' because:
[        ]   Build cache is disabled
[        ]   Not worth caching
[        ] Task ':app:copyFlutterAssetsRelease' is not up-to-date because:
[        ]   Output property 'destinationDir' file C:\Users\jakao\Proyectos\app_gestor\build\app\intermediates\assets\release\mergeReleaseAssets\flutter_assets has been removed.
[        ]   Output property 'destinationDir' file C:\Users\jakao\Proyectos\app_gestor\build\app\intermediates\assets\release\mergeReleaseAssets\flutter_assets\AssetManifest.bin has been removed.
[        ]   Output property 'destinationDir' file C:\Users\jakao\Proyectos\app_gestor\build\app\intermediates\assets\release\mergeReleaseAssets\flutter_assets\AssetManifest.json has been removed.
[        ] Resolve mutations for :app:generateReleaseResValues (Thread[#891,Execution worker Thread 2,5,main]) started.
[        ] :app:generateReleaseResValues (Thread[#891,Execution worker Thread 2,5,main]) started.
[        ] > Task :app:generateReleaseResValues UP-TO-DATE
[        ] Caching disabled for task ':app:generateReleaseResValues' because:
[        ]   Build cache is disabled
[        ] Skipping task ':app:generateReleaseResValues' as it is up-to-date.
[        ] Resolve mutations for :app:mapReleaseSourceSetPaths (Thread[#891,Execution worker Thread 2,5,main]) started.
[        ] :app:mapReleaseSourceSetPaths (Thread[#891,Execution worker Thread 2,5,main]) started.
[        ] > Task :app:mapReleaseSourceSetPaths UP-TO-DATE
[        ] Transforming barcode-scanning-17.3.0.aar (com.google.mlkit:barcode-scanning:17.3.0) with JetifyTransform
[        ] Transforming barcode-scanning-17.3.0.aar (com.google.mlkit:barcode-scanning:17.3.0) with ExtractAarTransform
[        ] Transforming barcode-scanning-17.3.0.aar (com.google.mlkit:barcode-scanning:17.3.0) with AarTransform
[        ] Transforming play-services-mlkit-barcode-scanning-18.3.1.aar (com.google.android.gms:play-services-mlkit-barcode-scanning:18.3.1) with JetifyTransform
[        ] Transforming play-services-mlkit-barcode-scanning-18.3.1.aar (com.google.android.gms:play-services-mlkit-barcode-scanning:18.3.1) with ExtractAarTransform
[        ] Transforming play-services-mlkit-barcode-scanning-18.3.1.aar (com.google.android.gms:play-services-mlkit-barcode-scanning:18.3.1) with AarTransform
[        ] Transforming barcode-scanning-common-17.0.0.aar (com.google.mlkit:barcode-scanning-common:17.0.0) with JetifyTransform
[        ] Transforming barcode-scanning-common-17.0.0.aar (com.google.mlkit:barcode-scanning-common:17.0.0) with ExtractAarTransform
[        ] Transforming barcode-scanning-common-17.0.0.aar (com.google.mlkit:barcode-scanning-common:17.0.0) with AarTransform
[        ] Transforming vision-common-17.3.0.aar (com.google.mlkit:vision-common:17.3.0) with JetifyTransform
[        ] Transforming vision-common-17.3.0.aar (com.google.mlkit:vision-common:17.3.0) with ExtractAarTransform
[        ] Transforming vision-common-17.3.0.aar (com.google.mlkit:vision-common:17.3.0) with AarTransform
[        ] Transforming common-18.11.0.aar (com.google.mlkit:common:18.11.0) with JetifyTransform
[        ] Transforming common-18.11.0.aar (com.google.mlkit:common:18.11.0) with ExtractAarTransform
[        ] Transforming common-18.11.0.aar (com.google.mlkit:common:18.11.0) with AarTransform
[        ] Transforming play-services-base-18.5.0.aar (com.google.android.gms:play-services-base:18.5.0) with JetifyTransform
[        ] Transforming play-services-base-18.5.0.aar (com.google.android.gms:play-services-base:18.5.0) with ExtractAarTransform
[        ] Transforming play-services-base-18.5.0.aar (com.google.android.gms:play-services-base:18.5.0) with AarTransform
[        ] Transforming vision-interfaces-16.3.0.aar (com.google.mlkit:vision-interfaces:16.3.0) with JetifyTransform
[        ] Transforming vision-interfaces-16.3.0.aar (com.google.mlkit:vision-interfaces:16.3.0) with ExtractAarTransform
[        ] Transforming vision-interfaces-16.3.0.aar (com.google.mlkit:vision-interfaces:16.3.0) with AarTransform
[        ] Transforming play-services-tasks-18.2.0.aar (com.google.android.gms:play-services-tasks:18.2.0) with JetifyTransform
[        ] Transforming play-services-tasks-18.2.0.aar (com.google.android.gms:play-services-tasks:18.2.0) with ExtractAarTransform
[        ] Transforming play-services-tasks-18.2.0.aar (com.google.android.gms:play-services-tasks:18.2.0) with AarTransform
[        ] Transforming play-services-basement-18.4.0.aar (com.google.android.gms:play-services-basement:18.4.0) with JetifyTransform
[        ] Transforming play-services-basement-18.4.0.aar (com.google.android.gms:play-services-basement:18.4.0) with ExtractAarTransform
[        ] Transforming play-services-basement-18.4.0.aar (com.google.android.gms:play-services-basement:18.4.0) with AarTransform
[        ] Transforming preference-1.2.1.aar (androidx.preference:preference:1.2.1) with JetifyTransform
[        ] Transforming preference-1.2.1.aar (androidx.preference:preference:1.2.1) with ExtractAarTransform
[        ] Transforming preference-1.2.1.aar (androidx.preference:preference:1.2.1) with AarTransform
[        ] Transforming fragment-ktx-1.7.1.aar (androidx.fragment:fragment-ktx:1.7.1) with JetifyTransform
[        ] Transforming fragment-ktx-1.7.1.aar (androidx.fragment:fragment-ktx:1.7.1) with ExtractAarTransform
[        ] Transforming fragment-ktx-1.7.1.aar (androidx.fragment:fragment-ktx:1.7.1) with AarTransform
[        ] Transforming appcompat-resources-1.6.1.aar (androidx.appcompat:appcompat-resources:1.6.1) with JetifyTransform
[        ] Transforming appcompat-resources-1.6.1.aar (androidx.appcompat:appcompat-resources:1.6.1) with ExtractAarTransform
[        ] Transforming appcompat-resources-1.6.1.aar (androidx.appcompat:appcompat-resources:1.6.1) with AarTransform
[        ] Transforming appcompat-1.6.1.aar (androidx.appcompat:appcompat:1.6.1) with JetifyTransform
[        ] Transforming appcompat-1.6.1.aar (androidx.appcompat:appcompat:1.6.1) with ExtractAarTransform
[        ] Transforming appcompat-1.6.1.aar (androidx.appcompat:appcompat:1.6.1) with AarTransform
[        ] Transforming appcompat-1.6.1.aar (androidx.appcompat:appcompat:1.6.1) with JetifyTransform
[        ] Transforming appcompat-1.6.1.aar (androidx.appcompat:appcompat:1.6.1) with ExtractAarTransform
[        ] Transforming appcompat-1.6.1.aar (androidx.appcompat:appcompat:1.6.1) with AarTransform
[        ] Transforming fragment-1.7.1.aar (androidx.fragment:fragment:1.7.1) with JetifyTransform
[        ] Transforming fragment-1.7.1.aar (androidx.fragment:fragment:1.7.1) with ExtractAarTransform
[        ] Transforming fragment-1.7.1.aar (androidx.fragment:fragment:1.7.1) with AarTransform
[        ] Transforming fragment-1.7.1.aar (androidx.fragment:fragment:1.7.1) with JetifyTransform
[        ] Transforming fragment-1.7.1.aar (androidx.fragment:fragment:1.7.1) with ExtractAarTransform
[        ] Transforming fragment-1.7.1.aar (androidx.fragment:fragment:1.7.1) with AarTransform
[        ] Transforming activity-ktx-1.9.3.aar (androidx.activity:activity-ktx:1.9.3) with JetifyTransform
[        ] Transforming activity-ktx-1.9.3.aar (androidx.activity:activity-ktx:1.9.3) with ExtractAarTransform
[        ] Transforming activity-ktx-1.9.3.aar (androidx.activity:activity-ktx:1.9.3) with AarTransform
[        ] Transforming activity-1.9.3.aar (androidx.activity:activity:1.9.3) with JetifyTransform
[        ] Transforming activity-1.9.3.aar (androidx.activity:activity:1.9.3) with ExtractAarTransform
[        ] Transforming activity-1.9.3.aar (androidx.activity:activity:1.9.3) with AarTransform
[        ] Transforming camera-core-1.4.2.aar (androidx.camera:camera-core:1.4.2) with JetifyTransform
[        ] Transforming camera-core-1.4.2.aar (androidx.camera:camera-core:1.4.2) with ExtractAarTransform
[        ] Transforming camera-core-1.4.2.aar (androidx.camera:camera-core:1.4.2) with AarTransform
[        ] Transforming camera-camera2-1.4.2.aar (androidx.camera:camera-camera2:1.4.2) with JetifyTransform
[        ] Transforming camera-camera2-1.4.2.aar (androidx.camera:camera-camera2:1.4.2) with ExtractAarTransform
[        ] Transforming camera-camera2-1.4.2.aar (androidx.camera:camera-camera2:1.4.2) with AarTransform
[        ] Transforming camera-lifecycle-1.4.2.aar (androidx.camera:camera-lifecycle:1.4.2) with JetifyTransform
[        ] Transforming camera-lifecycle-1.4.2.aar (androidx.camera:camera-lifecycle:1.4.2) with ExtractAarTransform
[        ] Transforming camera-lifecycle-1.4.2.aar (androidx.camera:camera-lifecycle:1.4.2) with AarTransform
[        ] Transforming browser-1.8.0.aar (androidx.browser:browser:1.8.0) with JetifyTransform
[        ] Transforming browser-1.8.0.aar (androidx.browser:browser:1.8.0) with ExtractAarTransform
[        ] Transforming browser-1.8.0.aar (androidx.browser:browser:1.8.0) with AarTransform
[        ] Transforming recyclerview-1.0.0.aar (androidx.recyclerview:recyclerview:1.0.0) with JetifyTransform
[        ] Transforming recyclerview-1.0.0.aar (androidx.recyclerview:recyclerview:1.0.0) with ExtractAarTransform
[        ] Transforming recyclerview-1.0.0.aar (androidx.recyclerview:recyclerview:1.0.0) with AarTransform
[        ] Transforming legacy-support-core-ui-1.0.0.aar (androidx.legacy:legacy-support-core-ui:1.0.0) with JetifyTransform
[        ] Transforming legacy-support-core-ui-1.0.0.aar (androidx.legacy:legacy-support-core-ui:1.0.0) with ExtractAarTransform
[        ] Transforming legacy-support-core-ui-1.0.0.aar (androidx.legacy:legacy-support-core-ui:1.0.0) with AarTransform
[        ] Transforming slidingpanelayout-1.2.0.aar (androidx.slidingpanelayout:slidingpanelayout:1.2.0) with JetifyTransform
[        ] Transforming slidingpanelayout-1.2.0.aar (androidx.slidingpanelayout:slidingpanelayout:1.2.0) with ExtractAarTransform
[        ] Transforming slidingpanelayout-1.2.0.aar (androidx.slidingpanelayout:slidingpanelayout:1.2.0) with AarTransform
[        ] Transforming slidingpanelayout-1.2.0.aar (androidx.slidingpanelayout:slidingpanelayout:1.2.0) with JetifyTransform
[        ] Transforming slidingpanelayout-1.2.0.aar (androidx.slidingpanelayout:slidingpanelayout:1.2.0) with ExtractAarTransform
[        ] Transforming slidingpanelayout-1.2.0.aar (androidx.slidingpanelayout:slidingpanelayout:1.2.0) with AarTransform
[        ] Transforming window-1.2.0.aar (androidx.window:window:1.2.0) with JetifyTransform
[        ] Transforming window-1.2.0.aar (androidx.window:window:1.2.0) with ExtractAarTransform
[        ] Transforming window-1.2.0.aar (androidx.window:window:1.2.0) with AarTransform
[        ] Transforming window-java-1.2.0.aar (androidx.window:window-java:1.2.0) with JetifyTransform
[        ] Transforming window-java-1.2.0.aar (androidx.window:window-java:1.2.0) with ExtractAarTransform
[        ] Transforming window-java-1.2.0.aar (androidx.window:window-java:1.2.0) with AarTransform
[        ] Transforming legacy-support-core-utils-1.0.0.aar (androidx.legacy:legacy-support-core-utils:1.0.0) with JetifyTransform
[        ] Transforming legacy-support-core-utils-1.0.0.aar (androidx.legacy:legacy-support-core-utils:1.0.0) with ExtractAarTransform
[        ] Transforming legacy-support-core-utils-1.0.0.aar (androidx.legacy:legacy-support-core-utils:1.0.0) with AarTransform
[        ] Transforming loader-1.0.0.aar (androidx.loader:loader:1.0.0) with JetifyTransform
[        ] Transforming loader-1.0.0.aar (androidx.loader:loader:1.0.0) with ExtractAarTransform
[        ] Transforming loader-1.0.0.aar (androidx.loader:loader:1.0.0) with AarTransform
[        ] Transforming loader-1.0.0.aar (androidx.loader:loader:1.0.0) with JetifyTransform
[        ] Transforming loader-1.0.0.aar (androidx.loader:loader:1.0.0) with ExtractAarTransform
[        ] Transforming loader-1.0.0.aar (androidx.loader:loader:1.0.0) with AarTransform
[        ] Transforming lifecycle-livedata-core-ktx-2.7.0.aar (androidx.lifecycle:lifecycle-livedata-core-ktx:2.7.0) with JetifyTransform
[        ] Transforming lifecycle-livedata-core-ktx-2.7.0.aar (androidx.lifecycle:lifecycle-livedata-core-ktx:2.7.0) with ExtractAarTransform
[        ] Transforming lifecycle-livedata-core-ktx-2.7.0.aar (androidx.lifecycle:lifecycle-livedata-core-ktx:2.7.0) with AarTransform
[        ] Transforming lifecycle-viewmodel-ktx-2.7.0.aar (androidx.lifecycle:lifecycle-viewmodel-ktx:2.7.0) with JetifyTransform
[        ] Transforming lifecycle-viewmodel-ktx-2.7.0.aar (androidx.lifecycle:lifecycle-viewmodel-ktx:2.7.0) with ExtractAarTransform
[        ] Transforming lifecycle-viewmodel-ktx-2.7.0.aar (androidx.lifecycle:lifecycle-viewmodel-ktx:2.7.0) with AarTransform
[        ] Transforming lifecycle-runtime-ktx-2.7.0.aar (androidx.lifecycle:lifecycle-runtime-ktx:2.7.0) with JetifyTransform
[        ] Transforming lifecycle-runtime-ktx-2.7.0.aar (androidx.lifecycle:lifecycle-runtime-ktx:2.7.0) with ExtractAarTransform
[        ] Transforming lifecycle-runtime-ktx-2.7.0.aar (androidx.lifecycle:lifecycle-runtime-ktx:2.7.0) with AarTransform
[        ] Transforming lifecycle-livedata-2.7.0.aar (androidx.lifecycle:lifecycle-livedata:2.7.0) with JetifyTransform
[        ] Transforming lifecycle-livedata-2.7.0.aar (androidx.lifecycle:lifecycle-livedata:2.7.0) with ExtractAarTransform
[        ] Transforming lifecycle-livedata-2.7.0.aar (androidx.lifecycle:lifecycle-livedata:2.7.0) with AarTransform
[        ] Transforming lifecycle-livedata-2.7.0.aar (androidx.lifecycle:lifecycle-livedata:2.7.0) with JetifyTransform
[        ] Transforming lifecycle-livedata-2.7.0.aar (androidx.lifecycle:lifecycle-livedata:2.7.0) with ExtractAarTransform
[        ] Transforming lifecycle-livedata-2.7.0.aar (androidx.lifecycle:lifecycle-livedata:2.7.0) with AarTransform
[        ] Transforming lifecycle-livedata-core-2.7.0.aar (androidx.lifecycle:lifecycle-livedata-core:2.7.0) with JetifyTransform
[        ] Transforming lifecycle-livedata-core-2.7.0.aar (androidx.lifecycle:lifecycle-livedata-core:2.7.0) with ExtractAarTransform
[        ] Transforming lifecycle-livedata-core-2.7.0.aar (androidx.lifecycle:lifecycle-livedata-core:2.7.0) with AarTransform
[        ] Transforming lifecycle-viewmodel-2.7.0.aar (androidx.lifecycle:lifecycle-viewmodel:2.7.0) with JetifyTransform
[        ] Transforming lifecycle-viewmodel-2.7.0.aar (androidx.lifecycle:lifecycle-viewmodel:2.7.0) with ExtractAarTransform
[        ] Transforming lifecycle-viewmodel-2.7.0.aar (androidx.lifecycle:lifecycle-viewmodel:2.7.0) with AarTransform
[        ] Transforming lifecycle-viewmodel-2.7.0.aar (androidx.lifecycle:lifecycle-viewmodel:2.7.0) with JetifyTransform
[        ] Transforming lifecycle-viewmodel-2.7.0.aar (androidx.lifecycle:lifecycle-viewmodel:2.7.0) with ExtractAarTransform
[        ] Transforming lifecycle-viewmodel-2.7.0.aar (androidx.lifecycle:lifecycle-viewmodel:2.7.0) with AarTransform
[        ] Transforming emoji2-views-helper-1.2.0.aar (androidx.emoji2:emoji2-views-helper:1.2.0) with JetifyTransform
[        ] Transforming emoji2-views-helper-1.2.0.aar (androidx.emoji2:emoji2-views-helper:1.2.0) with ExtractAarTransform
[        ] Transforming emoji2-views-helper-1.2.0.aar (androidx.emoji2:emoji2-views-helper:1.2.0) with AarTransform
[        ] Transforming emoji2-1.2.0.aar (androidx.emoji2:emoji2:1.2.0) with JetifyTransform
[        ] Transforming emoji2-1.2.0.aar (androidx.emoji2:emoji2:1.2.0) with ExtractAarTransform
[        ] Transforming emoji2-1.2.0.aar (androidx.emoji2:emoji2:1.2.0) with AarTransform
[        ] Transforming lifecycle-process-2.7.0.aar (androidx.lifecycle:lifecycle-process:2.7.0) with JetifyTransform
[        ] Transforming lifecycle-process-2.7.0.aar (androidx.lifecycle:lifecycle-process:2.7.0) with ExtractAarTransform
[        ] Transforming lifecycle-process-2.7.0.aar (androidx.lifecycle:lifecycle-process:2.7.0) with AarTransform
[        ] Transforming savedstate-ktx-1.2.1.aar (androidx.savedstate:savedstate-ktx:1.2.1) with JetifyTransform
[        ] Transforming savedstate-ktx-1.2.1.aar (androidx.savedstate:savedstate-ktx:1.2.1) with ExtractAarTransform
[        ] Transforming savedstate-ktx-1.2.1.aar (androidx.savedstate:savedstate-ktx:1.2.1) with AarTransform
[        ] Transforming savedstate-1.2.1.aar (androidx.savedstate:savedstate:1.2.1) with JetifyTransform
[        ] Transforming savedstate-1.2.1.aar (androidx.savedstate:savedstate:1.2.1) with ExtractAarTransform
[        ] Transforming savedstate-1.2.1.aar (androidx.savedstate:savedstate:1.2.1) with AarTransform
[        ] Transforming lifecycle-runtime-2.7.0.aar (androidx.lifecycle:lifecycle-runtime:2.7.0) with JetifyTransform
[        ] Transforming lifecycle-runtime-2.7.0.aar (androidx.lifecycle:lifecycle-runtime:2.7.0) with ExtractAarTransform
[        ] Transforming lifecycle-runtime-2.7.0.aar (androidx.lifecycle:lifecycle-runtime:2.7.0) with AarTransform
[        ] Transforming lifecycle-viewmodel-savedstate-2.7.0.aar (androidx.lifecycle:lifecycle-viewmodel-savedstate:2.7.0) with JetifyTransform
[        ] Transforming lifecycle-viewmodel-savedstate-2.7.0.aar (androidx.lifecycle:lifecycle-viewmodel-savedstate:2.7.0) with ExtractAarTransform
[        ] Transforming lifecycle-viewmodel-savedstate-2.7.0.aar (androidx.lifecycle:lifecycle-viewmodel-savedstate:2.7.0) with AarTransform
[        ] Transforming core-ktx-1.13.1.aar (androidx.core:core-ktx:1.13.1) with JetifyTransform
[        ] Transforming core-ktx-1.13.1.aar (androidx.core:core-ktx:1.13.1) with ExtractAarTransform
[        ] Transforming core-ktx-1.13.1.aar (androidx.core:core-ktx:1.13.1) with AarTransform
[        ] Transforming viewpager-1.0.0.aar (androidx.viewpager:viewpager:1.0.0) with JetifyTransform
[        ] Transforming viewpager-1.0.0.aar (androidx.viewpager:viewpager:1.0.0) with ExtractAarTransform
[        ] Transforming viewpager-1.0.0.aar (androidx.viewpager:viewpager:1.0.0) with AarTransform
[        ] Transforming viewpager-1.0.0.aar (androidx.viewpager:viewpager:1.0.0) with JetifyTransform
[        ] Transforming viewpager-1.0.0.aar (androidx.viewpager:viewpager:1.0.0) with ExtractAarTransform
[        ] Transforming viewpager-1.0.0.aar (androidx.viewpager:viewpager:1.0.0) with AarTransform
[        ] Transforming drawerlayout-1.0.0.aar (androidx.drawerlayout:drawerlayout:1.0.0) with JetifyTransform
[        ] Transforming drawerlayout-1.0.0.aar (androidx.drawerlayout:drawerlayout:1.0.0) with ExtractAarTransform
[        ] Transforming drawerlayout-1.0.0.aar (androidx.drawerlayout:drawerlayout:1.0.0) with AarTransform
[        ] Transforming drawerlayout-1.0.0.aar (androidx.drawerlayout:drawerlayout:1.0.0) with JetifyTransform
[        ] Transforming drawerlayout-1.0.0.aar (androidx.drawerlayout:drawerlayout:1.0.0) with ExtractAarTransform
[        ] Transforming drawerlayout-1.0.0.aar (androidx.drawerlayout:drawerlayout:1.0.0) with AarTransform
[        ] Transforming coordinatorlayout-1.0.0.aar (androidx.coordinatorlayout:coordinatorlayout:1.0.0) with JetifyTransform
[        ] Transforming coordinatorlayout-1.0.0.aar (androidx.coordinatorlayout:coordinatorlayout:1.0.0) with ExtractAarTransform
[        ] Transforming coordinatorlayout-1.0.0.aar (androidx.coordinatorlayout:coordinatorlayout:1.0.0) with AarTransform
[        ] Transforming customview-1.1.0.aar (androidx.customview:customview:1.1.0) with JetifyTransform
[        ] Transforming customview-1.1.0.aar (androidx.customview:customview:1.1.0) with ExtractAarTransform
[        ] Transforming customview-1.1.0.aar (androidx.customview:customview:1.1.0) with AarTransform
[        ] Transforming customview-1.1.0.aar (androidx.customview:customview:1.1.0) with JetifyTransform
[        ] Transforming customview-1.1.0.aar (androidx.customview:customview:1.1.0) with ExtractAarTransform
[        ] Transforming customview-1.1.0.aar (androidx.customview:customview:1.1.0) with AarTransform
[        ] Transforming transition-1.4.1.aar (androidx.transition:transition:1.4.1) with JetifyTransform
[        ] Transforming transition-1.4.1.aar (androidx.transition:transition:1.4.1) with ExtractAarTransform
[        ] Transforming transition-1.4.1.aar (androidx.transition:transition:1.4.1) with AarTransform
[        ] Transforming swiperefreshlayout-1.0.0.aar (androidx.swiperefreshlayout:swiperefreshlayout:1.0.0) with JetifyTransform
[        ] Transforming swiperefreshlayout-1.0.0.aar (androidx.swiperefreshlayout:swiperefreshlayout:1.0.0) with ExtractAarTransform
[        ] Transforming swiperefreshlayout-1.0.0.aar (androidx.swiperefreshlayout:swiperefreshlayout:1.0.0) with AarTransform
[        ] Transforming asynclayoutinflater-1.0.0.aar (androidx.asynclayoutinflater:asynclayoutinflater:1.0.0) with JetifyTransform
[        ] Transforming asynclayoutinflater-1.0.0.aar (androidx.asynclayoutinflater:asynclayoutinflater:1.0.0) with ExtractAarTransform
[        ] Transforming asynclayoutinflater-1.0.0.aar (androidx.asynclayoutinflater:asynclayoutinflater:1.0.0) with AarTransform
[        ] Transforming vectordrawable-animated-1.1.0.aar (androidx.vectordrawable:vectordrawable-animated:1.1.0) with JetifyTransform
[        ] Transforming vectordrawable-animated-1.1.0.aar (androidx.vectordrawable:vectordrawable-animated:1.1.0) with ExtractAarTransform
[        ] Transforming vectordrawable-animated-1.1.0.aar (androidx.vectordrawable:vectordrawable-animated:1.1.0) with AarTransform
[        ] Transforming vectordrawable-1.1.0.aar (androidx.vectordrawable:vectordrawable:1.1.0) with JetifyTransform
[        ] Transforming vectordrawable-1.1.0.aar (androidx.vectordrawable:vectordrawable:1.1.0) with ExtractAarTransform
[        ] Transforming vectordrawable-1.1.0.aar (androidx.vectordrawable:vectordrawable:1.1.0) with AarTransform
[        ] Transforming vectordrawable-1.1.0.aar (androidx.vectordrawable:vectordrawable:1.1.0) with JetifyTransform
[        ] Transforming vectordrawable-1.1.0.aar (androidx.vectordrawable:vectordrawable:1.1.0) with ExtractAarTransform
[        ] Transforming vectordrawable-1.1.0.aar (androidx.vectordrawable:vectordrawable:1.1.0) with AarTransform
[        ] Transforming core-1.13.1.aar (androidx.core:core:1.13.1) with JetifyTransform
[        ] Transforming core-1.13.1.aar (androidx.core:core:1.13.1) with ExtractAarTransform
[        ] Transforming core-1.13.1.aar (androidx.core:core:1.13.1) with AarTransform
[        ] Transforming core-1.13.1.aar (androidx.core:core:1.13.1) with JetifyTransform
[        ] Transforming core-1.13.1.aar (androidx.core:core:1.13.1) with ExtractAarTransform
[        ] Transforming core-1.13.1.aar (androidx.core:core:1.13.1) with AarTransform
[        ] Transforming exifinterface-1.3.7.aar (androidx.exifinterface:exifinterface:1.3.7) with JetifyTransform
[        ] Transforming exifinterface-1.3.7.aar (androidx.exifinterface:exifinterface:1.3.7) with ExtractAarTransform
[        ] Transforming exifinterface-1.3.7.aar (androidx.exifinterface:exifinterface:1.3.7) with AarTransform
[        ] Transforming exifinterface-1.3.7.aar (androidx.exifinterface:exifinterface:1.3.7) with JetifyTransform
[        ] Transforming exifinterface-1.3.7.aar (androidx.exifinterface:exifinterface:1.3.7) with ExtractAarTransform
[        ] Transforming exifinterface-1.3.7.aar (androidx.exifinterface:exifinterface:1.3.7) with AarTransform
[        ] Transforming tracing-ktx-1.2.0.aar (androidx.tracing:tracing-ktx:1.2.0) with JetifyTransform
[        ] Transforming tracing-ktx-1.2.0.aar (androidx.tracing:tracing-ktx:1.2.0) with ExtractAarTransform
[        ] Transforming tracing-ktx-1.2.0.aar (androidx.tracing:tracing-ktx:1.2.0) with AarTransform
[        ] Transforming profileinstaller-1.3.1.aar (androidx.profileinstaller:profileinstaller:1.3.1) with JetifyTransform
[        ] Transforming profileinstaller-1.3.1.aar (androidx.profileinstaller:profileinstaller:1.3.1) with ExtractAarTransform
[        ] Transforming profileinstaller-1.3.1.aar (androidx.profileinstaller:profileinstaller:1.3.1) with AarTransform
[        ] Transforming startup-runtime-1.1.1.aar (androidx.startup:startup-runtime:1.1.1) with JetifyTransform
[        ] Transforming startup-runtime-1.1.1.aar (androidx.startup:startup-runtime:1.1.1) with ExtractAarTransform
[        ] Transforming startup-runtime-1.1.1.aar (androidx.startup:startup-runtime:1.1.1) with AarTransform
[        ] Transforming tracing-1.2.0.aar (androidx.tracing:tracing:1.2.0) with JetifyTransform
[        ] Transforming tracing-1.2.0.aar (androidx.tracing:tracing:1.2.0) with ExtractAarTransform
[        ] Transforming tracing-1.2.0.aar (androidx.tracing:tracing:1.2.0) with AarTransform
[        ] Transforming interpolator-1.0.0.aar (androidx.interpolator:interpolator:1.0.0) with JetifyTransform
[        ] Transforming interpolator-1.0.0.aar (androidx.interpolator:interpolator:1.0.0) with ExtractAarTransform
[        ] Transforming interpolator-1.0.0.aar (androidx.interpolator:interpolator:1.0.0) with AarTransform
[        ] Transforming interpolator-1.0.0.aar (androidx.interpolator:interpolator:1.0.0) with JetifyTransform
[        ] Transforming interpolator-1.0.0.aar (androidx.interpolator:interpolator:1.0.0) with ExtractAarTransform
[        ] Transforming interpolator-1.0.0.aar (androidx.interpolator:interpolator:1.0.0) with AarTransform
[        ] Transforming versionedparcelable-1.1.1.aar (androidx.versionedparcelable:versionedparcelable:1.1.1) with JetifyTransform
[        ] Transforming versionedparcelable-1.1.1.aar (androidx.versionedparcelable:versionedparcelable:1.1.1) with ExtractAarTransform
[        ] Transforming versionedparcelable-1.1.1.aar (androidx.versionedparcelable:versionedparcelable:1.1.1) with AarTransform
[        ] Transforming datastore-core-release.aar (androidx.datastore:datastore-core-android:1.1.3) with JetifyTransform
[        ] Transforming datastore-core-release.aar (androidx.datastore:datastore-core-android:1.1.3) with ExtractAarTransform
[        ] Transforming datastore-core-release.aar (androidx.datastore:datastore-core-android:1.1.3) with AarTransform
[        ] Transforming datastore-preferences-release.aar (androidx.datastore:datastore-preferences-android:1.1.3) with JetifyTransform
[        ] Transforming datastore-preferences-release.aar (androidx.datastore:datastore-preferences-android:1.1.3) with ExtractAarTransform
[        ] Transforming datastore-preferences-release.aar (androidx.datastore:datastore-preferences-android:1.1.3) with AarTransform
[        ] Transforming datastore-release.aar (androidx.datastore:datastore-android:1.1.3) with JetifyTransform
[        ] Transforming datastore-release.aar (androidx.datastore:datastore-android:1.1.3) with ExtractAarTransform
[        ] Transforming datastore-release.aar (androidx.datastore:datastore-android:1.1.3) with AarTransform
[        ] Transforming core-runtime-2.2.0.aar (androidx.arch.core:core-runtime:2.2.0) with JetifyTransform
[        ] Transforming core-runtime-2.2.0.aar (androidx.arch.core:core-runtime:2.2.0) with ExtractAarTransform
[        ] Transforming core-runtime-2.2.0.aar (androidx.arch.core:core-runtime:2.2.0) with AarTransform
[        ] Transforming transport-backend-cct-2.3.3.aar (com.google.android.datatransport:transport-backend-cct:2.3.3) with JetifyTransform
[        ] Transforming transport-backend-cct-2.3.3.aar (com.google.android.datatransport:transport-backend-cct:2.3.3) with ExtractAarTransform
[        ] Transforming transport-backend-cct-2.3.3.aar (com.google.android.datatransport:transport-backend-cct:2.3.3) with AarTransform
[        ] Transforming transport-runtime-2.2.6.aar (com.google.android.datatransport:transport-runtime:2.2.6) with JetifyTransform
[        ] Transforming transport-runtime-2.2.6.aar (com.google.android.datatransport:transport-runtime:2.2.6) with ExtractAarTransform
[        ] Transforming transport-runtime-2.2.6.aar (com.google.android.datatransport:transport-runtime:2.2.6) with AarTransform
[        ] Transforming transport-api-2.2.1.aar (com.google.android.datatransport:transport-api:2.2.1) with JetifyTransform
[        ] Transforming transport-api-2.2.1.aar (com.google.android.datatransport:transport-api:2.2.1) with ExtractAarTransform
[        ] Transforming transport-api-2.2.1.aar (com.google.android.datatransport:transport-api:2.2.1) with AarTransform
[        ] Transforming firebase-components-16.1.0.aar (com.google.firebase:firebase-components:16.1.0) with JetifyTransform
[        ] Transforming firebase-components-16.1.0.aar (com.google.firebase:firebase-components:16.1.0) with ExtractAarTransform
[        ] Transforming firebase-components-16.1.0.aar (com.google.firebase:firebase-components:16.1.0) with AarTransform
[        ] Transforming firebase-encoders-json-17.1.0.aar (com.google.firebase:firebase-encoders-json:17.1.0) with JetifyTransform
[        ] Transforming firebase-encoders-json-17.1.0.aar (com.google.firebase:firebase-encoders-json:17.1.0) with ExtractAarTransform
[        ] Transforming firebase-encoders-json-17.1.0.aar (com.google.firebase:firebase-encoders-json:17.1.0) with AarTransform
[        ] Transforming core-1.0.0.aar (androidx.window.extensions.core:core:1.0.0) with JetifyTransform
[        ] Transforming core-1.0.0.aar (androidx.window.extensions.core:core:1.0.0) with ExtractAarTransform
[        ] Transforming core-1.0.0.aar (androidx.window.extensions.core:core:1.0.0) with AarTransform
[        ] Transforming cursoradapter-1.0.0.aar (androidx.cursoradapter:cursoradapter:1.0.0) with JetifyTransform
[        ] Transforming cursoradapter-1.0.0.aar (androidx.cursoradapter:cursoradapter:1.0.0) with ExtractAarTransform
[        ] Transforming cursoradapter-1.0.0.aar (androidx.cursoradapter:cursoradapter:1.0.0) with AarTransform
[        ] Transforming cursoradapter-1.0.0.aar (androidx.cursoradapter:cursoradapter:1.0.0) with JetifyTransform
[        ] Transforming cursoradapter-1.0.0.aar (androidx.cursoradapter:cursoradapter:1.0.0) with ExtractAarTransform
[        ] Transforming cursoradapter-1.0.0.aar (androidx.cursoradapter:cursoradapter:1.0.0) with AarTransform
[        ] Transforming documentfile-1.0.0.aar (androidx.documentfile:documentfile:1.0.0) with JetifyTransform
[        ] Transforming documentfile-1.0.0.aar (androidx.documentfile:documentfile:1.0.0) with ExtractAarTransform
[        ] Transforming documentfile-1.0.0.aar (androidx.documentfile:documentfile:1.0.0) with AarTransform
[        ] Transforming localbroadcastmanager-1.0.0.aar (androidx.localbroadcastmanager:localbroadcastmanager:1.0.0) with JetifyTransform
[        ] Transforming localbroadcastmanager-1.0.0.aar (androidx.localbroadcastmanager:localbroadcastmanager:1.0.0) with ExtractAarTransform
[        ] Transforming localbroadcastmanager-1.0.0.aar (androidx.localbroadcastmanager:localbroadcastmanager:1.0.0) with AarTransform
[        ] Transforming print-1.0.0.aar (androidx.print:print:1.0.0) with JetifyTransform
[        ] Transforming print-1.0.0.aar (androidx.print:print:1.0.0) with ExtractAarTransform
[        ] Transforming print-1.0.0.aar (androidx.print:print:1.0.0) with AarTransform
[        ] Transforming annotation-experimental-1.4.1.aar (androidx.annotation:annotation-experimental:1.4.1) with JetifyTransform
[        ] Transforming annotation-experimental-1.4.1.aar (androidx.annotation:annotation-experimental:1.4.1) with ExtractAarTransform
[        ] Transforming annotation-experimental-1.4.1.aar (androidx.annotation:annotation-experimental:1.4.1) with AarTransform
[        ] Transforming relinker-1.4.5.aar (com.getkeepsafe.relinker:relinker:1.4.5) with JetifyTransform
[        ] Transforming relinker-1.4.5.aar (com.getkeepsafe.relinker:relinker:1.4.5) with ExtractAarTransform
[        ] Transforming relinker-1.4.5.aar (com.getkeepsafe.relinker:relinker:1.4.5) with AarTransform
[        ] Transforming image-1.0.0-beta1.aar (com.google.android.odml:image:1.0.0-beta1) with JetifyTransform
[        ] Transforming image-1.0.0-beta1.aar (com.google.android.odml:image:1.0.0-beta1) with ExtractAarTransform
[        ] Transforming image-1.0.0-beta1.aar (com.google.android.odml:image:1.0.0-beta1) with AarTransform
[        ] Caching disabled for task ':app:mapReleaseSourceSetPaths' because:
[        ]   Build cache is disabled
[        ]   Caching has been disabled for the task
[        ] Skipping task ':app:mapReleaseSourceSetPaths' as it is up-to-date.
[        ] Resolve mutations for :app:generateReleaseResources (Thread[#891,Execution worker Thread 2,5,main]) started.
[        ] :app:generateReleaseResources (Thread[#891,Execution worker Thread 2,5,main]) started.
[        ] > Task :app:generateReleaseResources UP-TO-DATE
[        ] Caching disabled for task ':app:generateReleaseResources' because:
[        ]   Build cache is disabled
[        ] Skipping task ':app:generateReleaseResources' as it is up-to-date.
[        ] Resolve mutations for :app:mergeReleaseResources (Thread[#891,Execution worker Thread 2,5,main]) started.
[        ] :app:mergeReleaseResources (Thread[#891,Execution worker Thread 2,5,main]) started.
[  +67 ms] > Task :app:mergeReleaseResources UP-TO-DATE
[        ] Caching disabled for task ':app:mergeReleaseResources' because:
[        ]   Build cache is disabled
[        ] Skipping task ':app:mergeReleaseResources' as it is up-to-date.
[        ] Resolve mutations for :app:createReleaseCompatibleScreenManifests (Thread[#893,Execution worker Thread 4,5,main]) started.
[ +114 ms] :app:createReleaseCompatibleScreenManifests (Thread[#893,Execution worker Thread 4,5,main]) started.
[        ] > Task :app:createReleaseCompatibleScreenManifests UP-TO-DATE
[        ] Caching disabled for task ':app:createReleaseCompatibleScreenManifests' because:
[        ]   Build cache is disabled
[        ]   Caching has been disabled for the task
[        ] Skipping task ':app:createReleaseCompatibleScreenManifests' as it is up-to-date.
[        ] Resolve mutations for :app:extractDeepLinksRelease (Thread[#893,Execution worker Thread 4,5,main]) started.
[        ] :app:extractDeepLinksRelease (Thread[#891,Execution worker Thread 2,5,main]) started.
[        ] > Task :app:extractDeepLinksRelease UP-TO-DATE
[        ] Caching disabled for task ':app:extractDeepLinksRelease' because:
[        ]   Build cache is disabled
[        ] Skipping task ':app:extractDeepLinksRelease' as it is up-to-date.
[        ] Resolve mutations for :device_info_plus:extractDeepLinksRelease (Thread[#891,Execution worker Thread 2,5,main]) started.
[        ] :device_info_plus:extractDeepLinksRelease (Thread[#893,Execution worker Thread 4,5,main]) started.
[        ] > Task :device_info_plus:extractDeepLinksRelease UP-TO-DATE
[        ] Caching disabled for task ':device_info_plus:extractDeepLinksRelease' because:
[        ]   Build cache is disabled
[        ] Skipping task ':device_info_plus:extractDeepLinksRelease' as it is up-to-date.
[        ] work action resolve navigation.json (project :device_info_plus) (Thread[#893,Execution worker Thread 4,5,main]) started.
[        ] Resolve mutations for :device_info_plus:processReleaseManifest (Thread[#893,Execution worker Thread 4,5,main]) started.
[        ] :device_info_plus:processReleaseManifest (Thread[#893,Execution worker Thread 4,5,main]) started.
[        ] > Task :device_info_plus:processReleaseManifest UP-TO-DATE
[        ] Caching disabled for task ':device_info_plus:processReleaseManifest' because:
[        ]   Build cache is disabled
[        ] Skipping task ':device_info_plus:processReleaseManifest' as it is up-to-date.
[        ] work action resolve AndroidManifest.xml (project :device_info_plus) (Thread[#893,Execution worker Thread 4,5,main]) started.
[        ] Resolve mutations for :file_picker:extractDeepLinksRelease (Thread[#893,Execution worker Thread 4,5,main]) started.
[        ] :file_picker:extractDeepLinksRelease (Thread[#893,Execution worker Thread 4,5,main]) started.
[        ] > Task :file_picker:extractDeepLinksRelease UP-TO-DATE
[        ] Caching disabled for task ':file_picker:extractDeepLinksRelease' because:
[        ]   Build cache is disabled
[        ] Skipping task ':file_picker:extractDeepLinksRelease' as it is up-to-date.
[        ] work action resolve navigation.json (project :file_picker) (Thread[#893,Execution worker Thread 4,5,main]) started.
[        ] Resolve mutations for :file_picker:processReleaseManifest (Thread[#893,Execution worker Thread 4,5,main]) started.
[        ] :file_picker:processReleaseManifest (Thread[#893,Execution worker Thread 4,5,main]) started.
[        ] > Task :file_picker:processReleaseManifest UP-TO-DATE
[        ] Caching disabled for task ':file_picker:processReleaseManifest' because:
[        ]   Build cache is disabled
[        ] Skipping task ':file_picker:processReleaseManifest' as it is up-to-date.
[        ] work action resolve AndroidManifest.xml (project :file_picker) (Thread[#893,Execution worker Thread 4,5,main]) started.
[        ] Resolve mutations for :flutter_plugin_android_lifecycle:extractDeepLinksRelease (Thread[#893,Execution worker Thread 4,5,main]) started.
[        ] :flutter_plugin_android_lifecycle:extractDeepLinksRelease (Thread[#893,Execution worker Thread 4,5,main]) started.
[        ] > Task :flutter_plugin_android_lifecycle:extractDeepLinksRelease UP-TO-DATE
[        ] Caching disabled for task ':flutter_plugin_android_lifecycle:extractDeepLinksRelease' because:
[        ]   Build cache is disabled
[        ] Skipping task ':flutter_plugin_android_lifecycle:extractDeepLinksRelease' as it is up-to-date.
[        ] work action resolve navigation.json (project :flutter_plugin_android_lifecycle) (Thread[#893,Execution worker Thread 4,5,main]) started.
[        ] Resolve mutations for :flutter_plugin_android_lifecycle:processReleaseManifest (Thread[#893,Execution worker Thread 4,5,main]) started.
[        ] :flutter_plugin_android_lifecycle:processReleaseManifest (Thread[#893,Execution worker Thread 4,5,main]) started.
[        ] > Task :flutter_plugin_android_lifecycle:processReleaseManifest UP-TO-DATE
[        ] Caching disabled for task ':flutter_plugin_android_lifecycle:processReleaseManifest' because:
[        ]   Build cache is disabled
[        ] Skipping task ':flutter_plugin_android_lifecycle:processReleaseManifest' as it is up-to-date.
[        ] work action resolve AndroidManifest.xml (project :flutter_plugin_android_lifecycle) (Thread[#893,Execution worker Thread 4,5,main]) started.
[        ] Resolve mutations for :image_picker_android:extractDeepLinksRelease (Thread[#893,Execution worker Thread 4,5,main]) started.
[        ] :image_picker_android:extractDeepLinksRelease (Thread[#893,Execution worker Thread 4,5,main]) started.
[        ] > Task :image_picker_android:extractDeepLinksRelease UP-TO-DATE
[        ] Caching disabled for task ':image_picker_android:extractDeepLinksRelease' because:
[        ]   Build cache is disabled
[        ] Skipping task ':image_picker_android:extractDeepLinksRelease' as it is up-to-date.
[        ] work action resolve navigation.json (project :image_picker_android) (Thread[#893,Execution worker Thread 4,5,main]) started.
[        ] Resolve mutations for :image_picker_android:processReleaseManifest (Thread[#893,Execution worker Thread 4,5,main]) started.
[        ] :image_picker_android:processReleaseManifest (Thread[#893,Execution worker Thread 4,5,main]) started.
[        ] > Task :image_picker_android:processReleaseManifest UP-TO-DATE
[        ] Caching disabled for task ':image_picker_android:processReleaseManifest' because:
[        ]   Build cache is disabled
[        ] Skipping task ':image_picker_android:processReleaseManifest' as it is up-to-date.
[        ] work action resolve AndroidManifest.xml (project :image_picker_android) (Thread[#893,Execution worker Thread 4,5,main]) started.
[        ] Resolve mutations for :mobile_scanner:extractDeepLinksRelease (Thread[#893,Execution worker Thread 4,5,main]) started.
[        ] :mobile_scanner:extractDeepLinksRelease (Thread[#893,Execution worker Thread 4,5,main]) started.
[        ] > Task :mobile_scanner:extractDeepLinksRelease UP-TO-DATE
[        ] Caching disabled for task ':mobile_scanner:extractDeepLinksRelease' because:
[        ]   Build cache is disabled
[        ] Skipping task ':mobile_scanner:extractDeepLinksRelease' as it is up-to-date.
[        ] work action resolve navigation.json (project :mobile_scanner) (Thread[#893,Execution worker Thread 4,5,main]) started.
[        ] Resolve mutations for :mobile_scanner:processReleaseManifest (Thread[#895,Execution worker Thread 6,5,main]) started.
[        ] :mobile_scanner:processReleaseManifest (Thread[#895,Execution worker Thread 6,5,main]) started.
[        ] > Task :mobile_scanner:processReleaseManifest UP-TO-DATE
[        ] Caching disabled for task ':mobile_scanner:processReleaseManifest' because:
[        ]   Build cache is disabled
[        ] Skipping task ':mobile_scanner:processReleaseManifest' as it is up-to-date.
[        ] work action resolve AndroidManifest.xml (project :mobile_scanner) (Thread[#895,Execution worker Thread 6,5,main]) started.
[        ] Resolve mutations for :package_info_plus:extractDeepLinksRelease (Thread[#895,Execution worker Thread 6,5,main]) started.
[        ] :package_info_plus:extractDeepLinksRelease (Thread[#895,Execution worker Thread 6,5,main]) started.
[        ] > Task :package_info_plus:extractDeepLinksRelease UP-TO-DATE
[        ] Caching disabled for task ':package_info_plus:extractDeepLinksRelease' because:
[        ]   Build cache is disabled
[        ] Skipping task ':package_info_plus:extractDeepLinksRelease' as it is up-to-date.
[        ] work action resolve navigation.json (project :package_info_plus) (Thread[#895,Execution worker Thread 6,5,main]) started.
[        ] Resolve mutations for :package_info_plus:processReleaseManifest (Thread[#895,Execution worker Thread 6,5,main]) started.
[        ] :package_info_plus:processReleaseManifest (Thread[#895,Execution worker Thread 6,5,main]) started.
[        ] > Task :package_info_plus:processReleaseManifest UP-TO-DATE
[        ] Caching disabled for task ':package_info_plus:processReleaseManifest' because:
[        ]   Build cache is disabled
[        ] Skipping task ':package_info_plus:processReleaseManifest' as it is up-to-date.
[        ] work action resolve AndroidManifest.xml (project :package_info_plus) (Thread[#895,Execution worker Thread 6,5,main]) started.
[        ] Resolve mutations for :path_provider_android:extractDeepLinksRelease (Thread[#895,Execution worker Thread 6,5,main]) started.
[        ] :path_provider_android:extractDeepLinksRelease (Thread[#895,Execution worker Thread 6,5,main]) started.
[        ] > Task :path_provider_android:extractDeepLinksRelease UP-TO-DATE
[        ] Caching disabled for task ':path_provider_android:extractDeepLinksRelease' because:
[        ]   Build cache is disabled
[        ] Skipping task ':path_provider_android:extractDeepLinksRelease' as it is up-to-date.
[        ] work action resolve navigation.json (project :path_provider_android) (Thread[#894,Execution worker Thread 5,5,main]) started.
[        ] Resolve mutations for :path_provider_android:processReleaseManifest (Thread[#894,Execution worker Thread 5,5,main]) started.
[        ] :path_provider_android:processReleaseManifest (Thread[#894,Execution worker Thread 5,5,main]) started.
[        ] > Task :path_provider_android:processReleaseManifest UP-TO-DATE
[        ] Caching disabled for task ':path_provider_android:processReleaseManifest' because:
[        ]   Build cache is disabled
[        ] Skipping task ':path_provider_android:processReleaseManifest' as it is up-to-date.
[        ] work action resolve AndroidManifest.xml (project :path_provider_android) (Thread[#894,Execution worker Thread 5,5,main]) started.
[        ] Resolve mutations for :printing:extractDeepLinksRelease (Thread[#894,Execution worker Thread 5,5,main]) started.
[        ] :printing:extractDeepLinksRelease (Thread[#894,Execution worker Thread 5,5,main]) started.
[        ] > Task :printing:extractDeepLinksRelease UP-TO-DATE
[        ] Caching disabled for task ':printing:extractDeepLinksRelease' because:
[        ]   Build cache is disabled
[        ] Skipping task ':printing:extractDeepLinksRelease' as it is up-to-date.
[        ] work action resolve navigation.json (project :printing) (Thread[#894,Execution worker Thread 5,5,main]) started.
[        ] Resolve mutations for :printing:processReleaseManifest (Thread[#894,Execution worker Thread 5,5,main]) started.
[        ] :printing:processReleaseManifest (Thread[#894,Execution worker Thread 5,5,main]) started.
[        ] > Task :printing:processReleaseManifest UP-TO-DATE
[        ] Caching disabled for task ':printing:processReleaseManifest' because:
[        ]   Build cache is disabled
[        ] Skipping task ':printing:processReleaseManifest' as it is up-to-date.
[        ] work action resolve AndroidManifest.xml (project :printing) (Thread[#894,Execution worker Thread 5,5,main]) started.
[        ] Resolve mutations for :share_plus:extractDeepLinksRelease (Thread[#894,Execution worker Thread 5,5,main]) started.
[        ] :share_plus:extractDeepLinksRelease (Thread[#894,Execution worker Thread 5,5,main]) started.
[        ] > Task :share_plus:extractDeepLinksRelease UP-TO-DATE
[        ] Caching disabled for task ':share_plus:extractDeepLinksRelease' because:
[        ]   Build cache is disabled
[        ] Skipping task ':share_plus:extractDeepLinksRelease' as it is up-to-date.
[        ] work action resolve navigation.json (project :share_plus) (Thread[#894,Execution worker Thread 5,5,main]) started.
[        ] Resolve mutations for :share_plus:processReleaseManifest (Thread[#894,Execution worker Thread 5,5,main]) started.
[        ] :share_plus:processReleaseManifest (Thread[#894,Execution worker Thread 5,5,main]) started.
[        ] > Task :share_plus:processReleaseManifest UP-TO-DATE
[        ] Caching disabled for task ':share_plus:processReleaseManifest' because:
[        ]   Build cache is disabled
[        ] Skipping task ':share_plus:processReleaseManifest' as it is up-to-date.
[        ] work action resolve AndroidManifest.xml (project :share_plus) (Thread[#894,Execution worker Thread 5,5,main]) started.
[        ] Resolve mutations for :shared_preferences_android:extractDeepLinksRelease (Thread[#894,Execution worker Thread 5,5,main]) started.
[        ] :shared_preferences_android:extractDeepLinksRelease (Thread[#894,Execution worker Thread 5,5,main]) started.
[        ] > Task :shared_preferences_android:extractDeepLinksRelease UP-TO-DATE
[        ] Caching disabled for task ':shared_preferences_android:extractDeepLinksRelease' because:
[        ]   Build cache is disabled
[        ] Skipping task ':shared_preferences_android:extractDeepLinksRelease' as it is up-to-date.
[        ] work action resolve navigation.json (project :shared_preferences_android) (Thread[#894,Execution worker Thread 5,5,main]) started.
[        ] Resolve mutations for :shared_preferences_android:processReleaseManifest (Thread[#894,Execution worker Thread 5,5,main]) started.
[        ] :shared_preferences_android:processReleaseManifest (Thread[#894,Execution worker Thread 5,5,main]) started.
[        ] > Task :shared_preferences_android:processReleaseManifest UP-TO-DATE
[        ] Caching disabled for task ':shared_preferences_android:processReleaseManifest' because:
[        ]   Build cache is disabled
[        ] Skipping task ':shared_preferences_android:processReleaseManifest' as it is up-to-date.
[        ] work action resolve AndroidManifest.xml (project :shared_preferences_android) (Thread[#894,Execution worker Thread 5,5,main]) started.
[        ] Resolve mutations for :sqflite_android:extractDeepLinksRelease (Thread[#894,Execution worker Thread 5,5,main]) started.
[        ] :sqflite_android:extractDeepLinksRelease (Thread[#894,Execution worker Thread 5,5,main]) started.
[        ] > Task :sqflite_android:extractDeepLinksRelease UP-TO-DATE
[        ] Caching disabled for task ':sqflite_android:extractDeepLinksRelease' because:
[        ]   Build cache is disabled
[        ] Skipping task ':sqflite_android:extractDeepLinksRelease' as it is up-to-date.
[        ] work action resolve navigation.json (project :sqflite_android) (Thread[#894,Execution worker Thread 5,5,main]) started.
[        ] Resolve mutations for :sqflite_android:processReleaseManifest (Thread[#894,Execution worker Thread 5,5,main]) started.
[        ] :sqflite_android:processReleaseManifest (Thread[#894,Execution worker Thread 5,5,main]) started.
[        ] > Task :sqflite_android:processReleaseManifest UP-TO-DATE
[        ] Caching disabled for task ':sqflite_android:processReleaseManifest' because:
[        ]   Build cache is disabled
[        ] Skipping task ':sqflite_android:processReleaseManifest' as it is up-to-date.
[        ] work action resolve AndroidManifest.xml (project :sqflite_android) (Thread[#894,Execution worker Thread 5,5,main]) started.
[        ] Resolve mutations for :url_launcher_android:extractDeepLinksRelease (Thread[#894,Execution worker Thread 5,5,main]) started.
[        ] :url_launcher_android:extractDeepLinksRelease (Thread[#894,Execution worker Thread 5,5,main]) started.
[        ] > Task :url_launcher_android:extractDeepLinksRelease UP-TO-DATE
[        ] Caching disabled for task ':url_launcher_android:extractDeepLinksRelease' because:
[        ]   Build cache is disabled
[        ] Skipping task ':url_launcher_android:extractDeepLinksRelease' as it is up-to-date.
[        ] work action resolve navigation.json (project :url_launcher_android) (Thread[#894,Execution worker Thread 5,5,main]) started.
[        ] Resolve mutations for :url_launcher_android:processReleaseManifest (Thread[#894,Execution worker Thread 5,5,main]) started.
[        ] :url_launcher_android:processReleaseManifest (Thread[#894,Execution worker Thread 5,5,main]) started.
[        ] > Task :url_launcher_android:processReleaseManifest UP-TO-DATE
[        ] Caching disabled for task ':url_launcher_android:processReleaseManifest' because:
[        ]   Build cache is disabled
[        ] Skipping task ':url_launcher_android:processReleaseManifest' as it is up-to-date.
[        ] work action resolve AndroidManifest.xml (project :url_launcher_android) (Thread[#894,Execution worker Thread 5,5,main]) started.
[        ] Resolve mutations for :vibration:extractDeepLinksRelease (Thread[#894,Execution worker Thread 5,5,main]) started.
[        ] :vibration:extractDeepLinksRelease (Thread[#898,Execution worker Thread 9,5,main]) started.
[        ] > Task :vibration:extractDeepLinksRelease UP-TO-DATE
[        ] Caching disabled for task ':vibration:extractDeepLinksRelease' because:
[        ]   Build cache is disabled
[        ] Skipping task ':vibration:extractDeepLinksRelease' as it is up-to-date.
[        ] work action resolve navigation.json (project :vibration) (Thread[#898,Execution worker Thread 9,5,main]) started.
[        ] Resolve mutations for :vibration:processReleaseManifest (Thread[#898,Execution worker Thread 9,5,main]) started.
[        ] :vibration:processReleaseManifest (Thread[#900,Execution worker Thread 11,5,main]) started.
[  +68 ms] > Task :vibration:processReleaseManifest UP-TO-DATE
[        ] Caching disabled for task ':vibration:processReleaseManifest' because:
[        ]   Build cache is disabled
[        ] Skipping task ':vibration:processReleaseManifest' as it is up-to-date.
[        ] work action resolve AndroidManifest.xml (project :vibration) (Thread[#898,Execution worker Thread 9,5,main]) started.
[        ] Resolve mutations for :app:processReleaseMainManifest (Thread[#898,Execution worker Thread 9,5,main]) started.
[        ] :app:processReleaseMainManifest (Thread[#898,Execution worker Thread 9,5,main]) started.
[ +104 ms] > Task :app:processReleaseMainManifest UP-TO-DATE
[        ] Transforming barcode-scanning-17.3.0.aar (com.google.mlkit:barcode-scanning:17.3.0) with JetifyTransform
[        ] Transforming barcode-scanning-17.3.0.aar (com.google.mlkit:barcode-scanning:17.3.0) with ExtractAarTransform
[        ] Transforming barcode-scanning-17.3.0.aar (com.google.mlkit:barcode-scanning:17.3.0) with AarTransform
[        ] Transforming play-services-mlkit-barcode-scanning-18.3.1.aar (com.google.android.gms:play-services-mlkit-barcode-scanning:18.3.1) with JetifyTransform
[        ] Transforming play-services-mlkit-barcode-scanning-18.3.1.aar (com.google.android.gms:play-services-mlkit-barcode-scanning:18.3.1) with ExtractAarTransform
[        ] Transforming play-services-mlkit-barcode-scanning-18.3.1.aar (com.google.android.gms:play-services-mlkit-barcode-scanning:18.3.1) with AarTransform
[        ] Transforming barcode-scanning-common-17.0.0.aar (com.google.mlkit:barcode-scanning-common:17.0.0) with JetifyTransform
[        ] Transforming barcode-scanning-common-17.0.0.aar (com.google.mlkit:barcode-scanning-common:17.0.0) with ExtractAarTransform
[        ] Transforming barcode-scanning-common-17.0.0.aar (com.google.mlkit:barcode-scanning-common:17.0.0) with AarTransform
[        ] Transforming vision-common-17.3.0.aar (com.google.mlkit:vision-common:17.3.0) with JetifyTransform
[        ] Transforming vision-common-17.3.0.aar (com.google.mlkit:vision-common:17.3.0) with ExtractAarTransform
[        ] Transforming vision-common-17.3.0.aar (com.google.mlkit:vision-common:17.3.0) with AarTransform
[        ] Transforming common-18.11.0.aar (com.google.mlkit:common:18.11.0) with JetifyTransform
[        ] Transforming common-18.11.0.aar (com.google.mlkit:common:18.11.0) with ExtractAarTransform
[        ] Transforming common-18.11.0.aar (com.google.mlkit:common:18.11.0) with AarTransform
[        ] Transforming play-services-base-18.5.0.aar (com.google.android.gms:play-services-base:18.5.0) with JetifyTransform
[        ] Transforming play-services-base-18.5.0.aar (com.google.android.gms:play-services-base:18.5.0) with ExtractAarTransform
[        ] Transforming play-services-base-18.5.0.aar (com.google.android.gms:play-services-base:18.5.0) with AarTransform
[        ] Transforming vision-interfaces-16.3.0.aar (com.google.mlkit:vision-interfaces:16.3.0) with JetifyTransform
[        ] Transforming vision-interfaces-16.3.0.aar (com.google.mlkit:vision-interfaces:16.3.0) with ExtractAarTransform
[        ] Transforming vision-interfaces-16.3.0.aar (com.google.mlkit:vision-interfaces:16.3.0) with AarTransform
[        ] Transforming play-services-tasks-18.2.0.aar (com.google.android.gms:play-services-tasks:18.2.0) with JetifyTransform
[        ] Transforming play-services-tasks-18.2.0.aar (com.google.android.gms:play-services-tasks:18.2.0) with ExtractAarTransform
[        ] Transforming play-services-tasks-18.2.0.aar (com.google.android.gms:play-services-tasks:18.2.0) with AarTransform
[        ] Transforming play-services-basement-18.4.0.aar (com.google.android.gms:play-services-basement:18.4.0) with JetifyTransform
[        ] Transforming play-services-basement-18.4.0.aar (com.google.android.gms:play-services-basement:18.4.0) with ExtractAarTransform
[        ] Transforming play-services-basement-18.4.0.aar (com.google.android.gms:play-services-basement:18.4.0) with AarTransform
[        ] Transforming preference-1.2.1.aar (androidx.preference:preference:1.2.1) with JetifyTransform
[        ] Transforming preference-1.2.1.aar (androidx.preference:preference:1.2.1) with ExtractAarTransform
[        ] Transforming preference-1.2.1.aar (androidx.preference:preference:1.2.1) with AarTransform
[        ] Transforming fragment-ktx-1.7.1.aar (androidx.fragment:fragment-ktx:1.7.1) with JetifyTransform
[        ] Transforming fragment-ktx-1.7.1.aar (androidx.fragment:fragment-ktx:1.7.1) with ExtractAarTransform
[        ] Transforming fragment-ktx-1.7.1.aar (androidx.fragment:fragment-ktx:1.7.1) with AarTransform
[        ] Transforming appcompat-resources-1.6.1.aar (androidx.appcompat:appcompat-resources:1.6.1) with JetifyTransform
[        ] Transforming appcompat-resources-1.6.1.aar (androidx.appcompat:appcompat-resources:1.6.1) with ExtractAarTransform
[        ] Transforming appcompat-resources-1.6.1.aar (androidx.appcompat:appcompat-resources:1.6.1) with AarTransform
[        ] Transforming appcompat-1.6.1.aar (androidx.appcompat:appcompat:1.6.1) with JetifyTransform
[        ] Transforming appcompat-1.6.1.aar (androidx.appcompat:appcompat:1.6.1) with ExtractAarTransform
[        ] Transforming appcompat-1.6.1.aar (androidx.appcompat:appcompat:1.6.1) with AarTransform
[        ] Transforming appcompat-1.6.1.aar (androidx.appcompat:appcompat:1.6.1) with JetifyTransform
[        ] Transforming appcompat-1.6.1.aar (androidx.appcompat:appcompat:1.6.1) with ExtractAarTransform
[        ] Transforming appcompat-1.6.1.aar (androidx.appcompat:appcompat:1.6.1) with AarTransform
[        ] Transforming fragment-1.7.1.aar (androidx.fragment:fragment:1.7.1) with JetifyTransform
[        ] Transforming fragment-1.7.1.aar (androidx.fragment:fragment:1.7.1) with ExtractAarTransform
[        ] Transforming fragment-1.7.1.aar (androidx.fragment:fragment:1.7.1) with AarTransform
[        ] Transforming fragment-1.7.1.aar (androidx.fragment:fragment:1.7.1) with JetifyTransform
[        ] Transforming fragment-1.7.1.aar (androidx.fragment:fragment:1.7.1) with ExtractAarTransform
[        ] Transforming fragment-1.7.1.aar (androidx.fragment:fragment:1.7.1) with AarTransform
[        ] Transforming activity-ktx-1.9.3.aar (androidx.activity:activity-ktx:1.9.3) with JetifyTransform
[        ] Transforming activity-ktx-1.9.3.aar (androidx.activity:activity-ktx:1.9.3) with ExtractAarTransform
[        ] Transforming activity-ktx-1.9.3.aar (androidx.activity:activity-ktx:1.9.3) with AarTransform
[        ] Transforming activity-1.9.3.aar (androidx.activity:activity:1.9.3) with JetifyTransform
[        ] Transforming activity-1.9.3.aar (androidx.activity:activity:1.9.3) with ExtractAarTransform
[        ] Transforming activity-1.9.3.aar (androidx.activity:activity:1.9.3) with AarTransform
[        ] Transforming camera-core-1.4.2.aar (androidx.camera:camera-core:1.4.2) with JetifyTransform
[        ] Transforming camera-core-1.4.2.aar (androidx.camera:camera-core:1.4.2) with ExtractAarTransform
[        ] Transforming camera-core-1.4.2.aar (androidx.camera:camera-core:1.4.2) with AarTransform
[        ] Transforming camera-camera2-1.4.2.aar (androidx.camera:camera-camera2:1.4.2) with JetifyTransform
[        ] Transforming camera-camera2-1.4.2.aar (androidx.camera:camera-camera2:1.4.2) with ExtractAarTransform
[        ] Transforming camera-camera2-1.4.2.aar (androidx.camera:camera-camera2:1.4.2) with AarTransform
[        ] Transforming camera-lifecycle-1.4.2.aar (androidx.camera:camera-lifecycle:1.4.2) with JetifyTransform
[        ] Transforming camera-lifecycle-1.4.2.aar (androidx.camera:camera-lifecycle:1.4.2) with ExtractAarTransform
[        ] Transforming camera-lifecycle-1.4.2.aar (androidx.camera:camera-lifecycle:1.4.2) with AarTransform
[        ] Transforming browser-1.8.0.aar (androidx.browser:browser:1.8.0) with JetifyTransform
[        ] Transforming browser-1.8.0.aar (androidx.browser:browser:1.8.0) with ExtractAarTransform
[        ] Transforming browser-1.8.0.aar (androidx.browser:browser:1.8.0) with AarTransform
[        ] Transforming recyclerview-1.0.0.aar (androidx.recyclerview:recyclerview:1.0.0) with JetifyTransform
[        ] Transforming recyclerview-1.0.0.aar (androidx.recyclerview:recyclerview:1.0.0) with ExtractAarTransform
[        ] Transforming recyclerview-1.0.0.aar (androidx.recyclerview:recyclerview:1.0.0) with AarTransform
[        ] Transforming legacy-support-core-ui-1.0.0.aar (androidx.legacy:legacy-support-core-ui:1.0.0) with JetifyTransform
[        ] Transforming legacy-support-core-ui-1.0.0.aar (androidx.legacy:legacy-support-core-ui:1.0.0) with ExtractAarTransform
[        ] Transforming legacy-support-core-ui-1.0.0.aar (androidx.legacy:legacy-support-core-ui:1.0.0) with AarTransform
[        ] Transforming slidingpanelayout-1.2.0.aar (androidx.slidingpanelayout:slidingpanelayout:1.2.0) with JetifyTransform
[        ] Transforming slidingpanelayout-1.2.0.aar (androidx.slidingpanelayout:slidingpanelayout:1.2.0) with ExtractAarTransform
[        ] Transforming slidingpanelayout-1.2.0.aar (androidx.slidingpanelayout:slidingpanelayout:1.2.0) with AarTransform
[        ] Transforming slidingpanelayout-1.2.0.aar (androidx.slidingpanelayout:slidingpanelayout:1.2.0) with JetifyTransform
[        ] Transforming slidingpanelayout-1.2.0.aar (androidx.slidingpanelayout:slidingpanelayout:1.2.0) with ExtractAarTransform
[        ] Transforming slidingpanelayout-1.2.0.aar (androidx.slidingpanelayout:slidingpanelayout:1.2.0) with AarTransform
[        ] Transforming window-1.2.0.aar (androidx.window:window:1.2.0) with JetifyTransform
[        ] Transforming window-1.2.0.aar (androidx.window:window:1.2.0) with ExtractAarTransform
[        ] Transforming window-1.2.0.aar (androidx.window:window:1.2.0) with AarTransform
[        ] Transforming window-java-1.2.0.aar (androidx.window:window-java:1.2.0) with JetifyTransform
[        ] Transforming window-java-1.2.0.aar (androidx.window:window-java:1.2.0) with ExtractAarTransform
[        ] Transforming window-java-1.2.0.aar (androidx.window:window-java:1.2.0) with AarTransform
[        ] Transforming legacy-support-core-utils-1.0.0.aar (androidx.legacy:legacy-support-core-utils:1.0.0) with JetifyTransform
[        ] Transforming legacy-support-core-utils-1.0.0.aar (androidx.legacy:legacy-support-core-utils:1.0.0) with ExtractAarTransform
[        ] Transforming legacy-support-core-utils-1.0.0.aar (androidx.legacy:legacy-support-core-utils:1.0.0) with AarTransform
[        ] Transforming loader-1.0.0.aar (androidx.loader:loader:1.0.0) with JetifyTransform
[        ] Transforming loader-1.0.0.aar (androidx.loader:loader:1.0.0) with ExtractAarTransform
[        ] Transforming loader-1.0.0.aar (androidx.loader:loader:1.0.0) with AarTransform
[        ] Transforming loader-1.0.0.aar (androidx.loader:loader:1.0.0) with JetifyTransform
[        ] Transforming loader-1.0.0.aar (androidx.loader:loader:1.0.0) with ExtractAarTransform
[        ] Transforming loader-1.0.0.aar (androidx.loader:loader:1.0.0) with AarTransform
[        ] Transforming lifecycle-livedata-core-ktx-2.7.0.aar (androidx.lifecycle:lifecycle-livedata-core-ktx:2.7.0) with JetifyTransform
[        ] Transforming lifecycle-livedata-core-ktx-2.7.0.aar (androidx.lifecycle:lifecycle-livedata-core-ktx:2.7.0) with ExtractAarTransform
[        ] Transforming lifecycle-livedata-core-ktx-2.7.0.aar (androidx.lifecycle:lifecycle-livedata-core-ktx:2.7.0) with AarTransform
[        ] Transforming lifecycle-viewmodel-ktx-2.7.0.aar (androidx.lifecycle:lifecycle-viewmodel-ktx:2.7.0) with JetifyTransform
[        ] Transforming lifecycle-viewmodel-ktx-2.7.0.aar (androidx.lifecycle:lifecycle-viewmodel-ktx:2.7.0) with ExtractAarTransform
[        ] Transforming lifecycle-viewmodel-ktx-2.7.0.aar (androidx.lifecycle:lifecycle-viewmodel-ktx:2.7.0) with AarTransform
[        ] Transforming lifecycle-runtime-ktx-2.7.0.aar (androidx.lifecycle:lifecycle-runtime-ktx:2.7.0) with JetifyTransform
[        ] Transforming lifecycle-runtime-ktx-2.7.0.aar (androidx.lifecycle:lifecycle-runtime-ktx:2.7.0) with ExtractAarTransform
[        ] Transforming lifecycle-runtime-ktx-2.7.0.aar (androidx.lifecycle:lifecycle-runtime-ktx:2.7.0) with AarTransform
[        ] Transforming lifecycle-livedata-2.7.0.aar (androidx.lifecycle:lifecycle-livedata:2.7.0) with JetifyTransform
[        ] Transforming lifecycle-livedata-2.7.0.aar (androidx.lifecycle:lifecycle-livedata:2.7.0) with ExtractAarTransform
[        ] Transforming lifecycle-livedata-2.7.0.aar (androidx.lifecycle:lifecycle-livedata:2.7.0) with AarTransform
[        ] Transforming lifecycle-livedata-2.7.0.aar (androidx.lifecycle:lifecycle-livedata:2.7.0) with JetifyTransform
[        ] Transforming lifecycle-livedata-2.7.0.aar (androidx.lifecycle:lifecycle-livedata:2.7.0) with ExtractAarTransform
[        ] Transforming lifecycle-livedata-2.7.0.aar (androidx.lifecycle:lifecycle-livedata:2.7.0) with AarTransform
[        ] Transforming lifecycle-livedata-core-2.7.0.aar (androidx.lifecycle:lifecycle-livedata-core:2.7.0) with JetifyTransform
[        ] Transforming lifecycle-livedata-core-2.7.0.aar (androidx.lifecycle:lifecycle-livedata-core:2.7.0) with ExtractAarTransform
[        ] Transforming lifecycle-livedata-core-2.7.0.aar (androidx.lifecycle:lifecycle-livedata-core:2.7.0) with AarTransform
[        ] Transforming lifecycle-viewmodel-2.7.0.aar (androidx.lifecycle:lifecycle-viewmodel:2.7.0) with JetifyTransform
[        ] Transforming lifecycle-viewmodel-2.7.0.aar (androidx.lifecycle:lifecycle-viewmodel:2.7.0) with ExtractAarTransform
[        ] Transforming lifecycle-viewmodel-2.7.0.aar (androidx.lifecycle:lifecycle-viewmodel:2.7.0) with AarTransform
[        ] Transforming lifecycle-viewmodel-2.7.0.aar (androidx.lifecycle:lifecycle-viewmodel:2.7.0) with JetifyTransform
[        ] Transforming lifecycle-viewmodel-2.7.0.aar (androidx.lifecycle:lifecycle-viewmodel:2.7.0) with ExtractAarTransform
[        ] Transforming lifecycle-viewmodel-2.7.0.aar (androidx.lifecycle:lifecycle-viewmodel:2.7.0) with AarTransform
[        ] Transforming emoji2-views-helper-1.2.0.aar (androidx.emoji2:emoji2-views-helper:1.2.0) with JetifyTransform
[        ] Transforming emoji2-views-helper-1.2.0.aar (androidx.emoji2:emoji2-views-helper:1.2.0) with ExtractAarTransform
[        ] Transforming emoji2-views-helper-1.2.0.aar (androidx.emoji2:emoji2-views-helper:1.2.0) with AarTransform
[        ] Transforming emoji2-1.2.0.aar (androidx.emoji2:emoji2:1.2.0) with JetifyTransform
[        ] Transforming emoji2-1.2.0.aar (androidx.emoji2:emoji2:1.2.0) with ExtractAarTransform
[        ] Transforming emoji2-1.2.0.aar (androidx.emoji2:emoji2:1.2.0) with AarTransform
[        ] Transforming lifecycle-process-2.7.0.aar (androidx.lifecycle:lifecycle-process:2.7.0) with JetifyTransform
[        ] Transforming lifecycle-process-2.7.0.aar (androidx.lifecycle:lifecycle-process:2.7.0) with ExtractAarTransform
[        ] Transforming lifecycle-process-2.7.0.aar (androidx.lifecycle:lifecycle-process:2.7.0) with AarTransform
[        ] Transforming savedstate-ktx-1.2.1.aar (androidx.savedstate:savedstate-ktx:1.2.1) with JetifyTransform
[        ] Transforming savedstate-ktx-1.2.1.aar (androidx.savedstate:savedstate-ktx:1.2.1) with ExtractAarTransform
[        ] Transforming savedstate-ktx-1.2.1.aar (androidx.savedstate:savedstate-ktx:1.2.1) with AarTransform
[        ] Transforming savedstate-1.2.1.aar (androidx.savedstate:savedstate:1.2.1) with JetifyTransform
[        ] Transforming savedstate-1.2.1.aar (androidx.savedstate:savedstate:1.2.1) with ExtractAarTransform
[        ] Transforming savedstate-1.2.1.aar (androidx.savedstate:savedstate:1.2.1) with AarTransform
[        ] Transforming lifecycle-runtime-2.7.0.aar (androidx.lifecycle:lifecycle-runtime:2.7.0) with JetifyTransform
[        ] Transforming lifecycle-runtime-2.7.0.aar (androidx.lifecycle:lifecycle-runtime:2.7.0) with ExtractAarTransform
[        ] Transforming lifecycle-runtime-2.7.0.aar (androidx.lifecycle:lifecycle-runtime:2.7.0) with AarTransform
[        ] Transforming lifecycle-viewmodel-savedstate-2.7.0.aar (androidx.lifecycle:lifecycle-viewmodel-savedstate:2.7.0) with JetifyTransform
[        ] Transforming lifecycle-viewmodel-savedstate-2.7.0.aar (androidx.lifecycle:lifecycle-viewmodel-savedstate:2.7.0) with ExtractAarTransform
[        ] Transforming lifecycle-viewmodel-savedstate-2.7.0.aar (androidx.lifecycle:lifecycle-viewmodel-savedstate:2.7.0) with AarTransform
[        ] Transforming core-ktx-1.13.1.aar (androidx.core:core-ktx:1.13.1) with JetifyTransform
[        ] Transforming core-ktx-1.13.1.aar (androidx.core:core-ktx:1.13.1) with ExtractAarTransform
[        ] Transforming core-ktx-1.13.1.aar (androidx.core:core-ktx:1.13.1) with AarTransform
[        ] Transforming viewpager-1.0.0.aar (androidx.viewpager:viewpager:1.0.0) with JetifyTransform
[        ] Transforming viewpager-1.0.0.aar (androidx.viewpager:viewpager:1.0.0) with ExtractAarTransform
[        ] Transforming viewpager-1.0.0.aar (androidx.viewpager:viewpager:1.0.0) with AarTransform
[        ] Transforming viewpager-1.0.0.aar (androidx.viewpager:viewpager:1.0.0) with JetifyTransform
[        ] Transforming viewpager-1.0.0.aar (androidx.viewpager:viewpager:1.0.0) with ExtractAarTransform
[        ] Transforming viewpager-1.0.0.aar (androidx.viewpager:viewpager:1.0.0) with AarTransform
[        ] Transforming drawerlayout-1.0.0.aar (androidx.drawerlayout:drawerlayout:1.0.0) with JetifyTransform
[        ] Transforming drawerlayout-1.0.0.aar (androidx.drawerlayout:drawerlayout:1.0.0) with ExtractAarTransform
[        ] Transforming drawerlayout-1.0.0.aar (androidx.drawerlayout:drawerlayout:1.0.0) with AarTransform
[        ] Transforming drawerlayout-1.0.0.aar (androidx.drawerlayout:drawerlayout:1.0.0) with JetifyTransform
[        ] Transforming drawerlayout-1.0.0.aar (androidx.drawerlayout:drawerlayout:1.0.0) with ExtractAarTransform
[        ] Transforming drawerlayout-1.0.0.aar (androidx.drawerlayout:drawerlayout:1.0.0) with AarTransform
[        ] Transforming coordinatorlayout-1.0.0.aar (androidx.coordinatorlayout:coordinatorlayout:1.0.0) with JetifyTransform
[        ] Transforming coordinatorlayout-1.0.0.aar (androidx.coordinatorlayout:coordinatorlayout:1.0.0) with ExtractAarTransform
[        ] Transforming coordinatorlayout-1.0.0.aar (androidx.coordinatorlayout:coordinatorlayout:1.0.0) with AarTransform
[        ] Transforming customview-1.1.0.aar (androidx.customview:customview:1.1.0) with JetifyTransform
[        ] Transforming customview-1.1.0.aar (androidx.customview:customview:1.1.0) with ExtractAarTransform
[        ] Transforming customview-1.1.0.aar (androidx.customview:customview:1.1.0) with AarTransform
[        ] Transforming customview-1.1.0.aar (androidx.customview:customview:1.1.0) with JetifyTransform
[        ] Transforming customview-1.1.0.aar (androidx.customview:customview:1.1.0) with ExtractAarTransform
[        ] Transforming customview-1.1.0.aar (androidx.customview:customview:1.1.0) with AarTransform
[        ] Transforming transition-1.4.1.aar (androidx.transition:transition:1.4.1) with JetifyTransform
[        ] Transforming transition-1.4.1.aar (androidx.transition:transition:1.4.1) with ExtractAarTransform
[        ] Transforming transition-1.4.1.aar (androidx.transition:transition:1.4.1) with AarTransform
[        ] Transforming swiperefreshlayout-1.0.0.aar (androidx.swiperefreshlayout:swiperefreshlayout:1.0.0) with JetifyTransform
[        ] Transforming swiperefreshlayout-1.0.0.aar (androidx.swiperefreshlayout:swiperefreshlayout:1.0.0) with ExtractAarTransform
[        ] Transforming swiperefreshlayout-1.0.0.aar (androidx.swiperefreshlayout:swiperefreshlayout:1.0.0) with AarTransform
[        ] Transforming asynclayoutinflater-1.0.0.aar (androidx.asynclayoutinflater:asynclayoutinflater:1.0.0) with JetifyTransform
[        ] Transforming asynclayoutinflater-1.0.0.aar (androidx.asynclayoutinflater:asynclayoutinflater:1.0.0) with ExtractAarTransform
[        ] Transforming asynclayoutinflater-1.0.0.aar (androidx.asynclayoutinflater:asynclayoutinflater:1.0.0) with AarTransform
[        ] Transforming vectordrawable-animated-1.1.0.aar (androidx.vectordrawable:vectordrawable-animated:1.1.0) with JetifyTransform
[        ] Transforming vectordrawable-animated-1.1.0.aar (androidx.vectordrawable:vectordrawable-animated:1.1.0) with ExtractAarTransform
[        ] Transforming vectordrawable-animated-1.1.0.aar (androidx.vectordrawable:vectordrawable-animated:1.1.0) with AarTransform
[        ] Transforming vectordrawable-1.1.0.aar (androidx.vectordrawable:vectordrawable:1.1.0) with JetifyTransform
[        ] Transforming vectordrawable-1.1.0.aar (androidx.vectordrawable:vectordrawable:1.1.0) with ExtractAarTransform
[        ] Transforming vectordrawable-1.1.0.aar (androidx.vectordrawable:vectordrawable:1.1.0) with AarTransform
[        ] Transforming vectordrawable-1.1.0.aar (androidx.vectordrawable:vectordrawable:1.1.0) with JetifyTransform
[        ] Transforming vectordrawable-1.1.0.aar (androidx.vectordrawable:vectordrawable:1.1.0) with ExtractAarTransform
[        ] Transforming vectordrawable-1.1.0.aar (androidx.vectordrawable:vectordrawable:1.1.0) with AarTransform
[        ] Transforming core-1.13.1.aar (androidx.core:core:1.13.1) with JetifyTransform
[        ] Transforming core-1.13.1.aar (androidx.core:core:1.13.1) with ExtractAarTransform
[        ] Transforming core-1.13.1.aar (androidx.core:core:1.13.1) with AarTransform
[        ] Transforming core-1.13.1.aar (androidx.core:core:1.13.1) with JetifyTransform
[        ] Transforming core-1.13.1.aar (androidx.core:core:1.13.1) with ExtractAarTransform
[        ] Transforming core-1.13.1.aar (androidx.core:core:1.13.1) with AarTransform
[        ] Transforming exifinterface-1.3.7.aar (androidx.exifinterface:exifinterface:1.3.7) with JetifyTransform
[        ] Transforming exifinterface-1.3.7.aar (androidx.exifinterface:exifinterface:1.3.7) with ExtractAarTransform
[        ] Transforming exifinterface-1.3.7.aar (androidx.exifinterface:exifinterface:1.3.7) with AarTransform
[        ] Transforming exifinterface-1.3.7.aar (androidx.exifinterface:exifinterface:1.3.7) with JetifyTransform
[        ] Transforming exifinterface-1.3.7.aar (androidx.exifinterface:exifinterface:1.3.7) with ExtractAarTransform
[        ] Transforming exifinterface-1.3.7.aar (androidx.exifinterface:exifinterface:1.3.7) with AarTransform
[        ] Transforming tracing-ktx-1.2.0.aar (androidx.tracing:tracing-ktx:1.2.0) with JetifyTransform
[        ] Transforming tracing-ktx-1.2.0.aar (androidx.tracing:tracing-ktx:1.2.0) with ExtractAarTransform
[        ] Transforming tracing-ktx-1.2.0.aar (androidx.tracing:tracing-ktx:1.2.0) with AarTransform
[        ] Transforming profileinstaller-1.3.1.aar (androidx.profileinstaller:profileinstaller:1.3.1) with JetifyTransform
[        ] Transforming profileinstaller-1.3.1.aar (androidx.profileinstaller:profileinstaller:1.3.1) with ExtractAarTransform
[        ] Transforming profileinstaller-1.3.1.aar (androidx.profileinstaller:profileinstaller:1.3.1) with AarTransform
[        ] Transforming startup-runtime-1.1.1.aar (androidx.startup:startup-runtime:1.1.1) with JetifyTransform
[        ] Transforming startup-runtime-1.1.1.aar (androidx.startup:startup-runtime:1.1.1) with ExtractAarTransform
[        ] Transforming startup-runtime-1.1.1.aar (androidx.startup:startup-runtime:1.1.1) with AarTransform
[        ] Transforming tracing-1.2.0.aar (androidx.tracing:tracing:1.2.0) with JetifyTransform
[        ] Transforming tracing-1.2.0.aar (androidx.tracing:tracing:1.2.0) with ExtractAarTransform
[        ] Transforming tracing-1.2.0.aar (androidx.tracing:tracing:1.2.0) with AarTransform
[        ] Transforming interpolator-1.0.0.aar (androidx.interpolator:interpolator:1.0.0) with JetifyTransform
[        ] Transforming interpolator-1.0.0.aar (androidx.interpolator:interpolator:1.0.0) with ExtractAarTransform
[        ] Transforming interpolator-1.0.0.aar (androidx.interpolator:interpolator:1.0.0) with AarTransform
[        ] Transforming interpolator-1.0.0.aar (androidx.interpolator:interpolator:1.0.0) with JetifyTransform
[        ] Transforming interpolator-1.0.0.aar (androidx.interpolator:interpolator:1.0.0) with ExtractAarTransform
[        ] Transforming interpolator-1.0.0.aar (androidx.interpolator:interpolator:1.0.0) with AarTransform
[        ] Transforming versionedparcelable-1.1.1.aar (androidx.versionedparcelable:versionedparcelable:1.1.1) with JetifyTransform
[        ] Transforming versionedparcelable-1.1.1.aar (androidx.versionedparcelable:versionedparcelable:1.1.1) with ExtractAarTransform
[        ] Transforming versionedparcelable-1.1.1.aar (androidx.versionedparcelable:versionedparcelable:1.1.1) with AarTransform
[        ] Transforming datastore-core-release.aar (androidx.datastore:datastore-core-android:1.1.3) with JetifyTransform
[        ] Transforming datastore-core-release.aar (androidx.datastore:datastore-core-android:1.1.3) with ExtractAarTransform
[        ] Transforming datastore-core-release.aar (androidx.datastore:datastore-core-android:1.1.3) with AarTransform
[        ] Transforming datastore-preferences-release.aar (androidx.datastore:datastore-preferences-android:1.1.3) with JetifyTransform
[        ] Transforming datastore-preferences-release.aar (androidx.datastore:datastore-preferences-android:1.1.3) with ExtractAarTransform
[        ] Transforming datastore-preferences-release.aar (androidx.datastore:datastore-preferences-android:1.1.3) with AarTransform
[        ] Transforming datastore-release.aar (androidx.datastore:datastore-android:1.1.3) with JetifyTransform
[        ] Transforming datastore-release.aar (androidx.datastore:datastore-android:1.1.3) with ExtractAarTransform
[        ] Transforming datastore-release.aar (androidx.datastore:datastore-android:1.1.3) with AarTransform
[        ] Transforming core-runtime-2.2.0.aar (androidx.arch.core:core-runtime:2.2.0) with JetifyTransform
[        ] Transforming core-runtime-2.2.0.aar (androidx.arch.core:core-runtime:2.2.0) with ExtractAarTransform
[        ] Transforming core-runtime-2.2.0.aar (androidx.arch.core:core-runtime:2.2.0) with AarTransform
[        ] Transforming transport-backend-cct-2.3.3.aar (com.google.android.datatransport:transport-backend-cct:2.3.3) with JetifyTransform
[        ] Transforming transport-backend-cct-2.3.3.aar (com.google.android.datatransport:transport-backend-cct:2.3.3) with ExtractAarTransform
[        ] Transforming transport-backend-cct-2.3.3.aar (com.google.android.datatransport:transport-backend-cct:2.3.3) with AarTransform
[        ] Transforming transport-runtime-2.2.6.aar (com.google.android.datatransport:transport-runtime:2.2.6) with JetifyTransform
[        ] Transforming transport-runtime-2.2.6.aar (com.google.android.datatransport:transport-runtime:2.2.6) with ExtractAarTransform
[        ] Transforming transport-runtime-2.2.6.aar (com.google.android.datatransport:transport-runtime:2.2.6) with AarTransform
[        ] Transforming transport-api-2.2.1.aar (com.google.android.datatransport:transport-api:2.2.1) with JetifyTransform
[        ] Transforming transport-api-2.2.1.aar (com.google.android.datatransport:transport-api:2.2.1) with ExtractAarTransform
[        ] Transforming transport-api-2.2.1.aar (com.google.android.datatransport:transport-api:2.2.1) with AarTransform
[        ] Transforming firebase-components-16.1.0.aar (com.google.firebase:firebase-components:16.1.0) with JetifyTransform
[        ] Transforming firebase-components-16.1.0.aar (com.google.firebase:firebase-components:16.1.0) with ExtractAarTransform
[        ] Transforming firebase-components-16.1.0.aar (com.google.firebase:firebase-components:16.1.0) with AarTransform
[        ] Transforming firebase-encoders-json-17.1.0.aar (com.google.firebase:firebase-encoders-json:17.1.0) with JetifyTransform
[   +1 ms] Transforming firebase-encoders-json-17.1.0.aar (com.google.firebase:firebase-encoders-json:17.1.0) with ExtractAarTransform
[        ] Transforming firebase-encoders-json-17.1.0.aar (com.google.firebase:firebase-encoders-json:17.1.0) with AarTransform
[        ] Transforming core-1.0.0.aar (androidx.window.extensions.core:core:1.0.0) with JetifyTransform
[        ] Transforming core-1.0.0.aar (androidx.window.extensions.core:core:1.0.0) with ExtractAarTransform
[        ] Transforming core-1.0.0.aar (androidx.window.extensions.core:core:1.0.0) with AarTransform
[        ] Transforming cursoradapter-1.0.0.aar (androidx.cursoradapter:cursoradapter:1.0.0) with JetifyTransform
[        ] Transforming cursoradapter-1.0.0.aar (androidx.cursoradapter:cursoradapter:1.0.0) with ExtractAarTransform
[        ] Transforming cursoradapter-1.0.0.aar (androidx.cursoradapter:cursoradapter:1.0.0) with AarTransform
[        ] Transforming cursoradapter-1.0.0.aar (androidx.cursoradapter:cursoradapter:1.0.0) with JetifyTransform
[        ] Transforming cursoradapter-1.0.0.aar (androidx.cursoradapter:cursoradapter:1.0.0) with ExtractAarTransform
[   +1 ms] Transforming cursoradapter-1.0.0.aar (androidx.cursoradapter:cursoradapter:1.0.0) with AarTransform
[        ] Transforming documentfile-1.0.0.aar (androidx.documentfile:documentfile:1.0.0) with JetifyTransform
[        ] Transforming documentfile-1.0.0.aar (androidx.documentfile:documentfile:1.0.0) with ExtractAarTransform
[        ] Transforming documentfile-1.0.0.aar (androidx.documentfile:documentfile:1.0.0) with AarTransform
[        ] Transforming localbroadcastmanager-1.0.0.aar (androidx.localbroadcastmanager:localbroadcastmanager:1.0.0) with JetifyTransform
[        ] Transforming localbroadcastmanager-1.0.0.aar (androidx.localbroadcastmanager:localbroadcastmanager:1.0.0) with ExtractAarTransform
[        ] Transforming localbroadcastmanager-1.0.0.aar (androidx.localbroadcastmanager:localbroadcastmanager:1.0.0) with AarTransform
[        ] Transforming print-1.0.0.aar (androidx.print:print:1.0.0) with JetifyTransform
[        ] Transforming print-1.0.0.aar (androidx.print:print:1.0.0) with ExtractAarTransform
[        ] Transforming print-1.0.0.aar (androidx.print:print:1.0.0) with AarTransform
[        ] Transforming annotation-experimental-1.4.1.aar (androidx.annotation:annotation-experimental:1.4.1) with JetifyTransform
[        ] Transforming annotation-experimental-1.4.1.aar (androidx.annotation:annotation-experimental:1.4.1) with ExtractAarTransform
[        ] Transforming annotation-experimental-1.4.1.aar (androidx.annotation:annotation-experimental:1.4.1) with AarTransform
[        ] Transforming relinker-1.4.5.aar (com.getkeepsafe.relinker:relinker:1.4.5) with JetifyTransform
[        ] Transforming relinker-1.4.5.aar (com.getkeepsafe.relinker:relinker:1.4.5) with ExtractAarTransform
[        ] Transforming relinker-1.4.5.aar (com.getkeepsafe.relinker:relinker:1.4.5) with AarTransform
[        ] Transforming image-1.0.0-beta1.aar (com.google.android.odml:image:1.0.0-beta1) with JetifyTransform
[        ] Transforming image-1.0.0-beta1.aar (com.google.android.odml:image:1.0.0-beta1) with ExtractAarTransform
[        ] Transforming image-1.0.0-beta1.aar (com.google.android.odml:image:1.0.0-beta1) with AarTransform
[        ] Transforming barcode-scanning-17.3.0.aar (com.google.mlkit:barcode-scanning:17.3.0) with JetifyTransform
[   +1 ms] Transforming barcode-scanning-17.3.0.aar (com.google.mlkit:barcode-scanning:17.3.0) with ExtractAarTransform
[   +2 ms] Transforming barcode-scanning-17.3.0.aar (com.google.mlkit:barcode-scanning:17.3.0) with AarTransform
[        ] Transforming play-services-mlkit-barcode-scanning-18.3.1.aar (com.google.android.gms:play-services-mlkit-barcode-scanning:18.3.1) with JetifyTransform
[        ] Transforming play-services-mlkit-barcode-scanning-18.3.1.aar (com.google.android.gms:play-services-mlkit-barcode-scanning:18.3.1) with ExtractAarTransform
[        ] Transforming play-services-mlkit-barcode-scanning-18.3.1.aar (com.google.android.gms:play-services-mlkit-barcode-scanning:18.3.1) with AarTransform
[        ] Transforming barcode-scanning-common-17.0.0.aar (com.google.mlkit:barcode-scanning-common:17.0.0) with JetifyTransform
[        ] Transforming barcode-scanning-common-17.0.0.aar (com.google.mlkit:barcode-scanning-common:17.0.0) with ExtractAarTransform
[        ] Transforming barcode-scanning-common-17.0.0.aar (com.google.mlkit:barcode-scanning-common:17.0.0) with AarTransform
[        ] Transforming vision-common-17.3.0.aar (com.google.mlkit:vision-common:17.3.0) with JetifyTransform
[        ] Transforming vision-common-17.3.0.aar (com.google.mlkit:vision-common:17.3.0) with ExtractAarTransform
[        ] Transforming vision-common-17.3.0.aar (com.google.mlkit:vision-common:17.3.0) with AarTransform
[        ] Transforming common-18.11.0.aar (com.google.mlkit:common:18.11.0) with JetifyTransform
[        ] Transforming common-18.11.0.aar (com.google.mlkit:common:18.11.0) with ExtractAarTransform
[        ] Transforming common-18.11.0.aar (com.google.mlkit:common:18.11.0) with AarTransform
[        ] Transforming play-services-base-18.5.0.aar (com.google.android.gms:play-services-base:18.5.0) with JetifyTransform
[        ] Transforming play-services-base-18.5.0.aar (com.google.android.gms:play-services-base:18.5.0) with ExtractAarTransform
[        ] Transforming play-services-base-18.5.0.aar (com.google.android.gms:play-services-base:18.5.0) with AarTransform
[        ] Transforming vision-interfaces-16.3.0.aar (com.google.mlkit:vision-interfaces:16.3.0) with JetifyTransform
[        ] Transforming vision-interfaces-16.3.0.aar (com.google.mlkit:vision-interfaces:16.3.0) with ExtractAarTransform
[        ] Transforming vision-interfaces-16.3.0.aar (com.google.mlkit:vision-interfaces:16.3.0) with AarTransform
[        ] Transforming play-services-tasks-18.2.0.aar (com.google.android.gms:play-services-tasks:18.2.0) with JetifyTransform
[        ] Transforming play-services-tasks-18.2.0.aar (com.google.android.gms:play-services-tasks:18.2.0) with ExtractAarTransform
[        ] Transforming play-services-tasks-18.2.0.aar (com.google.android.gms:play-services-tasks:18.2.0) with AarTransform
[        ] Transforming play-services-basement-18.4.0.aar (com.google.android.gms:play-services-basement:18.4.0) with JetifyTransform
[        ] Transforming play-services-basement-18.4.0.aar (com.google.android.gms:play-services-basement:18.4.0) with ExtractAarTransform
[        ] Transforming play-services-basement-18.4.0.aar (com.google.android.gms:play-services-basement:18.4.0) with AarTransform
[        ] Transforming preference-1.2.1.aar (androidx.preference:preference:1.2.1) with JetifyTransform
[        ] Transforming preference-1.2.1.aar (androidx.preference:preference:1.2.1) with ExtractAarTransform
[        ] Transforming preference-1.2.1.aar (androidx.preference:preference:1.2.1) with AarTransform
[        ] Transforming fragment-ktx-1.7.1.aar (androidx.fragment:fragment-ktx:1.7.1) with JetifyTransform
[        ] Transforming fragment-ktx-1.7.1.aar (androidx.fragment:fragment-ktx:1.7.1) with ExtractAarTransform
[        ] Transforming fragment-ktx-1.7.1.aar (androidx.fragment:fragment-ktx:1.7.1) with AarTransform
[        ] Transforming appcompat-resources-1.6.1.aar (androidx.appcompat:appcompat-resources:1.6.1) with JetifyTransform
[        ] Transforming appcompat-resources-1.6.1.aar (androidx.appcompat:appcompat-resources:1.6.1) with ExtractAarTransform
[        ] Transforming appcompat-resources-1.6.1.aar (androidx.appcompat:appcompat-resources:1.6.1) with AarTransform
[        ] Transforming appcompat-1.6.1.aar (androidx.appcompat:appcompat:1.6.1) with JetifyTransform
[        ] Transforming appcompat-1.6.1.aar (androidx.appcompat:appcompat:1.6.1) with ExtractAarTransform
[        ] Transforming appcompat-1.6.1.aar (androidx.appcompat:appcompat:1.6.1) with AarTransform
[        ] Transforming appcompat-1.6.1.aar (androidx.appcompat:appcompat:1.6.1) with JetifyTransform
[        ] Transforming appcompat-1.6.1.aar (androidx.appcompat:appcompat:1.6.1) with ExtractAarTransform
[        ] Transforming appcompat-1.6.1.aar (androidx.appcompat:appcompat:1.6.1) with AarTransform
[   +2 ms] Transforming fragment-1.7.1.aar (androidx.fragment:fragment:1.7.1) with JetifyTransform
[        ] Transforming fragment-1.7.1.aar (androidx.fragment:fragment:1.7.1) with ExtractAarTransform
[        ] Transforming fragment-1.7.1.aar (androidx.fragment:fragment:1.7.1) with AarTransform
[        ] Transforming fragment-1.7.1.aar (androidx.fragment:fragment:1.7.1) with JetifyTransform
[        ] Transforming fragment-1.7.1.aar (androidx.fragment:fragment:1.7.1) with ExtractAarTransform
[        ] Transforming fragment-1.7.1.aar (androidx.fragment:fragment:1.7.1) with AarTransform
[   +4 ms] Transforming activity-ktx-1.9.3.aar (androidx.activity:activity-ktx:1.9.3) with JetifyTransform
[        ] Transforming activity-ktx-1.9.3.aar (androidx.activity:activity-ktx:1.9.3) with ExtractAarTransform
[        ] Transforming activity-ktx-1.9.3.aar (androidx.activity:activity-ktx:1.9.3) with AarTransform
[        ] Transforming activity-1.9.3.aar (androidx.activity:activity:1.9.3) with JetifyTransform
[        ] Transforming activity-1.9.3.aar (androidx.activity:activity:1.9.3) with ExtractAarTransform
[   +1 ms] Transforming activity-1.9.3.aar (androidx.activity:activity:1.9.3) with AarTransform
[        ] Transforming camera-core-1.4.2.aar (androidx.camera:camera-core:1.4.2) with JetifyTransform
[        ] Transforming camera-core-1.4.2.aar (androidx.camera:camera-core:1.4.2) with ExtractAarTransform
[        ] Transforming camera-core-1.4.2.aar (androidx.camera:camera-core:1.4.2) with AarTransform
[        ] Transforming camera-camera2-1.4.2.aar (androidx.camera:camera-camera2:1.4.2) with JetifyTransform
[        ] Transforming camera-camera2-1.4.2.aar (androidx.camera:camera-camera2:1.4.2) with ExtractAarTransform
[        ] Transforming camera-camera2-1.4.2.aar (androidx.camera:camera-camera2:1.4.2) with AarTransform
[        ] Transforming camera-lifecycle-1.4.2.aar (androidx.camera:camera-lifecycle:1.4.2) with JetifyTransform
[        ] Transforming camera-lifecycle-1.4.2.aar (androidx.camera:camera-lifecycle:1.4.2) with ExtractAarTransform
[        ] Transforming camera-lifecycle-1.4.2.aar (androidx.camera:camera-lifecycle:1.4.2) with AarTransform
[        ] Transforming browser-1.8.0.aar (androidx.browser:browser:1.8.0) with JetifyTransform
[        ] Transforming browser-1.8.0.aar (androidx.browser:browser:1.8.0) with ExtractAarTransform
[        ] Transforming browser-1.8.0.aar (androidx.browser:browser:1.8.0) with AarTransform
[        ] Transforming recyclerview-1.0.0.aar (androidx.recyclerview:recyclerview:1.0.0) with JetifyTransform
[        ] Transforming recyclerview-1.0.0.aar (androidx.recyclerview:recyclerview:1.0.0) with ExtractAarTransform
[        ] Transforming recyclerview-1.0.0.aar (androidx.recyclerview:recyclerview:1.0.0) with AarTransform
[        ] Transforming legacy-support-core-ui-1.0.0.aar (androidx.legacy:legacy-support-core-ui:1.0.0) with JetifyTransform
[        ] Transforming legacy-support-core-ui-1.0.0.aar (androidx.legacy:legacy-support-core-ui:1.0.0) with ExtractAarTransform
[        ] Transforming legacy-support-core-ui-1.0.0.aar (androidx.legacy:legacy-support-core-ui:1.0.0) with AarTransform
[        ] Transforming slidingpanelayout-1.2.0.aar (androidx.slidingpanelayout:slidingpanelayout:1.2.0) with JetifyTransform
[        ] Transforming slidingpanelayout-1.2.0.aar (androidx.slidingpanelayout:slidingpanelayout:1.2.0) with ExtractAarTransform
[        ] Transforming slidingpanelayout-1.2.0.aar (androidx.slidingpanelayout:slidingpanelayout:1.2.0) with AarTransform
[        ] Transforming slidingpanelayout-1.2.0.aar (androidx.slidingpanelayout:slidingpanelayout:1.2.0) with JetifyTransform
[        ] Transforming slidingpanelayout-1.2.0.aar (androidx.slidingpanelayout:slidingpanelayout:1.2.0) with ExtractAarTransform
[        ] Transforming slidingpanelayout-1.2.0.aar (androidx.slidingpanelayout:slidingpanelayout:1.2.0) with AarTransform
[        ] Transforming window-1.2.0.aar (androidx.window:window:1.2.0) with JetifyTransform
[        ] Transforming window-1.2.0.aar (androidx.window:window:1.2.0) with ExtractAarTransform
[        ] Transforming window-1.2.0.aar (androidx.window:window:1.2.0) with AarTransform
[        ] Transforming window-java-1.2.0.aar (androidx.window:window-java:1.2.0) with JetifyTransform
[        ] Transforming window-java-1.2.0.aar (androidx.window:window-java:1.2.0) with ExtractAarTransform
[        ] Transforming window-java-1.2.0.aar (androidx.window:window-java:1.2.0) with AarTransform
[        ] Transforming legacy-support-core-utils-1.0.0.aar (androidx.legacy:legacy-support-core-utils:1.0.0) with JetifyTransform
[        ] Transforming legacy-support-core-utils-1.0.0.aar (androidx.legacy:legacy-support-core-utils:1.0.0) with ExtractAarTransform
[        ] Transforming legacy-support-core-utils-1.0.0.aar (androidx.legacy:legacy-support-core-utils:1.0.0) with AarTransform
[        ] Transforming loader-1.0.0.aar (androidx.loader:loader:1.0.0) with JetifyTransform
[        ] Transforming loader-1.0.0.aar (androidx.loader:loader:1.0.0) with ExtractAarTransform
[        ] Transforming loader-1.0.0.aar (androidx.loader:loader:1.0.0) with AarTransform
[        ] Transforming loader-1.0.0.aar (androidx.loader:loader:1.0.0) with JetifyTransform
[        ] Transforming loader-1.0.0.aar (androidx.loader:loader:1.0.0) with ExtractAarTransform
[        ] Transforming loader-1.0.0.aar (androidx.loader:loader:1.0.0) with AarTransform
[        ] Transforming lifecycle-livedata-core-ktx-2.7.0.aar (androidx.lifecycle:lifecycle-livedata-core-ktx:2.7.0) with JetifyTransform
[        ] Transforming lifecycle-livedata-core-ktx-2.7.0.aar (androidx.lifecycle:lifecycle-livedata-core-ktx:2.7.0) with ExtractAarTransform
[        ] Transforming lifecycle-livedata-core-ktx-2.7.0.aar (androidx.lifecycle:lifecycle-livedata-core-ktx:2.7.0) with AarTransform
[        ] Transforming lifecycle-viewmodel-ktx-2.7.0.aar (androidx.lifecycle:lifecycle-viewmodel-ktx:2.7.0) with JetifyTransform
[        ] Transforming lifecycle-viewmodel-ktx-2.7.0.aar (androidx.lifecycle:lifecycle-viewmodel-ktx:2.7.0) with ExtractAarTransform
[        ] Transforming lifecycle-viewmodel-ktx-2.7.0.aar (androidx.lifecycle:lifecycle-viewmodel-ktx:2.7.0) with AarTransform
[        ] Transforming lifecycle-runtime-ktx-2.7.0.aar (androidx.lifecycle:lifecycle-runtime-ktx:2.7.0) with JetifyTransform
[        ] Transforming lifecycle-runtime-ktx-2.7.0.aar (androidx.lifecycle:lifecycle-runtime-ktx:2.7.0) with ExtractAarTransform
[        ] Transforming lifecycle-runtime-ktx-2.7.0.aar (androidx.lifecycle:lifecycle-runtime-ktx:2.7.0) with AarTransform
[        ] Transforming lifecycle-livedata-2.7.0.aar (androidx.lifecycle:lifecycle-livedata:2.7.0) with JetifyTransform
[        ] Transforming lifecycle-livedata-2.7.0.aar (androidx.lifecycle:lifecycle-livedata:2.7.0) with ExtractAarTransform
[        ] Transforming lifecycle-livedata-2.7.0.aar (androidx.lifecycle:lifecycle-livedata:2.7.0) with AarTransform
[        ] Transforming lifecycle-livedata-2.7.0.aar (androidx.lifecycle:lifecycle-livedata:2.7.0) with JetifyTransform
[        ] Transforming lifecycle-livedata-2.7.0.aar (androidx.lifecycle:lifecycle-livedata:2.7.0) with ExtractAarTransform
[        ] Transforming lifecycle-livedata-2.7.0.aar (androidx.lifecycle:lifecycle-livedata:2.7.0) with AarTransform
[        ] Transforming lifecycle-livedata-core-2.7.0.aar (androidx.lifecycle:lifecycle-livedata-core:2.7.0) with JetifyTransform
[        ] Transforming lifecycle-livedata-core-2.7.0.aar (androidx.lifecycle:lifecycle-livedata-core:2.7.0) with ExtractAarTransform
[        ] Transforming lifecycle-livedata-core-2.7.0.aar (androidx.lifecycle:lifecycle-livedata-core:2.7.0) with AarTransform
[        ] Transforming lifecycle-viewmodel-2.7.0.aar (androidx.lifecycle:lifecycle-viewmodel:2.7.0) with JetifyTransform
[        ] Transforming lifecycle-viewmodel-2.7.0.aar (androidx.lifecycle:lifecycle-viewmodel:2.7.0) with ExtractAarTransform
[        ] Transforming lifecycle-viewmodel-2.7.0.aar (androidx.lifecycle:lifecycle-viewmodel:2.7.0) with AarTransform
[        ] Transforming lifecycle-viewmodel-2.7.0.aar (androidx.lifecycle:lifecycle-viewmodel:2.7.0) with JetifyTransform
[        ] Transforming lifecycle-viewmodel-2.7.0.aar (androidx.lifecycle:lifecycle-viewmodel:2.7.0) with ExtractAarTransform
[        ] Transforming lifecycle-viewmodel-2.7.0.aar (androidx.lifecycle:lifecycle-viewmodel:2.7.0) with AarTransform
[        ] Transforming emoji2-views-helper-1.2.0.aar (androidx.emoji2:emoji2-views-helper:1.2.0) with JetifyTransform
[        ] Transforming emoji2-views-helper-1.2.0.aar (androidx.emoji2:emoji2-views-helper:1.2.0) with ExtractAarTransform
[        ] Transforming emoji2-views-helper-1.2.0.aar (androidx.emoji2:emoji2-views-helper:1.2.0) with AarTransform
[        ] Transforming emoji2-1.2.0.aar (androidx.emoji2:emoji2:1.2.0) with JetifyTransform
[        ] Transforming emoji2-1.2.0.aar (androidx.emoji2:emoji2:1.2.0) with ExtractAarTransform
[        ] Transforming emoji2-1.2.0.aar (androidx.emoji2:emoji2:1.2.0) with AarTransform
[        ] Transforming lifecycle-process-2.7.0.aar (androidx.lifecycle:lifecycle-process:2.7.0) with JetifyTransform
[        ] Transforming lifecycle-process-2.7.0.aar (androidx.lifecycle:lifecycle-process:2.7.0) with ExtractAarTransform
[        ] Transforming lifecycle-process-2.7.0.aar (androidx.lifecycle:lifecycle-process:2.7.0) with AarTransform
[        ] Transforming savedstate-ktx-1.2.1.aar (androidx.savedstate:savedstate-ktx:1.2.1) with JetifyTransform
[        ] Transforming savedstate-ktx-1.2.1.aar (androidx.savedstate:savedstate-ktx:1.2.1) with ExtractAarTransform
[        ] Transforming savedstate-ktx-1.2.1.aar (androidx.savedstate:savedstate-ktx:1.2.1) with AarTransform
[        ] Transforming savedstate-1.2.1.aar (androidx.savedstate:savedstate:1.2.1) with JetifyTransform
[        ] Transforming savedstate-1.2.1.aar (androidx.savedstate:savedstate:1.2.1) with ExtractAarTransform
[        ] Transforming savedstate-1.2.1.aar (androidx.savedstate:savedstate:1.2.1) with AarTransform
[        ] Transforming lifecycle-runtime-2.7.0.aar (androidx.lifecycle:lifecycle-runtime:2.7.0) with JetifyTransform
[        ] Transforming lifecycle-runtime-2.7.0.aar (androidx.lifecycle:lifecycle-runtime:2.7.0) with ExtractAarTransform
[        ] Transforming lifecycle-runtime-2.7.0.aar (androidx.lifecycle:lifecycle-runtime:2.7.0) with AarTransform
[        ] Transforming lifecycle-viewmodel-savedstate-2.7.0.aar (androidx.lifecycle:lifecycle-viewmodel-savedstate:2.7.0) with JetifyTransform
[        ] Transforming lifecycle-viewmodel-savedstate-2.7.0.aar (androidx.lifecycle:lifecycle-viewmodel-savedstate:2.7.0) with ExtractAarTransform
[        ] Transforming lifecycle-viewmodel-savedstate-2.7.0.aar (androidx.lifecycle:lifecycle-viewmodel-savedstate:2.7.0) with AarTransform
[        ] Transforming core-ktx-1.13.1.aar (androidx.core:core-ktx:1.13.1) with JetifyTransform
[        ] Transforming core-ktx-1.13.1.aar (androidx.core:core-ktx:1.13.1) with ExtractAarTransform
[        ] Transforming core-ktx-1.13.1.aar (androidx.core:core-ktx:1.13.1) with AarTransform
[        ] Transforming viewpager-1.0.0.aar (androidx.viewpager:viewpager:1.0.0) with JetifyTransform
[        ] Transforming viewpager-1.0.0.aar (androidx.viewpager:viewpager:1.0.0) with ExtractAarTransform
[        ] Transforming viewpager-1.0.0.aar (androidx.viewpager:viewpager:1.0.0) with AarTransform
[        ] Transforming viewpager-1.0.0.aar (androidx.viewpager:viewpager:1.0.0) with JetifyTransform
[        ] Transforming viewpager-1.0.0.aar (androidx.viewpager:viewpager:1.0.0) with ExtractAarTransform
[        ] Transforming viewpager-1.0.0.aar (androidx.viewpager:viewpager:1.0.0) with AarTransform
[        ] Transforming drawerlayout-1.0.0.aar (androidx.drawerlayout:drawerlayout:1.0.0) with JetifyTransform
[        ] Transforming drawerlayout-1.0.0.aar (androidx.drawerlayout:drawerlayout:1.0.0) with ExtractAarTransform
[        ] Transforming drawerlayout-1.0.0.aar (androidx.drawerlayout:drawerlayout:1.0.0) with AarTransform
[        ] Transforming drawerlayout-1.0.0.aar (androidx.drawerlayout:drawerlayout:1.0.0) with JetifyTransform
[        ] Transforming drawerlayout-1.0.0.aar (androidx.drawerlayout:drawerlayout:1.0.0) with ExtractAarTransform
[        ] Transforming drawerlayout-1.0.0.aar (androidx.drawerlayout:drawerlayout:1.0.0) with AarTransform
[        ] Transforming coordinatorlayout-1.0.0.aar (androidx.coordinatorlayout:coordinatorlayout:1.0.0) with JetifyTransform
[        ] Transforming coordinatorlayout-1.0.0.aar (androidx.coordinatorlayout:coordinatorlayout:1.0.0) with ExtractAarTransform
[        ] Transforming coordinatorlayout-1.0.0.aar (androidx.coordinatorlayout:coordinatorlayout:1.0.0) with AarTransform
[        ] Transforming customview-1.1.0.aar (androidx.customview:customview:1.1.0) with JetifyTransform
[        ] Transforming customview-1.1.0.aar (androidx.customview:customview:1.1.0) with ExtractAarTransform
[        ] Transforming customview-1.1.0.aar (androidx.customview:customview:1.1.0) with AarTransform
[        ] Transforming customview-1.1.0.aar (androidx.customview:customview:1.1.0) with JetifyTransform
[        ] Transforming customview-1.1.0.aar (androidx.customview:customview:1.1.0) with ExtractAarTransform
[        ] Transforming customview-1.1.0.aar (androidx.customview:customview:1.1.0) with AarTransform
[        ] Transforming transition-1.4.1.aar (androidx.transition:transition:1.4.1) with JetifyTransform
[        ] Transforming transition-1.4.1.aar (androidx.transition:transition:1.4.1) with ExtractAarTransform
[        ] Transforming transition-1.4.1.aar (androidx.transition:transition:1.4.1) with AarTransform
[        ] Transforming swiperefreshlayout-1.0.0.aar (androidx.swiperefreshlayout:swiperefreshlayout:1.0.0) with JetifyTransform
[        ] Transforming swiperefreshlayout-1.0.0.aar (androidx.swiperefreshlayout:swiperefreshlayout:1.0.0) with ExtractAarTransform
[        ] Transforming swiperefreshlayout-1.0.0.aar (androidx.swiperefreshlayout:swiperefreshlayout:1.0.0) with AarTransform
[        ] Transforming asynclayoutinflater-1.0.0.aar (androidx.asynclayoutinflater:asynclayoutinflater:1.0.0) with JetifyTransform
[        ] Transforming asynclayoutinflater-1.0.0.aar (androidx.asynclayoutinflater:asynclayoutinflater:1.0.0) with ExtractAarTransform
[        ] Transforming asynclayoutinflater-1.0.0.aar (androidx.asynclayoutinflater:asynclayoutinflater:1.0.0) with AarTransform
[        ] Transforming vectordrawable-animated-1.1.0.aar (androidx.vectordrawable:vectordrawable-animated:1.1.0) with JetifyTransform
[        ] Transforming vectordrawable-animated-1.1.0.aar (androidx.vectordrawable:vectordrawable-animated:1.1.0) with ExtractAarTransform
[        ] Transforming vectordrawable-animated-1.1.0.aar (androidx.vectordrawable:vectordrawable-animated:1.1.0) with AarTransform
[        ] Transforming vectordrawable-1.1.0.aar (androidx.vectordrawable:vectordrawable:1.1.0) with JetifyTransform
[        ] Transforming vectordrawable-1.1.0.aar (androidx.vectordrawable:vectordrawable:1.1.0) with ExtractAarTransform
[        ] Transforming vectordrawable-1.1.0.aar (androidx.vectordrawable:vectordrawable:1.1.0) with AarTransform
[        ] Transforming vectordrawable-1.1.0.aar (androidx.vectordrawable:vectordrawable:1.1.0) with JetifyTransform
[        ] Transforming vectordrawable-1.1.0.aar (androidx.vectordrawable:vectordrawable:1.1.0) with ExtractAarTransform
[        ] Transforming vectordrawable-1.1.0.aar (androidx.vectordrawable:vectordrawable:1.1.0) with AarTransform
[        ] Transforming core-1.13.1.aar (androidx.core:core:1.13.1) with JetifyTransform
[        ] Transforming core-1.13.1.aar (androidx.core:core:1.13.1) with ExtractAarTransform
[        ] Transforming core-1.13.1.aar (androidx.core:core:1.13.1) with AarTransform
[        ] Transforming core-1.13.1.aar (androidx.core:core:1.13.1) with JetifyTransform
[        ] Transforming core-1.13.1.aar (androidx.core:core:1.13.1) with ExtractAarTransform
[        ] Transforming core-1.13.1.aar (androidx.core:core:1.13.1) with AarTransform
[        ] Transforming exifinterface-1.3.7.aar (androidx.exifinterface:exifinterface:1.3.7) with JetifyTransform
[        ] Transforming exifinterface-1.3.7.aar (androidx.exifinterface:exifinterface:1.3.7) with ExtractAarTransform
[        ] Transforming exifinterface-1.3.7.aar (androidx.exifinterface:exifinterface:1.3.7) with AarTransform
[        ] Transforming exifinterface-1.3.7.aar (androidx.exifinterface:exifinterface:1.3.7) with JetifyTransform
[        ] Transforming exifinterface-1.3.7.aar (androidx.exifinterface:exifinterface:1.3.7) with ExtractAarTransform
[        ] Transforming exifinterface-1.3.7.aar (androidx.exifinterface:exifinterface:1.3.7) with AarTransform
[        ] Transforming tracing-ktx-1.2.0.aar (androidx.tracing:tracing-ktx:1.2.0) with JetifyTransform
[        ] Transforming tracing-ktx-1.2.0.aar (androidx.tracing:tracing-ktx:1.2.0) with ExtractAarTransform
[        ] Transforming tracing-ktx-1.2.0.aar (androidx.tracing:tracing-ktx:1.2.0) with AarTransform
[        ] Transforming profileinstaller-1.3.1.aar (androidx.profileinstaller:profileinstaller:1.3.1) with JetifyTransform
[        ] Transforming profileinstaller-1.3.1.aar (androidx.profileinstaller:profileinstaller:1.3.1) with ExtractAarTransform
[        ] Transforming profileinstaller-1.3.1.aar (androidx.profileinstaller:profileinstaller:1.3.1) with AarTransform
[        ] Transforming startup-runtime-1.1.1.aar (androidx.startup:startup-runtime:1.1.1) with JetifyTransform
[        ] Transforming startup-runtime-1.1.1.aar (androidx.startup:startup-runtime:1.1.1) with ExtractAarTransform
[        ] Transforming startup-runtime-1.1.1.aar (androidx.startup:startup-runtime:1.1.1) with AarTransform
[        ] Transforming tracing-1.2.0.aar (androidx.tracing:tracing:1.2.0) with JetifyTransform
[        ] Transforming tracing-1.2.0.aar (androidx.tracing:tracing:1.2.0) with ExtractAarTransform
[        ] Transforming tracing-1.2.0.aar (androidx.tracing:tracing:1.2.0) with AarTransform
[        ] Transforming interpolator-1.0.0.aar (androidx.interpolator:interpolator:1.0.0) with JetifyTransform
[        ] Transforming interpolator-1.0.0.aar (androidx.interpolator:interpolator:1.0.0) with ExtractAarTransform
[        ] Transforming interpolator-1.0.0.aar (androidx.interpolator:interpolator:1.0.0) with AarTransform
[        ] Transforming interpolator-1.0.0.aar (androidx.interpolator:interpolator:1.0.0) with JetifyTransform
[        ] Transforming interpolator-1.0.0.aar (androidx.interpolator:interpolator:1.0.0) with ExtractAarTransform
[        ] Transforming interpolator-1.0.0.aar (androidx.interpolator:interpolator:1.0.0) with AarTransform
[        ] Transforming versionedparcelable-1.1.1.aar (androidx.versionedparcelable:versionedparcelable:1.1.1) with JetifyTransform
[        ] Transforming versionedparcelable-1.1.1.aar (androidx.versionedparcelable:versionedparcelable:1.1.1) with ExtractAarTransform
[        ] Transforming versionedparcelable-1.1.1.aar (androidx.versionedparcelable:versionedparcelable:1.1.1) with AarTransform
[   +2 ms] Transforming datastore-core-release.aar (androidx.datastore:datastore-core-android:1.1.3) with JetifyTransform
[        ] Transforming datastore-core-release.aar (androidx.datastore:datastore-core-android:1.1.3) with ExtractAarTransform
[        ] Transforming datastore-core-release.aar (androidx.datastore:datastore-core-android:1.1.3) with AarTransform
[        ] Transforming datastore-preferences-release.aar (androidx.datastore:datastore-preferences-android:1.1.3) with JetifyTransform
[        ] Transforming datastore-preferences-release.aar (androidx.datastore:datastore-preferences-android:1.1.3) with ExtractAarTransform
[        ] Transforming datastore-preferences-release.aar (androidx.datastore:datastore-preferences-android:1.1.3) with AarTransform
[        ] Transforming datastore-release.aar (androidx.datastore:datastore-android:1.1.3) with JetifyTransform
[        ] Transforming datastore-release.aar (androidx.datastore:datastore-android:1.1.3) with ExtractAarTransform
[        ] Transforming datastore-release.aar (androidx.datastore:datastore-android:1.1.3) with AarTransform
[        ] Transforming core-runtime-2.2.0.aar (androidx.arch.core:core-runtime:2.2.0) with JetifyTransform
[        ] Transforming core-runtime-2.2.0.aar (androidx.arch.core:core-runtime:2.2.0) with ExtractAarTransform
[        ] Transforming core-runtime-2.2.0.aar (androidx.arch.core:core-runtime:2.2.0) with AarTransform
[        ] Transforming transport-backend-cct-2.3.3.aar (com.google.android.datatransport:transport-backend-cct:2.3.3) with JetifyTransform
[        ] Transforming transport-backend-cct-2.3.3.aar (com.google.android.datatransport:transport-backend-cct:2.3.3) with ExtractAarTransform
[        ] Transforming transport-backend-cct-2.3.3.aar (com.google.android.datatransport:transport-backend-cct:2.3.3) with AarTransform
[        ] Transforming transport-runtime-2.2.6.aar (com.google.android.datatransport:transport-runtime:2.2.6) with JetifyTransform
[        ] Transforming transport-runtime-2.2.6.aar (com.google.android.datatransport:transport-runtime:2.2.6) with ExtractAarTransform
[        ] Transforming transport-runtime-2.2.6.aar (com.google.android.datatransport:transport-runtime:2.2.6) with AarTransform
[        ] Transforming transport-api-2.2.1.aar (com.google.android.datatransport:transport-api:2.2.1) with JetifyTransform
[        ] Transforming transport-api-2.2.1.aar (com.google.android.datatransport:transport-api:2.2.1) with ExtractAarTransform
[        ] Transforming transport-api-2.2.1.aar (com.google.android.datatransport:transport-api:2.2.1) with AarTransform
[        ] Transforming firebase-components-16.1.0.aar (com.google.firebase:firebase-components:16.1.0) with JetifyTransform
[        ] Transforming firebase-components-16.1.0.aar (com.google.firebase:firebase-components:16.1.0) with ExtractAarTransform
[        ] Transforming firebase-components-16.1.0.aar (com.google.firebase:firebase-components:16.1.0) with AarTransform
[        ] Transforming firebase-encoders-json-17.1.0.aar (com.google.firebase:firebase-encoders-json:17.1.0) with JetifyTransform
[   +1 ms] Transforming firebase-encoders-json-17.1.0.aar (com.google.firebase:firebase-encoders-json:17.1.0) with ExtractAarTransform
[        ] Transforming firebase-encoders-json-17.1.0.aar (com.google.firebase:firebase-encoders-json:17.1.0) with AarTransform
[        ] Transforming core-1.0.0.aar (androidx.window.extensions.core:core:1.0.0) with JetifyTransform
[        ] Transforming core-1.0.0.aar (androidx.window.extensions.core:core:1.0.0) with ExtractAarTransform
[        ] Transforming core-1.0.0.aar (androidx.window.extensions.core:core:1.0.0) with AarTransform
[        ] Transforming cursoradapter-1.0.0.aar (androidx.cursoradapter:cursoradapter:1.0.0) with JetifyTransform
[        ] Transforming cursoradapter-1.0.0.aar (androidx.cursoradapter:cursoradapter:1.0.0) with ExtractAarTransform
[        ] Transforming cursoradapter-1.0.0.aar (androidx.cursoradapter:cursoradapter:1.0.0) with AarTransform
[        ] Transforming cursoradapter-1.0.0.aar (androidx.cursoradapter:cursoradapter:1.0.0) with JetifyTransform
[        ] Transforming cursoradapter-1.0.0.aar (androidx.cursoradapter:cursoradapter:1.0.0) with ExtractAarTransform
[        ] Transforming cursoradapter-1.0.0.aar (androidx.cursoradapter:cursoradapter:1.0.0) with AarTransform
[        ] Transforming documentfile-1.0.0.aar (androidx.documentfile:documentfile:1.0.0) with JetifyTransform
[        ] Transforming documentfile-1.0.0.aar (androidx.documentfile:documentfile:1.0.0) with ExtractAarTransform
[        ] Transforming documentfile-1.0.0.aar (androidx.documentfile:documentfile:1.0.0) with AarTransform
[        ] Transforming localbroadcastmanager-1.0.0.aar (androidx.localbroadcastmanager:localbroadcastmanager:1.0.0) with JetifyTransform
[        ] Transforming localbroadcastmanager-1.0.0.aar (androidx.localbroadcastmanager:localbroadcastmanager:1.0.0) with ExtractAarTransform
[        ] Transforming localbroadcastmanager-1.0.0.aar (androidx.localbroadcastmanager:localbroadcastmanager:1.0.0) with AarTransform
[        ] Transforming print-1.0.0.aar (androidx.print:print:1.0.0) with JetifyTransform
[        ] Transforming print-1.0.0.aar (androidx.print:print:1.0.0) with ExtractAarTransform
[        ] Transforming print-1.0.0.aar (androidx.print:print:1.0.0) with AarTransform
[        ] Transforming annotation-experimental-1.4.1.aar (androidx.annotation:annotation-experimental:1.4.1) with JetifyTransform
[        ] Transforming annotation-experimental-1.4.1.aar (androidx.annotation:annotation-experimental:1.4.1) with ExtractAarTransform
[        ] Transforming annotation-experimental-1.4.1.aar (androidx.annotation:annotation-experimental:1.4.1) with AarTransform
[        ] Transforming relinker-1.4.5.aar (com.getkeepsafe.relinker:relinker:1.4.5) with JetifyTransform
[        ] Transforming relinker-1.4.5.aar (com.getkeepsafe.relinker:relinker:1.4.5) with ExtractAarTransform
[        ] Transforming relinker-1.4.5.aar (com.getkeepsafe.relinker:relinker:1.4.5) with AarTransform
[        ] Transforming image-1.0.0-beta1.aar (com.google.android.odml:image:1.0.0-beta1) with JetifyTransform
[        ] Transforming image-1.0.0-beta1.aar (com.google.android.odml:image:1.0.0-beta1) with ExtractAarTransform
[        ] Transforming image-1.0.0-beta1.aar (com.google.android.odml:image:1.0.0-beta1) with AarTransform
[        ] Caching disabled for task ':app:processReleaseMainManifest' because:
[        ]   Build cache is disabled
[        ] Skipping task ':app:processReleaseMainManifest' as it is up-to-date.
[        ] Resolve mutations for :app:processReleaseManifest (Thread[#898,Execution worker Thread 9,5,main]) started.
[        ] :app:processReleaseManifest (Thread[#898,Execution worker Thread 9,5,main]) started.
[        ] > Task :app:processReleaseManifest UP-TO-DATE
[        ] Caching disabled for task ':app:processReleaseManifest' because:
[        ]   Build cache is disabled
[        ] Skipping task ':app:processReleaseManifest' as it is up-to-date.
[        ] Resolve mutations for :app:processReleaseManifestForPackage (Thread[#898,Execution worker Thread 9,5,main]) started.
[        ] :app:processReleaseManifestForPackage (Thread[#898,Execution worker Thread 9,5,main]) started.
[        ] > Task :app:processReleaseManifestForPackage UP-TO-DATE
[        ] Custom actions are attached to task ':app:processReleaseManifestForPackage'.
[        ] Caching disabled for task ':app:processReleaseManifestForPackage' because:
[        ]   Build cache is disabled
[        ] Skipping task ':app:processReleaseManifestForPackage' as it is up-to-date.
[        ] Resolve mutations for :app:processReleaseResources (Thread[#898,Execution worker Thread 9,5,main]) started.
[        ] :app:processReleaseResources (Thread[#898,Execution worker Thread 9,5,main]) started.
[  +32 ms] > Task :app:processReleaseResources UP-TO-DATE
[        ] Transforming barcode-scanning-17.3.0.aar (com.google.mlkit:barcode-scanning:17.3.0) with JetifyTransform
[        ] Transforming barcode-scanning-17.3.0.aar (com.google.mlkit:barcode-scanning:17.3.0) with ExtractAarTransform
[        ] Transforming barcode-scanning-17.3.0.aar (com.google.mlkit:barcode-scanning:17.3.0) with LibrarySymbolTableTransform
[        ] Transforming play-services-mlkit-barcode-scanning-18.3.1.aar (com.google.android.gms:play-services-mlkit-barcode-scanning:18.3.1) with JetifyTransform
[        ] Transforming play-services-mlkit-barcode-scanning-18.3.1.aar (com.google.android.gms:play-services-mlkit-barcode-scanning:18.3.1) with ExtractAarTransform
[        ] Transforming play-services-mlkit-barcode-scanning-18.3.1.aar (com.google.android.gms:play-services-mlkit-barcode-scanning:18.3.1) with LibrarySymbolTableTransform
[        ] Transforming barcode-scanning-common-17.0.0.aar (com.google.mlkit:barcode-scanning-common:17.0.0) with JetifyTransform
[        ] Transforming barcode-scanning-common-17.0.0.aar (com.google.mlkit:barcode-scanning-common:17.0.0) with ExtractAarTransform
[        ] Transforming barcode-scanning-common-17.0.0.aar (com.google.mlkit:barcode-scanning-common:17.0.0) with LibrarySymbolTableTransform
[        ] Transforming vision-common-17.3.0.aar (com.google.mlkit:vision-common:17.3.0) with JetifyTransform
[        ] Transforming vision-common-17.3.0.aar (com.google.mlkit:vision-common:17.3.0) with ExtractAarTransform
[        ] Transforming vision-common-17.3.0.aar (com.google.mlkit:vision-common:17.3.0) with LibrarySymbolTableTransform
[        ] Transforming common-18.11.0.aar (com.google.mlkit:common:18.11.0) with JetifyTransform
[        ] Transforming common-18.11.0.aar (com.google.mlkit:common:18.11.0) with ExtractAarTransform
[        ] Transforming common-18.11.0.aar (com.google.mlkit:common:18.11.0) with LibrarySymbolTableTransform
[        ] Transforming play-services-base-18.5.0.aar (com.google.android.gms:play-services-base:18.5.0) with JetifyTransform
[        ] Transforming play-services-base-18.5.0.aar (com.google.android.gms:play-services-base:18.5.0) with ExtractAarTransform
[        ] Transforming play-services-base-18.5.0.aar (com.google.android.gms:play-services-base:18.5.0) with LibrarySymbolTableTransform
[        ] Transforming vision-interfaces-16.3.0.aar (com.google.mlkit:vision-interfaces:16.3.0) with JetifyTransform
[        ] Transforming vision-interfaces-16.3.0.aar (com.google.mlkit:vision-interfaces:16.3.0) with ExtractAarTransform
[        ] Transforming vision-interfaces-16.3.0.aar (com.google.mlkit:vision-interfaces:16.3.0) with LibrarySymbolTableTransform
[        ] Transforming play-services-tasks-18.2.0.aar (com.google.android.gms:play-services-tasks:18.2.0) with JetifyTransform
[        ] Transforming play-services-tasks-18.2.0.aar (com.google.android.gms:play-services-tasks:18.2.0) with ExtractAarTransform
[        ] Transforming play-services-tasks-18.2.0.aar (com.google.android.gms:play-services-tasks:18.2.0) with LibrarySymbolTableTransform
[        ] Transforming play-services-basement-18.4.0.aar (com.google.android.gms:play-services-basement:18.4.0) with JetifyTransform
[        ] Transforming play-services-basement-18.4.0.aar (com.google.android.gms:play-services-basement:18.4.0) with ExtractAarTransform
[        ] Transforming play-services-basement-18.4.0.aar (com.google.android.gms:play-services-basement:18.4.0) with LibrarySymbolTableTransform
[        ] Transforming preference-1.2.1.aar (androidx.preference:preference:1.2.1) with JetifyTransform
[        ] Transforming preference-1.2.1.aar (androidx.preference:preference:1.2.1) with ExtractAarTransform
[        ] Transforming preference-1.2.1.aar (androidx.preference:preference:1.2.1) with LibrarySymbolTableTransform
[        ] Transforming fragment-ktx-1.7.1.aar (androidx.fragment:fragment-ktx:1.7.1) with JetifyTransform
[        ] Transforming fragment-ktx-1.7.1.aar (androidx.fragment:fragment-ktx:1.7.1) with ExtractAarTransform
[        ] Transforming fragment-ktx-1.7.1.aar (androidx.fragment:fragment-ktx:1.7.1) with LibrarySymbolTableTransform
[        ] Transforming appcompat-resources-1.6.1.aar (androidx.appcompat:appcompat-resources:1.6.1) with JetifyTransform
[        ] Transforming appcompat-resources-1.6.1.aar (androidx.appcompat:appcompat-resources:1.6.1) with ExtractAarTransform
[        ] Transforming appcompat-resources-1.6.1.aar (androidx.appcompat:appcompat-resources:1.6.1) with LibrarySymbolTableTransform
[        ] Transforming appcompat-1.6.1.aar (androidx.appcompat:appcompat:1.6.1) with JetifyTransform
[        ] Transforming appcompat-1.6.1.aar (androidx.appcompat:appcompat:1.6.1) with ExtractAarTransform
[        ] Transforming appcompat-1.6.1.aar (androidx.appcompat:appcompat:1.6.1) with LibrarySymbolTableTransform
[        ] Transforming appcompat-1.6.1.aar (androidx.appcompat:appcompat:1.6.1) with JetifyTransform
[        ] Transforming appcompat-1.6.1.aar (androidx.appcompat:appcompat:1.6.1) with ExtractAarTransform
[        ] Transforming appcompat-1.6.1.aar (androidx.appcompat:appcompat:1.6.1) with LibrarySymbolTableTransform
[        ] Transforming fragment-1.7.1.aar (androidx.fragment:fragment:1.7.1) with JetifyTransform
[        ] Transforming fragment-1.7.1.aar (androidx.fragment:fragment:1.7.1) with ExtractAarTransform
[        ] Transforming fragment-1.7.1.aar (androidx.fragment:fragment:1.7.1) with LibrarySymbolTableTransform
[        ] Transforming fragment-1.7.1.aar (androidx.fragment:fragment:1.7.1) with JetifyTransform
[        ] Transforming fragment-1.7.1.aar (androidx.fragment:fragment:1.7.1) with ExtractAarTransform
[        ] Transforming fragment-1.7.1.aar (androidx.fragment:fragment:1.7.1) with LibrarySymbolTableTransform
[        ] Transforming activity-ktx-1.9.3.aar (androidx.activity:activity-ktx:1.9.3) with JetifyTransform
[        ] Transforming activity-ktx-1.9.3.aar (androidx.activity:activity-ktx:1.9.3) with ExtractAarTransform
[        ] Transforming activity-ktx-1.9.3.aar (androidx.activity:activity-ktx:1.9.3) with LibrarySymbolTableTransform
[        ] Transforming activity-1.9.3.aar (androidx.activity:activity:1.9.3) with JetifyTransform
[        ] Transforming activity-1.9.3.aar (androidx.activity:activity:1.9.3) with ExtractAarTransform
[        ] Transforming activity-1.9.3.aar (androidx.activity:activity:1.9.3) with LibrarySymbolTableTransform
[        ] Transforming camera-core-1.4.2.aar (androidx.camera:camera-core:1.4.2) with JetifyTransform
[        ] Transforming camera-core-1.4.2.aar (androidx.camera:camera-core:1.4.2) with ExtractAarTransform
[        ] Transforming camera-core-1.4.2.aar (androidx.camera:camera-core:1.4.2) with LibrarySymbolTableTransform
[        ] Transforming camera-camera2-1.4.2.aar (androidx.camera:camera-camera2:1.4.2) with JetifyTransform
[        ] Transforming camera-camera2-1.4.2.aar (androidx.camera:camera-camera2:1.4.2) with ExtractAarTransform
[        ] Transforming camera-camera2-1.4.2.aar (androidx.camera:camera-camera2:1.4.2) with LibrarySymbolTableTransform
[        ] Transforming camera-lifecycle-1.4.2.aar (androidx.camera:camera-lifecycle:1.4.2) with JetifyTransform
[        ] Transforming camera-lifecycle-1.4.2.aar (androidx.camera:camera-lifecycle:1.4.2) with ExtractAarTransform
[        ] Transforming camera-lifecycle-1.4.2.aar (androidx.camera:camera-lifecycle:1.4.2) with LibrarySymbolTableTransform
[        ] Transforming browser-1.8.0.aar (androidx.browser:browser:1.8.0) with JetifyTransform
[        ] Transforming browser-1.8.0.aar (androidx.browser:browser:1.8.0) with ExtractAarTransform
[        ] Transforming browser-1.8.0.aar (androidx.browser:browser:1.8.0) with LibrarySymbolTableTransform
[        ] Transforming recyclerview-1.0.0.aar (androidx.recyclerview:recyclerview:1.0.0) with JetifyTransform
[        ] Transforming recyclerview-1.0.0.aar (androidx.recyclerview:recyclerview:1.0.0) with ExtractAarTransform
[        ] Transforming recyclerview-1.0.0.aar (androidx.recyclerview:recyclerview:1.0.0) with LibrarySymbolTableTransform
[        ] Transforming legacy-support-core-ui-1.0.0.aar (androidx.legacy:legacy-support-core-ui:1.0.0) with JetifyTransform
[        ] Transforming legacy-support-core-ui-1.0.0.aar (androidx.legacy:legacy-support-core-ui:1.0.0) with ExtractAarTransform
[        ] Transforming legacy-support-core-ui-1.0.0.aar (androidx.legacy:legacy-support-core-ui:1.0.0) with LibrarySymbolTableTransform
[        ] Transforming slidingpanelayout-1.2.0.aar (androidx.slidingpanelayout:slidingpanelayout:1.2.0) with JetifyTransform
[        ] Transforming slidingpanelayout-1.2.0.aar (androidx.slidingpanelayout:slidingpanelayout:1.2.0) with ExtractAarTransform
[        ] Transforming slidingpanelayout-1.2.0.aar (androidx.slidingpanelayout:slidingpanelayout:1.2.0) with LibrarySymbolTableTransform
[        ] Transforming slidingpanelayout-1.2.0.aar (androidx.slidingpanelayout:slidingpanelayout:1.2.0) with JetifyTransform
[        ] Transforming slidingpanelayout-1.2.0.aar (androidx.slidingpanelayout:slidingpanelayout:1.2.0) with ExtractAarTransform
[        ] Transforming slidingpanelayout-1.2.0.aar (androidx.slidingpanelayout:slidingpanelayout:1.2.0) with LibrarySymbolTableTransform
[        ] Transforming window-1.2.0.aar (androidx.window:window:1.2.0) with JetifyTransform
[        ] Transforming window-1.2.0.aar (androidx.window:window:1.2.0) with ExtractAarTransform
[        ] Transforming window-1.2.0.aar (androidx.window:window:1.2.0) with LibrarySymbolTableTransform
[        ] Transforming window-java-1.2.0.aar (androidx.window:window-java:1.2.0) with JetifyTransform
[        ] Transforming window-java-1.2.0.aar (androidx.window:window-java:1.2.0) with ExtractAarTransform
[        ] Transforming window-java-1.2.0.aar (androidx.window:window-java:1.2.0) with LibrarySymbolTableTransform
[        ] Transforming legacy-support-core-utils-1.0.0.aar (androidx.legacy:legacy-support-core-utils:1.0.0) with JetifyTransform
[        ] Transforming legacy-support-core-utils-1.0.0.aar (androidx.legacy:legacy-support-core-utils:1.0.0) with ExtractAarTransform
[        ] Transforming legacy-support-core-utils-1.0.0.aar (androidx.legacy:legacy-support-core-utils:1.0.0) with LibrarySymbolTableTransform
[        ] Transforming loader-1.0.0.aar (androidx.loader:loader:1.0.0) with JetifyTransform
[        ] Transforming loader-1.0.0.aar (androidx.loader:loader:1.0.0) with ExtractAarTransform
[        ] Transforming loader-1.0.0.aar (androidx.loader:loader:1.0.0) with LibrarySymbolTableTransform
[        ] Transforming loader-1.0.0.aar (androidx.loader:loader:1.0.0) with JetifyTransform
[        ] Transforming loader-1.0.0.aar (androidx.loader:loader:1.0.0) with ExtractAarTransform
[        ] Transforming loader-1.0.0.aar (androidx.loader:loader:1.0.0) with LibrarySymbolTableTransform
[        ] Transforming lifecycle-livedata-core-ktx-2.7.0.aar (androidx.lifecycle:lifecycle-livedata-core-ktx:2.7.0) with JetifyTransform
[        ] Transforming lifecycle-livedata-core-ktx-2.7.0.aar (androidx.lifecycle:lifecycle-livedata-core-ktx:2.7.0) with ExtractAarTransform
[        ] Transforming lifecycle-livedata-core-ktx-2.7.0.aar (androidx.lifecycle:lifecycle-livedata-core-ktx:2.7.0) with LibrarySymbolTableTransform
[        ] Transforming lifecycle-viewmodel-ktx-2.7.0.aar (androidx.lifecycle:lifecycle-viewmodel-ktx:2.7.0) with JetifyTransform
[        ] Transforming lifecycle-viewmodel-ktx-2.7.0.aar (androidx.lifecycle:lifecycle-viewmodel-ktx:2.7.0) with ExtractAarTransform
[        ] Transforming lifecycle-viewmodel-ktx-2.7.0.aar (androidx.lifecycle:lifecycle-viewmodel-ktx:2.7.0) with LibrarySymbolTableTransform
[        ] Transforming lifecycle-runtime-ktx-2.7.0.aar (androidx.lifecycle:lifecycle-runtime-ktx:2.7.0) with JetifyTransform
[        ] Transforming lifecycle-runtime-ktx-2.7.0.aar (androidx.lifecycle:lifecycle-runtime-ktx:2.7.0) with ExtractAarTransform
[        ] Transforming lifecycle-runtime-ktx-2.7.0.aar (androidx.lifecycle:lifecycle-runtime-ktx:2.7.0) with LibrarySymbolTableTransform
[        ] Transforming lifecycle-livedata-2.7.0.aar (androidx.lifecycle:lifecycle-livedata:2.7.0) with JetifyTransform
[        ] Transforming lifecycle-livedata-2.7.0.aar (androidx.lifecycle:lifecycle-livedata:2.7.0) with ExtractAarTransform
[        ] Transforming lifecycle-livedata-2.7.0.aar (androidx.lifecycle:lifecycle-livedata:2.7.0) with LibrarySymbolTableTransform
[        ] Transforming lifecycle-livedata-2.7.0.aar (androidx.lifecycle:lifecycle-livedata:2.7.0) with JetifyTransform
[        ] Transforming lifecycle-livedata-2.7.0.aar (androidx.lifecycle:lifecycle-livedata:2.7.0) with ExtractAarTransform
[        ] Transforming lifecycle-livedata-2.7.0.aar (androidx.lifecycle:lifecycle-livedata:2.7.0) with LibrarySymbolTableTransform
[        ] Transforming lifecycle-livedata-core-2.7.0.aar (androidx.lifecycle:lifecycle-livedata-core:2.7.0) with JetifyTransform
[        ] Transforming lifecycle-livedata-core-2.7.0.aar (androidx.lifecycle:lifecycle-livedata-core:2.7.0) with ExtractAarTransform
[        ] Transforming lifecycle-livedata-core-2.7.0.aar (androidx.lifecycle:lifecycle-livedata-core:2.7.0) with LibrarySymbolTableTransform
[        ] Transforming lifecycle-viewmodel-2.7.0.aar (androidx.lifecycle:lifecycle-viewmodel:2.7.0) with JetifyTransform
[        ] Transforming lifecycle-viewmodel-2.7.0.aar (androidx.lifecycle:lifecycle-viewmodel:2.7.0) with ExtractAarTransform
[        ] Transforming lifecycle-viewmodel-2.7.0.aar (androidx.lifecycle:lifecycle-viewmodel:2.7.0) with LibrarySymbolTableTransform
[        ] Transforming lifecycle-viewmodel-2.7.0.aar (androidx.lifecycle:lifecycle-viewmodel:2.7.0) with JetifyTransform
[        ] Transforming lifecycle-viewmodel-2.7.0.aar (androidx.lifecycle:lifecycle-viewmodel:2.7.0) with ExtractAarTransform
[        ] Transforming lifecycle-viewmodel-2.7.0.aar (androidx.lifecycle:lifecycle-viewmodel:2.7.0) with LibrarySymbolTableTransform
[        ] Transforming emoji2-views-helper-1.2.0.aar (androidx.emoji2:emoji2-views-helper:1.2.0) with JetifyTransform
[        ] Transforming emoji2-views-helper-1.2.0.aar (androidx.emoji2:emoji2-views-helper:1.2.0) with ExtractAarTransform
[        ] Transforming emoji2-views-helper-1.2.0.aar (androidx.emoji2:emoji2-views-helper:1.2.0) with LibrarySymbolTableTransform
[        ] Transforming emoji2-1.2.0.aar (androidx.emoji2:emoji2:1.2.0) with JetifyTransform
[        ] Transforming emoji2-1.2.0.aar (androidx.emoji2:emoji2:1.2.0) with ExtractAarTransform
[        ] Transforming emoji2-1.2.0.aar (androidx.emoji2:emoji2:1.2.0) with LibrarySymbolTableTransform
[        ] Transforming lifecycle-process-2.7.0.aar (androidx.lifecycle:lifecycle-process:2.7.0) with JetifyTransform
[        ] Transforming lifecycle-process-2.7.0.aar (androidx.lifecycle:lifecycle-process:2.7.0) with ExtractAarTransform
[        ] Transforming lifecycle-process-2.7.0.aar (androidx.lifecycle:lifecycle-process:2.7.0) with LibrarySymbolTableTransform
[        ] Transforming savedstate-ktx-1.2.1.aar (androidx.savedstate:savedstate-ktx:1.2.1) with JetifyTransform
[        ] Transforming savedstate-ktx-1.2.1.aar (androidx.savedstate:savedstate-ktx:1.2.1) with ExtractAarTransform
[        ] Transforming savedstate-ktx-1.2.1.aar (androidx.savedstate:savedstate-ktx:1.2.1) with LibrarySymbolTableTransform
[        ] Transforming savedstate-1.2.1.aar (androidx.savedstate:savedstate:1.2.1) with JetifyTransform
[        ] Transforming savedstate-1.2.1.aar (androidx.savedstate:savedstate:1.2.1) with ExtractAarTransform
[        ] Transforming savedstate-1.2.1.aar (androidx.savedstate:savedstate:1.2.1) with LibrarySymbolTableTransform
[        ] Transforming lifecycle-runtime-2.7.0.aar (androidx.lifecycle:lifecycle-runtime:2.7.0) with JetifyTransform
[        ] Transforming lifecycle-runtime-2.7.0.aar (androidx.lifecycle:lifecycle-runtime:2.7.0) with ExtractAarTransform
[        ] Transforming lifecycle-runtime-2.7.0.aar (androidx.lifecycle:lifecycle-runtime:2.7.0) with LibrarySymbolTableTransform
[        ] Transforming lifecycle-viewmodel-savedstate-2.7.0.aar (androidx.lifecycle:lifecycle-viewmodel-savedstate:2.7.0) with JetifyTransform
[        ] Transforming lifecycle-viewmodel-savedstate-2.7.0.aar (androidx.lifecycle:lifecycle-viewmodel-savedstate:2.7.0) with ExtractAarTransform
[        ] Transforming lifecycle-viewmodel-savedstate-2.7.0.aar (androidx.lifecycle:lifecycle-viewmodel-savedstate:2.7.0) with LibrarySymbolTableTransform
[        ] Transforming core-ktx-1.13.1.aar (androidx.core:core-ktx:1.13.1) with JetifyTransform
[        ] Transforming core-ktx-1.13.1.aar (androidx.core:core-ktx:1.13.1) with ExtractAarTransform
[        ] Transforming core-ktx-1.13.1.aar (androidx.core:core-ktx:1.13.1) with LibrarySymbolTableTransform
[        ] Transforming viewpager-1.0.0.aar (androidx.viewpager:viewpager:1.0.0) with JetifyTransform
[        ] Transforming viewpager-1.0.0.aar (androidx.viewpager:viewpager:1.0.0) with ExtractAarTransform
[        ] Transforming viewpager-1.0.0.aar (androidx.viewpager:viewpager:1.0.0) with LibrarySymbolTableTransform
[        ] Transforming viewpager-1.0.0.aar (androidx.viewpager:viewpager:1.0.0) with JetifyTransform
[        ] Transforming viewpager-1.0.0.aar (androidx.viewpager:viewpager:1.0.0) with ExtractAarTransform
[        ] Transforming viewpager-1.0.0.aar (androidx.viewpager:viewpager:1.0.0) with LibrarySymbolTableTransform
[        ] Transforming drawerlayout-1.0.0.aar (androidx.drawerlayout:drawerlayout:1.0.0) with JetifyTransform
[        ] Transforming drawerlayout-1.0.0.aar (androidx.drawerlayout:drawerlayout:1.0.0) with ExtractAarTransform
[        ] Transforming drawerlayout-1.0.0.aar (androidx.drawerlayout:drawerlayout:1.0.0) with LibrarySymbolTableTransform
[        ] Transforming drawerlayout-1.0.0.aar (androidx.drawerlayout:drawerlayout:1.0.0) with JetifyTransform
[        ] Transforming drawerlayout-1.0.0.aar (androidx.drawerlayout:drawerlayout:1.0.0) with ExtractAarTransform
[        ] Transforming drawerlayout-1.0.0.aar (androidx.drawerlayout:drawerlayout:1.0.0) with LibrarySymbolTableTransform
[        ] Transforming coordinatorlayout-1.0.0.aar (androidx.coordinatorlayout:coordinatorlayout:1.0.0) with JetifyTransform
[        ] Transforming coordinatorlayout-1.0.0.aar (androidx.coordinatorlayout:coordinatorlayout:1.0.0) with ExtractAarTransform
[        ] Transforming coordinatorlayout-1.0.0.aar (androidx.coordinatorlayout:coordinatorlayout:1.0.0) with LibrarySymbolTableTransform
[        ] Transforming customview-1.1.0.aar (androidx.customview:customview:1.1.0) with JetifyTransform
[        ] Transforming customview-1.1.0.aar (androidx.customview:customview:1.1.0) with ExtractAarTransform
[        ] Transforming customview-1.1.0.aar (androidx.customview:customview:1.1.0) with LibrarySymbolTableTransform
[        ] Transforming customview-1.1.0.aar (androidx.customview:customview:1.1.0) with JetifyTransform
[        ] Transforming customview-1.1.0.aar (androidx.customview:customview:1.1.0) with ExtractAarTransform
[        ] Transforming customview-1.1.0.aar (androidx.customview:customview:1.1.0) with LibrarySymbolTableTransform
[        ] Transforming transition-1.4.1.aar (androidx.transition:transition:1.4.1) with JetifyTransform
[        ] Transforming transition-1.4.1.aar (androidx.transition:transition:1.4.1) with ExtractAarTransform
[        ] Transforming transition-1.4.1.aar (androidx.transition:transition:1.4.1) with LibrarySymbolTableTransform
[        ] Transforming swiperefreshlayout-1.0.0.aar (androidx.swiperefreshlayout:swiperefreshlayout:1.0.0) with JetifyTransform
[        ] Transforming swiperefreshlayout-1.0.0.aar (androidx.swiperefreshlayout:swiperefreshlayout:1.0.0) with ExtractAarTransform
[        ] Transforming swiperefreshlayout-1.0.0.aar (androidx.swiperefreshlayout:swiperefreshlayout:1.0.0) with LibrarySymbolTableTransform
[        ] Transforming asynclayoutinflater-1.0.0.aar (androidx.asynclayoutinflater:asynclayoutinflater:1.0.0) with JetifyTransform
[        ] Transforming asynclayoutinflater-1.0.0.aar (androidx.asynclayoutinflater:asynclayoutinflater:1.0.0) with ExtractAarTransform
[        ] Transforming asynclayoutinflater-1.0.0.aar (androidx.asynclayoutinflater:asynclayoutinflater:1.0.0) with LibrarySymbolTableTransform
[        ] Transforming vectordrawable-animated-1.1.0.aar (androidx.vectordrawable:vectordrawable-animated:1.1.0) with JetifyTransform
[        ] Transforming vectordrawable-animated-1.1.0.aar (androidx.vectordrawable:vectordrawable-animated:1.1.0) with ExtractAarTransform
[        ] Transforming vectordrawable-animated-1.1.0.aar (androidx.vectordrawable:vectordrawable-animated:1.1.0) with LibrarySymbolTableTransform
[        ] Transforming vectordrawable-1.1.0.aar (androidx.vectordrawable:vectordrawable:1.1.0) with JetifyTransform
[        ] Transforming vectordrawable-1.1.0.aar (androidx.vectordrawable:vectordrawable:1.1.0) with ExtractAarTransform
[        ] Transforming vectordrawable-1.1.0.aar (androidx.vectordrawable:vectordrawable:1.1.0) with LibrarySymbolTableTransform
[        ] Transforming vectordrawable-1.1.0.aar (androidx.vectordrawable:vectordrawable:1.1.0) with JetifyTransform
[        ] Transforming vectordrawable-1.1.0.aar (androidx.vectordrawable:vectordrawable:1.1.0) with ExtractAarTransform
[        ] Transforming vectordrawable-1.1.0.aar (androidx.vectordrawable:vectordrawable:1.1.0) with LibrarySymbolTableTransform
[        ] Transforming core-1.13.1.aar (androidx.core:core:1.13.1) with JetifyTransform
[        ] Transforming core-1.13.1.aar (androidx.core:core:1.13.1) with ExtractAarTransform
[        ] Transforming core-1.13.1.aar (androidx.core:core:1.13.1) with LibrarySymbolTableTransform
[        ] Transforming core-1.13.1.aar (androidx.core:core:1.13.1) with JetifyTransform
[        ] Transforming core-1.13.1.aar (androidx.core:core:1.13.1) with ExtractAarTransform
[        ] Transforming core-1.13.1.aar (androidx.core:core:1.13.1) with LibrarySymbolTableTransform
[        ] Transforming exifinterface-1.3.7.aar (androidx.exifinterface:exifinterface:1.3.7) with JetifyTransform
[        ] Transforming exifinterface-1.3.7.aar (androidx.exifinterface:exifinterface:1.3.7) with ExtractAarTransform
[        ] Transforming exifinterface-1.3.7.aar (androidx.exifinterface:exifinterface:1.3.7) with LibrarySymbolTableTransform
[        ] Transforming exifinterface-1.3.7.aar (androidx.exifinterface:exifinterface:1.3.7) with JetifyTransform
[        ] Transforming exifinterface-1.3.7.aar (androidx.exifinterface:exifinterface:1.3.7) with ExtractAarTransform
[        ] Transforming exifinterface-1.3.7.aar (androidx.exifinterface:exifinterface:1.3.7) with LibrarySymbolTableTransform
[        ] Transforming tracing-ktx-1.2.0.aar (androidx.tracing:tracing-ktx:1.2.0) with JetifyTransform
[        ] Transforming tracing-ktx-1.2.0.aar (androidx.tracing:tracing-ktx:1.2.0) with ExtractAarTransform
[        ] Transforming tracing-ktx-1.2.0.aar (androidx.tracing:tracing-ktx:1.2.0) with LibrarySymbolTableTransform
[        ] Transforming profileinstaller-1.3.1.aar (androidx.profileinstaller:profileinstaller:1.3.1) with JetifyTransform
[        ] Transforming profileinstaller-1.3.1.aar (androidx.profileinstaller:profileinstaller:1.3.1) with ExtractAarTransform
[        ] Transforming profileinstaller-1.3.1.aar (androidx.profileinstaller:profileinstaller:1.3.1) with LibrarySymbolTableTransform
[        ] Transforming startup-runtime-1.1.1.aar (androidx.startup:startup-runtime:1.1.1) with JetifyTransform
[        ] Transforming startup-runtime-1.1.1.aar (androidx.startup:startup-runtime:1.1.1) with ExtractAarTransform
[        ] Transforming startup-runtime-1.1.1.aar (androidx.startup:startup-runtime:1.1.1) with LibrarySymbolTableTransform
[        ] Transforming tracing-1.2.0.aar (androidx.tracing:tracing:1.2.0) with JetifyTransform
[        ] Transforming tracing-1.2.0.aar (androidx.tracing:tracing:1.2.0) with ExtractAarTransform
[        ] Transforming tracing-1.2.0.aar (androidx.tracing:tracing:1.2.0) with LibrarySymbolTableTransform
[        ] Transforming interpolator-1.0.0.aar (androidx.interpolator:interpolator:1.0.0) with JetifyTransform
[   +5 ms] Transforming interpolator-1.0.0.aar (androidx.interpolator:interpolator:1.0.0) with ExtractAarTransform
[        ] Transforming interpolator-1.0.0.aar (androidx.interpolator:interpolator:1.0.0) with LibrarySymbolTableTransform
[        ] Transforming interpolator-1.0.0.aar (androidx.interpolator:interpolator:1.0.0) with JetifyTransform
[        ] Transforming interpolator-1.0.0.aar (androidx.interpolator:interpolator:1.0.0) with ExtractAarTransform
[        ] Transforming interpolator-1.0.0.aar (androidx.interpolator:interpolator:1.0.0) with LibrarySymbolTableTransform
[        ] Transforming versionedparcelable-1.1.1.aar (androidx.versionedparcelable:versionedparcelable:1.1.1) with JetifyTransform
[        ] Transforming versionedparcelable-1.1.1.aar (androidx.versionedparcelable:versionedparcelable:1.1.1) with ExtractAarTransform
[        ] Transforming versionedparcelable-1.1.1.aar (androidx.versionedparcelable:versionedparcelable:1.1.1) with LibrarySymbolTableTransform
[        ] Transforming datastore-core-release.aar (androidx.datastore:datastore-core-android:1.1.3) with JetifyTransform
[        ] Transforming datastore-core-release.aar (androidx.datastore:datastore-core-android:1.1.3) with ExtractAarTransform
[        ] Transforming datastore-core-release.aar (androidx.datastore:datastore-core-android:1.1.3) with LibrarySymbolTableTransform
[        ] Transforming datastore-preferences-release.aar (androidx.datastore:datastore-preferences-android:1.1.3) with JetifyTransform
[        ] Transforming datastore-preferences-release.aar (androidx.datastore:datastore-preferences-android:1.1.3) with ExtractAarTransform
[        ] Transforming datastore-preferences-release.aar (androidx.datastore:datastore-preferences-android:1.1.3) with LibrarySymbolTableTransform
[        ] Transforming datastore-release.aar (androidx.datastore:datastore-android:1.1.3) with JetifyTransform
[        ] Transforming datastore-release.aar (androidx.datastore:datastore-android:1.1.3) with ExtractAarTransform
[        ] Transforming datastore-release.aar (androidx.datastore:datastore-android:1.1.3) with LibrarySymbolTableTransform
[        ] Transforming core-runtime-2.2.0.aar (androidx.arch.core:core-runtime:2.2.0) with JetifyTransform
[        ] Transforming core-runtime-2.2.0.aar (androidx.arch.core:core-runtime:2.2.0) with ExtractAarTransform
[        ] Transforming core-runtime-2.2.0.aar (androidx.arch.core:core-runtime:2.2.0) with LibrarySymbolTableTransform
[        ] Transforming transport-backend-cct-2.3.3.aar (com.google.android.datatransport:transport-backend-cct:2.3.3) with JetifyTransform
[        ] Transforming transport-backend-cct-2.3.3.aar (com.google.android.datatransport:transport-backend-cct:2.3.3) with ExtractAarTransform
[        ] Transforming transport-backend-cct-2.3.3.aar (com.google.android.datatransport:transport-backend-cct:2.3.3) with LibrarySymbolTableTransform
[   +1 ms] Transforming transport-runtime-2.2.6.aar (com.google.android.datatransport:transport-runtime:2.2.6) with JetifyTransform
[        ] Transforming transport-runtime-2.2.6.aar (com.google.android.datatransport:transport-runtime:2.2.6) with ExtractAarTransform
[        ] Transforming transport-runtime-2.2.6.aar (com.google.android.datatransport:transport-runtime:2.2.6) with LibrarySymbolTableTransform
[        ] Transforming transport-api-2.2.1.aar (com.google.android.datatransport:transport-api:2.2.1) with JetifyTransform
[        ] Transforming transport-api-2.2.1.aar (com.google.android.datatransport:transport-api:2.2.1) with ExtractAarTransform
[        ] Transforming transport-api-2.2.1.aar (com.google.android.datatransport:transport-api:2.2.1) with LibrarySymbolTableTransform
[        ] Transforming firebase-components-16.1.0.aar (com.google.firebase:firebase-components:16.1.0) with JetifyTransform
[        ] Transforming firebase-components-16.1.0.aar (com.google.firebase:firebase-components:16.1.0) with ExtractAarTransform
[        ] Transforming firebase-components-16.1.0.aar (com.google.firebase:firebase-components:16.1.0) with LibrarySymbolTableTransform
[        ] Transforming firebase-encoders-json-17.1.0.aar (com.google.firebase:firebase-encoders-json:17.1.0) with JetifyTransform
[        ] Transforming firebase-encoders-json-17.1.0.aar (com.google.firebase:firebase-encoders-json:17.1.0) with ExtractAarTransform
[        ] Transforming firebase-encoders-json-17.1.0.aar (com.google.firebase:firebase-encoders-json:17.1.0) with LibrarySymbolTableTransform
[        ] Transforming core-1.0.0.aar (androidx.window.extensions.core:core:1.0.0) with JetifyTransform
[        ] Transforming core-1.0.0.aar (androidx.window.extensions.core:core:1.0.0) with ExtractAarTransform
[   +3 ms] Transforming core-1.0.0.aar (androidx.window.extensions.core:core:1.0.0) with LibrarySymbolTableTransform
[        ] Transforming cursoradapter-1.0.0.aar (androidx.cursoradapter:cursoradapter:1.0.0) with JetifyTransform
[        ] Transforming cursoradapter-1.0.0.aar (androidx.cursoradapter:cursoradapter:1.0.0) with ExtractAarTransform
[        ] Transforming cursoradapter-1.0.0.aar (androidx.cursoradapter:cursoradapter:1.0.0) with LibrarySymbolTableTransform
[        ] Transforming cursoradapter-1.0.0.aar (androidx.cursoradapter:cursoradapter:1.0.0) with JetifyTransform
[        ] Transforming cursoradapter-1.0.0.aar (androidx.cursoradapter:cursoradapter:1.0.0) with ExtractAarTransform
[        ] Transforming cursoradapter-1.0.0.aar (androidx.cursoradapter:cursoradapter:1.0.0) with LibrarySymbolTableTransform
[        ] Transforming documentfile-1.0.0.aar (androidx.documentfile:documentfile:1.0.0) with JetifyTransform
[        ] Transforming documentfile-1.0.0.aar (androidx.documentfile:documentfile:1.0.0) with ExtractAarTransform
[   +3 ms] Transforming documentfile-1.0.0.aar (androidx.documentfile:documentfile:1.0.0) with LibrarySymbolTableTransform
[        ] Transforming localbroadcastmanager-1.0.0.aar (androidx.localbroadcastmanager:localbroadcastmanager:1.0.0) with JetifyTransform
[        ] Transforming localbroadcastmanager-1.0.0.aar (androidx.localbroadcastmanager:localbroadcastmanager:1.0.0) with ExtractAarTransform
[        ] Transforming localbroadcastmanager-1.0.0.aar (androidx.localbroadcastmanager:localbroadcastmanager:1.0.0) with LibrarySymbolTableTransform
[        ] Transforming print-1.0.0.aar (androidx.print:print:1.0.0) with JetifyTransform
[        ] Transforming print-1.0.0.aar (androidx.print:print:1.0.0) with ExtractAarTransform
[        ] Transforming print-1.0.0.aar (androidx.print:print:1.0.0) with LibrarySymbolTableTransform
[        ] Transforming annotation-experimental-1.4.1.aar (androidx.annotation:annotation-experimental:1.4.1) with JetifyTransform
[        ] Transforming annotation-experimental-1.4.1.aar (androidx.annotation:annotation-experimental:1.4.1) with ExtractAarTransform
[        ] Transforming annotation-experimental-1.4.1.aar (androidx.annotation:annotation-experimental:1.4.1) with LibrarySymbolTableTransform
[        ] Transforming relinker-1.4.5.aar (com.getkeepsafe.relinker:relinker:1.4.5) with JetifyTransform
[        ] Transforming relinker-1.4.5.aar (com.getkeepsafe.relinker:relinker:1.4.5) with ExtractAarTransform
[        ] Transforming relinker-1.4.5.aar (com.getkeepsafe.relinker:relinker:1.4.5) with LibrarySymbolTableTransform
[        ] Transforming image-1.0.0-beta1.aar (com.google.android.odml:image:1.0.0-beta1) with JetifyTransform
[        ] Transforming image-1.0.0-beta1.aar (com.google.android.odml:image:1.0.0-beta1) with ExtractAarTransform
[        ] Transforming image-1.0.0-beta1.aar (com.google.android.odml:image:1.0.0-beta1) with LibrarySymbolTableTransform
[        ] Caching disabled for task ':app:processReleaseResources' because:
[        ]   Build cache is disabled
[        ] Skipping task ':app:processReleaseResources' as it is up-to-date.
[        ] Resolve mutations for :device_info_plus:bundleLibCompileToJarRelease (Thread[#898,Execution worker Thread 9,5,main]) started.
[        ] :device_info_plus:bundleLibCompileToJarRelease (Thread[#898,Execution worker Thread 9,5,main]) started.
[        ] > Task :device_info_plus:bundleLibCompileToJarRelease UP-TO-DATE
[        ] Caching disabled for task ':device_info_plus:bundleLibCompileToJarRelease' because:
[        ]   Build cache is disabled
[        ]   Simple merging task
[        ] Skipping task ':device_info_plus:bundleLibCompileToJarRelease' as it is up-to-date.
[   +5 ms] work action resolve classes.jar (project :device_info_plus) (Thread[#898,Execution worker Thread 9,5,main]) started.
[        ] Resolve mutations for :file_picker:bundleLibCompileToJarRelease (Thread[#898,Execution worker Thread 9,5,main]) started.
[        ] :file_picker:bundleLibCompileToJarRelease (Thread[#898,Execution worker Thread 9,5,main]) started.
[        ] > Task :file_picker:bundleLibCompileToJarRelease UP-TO-DATE
[        ] Caching disabled for task ':file_picker:bundleLibCompileToJarRelease' because:
[        ]   Build cache is disabled
[        ]   Simple merging task
[        ] Skipping task ':file_picker:bundleLibCompileToJarRelease' as it is up-to-date.
[        ] work action resolve classes.jar (project :file_picker) (Thread[#898,Execution worker Thread 9,5,main]) started.
[        ] Resolve mutations for :image_picker_android:bundleLibCompileToJarRelease (Thread[#898,Execution worker Thread 9,5,main]) started.
[        ] :image_picker_android:bundleLibCompileToJarRelease (Thread[#898,Execution worker Thread 9,5,main]) started.
[        ] > Task :image_picker_android:bundleLibCompileToJarRelease UP-TO-DATE
[        ] Caching disabled for task ':image_picker_android:bundleLibCompileToJarRelease' because:
[        ]   Build cache is disabled
[        ]   Simple merging task
[        ] Skipping task ':image_picker_android:bundleLibCompileToJarRelease' as it is up-to-date.
[        ] work action resolve classes.jar (project :image_picker_android) (Thread[#893,Execution worker Thread 4,5,main]) started.
[        ] Resolve mutations for :mobile_scanner:bundleLibCompileToJarRelease (Thread[#893,Execution worker Thread 4,5,main]) started.
[        ] :mobile_scanner:bundleLibCompileToJarRelease (Thread[#893,Execution worker Thread 4,5,main]) started.
[        ] > Task :mobile_scanner:bundleLibCompileToJarRelease UP-TO-DATE
[   +1 ms] Caching disabled for task ':mobile_scanner:bundleLibCompileToJarRelease' because:
[        ]   Build cache is disabled
[        ]   Simple merging task
[        ] Skipping task ':mobile_scanner:bundleLibCompileToJarRelease' as it is up-to-date.
[        ] work action resolve classes.jar (project :mobile_scanner) (Thread[#893,Execution worker Thread 4,5,main]) started.
[        ] Resolve mutations for :package_info_plus:bundleLibCompileToJarRelease (Thread[#899,Execution worker Thread 10,5,main]) started.
[        ] :package_info_plus:bundleLibCompileToJarRelease (Thread[#899,Execution worker Thread 10,5,main]) started.
[        ] > Task :package_info_plus:bundleLibCompileToJarRelease UP-TO-DATE
[        ] Caching disabled for task ':package_info_plus:bundleLibCompileToJarRelease' because:
[        ]   Build cache is disabled
[        ]   Simple merging task
[        ] Skipping task ':package_info_plus:bundleLibCompileToJarRelease' as it is up-to-date.
[   +1 ms] work action resolve classes.jar (project :package_info_plus) (Thread[#899,Execution worker Thread 10,5,main]) started.
[        ] Resolve mutations for :path_provider_android:bundleLibCompileToJarRelease (Thread[#899,Execution worker Thread 10,5,main]) started.
[        ] :path_provider_android:bundleLibCompileToJarRelease (Thread[#893,Execution worker Thread 4,5,main]) started.
[        ] > Task :path_provider_android:bundleLibCompileToJarRelease UP-TO-DATE
[        ] Caching disabled for task ':path_provider_android:bundleLibCompileToJarRelease' because:
[        ]   Build cache is disabled
[        ]   Simple merging task
[        ] Skipping task ':path_provider_android:bundleLibCompileToJarRelease' as it is up-to-date.
[        ] work action resolve classes.jar (project :path_provider_android) (Thread[#899,Execution worker Thread 10,5,main]) started.
[        ] Resolve mutations for :printing:bundleLibCompileToJarRelease (Thread[#891,Execution worker Thread 2,5,main]) started.
[        ] :printing:bundleLibCompileToJarRelease (Thread[#891,Execution worker Thread 2,5,main]) started.
[        ] > Task :printing:bundleLibCompileToJarRelease UP-TO-DATE
[        ] Caching disabled for task ':printing:bundleLibCompileToJarRelease' because:
[        ]   Build cache is disabled
[        ]   Simple merging task
[        ] Skipping task ':printing:bundleLibCompileToJarRelease' as it is up-to-date.
[        ] work action resolve classes.jar (project :printing) (Thread[#899,Execution worker Thread 10,5,main]) started.
[        ] Resolve mutations for :share_plus:bundleLibCompileToJarRelease (Thread[#899,Execution worker Thread 10,5,main]) started.
[        ] :share_plus:bundleLibCompileToJarRelease (Thread[#899,Execution worker Thread 10,5,main]) started.
[        ] > Task :share_plus:bundleLibCompileToJarRelease UP-TO-DATE
[        ] Caching disabled for task ':share_plus:bundleLibCompileToJarRelease' because:
[        ]   Build cache is disabled
[        ]   Simple merging task
[        ] Skipping task ':share_plus:bundleLibCompileToJarRelease' as it is up-to-date.
[        ] work action resolve classes.jar (project :share_plus) (Thread[#895,Execution worker Thread 6,5,main]) started.
[        ] Resolve mutations for :shared_preferences_android:bundleLibCompileToJarRelease (Thread[#895,Execution worker Thread 6,5,main]) started.
[        ] :shared_preferences_android:bundleLibCompileToJarRelease (Thread[#895,Execution worker Thread 6,5,main]) started.
[        ] > Task :shared_preferences_android:bundleLibCompileToJarRelease UP-TO-DATE
[        ] Caching disabled for task ':shared_preferences_android:bundleLibCompileToJarRelease' because:
[        ]   Build cache is disabled
[        ]   Simple merging task
[        ] Skipping task ':shared_preferences_android:bundleLibCompileToJarRelease' as it is up-to-date.
[        ] work action resolve classes.jar (project :shared_preferences_android) (Thread[#895,Execution worker Thread 6,5,main]) started.
[        ] Resolve mutations for :sqflite_android:bundleLibCompileToJarRelease (Thread[#895,Execution worker Thread 6,5,main]) started.
[        ] :sqflite_android:bundleLibCompileToJarRelease (Thread[#895,Execution worker Thread 6,5,main]) started.
[        ] > Task :sqflite_android:bundleLibCompileToJarRelease UP-TO-DATE
[        ] Caching disabled for task ':sqflite_android:bundleLibCompileToJarRelease' because:
[        ]   Build cache is disabled
[        ]   Simple merging task
[        ] Skipping task ':sqflite_android:bundleLibCompileToJarRelease' as it is up-to-date.
[        ] work action resolve classes.jar (project :sqflite_android) (Thread[#897,Execution worker Thread 8,5,main]) started.
[        ] Resolve mutations for :url_launcher_android:bundleLibCompileToJarRelease (Thread[#897,Execution worker Thread 8,5,main]) started.
[        ] :url_launcher_android:bundleLibCompileToJarRelease (Thread[#897,Execution worker Thread 8,5,main]) started.
[        ] > Task :url_launcher_android:bundleLibCompileToJarRelease UP-TO-DATE
[        ] Caching disabled for task ':url_launcher_android:bundleLibCompileToJarRelease' because:
[        ]   Build cache is disabled
[        ]   Simple merging task
[        ] Skipping task ':url_launcher_android:bundleLibCompileToJarRelease' as it is up-to-date.
[        ] work action resolve classes.jar (project :url_launcher_android) (Thread[#897,Execution worker Thread 8,5,main]) started.
[        ] Resolve mutations for :vibration:bundleLibCompileToJarRelease (Thread[#897,Execution worker Thread 8,5,main]) started.
[        ] :vibration:bundleLibCompileToJarRelease (Thread[#897,Execution worker Thread 8,5,main]) started.
[        ] > Task :vibration:bundleLibCompileToJarRelease UP-TO-DATE
[        ] Caching disabled for task ':vibration:bundleLibCompileToJarRelease' because:
[        ]   Build cache is disabled
[        ]   Simple merging task
[        ] Skipping task ':vibration:bundleLibCompileToJarRelease' as it is up-to-date.
[        ] work action resolve classes.jar (project :vibration) (Thread[#897,Execution worker Thread 8,5,main]) started.
[   +1 ms] Resolve mutations for :app:compileReleaseKotlin (Thread[#897,Execution worker Thread 8,5,main]) started.
[        ] :app:compileReleaseKotlin (Thread[#892,Execution worker Thread 3,5,main]) started.
[ +145 ms] > Task :app:compileReleaseKotlin UP-TO-DATE
[        ] Transforming libs.jar with JetifyTransform
[        ] Transforming libs.jar with IdentityTransform
[        ] Transforming flutter_embedding_release-1.0.0-a8bfdfc394deaed5c57bd45a64ac4294dc976a72.jar (io.flutter:flutter_embedding_release:1.0.0-a8bfdfc394deaed5c57bd45a64ac4294dc976a72) with JetifyTransform
[        ] Transforming flutter_embedding_release-1.0.0-a8bfdfc394deaed5c57bd45a64ac4294dc976a72.jar (io.flutter:flutter_embedding_release:1.0.0-a8bfdfc394deaed5c57bd45a64ac4294dc976a72) with IdentityTransform
[        ] Transforming fragment-1.7.1.aar (androidx.fragment:fragment:1.7.1) with JetifyTransform
[        ] Transforming fragment-1.7.1.aar (androidx.fragment:fragment:1.7.1) with AarToClassTransform
[        ] Transforming activity-1.9.3.aar (androidx.activity:activity:1.9.3) with JetifyTransform
[        ] Transforming activity-1.9.3.aar (androidx.activity:activity:1.9.3) with AarToClassTransform
[        ] Transforming loader-1.0.0.aar (androidx.loader:loader:1.0.0) with JetifyTransform
[        ] Transforming loader-1.0.0.aar (androidx.loader:loader:1.0.0) with AarToClassTransform
[        ] Transforming lifecycle-livedata-core-ktx-2.7.0.aar (androidx.lifecycle:lifecycle-livedata-core-ktx:2.7.0) with JetifyTransform
[        ] Transforming lifecycle-livedata-core-ktx-2.7.0.aar (androidx.lifecycle:lifecycle-livedata-core-ktx:2.7.0) with AarToClassTransform
[        ] Transforming lifecycle-livedata-2.7.0.aar (androidx.lifecycle:lifecycle-livedata:2.7.0) with JetifyTransform
[        ] Transforming lifecycle-livedata-2.7.0.aar (androidx.lifecycle:lifecycle-livedata:2.7.0) with AarToClassTransform
[        ] Transforming lifecycle-viewmodel-2.7.0.aar (androidx.lifecycle:lifecycle-viewmodel:2.7.0) with JetifyTransform
[        ] Transforming lifecycle-viewmodel-2.7.0.aar (androidx.lifecycle:lifecycle-viewmodel:2.7.0) with AarToClassTransform
[        ] Transforming lifecycle-viewmodel-2.7.0.aar (androidx.lifecycle:lifecycle-viewmodel:2.7.0) with JetifyTransform
[        ] Transforming lifecycle-viewmodel-2.7.0.aar (androidx.lifecycle:lifecycle-viewmodel:2.7.0) with AarToClassTransform
[        ] Transforming lifecycle-livedata-core-2.7.0.aar (androidx.lifecycle:lifecycle-livedata-core:2.7.0) with JetifyTransform
[        ] Transforming lifecycle-livedata-core-2.7.0.aar (androidx.lifecycle:lifecycle-livedata-core:2.7.0) with AarToClassTransform
[        ] Transforming lifecycle-viewmodel-savedstate-2.7.0.aar (androidx.lifecycle:lifecycle-viewmodel-savedstate:2.7.0) with JetifyTransform
[        ] Transforming lifecycle-viewmodel-savedstate-2.7.0.aar (androidx.lifecycle:lifecycle-viewmodel-savedstate:2.7.0) with AarToClassTransform
[        ] Transforming core-ktx-1.13.1.aar (androidx.core:core-ktx:1.13.1) with JetifyTransform
[        ] Transforming core-ktx-1.13.1.aar (androidx.core:core-ktx:1.13.1) with AarToClassTransform
[        ] Transforming viewpager-1.0.0.aar (androidx.viewpager:viewpager:1.0.0) with JetifyTransform
[        ] Transforming viewpager-1.0.0.aar (androidx.viewpager:viewpager:1.0.0) with AarToClassTransform
[        ] Transforming customview-1.1.0.aar (androidx.customview:customview:1.1.0) with JetifyTransform
[        ] Transforming customview-1.1.0.aar (androidx.customview:customview:1.1.0) with AarToClassTransform
[        ] Transforming core-1.13.1.aar (androidx.core:core:1.13.1) with JetifyTransform
[        ] Transforming core-1.13.1.aar (androidx.core:core:1.13.1) with AarToClassTransform
[        ] Transforming core-1.13.1.aar (androidx.core:core:1.13.1) with JetifyTransform
[        ] Transforming core-1.13.1.aar (androidx.core:core:1.13.1) with AarToClassTransform
[        ] Transforming lifecycle-runtime-2.7.0.aar (androidx.lifecycle:lifecycle-runtime:2.7.0) with JetifyTransform
[        ] Transforming lifecycle-runtime-2.7.0.aar (androidx.lifecycle:lifecycle-runtime:2.7.0) with AarToClassTransform
[        ] Transforming lifecycle-process-2.7.0.aar (androidx.lifecycle:lifecycle-process:2.7.0) with JetifyTransform
[        ] Transforming lifecycle-process-2.7.0.aar (androidx.lifecycle:lifecycle-process:2.7.0) with AarToClassTransform
[        ] Transforming lifecycle-common-java8-2.7.0.jar (androidx.lifecycle:lifecycle-common-java8:2.7.0) with JetifyTransform
[        ] Transforming lifecycle-common-java8-2.7.0.jar (androidx.lifecycle:lifecycle-common-java8:2.7.0) with IdentityTransform
[        ] Transforming lifecycle-common-2.7.0.jar (androidx.lifecycle:lifecycle-common:2.7.0) with JetifyTransform
[        ] Transforming lifecycle-common-2.7.0.jar (androidx.lifecycle:lifecycle-common:2.7.0) with IdentityTransform
[        ] Transforming window-1.2.0.aar (androidx.window:window:1.2.0) with JetifyTransform
[        ] Transforming window-1.2.0.aar (androidx.window:window:1.2.0) with AarToClassTransform
[        ] Transforming window-java-1.2.0.aar (androidx.window:window-java:1.2.0) with JetifyTransform
[        ] Transforming window-java-1.2.0.aar (androidx.window:window-java:1.2.0) with AarToClassTransform
[        ] Transforming annotation-experimental-1.4.1.aar (androidx.annotation:annotation-experimental:1.4.1) with JetifyTransform
[        ] Transforming annotation-experimental-1.4.1.aar (androidx.annotation:annotation-experimental:1.4.1) with AarToClassTransform
[        ] Transforming savedstate-1.2.1.aar (androidx.savedstate:savedstate:1.2.1) with JetifyTransform
[        ] Transforming savedstate-1.2.1.aar (androidx.savedstate:savedstate:1.2.1) with AarToClassTransform
[        ] Transforming core-runtime-2.2.0.aar (androidx.arch.core:core-runtime:2.2.0) with JetifyTransform
[        ] Transforming core-runtime-2.2.0.aar (androidx.arch.core:core-runtime:2.2.0) with AarToClassTransform
[        ] Transforming core-common-2.2.0.jar (androidx.arch.core:core-common:2.2.0) with JetifyTransform
[        ] Transforming core-common-2.2.0.jar (androidx.arch.core:core-common:2.2.0) with IdentityTransform
[        ] Transforming versionedparcelable-1.1.1.aar (androidx.versionedparcelable:versionedparcelable:1.1.1) with JetifyTransform
[        ] Transforming versionedparcelable-1.1.1.aar (androidx.versionedparcelable:versionedparcelable:1.1.1) with AarToClassTransform
[        ] Transforming collection-1.1.0.jar (androidx.collection:collection:1.1.0) with JetifyTransform
[        ] Transforming collection-1.1.0.jar (androidx.collection:collection:1.1.0) with IdentityTransform
[        ] Transforming annotation-jvm-1.9.1.jar (androidx.annotation:annotation-jvm:1.9.1) with JetifyTransform
[        ] Transforming annotation-jvm-1.9.1.jar (androidx.annotation:annotation-jvm:1.9.1) with IdentityTransform
[        ] Transforming kotlinx-coroutines-android-1.7.3.jar (org.jetbrains.kotlinx:kotlinx-coroutines-android:1.7.3) with JetifyTransform
[        ] Transforming kotlinx-coroutines-android-1.7.3.jar (org.jetbrains.kotlinx:kotlinx-coroutines-android:1.7.3) with IdentityTransform
[        ] Transforming kotlinx-coroutines-core-jvm-1.7.3.jar (org.jetbrains.kotlinx:kotlinx-coroutines-core-jvm:1.7.3) with JetifyTransform
[        ] Transforming kotlinx-coroutines-core-jvm-1.7.3.jar (org.jetbrains.kotlinx:kotlinx-coroutines-core-jvm:1.7.3) with IdentityTransform
[        ] Transforming kotlin-stdlib-jdk8-1.8.20.jar (org.jetbrains.kotlin:kotlin-stdlib-jdk8:1.8.20) with JetifyTransform
[        ] Transforming kotlin-stdlib-jdk8-1.8.20.jar (org.jetbrains.kotlin:kotlin-stdlib-jdk8:1.8.20) with IdentityTransform
[        ] Transforming kotlin-stdlib-jdk7-1.8.20.jar (org.jetbrains.kotlin:kotlin-stdlib-jdk7:1.8.20) with JetifyTransform
[        ] Transforming kotlin-stdlib-jdk7-1.8.20.jar (org.jetbrains.kotlin:kotlin-stdlib-jdk7:1.8.20) with IdentityTransform
[        ] Transforming kotlin-stdlib-2.1.0.jar (org.jetbrains.kotlin:kotlin-stdlib:2.1.0) with JetifyTransform
[        ] Transforming kotlin-stdlib-2.1.0.jar (org.jetbrains.kotlin:kotlin-stdlib:2.1.0) with IdentityTransform
[        ] Transforming armeabi_v7a_release-1.0.0-a8bfdfc394deaed5c57bd45a64ac4294dc976a72.jar (io.flutter:armeabi_v7a_release:1.0.0-a8bfdfc394deaed5c57bd45a64ac4294dc976a72) with JetifyTransform
[        ] Transforming armeabi_v7a_release-1.0.0-a8bfdfc394deaed5c57bd45a64ac4294dc976a72.jar (io.flutter:armeabi_v7a_release:1.0.0-a8bfdfc394deaed5c57bd45a64ac4294dc976a72) with IdentityTransform
[        ] Transforming arm64_v8a_release-1.0.0-a8bfdfc394deaed5c57bd45a64ac4294dc976a72.jar (io.flutter:arm64_v8a_release:1.0.0-a8bfdfc394deaed5c57bd45a64ac4294dc976a72) with JetifyTransform
[        ] Transforming arm64_v8a_release-1.0.0-a8bfdfc394deaed5c57bd45a64ac4294dc976a72.jar (io.flutter:arm64_v8a_release:1.0.0-a8bfdfc394deaed5c57bd45a64ac4294dc976a72) with IdentityTransform
[        ] Transforming x86_64_release-1.0.0-a8bfdfc394deaed5c57bd45a64ac4294dc976a72.jar (io.flutter:x86_64_release:1.0.0-a8bfdfc394deaed5c57bd45a64ac4294dc976a72) with JetifyTransform
[        ] Transforming x86_64_release-1.0.0-a8bfdfc394deaed5c57bd45a64ac4294dc976a72.jar (io.flutter:x86_64_release:1.0.0-a8bfdfc394deaed5c57bd45a64ac4294dc976a72) with IdentityTransform
[        ] Transforming annotations-23.0.0.jar (org.jetbrains:annotations:23.0.0) with JetifyTransform
[        ] Transforming annotations-23.0.0.jar (org.jetbrains:annotations:23.0.0) with IdentityTransform
[        ] Transforming startup-runtime-1.1.1.aar (androidx.startup:startup-runtime:1.1.1) with JetifyTransform
[        ] Transforming startup-runtime-1.1.1.aar (androidx.startup:startup-runtime:1.1.1) with AarToClassTransform
[        ] Transforming tracing-1.2.0.aar (androidx.tracing:tracing:1.2.0) with JetifyTransform
[        ] Transforming tracing-1.2.0.aar (androidx.tracing:tracing:1.2.0) with AarToClassTransform
[        ] Transforming relinker-1.4.5.aar (com.getkeepsafe.relinker:relinker:1.4.5) with JetifyTransform
[        ] Transforming relinker-1.4.5.aar (com.getkeepsafe.relinker:relinker:1.4.5) with AarToClassTransform
[        ] Transforming libs.jar with JetifyTransform
[        ] Transforming libs.jar with IdentityTransform
[        ] Transforming libs.jar with JetifyTransform
[        ] Transforming libs.jar with IdentityTransform
[        ] Transforming R.jar with BuildToolsApiClasspathEntrySnapshotTransform
[        ] Transforming jetified-libs.jar with BuildToolsApiClasspathEntrySnapshotTransform
[        ] Transforming classes.jar with BuildToolsApiClasspathEntrySnapshotTransform
[        ] Transforming classes.jar with BuildToolsApiClasspathEntrySnapshotTransform
[        ] Transforming classes.jar with BuildToolsApiClasspathEntrySnapshotTransform
[        ] Transforming classes.jar with BuildToolsApiClasspathEntrySnapshotTransform
[        ] Transforming classes.jar with BuildToolsApiClasspathEntrySnapshotTransform
[        ] Transforming classes.jar with BuildToolsApiClasspathEntrySnapshotTransform
[        ] Transforming classes.jar with BuildToolsApiClasspathEntrySnapshotTransform
[        ] Transforming classes.jar with BuildToolsApiClasspathEntrySnapshotTransform
[        ] Transforming classes.jar with BuildToolsApiClasspathEntrySnapshotTransform
[        ] Transforming classes.jar with BuildToolsApiClasspathEntrySnapshotTransform
[        ] Transforming classes.jar with BuildToolsApiClasspathEntrySnapshotTransform
[        ] Transforming classes.jar with BuildToolsApiClasspathEntrySnapshotTransform
[        ] Transforming classes.jar with BuildToolsApiClasspathEntrySnapshotTransform
[        ] Transforming jetified-flutter_embedding_release-1.0.0-a8bfdfc394deaed5c57bd45a64ac4294dc976a72.jar with BuildToolsApiClasspathEntrySnapshotTransform
[        ] Transforming fragment-1.7.1-api.jar with BuildToolsApiClasspathEntrySnapshotTransform
[        ] Transforming jetified-activity-1.9.3-api.jar with BuildToolsApiClasspathEntrySnapshotTransform
[        ] Transforming loader-1.0.0-api.jar with BuildToolsApiClasspathEntrySnapshotTransform
[        ] Transforming jetified-lifecycle-livedata-core-ktx-2.7.0-api.jar with BuildToolsApiClasspathEntrySnapshotTransform
[        ] Transforming lifecycle-livedata-2.7.0-api.jar with BuildToolsApiClasspathEntrySnapshotTransform
[        ] Transforming lifecycle-viewmodel-2.7.0-api.jar with BuildToolsApiClasspathEntrySnapshotTransform
[        ] Transforming lifecycle-livedata-core-2.7.0-api.jar with BuildToolsApiClasspathEntrySnapshotTransform
[        ] Transforming jetified-lifecycle-viewmodel-savedstate-2.7.0-api.jar with BuildToolsApiClasspathEntrySnapshotTransform
[        ] Transforming jetified-core-ktx-1.13.1-api.jar with BuildToolsApiClasspathEntrySnapshotTransform
[        ] Transforming viewpager-1.0.0-api.jar with BuildToolsApiClasspathEntrySnapshotTransform
[        ] Transforming customview-1.1.0-api.jar with BuildToolsApiClasspathEntrySnapshotTransform
[        ] Transforming core-1.13.1-api.jar with BuildToolsApiClasspathEntrySnapshotTransform
[        ] Transforming lifecycle-runtime-2.7.0-api.jar with BuildToolsApiClasspathEntrySnapshotTransform
[        ] Transforming jetified-lifecycle-process-2.7.0-api.jar with BuildToolsApiClasspathEntrySnapshotTransform
[        ] Transforming lifecycle-common-java8-2.7.0.jar with BuildToolsApiClasspathEntrySnapshotTransform
[        ] Transforming lifecycle-common-2.7.0.jar with BuildToolsApiClasspathEntrySnapshotTransform
[        ] Transforming jetified-window-1.2.0-api.jar with BuildToolsApiClasspathEntrySnapshotTransform
[        ] Transforming jetified-window-java-1.2.0-api.jar with BuildToolsApiClasspathEntrySnapshotTransform
[        ] Transforming jetified-annotation-experimental-1.4.1-api.jar with BuildToolsApiClasspathEntrySnapshotTransform
[        ] Transforming jetified-savedstate-1.2.1-api.jar with BuildToolsApiClasspathEntrySnapshotTransform
[        ] Transforming core-runtime-2.2.0-api.jar with BuildToolsApiClasspathEntrySnapshotTransform
[        ] Transforming core-common-2.2.0.jar with BuildToolsApiClasspathEntrySnapshotTransform
[        ] Transforming versionedparcelable-1.1.1-api.jar with BuildToolsApiClasspathEntrySnapshotTransform
[        ] Transforming collection-1.1.0.jar with BuildToolsApiClasspathEntrySnapshotTransform
[        ] Transforming jetified-annotation-jvm-1.9.1.jar with BuildToolsApiClasspathEntrySnapshotTransform
[        ] Transforming jetified-kotlinx-coroutines-android-1.7.3.jar with BuildToolsApiClasspathEntrySnapshotTransform
[        ] Transforming jetified-kotlinx-coroutines-core-jvm-1.7.3.jar with BuildToolsApiClasspathEntrySnapshotTransform
[        ] Transforming jetified-kotlin-stdlib-jdk8-1.8.20.jar with BuildToolsApiClasspathEntrySnapshotTransform
[        ] Transforming jetified-kotlin-stdlib-jdk7-1.8.20.jar with BuildToolsApiClasspathEntrySnapshotTransform
[        ] Transforming jetified-kotlin-stdlib-2.1.0.jar with BuildToolsApiClasspathEntrySnapshotTransform
[        ] Transforming jetified-armeabi_v7a_release-1.0.0-a8bfdfc394deaed5c57bd45a64ac4294dc976a72.jar with BuildToolsApiClasspathEntrySnapshotTransform
[        ] Transforming jetified-arm64_v8a_release-1.0.0-a8bfdfc394deaed5c57bd45a64ac4294dc976a72.jar with BuildToolsApiClasspathEntrySnapshotTransform
[        ] Transforming jetified-x86_64_release-1.0.0-a8bfdfc394deaed5c57bd45a64ac4294dc976a72.jar with BuildToolsApiClasspathEntrySnapshotTransform
[        ] Transforming jetified-annotations-23.0.0.jar with BuildToolsApiClasspathEntrySnapshotTransform
[        ] Transforming jetified-startup-runtime-1.1.1-api.jar with BuildToolsApiClasspathEntrySnapshotTransform
[        ] Transforming jetified-tracing-1.2.0-api.jar with BuildToolsApiClasspathEntrySnapshotTransform
[        ] Transforming jetified-relinker-1.4.5-api.jar with BuildToolsApiClasspathEntrySnapshotTransform
[        ] Transforming android.jar with BuildToolsApiClasspathEntrySnapshotTransform
[        ] Transforming core-lambda-stubs.jar with BuildToolsApiClasspathEntrySnapshotTransform
[        ] Transforming libs.jar with JetifyTransform
[        ] Transforming libs.jar with IdentityTransform
[        ] Caching disabled for task ':app:compileReleaseKotlin' because:
[        ]   Build cache is disabled
[        ] Skipping task ':app:compileReleaseKotlin' as it is up-to-date.
[        ] Resolve mutations for :app:javaPreCompileRelease (Thread[#897,Execution worker Thread 8,5,main]) started.
[        ] :app:javaPreCompileRelease (Thread[#897,Execution worker Thread 8,5,main]) started.
[        ] > Task :app:javaPreCompileRelease UP-TO-DATE
[        ] Caching disabled for task ':app:javaPreCompileRelease' because:
[        ]   Build cache is disabled
[        ] Skipping task ':app:javaPreCompileRelease' as it is up-to-date.
[        ] Resolve mutations for :app:compileReleaseJavaWithJavac (Thread[#897,Execution worker Thread 8,5,main]) started.
[        ] :app:compileReleaseJavaWithJavac (Thread[#897,Execution worker Thread 8,5,main]) started.
[        ] > Task :app:compileReleaseJavaWithJavac UP-TO-DATE
[        ] Transforming libs.jar with JetifyTransform
[        ] Transforming libs.jar with IdentityTransform
[        ] Transforming core-for-system-modules.jar with JdkImageTransform
[        ] Transforming core-for-system-modules.jar with JdkImageTransform
[        ] Transforming core-for-system-modules.jar with JdkImageTransform
[        ] Transforming core-for-system-modules.jar with JdkImageTransform
[        ] Transforming libs.jar with JetifyTransform
[        ] Transforming libs.jar with IdentityTransform
[        ] Transforming core-for-system-modules.jar with JdkImageTransform
[        ] Transforming core-for-system-modules.jar with JdkImageTransform
[        ] Custom actions are attached to task ':app:compileReleaseJavaWithJavac'.
[        ] Caching disabled for task ':app:compileReleaseJavaWithJavac' because:
[        ]   Build cache is disabled
[        ] Skipping task ':app:compileReleaseJavaWithJavac' as it is up-to-date.
[        ] No compile result for :app:compileReleaseJavaWithJavac
[        ] No compile result for :app:compileReleaseJavaWithJavac
[        ] Resolve mutations for :device_info_plus:prepareReleaseArtProfile (Thread[#897,Execution worker Thread 8,5,main]) started.
[        ] :device_info_plus:prepareReleaseArtProfile (Thread[#897,Execution worker Thread 8,5,main]) started.
[        ] > Task :device_info_plus:prepareReleaseArtProfile UP-TO-DATE
[        ] Caching disabled for task ':device_info_plus:prepareReleaseArtProfile' because:
[        ]   Build cache is disabled
[        ]   Caching has been disabled for the task
[        ] Skipping task ':device_info_plus:prepareReleaseArtProfile' as it is up-to-date.
[        ] work action resolve baseline-prof.txt (project :device_info_plus) (Thread[#897,Execution worker Thread 8,5,main]) started.
[        ] Resolve mutations for :file_picker:prepareReleaseArtProfile (Thread[#897,Execution worker Thread 8,5,main]) started.
[        ] :file_picker:prepareReleaseArtProfile (Thread[#897,Execution worker Thread 8,5,main]) started.
[        ] > Task :file_picker:prepareReleaseArtProfile UP-TO-DATE
[        ] Caching disabled for task ':file_picker:prepareReleaseArtProfile' because:
[        ]   Build cache is disabled
[        ]   Caching has been disabled for the task
[        ] Skipping task ':file_picker:prepareReleaseArtProfile' as it is up-to-date.
[        ] work action resolve baseline-prof.txt (project :file_picker) (Thread[#897,Execution worker Thread 8,5,main]) started.
[        ] Resolve mutations for :flutter_plugin_android_lifecycle:prepareReleaseArtProfile (Thread[#897,Execution worker Thread 8,5,main]) started.
[        ] :flutter_plugin_android_lifecycle:prepareReleaseArtProfile (Thread[#897,Execution worker Thread 8,5,main]) started.
[        ] > Task :flutter_plugin_android_lifecycle:prepareReleaseArtProfile UP-TO-DATE
[        ] Caching disabled for task ':flutter_plugin_android_lifecycle:prepareReleaseArtProfile' because:
[        ]   Build cache is disabled
[        ]   Caching has been disabled for the task
[        ] Skipping task ':flutter_plugin_android_lifecycle:prepareReleaseArtProfile' as it is up-to-date.
[        ] work action resolve baseline-prof.txt (project :flutter_plugin_android_lifecycle) (Thread[#897,Execution worker Thread 8,5,main]) started.
[        ] Resolve mutations for :image_picker_android:prepareReleaseArtProfile (Thread[#897,Execution worker Thread 8,5,main]) started.
[        ] :image_picker_android:prepareReleaseArtProfile (Thread[#897,Execution worker Thread 8,5,main]) started.
[        ] > Task :image_picker_android:prepareReleaseArtProfile UP-TO-DATE
[        ] Caching disabled for task ':image_picker_android:prepareReleaseArtProfile' because:
[        ]   Build cache is disabled
[        ]   Caching has been disabled for the task
[        ] Skipping task ':image_picker_android:prepareReleaseArtProfile' as it is up-to-date.
[        ] work action resolve baseline-prof.txt (project :image_picker_android) (Thread[#897,Execution worker Thread 8,5,main]) started.
[        ] Resolve mutations for :mobile_scanner:prepareReleaseArtProfile (Thread[#897,Execution worker Thread 8,5,main]) started.
[        ] :mobile_scanner:prepareReleaseArtProfile (Thread[#897,Execution worker Thread 8,5,main]) started.
[        ] > Task :mobile_scanner:prepareReleaseArtProfile UP-TO-DATE
[        ] Caching disabled for task ':mobile_scanner:prepareReleaseArtProfile' because:
[        ]   Build cache is disabled
[        ]   Caching has been disabled for the task
[        ] Skipping task ':mobile_scanner:prepareReleaseArtProfile' as it is up-to-date.
[        ] work action resolve baseline-prof.txt (project :mobile_scanner) (Thread[#897,Execution worker Thread 8,5,main]) started.
[        ] Resolve mutations for :package_info_plus:prepareReleaseArtProfile (Thread[#896,Execution worker Thread 7,5,main]) started.
[        ] :package_info_plus:prepareReleaseArtProfile (Thread[#896,Execution worker Thread 7,5,main]) started.
[        ] > Task :package_info_plus:prepareReleaseArtProfile UP-TO-DATE
[        ] Caching disabled for task ':package_info_plus:prepareReleaseArtProfile' because:
[        ]   Build cache is disabled
[        ]   Caching has been disabled for the task
[        ] Skipping task ':package_info_plus:prepareReleaseArtProfile' as it is up-to-date.
[        ] work action resolve baseline-prof.txt (project :package_info_plus) (Thread[#896,Execution worker Thread 7,5,main]) started.
[        ] Resolve mutations for :path_provider_android:prepareReleaseArtProfile (Thread[#896,Execution worker Thread 7,5,main]) started.
[        ] :path_provider_android:prepareReleaseArtProfile (Thread[#896,Execution worker Thread 7,5,main]) started.
[        ] > Task :path_provider_android:prepareReleaseArtProfile UP-TO-DATE
[        ] Caching disabled for task ':path_provider_android:prepareReleaseArtProfile' because:
[        ]   Build cache is disabled
[        ]   Caching has been disabled for the task
[        ] Skipping task ':path_provider_android:prepareReleaseArtProfile' as it is up-to-date.
[        ] work action resolve baseline-prof.txt (project :path_provider_android) (Thread[#896,Execution worker Thread 7,5,main]) started.
[        ] Resolve mutations for :printing:prepareReleaseArtProfile (Thread[#896,Execution worker Thread 7,5,main]) started.
[        ] :printing:prepareReleaseArtProfile (Thread[#896,Execution worker Thread 7,5,main]) started.
[        ] > Task :printing:prepareReleaseArtProfile UP-TO-DATE
[        ] Caching disabled for task ':printing:prepareReleaseArtProfile' because:
[        ]   Build cache is disabled
[        ]   Caching has been disabled for the task
[        ] Skipping task ':printing:prepareReleaseArtProfile' as it is up-to-date.
[        ] work action resolve baseline-prof.txt (project :printing) (Thread[#896,Execution worker Thread 7,5,main]) started.
[        ] Resolve mutations for :share_plus:prepareReleaseArtProfile (Thread[#896,Execution worker Thread 7,5,main]) started.
[        ] :share_plus:prepareReleaseArtProfile (Thread[#896,Execution worker Thread 7,5,main]) started.
[        ] > Task :share_plus:prepareReleaseArtProfile UP-TO-DATE
[        ] Caching disabled for task ':share_plus:prepareReleaseArtProfile' because:
[        ]   Build cache is disabled
[        ]   Caching has been disabled for the task
[        ] Skipping task ':share_plus:prepareReleaseArtProfile' as it is up-to-date.
[        ] work action resolve baseline-prof.txt (project :share_plus) (Thread[#889,included builds,5,main]) started.
[        ] Resolve mutations for :shared_preferences_android:prepareReleaseArtProfile (Thread[#889,included builds,5,main]) started.
[        ] :shared_preferences_android:prepareReleaseArtProfile (Thread[#889,included builds,5,main]) started.
[        ] > Task :shared_preferences_android:prepareReleaseArtProfile UP-TO-DATE
[        ] Caching disabled for task ':shared_preferences_android:prepareReleaseArtProfile' because:
[        ]   Build cache is disabled
[        ]   Caching has been disabled for the task
[   +1 ms] Skipping task ':shared_preferences_android:prepareReleaseArtProfile' as it is up-to-date.
[        ] work action resolve baseline-prof.txt (project :shared_preferences_android) (Thread[#889,included builds,5,main]) started.
[        ] Resolve mutations for :sqflite_android:prepareReleaseArtProfile (Thread[#889,included builds,5,main]) started.
[        ] :sqflite_android:prepareReleaseArtProfile (Thread[#889,included builds,5,main]) started.
[        ] > Task :sqflite_android:prepareReleaseArtProfile UP-TO-DATE
[        ] Caching disabled for task ':sqflite_android:prepareReleaseArtProfile' because:
[        ]   Build cache is disabled
[        ]   Caching has been disabled for the task
[        ] Skipping task ':sqflite_android:prepareReleaseArtProfile' as it is up-to-date.
[        ] work action resolve baseline-prof.txt (project :sqflite_android) (Thread[#889,included builds,5,main]) started.
[        ] Resolve mutations for :url_launcher_android:prepareReleaseArtProfile (Thread[#889,included builds,5,main]) started.
[        ] :url_launcher_android:prepareReleaseArtProfile (Thread[#889,included builds,5,main]) started.
[        ] > Task :url_launcher_android:prepareReleaseArtProfile UP-TO-DATE
[        ] Caching disabled for task ':url_launcher_android:prepareReleaseArtProfile' because:
[        ]   Build cache is disabled
[        ]   Caching has been disabled for the task
[        ] Skipping task ':url_launcher_android:prepareReleaseArtProfile' as it is up-to-date.
[        ] work action resolve baseline-prof.txt (project :url_launcher_android) (Thread[#889,included builds,5,main]) started.
[        ] Resolve mutations for :vibration:prepareReleaseArtProfile (Thread[#889,included builds,5,main]) started.
[        ] :vibration:prepareReleaseArtProfile (Thread[#889,included builds,5,main]) started.
[        ] > Task :vibration:prepareReleaseArtProfile UP-TO-DATE
[        ] Caching disabled for task ':vibration:prepareReleaseArtProfile' because:
[        ]   Build cache is disabled
[        ]   Caching has been disabled for the task
[        ] Skipping task ':vibration:prepareReleaseArtProfile' as it is up-to-date.
[        ] work action resolve baseline-prof.txt (project :vibration) (Thread[#889,included builds,5,main]) started.
[        ] Resolve mutations for :app:mergeReleaseArtProfile (Thread[#889,included builds,5,main]) started.
[        ] :app:mergeReleaseArtProfile (Thread[#889,included builds,5,main]) started.
[  +71 ms] > Task :app:mergeReleaseArtProfile UP-TO-DATE
[        ] Transforming barcode-scanning-17.3.0.aar (com.google.mlkit:barcode-scanning:17.3.0) with JetifyTransform
[        ] Transforming barcode-scanning-17.3.0.aar (com.google.mlkit:barcode-scanning:17.3.0) with ExtractAarTransform
[        ] Transforming barcode-scanning-17.3.0.aar (com.google.mlkit:barcode-scanning:17.3.0) with AarTransform
[        ] Transforming play-services-mlkit-barcode-scanning-18.3.1.aar (com.google.android.gms:play-services-mlkit-barcode-scanning:18.3.1) with JetifyTransform
[        ] Transforming play-services-mlkit-barcode-scanning-18.3.1.aar (com.google.android.gms:play-services-mlkit-barcode-scanning:18.3.1) with ExtractAarTransform
[        ] Transforming play-services-mlkit-barcode-scanning-18.3.1.aar (com.google.android.gms:play-services-mlkit-barcode-scanning:18.3.1) with AarTransform
[        ] Transforming barcode-scanning-common-17.0.0.aar (com.google.mlkit:barcode-scanning-common:17.0.0) with JetifyTransform
[        ] Transforming barcode-scanning-common-17.0.0.aar (com.google.mlkit:barcode-scanning-common:17.0.0) with ExtractAarTransform
[        ] Transforming barcode-scanning-common-17.0.0.aar (com.google.mlkit:barcode-scanning-common:17.0.0) with AarTransform
[        ] Transforming vision-common-17.3.0.aar (com.google.mlkit:vision-common:17.3.0) with JetifyTransform
[        ] Transforming vision-common-17.3.0.aar (com.google.mlkit:vision-common:17.3.0) with ExtractAarTransform
[        ] Transforming vision-common-17.3.0.aar (com.google.mlkit:vision-common:17.3.0) with AarTransform
[        ] Transforming common-18.11.0.aar (com.google.mlkit:common:18.11.0) with JetifyTransform
[        ] Transforming common-18.11.0.aar (com.google.mlkit:common:18.11.0) with ExtractAarTransform
[        ] Transforming common-18.11.0.aar (com.google.mlkit:common:18.11.0) with AarTransform
[        ] Transforming play-services-base-18.5.0.aar (com.google.android.gms:play-services-base:18.5.0) with JetifyTransform
[        ] Transforming play-services-base-18.5.0.aar (com.google.android.gms:play-services-base:18.5.0) with ExtractAarTransform
[        ] Transforming play-services-base-18.5.0.aar (com.google.android.gms:play-services-base:18.5.0) with AarTransform
[        ] Transforming vision-interfaces-16.3.0.aar (com.google.mlkit:vision-interfaces:16.3.0) with JetifyTransform
[        ] Transforming vision-interfaces-16.3.0.aar (com.google.mlkit:vision-interfaces:16.3.0) with ExtractAarTransform
[        ] Transforming vision-interfaces-16.3.0.aar (com.google.mlkit:vision-interfaces:16.3.0) with AarTransform
[        ] Transforming play-services-tasks-18.2.0.aar (com.google.android.gms:play-services-tasks:18.2.0) with JetifyTransform
[        ] Transforming play-services-tasks-18.2.0.aar (com.google.android.gms:play-services-tasks:18.2.0) with ExtractAarTransform
[        ] Transforming play-services-tasks-18.2.0.aar (com.google.android.gms:play-services-tasks:18.2.0) with AarTransform
[        ] Transforming play-services-basement-18.4.0.aar (com.google.android.gms:play-services-basement:18.4.0) with JetifyTransform
[        ] Transforming play-services-basement-18.4.0.aar (com.google.android.gms:play-services-basement:18.4.0) with ExtractAarTransform
[        ] Transforming play-services-basement-18.4.0.aar (com.google.android.gms:play-services-basement:18.4.0) with AarTransform
[        ] Transforming preference-1.2.1.aar (androidx.preference:preference:1.2.1) with JetifyTransform
[        ] Transforming preference-1.2.1.aar (androidx.preference:preference:1.2.1) with ExtractAarTransform
[        ] Transforming preference-1.2.1.aar (androidx.preference:preference:1.2.1) with AarTransform
[        ] Transforming fragment-ktx-1.7.1.aar (androidx.fragment:fragment-ktx:1.7.1) with JetifyTransform
[        ] Transforming fragment-ktx-1.7.1.aar (androidx.fragment:fragment-ktx:1.7.1) with ExtractAarTransform
[        ] Transforming fragment-ktx-1.7.1.aar (androidx.fragment:fragment-ktx:1.7.1) with AarTransform
[        ] Transforming appcompat-resources-1.6.1.aar (androidx.appcompat:appcompat-resources:1.6.1) with JetifyTransform
[        ] Transforming appcompat-resources-1.6.1.aar (androidx.appcompat:appcompat-resources:1.6.1) with ExtractAarTransform
[        ] Transforming appcompat-resources-1.6.1.aar (androidx.appcompat:appcompat-resources:1.6.1) with AarTransform
[        ] Transforming appcompat-1.6.1.aar (androidx.appcompat:appcompat:1.6.1) with JetifyTransform
[        ] Transforming appcompat-1.6.1.aar (androidx.appcompat:appcompat:1.6.1) with ExtractAarTransform
[        ] Transforming appcompat-1.6.1.aar (androidx.appcompat:appcompat:1.6.1) with AarTransform
[        ] Transforming appcompat-1.6.1.aar (androidx.appcompat:appcompat:1.6.1) with JetifyTransform
[        ] Transforming appcompat-1.6.1.aar (androidx.appcompat:appcompat:1.6.1) with ExtractAarTransform
[        ] Transforming appcompat-1.6.1.aar (androidx.appcompat:appcompat:1.6.1) with AarTransform
[        ] Transforming fragment-1.7.1.aar (androidx.fragment:fragment:1.7.1) with JetifyTransform
[        ] Transforming fragment-1.7.1.aar (androidx.fragment:fragment:1.7.1) with ExtractAarTransform
[        ] Transforming fragment-1.7.1.aar (androidx.fragment:fragment:1.7.1) with AarTransform
[        ] Transforming fragment-1.7.1.aar (androidx.fragment:fragment:1.7.1) with JetifyTransform
[        ] Transforming fragment-1.7.1.aar (androidx.fragment:fragment:1.7.1) with ExtractAarTransform
[        ] Transforming fragment-1.7.1.aar (androidx.fragment:fragment:1.7.1) with AarTransform
[        ] Transforming activity-ktx-1.9.3.aar (androidx.activity:activity-ktx:1.9.3) with JetifyTransform
[        ] Transforming activity-ktx-1.9.3.aar (androidx.activity:activity-ktx:1.9.3) with ExtractAarTransform
[        ] Transforming activity-ktx-1.9.3.aar (androidx.activity:activity-ktx:1.9.3) with AarTransform
[        ] Transforming activity-1.9.3.aar (androidx.activity:activity:1.9.3) with JetifyTransform
[        ] Transforming activity-1.9.3.aar (androidx.activity:activity:1.9.3) with ExtractAarTransform
[        ] Transforming activity-1.9.3.aar (androidx.activity:activity:1.9.3) with AarTransform
[        ] Transforming camera-core-1.4.2.aar (androidx.camera:camera-core:1.4.2) with JetifyTransform
[        ] Transforming camera-core-1.4.2.aar (androidx.camera:camera-core:1.4.2) with ExtractAarTransform
[        ] Transforming camera-core-1.4.2.aar (androidx.camera:camera-core:1.4.2) with AarTransform
[        ] Transforming camera-camera2-1.4.2.aar (androidx.camera:camera-camera2:1.4.2) with JetifyTransform
[        ] Transforming camera-camera2-1.4.2.aar (androidx.camera:camera-camera2:1.4.2) with ExtractAarTransform
[        ] Transforming camera-camera2-1.4.2.aar (androidx.camera:camera-camera2:1.4.2) with AarTransform
[        ] Transforming camera-lifecycle-1.4.2.aar (androidx.camera:camera-lifecycle:1.4.2) with JetifyTransform
[        ] Transforming camera-lifecycle-1.4.2.aar (androidx.camera:camera-lifecycle:1.4.2) with ExtractAarTransform
[        ] Transforming camera-lifecycle-1.4.2.aar (androidx.camera:camera-lifecycle:1.4.2) with AarTransform
[        ] Transforming browser-1.8.0.aar (androidx.browser:browser:1.8.0) with JetifyTransform
[        ] Transforming browser-1.8.0.aar (androidx.browser:browser:1.8.0) with ExtractAarTransform
[        ] Transforming browser-1.8.0.aar (androidx.browser:browser:1.8.0) with AarTransform
[        ] Transforming recyclerview-1.0.0.aar (androidx.recyclerview:recyclerview:1.0.0) with JetifyTransform
[        ] Transforming recyclerview-1.0.0.aar (androidx.recyclerview:recyclerview:1.0.0) with ExtractAarTransform
[        ] Transforming recyclerview-1.0.0.aar (androidx.recyclerview:recyclerview:1.0.0) with AarTransform
[        ] Transforming legacy-support-core-ui-1.0.0.aar (androidx.legacy:legacy-support-core-ui:1.0.0) with JetifyTransform
[        ] Transforming legacy-support-core-ui-1.0.0.aar (androidx.legacy:legacy-support-core-ui:1.0.0) with ExtractAarTransform
[        ] Transforming legacy-support-core-ui-1.0.0.aar (androidx.legacy:legacy-support-core-ui:1.0.0) with AarTransform
[        ] Transforming slidingpanelayout-1.2.0.aar (androidx.slidingpanelayout:slidingpanelayout:1.2.0) with JetifyTransform
[        ] Transforming slidingpanelayout-1.2.0.aar (androidx.slidingpanelayout:slidingpanelayout:1.2.0) with ExtractAarTransform
[        ] Transforming slidingpanelayout-1.2.0.aar (androidx.slidingpanelayout:slidingpanelayout:1.2.0) with AarTransform
[        ] Transforming slidingpanelayout-1.2.0.aar (androidx.slidingpanelayout:slidingpanelayout:1.2.0) with JetifyTransform
[        ] Transforming slidingpanelayout-1.2.0.aar (androidx.slidingpanelayout:slidingpanelayout:1.2.0) with ExtractAarTransform
[        ] Transforming slidingpanelayout-1.2.0.aar (androidx.slidingpanelayout:slidingpanelayout:1.2.0) with AarTransform
[        ] Transforming window-1.2.0.aar (androidx.window:window:1.2.0) with JetifyTransform
[        ] Transforming window-1.2.0.aar (androidx.window:window:1.2.0) with ExtractAarTransform
[        ] Transforming window-1.2.0.aar (androidx.window:window:1.2.0) with AarTransform
[        ] Transforming window-java-1.2.0.aar (androidx.window:window-java:1.2.0) with JetifyTransform
[        ] Transforming window-java-1.2.0.aar (androidx.window:window-java:1.2.0) with ExtractAarTransform
[        ] Transforming window-java-1.2.0.aar (androidx.window:window-java:1.2.0) with AarTransform
[        ] Transforming legacy-support-core-utils-1.0.0.aar (androidx.legacy:legacy-support-core-utils:1.0.0) with JetifyTransform
[        ] Transforming legacy-support-core-utils-1.0.0.aar (androidx.legacy:legacy-support-core-utils:1.0.0) with ExtractAarTransform
[        ] Transforming legacy-support-core-utils-1.0.0.aar (androidx.legacy:legacy-support-core-utils:1.0.0) with AarTransform
[        ] Transforming loader-1.0.0.aar (androidx.loader:loader:1.0.0) with JetifyTransform
[        ] Transforming loader-1.0.0.aar (androidx.loader:loader:1.0.0) with ExtractAarTransform
[        ] Transforming loader-1.0.0.aar (androidx.loader:loader:1.0.0) with AarTransform
[        ] Transforming loader-1.0.0.aar (androidx.loader:loader:1.0.0) with JetifyTransform
[        ] Transforming loader-1.0.0.aar (androidx.loader:loader:1.0.0) with ExtractAarTransform
[        ] Transforming loader-1.0.0.aar (androidx.loader:loader:1.0.0) with AarTransform
[        ] Transforming lifecycle-livedata-core-ktx-2.7.0.aar (androidx.lifecycle:lifecycle-livedata-core-ktx:2.7.0) with JetifyTransform
[        ] Transforming lifecycle-livedata-core-ktx-2.7.0.aar (androidx.lifecycle:lifecycle-livedata-core-ktx:2.7.0) with ExtractAarTransform
[        ] Transforming lifecycle-livedata-core-ktx-2.7.0.aar (androidx.lifecycle:lifecycle-livedata-core-ktx:2.7.0) with AarTransform
[        ] Transforming lifecycle-viewmodel-ktx-2.7.0.aar (androidx.lifecycle:lifecycle-viewmodel-ktx:2.7.0) with JetifyTransform
[        ] Transforming lifecycle-viewmodel-ktx-2.7.0.aar (androidx.lifecycle:lifecycle-viewmodel-ktx:2.7.0) with ExtractAarTransform
[        ] Transforming lifecycle-viewmodel-ktx-2.7.0.aar (androidx.lifecycle:lifecycle-viewmodel-ktx:2.7.0) with AarTransform
[        ] Transforming lifecycle-runtime-ktx-2.7.0.aar (androidx.lifecycle:lifecycle-runtime-ktx:2.7.0) with JetifyTransform
[        ] Transforming lifecycle-runtime-ktx-2.7.0.aar (androidx.lifecycle:lifecycle-runtime-ktx:2.7.0) with ExtractAarTransform
[        ] Transforming lifecycle-runtime-ktx-2.7.0.aar (androidx.lifecycle:lifecycle-runtime-ktx:2.7.0) with AarTransform
[        ] Transforming lifecycle-livedata-2.7.0.aar (androidx.lifecycle:lifecycle-livedata:2.7.0) with JetifyTransform
[        ] Transforming lifecycle-livedata-2.7.0.aar (androidx.lifecycle:lifecycle-livedata:2.7.0) with ExtractAarTransform
[        ] Transforming lifecycle-livedata-2.7.0.aar (androidx.lifecycle:lifecycle-livedata:2.7.0) with AarTransform
[        ] Transforming lifecycle-livedata-2.7.0.aar (androidx.lifecycle:lifecycle-livedata:2.7.0) with JetifyTransform
[        ] Transforming lifecycle-livedata-2.7.0.aar (androidx.lifecycle:lifecycle-livedata:2.7.0) with ExtractAarTransform
[        ] Transforming lifecycle-livedata-2.7.0.aar (androidx.lifecycle:lifecycle-livedata:2.7.0) with AarTransform
[        ] Transforming lifecycle-livedata-core-2.7.0.aar (androidx.lifecycle:lifecycle-livedata-core:2.7.0) with JetifyTransform
[        ] Transforming lifecycle-livedata-core-2.7.0.aar (androidx.lifecycle:lifecycle-livedata-core:2.7.0) with ExtractAarTransform
[        ] Transforming lifecycle-livedata-core-2.7.0.aar (androidx.lifecycle:lifecycle-livedata-core:2.7.0) with AarTransform
[        ] Transforming lifecycle-viewmodel-2.7.0.aar (androidx.lifecycle:lifecycle-viewmodel:2.7.0) with JetifyTransform
[        ] Transforming lifecycle-viewmodel-2.7.0.aar (androidx.lifecycle:lifecycle-viewmodel:2.7.0) with ExtractAarTransform
[        ] Transforming lifecycle-viewmodel-2.7.0.aar (androidx.lifecycle:lifecycle-viewmodel:2.7.0) with AarTransform
[        ] Transforming lifecycle-viewmodel-2.7.0.aar (androidx.lifecycle:lifecycle-viewmodel:2.7.0) with JetifyTransform
[        ] Transforming lifecycle-viewmodel-2.7.0.aar (androidx.lifecycle:lifecycle-viewmodel:2.7.0) with ExtractAarTransform
[        ] Transforming lifecycle-viewmodel-2.7.0.aar (androidx.lifecycle:lifecycle-viewmodel:2.7.0) with AarTransform
[        ] Transforming emoji2-views-helper-1.2.0.aar (androidx.emoji2:emoji2-views-helper:1.2.0) with JetifyTransform
[        ] Transforming emoji2-views-helper-1.2.0.aar (androidx.emoji2:emoji2-views-helper:1.2.0) with ExtractAarTransform
[        ] Transforming emoji2-views-helper-1.2.0.aar (androidx.emoji2:emoji2-views-helper:1.2.0) with AarTransform
[        ] Transforming emoji2-1.2.0.aar (androidx.emoji2:emoji2:1.2.0) with JetifyTransform
[        ] Transforming emoji2-1.2.0.aar (androidx.emoji2:emoji2:1.2.0) with ExtractAarTransform
[        ] Transforming emoji2-1.2.0.aar (androidx.emoji2:emoji2:1.2.0) with AarTransform
[        ] Transforming lifecycle-process-2.7.0.aar (androidx.lifecycle:lifecycle-process:2.7.0) with JetifyTransform
[        ] Transforming lifecycle-process-2.7.0.aar (androidx.lifecycle:lifecycle-process:2.7.0) with ExtractAarTransform
[        ] Transforming lifecycle-process-2.7.0.aar (androidx.lifecycle:lifecycle-process:2.7.0) with AarTransform
[        ] Transforming savedstate-ktx-1.2.1.aar (androidx.savedstate:savedstate-ktx:1.2.1) with JetifyTransform
[        ] Transforming savedstate-ktx-1.2.1.aar (androidx.savedstate:savedstate-ktx:1.2.1) with ExtractAarTransform
[        ] Transforming savedstate-ktx-1.2.1.aar (androidx.savedstate:savedstate-ktx:1.2.1) with AarTransform
[        ] Transforming savedstate-1.2.1.aar (androidx.savedstate:savedstate:1.2.1) with JetifyTransform
[        ] Transforming savedstate-1.2.1.aar (androidx.savedstate:savedstate:1.2.1) with ExtractAarTransform
[        ] Transforming savedstate-1.2.1.aar (androidx.savedstate:savedstate:1.2.1) with AarTransform
[        ] Transforming lifecycle-runtime-2.7.0.aar (androidx.lifecycle:lifecycle-runtime:2.7.0) with JetifyTransform
[        ] Transforming lifecycle-runtime-2.7.0.aar (androidx.lifecycle:lifecycle-runtime:2.7.0) with ExtractAarTransform
[        ] Transforming lifecycle-runtime-2.7.0.aar (androidx.lifecycle:lifecycle-runtime:2.7.0) with AarTransform
[        ] Transforming lifecycle-viewmodel-savedstate-2.7.0.aar (androidx.lifecycle:lifecycle-viewmodel-savedstate:2.7.0) with JetifyTransform
[        ] Transforming lifecycle-viewmodel-savedstate-2.7.0.aar (androidx.lifecycle:lifecycle-viewmodel-savedstate:2.7.0) with ExtractAarTransform
[        ] Transforming lifecycle-viewmodel-savedstate-2.7.0.aar (androidx.lifecycle:lifecycle-viewmodel-savedstate:2.7.0) with AarTransform
[        ] Transforming core-ktx-1.13.1.aar (androidx.core:core-ktx:1.13.1) with JetifyTransform
[        ] Transforming core-ktx-1.13.1.aar (androidx.core:core-ktx:1.13.1) with ExtractAarTransform
[        ] Transforming core-ktx-1.13.1.aar (androidx.core:core-ktx:1.13.1) with AarTransform
[        ] Transforming viewpager-1.0.0.aar (androidx.viewpager:viewpager:1.0.0) with JetifyTransform
[        ] Transforming viewpager-1.0.0.aar (androidx.viewpager:viewpager:1.0.0) with ExtractAarTransform
[        ] Transforming viewpager-1.0.0.aar (androidx.viewpager:viewpager:1.0.0) with AarTransform
[        ] Transforming viewpager-1.0.0.aar (androidx.viewpager:viewpager:1.0.0) with JetifyTransform
[        ] Transforming viewpager-1.0.0.aar (androidx.viewpager:viewpager:1.0.0) with ExtractAarTransform
[        ] Transforming viewpager-1.0.0.aar (androidx.viewpager:viewpager:1.0.0) with AarTransform
[        ] Transforming drawerlayout-1.0.0.aar (androidx.drawerlayout:drawerlayout:1.0.0) with JetifyTransform
[        ] Transforming drawerlayout-1.0.0.aar (androidx.drawerlayout:drawerlayout:1.0.0) with ExtractAarTransform
[        ] Transforming drawerlayout-1.0.0.aar (androidx.drawerlayout:drawerlayout:1.0.0) with AarTransform
[        ] Transforming drawerlayout-1.0.0.aar (androidx.drawerlayout:drawerlayout:1.0.0) with JetifyTransform
[        ] Transforming drawerlayout-1.0.0.aar (androidx.drawerlayout:drawerlayout:1.0.0) with ExtractAarTransform
[        ] Transforming drawerlayout-1.0.0.aar (androidx.drawerlayout:drawerlayout:1.0.0) with AarTransform
[        ] Transforming coordinatorlayout-1.0.0.aar (androidx.coordinatorlayout:coordinatorlayout:1.0.0) with JetifyTransform
[        ] Transforming coordinatorlayout-1.0.0.aar (androidx.coordinatorlayout:coordinatorlayout:1.0.0) with ExtractAarTransform
[        ] Transforming coordinatorlayout-1.0.0.aar (androidx.coordinatorlayout:coordinatorlayout:1.0.0) with AarTransform
[        ] Transforming customview-1.1.0.aar (androidx.customview:customview:1.1.0) with JetifyTransform
[        ] Transforming customview-1.1.0.aar (androidx.customview:customview:1.1.0) with ExtractAarTransform
[        ] Transforming customview-1.1.0.aar (androidx.customview:customview:1.1.0) with AarTransform
[        ] Transforming customview-1.1.0.aar (androidx.customview:customview:1.1.0) with JetifyTransform
[        ] Transforming customview-1.1.0.aar (androidx.customview:customview:1.1.0) with ExtractAarTransform
[        ] Transforming customview-1.1.0.aar (androidx.customview:customview:1.1.0) with AarTransform
[        ] Transforming transition-1.4.1.aar (androidx.transition:transition:1.4.1) with JetifyTransform
[        ] Transforming transition-1.4.1.aar (androidx.transition:transition:1.4.1) with ExtractAarTransform
[   +1 ms] Transforming transition-1.4.1.aar (androidx.transition:transition:1.4.1) with AarTransform
[        ] Transforming swiperefreshlayout-1.0.0.aar (androidx.swiperefreshlayout:swiperefreshlayout:1.0.0) with JetifyTransform
[        ] Transforming swiperefreshlayout-1.0.0.aar (androidx.swiperefreshlayout:swiperefreshlayout:1.0.0) with ExtractAarTransform
[        ] Transforming swiperefreshlayout-1.0.0.aar (androidx.swiperefreshlayout:swiperefreshlayout:1.0.0) with AarTransform
[        ] Transforming asynclayoutinflater-1.0.0.aar (androidx.asynclayoutinflater:asynclayoutinflater:1.0.0) with JetifyTransform
[        ] Transforming asynclayoutinflater-1.0.0.aar (androidx.asynclayoutinflater:asynclayoutinflater:1.0.0) with ExtractAarTransform
[        ] Transforming asynclayoutinflater-1.0.0.aar (androidx.asynclayoutinflater:asynclayoutinflater:1.0.0) with AarTransform
[        ] Transforming vectordrawable-animated-1.1.0.aar (androidx.vectordrawable:vectordrawable-animated:1.1.0) with JetifyTransform
[        ] Transforming vectordrawable-animated-1.1.0.aar (androidx.vectordrawable:vectordrawable-animated:1.1.0) with ExtractAarTransform
[        ] Transforming vectordrawable-animated-1.1.0.aar (androidx.vectordrawable:vectordrawable-animated:1.1.0) with AarTransform
[        ] Transforming vectordrawable-1.1.0.aar (androidx.vectordrawable:vectordrawable:1.1.0) with JetifyTransform
[        ] Transforming vectordrawable-1.1.0.aar (androidx.vectordrawable:vectordrawable:1.1.0) with ExtractAarTransform
[        ] Transforming vectordrawable-1.1.0.aar (androidx.vectordrawable:vectordrawable:1.1.0) with AarTransform
[        ] Transforming vectordrawable-1.1.0.aar (androidx.vectordrawable:vectordrawable:1.1.0) with JetifyTransform
[        ] Transforming vectordrawable-1.1.0.aar (androidx.vectordrawable:vectordrawable:1.1.0) with ExtractAarTransform
[        ] Transforming vectordrawable-1.1.0.aar (androidx.vectordrawable:vectordrawable:1.1.0) with AarTransform
[        ] Transforming core-1.13.1.aar (androidx.core:core:1.13.1) with JetifyTransform
[        ] Transforming core-1.13.1.aar (androidx.core:core:1.13.1) with ExtractAarTransform
[        ] Transforming core-1.13.1.aar (androidx.core:core:1.13.1) with AarTransform
[        ] Transforming core-1.13.1.aar (androidx.core:core:1.13.1) with JetifyTransform
[        ] Transforming core-1.13.1.aar (androidx.core:core:1.13.1) with ExtractAarTransform
[        ] Transforming core-1.13.1.aar (androidx.core:core:1.13.1) with AarTransform
[        ] Transforming exifinterface-1.3.7.aar (androidx.exifinterface:exifinterface:1.3.7) with JetifyTransform
[        ] Transforming exifinterface-1.3.7.aar (androidx.exifinterface:exifinterface:1.3.7) with ExtractAarTransform
[        ] Transforming exifinterface-1.3.7.aar (androidx.exifinterface:exifinterface:1.3.7) with AarTransform
[        ] Transforming exifinterface-1.3.7.aar (androidx.exifinterface:exifinterface:1.3.7) with JetifyTransform
[        ] Transforming exifinterface-1.3.7.aar (androidx.exifinterface:exifinterface:1.3.7) with ExtractAarTransform
[        ] Transforming exifinterface-1.3.7.aar (androidx.exifinterface:exifinterface:1.3.7) with AarTransform
[        ] Transforming tracing-ktx-1.2.0.aar (androidx.tracing:tracing-ktx:1.2.0) with JetifyTransform
[        ] Transforming tracing-ktx-1.2.0.aar (androidx.tracing:tracing-ktx:1.2.0) with ExtractAarTransform
[        ] Transforming tracing-ktx-1.2.0.aar (androidx.tracing:tracing-ktx:1.2.0) with AarTransform
[        ] Transforming profileinstaller-1.3.1.aar (androidx.profileinstaller:profileinstaller:1.3.1) with JetifyTransform
[        ] Transforming profileinstaller-1.3.1.aar (androidx.profileinstaller:profileinstaller:1.3.1) with ExtractAarTransform
[        ] Transforming profileinstaller-1.3.1.aar (androidx.profileinstaller:profileinstaller:1.3.1) with AarTransform
[        ] Transforming startup-runtime-1.1.1.aar (androidx.startup:startup-runtime:1.1.1) with JetifyTransform
[        ] Transforming startup-runtime-1.1.1.aar (androidx.startup:startup-runtime:1.1.1) with ExtractAarTransform
[        ] Transforming startup-runtime-1.1.1.aar (androidx.startup:startup-runtime:1.1.1) with AarTransform
[        ] Transforming tracing-1.2.0.aar (androidx.tracing:tracing:1.2.0) with JetifyTransform
[        ] Transforming tracing-1.2.0.aar (androidx.tracing:tracing:1.2.0) with ExtractAarTransform
[        ] Transforming tracing-1.2.0.aar (androidx.tracing:tracing:1.2.0) with AarTransform
[        ] Transforming interpolator-1.0.0.aar (androidx.interpolator:interpolator:1.0.0) with JetifyTransform
[        ] Transforming interpolator-1.0.0.aar (androidx.interpolator:interpolator:1.0.0) with ExtractAarTransform
[        ] Transforming interpolator-1.0.0.aar (androidx.interpolator:interpolator:1.0.0) with AarTransform
[        ] Transforming interpolator-1.0.0.aar (androidx.interpolator:interpolator:1.0.0) with JetifyTransform
[        ] Transforming interpolator-1.0.0.aar (androidx.interpolator:interpolator:1.0.0) with ExtractAarTransform
[        ] Transforming interpolator-1.0.0.aar (androidx.interpolator:interpolator:1.0.0) with AarTransform
[        ] Transforming versionedparcelable-1.1.1.aar (androidx.versionedparcelable:versionedparcelable:1.1.1) with JetifyTransform
[        ] Transforming versionedparcelable-1.1.1.aar (androidx.versionedparcelable:versionedparcelable:1.1.1) with ExtractAarTransform
[        ] Transforming versionedparcelable-1.1.1.aar (androidx.versionedparcelable:versionedparcelable:1.1.1) with AarTransform
[        ] Transforming datastore-core-release.aar (androidx.datastore:datastore-core-android:1.1.3) with JetifyTransform
[        ] Transforming datastore-core-release.aar (androidx.datastore:datastore-core-android:1.1.3) with ExtractAarTransform
[        ] Transforming datastore-core-release.aar (androidx.datastore:datastore-core-android:1.1.3) with AarTransform
[        ] Transforming datastore-preferences-release.aar (androidx.datastore:datastore-preferences-android:1.1.3) with JetifyTransform
[        ] Transforming datastore-preferences-release.aar (androidx.datastore:datastore-preferences-android:1.1.3) with ExtractAarTransform
[        ] Transforming datastore-preferences-release.aar (androidx.datastore:datastore-preferences-android:1.1.3) with AarTransform
[        ] Transforming datastore-release.aar (androidx.datastore:datastore-android:1.1.3) with JetifyTransform
[        ] Transforming datastore-release.aar (androidx.datastore:datastore-android:1.1.3) with ExtractAarTransform
[        ] Transforming datastore-release.aar (androidx.datastore:datastore-android:1.1.3) with AarTransform
[        ] Transforming core-runtime-2.2.0.aar (androidx.arch.core:core-runtime:2.2.0) with JetifyTransform
[        ] Transforming core-runtime-2.2.0.aar (androidx.arch.core:core-runtime:2.2.0) with ExtractAarTransform
[        ] Transforming core-runtime-2.2.0.aar (androidx.arch.core:core-runtime:2.2.0) with AarTransform
[        ] Transforming transport-backend-cct-2.3.3.aar (com.google.android.datatransport:transport-backend-cct:2.3.3) with JetifyTransform
[        ] Transforming transport-backend-cct-2.3.3.aar (com.google.android.datatransport:transport-backend-cct:2.3.3) with ExtractAarTransform
[        ] Transforming transport-backend-cct-2.3.3.aar (com.google.android.datatransport:transport-backend-cct:2.3.3) with AarTransform
[        ] Transforming transport-runtime-2.2.6.aar (com.google.android.datatransport:transport-runtime:2.2.6) with JetifyTransform
[        ] Transforming transport-runtime-2.2.6.aar (com.google.android.datatransport:transport-runtime:2.2.6) with ExtractAarTransform
[        ] Transforming transport-runtime-2.2.6.aar (com.google.android.datatransport:transport-runtime:2.2.6) with AarTransform
[        ] Transforming transport-api-2.2.1.aar (com.google.android.datatransport:transport-api:2.2.1) with JetifyTransform
[        ] Transforming transport-api-2.2.1.aar (com.google.android.datatransport:transport-api:2.2.1) with ExtractAarTransform
[        ] Transforming transport-api-2.2.1.aar (com.google.android.datatransport:transport-api:2.2.1) with AarTransform
[        ] Transforming firebase-components-16.1.0.aar (com.google.firebase:firebase-components:16.1.0) with JetifyTransform
[        ] Transforming firebase-components-16.1.0.aar (com.google.firebase:firebase-components:16.1.0) with ExtractAarTransform
[        ] Transforming firebase-components-16.1.0.aar (com.google.firebase:firebase-components:16.1.0) with AarTransform
[        ] Transforming firebase-encoders-json-17.1.0.aar (com.google.firebase:firebase-encoders-json:17.1.0) with JetifyTransform
[        ] Transforming firebase-encoders-json-17.1.0.aar (com.google.firebase:firebase-encoders-json:17.1.0) with ExtractAarTransform
[        ] Transforming firebase-encoders-json-17.1.0.aar (com.google.firebase:firebase-encoders-json:17.1.0) with AarTransform
[        ] Transforming core-1.0.0.aar (androidx.window.extensions.core:core:1.0.0) with JetifyTransform
[        ] Transforming core-1.0.0.aar (androidx.window.extensions.core:core:1.0.0) with ExtractAarTransform
[        ] Transforming core-1.0.0.aar (androidx.window.extensions.core:core:1.0.0) with AarTransform
[        ] Transforming cursoradapter-1.0.0.aar (androidx.cursoradapter:cursoradapter:1.0.0) with JetifyTransform
[        ] Transforming cursoradapter-1.0.0.aar (androidx.cursoradapter:cursoradapter:1.0.0) with ExtractAarTransform
[        ] Transforming cursoradapter-1.0.0.aar (androidx.cursoradapter:cursoradapter:1.0.0) with AarTransform
[        ] Transforming cursoradapter-1.0.0.aar (androidx.cursoradapter:cursoradapter:1.0.0) with JetifyTransform
[        ] Transforming cursoradapter-1.0.0.aar (androidx.cursoradapter:cursoradapter:1.0.0) with ExtractAarTransform
[        ] Transforming cursoradapter-1.0.0.aar (androidx.cursoradapter:cursoradapter:1.0.0) with AarTransform
[        ] Transforming documentfile-1.0.0.aar (androidx.documentfile:documentfile:1.0.0) with JetifyTransform
[        ] Transforming documentfile-1.0.0.aar (androidx.documentfile:documentfile:1.0.0) with ExtractAarTransform
[        ] Transforming documentfile-1.0.0.aar (androidx.documentfile:documentfile:1.0.0) with AarTransform
[        ] Transforming localbroadcastmanager-1.0.0.aar (androidx.localbroadcastmanager:localbroadcastmanager:1.0.0) with JetifyTransform
[        ] Transforming localbroadcastmanager-1.0.0.aar (androidx.localbroadcastmanager:localbroadcastmanager:1.0.0) with ExtractAarTransform
[        ] Transforming localbroadcastmanager-1.0.0.aar (androidx.localbroadcastmanager:localbroadcastmanager:1.0.0) with AarTransform
[        ] Transforming print-1.0.0.aar (androidx.print:print:1.0.0) with JetifyTransform
[        ] Transforming print-1.0.0.aar (androidx.print:print:1.0.0) with ExtractAarTransform
[        ] Transforming print-1.0.0.aar (androidx.print:print:1.0.0) with AarTransform
[        ] Transforming annotation-experimental-1.4.1.aar (androidx.annotation:annotation-experimental:1.4.1) with JetifyTransform
[        ] Transforming annotation-experimental-1.4.1.aar (androidx.annotation:annotation-experimental:1.4.1) with ExtractAarTransform
[        ] Transforming annotation-experimental-1.4.1.aar (androidx.annotation:annotation-experimental:1.4.1) with AarTransform
[        ] Transforming relinker-1.4.5.aar (com.getkeepsafe.relinker:relinker:1.4.5) with JetifyTransform
[        ] Transforming relinker-1.4.5.aar (com.getkeepsafe.relinker:relinker:1.4.5) with ExtractAarTransform
[        ] Transforming relinker-1.4.5.aar (com.getkeepsafe.relinker:relinker:1.4.5) with AarTransform
[        ] Transforming image-1.0.0-beta1.aar (com.google.android.odml:image:1.0.0-beta1) with JetifyTransform
[        ] Transforming image-1.0.0-beta1.aar (com.google.android.odml:image:1.0.0-beta1) with ExtractAarTransform
[        ] Transforming image-1.0.0-beta1.aar (com.google.android.odml:image:1.0.0-beta1) with AarTransform
[        ] Caching disabled for task ':app:mergeReleaseArtProfile' because:
[        ]   Build cache is disabled
[        ]   Simple merging task
[        ] Skipping task ':app:mergeReleaseArtProfile' as it is up-to-date.
[        ] Resolve mutations for :device_info_plus:bundleLibRuntimeToJarRelease (Thread[#889,included builds,5,main]) started.
[        ] :device_info_plus:bundleLibRuntimeToJarRelease (Thread[#889,included builds,5,main]) started.
[        ] > Task :device_info_plus:bundleLibRuntimeToJarRelease UP-TO-DATE
[        ] Caching disabled for task ':device_info_plus:bundleLibRuntimeToJarRelease' because:
[        ]   Build cache is disabled
[        ]   Simple merging task
[        ] Skipping task ':device_info_plus:bundleLibRuntimeToJarRelease' as it is up-to-date.
[        ] work action resolve classes.jar (project :device_info_plus) (Thread[#889,included builds,5,main]) started.
[        ] Resolve mutations for :file_picker:bundleLibRuntimeToJarRelease (Thread[#893,Execution worker Thread 4,5,main]) started.
[        ] :file_picker:bundleLibRuntimeToJarRelease (Thread[#893,Execution worker Thread 4,5,main]) started.
[        ] > Task :file_picker:bundleLibRuntimeToJarRelease UP-TO-DATE
[        ] Caching disabled for task ':file_picker:bundleLibRuntimeToJarRelease' because:
[        ]   Build cache is disabled
[        ]   Simple merging task
[        ] Skipping task ':file_picker:bundleLibRuntimeToJarRelease' as it is up-to-date.
[        ] work action resolve classes.jar (project :file_picker) (Thread[#893,Execution worker Thread 4,5,main]) started.
[        ] Resolve mutations for :flutter_plugin_android_lifecycle:bundleLibRuntimeToJarRelease (Thread[#893,Execution worker Thread 4,5,main]) started.
[        ] :flutter_plugin_android_lifecycle:bundleLibRuntimeToJarRelease (Thread[#893,Execution worker Thread 4,5,main]) started.
[        ] > Task :flutter_plugin_android_lifecycle:bundleLibRuntimeToJarRelease UP-TO-DATE
[        ] Caching disabled for task ':flutter_plugin_android_lifecycle:bundleLibRuntimeToJarRelease' because:
[        ]   Build cache is disabled
[        ]   Simple merging task
[        ] Skipping task ':flutter_plugin_android_lifecycle:bundleLibRuntimeToJarRelease' as it is up-to-date.
[        ] work action resolve classes.jar (project :flutter_plugin_android_lifecycle) (Thread[#893,Execution worker Thread 4,5,main]) started.
[        ] Resolve mutations for :image_picker_android:bundleLibRuntimeToJarRelease (Thread[#893,Execution worker Thread 4,5,main]) started.
[        ] :image_picker_android:bundleLibRuntimeToJarRelease (Thread[#893,Execution worker Thread 4,5,main]) started.
[        ] > Task :image_picker_android:bundleLibRuntimeToJarRelease UP-TO-DATE
[        ] Caching disabled for task ':image_picker_android:bundleLibRuntimeToJarRelease' because:
[        ]   Build cache is disabled
[        ]   Simple merging task
[        ] Skipping task ':image_picker_android:bundleLibRuntimeToJarRelease' as it is up-to-date.
[   +1 ms] work action resolve classes.jar (project :image_picker_android) (Thread[#893,Execution worker Thread 4,5,main]) started.
[        ] Resolve mutations for :mobile_scanner:bundleLibRuntimeToJarRelease (Thread[#893,Execution worker Thread 4,5,main]) started.
[        ] :mobile_scanner:bundleLibRuntimeToJarRelease (Thread[#893,Execution worker Thread 4,5,main]) started.
[        ] > Task :mobile_scanner:bundleLibRuntimeToJarRelease UP-TO-DATE
[        ] Caching disabled for task ':mobile_scanner:bundleLibRuntimeToJarRelease' because:
[        ]   Build cache is disabled
[        ]   Simple merging task
[        ] Skipping task ':mobile_scanner:bundleLibRuntimeToJarRelease' as it is up-to-date.
[        ] work action resolve classes.jar (project :mobile_scanner) (Thread[#893,Execution worker Thread 4,5,main]) started.
[        ] Resolve mutations for :package_info_plus:bundleLibRuntimeToJarRelease (Thread[#893,Execution worker Thread 4,5,main]) started.
[        ] :package_info_plus:bundleLibRuntimeToJarRelease (Thread[#893,Execution worker Thread 4,5,main]) started.
[        ] > Task :package_info_plus:bundleLibRuntimeToJarRelease UP-TO-DATE
[        ] Caching disabled for task ':package_info_plus:bundleLibRuntimeToJarRelease' because:
[        ]   Build cache is disabled
[        ]   Simple merging task
[        ] Skipping task ':package_info_plus:bundleLibRuntimeToJarRelease' as it is up-to-date.
[        ] work action resolve classes.jar (project :package_info_plus) (Thread[#893,Execution worker Thread 4,5,main]) started.
[        ] Resolve mutations for :path_provider_android:bundleLibRuntimeToJarRelease (Thread[#893,Execution worker Thread 4,5,main]) started.
[        ] :path_provider_android:bundleLibRuntimeToJarRelease (Thread[#893,Execution worker Thread 4,5,main]) started.
[        ] > Task :path_provider_android:bundleLibRuntimeToJarRelease UP-TO-DATE
[        ] Caching disabled for task ':path_provider_android:bundleLibRuntimeToJarRelease' because:
[        ]   Build cache is disabled
[        ]   Simple merging task
[        ] Skipping task ':path_provider_android:bundleLibRuntimeToJarRelease' as it is up-to-date.
[        ] work action resolve classes.jar (project :path_provider_android) (Thread[#893,Execution worker Thread 4,5,main]) started.
[        ] Resolve mutations for :printing:bundleLibRuntimeToJarRelease (Thread[#893,Execution worker Thread 4,5,main]) started.
[        ] :printing:bundleLibRuntimeToJarRelease (Thread[#893,Execution worker Thread 4,5,main]) started.
[        ] > Task :printing:bundleLibRuntimeToJarRelease UP-TO-DATE
[        ] Caching disabled for task ':printing:bundleLibRuntimeToJarRelease' because:
[        ]   Build cache is disabled
[        ]   Simple merging task
[        ] Skipping task ':printing:bundleLibRuntimeToJarRelease' as it is up-to-date.
[        ] work action resolve classes.jar (project :printing) (Thread[#893,Execution worker Thread 4,5,main]) started.
[        ] Resolve mutations for :share_plus:bundleLibRuntimeToJarRelease (Thread[#893,Execution worker Thread 4,5,main]) started.
[        ] :share_plus:bundleLibRuntimeToJarRelease (Thread[#893,Execution worker Thread 4,5,main]) started.
[        ] > Task :share_plus:bundleLibRuntimeToJarRelease UP-TO-DATE
[        ] Caching disabled for task ':share_plus:bundleLibRuntimeToJarRelease' because:
[        ]   Build cache is disabled
[        ]   Simple merging task
[        ] Skipping task ':share_plus:bundleLibRuntimeToJarRelease' as it is up-to-date.
[        ] work action resolve classes.jar (project :share_plus) (Thread[#893,Execution worker Thread 4,5,main]) started.
[        ] Resolve mutations for :shared_preferences_android:bundleLibRuntimeToJarRelease (Thread[#893,Execution worker Thread 4,5,main]) started.
[        ] :shared_preferences_android:bundleLibRuntimeToJarRelease (Thread[#893,Execution worker Thread 4,5,main]) started.
[        ] > Task :shared_preferences_android:bundleLibRuntimeToJarRelease UP-TO-DATE
[        ] Caching disabled for task ':shared_preferences_android:bundleLibRuntimeToJarRelease' because:
[        ]   Build cache is disabled
[        ]   Simple merging task
[        ] Skipping task ':shared_preferences_android:bundleLibRuntimeToJarRelease' as it is up-to-date.
[        ] work action resolve classes.jar (project :shared_preferences_android) (Thread[#893,Execution worker Thread 4,5,main]) started.
[        ] Resolve mutations for :sqflite_android:bundleLibRuntimeToJarRelease (Thread[#893,Execution worker Thread 4,5,main]) started.
[        ] :sqflite_android:bundleLibRuntimeToJarRelease (Thread[#893,Execution worker Thread 4,5,main]) started.
[        ] > Task :sqflite_android:bundleLibRuntimeToJarRelease UP-TO-DATE
[        ] Caching disabled for task ':sqflite_android:bundleLibRuntimeToJarRelease' because:
[        ]   Build cache is disabled
[        ]   Simple merging task
[        ] Skipping task ':sqflite_android:bundleLibRuntimeToJarRelease' as it is up-to-date.
[        ] work action resolve classes.jar (project :sqflite_android) (Thread[#893,Execution worker Thread 4,5,main]) started.
[        ] Resolve mutations for :url_launcher_android:bundleLibRuntimeToJarRelease (Thread[#893,Execution worker Thread 4,5,main]) started.
[        ] :url_launcher_android:bundleLibRuntimeToJarRelease (Thread[#893,Execution worker Thread 4,5,main]) started.
[        ] > Task :url_launcher_android:bundleLibRuntimeToJarRelease UP-TO-DATE
[        ] Caching disabled for task ':url_launcher_android:bundleLibRuntimeToJarRelease' because:
[        ]   Build cache is disabled
[        ]   Simple merging task
[        ] Skipping task ':url_launcher_android:bundleLibRuntimeToJarRelease' as it is up-to-date.
[        ] work action resolve classes.jar (project :url_launcher_android) (Thread[#900,Execution worker Thread 11,5,main]) started.
[        ] Resolve mutations for :vibration:bundleLibRuntimeToJarRelease (Thread[#900,Execution worker Thread 11,5,main]) started.
[        ] :vibration:bundleLibRuntimeToJarRelease (Thread[#900,Execution worker Thread 11,5,main]) started.
[        ] > Task :vibration:bundleLibRuntimeToJarRelease UP-TO-DATE
[        ] Caching disabled for task ':vibration:bundleLibRuntimeToJarRelease' because:
[        ]   Build cache is disabled
[        ]   Simple merging task
[        ] Skipping task ':vibration:bundleLibRuntimeToJarRelease' as it is up-to-date.
[        ] work action resolve classes.jar (project :vibration) (Thread[#900,Execution worker Thread 11,5,main]) started.
[        ] Resolve mutations for :app:expandReleaseArtProfileWildcards (Thread[#900,Execution worker Thread 11,5,main]) started.
[        ] :app:expandReleaseArtProfileWildcards (Thread[#900,Execution worker Thread 11,5,main]) started.
[  +79 ms] > Task :app:expandReleaseArtProfileWildcards UP-TO-DATE
[        ] Transforming libs.jar with JetifyTransform
[        ] Transforming libs.jar with IdentityTransform
[        ] Transforming flutter_embedding_release-1.0.0-a8bfdfc394deaed5c57bd45a64ac4294dc976a72.jar (io.flutter:flutter_embedding_release:1.0.0-a8bfdfc394deaed5c57bd45a64ac4294dc976a72) with JetifyTransform
[        ] Transforming flutter_embedding_release-1.0.0-a8bfdfc394deaed5c57bd45a64ac4294dc976a72.jar (io.flutter:flutter_embedding_release:1.0.0-a8bfdfc394deaed5c57bd45a64ac4294dc976a72) with IdentityTransform
[        ] Transforming barcode-scanning-17.3.0.aar (com.google.mlkit:barcode-scanning:17.3.0) with JetifyTransform
[        ] Transforming barcode-scanning-17.3.0.aar (com.google.mlkit:barcode-scanning:17.3.0) with AarToClassTransform
[        ] Transforming play-services-mlkit-barcode-scanning-18.3.1.aar (com.google.android.gms:play-services-mlkit-barcode-scanning:18.3.1) with JetifyTransform
[        ] Transforming play-services-mlkit-barcode-scanning-18.3.1.aar (com.google.android.gms:play-services-mlkit-barcode-scanning:18.3.1) with AarToClassTransform
[        ] Transforming barcode-scanning-common-17.0.0.aar (com.google.mlkit:barcode-scanning-common:17.0.0) with JetifyTransform
[        ] Transforming barcode-scanning-common-17.0.0.aar (com.google.mlkit:barcode-scanning-common:17.0.0) with AarToClassTransform
[        ] Transforming vision-common-17.3.0.aar (com.google.mlkit:vision-common:17.3.0) with JetifyTransform
[        ] Transforming vision-common-17.3.0.aar (com.google.mlkit:vision-common:17.3.0) with AarToClassTransform
[        ] Transforming common-18.11.0.aar (com.google.mlkit:common:18.11.0) with JetifyTransform
[        ] Transforming common-18.11.0.aar (com.google.mlkit:common:18.11.0) with AarToClassTransform
[        ] Transforming play-services-base-18.5.0.aar (com.google.android.gms:play-services-base:18.5.0) with JetifyTransform
[        ] Transforming play-services-base-18.5.0.aar (com.google.android.gms:play-services-base:18.5.0) with AarToClassTransform
[        ] Transforming vision-interfaces-16.3.0.aar (com.google.mlkit:vision-interfaces:16.3.0) with JetifyTransform
[        ] Transforming vision-interfaces-16.3.0.aar (com.google.mlkit:vision-interfaces:16.3.0) with AarToClassTransform
[        ] Transforming play-services-tasks-18.2.0.aar (com.google.android.gms:play-services-tasks:18.2.0) with JetifyTransform
[        ] Transforming play-services-tasks-18.2.0.aar (com.google.android.gms:play-services-tasks:18.2.0) with AarToClassTransform
[        ] Transforming play-services-basement-18.4.0.aar (com.google.android.gms:play-services-basement:18.4.0) with JetifyTransform
[        ] Transforming play-services-basement-18.4.0.aar (com.google.android.gms:play-services-basement:18.4.0) with AarToClassTransform
[        ] Transforming preference-1.2.1.aar (androidx.preference:preference:1.2.1) with JetifyTransform
[        ] Transforming preference-1.2.1.aar (androidx.preference:preference:1.2.1) with AarToClassTransform
[        ] Transforming fragment-ktx-1.7.1.aar (androidx.fragment:fragment-ktx:1.7.1) with JetifyTransform
[        ] Transforming fragment-ktx-1.7.1.aar (androidx.fragment:fragment-ktx:1.7.1) with AarToClassTransform
[        ] Transforming appcompat-resources-1.6.1.aar (androidx.appcompat:appcompat-resources:1.6.1) with JetifyTransform
[        ] Transforming appcompat-resources-1.6.1.aar (androidx.appcompat:appcompat-resources:1.6.1) with AarToClassTransform
[        ] Transforming appcompat-1.6.1.aar (androidx.appcompat:appcompat:1.6.1) with JetifyTransform
[        ] Transforming appcompat-1.6.1.aar (androidx.appcompat:appcompat:1.6.1) with AarToClassTransform
[        ] Transforming appcompat-1.6.1.aar (androidx.appcompat:appcompat:1.6.1) with JetifyTransform
[        ] Transforming appcompat-1.6.1.aar (androidx.appcompat:appcompat:1.6.1) with AarToClassTransform
[        ] Transforming fragment-1.7.1.aar (androidx.fragment:fragment:1.7.1) with JetifyTransform
[        ] Transforming fragment-1.7.1.aar (androidx.fragment:fragment:1.7.1) with AarToClassTransform
[        ] Transforming fragment-1.7.1.aar (androidx.fragment:fragment:1.7.1) with JetifyTransform
[        ] Transforming fragment-1.7.1.aar (androidx.fragment:fragment:1.7.1) with AarToClassTransform
[        ] Transforming activity-ktx-1.9.3.aar (androidx.activity:activity-ktx:1.9.3) with JetifyTransform
[        ] Transforming activity-ktx-1.9.3.aar (androidx.activity:activity-ktx:1.9.3) with AarToClassTransform
[        ] Transforming activity-1.9.3.aar (androidx.activity:activity:1.9.3) with JetifyTransform
[        ] Transforming activity-1.9.3.aar (androidx.activity:activity:1.9.3) with AarToClassTransform
[        ] Transforming camera-core-1.4.2.aar (androidx.camera:camera-core:1.4.2) with JetifyTransform
[        ] Transforming camera-core-1.4.2.aar (androidx.camera:camera-core:1.4.2) with AarToClassTransform
[        ] Transforming camera-camera2-1.4.2.aar (androidx.camera:camera-camera2:1.4.2) with JetifyTransform
[        ] Transforming camera-camera2-1.4.2.aar (androidx.camera:camera-camera2:1.4.2) with AarToClassTransform
[        ] Transforming camera-lifecycle-1.4.2.aar (androidx.camera:camera-lifecycle:1.4.2) with JetifyTransform
[        ] Transforming camera-lifecycle-1.4.2.aar (androidx.camera:camera-lifecycle:1.4.2) with AarToClassTransform
[        ] Transforming browser-1.8.0.aar (androidx.browser:browser:1.8.0) with JetifyTransform
[        ] Transforming browser-1.8.0.aar (androidx.browser:browser:1.8.0) with AarToClassTransform
[        ] Transforming recyclerview-1.0.0.aar (androidx.recyclerview:recyclerview:1.0.0) with JetifyTransform
[        ] Transforming recyclerview-1.0.0.aar (androidx.recyclerview:recyclerview:1.0.0) with AarToClassTransform
[        ] Transforming legacy-support-core-ui-1.0.0.aar (androidx.legacy:legacy-support-core-ui:1.0.0) with JetifyTransform
[        ] Transforming legacy-support-core-ui-1.0.0.aar (androidx.legacy:legacy-support-core-ui:1.0.0) with AarToClassTransform
[        ] Transforming slidingpanelayout-1.2.0.aar (androidx.slidingpanelayout:slidingpanelayout:1.2.0) with JetifyTransform
[        ] Transforming slidingpanelayout-1.2.0.aar (androidx.slidingpanelayout:slidingpanelayout:1.2.0) with AarToClassTransform
[        ] Transforming slidingpanelayout-1.2.0.aar (androidx.slidingpanelayout:slidingpanelayout:1.2.0) with JetifyTransform
[        ] Transforming slidingpanelayout-1.2.0.aar (androidx.slidingpanelayout:slidingpanelayout:1.2.0) with AarToClassTransform
[        ] Transforming window-1.2.0.aar (androidx.window:window:1.2.0) with JetifyTransform
[        ] Transforming window-1.2.0.aar (androidx.window:window:1.2.0) with AarToClassTransform
[        ] Transforming window-java-1.2.0.aar (androidx.window:window-java:1.2.0) with JetifyTransform
[        ] Transforming window-java-1.2.0.aar (androidx.window:window-java:1.2.0) with AarToClassTransform
[        ] Transforming legacy-support-core-utils-1.0.0.aar (androidx.legacy:legacy-support-core-utils:1.0.0) with JetifyTransform
[        ] Transforming legacy-support-core-utils-1.0.0.aar (androidx.legacy:legacy-support-core-utils:1.0.0) with AarToClassTransform
[        ] Transforming loader-1.0.0.aar (androidx.loader:loader:1.0.0) with JetifyTransform
[        ] Transforming loader-1.0.0.aar (androidx.loader:loader:1.0.0) with AarToClassTransform
[        ] Transforming loader-1.0.0.aar (androidx.loader:loader:1.0.0) with JetifyTransform
[        ] Transforming loader-1.0.0.aar (androidx.loader:loader:1.0.0) with AarToClassTransform
[        ] Transforming lifecycle-livedata-core-ktx-2.7.0.aar (androidx.lifecycle:lifecycle-livedata-core-ktx:2.7.0) with JetifyTransform
[        ] Transforming lifecycle-livedata-core-ktx-2.7.0.aar (androidx.lifecycle:lifecycle-livedata-core-ktx:2.7.0) with AarToClassTransform
[        ] Transforming lifecycle-viewmodel-ktx-2.7.0.aar (androidx.lifecycle:lifecycle-viewmodel-ktx:2.7.0) with JetifyTransform
[        ] Transforming lifecycle-viewmodel-ktx-2.7.0.aar (androidx.lifecycle:lifecycle-viewmodel-ktx:2.7.0) with AarToClassTransform
[        ] Transforming lifecycle-runtime-ktx-2.7.0.aar (androidx.lifecycle:lifecycle-runtime-ktx:2.7.0) with JetifyTransform
[        ] Transforming lifecycle-runtime-ktx-2.7.0.aar (androidx.lifecycle:lifecycle-runtime-ktx:2.7.0) with AarToClassTransform
[        ] Transforming lifecycle-livedata-2.7.0.aar (androidx.lifecycle:lifecycle-livedata:2.7.0) with JetifyTransform
[        ] Transforming lifecycle-livedata-2.7.0.aar (androidx.lifecycle:lifecycle-livedata:2.7.0) with AarToClassTransform
[        ] Transforming lifecycle-livedata-2.7.0.aar (androidx.lifecycle:lifecycle-livedata:2.7.0) with JetifyTransform
[        ] Transforming lifecycle-livedata-2.7.0.aar (androidx.lifecycle:lifecycle-livedata:2.7.0) with AarToClassTransform
[        ] Transforming lifecycle-livedata-core-2.7.0.aar (androidx.lifecycle:lifecycle-livedata-core:2.7.0) with JetifyTransform
[        ] Transforming lifecycle-livedata-core-2.7.0.aar (androidx.lifecycle:lifecycle-livedata-core:2.7.0) with AarToClassTransform
[        ] Transforming lifecycle-viewmodel-2.7.0.aar (androidx.lifecycle:lifecycle-viewmodel:2.7.0) with JetifyTransform
[        ] Transforming lifecycle-viewmodel-2.7.0.aar (androidx.lifecycle:lifecycle-viewmodel:2.7.0) with AarToClassTransform
[        ] Transforming lifecycle-viewmodel-2.7.0.aar (androidx.lifecycle:lifecycle-viewmodel:2.7.0) with JetifyTransform
[        ] Transforming lifecycle-viewmodel-2.7.0.aar (androidx.lifecycle:lifecycle-viewmodel:2.7.0) with AarToClassTransform
[        ] Transforming emoji2-views-helper-1.2.0.aar (androidx.emoji2:emoji2-views-helper:1.2.0) with JetifyTransform
[        ] Transforming emoji2-views-helper-1.2.0.aar (androidx.emoji2:emoji2-views-helper:1.2.0) with AarToClassTransform
[        ] Transforming emoji2-1.2.0.aar (androidx.emoji2:emoji2:1.2.0) with JetifyTransform
[        ] Transforming emoji2-1.2.0.aar (androidx.emoji2:emoji2:1.2.0) with AarToClassTransform
[        ] Transforming lifecycle-process-2.7.0.aar (androidx.lifecycle:lifecycle-process:2.7.0) with JetifyTransform
[        ] Transforming lifecycle-process-2.7.0.aar (androidx.lifecycle:lifecycle-process:2.7.0) with AarToClassTransform
[        ] Transforming lifecycle-common-java8-2.7.0.jar (androidx.lifecycle:lifecycle-common-java8:2.7.0) with JetifyTransform
[        ] Transforming lifecycle-common-java8-2.7.0.jar (androidx.lifecycle:lifecycle-common-java8:2.7.0) with IdentityTransform
[        ] Transforming savedstate-ktx-1.2.1.aar (androidx.savedstate:savedstate-ktx:1.2.1) with JetifyTransform
[        ] Transforming savedstate-ktx-1.2.1.aar (androidx.savedstate:savedstate-ktx:1.2.1) with AarToClassTransform
[        ] Transforming savedstate-1.2.1.aar (androidx.savedstate:savedstate:1.2.1) with JetifyTransform
[        ] Transforming savedstate-1.2.1.aar (androidx.savedstate:savedstate:1.2.1) with AarToClassTransform
[        ] Transforming lifecycle-common-2.7.0.jar (androidx.lifecycle:lifecycle-common:2.7.0) with JetifyTransform
[        ] Transforming lifecycle-common-2.7.0.jar (androidx.lifecycle:lifecycle-common:2.7.0) with IdentityTransform
[        ] Transforming lifecycle-runtime-2.7.0.aar (androidx.lifecycle:lifecycle-runtime:2.7.0) with JetifyTransform
[        ] Transforming lifecycle-runtime-2.7.0.aar (androidx.lifecycle:lifecycle-runtime:2.7.0) with AarToClassTransform
[        ] Transforming lifecycle-viewmodel-savedstate-2.7.0.aar (androidx.lifecycle:lifecycle-viewmodel-savedstate:2.7.0) with JetifyTransform
[        ] Transforming lifecycle-viewmodel-savedstate-2.7.0.aar (androidx.lifecycle:lifecycle-viewmodel-savedstate:2.7.0) with AarToClassTransform
[        ] Transforming core-ktx-1.13.1.aar (androidx.core:core-ktx:1.13.1) with JetifyTransform
[        ] Transforming core-ktx-1.13.1.aar (androidx.core:core-ktx:1.13.1) with AarToClassTransform
[        ] Transforming viewpager-1.0.0.aar (androidx.viewpager:viewpager:1.0.0) with JetifyTransform
[        ] Transforming viewpager-1.0.0.aar (androidx.viewpager:viewpager:1.0.0) with AarToClassTransform
[        ] Transforming viewpager-1.0.0.aar (androidx.viewpager:viewpager:1.0.0) with JetifyTransform
[        ] Transforming viewpager-1.0.0.aar (androidx.viewpager:viewpager:1.0.0) with AarToClassTransform
[        ] Transforming drawerlayout-1.0.0.aar (androidx.drawerlayout:drawerlayout:1.0.0) with JetifyTransform
[        ] Transforming drawerlayout-1.0.0.aar (androidx.drawerlayout:drawerlayout:1.0.0) with AarToClassTransform
[        ] Transforming drawerlayout-1.0.0.aar (androidx.drawerlayout:drawerlayout:1.0.0) with JetifyTransform
[        ] Transforming drawerlayout-1.0.0.aar (androidx.drawerlayout:drawerlayout:1.0.0) with AarToClassTransform
[        ] Transforming coordinatorlayout-1.0.0.aar (androidx.coordinatorlayout:coordinatorlayout:1.0.0) with JetifyTransform
[        ] Transforming coordinatorlayout-1.0.0.aar (androidx.coordinatorlayout:coordinatorlayout:1.0.0) with AarToClassTransform
[        ] Transforming customview-1.1.0.aar (androidx.customview:customview:1.1.0) with JetifyTransform
[        ] Transforming customview-1.1.0.aar (androidx.customview:customview:1.1.0) with AarToClassTransform
[        ] Transforming customview-1.1.0.aar (androidx.customview:customview:1.1.0) with JetifyTransform
[        ] Transforming customview-1.1.0.aar (androidx.customview:customview:1.1.0) with AarToClassTransform
[        ] Transforming transition-1.4.1.aar (androidx.transition:transition:1.4.1) with JetifyTransform
[        ] Transforming transition-1.4.1.aar (androidx.transition:transition:1.4.1) with AarToClassTransform
[        ] Transforming swiperefreshlayout-1.0.0.aar (androidx.swiperefreshlayout:swiperefreshlayout:1.0.0) with JetifyTransform
[        ] Transforming swiperefreshlayout-1.0.0.aar (androidx.swiperefreshlayout:swiperefreshlayout:1.0.0) with AarToClassTransform
[        ] Transforming asynclayoutinflater-1.0.0.aar (androidx.asynclayoutinflater:asynclayoutinflater:1.0.0) with JetifyTransform
[        ] Transforming asynclayoutinflater-1.0.0.aar (androidx.asynclayoutinflater:asynclayoutinflater:1.0.0) with AarToClassTransform
[        ] Transforming vectordrawable-animated-1.1.0.aar (androidx.vectordrawable:vectordrawable-animated:1.1.0) with JetifyTransform
[        ] Transforming vectordrawable-animated-1.1.0.aar (androidx.vectordrawable:vectordrawable-animated:1.1.0) with AarToClassTransform
[        ] Transforming vectordrawable-1.1.0.aar (androidx.vectordrawable:vectordrawable:1.1.0) with JetifyTransform
[        ] Transforming vectordrawable-1.1.0.aar (androidx.vectordrawable:vectordrawable:1.1.0) with AarToClassTransform
[        ] Transforming vectordrawable-1.1.0.aar (androidx.vectordrawable:vectordrawable:1.1.0) with JetifyTransform
[        ] Transforming vectordrawable-1.1.0.aar (androidx.vectordrawable:vectordrawable:1.1.0) with AarToClassTransform
[        ] Transforming core-1.13.1.aar (androidx.core:core:1.13.1) with JetifyTransform
[        ] Transforming core-1.13.1.aar (androidx.core:core:1.13.1) with AarToClassTransform
[        ] Transforming core-1.13.1.aar (androidx.core:core:1.13.1) with JetifyTransform
[        ] Transforming core-1.13.1.aar (androidx.core:core:1.13.1) with AarToClassTransform
[        ] Transforming exifinterface-1.3.7.aar (androidx.exifinterface:exifinterface:1.3.7) with JetifyTransform
[        ] Transforming exifinterface-1.3.7.aar (androidx.exifinterface:exifinterface:1.3.7) with AarToClassTransform
[        ] Transforming exifinterface-1.3.7.aar (androidx.exifinterface:exifinterface:1.3.7) with JetifyTransform
[        ] Transforming exifinterface-1.3.7.aar (androidx.exifinterface:exifinterface:1.3.7) with AarToClassTransform
[        ] Transforming tracing-ktx-1.2.0.aar (androidx.tracing:tracing-ktx:1.2.0) with JetifyTransform
[        ] Transforming tracing-ktx-1.2.0.aar (androidx.tracing:tracing-ktx:1.2.0) with AarToClassTransform
[        ] Transforming profileinstaller-1.3.1.aar (androidx.profileinstaller:profileinstaller:1.3.1) with JetifyTransform
[        ] Transforming profileinstaller-1.3.1.aar (androidx.profileinstaller:profileinstaller:1.3.1) with AarToClassTransform
[        ] Transforming startup-runtime-1.1.1.aar (androidx.startup:startup-runtime:1.1.1) with JetifyTransform
[        ] Transforming startup-runtime-1.1.1.aar (androidx.startup:startup-runtime:1.1.1) with AarToClassTransform
[        ] Transforming tracing-1.2.0.aar (androidx.tracing:tracing:1.2.0) with JetifyTransform
[        ] Transforming tracing-1.2.0.aar (androidx.tracing:tracing:1.2.0) with AarToClassTransform
[        ] Transforming interpolator-1.0.0.aar (androidx.interpolator:interpolator:1.0.0) with JetifyTransform
[        ] Transforming interpolator-1.0.0.aar (androidx.interpolator:interpolator:1.0.0) with AarToClassTransform
[        ] Transforming interpolator-1.0.0.aar (androidx.interpolator:interpolator:1.0.0) with JetifyTransform
[        ] Transforming interpolator-1.0.0.aar (androidx.interpolator:interpolator:1.0.0) with AarToClassTransform
[        ] Transforming versionedparcelable-1.1.1.aar (androidx.versionedparcelable:versionedparcelable:1.1.1) with JetifyTransform
[        ] Transforming versionedparcelable-1.1.1.aar (androidx.versionedparcelable:versionedparcelable:1.1.1) with AarToClassTransform
[        ] Transforming concurrent-futures-ktx-1.1.0.jar (androidx.concurrent:concurrent-futures-ktx:1.1.0) with JetifyTransform
[        ] Transforming concurrent-futures-ktx-1.1.0.jar (androidx.concurrent:concurrent-futures-ktx:1.1.0) with IdentityTransform
[        ] Transforming concurrent-futures-1.1.0.jar (androidx.concurrent:concurrent-futures:1.1.0) with JetifyTransform
[        ] Transforming concurrent-futures-1.1.0.jar (androidx.concurrent:concurrent-futures:1.1.0) with IdentityTransform
[        ] Transforming datastore-preferences-external-protobuf-1.1.3.jar (androidx.datastore:datastore-preferences-external-protobuf:1.1.3) with JetifyTransform
[        ] Transforming datastore-preferences-external-protobuf-1.1.3.jar (androidx.datastore:datastore-preferences-external-protobuf:1.1.3) with IdentityTransform
[        ] Transforming datastore-preferences-proto-1.1.3.jar (androidx.datastore:datastore-preferences-proto:1.1.3) with JetifyTransform
[        ] Transforming datastore-preferences-proto-1.1.3.jar (androidx.datastore:datastore-preferences-proto:1.1.3) with IdentityTransform
[        ] Transforming datastore-preferences-core-jvm-1.1.3.jar (androidx.datastore:datastore-preferences-core-jvm:1.1.3) with JetifyTransform
[        ] Transforming datastore-preferences-core-jvm-1.1.3.jar (androidx.datastore:datastore-preferences-core-jvm:1.1.3) with IdentityTransform
[        ] Transforming datastore-core-okio-jvm-1.1.3.jar (androidx.datastore:datastore-core-okio-jvm:1.1.3) with JetifyTransform
[        ] Transforming datastore-core-okio-jvm-1.1.3.jar (androidx.datastore:datastore-core-okio-jvm:1.1.3) with IdentityTransform
[        ] Transforming datastore-core-release.aar (androidx.datastore:datastore-core-android:1.1.3) with JetifyTransform
[        ] Transforming datastore-core-release.aar (androidx.datastore:datastore-core-android:1.1.3) with AarToClassTransform
[        ] Transforming datastore-preferences-release.aar (androidx.datastore:datastore-preferences-android:1.1.3) with JetifyTransform
[        ] Transforming datastore-preferences-release.aar (androidx.datastore:datastore-preferences-android:1.1.3) with AarToClassTransform
[        ] Transforming datastore-release.aar (androidx.datastore:datastore-android:1.1.3) with JetifyTransform
[        ] Transforming datastore-release.aar (androidx.datastore:datastore-android:1.1.3) with AarToClassTransform
[        ] Transforming collection-ktx-1.1.0.jar (androidx.collection:collection-ktx:1.1.0) with JetifyTransform
[        ] Transforming collection-ktx-1.1.0.jar (androidx.collection:collection-ktx:1.1.0) with IdentityTransform
[        ] Transforming collection-1.1.0.jar (androidx.collection:collection:1.1.0) with JetifyTransform
[        ] Transforming collection-1.1.0.jar (androidx.collection:collection:1.1.0) with IdentityTransform
[        ] Transforming core-runtime-2.2.0.aar (androidx.arch.core:core-runtime:2.2.0) with JetifyTransform
[        ] Transforming core-runtime-2.2.0.aar (androidx.arch.core:core-runtime:2.2.0) with AarToClassTransform
[        ] Transforming core-common-2.2.0.jar (androidx.arch.core:core-common:2.2.0) with JetifyTransform
[        ] Transforming core-common-2.2.0.jar (androidx.arch.core:core-common:2.2.0) with IdentityTransform
[        ] Transforming transport-backend-cct-2.3.3.aar (com.google.android.datatransport:transport-backend-cct:2.3.3) with JetifyTransform
[        ] Transforming transport-backend-cct-2.3.3.aar (com.google.android.datatransport:transport-backend-cct:2.3.3) with AarToClassTransform
[        ] Transforming transport-runtime-2.2.6.aar (com.google.android.datatransport:transport-runtime:2.2.6) with JetifyTransform
[        ] Transforming transport-runtime-2.2.6.aar (com.google.android.datatransport:transport-runtime:2.2.6) with AarToClassTransform
[        ] Transforming transport-api-2.2.1.aar (com.google.android.datatransport:transport-api:2.2.1) with JetifyTransform
[        ] Transforming transport-api-2.2.1.aar (com.google.android.datatransport:transport-api:2.2.1) with AarToClassTransform
[        ] Transforming firebase-components-16.1.0.aar (com.google.firebase:firebase-components:16.1.0) with JetifyTransform
[        ] Transforming firebase-components-16.1.0.aar (com.google.firebase:firebase-components:16.1.0) with AarToClassTransform
[        ] Transforming firebase-encoders-json-17.1.0.aar (com.google.firebase:firebase-encoders-json:17.1.0) with JetifyTransform
[        ] Transforming firebase-encoders-json-17.1.0.aar (com.google.firebase:firebase-encoders-json:17.1.0) with AarToClassTransform
[        ] Transforming firebase-encoders-16.1.0.jar (com.google.firebase:firebase-encoders:16.1.0) with JetifyTransform
[        ] Transforming firebase-encoders-16.1.0.jar (com.google.firebase:firebase-encoders:16.1.0) with IdentityTransform
[        ] Transforming core-1.0.0.aar (androidx.window.extensions.core:core:1.0.0) with JetifyTransform
[        ] Transforming core-1.0.0.aar (androidx.window.extensions.core:core:1.0.0) with AarToClassTransform
[        ] Transforming cursoradapter-1.0.0.aar (androidx.cursoradapter:cursoradapter:1.0.0) with JetifyTransform
[        ] Transforming cursoradapter-1.0.0.aar (androidx.cursoradapter:cursoradapter:1.0.0) with AarToClassTransform
[        ] Transforming cursoradapter-1.0.0.aar (androidx.cursoradapter:cursoradapter:1.0.0) with JetifyTransform
[        ] Transforming cursoradapter-1.0.0.aar (androidx.cursoradapter:cursoradapter:1.0.0) with AarToClassTransform
[        ] Transforming resourceinspection-annotation-1.0.1.jar (androidx.resourceinspection:resourceinspection-annotation:1.0.1) with JetifyTransform
[        ] Transforming resourceinspection-annotation-1.0.1.jar (androidx.resourceinspection:resourceinspection-annotation:1.0.1) with IdentityTransform
[        ] Transforming documentfile-1.0.0.aar (androidx.documentfile:documentfile:1.0.0) with JetifyTransform
[        ] Transforming documentfile-1.0.0.aar (androidx.documentfile:documentfile:1.0.0) with AarToClassTransform
[        ] Transforming localbroadcastmanager-1.0.0.aar (androidx.localbroadcastmanager:localbroadcastmanager:1.0.0) with JetifyTransform
[        ] Transforming localbroadcastmanager-1.0.0.aar (androidx.localbroadcastmanager:localbroadcastmanager:1.0.0) with AarToClassTransform
[        ] Transforming print-1.0.0.aar (androidx.print:print:1.0.0) with JetifyTransform
[        ] Transforming print-1.0.0.aar (androidx.print:print:1.0.0) with AarToClassTransform
[        ] Transforming annotation-jvm-1.9.1.jar (androidx.annotation:annotation-jvm:1.9.1) with JetifyTransform
[        ] Transforming annotation-jvm-1.9.1.jar (androidx.annotation:annotation-jvm:1.9.1) with IdentityTransform
[        ] Transforming kotlinx-coroutines-core-jvm-1.7.3.jar (org.jetbrains.kotlinx:kotlinx-coroutines-core-jvm:1.7.3) with JetifyTransform
[        ] Transforming kotlinx-coroutines-core-jvm-1.7.3.jar (org.jetbrains.kotlinx:kotlinx-coroutines-core-jvm:1.7.3) with IdentityTransform
[        ] Transforming kotlinx-coroutines-android-1.7.3.jar (org.jetbrains.kotlinx:kotlinx-coroutines-android:1.7.3) with JetifyTransform
[        ] Transforming kotlinx-coroutines-android-1.7.3.jar (org.jetbrains.kotlinx:kotlinx-coroutines-android:1.7.3) with IdentityTransform
[        ] Transforming okio-jvm-3.4.0.jar (com.squareup.okio:okio-jvm:3.4.0) with JetifyTransform
[        ] Transforming okio-jvm-3.4.0.jar (com.squareup.okio:okio-jvm:3.4.0) with IdentityTransform
[        ] Transforming kotlin-stdlib-jdk8-1.8.20.jar (org.jetbrains.kotlin:kotlin-stdlib-jdk8:1.8.20) with JetifyTransform
[        ] Transforming kotlin-stdlib-jdk8-1.8.20.jar (org.jetbrains.kotlin:kotlin-stdlib-jdk8:1.8.20) with IdentityTransform
[        ] Transforming annotation-experimental-1.4.1.aar (androidx.annotation:annotation-experimental:1.4.1) with JetifyTransform
[        ] Transforming annotation-experimental-1.4.1.aar (androidx.annotation:annotation-experimental:1.4.1) with AarToClassTransform
[        ] Transforming kotlin-stdlib-jdk7-1.8.20.jar (org.jetbrains.kotlin:kotlin-stdlib-jdk7:1.8.20) with JetifyTransform
[        ] Transforming kotlin-stdlib-jdk7-1.8.20.jar (org.jetbrains.kotlin:kotlin-stdlib-jdk7:1.8.20) with IdentityTransform
[        ] Transforming kotlin-parcelize-runtime-1.9.22.jar (org.jetbrains.kotlin:kotlin-parcelize-runtime:1.9.22) with JetifyTransform
[        ] Transforming kotlin-parcelize-runtime-1.9.22.jar (org.jetbrains.kotlin:kotlin-parcelize-runtime:1.9.22) with IdentityTransform
[        ] Transforming kotlin-android-extensions-runtime-1.9.22.jar (org.jetbrains.kotlin:kotlin-android-extensions-runtime:1.9.22) with JetifyTransform
[        ] Transforming kotlin-android-extensions-runtime-1.9.22.jar (org.jetbrains.kotlin:kotlin-android-extensions-runtime:1.9.22) with IdentityTransform
[        ] Transforming kotlin-stdlib-2.1.0.jar (org.jetbrains.kotlin:kotlin-stdlib:2.1.0) with JetifyTransform
[        ] Transforming kotlin-stdlib-2.1.0.jar (org.jetbrains.kotlin:kotlin-stdlib:2.1.0) with IdentityTransform
[        ] Transforming armeabi_v7a_release-1.0.0-a8bfdfc394deaed5c57bd45a64ac4294dc976a72.jar (io.flutter:armeabi_v7a_release:1.0.0-a8bfdfc394deaed5c57bd45a64ac4294dc976a72) with JetifyTransform
[        ] Transforming armeabi_v7a_release-1.0.0-a8bfdfc394deaed5c57bd45a64ac4294dc976a72.jar (io.flutter:armeabi_v7a_release:1.0.0-a8bfdfc394deaed5c57bd45a64ac4294dc976a72) with IdentityTransform
[        ] Transforming arm64_v8a_release-1.0.0-a8bfdfc394deaed5c57bd45a64ac4294dc976a72.jar (io.flutter:arm64_v8a_release:1.0.0-a8bfdfc394deaed5c57bd45a64ac4294dc976a72) with JetifyTransform
[        ] Transforming arm64_v8a_release-1.0.0-a8bfdfc394deaed5c57bd45a64ac4294dc976a72.jar (io.flutter:arm64_v8a_release:1.0.0-a8bfdfc394deaed5c57bd45a64ac4294dc976a72) with IdentityTransform
[        ] Transforming x86_64_release-1.0.0-a8bfdfc394deaed5c57bd45a64ac4294dc976a72.jar (io.flutter:x86_64_release:1.0.0-a8bfdfc394deaed5c57bd45a64ac4294dc976a72) with JetifyTransform
[        ] Transforming x86_64_release-1.0.0-a8bfdfc394deaed5c57bd45a64ac4294dc976a72.jar (io.flutter:x86_64_release:1.0.0-a8bfdfc394deaed5c57bd45a64ac4294dc976a72) with IdentityTransform
[        ] Transforming annotations-23.0.0.jar (org.jetbrains:annotations:23.0.0) with JetifyTransform
[        ] Transforming annotations-23.0.0.jar (org.jetbrains:annotations:23.0.0) with IdentityTransform
[        ] Transforming relinker-1.4.5.aar (com.getkeepsafe.relinker:relinker:1.4.5) with JetifyTransform
[        ] Transforming relinker-1.4.5.aar (com.getkeepsafe.relinker:relinker:1.4.5) with AarToClassTransform
[        ] Transforming auto-value-annotations-1.6.3.jar (com.google.auto.value:auto-value-annotations:1.6.3) with JetifyTransform
[        ] Transforming auto-value-annotations-1.6.3.jar (com.google.auto.value:auto-value-annotations:1.6.3) with IdentityTransform
[        ] Transforming listenablefuture-1.0.jar (com.google.guava:listenablefuture:1.0) with JetifyTransform
[        ] Transforming listenablefuture-1.0.jar (com.google.guava:listenablefuture:1.0) with IdentityTransform
[        ] Transforming image-1.0.0-beta1.aar (com.google.android.odml:image:1.0.0-beta1) with JetifyTransform
[        ] Transforming image-1.0.0-beta1.aar (com.google.android.odml:image:1.0.0-beta1) with AarToClassTransform
[   +2 ms] Transforming javax.inject-1.jar (javax.inject:javax.inject:1) with JetifyTransform
[        ] Transforming javax.inject-1.jar (javax.inject:javax.inject:1) with IdentityTransform
[        ] Transforming firebase-annotations-16.0.0.jar (com.google.firebase:firebase-annotations:16.0.0) with JetifyTransform
[        ] Transforming firebase-annotations-16.0.0.jar (com.google.firebase:firebase-annotations:16.0.0) with IdentityTransform
[        ] Caching disabled for task ':app:expandReleaseArtProfileWildcards' because:
[        ]   Build cache is disabled
[        ] Skipping task ':app:expandReleaseArtProfileWildcards' as it is up-to-date.
[        ] Resolve mutations for :app:extractProguardFiles (Thread[#900,Execution worker Thread 11,5,main]) started.
[        ] :app:extractProguardFiles (Thread[#900,Execution worker Thread 11,5,main]) started.
[        ] > Task :app:extractProguardFiles UP-TO-DATE
[        ] Caching disabled for task ':app:extractProguardFiles' because:
[        ]   Build cache is disabled
[        ]   Fast task
[        ] Skipping task ':app:extractProguardFiles' as it is up-to-date.
[        ] Resolve mutations for :app:mergeReleaseGeneratedProguardFiles (Thread[#900,Execution worker Thread 11,5,main]) started.
[        ] :app:mergeReleaseGeneratedProguardFiles (Thread[#900,Execution worker Thread 11,5,main]) started.
[        ] > Task :app:mergeReleaseGeneratedProguardFiles UP-TO-DATE
[        ] Caching disabled for task ':app:mergeReleaseGeneratedProguardFiles' because:
[        ]   Build cache is disabled
[        ]   Simple merging task
[        ] Skipping task ':app:mergeReleaseGeneratedProguardFiles' as it is up-to-date.
[        ] Resolve mutations for :app:processReleaseJavaRes (Thread[#900,Execution worker Thread 11,5,main]) started.
[        ] :app:processReleaseJavaRes (Thread[#900,Execution worker Thread 11,5,main]) started.
[        ] > Task :app:processReleaseJavaRes UP-TO-DATE
[        ] file or directory 'C:\Users\jakao\Proyectos\app_gestor\android\app\src\main\resources', not found
[        ] file or directory 'C:\Users\jakao\Proyectos\app_gestor\android\app\src\release\resources', not found
[        ] file or directory 'C:\Users\jakao\Proyectos\app_gestor\android\app\src\main\resources', not found
[        ] file or directory 'C:\Users\jakao\Proyectos\app_gestor\android\app\src\release\resources', not found
[        ] Caching disabled for task ':app:processReleaseJavaRes' because:
[        ]   Build cache is disabled
[        ]   Caching has been disabled for the task
[        ] Skipping task ':app:processReleaseJavaRes' as it is up-to-date.
[        ] Resolve mutations for :device_info_plus:processReleaseJavaRes (Thread[#900,Execution worker Thread 11,5,main]) started.
[        ] :device_info_plus:processReleaseJavaRes (Thread[#900,Execution worker Thread 11,5,main]) started.
[        ] > Task :device_info_plus:processReleaseJavaRes UP-TO-DATE
[        ] file or directory 'C:\Users\jakao\AppData\Local\Pub\Cache\hosted\pub.dev\device_info_plus-11.5.0\android\src\main\resources', not found
[        ] file or directory 'C:\Users\jakao\AppData\Local\Pub\Cache\hosted\pub.dev\device_info_plus-11.5.0\android\src\release\resources', not found
[        ] file or directory 'C:\Users\jakao\AppData\Local\Pub\Cache\hosted\pub.dev\device_info_plus-11.5.0\android\src\main\resources', not found
[        ] file or directory 'C:\Users\jakao\AppData\Local\Pub\Cache\hosted\pub.dev\device_info_plus-11.5.0\android\src\release\resources', not found
[        ] Caching disabled for task ':device_info_plus:processReleaseJavaRes' because:
[        ]   Build cache is disabled
[        ]   Caching has been disabled for the task
[        ] Skipping task ':device_info_plus:processReleaseJavaRes' as it is up-to-date.
[        ] work action resolve out (project :device_info_plus) (Thread[#900,Execution worker Thread 11,5,main]) started.
[        ] Resolve mutations for :file_picker:processReleaseJavaRes (Thread[#900,Execution worker Thread 11,5,main]) started.
[        ] :file_picker:processReleaseJavaRes (Thread[#900,Execution worker Thread 11,5,main]) started.
[        ] > Task :file_picker:processReleaseJavaRes NO-SOURCE
[        ] file or directory 'C:\Users\jakao\AppData\Local\Pub\Cache\hosted\pub.dev\file_picker-8.3.7\android\src\main\resources', not found
[        ] file or directory 'C:\Users\jakao\AppData\Local\Pub\Cache\hosted\pub.dev\file_picker-8.3.7\android\src\release\resources', not found
[        ] Skipping task ':file_picker:processReleaseJavaRes' as it has no source files and no previous output files.
[        ] work action resolve out (project :file_picker) (Thread[#900,Execution worker Thread 11,5,main]) started.
[        ] Resolve mutations for :flutter_plugin_android_lifecycle:processReleaseJavaRes (Thread[#900,Execution worker Thread 11,5,main]) started.
[        ] :flutter_plugin_android_lifecycle:processReleaseJavaRes (Thread[#900,Execution worker Thread 11,5,main]) started.
[        ] > Task :flutter_plugin_android_lifecycle:processReleaseJavaRes NO-SOURCE
[        ] file or directory 'C:\Users\jakao\AppData\Local\Pub\Cache\hosted\pub.dev\flutter_plugin_android_lifecycle-2.0.28\android\src\main\resources', not found
[        ] file or directory 'C:\Users\jakao\AppData\Local\Pub\Cache\hosted\pub.dev\flutter_plugin_android_lifecycle-2.0.28\android\src\release\resources', not found
[        ] Skipping task ':flutter_plugin_android_lifecycle:processReleaseJavaRes' as it has no source files and no previous output files.
[        ] work action resolve out (project :flutter_plugin_android_lifecycle) (Thread[#900,Execution worker Thread 11,5,main]) started.
[        ] Resolve mutations for :image_picker_android:processReleaseJavaRes (Thread[#900,Execution worker Thread 11,5,main]) started.
[        ] :image_picker_android:processReleaseJavaRes (Thread[#900,Execution worker Thread 11,5,main]) started.
[        ] > Task :image_picker_android:processReleaseJavaRes NO-SOURCE
[        ] file or directory 'C:\Users\jakao\AppData\Local\Pub\Cache\hosted\pub.dev\image_picker_android-0.8.12+23\android\src\main\resources', not found
[        ] file or directory 'C:\Users\jakao\AppData\Local\Pub\Cache\hosted\pub.dev\image_picker_android-0.8.12+23\android\src\release\resources', not found
[        ] Skipping task ':image_picker_android:processReleaseJavaRes' as it has no source files and no previous output files.
[        ] work action resolve out (project :image_picker_android) (Thread[#900,Execution worker Thread 11,5,main]) started.
[        ] Resolve mutations for :mobile_scanner:processReleaseJavaRes (Thread[#900,Execution worker Thread 11,5,main]) started.
[        ] :mobile_scanner:processReleaseJavaRes (Thread[#900,Execution worker Thread 11,5,main]) started.
[        ] > Task :mobile_scanner:processReleaseJavaRes UP-TO-DATE
[        ] file or directory 'C:\Users\jakao\AppData\Local\Pub\Cache\hosted\pub.dev\mobile_scanner-7.0.1\android\src\main\resources', not found
[        ] file or directory 'C:\Users\jakao\AppData\Local\Pub\Cache\hosted\pub.dev\mobile_scanner-7.0.1\android\src\release\resources', not found
[        ] file or directory 'C:\Users\jakao\AppData\Local\Pub\Cache\hosted\pub.dev\mobile_scanner-7.0.1\android\src\main\resources', not found
[        ] file or directory 'C:\Users\jakao\AppData\Local\Pub\Cache\hosted\pub.dev\mobile_scanner-7.0.1\android\src\release\resources', not found
[        ] Caching disabled for task ':mobile_scanner:processReleaseJavaRes' because:
[        ]   Build cache is disabled
[        ]   Caching has been disabled for the task
[        ] Skipping task ':mobile_scanner:processReleaseJavaRes' as it is up-to-date.
[        ] work action resolve out (project :mobile_scanner) (Thread[#900,Execution worker Thread 11,5,main]) started.
[        ] Resolve mutations for :package_info_plus:processReleaseJavaRes (Thread[#900,Execution worker Thread 11,5,main]) started.
[        ] :package_info_plus:processReleaseJavaRes (Thread[#900,Execution worker Thread 11,5,main]) started.
[        ] > Task :package_info_plus:processReleaseJavaRes UP-TO-DATE
[        ] file or directory 'C:\Users\jakao\AppData\Local\Pub\Cache\hosted\pub.dev\package_info_plus-4.2.0\android\src\main\resources', not found
[        ] file or directory 'C:\Users\jakao\AppData\Local\Pub\Cache\hosted\pub.dev\package_info_plus-4.2.0\android\src\release\resources', not found
[        ] file or directory 'C:\Users\jakao\AppData\Local\Pub\Cache\hosted\pub.dev\package_info_plus-4.2.0\android\src\main\resources', not found
[        ] file or directory 'C:\Users\jakao\AppData\Local\Pub\Cache\hosted\pub.dev\package_info_plus-4.2.0\android\src\release\resources', not found
[        ] Caching disabled for task ':package_info_plus:processReleaseJavaRes' because:
[        ]   Build cache is disabled
[        ]   Caching has been disabled for the task
[        ] Skipping task ':package_info_plus:processReleaseJavaRes' as it is up-to-date.
[        ] work action resolve out (project :package_info_plus) (Thread[#900,Execution worker Thread 11,5,main]) started.
[        ] Resolve mutations for :path_provider_android:processReleaseJavaRes (Thread[#900,Execution worker Thread 11,5,main]) started.
[        ] :path_provider_android:processReleaseJavaRes (Thread[#900,Execution worker Thread 11,5,main]) started.
[        ] > Task :path_provider_android:processReleaseJavaRes NO-SOURCE
[        ] file or directory 'C:\Users\jakao\AppData\Local\Pub\Cache\hosted\pub.dev\path_provider_android-2.2.17\android\src\main\resources', not found
[        ] file or directory 'C:\Users\jakao\AppData\Local\Pub\Cache\hosted\pub.dev\path_provider_android-2.2.17\android\src\release\resources', not found
[        ] Skipping task ':path_provider_android:processReleaseJavaRes' as it has no source files and no previous output files.
[        ] work action resolve out (project :path_provider_android) (Thread[#892,Execution worker Thread 3,5,main]) started.
[        ] Resolve mutations for :printing:processReleaseJavaRes (Thread[#892,Execution worker Thread 3,5,main]) started.
[        ] :printing:processReleaseJavaRes (Thread[#892,Execution worker Thread 3,5,main]) started.
[        ] > Task :printing:processReleaseJavaRes NO-SOURCE
[        ] file or directory 'C:\Users\jakao\AppData\Local\Pub\Cache\hosted\pub.dev\printing-5.14.2\android\src\main\resources', not found
[        ] file or directory 'C:\Users\jakao\AppData\Local\Pub\Cache\hosted\pub.dev\printing-5.14.2\android\src\release\resources', not found
[        ] Skipping task ':printing:processReleaseJavaRes' as it has no source files and no previous output files.
[        ] work action resolve out (project :printing) (Thread[#900,Execution worker Thread 11,5,main]) started.
[        ] Resolve mutations for :share_plus:processReleaseJavaRes (Thread[#900,Execution worker Thread 11,5,main]) started.
[        ] :share_plus:processReleaseJavaRes (Thread[#900,Execution worker Thread 11,5,main]) started.
[        ] > Task :share_plus:processReleaseJavaRes UP-TO-DATE
[        ] file or directory 'C:\Users\jakao\AppData\Local\Pub\Cache\hosted\pub.dev\share_plus-7.2.2\android\src\main\resources', not found
[        ] file or directory 'C:\Users\jakao\AppData\Local\Pub\Cache\hosted\pub.dev\share_plus-7.2.2\android\src\release\resources', not found
[        ] file or directory 'C:\Users\jakao\AppData\Local\Pub\Cache\hosted\pub.dev\share_plus-7.2.2\android\src\main\resources', not found
[        ] file or directory 'C:\Users\jakao\AppData\Local\Pub\Cache\hosted\pub.dev\share_plus-7.2.2\android\src\release\resources', not found
[        ] Caching disabled for task ':share_plus:processReleaseJavaRes' because:
[        ]   Build cache is disabled
[        ]   Caching has been disabled for the task
[        ] Skipping task ':share_plus:processReleaseJavaRes' as it is up-to-date.
[        ] work action resolve out (project :share_plus) (Thread[#900,Execution worker Thread 11,5,main]) started.
[        ] Resolve mutations for :shared_preferences_android:processReleaseJavaRes (Thread[#900,Execution worker Thread 11,5,main]) started.
[        ] :shared_preferences_android:processReleaseJavaRes (Thread[#900,Execution worker Thread 11,5,main]) started.
[        ] > Task :shared_preferences_android:processReleaseJavaRes UP-TO-DATE
[        ] file or directory 'C:\Users\jakao\AppData\Local\Pub\Cache\hosted\pub.dev\shared_preferences_android-2.4.10\android\src\main\resources', not found
[        ] file or directory 'C:\Users\jakao\AppData\Local\Pub\Cache\hosted\pub.dev\shared_preferences_android-2.4.10\android\src\release\resources', not found
[        ] file or directory 'C:\Users\jakao\AppData\Local\Pub\Cache\hosted\pub.dev\shared_preferences_android-2.4.10\android\src\main\resources', not found
[        ] file or directory 'C:\Users\jakao\AppData\Local\Pub\Cache\hosted\pub.dev\shared_preferences_android-2.4.10\android\src\release\resources', not found
[        ] Caching disabled for task ':shared_preferences_android:processReleaseJavaRes' because:
[        ]   Build cache is disabled
[        ]   Caching has been disabled for the task
[        ] Skipping task ':shared_preferences_android:processReleaseJavaRes' as it is up-to-date.
[        ] work action resolve out (project :shared_preferences_android) (Thread[#900,Execution worker Thread 11,5,main]) started.
[        ] Resolve mutations for :sqflite_android:processReleaseJavaRes (Thread[#900,Execution worker Thread 11,5,main]) started.
[        ] :sqflite_android:processReleaseJavaRes (Thread[#900,Execution worker Thread 11,5,main]) started.
[        ] > Task :sqflite_android:processReleaseJavaRes NO-SOURCE
[        ] file or directory 'C:\Users\jakao\AppData\Local\Pub\Cache\hosted\pub.dev\sqflite_android-2.4.1\android\src\main\resources', not found
[        ] file or directory 'C:\Users\jakao\AppData\Local\Pub\Cache\hosted\pub.dev\sqflite_android-2.4.1\android\src\release\resources', not found
[        ] Skipping task ':sqflite_android:processReleaseJavaRes' as it has no source files and no previous output files.
[        ] work action resolve out (project :sqflite_android) (Thread[#900,Execution worker Thread 11,5,main]) started.
[        ] Resolve mutations for :url_launcher_android:processReleaseJavaRes (Thread[#900,Execution worker Thread 11,5,main]) started.
[        ] :url_launcher_android:processReleaseJavaRes (Thread[#900,Execution worker Thread 11,5,main]) started.
[  +60 ms] > Task :url_launcher_android:processReleaseJavaRes NO-SOURCE
[        ] file or directory 'C:\Users\jakao\AppData\Local\Pub\Cache\hosted\pub.dev\url_launcher_android-6.3.16\android\src\main\resources', not found
[        ] file or directory 'C:\Users\jakao\AppData\Local\Pub\Cache\hosted\pub.dev\url_launcher_android-6.3.16\android\src\release\resources', not found
[        ] Skipping task ':url_launcher_android:processReleaseJavaRes' as it has no source files and no previous output files.
[        ] work action resolve out (project :url_launcher_android) (Thread[#900,Execution worker Thread 11,5,main]) started.
[        ] Resolve mutations for :vibration:processReleaseJavaRes (Thread[#900,Execution worker Thread 11,5,main]) started.
[        ] :vibration:processReleaseJavaRes (Thread[#900,Execution worker Thread 11,5,main]) started.
[        ] > Task :vibration:processReleaseJavaRes NO-SOURCE
[        ] file or directory 'C:\Users\jakao\AppData\Local\Pub\Cache\hosted\pub.dev\vibration-2.1.0\android\src\main\resources', not found
[        ] file or directory 'C:\Users\jakao\AppData\Local\Pub\Cache\hosted\pub.dev\vibration-2.1.0\android\src\release\resources', not found
[        ] Skipping task ':vibration:processReleaseJavaRes' as it has no source files and no previous output files.
[        ] work action resolve out (project :vibration) (Thread[#900,Execution worker Thread 11,5,main]) started.
[        ] Resolve mutations for :app:mergeReleaseJavaResource (Thread[#900,Execution worker Thread 11,5,main]) started.
[        ] :app:mergeReleaseJavaResource (Thread[#900,Execution worker Thread 11,5,main]) started.
[        ] > Task :app:mergeReleaseJavaResource UP-TO-DATE
[        ] Transforming libs.jar with JetifyTransform
[        ] Transforming libs.jar with IdentityTransform
[        ] Transforming flutter_embedding_release-1.0.0-a8bfdfc394deaed5c57bd45a64ac4294dc976a72.jar (io.flutter:flutter_embedding_release:1.0.0-a8bfdfc394deaed5c57bd45a64ac4294dc976a72) with JetifyTransform
[        ] Transforming flutter_embedding_release-1.0.0-a8bfdfc394deaed5c57bd45a64ac4294dc976a72.jar (io.flutter:flutter_embedding_release:1.0.0-a8bfdfc394deaed5c57bd45a64ac4294dc976a72) with IdentityTransform
[        ] Transforming barcode-scanning-17.3.0.aar (com.google.mlkit:barcode-scanning:17.3.0) with JetifyTransform
[        ] Transforming barcode-scanning-17.3.0.aar (com.google.mlkit:barcode-scanning:17.3.0) with ExtractAarTransform
[        ] Transforming barcode-scanning-17.3.0.aar (com.google.mlkit:barcode-scanning:17.3.0) with AarTransform
[        ] Transforming play-services-mlkit-barcode-scanning-18.3.1.aar (com.google.android.gms:play-services-mlkit-barcode-scanning:18.3.1) with JetifyTransform
[        ] Transforming play-services-mlkit-barcode-scanning-18.3.1.aar (com.google.android.gms:play-services-mlkit-barcode-scanning:18.3.1) with ExtractAarTransform
[        ] Transforming play-services-mlkit-barcode-scanning-18.3.1.aar (com.google.android.gms:play-services-mlkit-barcode-scanning:18.3.1) with AarTransform
[        ] Transforming barcode-scanning-common-17.0.0.aar (com.google.mlkit:barcode-scanning-common:17.0.0) with JetifyTransform
[        ] Transforming barcode-scanning-common-17.0.0.aar (com.google.mlkit:barcode-scanning-common:17.0.0) with ExtractAarTransform
[        ] Transforming barcode-scanning-common-17.0.0.aar (com.google.mlkit:barcode-scanning-common:17.0.0) with AarTransform
[        ] Transforming vision-common-17.3.0.aar (com.google.mlkit:vision-common:17.3.0) with JetifyTransform
[        ] Transforming vision-common-17.3.0.aar (com.google.mlkit:vision-common:17.3.0) with ExtractAarTransform
[        ] Transforming vision-common-17.3.0.aar (com.google.mlkit:vision-common:17.3.0) with AarTransform
[        ] Transforming common-18.11.0.aar (com.google.mlkit:common:18.11.0) with JetifyTransform
[        ] Transforming common-18.11.0.aar (com.google.mlkit:common:18.11.0) with ExtractAarTransform
[        ] Transforming common-18.11.0.aar (com.google.mlkit:common:18.11.0) with AarTransform
[        ] Transforming play-services-base-18.5.0.aar (com.google.android.gms:play-services-base:18.5.0) with JetifyTransform
[        ] Transforming play-services-base-18.5.0.aar (com.google.android.gms:play-services-base:18.5.0) with ExtractAarTransform
[        ] Transforming play-services-base-18.5.0.aar (com.google.android.gms:play-services-base:18.5.0) with AarTransform
[        ] Transforming vision-interfaces-16.3.0.aar (com.google.mlkit:vision-interfaces:16.3.0) with JetifyTransform
[        ] Transforming vision-interfaces-16.3.0.aar (com.google.mlkit:vision-interfaces:16.3.0) with ExtractAarTransform
[        ] Transforming vision-interfaces-16.3.0.aar (com.google.mlkit:vision-interfaces:16.3.0) with AarTransform
[        ] Transforming play-services-tasks-18.2.0.aar (com.google.android.gms:play-services-tasks:18.2.0) with JetifyTransform
[        ] Transforming play-services-tasks-18.2.0.aar (com.google.android.gms:play-services-tasks:18.2.0) with ExtractAarTransform
[        ] Transforming play-services-tasks-18.2.0.aar (com.google.android.gms:play-services-tasks:18.2.0) with AarTransform
[        ] Transforming play-services-basement-18.4.0.aar (com.google.android.gms:play-services-basement:18.4.0) with JetifyTransform
[        ] Transforming play-services-basement-18.4.0.aar (com.google.android.gms:play-services-basement:18.4.0) with ExtractAarTransform
[        ] Transforming play-services-basement-18.4.0.aar (com.google.android.gms:play-services-basement:18.4.0) with AarTransform
[        ] Transforming preference-1.2.1.aar (androidx.preference:preference:1.2.1) with JetifyTransform
[        ] Transforming preference-1.2.1.aar (androidx.preference:preference:1.2.1) with ExtractAarTransform
[        ] Transforming preference-1.2.1.aar (androidx.preference:preference:1.2.1) with AarTransform
[        ] Transforming fragment-ktx-1.7.1.aar (androidx.fragment:fragment-ktx:1.7.1) with JetifyTransform
[        ] Transforming fragment-ktx-1.7.1.aar (androidx.fragment:fragment-ktx:1.7.1) with ExtractAarTransform
[        ] Transforming fragment-ktx-1.7.1.aar (androidx.fragment:fragment-ktx:1.7.1) with AarTransform
[        ] Transforming appcompat-resources-1.6.1.aar (androidx.appcompat:appcompat-resources:1.6.1) with JetifyTransform
[        ] Transforming appcompat-resources-1.6.1.aar (androidx.appcompat:appcompat-resources:1.6.1) with ExtractAarTransform
[        ] Transforming appcompat-resources-1.6.1.aar (androidx.appcompat:appcompat-resources:1.6.1) with AarTransform
[        ] Transforming appcompat-1.6.1.aar (androidx.appcompat:appcompat:1.6.1) with JetifyTransform
[        ] Transforming appcompat-1.6.1.aar (androidx.appcompat:appcompat:1.6.1) with ExtractAarTransform
[        ] Transforming appcompat-1.6.1.aar (androidx.appcompat:appcompat:1.6.1) with AarTransform
[        ] Transforming appcompat-1.6.1.aar (androidx.appcompat:appcompat:1.6.1) with JetifyTransform
[        ] Transforming appcompat-1.6.1.aar (androidx.appcompat:appcompat:1.6.1) with ExtractAarTransform
[        ] Transforming appcompat-1.6.1.aar (androidx.appcompat:appcompat:1.6.1) with AarTransform
[        ] Transforming fragment-1.7.1.aar (androidx.fragment:fragment:1.7.1) with JetifyTransform
[        ] Transforming fragment-1.7.1.aar (androidx.fragment:fragment:1.7.1) with ExtractAarTransform
[        ] Transforming fragment-1.7.1.aar (androidx.fragment:fragment:1.7.1) with AarTransform
[        ] Transforming fragment-1.7.1.aar (androidx.fragment:fragment:1.7.1) with JetifyTransform
[        ] Transforming fragment-1.7.1.aar (androidx.fragment:fragment:1.7.1) with ExtractAarTransform
[        ] Transforming fragment-1.7.1.aar (androidx.fragment:fragment:1.7.1) with AarTransform
[        ] Transforming activity-ktx-1.9.3.aar (androidx.activity:activity-ktx:1.9.3) with JetifyTransform
[        ] Transforming activity-ktx-1.9.3.aar (androidx.activity:activity-ktx:1.9.3) with ExtractAarTransform
[        ] Transforming activity-ktx-1.9.3.aar (androidx.activity:activity-ktx:1.9.3) with AarTransform
[        ] Transforming activity-1.9.3.aar (androidx.activity:activity:1.9.3) with JetifyTransform
[        ] Transforming activity-1.9.3.aar (androidx.activity:activity:1.9.3) with ExtractAarTransform
[        ] Transforming activity-1.9.3.aar (androidx.activity:activity:1.9.3) with AarTransform
[        ] Transforming camera-core-1.4.2.aar (androidx.camera:camera-core:1.4.2) with JetifyTransform
[        ] Transforming camera-core-1.4.2.aar (androidx.camera:camera-core:1.4.2) with ExtractAarTransform
[        ] Transforming camera-core-1.4.2.aar (androidx.camera:camera-core:1.4.2) with AarTransform
[        ] Transforming camera-camera2-1.4.2.aar (androidx.camera:camera-camera2:1.4.2) with JetifyTransform
[        ] Transforming camera-camera2-1.4.2.aar (androidx.camera:camera-camera2:1.4.2) with ExtractAarTransform
[        ] Transforming camera-camera2-1.4.2.aar (androidx.camera:camera-camera2:1.4.2) with AarTransform
[        ] Transforming camera-lifecycle-1.4.2.aar (androidx.camera:camera-lifecycle:1.4.2) with JetifyTransform
[        ] Transforming camera-lifecycle-1.4.2.aar (androidx.camera:camera-lifecycle:1.4.2) with ExtractAarTransform
[        ] Transforming camera-lifecycle-1.4.2.aar (androidx.camera:camera-lifecycle:1.4.2) with AarTransform
[        ] Transforming browser-1.8.0.aar (androidx.browser:browser:1.8.0) with JetifyTransform
[        ] Transforming browser-1.8.0.aar (androidx.browser:browser:1.8.0) with ExtractAarTransform
[        ] Transforming browser-1.8.0.aar (androidx.browser:browser:1.8.0) with AarTransform
[        ] Transforming recyclerview-1.0.0.aar (androidx.recyclerview:recyclerview:1.0.0) with JetifyTransform
[        ] Transforming recyclerview-1.0.0.aar (androidx.recyclerview:recyclerview:1.0.0) with ExtractAarTransform
[        ] Transforming recyclerview-1.0.0.aar (androidx.recyclerview:recyclerview:1.0.0) with AarTransform
[        ] Transforming legacy-support-core-ui-1.0.0.aar (androidx.legacy:legacy-support-core-ui:1.0.0) with JetifyTransform
[        ] Transforming legacy-support-core-ui-1.0.0.aar (androidx.legacy:legacy-support-core-ui:1.0.0) with ExtractAarTransform
[        ] Transforming legacy-support-core-ui-1.0.0.aar (androidx.legacy:legacy-support-core-ui:1.0.0) with AarTransform
[        ] Transforming slidingpanelayout-1.2.0.aar (androidx.slidingpanelayout:slidingpanelayout:1.2.0) with JetifyTransform
[        ] Transforming slidingpanelayout-1.2.0.aar (androidx.slidingpanelayout:slidingpanelayout:1.2.0) with ExtractAarTransform
[        ] Transforming slidingpanelayout-1.2.0.aar (androidx.slidingpanelayout:slidingpanelayout:1.2.0) with AarTransform
[        ] Transforming slidingpanelayout-1.2.0.aar (androidx.slidingpanelayout:slidingpanelayout:1.2.0) with JetifyTransform
[        ] Transforming slidingpanelayout-1.2.0.aar (androidx.slidingpanelayout:slidingpanelayout:1.2.0) with ExtractAarTransform
[        ] Transforming slidingpanelayout-1.2.0.aar (androidx.slidingpanelayout:slidingpanelayout:1.2.0) with AarTransform
[        ] Transforming window-1.2.0.aar (androidx.window:window:1.2.0) with JetifyTransform
[        ] Transforming window-1.2.0.aar (androidx.window:window:1.2.0) with ExtractAarTransform
[        ] Transforming window-1.2.0.aar (androidx.window:window:1.2.0) with AarTransform
[        ] Transforming window-java-1.2.0.aar (androidx.window:window-java:1.2.0) with JetifyTransform
[        ] Transforming window-java-1.2.0.aar (androidx.window:window-java:1.2.0) with ExtractAarTransform
[        ] Transforming window-java-1.2.0.aar (androidx.window:window-java:1.2.0) with AarTransform
[        ] Transforming legacy-support-core-utils-1.0.0.aar (androidx.legacy:legacy-support-core-utils:1.0.0) with JetifyTransform
[        ] Transforming legacy-support-core-utils-1.0.0.aar (androidx.legacy:legacy-support-core-utils:1.0.0) with ExtractAarTransform
[        ] Transforming legacy-support-core-utils-1.0.0.aar (androidx.legacy:legacy-support-core-utils:1.0.0) with AarTransform
[        ] Transforming loader-1.0.0.aar (androidx.loader:loader:1.0.0) with JetifyTransform
[        ] Transforming loader-1.0.0.aar (androidx.loader:loader:1.0.0) with ExtractAarTransform
[        ] Transforming loader-1.0.0.aar (androidx.loader:loader:1.0.0) with AarTransform
[        ] Transforming loader-1.0.0.aar (androidx.loader:loader:1.0.0) with JetifyTransform
[        ] Transforming loader-1.0.0.aar (androidx.loader:loader:1.0.0) with ExtractAarTransform
[        ] Transforming loader-1.0.0.aar (androidx.loader:loader:1.0.0) with AarTransform
[        ] Transforming lifecycle-livedata-core-ktx-2.7.0.aar (androidx.lifecycle:lifecycle-livedata-core-ktx:2.7.0) with JetifyTransform
[        ] Transforming lifecycle-livedata-core-ktx-2.7.0.aar (androidx.lifecycle:lifecycle-livedata-core-ktx:2.7.0) with ExtractAarTransform
[        ] Transforming lifecycle-livedata-core-ktx-2.7.0.aar (androidx.lifecycle:lifecycle-livedata-core-ktx:2.7.0) with AarTransform
[        ] Transforming lifecycle-viewmodel-ktx-2.7.0.aar (androidx.lifecycle:lifecycle-viewmodel-ktx:2.7.0) with JetifyTransform
[        ] Transforming lifecycle-viewmodel-ktx-2.7.0.aar (androidx.lifecycle:lifecycle-viewmodel-ktx:2.7.0) with ExtractAarTransform
[        ] Transforming lifecycle-viewmodel-ktx-2.7.0.aar (androidx.lifecycle:lifecycle-viewmodel-ktx:2.7.0) with AarTransform
[        ] Transforming lifecycle-runtime-ktx-2.7.0.aar (androidx.lifecycle:lifecycle-runtime-ktx:2.7.0) with JetifyTransform
[        ] Transforming lifecycle-runtime-ktx-2.7.0.aar (androidx.lifecycle:lifecycle-runtime-ktx:2.7.0) with ExtractAarTransform
[        ] Transforming lifecycle-runtime-ktx-2.7.0.aar (androidx.lifecycle:lifecycle-runtime-ktx:2.7.0) with AarTransform
[        ] Transforming lifecycle-livedata-2.7.0.aar (androidx.lifecycle:lifecycle-livedata:2.7.0) with JetifyTransform
[        ] Transforming lifecycle-livedata-2.7.0.aar (androidx.lifecycle:lifecycle-livedata:2.7.0) with ExtractAarTransform
[        ] Transforming lifecycle-livedata-2.7.0.aar (androidx.lifecycle:lifecycle-livedata:2.7.0) with AarTransform
[        ] Transforming lifecycle-livedata-2.7.0.aar (androidx.lifecycle:lifecycle-livedata:2.7.0) with JetifyTransform
[        ] Transforming lifecycle-livedata-2.7.0.aar (androidx.lifecycle:lifecycle-livedata:2.7.0) with ExtractAarTransform
[        ] Transforming lifecycle-livedata-2.7.0.aar (androidx.lifecycle:lifecycle-livedata:2.7.0) with AarTransform
[        ] Transforming lifecycle-livedata-core-2.7.0.aar (androidx.lifecycle:lifecycle-livedata-core:2.7.0) with JetifyTransform
[        ] Transforming lifecycle-livedata-core-2.7.0.aar (androidx.lifecycle:lifecycle-livedata-core:2.7.0) with ExtractAarTransform
[        ] Transforming lifecycle-livedata-core-2.7.0.aar (androidx.lifecycle:lifecycle-livedata-core:2.7.0) with AarTransform
[        ] Transforming lifecycle-viewmodel-2.7.0.aar (androidx.lifecycle:lifecycle-viewmodel:2.7.0) with JetifyTransform
[        ] Transforming lifecycle-viewmodel-2.7.0.aar (androidx.lifecycle:lifecycle-viewmodel:2.7.0) with ExtractAarTransform
[        ] Transforming lifecycle-viewmodel-2.7.0.aar (androidx.lifecycle:lifecycle-viewmodel:2.7.0) with AarTransform
[        ] Transforming lifecycle-viewmodel-2.7.0.aar (androidx.lifecycle:lifecycle-viewmodel:2.7.0) with JetifyTransform
[        ] Transforming lifecycle-viewmodel-2.7.0.aar (androidx.lifecycle:lifecycle-viewmodel:2.7.0) with ExtractAarTransform
[        ] Transforming lifecycle-viewmodel-2.7.0.aar (androidx.lifecycle:lifecycle-viewmodel:2.7.0) with AarTransform
[        ] Transforming emoji2-views-helper-1.2.0.aar (androidx.emoji2:emoji2-views-helper:1.2.0) with JetifyTransform
[        ] Transforming emoji2-views-helper-1.2.0.aar (androidx.emoji2:emoji2-views-helper:1.2.0) with ExtractAarTransform
[        ] Transforming emoji2-views-helper-1.2.0.aar (androidx.emoji2:emoji2-views-helper:1.2.0) with AarTransform
[        ] Transforming emoji2-1.2.0.aar (androidx.emoji2:emoji2:1.2.0) with JetifyTransform
[        ] Transforming emoji2-1.2.0.aar (androidx.emoji2:emoji2:1.2.0) with ExtractAarTransform
[        ] Transforming emoji2-1.2.0.aar (androidx.emoji2:emoji2:1.2.0) with AarTransform
[        ] Transforming lifecycle-process-2.7.0.aar (androidx.lifecycle:lifecycle-process:2.7.0) with JetifyTransform
[        ] Transforming lifecycle-process-2.7.0.aar (androidx.lifecycle:lifecycle-process:2.7.0) with ExtractAarTransform
[        ] Transforming lifecycle-process-2.7.0.aar (androidx.lifecycle:lifecycle-process:2.7.0) with AarTransform
[        ] Transforming lifecycle-common-java8-2.7.0.jar (androidx.lifecycle:lifecycle-common-java8:2.7.0) with JetifyTransform
[        ] Transforming lifecycle-common-java8-2.7.0.jar (androidx.lifecycle:lifecycle-common-java8:2.7.0) with IdentityTransform
[        ] Transforming savedstate-ktx-1.2.1.aar (androidx.savedstate:savedstate-ktx:1.2.1) with JetifyTransform
[        ] Transforming savedstate-ktx-1.2.1.aar (androidx.savedstate:savedstate-ktx:1.2.1) with ExtractAarTransform
[        ] Transforming savedstate-ktx-1.2.1.aar (androidx.savedstate:savedstate-ktx:1.2.1) with AarTransform
[        ] Transforming savedstate-1.2.1.aar (androidx.savedstate:savedstate:1.2.1) with JetifyTransform
[        ] Transforming savedstate-1.2.1.aar (androidx.savedstate:savedstate:1.2.1) with ExtractAarTransform
[        ] Transforming savedstate-1.2.1.aar (androidx.savedstate:savedstate:1.2.1) with AarTransform
[        ] Transforming lifecycle-common-2.7.0.jar (androidx.lifecycle:lifecycle-common:2.7.0) with JetifyTransform
[        ] Transforming lifecycle-common-2.7.0.jar (androidx.lifecycle:lifecycle-common:2.7.0) with IdentityTransform
[        ] Transforming lifecycle-runtime-2.7.0.aar (androidx.lifecycle:lifecycle-runtime:2.7.0) with JetifyTransform
[        ] Transforming lifecycle-runtime-2.7.0.aar (androidx.lifecycle:lifecycle-runtime:2.7.0) with ExtractAarTransform
[        ] Transforming lifecycle-runtime-2.7.0.aar (androidx.lifecycle:lifecycle-runtime:2.7.0) with AarTransform
[        ] Transforming lifecycle-viewmodel-savedstate-2.7.0.aar (androidx.lifecycle:lifecycle-viewmodel-savedstate:2.7.0) with JetifyTransform
[        ] Transforming lifecycle-viewmodel-savedstate-2.7.0.aar (androidx.lifecycle:lifecycle-viewmodel-savedstate:2.7.0) with ExtractAarTransform
[        ] Transforming lifecycle-viewmodel-savedstate-2.7.0.aar (androidx.lifecycle:lifecycle-viewmodel-savedstate:2.7.0) with AarTransform
[        ] Transforming core-ktx-1.13.1.aar (androidx.core:core-ktx:1.13.1) with JetifyTransform
[        ] Transforming core-ktx-1.13.1.aar (androidx.core:core-ktx:1.13.1) with ExtractAarTransform
[        ] Transforming core-ktx-1.13.1.aar (androidx.core:core-ktx:1.13.1) with AarTransform
[        ] Transforming viewpager-1.0.0.aar (androidx.viewpager:viewpager:1.0.0) with JetifyTransform
[        ] Transforming viewpager-1.0.0.aar (androidx.viewpager:viewpager:1.0.0) with ExtractAarTransform
[        ] Transforming viewpager-1.0.0.aar (androidx.viewpager:viewpager:1.0.0) with AarTransform
[        ] Transforming viewpager-1.0.0.aar (androidx.viewpager:viewpager:1.0.0) with JetifyTransform
[        ] Transforming viewpager-1.0.0.aar (androidx.viewpager:viewpager:1.0.0) with ExtractAarTransform
[        ] Transforming viewpager-1.0.0.aar (androidx.viewpager:viewpager:1.0.0) with AarTransform
[        ] Transforming drawerlayout-1.0.0.aar (androidx.drawerlayout:drawerlayout:1.0.0) with JetifyTransform
[        ] Transforming drawerlayout-1.0.0.aar (androidx.drawerlayout:drawerlayout:1.0.0) with ExtractAarTransform
[        ] Transforming drawerlayout-1.0.0.aar (androidx.drawerlayout:drawerlayout:1.0.0) with AarTransform
[        ] Transforming drawerlayout-1.0.0.aar (androidx.drawerlayout:drawerlayout:1.0.0) with JetifyTransform
[        ] Transforming drawerlayout-1.0.0.aar (androidx.drawerlayout:drawerlayout:1.0.0) with ExtractAarTransform
[        ] Transforming drawerlayout-1.0.0.aar (androidx.drawerlayout:drawerlayout:1.0.0) with AarTransform
[        ] Transforming coordinatorlayout-1.0.0.aar (androidx.coordinatorlayout:coordinatorlayout:1.0.0) with JetifyTransform
[        ] Transforming coordinatorlayout-1.0.0.aar (androidx.coordinatorlayout:coordinatorlayout:1.0.0) with ExtractAarTransform
[        ] Transforming coordinatorlayout-1.0.0.aar (androidx.coordinatorlayout:coordinatorlayout:1.0.0) with AarTransform
[        ] Transforming customview-1.1.0.aar (androidx.customview:customview:1.1.0) with JetifyTransform
[        ] Transforming customview-1.1.0.aar (androidx.customview:customview:1.1.0) with ExtractAarTransform
[        ] Transforming customview-1.1.0.aar (androidx.customview:customview:1.1.0) with AarTransform
[        ] Transforming customview-1.1.0.aar (androidx.customview:customview:1.1.0) with JetifyTransform
[        ] Transforming customview-1.1.0.aar (androidx.customview:customview:1.1.0) with ExtractAarTransform
[        ] Transforming customview-1.1.0.aar (androidx.customview:customview:1.1.0) with AarTransform
[        ] Transforming transition-1.4.1.aar (androidx.transition:transition:1.4.1) with JetifyTransform
[        ] Transforming transition-1.4.1.aar (androidx.transition:transition:1.4.1) with ExtractAarTransform
[        ] Transforming transition-1.4.1.aar (androidx.transition:transition:1.4.1) with AarTransform
[        ] Transforming swiperefreshlayout-1.0.0.aar (androidx.swiperefreshlayout:swiperefreshlayout:1.0.0) with JetifyTransform
[        ] Transforming swiperefreshlayout-1.0.0.aar (androidx.swiperefreshlayout:swiperefreshlayout:1.0.0) with ExtractAarTransform
[        ] Transforming swiperefreshlayout-1.0.0.aar (androidx.swiperefreshlayout:swiperefreshlayout:1.0.0) with AarTransform
[        ] Transforming asynclayoutinflater-1.0.0.aar (androidx.asynclayoutinflater:asynclayoutinflater:1.0.0) with JetifyTransform
[        ] Transforming asynclayoutinflater-1.0.0.aar (androidx.asynclayoutinflater:asynclayoutinflater:1.0.0) with ExtractAarTransform
[        ] Transforming asynclayoutinflater-1.0.0.aar (androidx.asynclayoutinflater:asynclayoutinflater:1.0.0) with AarTransform
[        ] Transforming vectordrawable-animated-1.1.0.aar (androidx.vectordrawable:vectordrawable-animated:1.1.0) with JetifyTransform
[        ] Transforming vectordrawable-animated-1.1.0.aar (androidx.vectordrawable:vectordrawable-animated:1.1.0) with ExtractAarTransform
[        ] Transforming vectordrawable-animated-1.1.0.aar (androidx.vectordrawable:vectordrawable-animated:1.1.0) with AarTransform
[        ] Transforming vectordrawable-1.1.0.aar (androidx.vectordrawable:vectordrawable:1.1.0) with JetifyTransform
[        ] Transforming vectordrawable-1.1.0.aar (androidx.vectordrawable:vectordrawable:1.1.0) with ExtractAarTransform
[        ] Transforming vectordrawable-1.1.0.aar (androidx.vectordrawable:vectordrawable:1.1.0) with AarTransform
[        ] Transforming vectordrawable-1.1.0.aar (androidx.vectordrawable:vectordrawable:1.1.0) with JetifyTransform
[   +1 ms] Transforming vectordrawable-1.1.0.aar (androidx.vectordrawable:vectordrawable:1.1.0) with ExtractAarTransform
[        ] Transforming vectordrawable-1.1.0.aar (androidx.vectordrawable:vectordrawable:1.1.0) with AarTransform
[        ] Transforming core-1.13.1.aar (androidx.core:core:1.13.1) with JetifyTransform
[        ] Transforming core-1.13.1.aar (androidx.core:core:1.13.1) with ExtractAarTransform
[        ] Transforming core-1.13.1.aar (androidx.core:core:1.13.1) with AarTransform
[        ] Transforming core-1.13.1.aar (androidx.core:core:1.13.1) with JetifyTransform
[        ] Transforming core-1.13.1.aar (androidx.core:core:1.13.1) with ExtractAarTransform
[        ] Transforming core-1.13.1.aar (androidx.core:core:1.13.1) with AarTransform
[        ] Transforming exifinterface-1.3.7.aar (androidx.exifinterface:exifinterface:1.3.7) with JetifyTransform
[        ] Transforming exifinterface-1.3.7.aar (androidx.exifinterface:exifinterface:1.3.7) with ExtractAarTransform
[        ] Transforming exifinterface-1.3.7.aar (androidx.exifinterface:exifinterface:1.3.7) with AarTransform
[        ] Transforming exifinterface-1.3.7.aar (androidx.exifinterface:exifinterface:1.3.7) with JetifyTransform
[        ] Transforming exifinterface-1.3.7.aar (androidx.exifinterface:exifinterface:1.3.7) with ExtractAarTransform
[        ] Transforming exifinterface-1.3.7.aar (androidx.exifinterface:exifinterface:1.3.7) with AarTransform
[        ] Transforming tracing-ktx-1.2.0.aar (androidx.tracing:tracing-ktx:1.2.0) with JetifyTransform
[        ] Transforming tracing-ktx-1.2.0.aar (androidx.tracing:tracing-ktx:1.2.0) with ExtractAarTransform
[        ] Transforming tracing-ktx-1.2.0.aar (androidx.tracing:tracing-ktx:1.2.0) with AarTransform
[        ] Transforming profileinstaller-1.3.1.aar (androidx.profileinstaller:profileinstaller:1.3.1) with JetifyTransform
[        ] Transforming profileinstaller-1.3.1.aar (androidx.profileinstaller:profileinstaller:1.3.1) with ExtractAarTransform
[        ] Transforming profileinstaller-1.3.1.aar (androidx.profileinstaller:profileinstaller:1.3.1) with AarTransform
[        ] Transforming startup-runtime-1.1.1.aar (androidx.startup:startup-runtime:1.1.1) with JetifyTransform
[        ] Transforming startup-runtime-1.1.1.aar (androidx.startup:startup-runtime:1.1.1) with ExtractAarTransform
[        ] Transforming startup-runtime-1.1.1.aar (androidx.startup:startup-runtime:1.1.1) with AarTransform
[        ] Transforming tracing-1.2.0.aar (androidx.tracing:tracing:1.2.0) with JetifyTransform
[        ] Transforming tracing-1.2.0.aar (androidx.tracing:tracing:1.2.0) with ExtractAarTransform
[        ] Transforming tracing-1.2.0.aar (androidx.tracing:tracing:1.2.0) with AarTransform
[        ] Transforming interpolator-1.0.0.aar (androidx.interpolator:interpolator:1.0.0) with JetifyTransform
[        ] Transforming interpolator-1.0.0.aar (androidx.interpolator:interpolator:1.0.0) with ExtractAarTransform
[        ] Transforming interpolator-1.0.0.aar (androidx.interpolator:interpolator:1.0.0) with AarTransform
[        ] Transforming interpolator-1.0.0.aar (androidx.interpolator:interpolator:1.0.0) with JetifyTransform
[        ] Transforming interpolator-1.0.0.aar (androidx.interpolator:interpolator:1.0.0) with ExtractAarTransform
[        ] Transforming interpolator-1.0.0.aar (androidx.interpolator:interpolator:1.0.0) with AarTransform
[        ] Transforming versionedparcelable-1.1.1.aar (androidx.versionedparcelable:versionedparcelable:1.1.1) with JetifyTransform
[        ] Transforming versionedparcelable-1.1.1.aar (androidx.versionedparcelable:versionedparcelable:1.1.1) with ExtractAarTransform
[        ] Transforming versionedparcelable-1.1.1.aar (androidx.versionedparcelable:versionedparcelable:1.1.1) with AarTransform
[        ] Transforming concurrent-futures-ktx-1.1.0.jar (androidx.concurrent:concurrent-futures-ktx:1.1.0) with JetifyTransform
[        ] Transforming concurrent-futures-ktx-1.1.0.jar (androidx.concurrent:concurrent-futures-ktx:1.1.0) with IdentityTransform
[        ] Transforming concurrent-futures-1.1.0.jar (androidx.concurrent:concurrent-futures:1.1.0) with JetifyTransform
[        ] Transforming concurrent-futures-1.1.0.jar (androidx.concurrent:concurrent-futures:1.1.0) with IdentityTransform
[        ] Transforming datastore-preferences-external-protobuf-1.1.3.jar (androidx.datastore:datastore-preferences-external-protobuf:1.1.3) with JetifyTransform
[        ] Transforming datastore-preferences-external-protobuf-1.1.3.jar (androidx.datastore:datastore-preferences-external-protobuf:1.1.3) with IdentityTransform
[        ] Transforming datastore-preferences-proto-1.1.3.jar (androidx.datastore:datastore-preferences-proto:1.1.3) with JetifyTransform
[        ] Transforming datastore-preferences-proto-1.1.3.jar (androidx.datastore:datastore-preferences-proto:1.1.3) with IdentityTransform
[        ] Transforming datastore-preferences-core-jvm-1.1.3.jar (androidx.datastore:datastore-preferences-core-jvm:1.1.3) with JetifyTransform
[        ] Transforming datastore-preferences-core-jvm-1.1.3.jar (androidx.datastore:datastore-preferences-core-jvm:1.1.3) with IdentityTransform
[        ] Transforming datastore-core-okio-jvm-1.1.3.jar (androidx.datastore:datastore-core-okio-jvm:1.1.3) with JetifyTransform
[        ] Transforming datastore-core-okio-jvm-1.1.3.jar (androidx.datastore:datastore-core-okio-jvm:1.1.3) with IdentityTransform
[        ] Transforming datastore-core-release.aar (androidx.datastore:datastore-core-android:1.1.3) with JetifyTransform
[        ] Transforming datastore-core-release.aar (androidx.datastore:datastore-core-android:1.1.3) with ExtractAarTransform
[        ] Transforming datastore-core-release.aar (androidx.datastore:datastore-core-android:1.1.3) with AarTransform
[        ] Transforming datastore-preferences-release.aar (androidx.datastore:datastore-preferences-android:1.1.3) with JetifyTransform
[        ] Transforming datastore-preferences-release.aar (androidx.datastore:datastore-preferences-android:1.1.3) with ExtractAarTransform
[        ] Transforming datastore-preferences-release.aar (androidx.datastore:datastore-preferences-android:1.1.3) with AarTransform
[        ] Transforming datastore-release.aar (androidx.datastore:datastore-android:1.1.3) with JetifyTransform
[        ] Transforming datastore-release.aar (androidx.datastore:datastore-android:1.1.3) with ExtractAarTransform
[        ] Transforming datastore-release.aar (androidx.datastore:datastore-android:1.1.3) with AarTransform
[        ] Transforming collection-ktx-1.1.0.jar (androidx.collection:collection-ktx:1.1.0) with JetifyTransform
[        ] Transforming collection-ktx-1.1.0.jar (androidx.collection:collection-ktx:1.1.0) with IdentityTransform
[        ] Transforming collection-1.1.0.jar (androidx.collection:collection:1.1.0) with JetifyTransform
[        ] Transforming collection-1.1.0.jar (androidx.collection:collection:1.1.0) with IdentityTransform
[        ] Transforming core-runtime-2.2.0.aar (androidx.arch.core:core-runtime:2.2.0) with JetifyTransform
[        ] Transforming core-runtime-2.2.0.aar (androidx.arch.core:core-runtime:2.2.0) with ExtractAarTransform
[        ] Transforming core-runtime-2.2.0.aar (androidx.arch.core:core-runtime:2.2.0) with AarTransform
[        ] Transforming core-common-2.2.0.jar (androidx.arch.core:core-common:2.2.0) with JetifyTransform
[        ] Transforming core-common-2.2.0.jar (androidx.arch.core:core-common:2.2.0) with IdentityTransform
[        ] Transforming transport-backend-cct-2.3.3.aar (com.google.android.datatransport:transport-backend-cct:2.3.3) with JetifyTransform
[        ] Transforming transport-backend-cct-2.3.3.aar (com.google.android.datatransport:transport-backend-cct:2.3.3) with ExtractAarTransform
[        ] Transforming transport-backend-cct-2.3.3.aar (com.google.android.datatransport:transport-backend-cct:2.3.3) with AarTransform
[        ] Transforming transport-runtime-2.2.6.aar (com.google.android.datatransport:transport-runtime:2.2.6) with JetifyTransform
[        ] Transforming transport-runtime-2.2.6.aar (com.google.android.datatransport:transport-runtime:2.2.6) with ExtractAarTransform
[        ] Transforming transport-runtime-2.2.6.aar (com.google.android.datatransport:transport-runtime:2.2.6) with AarTransform
[        ] Transforming transport-api-2.2.1.aar (com.google.android.datatransport:transport-api:2.2.1) with JetifyTransform
[        ] Transforming transport-api-2.2.1.aar (com.google.android.datatransport:transport-api:2.2.1) with ExtractAarTransform
[        ] Transforming transport-api-2.2.1.aar (com.google.android.datatransport:transport-api:2.2.1) with AarTransform
[        ] Transforming firebase-components-16.1.0.aar (com.google.firebase:firebase-components:16.1.0) with JetifyTransform
[        ] Transforming firebase-components-16.1.0.aar (com.google.firebase:firebase-components:16.1.0) with ExtractAarTransform
[        ] Transforming firebase-components-16.1.0.aar (com.google.firebase:firebase-components:16.1.0) with AarTransform
[        ] Transforming firebase-encoders-json-17.1.0.aar (com.google.firebase:firebase-encoders-json:17.1.0) with JetifyTransform
[        ] Transforming firebase-encoders-json-17.1.0.aar (com.google.firebase:firebase-encoders-json:17.1.0) with ExtractAarTransform
[        ] Transforming firebase-encoders-json-17.1.0.aar (com.google.firebase:firebase-encoders-json:17.1.0) with AarTransform
[        ] Transforming firebase-encoders-16.1.0.jar (com.google.firebase:firebase-encoders:16.1.0) with JetifyTransform
[        ] Transforming firebase-encoders-16.1.0.jar (com.google.firebase:firebase-encoders:16.1.0) with IdentityTransform
[        ] Transforming core-1.0.0.aar (androidx.window.extensions.core:core:1.0.0) with JetifyTransform
[        ] Transforming core-1.0.0.aar (androidx.window.extensions.core:core:1.0.0) with ExtractAarTransform
[        ] Transforming core-1.0.0.aar (androidx.window.extensions.core:core:1.0.0) with AarTransform
[        ] Transforming cursoradapter-1.0.0.aar (androidx.cursoradapter:cursoradapter:1.0.0) with JetifyTransform
[        ] Transforming cursoradapter-1.0.0.aar (androidx.cursoradapter:cursoradapter:1.0.0) with ExtractAarTransform
[        ] Transforming cursoradapter-1.0.0.aar (androidx.cursoradapter:cursoradapter:1.0.0) with AarTransform
[        ] Transforming cursoradapter-1.0.0.aar (androidx.cursoradapter:cursoradapter:1.0.0) with JetifyTransform
[        ] Transforming cursoradapter-1.0.0.aar (androidx.cursoradapter:cursoradapter:1.0.0) with ExtractAarTransform
[        ] Transforming cursoradapter-1.0.0.aar (androidx.cursoradapter:cursoradapter:1.0.0) with AarTransform
[        ] Transforming resourceinspection-annotation-1.0.1.jar (androidx.resourceinspection:resourceinspection-annotation:1.0.1) with JetifyTransform
[        ] Transforming resourceinspection-annotation-1.0.1.jar (androidx.resourceinspection:resourceinspection-annotation:1.0.1) with IdentityTransform
[        ] Transforming documentfile-1.0.0.aar (androidx.documentfile:documentfile:1.0.0) with JetifyTransform
[        ] Transforming documentfile-1.0.0.aar (androidx.documentfile:documentfile:1.0.0) with ExtractAarTransform
[        ] Transforming documentfile-1.0.0.aar (androidx.documentfile:documentfile:1.0.0) with AarTransform
[        ] Transforming localbroadcastmanager-1.0.0.aar (androidx.localbroadcastmanager:localbroadcastmanager:1.0.0) with JetifyTransform
[        ] Transforming localbroadcastmanager-1.0.0.aar (androidx.localbroadcastmanager:localbroadcastmanager:1.0.0) with ExtractAarTransform
[        ] Transforming localbroadcastmanager-1.0.0.aar (androidx.localbroadcastmanager:localbroadcastmanager:1.0.0) with AarTransform
[        ] Transforming print-1.0.0.aar (androidx.print:print:1.0.0) with JetifyTransform
[        ] Transforming print-1.0.0.aar (androidx.print:print:1.0.0) with ExtractAarTransform
[        ] Transforming print-1.0.0.aar (androidx.print:print:1.0.0) with AarTransform
[        ] Transforming annotation-jvm-1.9.1.jar (androidx.annotation:annotation-jvm:1.9.1) with JetifyTransform
[        ] Transforming annotation-jvm-1.9.1.jar (androidx.annotation:annotation-jvm:1.9.1) with IdentityTransform
[        ] Transforming kotlinx-coroutines-core-jvm-1.7.3.jar (org.jetbrains.kotlinx:kotlinx-coroutines-core-jvm:1.7.3) with JetifyTransform
[        ] Transforming kotlinx-coroutines-core-jvm-1.7.3.jar (org.jetbrains.kotlinx:kotlinx-coroutines-core-jvm:1.7.3) with IdentityTransform
[        ] Transforming kotlinx-coroutines-android-1.7.3.jar (org.jetbrains.kotlinx:kotlinx-coroutines-android:1.7.3) with JetifyTransform
[        ] Transforming kotlinx-coroutines-android-1.7.3.jar (org.jetbrains.kotlinx:kotlinx-coroutines-android:1.7.3) with IdentityTransform
[        ] Transforming okio-jvm-3.4.0.jar (com.squareup.okio:okio-jvm:3.4.0) with JetifyTransform
[        ] Transforming okio-jvm-3.4.0.jar (com.squareup.okio:okio-jvm:3.4.0) with IdentityTransform
[        ] Transforming kotlin-stdlib-jdk8-1.8.20.jar (org.jetbrains.kotlin:kotlin-stdlib-jdk8:1.8.20) with JetifyTransform
[        ] Transforming kotlin-stdlib-jdk8-1.8.20.jar (org.jetbrains.kotlin:kotlin-stdlib-jdk8:1.8.20) with IdentityTransform
[        ] Transforming annotation-experimental-1.4.1.aar (androidx.annotation:annotation-experimental:1.4.1) with JetifyTransform
[        ] Transforming annotation-experimental-1.4.1.aar (androidx.annotation:annotation-experimental:1.4.1) with ExtractAarTransform
[        ] Transforming annotation-experimental-1.4.1.aar (androidx.annotation:annotation-experimental:1.4.1) with AarTransform
[        ] Transforming kotlin-stdlib-jdk7-1.8.20.jar (org.jetbrains.kotlin:kotlin-stdlib-jdk7:1.8.20) with JetifyTransform
[        ] Transforming kotlin-stdlib-jdk7-1.8.20.jar (org.jetbrains.kotlin:kotlin-stdlib-jdk7:1.8.20) with IdentityTransform
[        ] Transforming kotlin-parcelize-runtime-1.9.22.jar (org.jetbrains.kotlin:kotlin-parcelize-runtime:1.9.22) with JetifyTransform
[        ] Transforming kotlin-parcelize-runtime-1.9.22.jar (org.jetbrains.kotlin:kotlin-parcelize-runtime:1.9.22) with IdentityTransform
[        ] Transforming kotlin-android-extensions-runtime-1.9.22.jar (org.jetbrains.kotlin:kotlin-android-extensions-runtime:1.9.22) with JetifyTransform
[        ] Transforming kotlin-android-extensions-runtime-1.9.22.jar (org.jetbrains.kotlin:kotlin-android-extensions-runtime:1.9.22) with IdentityTransform
[        ] Transforming kotlin-stdlib-2.1.0.jar (org.jetbrains.kotlin:kotlin-stdlib:2.1.0) with JetifyTransform
[        ] Transforming kotlin-stdlib-2.1.0.jar (org.jetbrains.kotlin:kotlin-stdlib:2.1.0) with IdentityTransform
[        ] Transforming armeabi_v7a_release-1.0.0-a8bfdfc394deaed5c57bd45a64ac4294dc976a72.jar (io.flutter:armeabi_v7a_release:1.0.0-a8bfdfc394deaed5c57bd45a64ac4294dc976a72) with JetifyTransform
[        ] Transforming armeabi_v7a_release-1.0.0-a8bfdfc394deaed5c57bd45a64ac4294dc976a72.jar (io.flutter:armeabi_v7a_release:1.0.0-a8bfdfc394deaed5c57bd45a64ac4294dc976a72) with IdentityTransform
[        ] Transforming arm64_v8a_release-1.0.0-a8bfdfc394deaed5c57bd45a64ac4294dc976a72.jar (io.flutter:arm64_v8a_release:1.0.0-a8bfdfc394deaed5c57bd45a64ac4294dc976a72) with JetifyTransform
[        ] Transforming arm64_v8a_release-1.0.0-a8bfdfc394deaed5c57bd45a64ac4294dc976a72.jar (io.flutter:arm64_v8a_release:1.0.0-a8bfdfc394deaed5c57bd45a64ac4294dc976a72) with IdentityTransform
[        ] Transforming x86_64_release-1.0.0-a8bfdfc394deaed5c57bd45a64ac4294dc976a72.jar (io.flutter:x86_64_release:1.0.0-a8bfdfc394deaed5c57bd45a64ac4294dc976a72) with JetifyTransform
[        ] Transforming x86_64_release-1.0.0-a8bfdfc394deaed5c57bd45a64ac4294dc976a72.jar (io.flutter:x86_64_release:1.0.0-a8bfdfc394deaed5c57bd45a64ac4294dc976a72) with IdentityTransform
[        ] Transforming annotations-23.0.0.jar (org.jetbrains:annotations:23.0.0) with JetifyTransform
[        ] Transforming annotations-23.0.0.jar (org.jetbrains:annotations:23.0.0) with IdentityTransform
[        ] Transforming relinker-1.4.5.aar (com.getkeepsafe.relinker:relinker:1.4.5) with JetifyTransform
[        ] Transforming relinker-1.4.5.aar (com.getkeepsafe.relinker:relinker:1.4.5) with ExtractAarTransform
[        ] Transforming relinker-1.4.5.aar (com.getkeepsafe.relinker:relinker:1.4.5) with AarTransform
[        ] Transforming auto-value-annotations-1.6.3.jar (com.google.auto.value:auto-value-annotations:1.6.3) with JetifyTransform
[        ] Transforming auto-value-annotations-1.6.3.jar (com.google.auto.value:auto-value-annotations:1.6.3) with IdentityTransform
[        ] Transforming listenablefuture-1.0.jar (com.google.guava:listenablefuture:1.0) with JetifyTransform
[        ] Transforming listenablefuture-1.0.jar (com.google.guava:listenablefuture:1.0) with IdentityTransform
[        ] Transforming image-1.0.0-beta1.aar (com.google.android.odml:image:1.0.0-beta1) with JetifyTransform
[        ] Transforming image-1.0.0-beta1.aar (com.google.android.odml:image:1.0.0-beta1) with ExtractAarTransform
[        ] Transforming image-1.0.0-beta1.aar (com.google.android.odml:image:1.0.0-beta1) with AarTransform
[        ] Transforming javax.inject-1.jar (javax.inject:javax.inject:1) with JetifyTransform
[        ] Transforming javax.inject-1.jar (javax.inject:javax.inject:1) with IdentityTransform
[        ] Transforming firebase-annotations-16.0.0.jar (com.google.firebase:firebase-annotations:16.0.0) with JetifyTransform
[        ] Transforming firebase-annotations-16.0.0.jar (com.google.firebase:firebase-annotations:16.0.0) with IdentityTransform
[        ] Caching disabled for task ':app:mergeReleaseJavaResource' because:
[        ]   Build cache is disabled
[        ]   Caching has been disabled for the task
[        ] Skipping task ':app:mergeReleaseJavaResource' as it is up-to-date.
[        ] Resolve mutations for :app:mergeReleaseStartupProfile (Thread[#900,Execution worker Thread 11,5,main]) started.
[  +62 ms] :app:mergeReleaseStartupProfile (Thread[#900,Execution worker Thread 11,5,main]) started.
[        ] > Task :app:mergeReleaseStartupProfile UP-TO-DATE
[        ] Caching disabled for task ':app:mergeReleaseStartupProfile' because:
[        ]   Build cache is disabled
[        ]   Simple merging task
[        ] Skipping task ':app:mergeReleaseStartupProfile' as it is up-to-date.
[        ] Resolve mutations for :app:minifyReleaseWithR8 (Thread[#900,Execution worker Thread 11,5,main]) started.
[        ] :app:minifyReleaseWithR8 (Thread[#900,Execution worker Thread 11,5,main]) started.
[        ] > Task :app:minifyReleaseWithR8 UP-TO-DATE
[        ] Transforming libs.jar with JetifyTransform
[        ] Transforming libs.jar with IdentityTransform
[        ] Transforming libs.jar with JetifyTransform
[        ] Transforming libs.jar with ExtractProGuardRulesTransform
[        ] Transforming libs.jar with FilterShrinkerRulesTransform
[        ] Transforming flutter_embedding_release-1.0.0-a8bfdfc394deaed5c57bd45a64ac4294dc976a72.jar (io.flutter:flutter_embedding_release:1.0.0-a8bfdfc394deaed5c57bd45a64ac4294dc976a72) with JetifyTransform
[        ] Transforming flutter_embedding_release-1.0.0-a8bfdfc394deaed5c57bd45a64ac4294dc976a72.jar (io.flutter:flutter_embedding_release:1.0.0-a8bfdfc394deaed5c57bd45a64ac4294dc976a72) with ExtractProGuardRulesTransform
[        ] Transforming flutter_embedding_release-1.0.0-a8bfdfc394deaed5c57bd45a64ac4294dc976a72.jar (io.flutter:flutter_embedding_release:1.0.0-a8bfdfc394deaed5c57bd45a64ac4294dc976a72) with FilterShrinkerRulesTransform
[        ] Transforming barcode-scanning-17.3.0.aar (com.google.mlkit:barcode-scanning:17.3.0) with JetifyTransform
[        ] Transforming barcode-scanning-17.3.0.aar (com.google.mlkit:barcode-scanning:17.3.0) with ExtractAarTransform
[        ] Transforming barcode-scanning-17.3.0.aar (com.google.mlkit:barcode-scanning:17.3.0) with AarTransform
[        ] Transforming barcode-scanning-17.3.0.aar (com.google.mlkit:barcode-scanning:17.3.0) with FilterShrinkerRulesTransform
[        ] Transforming play-services-mlkit-barcode-scanning-18.3.1.aar (com.google.android.gms:play-services-mlkit-barcode-scanning:18.3.1) with JetifyTransform
[        ] Transforming play-services-mlkit-barcode-scanning-18.3.1.aar (com.google.android.gms:play-services-mlkit-barcode-scanning:18.3.1) with ExtractAarTransform
[        ] Transforming play-services-mlkit-barcode-scanning-18.3.1.aar (com.google.android.gms:play-services-mlkit-barcode-scanning:18.3.1) with AarTransform
[        ] Transforming play-services-mlkit-barcode-scanning-18.3.1.aar (com.google.android.gms:play-services-mlkit-barcode-scanning:18.3.1) with FilterShrinkerRulesTransform
[        ] Transforming barcode-scanning-common-17.0.0.aar (com.google.mlkit:barcode-scanning-common:17.0.0) with JetifyTransform
[        ] Transforming barcode-scanning-common-17.0.0.aar (com.google.mlkit:barcode-scanning-common:17.0.0) with ExtractAarTransform
[        ] Transforming barcode-scanning-common-17.0.0.aar (com.google.mlkit:barcode-scanning-common:17.0.0) with AarTransform
[        ] Transforming barcode-scanning-common-17.0.0.aar (com.google.mlkit:barcode-scanning-common:17.0.0) with FilterShrinkerRulesTransform
[        ] Transforming vision-common-17.3.0.aar (com.google.mlkit:vision-common:17.3.0) with JetifyTransform
[        ] Transforming vision-common-17.3.0.aar (com.google.mlkit:vision-common:17.3.0) with ExtractAarTransform
[        ] Transforming vision-common-17.3.0.aar (com.google.mlkit:vision-common:17.3.0) with AarTransform
[        ] Transforming vision-common-17.3.0.aar (com.google.mlkit:vision-common:17.3.0) with FilterShrinkerRulesTransform
[        ] Transforming common-18.11.0.aar (com.google.mlkit:common:18.11.0) with JetifyTransform
[        ] Transforming common-18.11.0.aar (com.google.mlkit:common:18.11.0) with ExtractAarTransform
[        ] Transforming common-18.11.0.aar (com.google.mlkit:common:18.11.0) with AarTransform
[        ] Transforming common-18.11.0.aar (com.google.mlkit:common:18.11.0) with FilterShrinkerRulesTransform
[        ] Transforming play-services-base-18.5.0.aar (com.google.android.gms:play-services-base:18.5.0) with JetifyTransform
[        ] Transforming play-services-base-18.5.0.aar (com.google.android.gms:play-services-base:18.5.0) with ExtractAarTransform
[        ] Transforming play-services-base-18.5.0.aar (com.google.android.gms:play-services-base:18.5.0) with AarTransform
[        ] Transforming play-services-base-18.5.0.aar (com.google.android.gms:play-services-base:18.5.0) with FilterShrinkerRulesTransform
[        ] Transforming vision-interfaces-16.3.0.aar (com.google.mlkit:vision-interfaces:16.3.0) with JetifyTransform
[        ] Transforming vision-interfaces-16.3.0.aar (com.google.mlkit:vision-interfaces:16.3.0) with ExtractAarTransform
[        ] Transforming vision-interfaces-16.3.0.aar (com.google.mlkit:vision-interfaces:16.3.0) with AarTransform
[        ] Transforming vision-interfaces-16.3.0.aar (com.google.mlkit:vision-interfaces:16.3.0) with FilterShrinkerRulesTransform
[        ] Transforming play-services-tasks-18.2.0.aar (com.google.android.gms:play-services-tasks:18.2.0) with JetifyTransform
[        ] Transforming play-services-tasks-18.2.0.aar (com.google.android.gms:play-services-tasks:18.2.0) with ExtractAarTransform
[        ] Transforming play-services-tasks-18.2.0.aar (com.google.android.gms:play-services-tasks:18.2.0) with AarTransform
[        ] Transforming play-services-tasks-18.2.0.aar (com.google.android.gms:play-services-tasks:18.2.0) with FilterShrinkerRulesTransform
[        ] Transforming play-services-basement-18.4.0.aar (com.google.android.gms:play-services-basement:18.4.0) with JetifyTransform
[        ] Transforming play-services-basement-18.4.0.aar (com.google.android.gms:play-services-basement:18.4.0) with ExtractAarTransform
[        ] Transforming play-services-basement-18.4.0.aar (com.google.android.gms:play-services-basement:18.4.0) with AarTransform
[        ] Transforming play-services-basement-18.4.0.aar (com.google.android.gms:play-services-basement:18.4.0) with FilterShrinkerRulesTransform
[        ] Transforming preference-1.2.1.aar (androidx.preference:preference:1.2.1) with JetifyTransform
[        ] Transforming preference-1.2.1.aar (androidx.preference:preference:1.2.1) with ExtractAarTransform
[        ] Transforming preference-1.2.1.aar (androidx.preference:preference:1.2.1) with AarTransform
[        ] Transforming preference-1.2.1.aar (androidx.preference:preference:1.2.1) with FilterShrinkerRulesTransform
[        ] Transforming fragment-ktx-1.7.1.aar (androidx.fragment:fragment-ktx:1.7.1) with JetifyTransform
[        ] Transforming fragment-ktx-1.7.1.aar (androidx.fragment:fragment-ktx:1.7.1) with ExtractAarTransform
[        ] Transforming fragment-ktx-1.7.1.aar (androidx.fragment:fragment-ktx:1.7.1) with AarTransform
[        ] Transforming fragment-ktx-1.7.1.aar (androidx.fragment:fragment-ktx:1.7.1) with FilterShrinkerRulesTransform
[        ] Transforming appcompat-resources-1.6.1.aar (androidx.appcompat:appcompat-resources:1.6.1) with JetifyTransform
[        ] Transforming appcompat-resources-1.6.1.aar (androidx.appcompat:appcompat-resources:1.6.1) with ExtractAarTransform
[        ] Transforming appcompat-resources-1.6.1.aar (androidx.appcompat:appcompat-resources:1.6.1) with AarTransform
[        ] Transforming appcompat-resources-1.6.1.aar (androidx.appcompat:appcompat-resources:1.6.1) with FilterShrinkerRulesTransform
[        ] Transforming appcompat-1.6.1.aar (androidx.appcompat:appcompat:1.6.1) with JetifyTransform
[        ] Transforming appcompat-1.6.1.aar (androidx.appcompat:appcompat:1.6.1) with ExtractAarTransform
[        ] Transforming appcompat-1.6.1.aar (androidx.appcompat:appcompat:1.6.1) with AarTransform
[        ] Transforming appcompat-1.6.1.aar (androidx.appcompat:appcompat:1.6.1) with FilterShrinkerRulesTransform
[        ] Transforming appcompat-1.6.1.aar (androidx.appcompat:appcompat:1.6.1) with JetifyTransform
[        ] Transforming appcompat-1.6.1.aar (androidx.appcompat:appcompat:1.6.1) with ExtractAarTransform
[        ] Transforming appcompat-1.6.1.aar (androidx.appcompat:appcompat:1.6.1) with AarTransform
[        ] Transforming appcompat-1.6.1.aar (androidx.appcompat:appcompat:1.6.1) with FilterShrinkerRulesTransform
[        ] Transforming fragment-1.7.1.aar (androidx.fragment:fragment:1.7.1) with JetifyTransform
[        ] Transforming fragment-1.7.1.aar (androidx.fragment:fragment:1.7.1) with ExtractAarTransform
[        ] Transforming fragment-1.7.1.aar (androidx.fragment:fragment:1.7.1) with AarTransform
[        ] Transforming fragment-1.7.1.aar (androidx.fragment:fragment:1.7.1) with FilterShrinkerRulesTransform
[        ] Transforming fragment-1.7.1.aar (androidx.fragment:fragment:1.7.1) with JetifyTransform
[        ] Transforming fragment-1.7.1.aar (androidx.fragment:fragment:1.7.1) with ExtractAarTransform
[        ] Transforming fragment-1.7.1.aar (androidx.fragment:fragment:1.7.1) with AarTransform
[        ] Transforming fragment-1.7.1.aar (androidx.fragment:fragment:1.7.1) with FilterShrinkerRulesTransform
[        ] Transforming activity-ktx-1.9.3.aar (androidx.activity:activity-ktx:1.9.3) with JetifyTransform
[        ] Transforming activity-ktx-1.9.3.aar (androidx.activity:activity-ktx:1.9.3) with ExtractAarTransform
[        ] Transforming activity-ktx-1.9.3.aar (androidx.activity:activity-ktx:1.9.3) with AarTransform
[        ] Transforming activity-ktx-1.9.3.aar (androidx.activity:activity-ktx:1.9.3) with FilterShrinkerRulesTransform
[        ] Transforming activity-1.9.3.aar (androidx.activity:activity:1.9.3) with JetifyTransform
[        ] Transforming activity-1.9.3.aar (androidx.activity:activity:1.9.3) with ExtractAarTransform
[        ] Transforming activity-1.9.3.aar (androidx.activity:activity:1.9.3) with AarTransform
[        ] Transforming activity-1.9.3.aar (androidx.activity:activity:1.9.3) with FilterShrinkerRulesTransform
[        ] Transforming camera-core-1.4.2.aar (androidx.camera:camera-core:1.4.2) with JetifyTransform
[        ] Transforming camera-core-1.4.2.aar (androidx.camera:camera-core:1.4.2) with ExtractAarTransform
[        ] Transforming camera-core-1.4.2.aar (androidx.camera:camera-core:1.4.2) with AarTransform
[        ] Transforming camera-core-1.4.2.aar (androidx.camera:camera-core:1.4.2) with FilterShrinkerRulesTransform
[        ] Transforming camera-camera2-1.4.2.aar (androidx.camera:camera-camera2:1.4.2) with JetifyTransform
[        ] Transforming camera-camera2-1.4.2.aar (androidx.camera:camera-camera2:1.4.2) with ExtractAarTransform
[        ] Transforming camera-camera2-1.4.2.aar (androidx.camera:camera-camera2:1.4.2) with AarTransform
[        ] Transforming camera-camera2-1.4.2.aar (androidx.camera:camera-camera2:1.4.2) with FilterShrinkerRulesTransform
[        ] Transforming camera-lifecycle-1.4.2.aar (androidx.camera:camera-lifecycle:1.4.2) with JetifyTransform
[        ] Transforming camera-lifecycle-1.4.2.aar (androidx.camera:camera-lifecycle:1.4.2) with ExtractAarTransform
[        ] Transforming camera-lifecycle-1.4.2.aar (androidx.camera:camera-lifecycle:1.4.2) with AarTransform
[        ] Transforming camera-lifecycle-1.4.2.aar (androidx.camera:camera-lifecycle:1.4.2) with FilterShrinkerRulesTransform
[        ] Transforming browser-1.8.0.aar (androidx.browser:browser:1.8.0) with JetifyTransform
[        ] Transforming browser-1.8.0.aar (androidx.browser:browser:1.8.0) with ExtractAarTransform
[        ] Transforming browser-1.8.0.aar (androidx.browser:browser:1.8.0) with AarTransform
[        ] Transforming browser-1.8.0.aar (androidx.browser:browser:1.8.0) with FilterShrinkerRulesTransform
[        ] Transforming recyclerview-1.0.0.aar (androidx.recyclerview:recyclerview:1.0.0) with JetifyTransform
[        ] Transforming recyclerview-1.0.0.aar (androidx.recyclerview:recyclerview:1.0.0) with ExtractAarTransform
[        ] Transforming recyclerview-1.0.0.aar (androidx.recyclerview:recyclerview:1.0.0) with AarTransform
[        ] Transforming recyclerview-1.0.0.aar (androidx.recyclerview:recyclerview:1.0.0) with FilterShrinkerRulesTransform
[        ] Transforming legacy-support-core-ui-1.0.0.aar (androidx.legacy:legacy-support-core-ui:1.0.0) with JetifyTransform
[        ] Transforming legacy-support-core-ui-1.0.0.aar (androidx.legacy:legacy-support-core-ui:1.0.0) with ExtractAarTransform
[        ] Transforming legacy-support-core-ui-1.0.0.aar (androidx.legacy:legacy-support-core-ui:1.0.0) with AarTransform
[        ] Transforming legacy-support-core-ui-1.0.0.aar (androidx.legacy:legacy-support-core-ui:1.0.0) with FilterShrinkerRulesTransform
[        ] Transforming slidingpanelayout-1.2.0.aar (androidx.slidingpanelayout:slidingpanelayout:1.2.0) with JetifyTransform
[        ] Transforming slidingpanelayout-1.2.0.aar (androidx.slidingpanelayout:slidingpanelayout:1.2.0) with ExtractAarTransform
[        ] Transforming slidingpanelayout-1.2.0.aar (androidx.slidingpanelayout:slidingpanelayout:1.2.0) with AarTransform
[        ] Transforming slidingpanelayout-1.2.0.aar (androidx.slidingpanelayout:slidingpanelayout:1.2.0) with FilterShrinkerRulesTransform
[        ] Transforming slidingpanelayout-1.2.0.aar (androidx.slidingpanelayout:slidingpanelayout:1.2.0) with JetifyTransform
[        ] Transforming slidingpanelayout-1.2.0.aar (androidx.slidingpanelayout:slidingpanelayout:1.2.0) with ExtractAarTransform
[        ] Transforming slidingpanelayout-1.2.0.aar (androidx.slidingpanelayout:slidingpanelayout:1.2.0) with AarTransform
[        ] Transforming slidingpanelayout-1.2.0.aar (androidx.slidingpanelayout:slidingpanelayout:1.2.0) with FilterShrinkerRulesTransform
[        ] Transforming window-1.2.0.aar (androidx.window:window:1.2.0) with JetifyTransform
[        ] Transforming window-1.2.0.aar (androidx.window:window:1.2.0) with ExtractAarTransform
[        ] Transforming window-1.2.0.aar (androidx.window:window:1.2.0) with AarTransform
[        ] Transforming window-1.2.0.aar (androidx.window:window:1.2.0) with FilterShrinkerRulesTransform
[        ] Transforming window-java-1.2.0.aar (androidx.window:window-java:1.2.0) with JetifyTransform
[        ] Transforming window-java-1.2.0.aar (androidx.window:window-java:1.2.0) with ExtractAarTransform
[        ] Transforming window-java-1.2.0.aar (androidx.window:window-java:1.2.0) with AarTransform
[        ] Transforming window-java-1.2.0.aar (androidx.window:window-java:1.2.0) with FilterShrinkerRulesTransform
[        ] Transforming legacy-support-core-utils-1.0.0.aar (androidx.legacy:legacy-support-core-utils:1.0.0) with JetifyTransform
[        ] Transforming legacy-support-core-utils-1.0.0.aar (androidx.legacy:legacy-support-core-utils:1.0.0) with ExtractAarTransform
[        ] Transforming legacy-support-core-utils-1.0.0.aar (androidx.legacy:legacy-support-core-utils:1.0.0) with AarTransform
[        ] Transforming legacy-support-core-utils-1.0.0.aar (androidx.legacy:legacy-support-core-utils:1.0.0) with FilterShrinkerRulesTransform
[        ] Transforming loader-1.0.0.aar (androidx.loader:loader:1.0.0) with JetifyTransform
[        ] Transforming loader-1.0.0.aar (androidx.loader:loader:1.0.0) with ExtractAarTransform
[        ] Transforming loader-1.0.0.aar (androidx.loader:loader:1.0.0) with AarTransform
[        ] Transforming loader-1.0.0.aar (androidx.loader:loader:1.0.0) with FilterShrinkerRulesTransform
[        ] Transforming loader-1.0.0.aar (androidx.loader:loader:1.0.0) with JetifyTransform
[        ] Transforming loader-1.0.0.aar (androidx.loader:loader:1.0.0) with ExtractAarTransform
[        ] Transforming loader-1.0.0.aar (androidx.loader:loader:1.0.0) with AarTransform
[        ] Transforming loader-1.0.0.aar (androidx.loader:loader:1.0.0) with FilterShrinkerRulesTransform
[        ] Transforming lifecycle-livedata-core-ktx-2.7.0.aar (androidx.lifecycle:lifecycle-livedata-core-ktx:2.7.0) with JetifyTransform
[        ] Transforming lifecycle-livedata-core-ktx-2.7.0.aar (androidx.lifecycle:lifecycle-livedata-core-ktx:2.7.0) with ExtractAarTransform
[        ] Transforming lifecycle-livedata-core-ktx-2.7.0.aar (androidx.lifecycle:lifecycle-livedata-core-ktx:2.7.0) with AarTransform
[        ] Transforming lifecycle-livedata-core-ktx-2.7.0.aar (androidx.lifecycle:lifecycle-livedata-core-ktx:2.7.0) with FilterShrinkerRulesTransform
[        ] Transforming lifecycle-viewmodel-ktx-2.7.0.aar (androidx.lifecycle:lifecycle-viewmodel-ktx:2.7.0) with JetifyTransform
[        ] Transforming lifecycle-viewmodel-ktx-2.7.0.aar (androidx.lifecycle:lifecycle-viewmodel-ktx:2.7.0) with ExtractAarTransform
[        ] Transforming lifecycle-viewmodel-ktx-2.7.0.aar (androidx.lifecycle:lifecycle-viewmodel-ktx:2.7.0) with AarTransform
[        ] Transforming lifecycle-viewmodel-ktx-2.7.0.aar (androidx.lifecycle:lifecycle-viewmodel-ktx:2.7.0) with FilterShrinkerRulesTransform
[        ] Transforming lifecycle-runtime-ktx-2.7.0.aar (androidx.lifecycle:lifecycle-runtime-ktx:2.7.0) with JetifyTransform
[        ] Transforming lifecycle-runtime-ktx-2.7.0.aar (androidx.lifecycle:lifecycle-runtime-ktx:2.7.0) with ExtractAarTransform
[        ] Transforming lifecycle-runtime-ktx-2.7.0.aar (androidx.lifecycle:lifecycle-runtime-ktx:2.7.0) with AarTransform
[        ] Transforming lifecycle-runtime-ktx-2.7.0.aar (androidx.lifecycle:lifecycle-runtime-ktx:2.7.0) with FilterShrinkerRulesTransform
[        ] Transforming lifecycle-livedata-2.7.0.aar (androidx.lifecycle:lifecycle-livedata:2.7.0) with JetifyTransform
[        ] Transforming lifecycle-livedata-2.7.0.aar (androidx.lifecycle:lifecycle-livedata:2.7.0) with ExtractAarTransform
[        ] Transforming lifecycle-livedata-2.7.0.aar (androidx.lifecycle:lifecycle-livedata:2.7.0) with AarTransform
[        ] Transforming lifecycle-livedata-2.7.0.aar (androidx.lifecycle:lifecycle-livedata:2.7.0) with FilterShrinkerRulesTransform
[        ] Transforming lifecycle-livedata-2.7.0.aar (androidx.lifecycle:lifecycle-livedata:2.7.0) with JetifyTransform
[        ] Transforming lifecycle-livedata-2.7.0.aar (androidx.lifecycle:lifecycle-livedata:2.7.0) with ExtractAarTransform
[        ] Transforming lifecycle-livedata-2.7.0.aar (androidx.lifecycle:lifecycle-livedata:2.7.0) with AarTransform
[        ] Transforming lifecycle-livedata-2.7.0.aar (androidx.lifecycle:lifecycle-livedata:2.7.0) with FilterShrinkerRulesTransform
[        ] Transforming lifecycle-livedata-core-2.7.0.aar (androidx.lifecycle:lifecycle-livedata-core:2.7.0) with JetifyTransform
[        ] Transforming lifecycle-livedata-core-2.7.0.aar (androidx.lifecycle:lifecycle-livedata-core:2.7.0) with ExtractAarTransform
[        ] Transforming lifecycle-livedata-core-2.7.0.aar (androidx.lifecycle:lifecycle-livedata-core:2.7.0) with AarTransform
[        ] Transforming lifecycle-livedata-core-2.7.0.aar (androidx.lifecycle:lifecycle-livedata-core:2.7.0) with FilterShrinkerRulesTransform
[        ] Transforming lifecycle-viewmodel-2.7.0.aar (androidx.lifecycle:lifecycle-viewmodel:2.7.0) with JetifyTransform
[        ] Transforming lifecycle-viewmodel-2.7.0.aar (androidx.lifecycle:lifecycle-viewmodel:2.7.0) with ExtractAarTransform
[        ] Transforming lifecycle-viewmodel-2.7.0.aar (androidx.lifecycle:lifecycle-viewmodel:2.7.0) with AarTransform
[        ] Transforming lifecycle-viewmodel-2.7.0.aar (androidx.lifecycle:lifecycle-viewmodel:2.7.0) with FilterShrinkerRulesTransform
[        ] Transforming lifecycle-viewmodel-2.7.0.aar (androidx.lifecycle:lifecycle-viewmodel:2.7.0) with JetifyTransform
[        ] Transforming lifecycle-viewmodel-2.7.0.aar (androidx.lifecycle:lifecycle-viewmodel:2.7.0) with ExtractAarTransform
[        ] Transforming lifecycle-viewmodel-2.7.0.aar (androidx.lifecycle:lifecycle-viewmodel:2.7.0) with AarTransform
[        ] Transforming lifecycle-viewmodel-2.7.0.aar (androidx.lifecycle:lifecycle-viewmodel:2.7.0) with FilterShrinkerRulesTransform
[        ] Transforming emoji2-views-helper-1.2.0.aar (androidx.emoji2:emoji2-views-helper:1.2.0) with JetifyTransform
[        ] Transforming emoji2-views-helper-1.2.0.aar (androidx.emoji2:emoji2-views-helper:1.2.0) with ExtractAarTransform
[        ] Transforming emoji2-views-helper-1.2.0.aar (androidx.emoji2:emoji2-views-helper:1.2.0) with AarTransform
[        ] Transforming emoji2-views-helper-1.2.0.aar (androidx.emoji2:emoji2-views-helper:1.2.0) with FilterShrinkerRulesTransform
[        ] Transforming emoji2-1.2.0.aar (androidx.emoji2:emoji2:1.2.0) with JetifyTransform
[        ] Transforming emoji2-1.2.0.aar (androidx.emoji2:emoji2:1.2.0) with ExtractAarTransform
[        ] Transforming emoji2-1.2.0.aar (androidx.emoji2:emoji2:1.2.0) with AarTransform
[        ] Transforming emoji2-1.2.0.aar (androidx.emoji2:emoji2:1.2.0) with FilterShrinkerRulesTransform
[        ] Transforming lifecycle-process-2.7.0.aar (androidx.lifecycle:lifecycle-process:2.7.0) with JetifyTransform
[        ] Transforming lifecycle-process-2.7.0.aar (androidx.lifecycle:lifecycle-process:2.7.0) with ExtractAarTransform
[        ] Transforming lifecycle-process-2.7.0.aar (androidx.lifecycle:lifecycle-process:2.7.0) with AarTransform
[        ] Transforming lifecycle-process-2.7.0.aar (androidx.lifecycle:lifecycle-process:2.7.0) with FilterShrinkerRulesTransform
[        ] Transforming lifecycle-common-java8-2.7.0.jar (androidx.lifecycle:lifecycle-common-java8:2.7.0) with JetifyTransform
[        ] Transforming lifecycle-common-java8-2.7.0.jar (androidx.lifecycle:lifecycle-common-java8:2.7.0) with ExtractProGuardRulesTransform
[        ] Transforming lifecycle-common-java8-2.7.0.jar (androidx.lifecycle:lifecycle-common-java8:2.7.0) with FilterShrinkerRulesTransform
[        ] Transforming savedstate-ktx-1.2.1.aar (androidx.savedstate:savedstate-ktx:1.2.1) with JetifyTransform
[        ] Transforming savedstate-ktx-1.2.1.aar (androidx.savedstate:savedstate-ktx:1.2.1) with ExtractAarTransform
[        ] Transforming savedstate-ktx-1.2.1.aar (androidx.savedstate:savedstate-ktx:1.2.1) with AarTransform
[        ] Transforming savedstate-ktx-1.2.1.aar (androidx.savedstate:savedstate-ktx:1.2.1) with FilterShrinkerRulesTransform
[        ] Transforming savedstate-1.2.1.aar (androidx.savedstate:savedstate:1.2.1) with JetifyTransform
[        ] Transforming savedstate-1.2.1.aar (androidx.savedstate:savedstate:1.2.1) with ExtractAarTransform
[        ] Transforming savedstate-1.2.1.aar (androidx.savedstate:savedstate:1.2.1) with AarTransform
[        ] Transforming savedstate-1.2.1.aar (androidx.savedstate:savedstate:1.2.1) with FilterShrinkerRulesTransform
[        ] Transforming lifecycle-common-2.7.0.jar (androidx.lifecycle:lifecycle-common:2.7.0) with JetifyTransform
[        ] Transforming lifecycle-common-2.7.0.jar (androidx.lifecycle:lifecycle-common:2.7.0) with ExtractProGuardRulesTransform
[        ] Transforming lifecycle-common-2.7.0.jar (androidx.lifecycle:lifecycle-common:2.7.0) with FilterShrinkerRulesTransform
[        ] Transforming lifecycle-runtime-2.7.0.aar (androidx.lifecycle:lifecycle-runtime:2.7.0) with JetifyTransform
[        ] Transforming lifecycle-runtime-2.7.0.aar (androidx.lifecycle:lifecycle-runtime:2.7.0) with ExtractAarTransform
[        ] Transforming lifecycle-runtime-2.7.0.aar (androidx.lifecycle:lifecycle-runtime:2.7.0) with AarTransform
[        ] Transforming lifecycle-runtime-2.7.0.aar (androidx.lifecycle:lifecycle-runtime:2.7.0) with FilterShrinkerRulesTransform
[        ] Transforming lifecycle-viewmodel-savedstate-2.7.0.aar (androidx.lifecycle:lifecycle-viewmodel-savedstate:2.7.0) with JetifyTransform
[        ] Transforming lifecycle-viewmodel-savedstate-2.7.0.aar (androidx.lifecycle:lifecycle-viewmodel-savedstate:2.7.0) with ExtractAarTransform
[        ] Transforming lifecycle-viewmodel-savedstate-2.7.0.aar (androidx.lifecycle:lifecycle-viewmodel-savedstate:2.7.0) with AarTransform
[        ] Transforming lifecycle-viewmodel-savedstate-2.7.0.aar (androidx.lifecycle:lifecycle-viewmodel-savedstate:2.7.0) with FilterShrinkerRulesTransform
[        ] Transforming core-ktx-1.13.1.aar (androidx.core:core-ktx:1.13.1) with JetifyTransform
[        ] Transforming core-ktx-1.13.1.aar (androidx.core:core-ktx:1.13.1) with ExtractAarTransform
[        ] Transforming core-ktx-1.13.1.aar (androidx.core:core-ktx:1.13.1) with AarTransform
[        ] Transforming core-ktx-1.13.1.aar (androidx.core:core-ktx:1.13.1) with FilterShrinkerRulesTransform
[        ] Transforming viewpager-1.0.0.aar (androidx.viewpager:viewpager:1.0.0) with JetifyTransform
[        ] Transforming viewpager-1.0.0.aar (androidx.viewpager:viewpager:1.0.0) with ExtractAarTransform
[        ] Transforming viewpager-1.0.0.aar (androidx.viewpager:viewpager:1.0.0) with AarTransform
[        ] Transforming viewpager-1.0.0.aar (androidx.viewpager:viewpager:1.0.0) with FilterShrinkerRulesTransform
[        ] Transforming viewpager-1.0.0.aar (androidx.viewpager:viewpager:1.0.0) with JetifyTransform
[        ] Transforming viewpager-1.0.0.aar (androidx.viewpager:viewpager:1.0.0) with ExtractAarTransform
[        ] Transforming viewpager-1.0.0.aar (androidx.viewpager:viewpager:1.0.0) with AarTransform
[        ] Transforming viewpager-1.0.0.aar (androidx.viewpager:viewpager:1.0.0) with FilterShrinkerRulesTransform
[        ] Transforming drawerlayout-1.0.0.aar (androidx.drawerlayout:drawerlayout:1.0.0) with JetifyTransform
[        ] Transforming drawerlayout-1.0.0.aar (androidx.drawerlayout:drawerlayout:1.0.0) with ExtractAarTransform
[        ] Transforming drawerlayout-1.0.0.aar (androidx.drawerlayout:drawerlayout:1.0.0) with AarTransform
[        ] Transforming drawerlayout-1.0.0.aar (androidx.drawerlayout:drawerlayout:1.0.0) with FilterShrinkerRulesTransform
[        ] Transforming drawerlayout-1.0.0.aar (androidx.drawerlayout:drawerlayout:1.0.0) with JetifyTransform
[        ] Transforming drawerlayout-1.0.0.aar (androidx.drawerlayout:drawerlayout:1.0.0) with ExtractAarTransform
[        ] Transforming drawerlayout-1.0.0.aar (androidx.drawerlayout:drawerlayout:1.0.0) with AarTransform
[        ] Transforming drawerlayout-1.0.0.aar (androidx.drawerlayout:drawerlayout:1.0.0) with FilterShrinkerRulesTransform
[        ] Transforming coordinatorlayout-1.0.0.aar (androidx.coordinatorlayout:coordinatorlayout:1.0.0) with JetifyTransform
[        ] Transforming coordinatorlayout-1.0.0.aar (androidx.coordinatorlayout:coordinatorlayout:1.0.0) with ExtractAarTransform
[        ] Transforming coordinatorlayout-1.0.0.aar (androidx.coordinatorlayout:coordinatorlayout:1.0.0) with AarTransform
[        ] Transforming coordinatorlayout-1.0.0.aar (androidx.coordinatorlayout:coordinatorlayout:1.0.0) with FilterShrinkerRulesTransform
[        ] Transforming customview-1.1.0.aar (androidx.customview:customview:1.1.0) with JetifyTransform
[        ] Transforming customview-1.1.0.aar (androidx.customview:customview:1.1.0) with ExtractAarTransform
[        ] Transforming customview-1.1.0.aar (androidx.customview:customview:1.1.0) with AarTransform
[        ] Transforming customview-1.1.0.aar (androidx.customview:customview:1.1.0) with FilterShrinkerRulesTransform
[        ] Transforming customview-1.1.0.aar (androidx.customview:customview:1.1.0) with JetifyTransform
[        ] Transforming customview-1.1.0.aar (androidx.customview:customview:1.1.0) with ExtractAarTransform
[        ] Transforming customview-1.1.0.aar (androidx.customview:customview:1.1.0) with AarTransform
[        ] Transforming customview-1.1.0.aar (androidx.customview:customview:1.1.0) with FilterShrinkerRulesTransform
[        ] Transforming transition-1.4.1.aar (androidx.transition:transition:1.4.1) with JetifyTransform
[        ] Transforming transition-1.4.1.aar (androidx.transition:transition:1.4.1) with ExtractAarTransform
[        ] Transforming transition-1.4.1.aar (androidx.transition:transition:1.4.1) with AarTransform
[        ] Transforming transition-1.4.1.aar (androidx.transition:transition:1.4.1) with FilterShrinkerRulesTransform
[        ] Transforming swiperefreshlayout-1.0.0.aar (androidx.swiperefreshlayout:swiperefreshlayout:1.0.0) with JetifyTransform
[        ] Transforming swiperefreshlayout-1.0.0.aar (androidx.swiperefreshlayout:swiperefreshlayout:1.0.0) with ExtractAarTransform
[        ] Transforming swiperefreshlayout-1.0.0.aar (androidx.swiperefreshlayout:swiperefreshlayout:1.0.0) with AarTransform
[        ] Transforming swiperefreshlayout-1.0.0.aar (androidx.swiperefreshlayout:swiperefreshlayout:1.0.0) with FilterShrinkerRulesTransform
[        ] Transforming asynclayoutinflater-1.0.0.aar (androidx.asynclayoutinflater:asynclayoutinflater:1.0.0) with JetifyTransform
[        ] Transforming asynclayoutinflater-1.0.0.aar (androidx.asynclayoutinflater:asynclayoutinflater:1.0.0) with ExtractAarTransform
[        ] Transforming asynclayoutinflater-1.0.0.aar (androidx.asynclayoutinflater:asynclayoutinflater:1.0.0) with AarTransform
[        ] Transforming asynclayoutinflater-1.0.0.aar (androidx.asynclayoutinflater:asynclayoutinflater:1.0.0) with FilterShrinkerRulesTransform
[        ] Transforming vectordrawable-animated-1.1.0.aar (androidx.vectordrawable:vectordrawable-animated:1.1.0) with JetifyTransform
[        ] Transforming vectordrawable-animated-1.1.0.aar (androidx.vectordrawable:vectordrawable-animated:1.1.0) with ExtractAarTransform
[        ] Transforming vectordrawable-animated-1.1.0.aar (androidx.vectordrawable:vectordrawable-animated:1.1.0) with AarTransform
[        ] Transforming vectordrawable-animated-1.1.0.aar (androidx.vectordrawable:vectordrawable-animated:1.1.0) with FilterShrinkerRulesTransform
[        ] Transforming vectordrawable-1.1.0.aar (androidx.vectordrawable:vectordrawable:1.1.0) with JetifyTransform
[        ] Transforming vectordrawable-1.1.0.aar (androidx.vectordrawable:vectordrawable:1.1.0) with ExtractAarTransform
[        ] Transforming vectordrawable-1.1.0.aar (androidx.vectordrawable:vectordrawable:1.1.0) with AarTransform
[        ] Transforming vectordrawable-1.1.0.aar (androidx.vectordrawable:vectordrawable:1.1.0) with FilterShrinkerRulesTransform
[        ] Transforming vectordrawable-1.1.0.aar (androidx.vectordrawable:vectordrawable:1.1.0) with JetifyTransform
[        ] Transforming vectordrawable-1.1.0.aar (androidx.vectordrawable:vectordrawable:1.1.0) with ExtractAarTransform
[        ] Transforming vectordrawable-1.1.0.aar (androidx.vectordrawable:vectordrawable:1.1.0) with AarTransform
[        ] Transforming vectordrawable-1.1.0.aar (androidx.vectordrawable:vectordrawable:1.1.0) with FilterShrinkerRulesTransform
[        ] Transforming core-1.13.1.aar (androidx.core:core:1.13.1) with JetifyTransform
[        ] Transforming core-1.13.1.aar (androidx.core:core:1.13.1) with ExtractAarTransform
[        ] Transforming core-1.13.1.aar (androidx.core:core:1.13.1) with AarTransform
[        ] Transforming core-1.13.1.aar (androidx.core:core:1.13.1) with FilterShrinkerRulesTransform
[        ] Transforming core-1.13.1.aar (androidx.core:core:1.13.1) with JetifyTransform
[        ] Transforming core-1.13.1.aar (androidx.core:core:1.13.1) with ExtractAarTransform
[        ] Transforming core-1.13.1.aar (androidx.core:core:1.13.1) with AarTransform
[        ] Transforming core-1.13.1.aar (androidx.core:core:1.13.1) with FilterShrinkerRulesTransform
[        ] Transforming exifinterface-1.3.7.aar (androidx.exifinterface:exifinterface:1.3.7) with JetifyTransform
[        ] Transforming exifinterface-1.3.7.aar (androidx.exifinterface:exifinterface:1.3.7) with ExtractAarTransform
[        ] Transforming exifinterface-1.3.7.aar (androidx.exifinterface:exifinterface:1.3.7) with AarTransform
[        ] Transforming exifinterface-1.3.7.aar (androidx.exifinterface:exifinterface:1.3.7) with FilterShrinkerRulesTransform
[        ] Transforming exifinterface-1.3.7.aar (androidx.exifinterface:exifinterface:1.3.7) with JetifyTransform
[        ] Transforming exifinterface-1.3.7.aar (androidx.exifinterface:exifinterface:1.3.7) with ExtractAarTransform
[        ] Transforming exifinterface-1.3.7.aar (androidx.exifinterface:exifinterface:1.3.7) with AarTransform
[        ] Transforming exifinterface-1.3.7.aar (androidx.exifinterface:exifinterface:1.3.7) with FilterShrinkerRulesTransform
[        ] Transforming tracing-ktx-1.2.0.aar (androidx.tracing:tracing-ktx:1.2.0) with JetifyTransform
[        ] Transforming tracing-ktx-1.2.0.aar (androidx.tracing:tracing-ktx:1.2.0) with ExtractAarTransform
[        ] Transforming tracing-ktx-1.2.0.aar (androidx.tracing:tracing-ktx:1.2.0) with AarTransform
[        ] Transforming tracing-ktx-1.2.0.aar (androidx.tracing:tracing-ktx:1.2.0) with FilterShrinkerRulesTransform
[        ] Transforming profileinstaller-1.3.1.aar (androidx.profileinstaller:profileinstaller:1.3.1) with JetifyTransform
[        ] Transforming profileinstaller-1.3.1.aar (androidx.profileinstaller:profileinstaller:1.3.1) with ExtractAarTransform
[        ] Transforming profileinstaller-1.3.1.aar (androidx.profileinstaller:profileinstaller:1.3.1) with AarTransform
[        ] Transforming profileinstaller-1.3.1.aar (androidx.profileinstaller:profileinstaller:1.3.1) with FilterShrinkerRulesTransform
[        ] Transforming startup-runtime-1.1.1.aar (androidx.startup:startup-runtime:1.1.1) with JetifyTransform
[        ] Transforming startup-runtime-1.1.1.aar (androidx.startup:startup-runtime:1.1.1) with ExtractAarTransform
[        ] Transforming startup-runtime-1.1.1.aar (androidx.startup:startup-runtime:1.1.1) with AarTransform
[        ] Transforming startup-runtime-1.1.1.aar (androidx.startup:startup-runtime:1.1.1) with FilterShrinkerRulesTransform
[        ] Transforming tracing-1.2.0.aar (androidx.tracing:tracing:1.2.0) with JetifyTransform
[        ] Transforming tracing-1.2.0.aar (androidx.tracing:tracing:1.2.0) with ExtractAarTransform
[        ] Transforming tracing-1.2.0.aar (androidx.tracing:tracing:1.2.0) with AarTransform
[        ] Transforming tracing-1.2.0.aar (androidx.tracing:tracing:1.2.0) with FilterShrinkerRulesTransform
[   +1 ms] Transforming interpolator-1.0.0.aar (androidx.interpolator:interpolator:1.0.0) with JetifyTransform
[        ] Transforming interpolator-1.0.0.aar (androidx.interpolator:interpolator:1.0.0) with ExtractAarTransform
[        ] Transforming interpolator-1.0.0.aar (androidx.interpolator:interpolator:1.0.0) with AarTransform
[        ] Transforming interpolator-1.0.0.aar (androidx.interpolator:interpolator:1.0.0) with FilterShrinkerRulesTransform
[        ] Transforming interpolator-1.0.0.aar (androidx.interpolator:interpolator:1.0.0) with JetifyTransform
[        ] Transforming interpolator-1.0.0.aar (androidx.interpolator:interpolator:1.0.0) with ExtractAarTransform
[        ] Transforming interpolator-1.0.0.aar (androidx.interpolator:interpolator:1.0.0) with AarTransform
[        ] Transforming interpolator-1.0.0.aar (androidx.interpolator:interpolator:1.0.0) with FilterShrinkerRulesTransform
[        ] Transforming versionedparcelable-1.1.1.aar (androidx.versionedparcelable:versionedparcelable:1.1.1) with JetifyTransform
[        ] Transforming versionedparcelable-1.1.1.aar (androidx.versionedparcelable:versionedparcelable:1.1.1) with ExtractAarTransform
[        ] Transforming versionedparcelable-1.1.1.aar (androidx.versionedparcelable:versionedparcelable:1.1.1) with AarTransform
[        ] Transforming versionedparcelable-1.1.1.aar (androidx.versionedparcelable:versionedparcelable:1.1.1) with FilterShrinkerRulesTransform
[        ] Transforming concurrent-futures-ktx-1.1.0.jar (androidx.concurrent:concurrent-futures-ktx:1.1.0) with JetifyTransform
[        ] Transforming concurrent-futures-ktx-1.1.0.jar (androidx.concurrent:concurrent-futures-ktx:1.1.0) with ExtractProGuardRulesTransform
[        ] Transforming concurrent-futures-ktx-1.1.0.jar (androidx.concurrent:concurrent-futures-ktx:1.1.0) with FilterShrinkerRulesTransform
[        ] Transforming concurrent-futures-1.1.0.jar (androidx.concurrent:concurrent-futures:1.1.0) with JetifyTransform
[        ] Transforming concurrent-futures-1.1.0.jar (androidx.concurrent:concurrent-futures:1.1.0) with ExtractProGuardRulesTransform
[        ] Transforming concurrent-futures-1.1.0.jar (androidx.concurrent:concurrent-futures:1.1.0) with FilterShrinkerRulesTransform
[        ] Transforming datastore-preferences-external-protobuf-1.1.3.jar (androidx.datastore:datastore-preferences-external-protobuf:1.1.3) with JetifyTransform
[        ] Transforming datastore-preferences-external-protobuf-1.1.3.jar (androidx.datastore:datastore-preferences-external-protobuf:1.1.3) with ExtractProGuardRulesTransform
[        ] Transforming datastore-preferences-external-protobuf-1.1.3.jar (androidx.datastore:datastore-preferences-external-protobuf:1.1.3) with FilterShrinkerRulesTransform
[        ] Transforming datastore-preferences-proto-1.1.3.jar (androidx.datastore:datastore-preferences-proto:1.1.3) with JetifyTransform
[        ] Transforming datastore-preferences-proto-1.1.3.jar (androidx.datastore:datastore-preferences-proto:1.1.3) with ExtractProGuardRulesTransform
[        ] Transforming datastore-preferences-proto-1.1.3.jar (androidx.datastore:datastore-preferences-proto:1.1.3) with FilterShrinkerRulesTransform
[        ] Transforming datastore-preferences-core-jvm-1.1.3.jar (androidx.datastore:datastore-preferences-core-jvm:1.1.3) with JetifyTransform
[        ] Transforming datastore-preferences-core-jvm-1.1.3.jar (androidx.datastore:datastore-preferences-core-jvm:1.1.3) with ExtractProGuardRulesTransform
[        ] Transforming datastore-preferences-core-jvm-1.1.3.jar (androidx.datastore:datastore-preferences-core-jvm:1.1.3) with FilterShrinkerRulesTransform
[        ] Transforming datastore-core-okio-jvm-1.1.3.jar (androidx.datastore:datastore-core-okio-jvm:1.1.3) with JetifyTransform
[        ] Transforming datastore-core-okio-jvm-1.1.3.jar (androidx.datastore:datastore-core-okio-jvm:1.1.3) with ExtractProGuardRulesTransform
[        ] Transforming datastore-core-okio-jvm-1.1.3.jar (androidx.datastore:datastore-core-okio-jvm:1.1.3) with FilterShrinkerRulesTransform
[        ] Transforming datastore-core-release.aar (androidx.datastore:datastore-core-android:1.1.3) with JetifyTransform
[        ] Transforming datastore-core-release.aar (androidx.datastore:datastore-core-android:1.1.3) with ExtractAarTransform
[        ] Transforming datastore-core-release.aar (androidx.datastore:datastore-core-android:1.1.3) with AarTransform
[        ] Transforming datastore-core-release.aar (androidx.datastore:datastore-core-android:1.1.3) with FilterShrinkerRulesTransform
[        ] Transforming datastore-preferences-release.aar (androidx.datastore:datastore-preferences-android:1.1.3) with JetifyTransform
[        ] Transforming datastore-preferences-release.aar (androidx.datastore:datastore-preferences-android:1.1.3) with ExtractAarTransform
[        ] Transforming datastore-preferences-release.aar (androidx.datastore:datastore-preferences-android:1.1.3) with AarTransform
[        ] Transforming datastore-preferences-release.aar (androidx.datastore:datastore-preferences-android:1.1.3) with FilterShrinkerRulesTransform
[        ] Transforming datastore-release.aar (androidx.datastore:datastore-android:1.1.3) with JetifyTransform
[        ] Transforming datastore-release.aar (androidx.datastore:datastore-android:1.1.3) with ExtractAarTransform
[        ] Transforming datastore-release.aar (androidx.datastore:datastore-android:1.1.3) with AarTransform
[        ] Transforming datastore-release.aar (androidx.datastore:datastore-android:1.1.3) with FilterShrinkerRulesTransform
[        ] Transforming collection-ktx-1.1.0.jar (androidx.collection:collection-ktx:1.1.0) with JetifyTransform
[        ] Transforming collection-ktx-1.1.0.jar (androidx.collection:collection-ktx:1.1.0) with ExtractProGuardRulesTransform
[        ] Transforming collection-ktx-1.1.0.jar (androidx.collection:collection-ktx:1.1.0) with FilterShrinkerRulesTransform
[        ] Transforming collection-1.1.0.jar (androidx.collection:collection:1.1.0) with JetifyTransform
[        ] Transforming collection-1.1.0.jar (androidx.collection:collection:1.1.0) with ExtractProGuardRulesTransform
[        ] Transforming collection-1.1.0.jar (androidx.collection:collection:1.1.0) with FilterShrinkerRulesTransform
[        ] Transforming core-runtime-2.2.0.aar (androidx.arch.core:core-runtime:2.2.0) with JetifyTransform
[        ] Transforming core-runtime-2.2.0.aar (androidx.arch.core:core-runtime:2.2.0) with ExtractAarTransform
[        ] Transforming core-runtime-2.2.0.aar (androidx.arch.core:core-runtime:2.2.0) with AarTransform
[        ] Transforming core-runtime-2.2.0.aar (androidx.arch.core:core-runtime:2.2.0) with FilterShrinkerRulesTransform
[        ] Transforming core-common-2.2.0.jar (androidx.arch.core:core-common:2.2.0) with JetifyTransform
[        ] Transforming core-common-2.2.0.jar (androidx.arch.core:core-common:2.2.0) with ExtractProGuardRulesTransform
[        ] Transforming core-common-2.2.0.jar (androidx.arch.core:core-common:2.2.0) with FilterShrinkerRulesTransform
[        ] Transforming transport-backend-cct-2.3.3.aar (com.google.android.datatransport:transport-backend-cct:2.3.3) with JetifyTransform
[        ] Transforming transport-backend-cct-2.3.3.aar (com.google.android.datatransport:transport-backend-cct:2.3.3) with ExtractAarTransform
[        ] Transforming transport-backend-cct-2.3.3.aar (com.google.android.datatransport:transport-backend-cct:2.3.3) with AarTransform
[        ] Transforming transport-backend-cct-2.3.3.aar (com.google.android.datatransport:transport-backend-cct:2.3.3) with FilterShrinkerRulesTransform
[        ] Transforming transport-runtime-2.2.6.aar (com.google.android.datatransport:transport-runtime:2.2.6) with JetifyTransform
[        ] Transforming transport-runtime-2.2.6.aar (com.google.android.datatransport:transport-runtime:2.2.6) with ExtractAarTransform
[        ] Transforming transport-runtime-2.2.6.aar (com.google.android.datatransport:transport-runtime:2.2.6) with AarTransform
[        ] Transforming transport-runtime-2.2.6.aar (com.google.android.datatransport:transport-runtime:2.2.6) with FilterShrinkerRulesTransform
[        ] Transforming transport-api-2.2.1.aar (com.google.android.datatransport:transport-api:2.2.1) with JetifyTransform
[        ] Transforming transport-api-2.2.1.aar (com.google.android.datatransport:transport-api:2.2.1) with ExtractAarTransform
[        ] Transforming transport-api-2.2.1.aar (com.google.android.datatransport:transport-api:2.2.1) with AarTransform
[        ] Transforming transport-api-2.2.1.aar (com.google.android.datatransport:transport-api:2.2.1) with FilterShrinkerRulesTransform
[        ] Transforming firebase-components-16.1.0.aar (com.google.firebase:firebase-components:16.1.0) with JetifyTransform
[        ] Transforming firebase-components-16.1.0.aar (com.google.firebase:firebase-components:16.1.0) with ExtractAarTransform
[        ] Transforming firebase-components-16.1.0.aar (com.google.firebase:firebase-components:16.1.0) with AarTransform
[        ] Transforming firebase-components-16.1.0.aar (com.google.firebase:firebase-components:16.1.0) with FilterShrinkerRulesTransform
[        ] Transforming firebase-encoders-json-17.1.0.aar (com.google.firebase:firebase-encoders-json:17.1.0) with JetifyTransform
[        ] Transforming firebase-encoders-json-17.1.0.aar (com.google.firebase:firebase-encoders-json:17.1.0) with ExtractAarTransform
[        ] Transforming firebase-encoders-json-17.1.0.aar (com.google.firebase:firebase-encoders-json:17.1.0) with AarTransform
[        ] Transforming firebase-encoders-json-17.1.0.aar (com.google.firebase:firebase-encoders-json:17.1.0) with FilterShrinkerRulesTransform
[        ] Transforming firebase-encoders-16.1.0.jar (com.google.firebase:firebase-encoders:16.1.0) with JetifyTransform
[        ] Transforming firebase-encoders-16.1.0.jar (com.google.firebase:firebase-encoders:16.1.0) with ExtractProGuardRulesTransform
[        ] Transforming firebase-encoders-16.1.0.jar (com.google.firebase:firebase-encoders:16.1.0) with FilterShrinkerRulesTransform
[        ] Transforming core-1.0.0.aar (androidx.window.extensions.core:core:1.0.0) with JetifyTransform
[        ] Transforming core-1.0.0.aar (androidx.window.extensions.core:core:1.0.0) with ExtractAarTransform
[        ] Transforming core-1.0.0.aar (androidx.window.extensions.core:core:1.0.0) with AarTransform
[        ] Transforming core-1.0.0.aar (androidx.window.extensions.core:core:1.0.0) with FilterShrinkerRulesTransform
[        ] Transforming cursoradapter-1.0.0.aar (androidx.cursoradapter:cursoradapter:1.0.0) with JetifyTransform
[        ] Transforming cursoradapter-1.0.0.aar (androidx.cursoradapter:cursoradapter:1.0.0) with ExtractAarTransform
[        ] Transforming cursoradapter-1.0.0.aar (androidx.cursoradapter:cursoradapter:1.0.0) with AarTransform
[        ] Transforming cursoradapter-1.0.0.aar (androidx.cursoradapter:cursoradapter:1.0.0) with FilterShrinkerRulesTransform
[        ] Transforming cursoradapter-1.0.0.aar (androidx.cursoradapter:cursoradapter:1.0.0) with JetifyTransform
[        ] Transforming cursoradapter-1.0.0.aar (androidx.cursoradapter:cursoradapter:1.0.0) with ExtractAarTransform
[        ] Transforming cursoradapter-1.0.0.aar (androidx.cursoradapter:cursoradapter:1.0.0) with AarTransform
[        ] Transforming cursoradapter-1.0.0.aar (androidx.cursoradapter:cursoradapter:1.0.0) with FilterShrinkerRulesTransform
[        ] Transforming resourceinspection-annotation-1.0.1.jar (androidx.resourceinspection:resourceinspection-annotation:1.0.1) with JetifyTransform
[        ] Transforming resourceinspection-annotation-1.0.1.jar (androidx.resourceinspection:resourceinspection-annotation:1.0.1) with ExtractProGuardRulesTransform
[        ] Transforming resourceinspection-annotation-1.0.1.jar (androidx.resourceinspection:resourceinspection-annotation:1.0.1) with FilterShrinkerRulesTransform
[        ] Transforming documentfile-1.0.0.aar (androidx.documentfile:documentfile:1.0.0) with JetifyTransform
[        ] Transforming documentfile-1.0.0.aar (androidx.documentfile:documentfile:1.0.0) with ExtractAarTransform
[        ] Transforming documentfile-1.0.0.aar (androidx.documentfile:documentfile:1.0.0) with AarTransform
[        ] Transforming documentfile-1.0.0.aar (androidx.documentfile:documentfile:1.0.0) with FilterShrinkerRulesTransform
[        ] Transforming localbroadcastmanager-1.0.0.aar (androidx.localbroadcastmanager:localbroadcastmanager:1.0.0) with JetifyTransform
[        ] Transforming localbroadcastmanager-1.0.0.aar (androidx.localbroadcastmanager:localbroadcastmanager:1.0.0) with ExtractAarTransform
[        ] Transforming localbroadcastmanager-1.0.0.aar (androidx.localbroadcastmanager:localbroadcastmanager:1.0.0) with AarTransform
[        ] Transforming localbroadcastmanager-1.0.0.aar (androidx.localbroadcastmanager:localbroadcastmanager:1.0.0) with FilterShrinkerRulesTransform
[        ] Transforming print-1.0.0.aar (androidx.print:print:1.0.0) with JetifyTransform
[        ] Transforming print-1.0.0.aar (androidx.print:print:1.0.0) with ExtractAarTransform
[        ] Transforming print-1.0.0.aar (androidx.print:print:1.0.0) with AarTransform
[        ] Transforming print-1.0.0.aar (androidx.print:print:1.0.0) with FilterShrinkerRulesTransform
[        ] Transforming annotation-jvm-1.9.1.jar (androidx.annotation:annotation-jvm:1.9.1) with JetifyTransform
[        ] Transforming annotation-jvm-1.9.1.jar (androidx.annotation:annotation-jvm:1.9.1) with ExtractProGuardRulesTransform
[        ] Transforming annotation-jvm-1.9.1.jar (androidx.annotation:annotation-jvm:1.9.1) with FilterShrinkerRulesTransform
[        ] Transforming kotlinx-coroutines-core-jvm-1.7.3.jar (org.jetbrains.kotlinx:kotlinx-coroutines-core-jvm:1.7.3) with JetifyTransform
[        ] Transforming kotlinx-coroutines-core-jvm-1.7.3.jar (org.jetbrains.kotlinx:kotlinx-coroutines-core-jvm:1.7.3) with ExtractProGuardRulesTransform
[        ] Transforming kotlinx-coroutines-core-jvm-1.7.3.jar (org.jetbrains.kotlinx:kotlinx-coroutines-core-jvm:1.7.3) with FilterShrinkerRulesTransform
[        ] Transforming kotlinx-coroutines-android-1.7.3.jar (org.jetbrains.kotlinx:kotlinx-coroutines-android:1.7.3) with JetifyTransform
[        ] Transforming kotlinx-coroutines-android-1.7.3.jar (org.jetbrains.kotlinx:kotlinx-coroutines-android:1.7.3) with ExtractProGuardRulesTransform
[        ] Transforming kotlinx-coroutines-android-1.7.3.jar (org.jetbrains.kotlinx:kotlinx-coroutines-android:1.7.3) with FilterShrinkerRulesTransform
[        ] Transforming okio-jvm-3.4.0.jar (com.squareup.okio:okio-jvm:3.4.0) with JetifyTransform
[        ] Transforming okio-jvm-3.4.0.jar (com.squareup.okio:okio-jvm:3.4.0) with ExtractProGuardRulesTransform
[        ] Transforming okio-jvm-3.4.0.jar (com.squareup.okio:okio-jvm:3.4.0) with FilterShrinkerRulesTransform
[        ] Transforming kotlin-stdlib-jdk8-1.8.20.jar (org.jetbrains.kotlin:kotlin-stdlib-jdk8:1.8.20) with JetifyTransform
[        ] Transforming kotlin-stdlib-jdk8-1.8.20.jar (org.jetbrains.kotlin:kotlin-stdlib-jdk8:1.8.20) with ExtractProGuardRulesTransform
[        ] Transforming kotlin-stdlib-jdk8-1.8.20.jar (org.jetbrains.kotlin:kotlin-stdlib-jdk8:1.8.20) with FilterShrinkerRulesTransform
[        ] Transforming annotation-experimental-1.4.1.aar (androidx.annotation:annotation-experimental:1.4.1) with JetifyTransform
[        ] Transforming annotation-experimental-1.4.1.aar (androidx.annotation:annotation-experimental:1.4.1) with ExtractAarTransform
[        ] Transforming annotation-experimental-1.4.1.aar (androidx.annotation:annotation-experimental:1.4.1) with AarTransform
[        ] Transforming annotation-experimental-1.4.1.aar (androidx.annotation:annotation-experimental:1.4.1) with FilterShrinkerRulesTransform
[        ] Transforming kotlin-stdlib-jdk7-1.8.20.jar (org.jetbrains.kotlin:kotlin-stdlib-jdk7:1.8.20) with JetifyTransform
[        ] Transforming kotlin-stdlib-jdk7-1.8.20.jar (org.jetbrains.kotlin:kotlin-stdlib-jdk7:1.8.20) with ExtractProGuardRulesTransform
[        ] Transforming kotlin-stdlib-jdk7-1.8.20.jar (org.jetbrains.kotlin:kotlin-stdlib-jdk7:1.8.20) with FilterShrinkerRulesTransform
[        ] Transforming kotlin-parcelize-runtime-1.9.22.jar (org.jetbrains.kotlin:kotlin-parcelize-runtime:1.9.22) with JetifyTransform
[        ] Transforming kotlin-parcelize-runtime-1.9.22.jar (org.jetbrains.kotlin:kotlin-parcelize-runtime:1.9.22) with ExtractProGuardRulesTransform
[        ] Transforming kotlin-parcelize-runtime-1.9.22.jar (org.jetbrains.kotlin:kotlin-parcelize-runtime:1.9.22) with FilterShrinkerRulesTransform
[        ] Transforming kotlin-android-extensions-runtime-1.9.22.jar (org.jetbrains.kotlin:kotlin-android-extensions-runtime:1.9.22) with JetifyTransform
[        ] Transforming kotlin-android-extensions-runtime-1.9.22.jar (org.jetbrains.kotlin:kotlin-android-extensions-runtime:1.9.22) with ExtractProGuardRulesTransform
[        ] Transforming kotlin-android-extensions-runtime-1.9.22.jar (org.jetbrains.kotlin:kotlin-android-extensions-runtime:1.9.22) with FilterShrinkerRulesTransform
[        ] Transforming kotlin-stdlib-2.1.0.jar (org.jetbrains.kotlin:kotlin-stdlib:2.1.0) with JetifyTransform
[        ] Transforming kotlin-stdlib-2.1.0.jar (org.jetbrains.kotlin:kotlin-stdlib:2.1.0) with ExtractProGuardRulesTransform
[        ] Transforming kotlin-stdlib-2.1.0.jar (org.jetbrains.kotlin:kotlin-stdlib:2.1.0) with FilterShrinkerRulesTransform
[        ] Transforming armeabi_v7a_release-1.0.0-a8bfdfc394deaed5c57bd45a64ac4294dc976a72.jar (io.flutter:armeabi_v7a_release:1.0.0-a8bfdfc394deaed5c57bd45a64ac4294dc976a72) with JetifyTransform
[        ] Transforming armeabi_v7a_release-1.0.0-a8bfdfc394deaed5c57bd45a64ac4294dc976a72.jar (io.flutter:armeabi_v7a_release:1.0.0-a8bfdfc394deaed5c57bd45a64ac4294dc976a72) with ExtractProGuardRulesTransform
[        ] Transforming armeabi_v7a_release-1.0.0-a8bfdfc394deaed5c57bd45a64ac4294dc976a72.jar (io.flutter:armeabi_v7a_release:1.0.0-a8bfdfc394deaed5c57bd45a64ac4294dc976a72) with FilterShrinkerRulesTransform
[        ] Transforming arm64_v8a_release-1.0.0-a8bfdfc394deaed5c57bd45a64ac4294dc976a72.jar (io.flutter:arm64_v8a_release:1.0.0-a8bfdfc394deaed5c57bd45a64ac4294dc976a72) with JetifyTransform
[        ] Transforming arm64_v8a_release-1.0.0-a8bfdfc394deaed5c57bd45a64ac4294dc976a72.jar (io.flutter:arm64_v8a_release:1.0.0-a8bfdfc394deaed5c57bd45a64ac4294dc976a72) with ExtractProGuardRulesTransform
[        ] Transforming arm64_v8a_release-1.0.0-a8bfdfc394deaed5c57bd45a64ac4294dc976a72.jar (io.flutter:arm64_v8a_release:1.0.0-a8bfdfc394deaed5c57bd45a64ac4294dc976a72) with FilterShrinkerRulesTransform
[        ] Transforming x86_64_release-1.0.0-a8bfdfc394deaed5c57bd45a64ac4294dc976a72.jar (io.flutter:x86_64_release:1.0.0-a8bfdfc394deaed5c57bd45a64ac4294dc976a72) with JetifyTransform
[        ] Transforming x86_64_release-1.0.0-a8bfdfc394deaed5c57bd45a64ac4294dc976a72.jar (io.flutter:x86_64_release:1.0.0-a8bfdfc394deaed5c57bd45a64ac4294dc976a72) with ExtractProGuardRulesTransform
[        ] Transforming x86_64_release-1.0.0-a8bfdfc394deaed5c57bd45a64ac4294dc976a72.jar (io.flutter:x86_64_release:1.0.0-a8bfdfc394deaed5c57bd45a64ac4294dc976a72) with FilterShrinkerRulesTransform
[        ] Transforming annotations-23.0.0.jar (org.jetbrains:annotations:23.0.0) with JetifyTransform
[        ] Transforming annotations-23.0.0.jar (org.jetbrains:annotations:23.0.0) with ExtractProGuardRulesTransform
[        ] Transforming annotations-23.0.0.jar (org.jetbrains:annotations:23.0.0) with FilterShrinkerRulesTransform
[        ] Transforming relinker-1.4.5.aar (com.getkeepsafe.relinker:relinker:1.4.5) with JetifyTransform
[        ] Transforming relinker-1.4.5.aar (com.getkeepsafe.relinker:relinker:1.4.5) with ExtractAarTransform
[        ] Transforming relinker-1.4.5.aar (com.getkeepsafe.relinker:relinker:1.4.5) with AarTransform
[        ] Transforming relinker-1.4.5.aar (com.getkeepsafe.relinker:relinker:1.4.5) with FilterShrinkerRulesTransform
[        ] Transforming auto-value-annotations-1.6.3.jar (com.google.auto.value:auto-value-annotations:1.6.3) with JetifyTransform
[        ] Transforming auto-value-annotations-1.6.3.jar (com.google.auto.value:auto-value-annotations:1.6.3) with ExtractProGuardRulesTransform
[        ] Transforming auto-value-annotations-1.6.3.jar (com.google.auto.value:auto-value-annotations:1.6.3) with FilterShrinkerRulesTransform
[        ] Transforming listenablefuture-1.0.jar (com.google.guava:listenablefuture:1.0) with JetifyTransform
[        ] Transforming listenablefuture-1.0.jar (com.google.guava:listenablefuture:1.0) with ExtractProGuardRulesTransform
[        ] Transforming listenablefuture-1.0.jar (com.google.guava:listenablefuture:1.0) with FilterShrinkerRulesTransform
[        ] Transforming image-1.0.0-beta1.aar (com.google.android.odml:image:1.0.0-beta1) with JetifyTransform
[        ] Transforming image-1.0.0-beta1.aar (com.google.android.odml:image:1.0.0-beta1) with ExtractAarTransform
[        ] Transforming image-1.0.0-beta1.aar (com.google.android.odml:image:1.0.0-beta1) with AarTransform
[        ] Transforming image-1.0.0-beta1.aar (com.google.android.odml:image:1.0.0-beta1) with FilterShrinkerRulesTransform
[        ] Transforming javax.inject-1.jar (javax.inject:javax.inject:1) with JetifyTransform
[        ] Transforming javax.inject-1.jar (javax.inject:javax.inject:1) with ExtractProGuardRulesTransform
[        ] Transforming javax.inject-1.jar (javax.inject:javax.inject:1) with FilterShrinkerRulesTransform
[        ] Transforming firebase-annotations-16.0.0.jar (com.google.firebase:firebase-annotations:16.0.0) with JetifyTransform
[        ] Transforming firebase-annotations-16.0.0.jar (com.google.firebase:firebase-annotations:16.0.0) with ExtractProGuardRulesTransform
[        ] Transforming firebase-annotations-16.0.0.jar (com.google.firebase:firebase-annotations:16.0.0) with FilterShrinkerRulesTransform
[   +1 ms] Transforming libs.jar with JetifyTransform
[        ] Transforming libs.jar with IdentityTransform
[        ] Transforming libs.jar with JetifyTransform
[        ] Transforming libs.jar with IdentityTransform
[        ] Transforming libs.jar with JetifyTransform
[        ] Transforming libs.jar with IdentityTransform
[        ] Caching disabled for task ':app:minifyReleaseWithR8' because:
[        ]   Build cache is disabled
[        ] Skipping task ':app:minifyReleaseWithR8' as it is up-to-date.
[        ] Resolve mutations for :app:processApplicationManifestReleaseForBundle (Thread[#900,Execution worker Thread 11,5,main]) started.
[        ] :app:processApplicationManifestReleaseForBundle (Thread[#900,Execution worker Thread 11,5,main]) started.
[        ] > Task :app:processApplicationManifestReleaseForBundle UP-TO-DATE
[        ] Caching disabled for task ':app:processApplicationManifestReleaseForBundle' because:
[        ]   Build cache is disabled
[        ]   Caching has been disabled for the task
[        ] Skipping task ':app:processApplicationManifestReleaseForBundle' as it is up-to-date.
[        ] Resolve mutations for :app:bundleReleaseResources (Thread[#900,Execution worker Thread 11,5,main]) started.
[        ] :app:bundleReleaseResources (Thread[#900,Execution worker Thread 11,5,main]) started.
[        ] > Task :app:bundleReleaseResources UP-TO-DATE
[        ] Caching disabled for task ':app:bundleReleaseResources' because:
[        ]   Build cache is disabled
[        ] Skipping task ':app:bundleReleaseResources' as it is up-to-date.
[        ] Resolve mutations for :app:extractReleaseVersionControlInfo (Thread[#900,Execution worker Thread 11,5,main]) started.
[        ] :app:extractReleaseVersionControlInfo (Thread[#900,Execution worker Thread 11,5,main]) started.
[        ] > Task :app:extractReleaseVersionControlInfo UP-TO-DATE
[        ] Caching disabled for task ':app:extractReleaseVersionControlInfo' because:
[        ]   Build cache is disabled
[        ]   Caching has been disabled for the task
[        ] Skipping task ':app:extractReleaseVersionControlInfo' as it is up-to-date.
[        ] Resolve mutations for :app:configureCMakeRelease[arm64-v8a] (Thread[#900,Execution worker Thread 11,5,main]) started.
[        ] :app:configureCMakeRelease[arm64-v8a] (Thread[#900,Execution worker Thread 11,5,main]) started.
[  +58 ms] > Task :app:configureCMakeRelease[arm64-v8a]
[        ] Caching disabled for task ':app:configureCMakeRelease[arm64-v8a]' because:
[        ]   Build cache is disabled
[        ]   Caching has been disabled for the task
[        ] Task ':app:configureCMakeRelease[arm64-v8a]' is not up-to-date because:
[        ]   Task.upToDateWhen is false.
[        ] C/C++: C:\dev\flutter\packages\flutter_tools\gradle\src\main\scripts\CMakeLists.txt release|arm64-v8a : Start JSON generation. Platform version: 24 min SDK version: arm64-v8a
[        ] C/C++: C:\dev\flutter\packages\flutter_tools\gradle\src\main\scripts\CMakeLists.txt release|arm64-v8a : JSON 'C:\Users\jakao\Proyectos\app_gestor\build\.cxx\release\z4c1u3v4\arm64-v8a\android_gradle_build.json' was up-to-date
[        ] C/C++: C:\dev\flutter\packages\flutter_tools\gradle\src\main\scripts\CMakeLists.txt release|arm64-v8a : JSON generation completed without problems
[        ] C/C++: C:\dev\flutter\packages\flutter_tools\gradle\src\main\scripts\CMakeLists.txt release|arm64-v8a : Writing build model to C:\Users\jakao\Proyectos\app_gestor\build\app\intermediates\cxx\release\z4c1u3v4\logs\arm64-v8a\build_model.json
[        ] Resolve mutations for :app:buildCMakeRelease[arm64-v8a] (Thread[#900,Execution worker Thread 11,5,main]) started.
[        ] :app:buildCMakeRelease[arm64-v8a] (Thread[#900,Execution worker Thread 11,5,main]) started.
[        ] > Task :app:buildCMakeRelease[arm64-v8a]
[        ] Caching disabled for task ':app:buildCMakeRelease[arm64-v8a]' because:
[        ]   Build cache is disabled
[        ]   Caching has been disabled for the task
[        ] Task ':app:buildCMakeRelease[arm64-v8a]' is not up-to-date because:
[        ]   Task.upToDateWhen is false.
[        ] C/C++: starting build
[        ] C/C++: reading expected JSONs
[        ] C/C++: done reading expected JSONs
[        ] C/C++: executing build commands for targets that produce .so files or executables
[        ] C/C++: evaluate miniconfig
[        ] C/C++: no libraries
[        ] Resolve mutations for :app:configureCMakeRelease[armeabi-v7a] (Thread[#900,Execution worker Thread 11,5,main]) started.
[        ] :app:configureCMakeRelease[armeabi-v7a] (Thread[#900,Execution worker Thread 11,5,main]) started.
[  +91 ms] > Task :app:configureCMakeRelease[armeabi-v7a]
[        ] Caching disabled for task ':app:configureCMakeRelease[armeabi-v7a]' because:
[        ]   Build cache is disabled
[        ]   Caching has been disabled for the task
[        ] Task ':app:configureCMakeRelease[armeabi-v7a]' is not up-to-date because:
[        ]   Task.upToDateWhen is false.
[        ] C/C++: C:\dev\flutter\packages\flutter_tools\gradle\src\main\scripts\CMakeLists.txt release|armeabi-v7a : Start JSON generation. Platform version: 24 min SDK version: armeabi-v7a
[        ] C/C++: C:\dev\flutter\packages\flutter_tools\gradle\src\main\scripts\CMakeLists.txt release|armeabi-v7a : JSON 'C:\Users\jakao\Proyectos\app_gestor\build\.cxx\release\z4c1u3v4\armeabi-v7a\android_gradle_build.json' was up-to-date
[        ] C/C++: C:\dev\flutter\packages\flutter_tools\gradle\src\main\scripts\CMakeLists.txt release|armeabi-v7a : JSON generation completed without problems
[        ] C/C++: C:\dev\flutter\packages\flutter_tools\gradle\src\main\scripts\CMakeLists.txt release|armeabi-v7a : Writing build model to C:\Users\jakao\Proyectos\app_gestor\build\app\intermediates\cxx\release\z4c1u3v4\logs\armeabi-v7a\build_model.json
[        ] Resolve mutations for :app:buildCMakeRelease[armeabi-v7a] (Thread[#900,Execution worker Thread 11,5,main]) started.
[        ] :app:buildCMakeRelease[armeabi-v7a] (Thread[#900,Execution worker Thread 11,5,main]) started.
[        ] > Task :app:buildCMakeRelease[armeabi-v7a]
[        ] Caching disabled for task ':app:buildCMakeRelease[armeabi-v7a]' because:
[        ]   Build cache is disabled
[        ]   Caching has been disabled for the task
[        ] Task ':app:buildCMakeRelease[armeabi-v7a]' is not up-to-date because:
[        ]   Task.upToDateWhen is false.
[        ] C/C++: starting build
[        ] C/C++: reading expected JSONs
[        ] C/C++: done reading expected JSONs
[        ] C/C++: executing build commands for targets that produce .so files or executables
[        ] C/C++: evaluate miniconfig
[        ] C/C++: no libraries
[        ] Resolve mutations for :app:configureCMakeRelease[x86_64] (Thread[#900,Execution worker Thread 11,5,main]) started.
[        ] :app:configureCMakeRelease[x86_64] (Thread[#900,Execution worker Thread 11,5,main]) started.
[        ] > Task :app:configureCMakeRelease[x86_64]
[        ] Caching disabled for task ':app:configureCMakeRelease[x86_64]' because:
[        ]   Build cache is disabled
[        ]   Caching has been disabled for the task
[        ] Task ':app:configureCMakeRelease[x86_64]' is not up-to-date because:
[        ]   Task.upToDateWhen is false.
[        ] C/C++: C:\dev\flutter\packages\flutter_tools\gradle\src\main\scripts\CMakeLists.txt release|x86_64 : Start JSON generation. Platform version: 24 min SDK version: x86_64
[        ] C/C++: C:\dev\flutter\packages\flutter_tools\gradle\src\main\scripts\CMakeLists.txt release|x86_64 : JSON 'C:\Users\jakao\Proyectos\app_gestor\build\.cxx\release\z4c1u3v4\x86_64\android_gradle_build.json' was up-to-date
[        ] C/C++: C:\dev\flutter\packages\flutter_tools\gradle\src\main\scripts\CMakeLists.txt release|x86_64 : JSON generation completed without problems
[        ] C/C++: C:\dev\flutter\packages\flutter_tools\gradle\src\main\scripts\CMakeLists.txt release|x86_64 : Writing build model to C:\Users\jakao\Proyectos\app_gestor\build\app\intermediates\cxx\release\z4c1u3v4\logs\x86_64\build_model.json
[        ] Resolve mutations for :app:buildCMakeRelease[x86_64] (Thread[#900,Execution worker Thread 11,5,main]) started.
[        ] :app:buildCMakeRelease[x86_64] (Thread[#900,Execution worker Thread 11,5,main]) started.
[        ] > Task :app:buildCMakeRelease[x86_64]
[        ] Caching disabled for task ':app:buildCMakeRelease[x86_64]' because:
[        ]   Build cache is disabled
[        ]   Caching has been disabled for the task
[        ] Task ':app:buildCMakeRelease[x86_64]' is not up-to-date because:
[        ]   Task.upToDateWhen is false.
[        ] C/C++: starting build
[        ] C/C++: reading expected JSONs
[        ] C/C++: done reading expected JSONs
[        ] C/C++: executing build commands for targets that produce .so files or executables
[        ] C/C++: evaluate miniconfig
[        ] C/C++: no libraries
[        ] Resolve mutations for :app:mergeReleaseJniLibFolders (Thread[#899,Execution worker Thread 10,5,main]) started.
[        ] :app:mergeReleaseJniLibFolders (Thread[#899,Execution worker Thread 10,5,main]) started.
[        ] > Task :app:mergeReleaseJniLibFolders UP-TO-DATE
[        ] Caching disabled for task ':app:mergeReleaseJniLibFolders' because:
[        ]   Build cache is disabled
[        ]   Simple merging task
[        ] Skipping task ':app:mergeReleaseJniLibFolders' as it is up-to-date.
[        ] Resolve mutations for :device_info_plus:mergeReleaseJniLibFolders (Thread[#899,Execution worker Thread 10,5,main]) started.
[        ] :device_info_plus:mergeReleaseJniLibFolders (Thread[#899,Execution worker Thread 10,5,main]) started.
[        ] > Task :device_info_plus:mergeReleaseJniLibFolders UP-TO-DATE
[        ] Caching disabled for task ':device_info_plus:mergeReleaseJniLibFolders' because:
[        ]   Build cache is disabled
[        ]   Simple merging task
[        ] Skipping task ':device_info_plus:mergeReleaseJniLibFolders' as it is up-to-date.
[        ] Resolve mutations for :device_info_plus:mergeReleaseNativeLibs (Thread[#899,Execution worker Thread 10,5,main]) started.
[        ] :device_info_plus:mergeReleaseNativeLibs (Thread[#899,Execution worker Thread 10,5,main]) started.
[        ] > Task :device_info_plus:mergeReleaseNativeLibs NO-SOURCE
[        ] Skipping task ':device_info_plus:mergeReleaseNativeLibs' as it has no source files and no previous output files.
[        ] Resolve mutations for :device_info_plus:copyReleaseJniLibsProjectOnly (Thread[#899,Execution worker Thread 10,5,main]) started.
[        ] :device_info_plus:copyReleaseJniLibsProjectOnly (Thread[#899,Execution worker Thread 10,5,main]) started.
[        ] > Task :device_info_plus:copyReleaseJniLibsProjectOnly UP-TO-DATE
[        ] Caching disabled for task ':device_info_plus:copyReleaseJniLibsProjectOnly' because:
[        ]   Build cache is disabled
[        ]   Caching has been disabled for the task
[        ] Skipping task ':device_info_plus:copyReleaseJniLibsProjectOnly' as it is up-to-date.
[        ] work action resolve jni (project :device_info_plus) (Thread[#899,Execution worker Thread 10,5,main]) started.
[        ] Resolve mutations for :file_picker:mergeReleaseJniLibFolders (Thread[#899,Execution worker Thread 10,5,main]) started.
[        ] :file_picker:mergeReleaseJniLibFolders (Thread[#899,Execution worker Thread 10,5,main]) started.
[        ] > Task :file_picker:mergeReleaseJniLibFolders UP-TO-DATE
[        ] Caching disabled for task ':file_picker:mergeReleaseJniLibFolders' because:
[        ]   Build cache is disabled
[        ]   Simple merging task
[        ] Skipping task ':file_picker:mergeReleaseJniLibFolders' as it is up-to-date.
[        ] Resolve mutations for :file_picker:mergeReleaseNativeLibs (Thread[#899,Execution worker Thread 10,5,main]) started.
[        ] :file_picker:mergeReleaseNativeLibs (Thread[#899,Execution worker Thread 10,5,main]) started.
[        ] > Task :file_picker:mergeReleaseNativeLibs NO-SOURCE
[        ] Skipping task ':file_picker:mergeReleaseNativeLibs' as it has no source files and no previous output files.
[        ] Resolve mutations for :file_picker:copyReleaseJniLibsProjectOnly (Thread[#899,Execution worker Thread 10,5,main]) started.
[        ] :file_picker:copyReleaseJniLibsProjectOnly (Thread[#889,included builds,5,main]) started.
[        ] > Task :file_picker:copyReleaseJniLibsProjectOnly UP-TO-DATE
[        ] Caching disabled for task ':file_picker:copyReleaseJniLibsProjectOnly' because:
[        ]   Build cache is disabled
[        ]   Caching has been disabled for the task
[        ] Skipping task ':file_picker:copyReleaseJniLibsProjectOnly' as it is up-to-date.
[        ] work action resolve jni (project :file_picker) (Thread[#889,included builds,5,main]) started.
[        ] Resolve mutations for :flutter_plugin_android_lifecycle:mergeReleaseJniLibFolders (Thread[#889,included builds,5,main]) started.
[        ] :flutter_plugin_android_lifecycle:mergeReleaseJniLibFolders (Thread[#889,included builds,5,main]) started.
[        ] > Task :flutter_plugin_android_lifecycle:mergeReleaseJniLibFolders UP-TO-DATE
[        ] Caching disabled for task ':flutter_plugin_android_lifecycle:mergeReleaseJniLibFolders' because:
[        ]   Build cache is disabled
[        ]   Simple merging task
[        ] Skipping task ':flutter_plugin_android_lifecycle:mergeReleaseJniLibFolders' as it is up-to-date.
[        ] Resolve mutations for :flutter_plugin_android_lifecycle:mergeReleaseNativeLibs (Thread[#889,included builds,5,main]) started.
[        ] :flutter_plugin_android_lifecycle:mergeReleaseNativeLibs (Thread[#889,included builds,5,main]) started.
[        ] > Task :flutter_plugin_android_lifecycle:mergeReleaseNativeLibs NO-SOURCE
[        ] Skipping task ':flutter_plugin_android_lifecycle:mergeReleaseNativeLibs' as it has no source files and no previous output files.
[        ] Resolve mutations for :flutter_plugin_android_lifecycle:copyReleaseJniLibsProjectOnly (Thread[#889,included builds,5,main]) started.
[        ] :flutter_plugin_android_lifecycle:copyReleaseJniLibsProjectOnly (Thread[#889,included builds,5,main]) started.
[        ] > Task :flutter_plugin_android_lifecycle:copyReleaseJniLibsProjectOnly UP-TO-DATE
[        ] Caching disabled for task ':flutter_plugin_android_lifecycle:copyReleaseJniLibsProjectOnly' because:
[        ]   Build cache is disabled
[        ]   Caching has been disabled for the task
[        ] Skipping task ':flutter_plugin_android_lifecycle:copyReleaseJniLibsProjectOnly' as it is up-to-date.
[        ] work action resolve jni (project :flutter_plugin_android_lifecycle) (Thread[#889,included builds,5,main]) started.
[        ] Resolve mutations for :image_picker_android:mergeReleaseJniLibFolders (Thread[#889,included builds,5,main]) started.
[        ] :image_picker_android:mergeReleaseJniLibFolders (Thread[#889,included builds,5,main]) started.
[ +101 ms] > Task :image_picker_android:mergeReleaseJniLibFolders UP-TO-DATE
[        ] Caching disabled for task ':image_picker_android:mergeReleaseJniLibFolders' because:
[        ]   Build cache is disabled
[        ]   Simple merging task
[        ] Skipping task ':image_picker_android:mergeReleaseJniLibFolders' as it is up-to-date.
[        ] Resolve mutations for :image_picker_android:mergeReleaseNativeLibs (Thread[#889,included builds,5,main]) started.
[        ] :image_picker_android:mergeReleaseNativeLibs (Thread[#889,included builds,5,main]) started.
[        ] > Task :image_picker_android:mergeReleaseNativeLibs NO-SOURCE
[        ] Skipping task ':image_picker_android:mergeReleaseNativeLibs' as it has no source files and no previous output files.
[        ] Resolve mutations for :image_picker_android:copyReleaseJniLibsProjectOnly (Thread[#889,included builds,5,main]) started.
[        ] :image_picker_android:copyReleaseJniLibsProjectOnly (Thread[#889,included builds,5,main]) started.
[        ] > Task :image_picker_android:copyReleaseJniLibsProjectOnly UP-TO-DATE
[        ] Caching disabled for task ':image_picker_android:copyReleaseJniLibsProjectOnly' because:
[        ]   Build cache is disabled
[        ]   Caching has been disabled for the task
[        ] Skipping task ':image_picker_android:copyReleaseJniLibsProjectOnly' as it is up-to-date.
[        ] work action resolve jni (project :image_picker_android) (Thread[#889,included builds,5,main]) started.
[        ] Resolve mutations for :mobile_scanner:mergeReleaseJniLibFolders (Thread[#889,included builds,5,main]) started.
[        ] :mobile_scanner:mergeReleaseJniLibFolders (Thread[#889,included builds,5,main]) started.
[        ] > Task :mobile_scanner:mergeReleaseJniLibFolders UP-TO-DATE
[        ] Caching disabled for task ':mobile_scanner:mergeReleaseJniLibFolders' because:
[        ]   Build cache is disabled
[        ]   Simple merging task
[        ] Skipping task ':mobile_scanner:mergeReleaseJniLibFolders' as it is up-to-date.
[        ] Resolve mutations for :mobile_scanner:mergeReleaseNativeLibs (Thread[#889,included builds,5,main]) started.
[        ] :mobile_scanner:mergeReleaseNativeLibs (Thread[#889,included builds,5,main]) started.
[        ] > Task :mobile_scanner:mergeReleaseNativeLibs NO-SOURCE
[        ] Skipping task ':mobile_scanner:mergeReleaseNativeLibs' as it has no source files and no previous output files.
[        ] Resolve mutations for :mobile_scanner:copyReleaseJniLibsProjectOnly (Thread[#889,included builds,5,main]) started.
[        ] :mobile_scanner:copyReleaseJniLibsProjectOnly (Thread[#889,included builds,5,main]) started.
[        ] > Task :mobile_scanner:copyReleaseJniLibsProjectOnly UP-TO-DATE
[        ] Caching disabled for task ':mobile_scanner:copyReleaseJniLibsProjectOnly' because:
[        ]   Build cache is disabled
[        ]   Caching has been disabled for the task
[        ] Skipping task ':mobile_scanner:copyReleaseJniLibsProjectOnly' as it is up-to-date.
[        ] work action resolve jni (project :mobile_scanner) (Thread[#889,included builds,5,main]) started.
[        ] Resolve mutations for :package_info_plus:mergeReleaseJniLibFolders (Thread[#894,Execution worker Thread 5,5,main]) started.
[        ] :package_info_plus:mergeReleaseJniLibFolders (Thread[#894,Execution worker Thread 5,5,main]) started.
[        ] > Task :package_info_plus:mergeReleaseJniLibFolders UP-TO-DATE
[        ] Caching disabled for task ':package_info_plus:mergeReleaseJniLibFolders' because:
[        ]   Build cache is disabled
[        ]   Simple merging task
[        ] Skipping task ':package_info_plus:mergeReleaseJniLibFolders' as it is up-to-date.
[        ] Resolve mutations for :package_info_plus:mergeReleaseNativeLibs (Thread[#894,Execution worker Thread 5,5,main]) started.
[        ] :package_info_plus:mergeReleaseNativeLibs (Thread[#892,Execution worker Thread 3,5,main]) started.
[        ] > Task :package_info_plus:mergeReleaseNativeLibs NO-SOURCE
[        ] Skipping task ':package_info_plus:mergeReleaseNativeLibs' as it has no source files and no previous output files.
[        ] Resolve mutations for :package_info_plus:copyReleaseJniLibsProjectOnly (Thread[#892,Execution worker Thread 3,5,main]) started.
[        ] :package_info_plus:copyReleaseJniLibsProjectOnly (Thread[#892,Execution worker Thread 3,5,main]) started.
[        ] > Task :package_info_plus:copyReleaseJniLibsProjectOnly UP-TO-DATE
[        ] Caching disabled for task ':package_info_plus:copyReleaseJniLibsProjectOnly' because:
[        ]   Build cache is disabled
[        ]   Caching has been disabled for the task
[        ] Skipping task ':package_info_plus:copyReleaseJniLibsProjectOnly' as it is up-to-date.
[        ] work action resolve jni (project :package_info_plus) (Thread[#892,Execution worker Thread 3,5,main]) started.
[        ] Resolve mutations for :path_provider_android:mergeReleaseJniLibFolders (Thread[#892,Execution worker Thread 3,5,main]) started.
[        ] :path_provider_android:mergeReleaseJniLibFolders (Thread[#892,Execution worker Thread 3,5,main]) started.
[        ] > Task :path_provider_android:mergeReleaseJniLibFolders UP-TO-DATE
[        ] Caching disabled for task ':path_provider_android:mergeReleaseJniLibFolders' because:
[        ]   Build cache is disabled
[        ]   Simple merging task
[        ] Skipping task ':path_provider_android:mergeReleaseJniLibFolders' as it is up-to-date.
[        ] Resolve mutations for :path_provider_android:mergeReleaseNativeLibs (Thread[#894,Execution worker Thread 5,5,main]) started.
[        ] :path_provider_android:mergeReleaseNativeLibs (Thread[#894,Execution worker Thread 5,5,main]) started.
[        ] > Task :path_provider_android:mergeReleaseNativeLibs NO-SOURCE
[        ] Skipping task ':path_provider_android:mergeReleaseNativeLibs' as it has no source files and no previous output files.
[        ] Resolve mutations for :path_provider_android:copyReleaseJniLibsProjectOnly (Thread[#894,Execution worker Thread 5,5,main]) started.
[        ] :path_provider_android:copyReleaseJniLibsProjectOnly (Thread[#894,Execution worker Thread 5,5,main]) started.
[        ] > Task :path_provider_android:copyReleaseJniLibsProjectOnly UP-TO-DATE
[        ] Caching disabled for task ':path_provider_android:copyReleaseJniLibsProjectOnly' because:
[        ]   Build cache is disabled
[        ]   Caching has been disabled for the task
[        ] Skipping task ':path_provider_android:copyReleaseJniLibsProjectOnly' as it is up-to-date.
[        ] work action resolve jni (project :path_provider_android) (Thread[#894,Execution worker Thread 5,5,main]) started.
[        ] Resolve mutations for :printing:mergeReleaseJniLibFolders (Thread[#894,Execution worker Thread 5,5,main]) started.
[        ] :printing:mergeReleaseJniLibFolders (Thread[#894,Execution worker Thread 5,5,main]) started.
[        ] > Task :printing:mergeReleaseJniLibFolders UP-TO-DATE
[        ] Caching disabled for task ':printing:mergeReleaseJniLibFolders' because:
[        ]   Build cache is disabled
[        ]   Simple merging task
[        ] Skipping task ':printing:mergeReleaseJniLibFolders' as it is up-to-date.
[        ] Resolve mutations for :printing:mergeReleaseNativeLibs (Thread[#894,Execution worker Thread 5,5,main]) started.
[        ] :printing:mergeReleaseNativeLibs (Thread[#894,Execution worker Thread 5,5,main]) started.
[        ] > Task :printing:mergeReleaseNativeLibs NO-SOURCE
[        ] Skipping task ':printing:mergeReleaseNativeLibs' as it has no source files and no previous output files.
[        ] Resolve mutations for :printing:copyReleaseJniLibsProjectOnly (Thread[#894,Execution worker Thread 5,5,main]) started.
[        ] :printing:copyReleaseJniLibsProjectOnly (Thread[#894,Execution worker Thread 5,5,main]) started.
[        ] > Task :printing:copyReleaseJniLibsProjectOnly UP-TO-DATE
[        ] Caching disabled for task ':printing:copyReleaseJniLibsProjectOnly' because:
[        ]   Build cache is disabled
[        ]   Caching has been disabled for the task
[        ] Skipping task ':printing:copyReleaseJniLibsProjectOnly' as it is up-to-date.
[        ] work action resolve jni (project :printing) (Thread[#894,Execution worker Thread 5,5,main]) started.
[        ] Resolve mutations for :share_plus:mergeReleaseJniLibFolders (Thread[#894,Execution worker Thread 5,5,main]) started.
[        ] :share_plus:mergeReleaseJniLibFolders (Thread[#894,Execution worker Thread 5,5,main]) started.
[        ] > Task :share_plus:mergeReleaseJniLibFolders UP-TO-DATE
[        ] Caching disabled for task ':share_plus:mergeReleaseJniLibFolders' because:
[        ]   Build cache is disabled
[        ]   Simple merging task
[        ] Skipping task ':share_plus:mergeReleaseJniLibFolders' as it is up-to-date.
[        ] Resolve mutations for :share_plus:mergeReleaseNativeLibs (Thread[#894,Execution worker Thread 5,5,main]) started.
[        ] :share_plus:mergeReleaseNativeLibs (Thread[#894,Execution worker Thread 5,5,main]) started.
[        ] > Task :share_plus:mergeReleaseNativeLibs NO-SOURCE
[        ] Skipping task ':share_plus:mergeReleaseNativeLibs' as it has no source files and no previous output files.
[        ] Resolve mutations for :share_plus:copyReleaseJniLibsProjectOnly (Thread[#894,Execution worker Thread 5,5,main]) started.
[        ] :share_plus:copyReleaseJniLibsProjectOnly (Thread[#894,Execution worker Thread 5,5,main]) started.
[        ] > Task :share_plus:copyReleaseJniLibsProjectOnly UP-TO-DATE
[        ] Caching disabled for task ':share_plus:copyReleaseJniLibsProjectOnly' because:
[        ]   Build cache is disabled
[        ]   Caching has been disabled for the task
[        ] Skipping task ':share_plus:copyReleaseJniLibsProjectOnly' as it is up-to-date.
[        ] work action resolve jni (project :share_plus) (Thread[#894,Execution worker Thread 5,5,main]) started.
[        ] Resolve mutations for :shared_preferences_android:mergeReleaseJniLibFolders (Thread[#894,Execution worker Thread 5,5,main]) started.
[        ] :shared_preferences_android:mergeReleaseJniLibFolders (Thread[#894,Execution worker Thread 5,5,main]) started.
[        ] > Task :shared_preferences_android:mergeReleaseJniLibFolders UP-TO-DATE
[        ] Caching disabled for task ':shared_preferences_android:mergeReleaseJniLibFolders' because:
[        ]   Build cache is disabled
[        ]   Simple merging task
[        ] Skipping task ':shared_preferences_android:mergeReleaseJniLibFolders' as it is up-to-date.
[        ] Resolve mutations for :shared_preferences_android:mergeReleaseNativeLibs (Thread[#894,Execution worker Thread 5,5,main]) started.
[        ] :shared_preferences_android:mergeReleaseNativeLibs (Thread[#894,Execution worker Thread 5,5,main]) started.
[        ] > Task :shared_preferences_android:mergeReleaseNativeLibs NO-SOURCE
[        ] Skipping task ':shared_preferences_android:mergeReleaseNativeLibs' as it has no source files and no previous output files.
[        ] Resolve mutations for :shared_preferences_android:copyReleaseJniLibsProjectOnly (Thread[#894,Execution worker Thread 5,5,main]) started.
[        ] :shared_preferences_android:copyReleaseJniLibsProjectOnly (Thread[#894,Execution worker Thread 5,5,main]) started.
[        ] > Task :shared_preferences_android:copyReleaseJniLibsProjectOnly UP-TO-DATE
[        ] Caching disabled for task ':shared_preferences_android:copyReleaseJniLibsProjectOnly' because:
[        ]   Build cache is disabled
[        ]   Caching has been disabled for the task
[        ] Skipping task ':shared_preferences_android:copyReleaseJniLibsProjectOnly' as it is up-to-date.
[        ] work action resolve jni (project :shared_preferences_android) (Thread[#894,Execution worker Thread 5,5,main]) started.
[        ] Resolve mutations for :sqflite_android:mergeReleaseJniLibFolders (Thread[#894,Execution worker Thread 5,5,main]) started.
[        ] :sqflite_android:mergeReleaseJniLibFolders (Thread[#894,Execution worker Thread 5,5,main]) started.
[        ] > Task :sqflite_android:mergeReleaseJniLibFolders UP-TO-DATE
[        ] Caching disabled for task ':sqflite_android:mergeReleaseJniLibFolders' because:
[        ]   Build cache is disabled
[        ]   Simple merging task
[        ] Skipping task ':sqflite_android:mergeReleaseJniLibFolders' as it is up-to-date.
[        ] Resolve mutations for :sqflite_android:mergeReleaseNativeLibs (Thread[#894,Execution worker Thread 5,5,main]) started.
[        ] :sqflite_android:mergeReleaseNativeLibs (Thread[#894,Execution worker Thread 5,5,main]) started.
[        ] > Task :sqflite_android:mergeReleaseNativeLibs NO-SOURCE
[        ] Skipping task ':sqflite_android:mergeReleaseNativeLibs' as it has no source files and no previous output files.
[        ] Resolve mutations for :sqflite_android:copyReleaseJniLibsProjectOnly (Thread[#894,Execution worker Thread 5,5,main]) started.
[        ] :sqflite_android:copyReleaseJniLibsProjectOnly (Thread[#899,Execution worker Thread 10,5,main]) started.
[        ] > Task :sqflite_android:copyReleaseJniLibsProjectOnly UP-TO-DATE
[        ] Caching disabled for task ':sqflite_android:copyReleaseJniLibsProjectOnly' because:
[        ]   Build cache is disabled
[        ]   Caching has been disabled for the task
[        ] Skipping task ':sqflite_android:copyReleaseJniLibsProjectOnly' as it is up-to-date.
[        ] work action resolve jni (project :sqflite_android) (Thread[#899,Execution worker Thread 10,5,main]) started.
[        ] Resolve mutations for :url_launcher_android:mergeReleaseJniLibFolders (Thread[#899,Execution worker Thread 10,5,main]) started.
[        ] :url_launcher_android:mergeReleaseJniLibFolders (Thread[#899,Execution worker Thread 10,5,main]) started.
[        ] > Task :url_launcher_android:mergeReleaseJniLibFolders UP-TO-DATE
[        ] Caching disabled for task ':url_launcher_android:mergeReleaseJniLibFolders' because:
[        ]   Build cache is disabled
[        ]   Simple merging task
[        ] Skipping task ':url_launcher_android:mergeReleaseJniLibFolders' as it is up-to-date.
[        ] Resolve mutations for :url_launcher_android:mergeReleaseNativeLibs (Thread[#899,Execution worker Thread 10,5,main]) started.
[        ] :url_launcher_android:mergeReleaseNativeLibs (Thread[#899,Execution worker Thread 10,5,main]) started.
[        ] > Task :url_launcher_android:mergeReleaseNativeLibs NO-SOURCE
[        ] Skipping task ':url_launcher_android:mergeReleaseNativeLibs' as it has no source files and no previous output files.
[  +80 ms] Resolve mutations for :url_launcher_android:copyReleaseJniLibsProjectOnly (Thread[#899,Execution worker Thread 10,5,main]) started.
[        ] :url_launcher_android:copyReleaseJniLibsProjectOnly (Thread[#899,Execution worker Thread 10,5,main]) started.
[        ] > Task :url_launcher_android:copyReleaseJniLibsProjectOnly UP-TO-DATE
[        ] Caching disabled for task ':url_launcher_android:copyReleaseJniLibsProjectOnly' because:
[        ]   Build cache is disabled
[        ]   Caching has been disabled for the task
[        ] Skipping task ':url_launcher_android:copyReleaseJniLibsProjectOnly' as it is up-to-date.
[        ] work action resolve jni (project :url_launcher_android) (Thread[#899,Execution worker Thread 10,5,main]) started.
[        ] Resolve mutations for :vibration:mergeReleaseJniLibFolders (Thread[#899,Execution worker Thread 10,5,main]) started.
[        ] :vibration:mergeReleaseJniLibFolders (Thread[#899,Execution worker Thread 10,5,main]) started.
[        ] > Task :vibration:mergeReleaseJniLibFolders UP-TO-DATE
[        ] Caching disabled for task ':vibration:mergeReleaseJniLibFolders' because:
[        ]   Build cache is disabled
[        ]   Simple merging task
[        ] Skipping task ':vibration:mergeReleaseJniLibFolders' as it is up-to-date.
[        ] Resolve mutations for :vibration:mergeReleaseNativeLibs (Thread[#899,Execution worker Thread 10,5,main]) started.
[        ] :vibration:mergeReleaseNativeLibs (Thread[#892,Execution worker Thread 3,5,main]) started.
[        ] > Task :vibration:mergeReleaseNativeLibs NO-SOURCE
[        ] Skipping task ':vibration:mergeReleaseNativeLibs' as it has no source files and no previous output files.
[        ] Resolve mutations for :vibration:copyReleaseJniLibsProjectOnly (Thread[#892,Execution worker Thread 3,5,main]) started.
[        ] :vibration:copyReleaseJniLibsProjectOnly (Thread[#892,Execution worker Thread 3,5,main]) started.
[        ] > Task :vibration:copyReleaseJniLibsProjectOnly UP-TO-DATE
[        ] Caching disabled for task ':vibration:copyReleaseJniLibsProjectOnly' because:
[        ]   Build cache is disabled
[        ]   Caching has been disabled for the task
[        ] Skipping task ':vibration:copyReleaseJniLibsProjectOnly' as it is up-to-date.
[        ] work action resolve jni (project :vibration) (Thread[#892,Execution worker Thread 3,5,main]) started.
[        ] Resolve mutations for :app:mergeReleaseNativeLibs (Thread[#892,Execution worker Thread 3,5,main]) started.
[        ] :app:mergeReleaseNativeLibs (Thread[#895,Execution worker Thread 6,5,main]) started.
[        ] > Task :app:mergeReleaseNativeLibs UP-TO-DATE
[        ] Transforming libs.jar with JetifyTransform
[        ] Transforming libs.jar with ExtractJniTransform
[        ] Transforming flutter_embedding_release-1.0.0-a8bfdfc394deaed5c57bd45a64ac4294dc976a72.jar (io.flutter:flutter_embedding_release:1.0.0-a8bfdfc394deaed5c57bd45a64ac4294dc976a72) with JetifyTransform
[        ] Transforming flutter_embedding_release-1.0.0-a8bfdfc394deaed5c57bd45a64ac4294dc976a72.jar (io.flutter:flutter_embedding_release:1.0.0-a8bfdfc394deaed5c57bd45a64ac4294dc976a72) with ExtractJniTransform
[        ] Transforming barcode-scanning-17.3.0.aar (com.google.mlkit:barcode-scanning:17.3.0) with JetifyTransform
[        ] Transforming barcode-scanning-17.3.0.aar (com.google.mlkit:barcode-scanning:17.3.0) with ExtractAarTransform
[        ] Transforming barcode-scanning-17.3.0.aar (com.google.mlkit:barcode-scanning:17.3.0) with AarTransform
[        ] Transforming play-services-mlkit-barcode-scanning-18.3.1.aar (com.google.android.gms:play-services-mlkit-barcode-scanning:18.3.1) with JetifyTransform
[        ] Transforming play-services-mlkit-barcode-scanning-18.3.1.aar (com.google.android.gms:play-services-mlkit-barcode-scanning:18.3.1) with ExtractAarTransform
[        ] Transforming play-services-mlkit-barcode-scanning-18.3.1.aar (com.google.android.gms:play-services-mlkit-barcode-scanning:18.3.1) with AarTransform
[        ] Transforming barcode-scanning-common-17.0.0.aar (com.google.mlkit:barcode-scanning-common:17.0.0) with JetifyTransform
[        ] Transforming barcode-scanning-common-17.0.0.aar (com.google.mlkit:barcode-scanning-common:17.0.0) with ExtractAarTransform
[   +1 ms] Transforming barcode-scanning-common-17.0.0.aar (com.google.mlkit:barcode-scanning-common:17.0.0) with AarTransform
[        ] Transforming vision-common-17.3.0.aar (com.google.mlkit:vision-common:17.3.0) with JetifyTransform
[        ] Transforming vision-common-17.3.0.aar (com.google.mlkit:vision-common:17.3.0) with ExtractAarTransform
[        ] Transforming vision-common-17.3.0.aar (com.google.mlkit:vision-common:17.3.0) with AarTransform
[        ] Transforming common-18.11.0.aar (com.google.mlkit:common:18.11.0) with JetifyTransform
[        ] Transforming common-18.11.0.aar (com.google.mlkit:common:18.11.0) with ExtractAarTransform
[        ] Transforming common-18.11.0.aar (com.google.mlkit:common:18.11.0) with AarTransform
[        ] Transforming play-services-base-18.5.0.aar (com.google.android.gms:play-services-base:18.5.0) with JetifyTransform
[        ] Transforming play-services-base-18.5.0.aar (com.google.android.gms:play-services-base:18.5.0) with ExtractAarTransform
[        ] Transforming play-services-base-18.5.0.aar (com.google.android.gms:play-services-base:18.5.0) with AarTransform
[        ] Transforming vision-interfaces-16.3.0.aar (com.google.mlkit:vision-interfaces:16.3.0) with JetifyTransform
[        ] Transforming vision-interfaces-16.3.0.aar (com.google.mlkit:vision-interfaces:16.3.0) with ExtractAarTransform
[        ] Transforming vision-interfaces-16.3.0.aar (com.google.mlkit:vision-interfaces:16.3.0) with AarTransform
[        ] Transforming play-services-tasks-18.2.0.aar (com.google.android.gms:play-services-tasks:18.2.0) with JetifyTransform
[        ] Transforming play-services-tasks-18.2.0.aar (com.google.android.gms:play-services-tasks:18.2.0) with ExtractAarTransform
[        ] Transforming play-services-tasks-18.2.0.aar (com.google.android.gms:play-services-tasks:18.2.0) with AarTransform
[        ] Transforming play-services-basement-18.4.0.aar (com.google.android.gms:play-services-basement:18.4.0) with JetifyTransform
[        ] Transforming play-services-basement-18.4.0.aar (com.google.android.gms:play-services-basement:18.4.0) with ExtractAarTransform
[        ] Transforming play-services-basement-18.4.0.aar (com.google.android.gms:play-services-basement:18.4.0) with AarTransform
[        ] Transforming preference-1.2.1.aar (androidx.preference:preference:1.2.1) with JetifyTransform
[        ] Transforming preference-1.2.1.aar (androidx.preference:preference:1.2.1) with ExtractAarTransform
[   +1 ms] Transforming preference-1.2.1.aar (androidx.preference:preference:1.2.1) with AarTransform
[        ] Transforming fragment-ktx-1.7.1.aar (androidx.fragment:fragment-ktx:1.7.1) with JetifyTransform
[        ] Transforming fragment-ktx-1.7.1.aar (androidx.fragment:fragment-ktx:1.7.1) with ExtractAarTransform
[        ] Transforming fragment-ktx-1.7.1.aar (androidx.fragment:fragment-ktx:1.7.1) with AarTransform
[        ] Transforming appcompat-resources-1.6.1.aar (androidx.appcompat:appcompat-resources:1.6.1) with JetifyTransform
[        ] Transforming appcompat-resources-1.6.1.aar (androidx.appcompat:appcompat-resources:1.6.1) with ExtractAarTransform
[        ] Transforming appcompat-resources-1.6.1.aar (androidx.appcompat:appcompat-resources:1.6.1) with AarTransform
[        ] Transforming appcompat-1.6.1.aar (androidx.appcompat:appcompat:1.6.1) with JetifyTransform
[        ] Transforming appcompat-1.6.1.aar (androidx.appcompat:appcompat:1.6.1) with ExtractAarTransform
[        ] Transforming appcompat-1.6.1.aar (androidx.appcompat:appcompat:1.6.1) with AarTransform
[        ] Transforming appcompat-1.6.1.aar (androidx.appcompat:appcompat:1.6.1) with JetifyTransform
[        ] Transforming appcompat-1.6.1.aar (androidx.appcompat:appcompat:1.6.1) with ExtractAarTransform
[        ] Transforming appcompat-1.6.1.aar (androidx.appcompat:appcompat:1.6.1) with AarTransform
[        ] Transforming fragment-1.7.1.aar (androidx.fragment:fragment:1.7.1) with JetifyTransform
[        ] Transforming fragment-1.7.1.aar (androidx.fragment:fragment:1.7.1) with ExtractAarTransform
[        ] Transforming fragment-1.7.1.aar (androidx.fragment:fragment:1.7.1) with AarTransform
[        ] Transforming fragment-1.7.1.aar (androidx.fragment:fragment:1.7.1) with JetifyTransform
[        ] Transforming fragment-1.7.1.aar (androidx.fragment:fragment:1.7.1) with ExtractAarTransform
[        ] Transforming fragment-1.7.1.aar (androidx.fragment:fragment:1.7.1) with AarTransform
[        ] Transforming activity-ktx-1.9.3.aar (androidx.activity:activity-ktx:1.9.3) with JetifyTransform
[        ] Transforming activity-ktx-1.9.3.aar (androidx.activity:activity-ktx:1.9.3) with ExtractAarTransform
[        ] Transforming activity-ktx-1.9.3.aar (androidx.activity:activity-ktx:1.9.3) with AarTransform
[        ] Transforming activity-1.9.3.aar (androidx.activity:activity:1.9.3) with JetifyTransform
[        ] Transforming activity-1.9.3.aar (androidx.activity:activity:1.9.3) with ExtractAarTransform
[        ] Transforming activity-1.9.3.aar (androidx.activity:activity:1.9.3) with AarTransform
[        ] Transforming camera-core-1.4.2.aar (androidx.camera:camera-core:1.4.2) with JetifyTransform
[        ] Transforming camera-core-1.4.2.aar (androidx.camera:camera-core:1.4.2) with ExtractAarTransform
[        ] Transforming camera-core-1.4.2.aar (androidx.camera:camera-core:1.4.2) with AarTransform
[  +14 ms] Transforming camera-camera2-1.4.2.aar (androidx.camera:camera-camera2:1.4.2) with JetifyTransform
[        ] Transforming camera-camera2-1.4.2.aar (androidx.camera:camera-camera2:1.4.2) with ExtractAarTransform
[        ] Transforming camera-camera2-1.4.2.aar (androidx.camera:camera-camera2:1.4.2) with AarTransform
[        ] Transforming camera-lifecycle-1.4.2.aar (androidx.camera:camera-lifecycle:1.4.2) with JetifyTransform
[        ] Transforming camera-lifecycle-1.4.2.aar (androidx.camera:camera-lifecycle:1.4.2) with ExtractAarTransform
[   +1 ms] Transforming camera-lifecycle-1.4.2.aar (androidx.camera:camera-lifecycle:1.4.2) with AarTransform
[        ] Transforming browser-1.8.0.aar (androidx.browser:browser:1.8.0) with JetifyTransform
[        ] Transforming browser-1.8.0.aar (androidx.browser:browser:1.8.0) with ExtractAarTransform
[        ] Transforming browser-1.8.0.aar (androidx.browser:browser:1.8.0) with AarTransform
[        ] Transforming recyclerview-1.0.0.aar (androidx.recyclerview:recyclerview:1.0.0) with JetifyTransform
[        ] Transforming recyclerview-1.0.0.aar (androidx.recyclerview:recyclerview:1.0.0) with ExtractAarTransform
[        ] Transforming recyclerview-1.0.0.aar (androidx.recyclerview:recyclerview:1.0.0) with AarTransform
[        ] Transforming legacy-support-core-ui-1.0.0.aar (androidx.legacy:legacy-support-core-ui:1.0.0) with JetifyTransform
[        ] Transforming legacy-support-core-ui-1.0.0.aar (androidx.legacy:legacy-support-core-ui:1.0.0) with ExtractAarTransform
[        ] Transforming legacy-support-core-ui-1.0.0.aar (androidx.legacy:legacy-support-core-ui:1.0.0) with AarTransform
[        ] Transforming slidingpanelayout-1.2.0.aar (androidx.slidingpanelayout:slidingpanelayout:1.2.0) with JetifyTransform
[        ] Transforming slidingpanelayout-1.2.0.aar (androidx.slidingpanelayout:slidingpanelayout:1.2.0) with ExtractAarTransform
[        ] Transforming slidingpanelayout-1.2.0.aar (androidx.slidingpanelayout:slidingpanelayout:1.2.0) with AarTransform
[        ] Transforming slidingpanelayout-1.2.0.aar (androidx.slidingpanelayout:slidingpanelayout:1.2.0) with JetifyTransform
[        ] Transforming slidingpanelayout-1.2.0.aar (androidx.slidingpanelayout:slidingpanelayout:1.2.0) with ExtractAarTransform
[   +2 ms] Transforming slidingpanelayout-1.2.0.aar (androidx.slidingpanelayout:slidingpanelayout:1.2.0) with AarTransform
[        ] Transforming window-1.2.0.aar (androidx.window:window:1.2.0) with JetifyTransform
[        ] Transforming window-1.2.0.aar (androidx.window:window:1.2.0) with ExtractAarTransform
[        ] Transforming window-1.2.0.aar (androidx.window:window:1.2.0) with AarTransform
[        ] Transforming window-java-1.2.0.aar (androidx.window:window-java:1.2.0) with JetifyTransform
[        ] Transforming window-java-1.2.0.aar (androidx.window:window-java:1.2.0) with ExtractAarTransform
[        ] Transforming window-java-1.2.0.aar (androidx.window:window-java:1.2.0) with AarTransform
[        ] Transforming legacy-support-core-utils-1.0.0.aar (androidx.legacy:legacy-support-core-utils:1.0.0) with JetifyTransform
[        ] Transforming legacy-support-core-utils-1.0.0.aar (androidx.legacy:legacy-support-core-utils:1.0.0) with ExtractAarTransform
[        ] Transforming legacy-support-core-utils-1.0.0.aar (androidx.legacy:legacy-support-core-utils:1.0.0) with AarTransform
[        ] Transforming loader-1.0.0.aar (androidx.loader:loader:1.0.0) with JetifyTransform
[        ] Transforming loader-1.0.0.aar (androidx.loader:loader:1.0.0) with ExtractAarTransform
[        ] Transforming loader-1.0.0.aar (androidx.loader:loader:1.0.0) with AarTransform
[        ] Transforming loader-1.0.0.aar (androidx.loader:loader:1.0.0) with JetifyTransform
[        ] Transforming loader-1.0.0.aar (androidx.loader:loader:1.0.0) with ExtractAarTransform
[        ] Transforming loader-1.0.0.aar (androidx.loader:loader:1.0.0) with AarTransform
[        ] Transforming lifecycle-livedata-core-ktx-2.7.0.aar (androidx.lifecycle:lifecycle-livedata-core-ktx:2.7.0) with JetifyTransform
[        ] Transforming lifecycle-livedata-core-ktx-2.7.0.aar (androidx.lifecycle:lifecycle-livedata-core-ktx:2.7.0) with ExtractAarTransform
[        ] Transforming lifecycle-livedata-core-ktx-2.7.0.aar (androidx.lifecycle:lifecycle-livedata-core-ktx:2.7.0) with AarTransform
[        ] Transforming lifecycle-viewmodel-ktx-2.7.0.aar (androidx.lifecycle:lifecycle-viewmodel-ktx:2.7.0) with JetifyTransform
[        ] Transforming lifecycle-viewmodel-ktx-2.7.0.aar (androidx.lifecycle:lifecycle-viewmodel-ktx:2.7.0) with ExtractAarTransform
[   +1 ms] Transforming lifecycle-viewmodel-ktx-2.7.0.aar (androidx.lifecycle:lifecycle-viewmodel-ktx:2.7.0) with AarTransform
[        ] Transforming lifecycle-runtime-ktx-2.7.0.aar (androidx.lifecycle:lifecycle-runtime-ktx:2.7.0) with JetifyTransform
[        ] Transforming lifecycle-runtime-ktx-2.7.0.aar (androidx.lifecycle:lifecycle-runtime-ktx:2.7.0) with ExtractAarTransform
[        ] Transforming lifecycle-runtime-ktx-2.7.0.aar (androidx.lifecycle:lifecycle-runtime-ktx:2.7.0) with AarTransform
[        ] Transforming lifecycle-livedata-2.7.0.aar (androidx.lifecycle:lifecycle-livedata:2.7.0) with JetifyTransform
[        ] Transforming lifecycle-livedata-2.7.0.aar (androidx.lifecycle:lifecycle-livedata:2.7.0) with ExtractAarTransform
[   +5 ms] Transforming lifecycle-livedata-2.7.0.aar (androidx.lifecycle:lifecycle-livedata:2.7.0) with AarTransform
[        ] Transforming lifecycle-livedata-2.7.0.aar (androidx.lifecycle:lifecycle-livedata:2.7.0) with JetifyTransform
[        ] Transforming lifecycle-livedata-2.7.0.aar (androidx.lifecycle:lifecycle-livedata:2.7.0) with ExtractAarTransform
[        ] Transforming lifecycle-livedata-2.7.0.aar (androidx.lifecycle:lifecycle-livedata:2.7.0) with AarTransform
[        ] Transforming lifecycle-livedata-core-2.7.0.aar (androidx.lifecycle:lifecycle-livedata-core:2.7.0) with JetifyTransform
[   +1 ms] Transforming lifecycle-livedata-core-2.7.0.aar (androidx.lifecycle:lifecycle-livedata-core:2.7.0) with ExtractAarTransform
[        ] Transforming lifecycle-livedata-core-2.7.0.aar (androidx.lifecycle:lifecycle-livedata-core:2.7.0) with AarTransform
[        ] Transforming lifecycle-viewmodel-2.7.0.aar (androidx.lifecycle:lifecycle-viewmodel:2.7.0) with JetifyTransform
[        ] Transforming lifecycle-viewmodel-2.7.0.aar (androidx.lifecycle:lifecycle-viewmodel:2.7.0) with ExtractAarTransform
[        ] Transforming lifecycle-viewmodel-2.7.0.aar (androidx.lifecycle:lifecycle-viewmodel:2.7.0) with AarTransform
[        ] Transforming lifecycle-viewmodel-2.7.0.aar (androidx.lifecycle:lifecycle-viewmodel:2.7.0) with JetifyTransform
[        ] Transforming lifecycle-viewmodel-2.7.0.aar (androidx.lifecycle:lifecycle-viewmodel:2.7.0) with ExtractAarTransform
[        ] Transforming lifecycle-viewmodel-2.7.0.aar (androidx.lifecycle:lifecycle-viewmodel:2.7.0) with AarTransform
[        ] Transforming emoji2-views-helper-1.2.0.aar (androidx.emoji2:emoji2-views-helper:1.2.0) with JetifyTransform
[  +13 ms] Transforming emoji2-views-helper-1.2.0.aar (androidx.emoji2:emoji2-views-helper:1.2.0) with ExtractAarTransform
[   +7 ms] Transforming emoji2-views-helper-1.2.0.aar (androidx.emoji2:emoji2-views-helper:1.2.0) with AarTransform
[        ] Transforming emoji2-1.2.0.aar (androidx.emoji2:emoji2:1.2.0) with JetifyTransform
[        ] Transforming emoji2-1.2.0.aar (androidx.emoji2:emoji2:1.2.0) with ExtractAarTransform
[        ] Transforming emoji2-1.2.0.aar (androidx.emoji2:emoji2:1.2.0) with AarTransform
[        ] Transforming lifecycle-process-2.7.0.aar (androidx.lifecycle:lifecycle-process:2.7.0) with JetifyTransform
[        ] Transforming lifecycle-process-2.7.0.aar (androidx.lifecycle:lifecycle-process:2.7.0) with ExtractAarTransform
[        ] Transforming lifecycle-process-2.7.0.aar (androidx.lifecycle:lifecycle-process:2.7.0) with AarTransform
[        ] Transforming lifecycle-common-java8-2.7.0.jar (androidx.lifecycle:lifecycle-common-java8:2.7.0) with JetifyTransform
[        ] Transforming lifecycle-common-java8-2.7.0.jar (androidx.lifecycle:lifecycle-common-java8:2.7.0) with ExtractJniTransform
[        ] Transforming savedstate-ktx-1.2.1.aar (androidx.savedstate:savedstate-ktx:1.2.1) with JetifyTransform
[   +2 ms] Transforming savedstate-ktx-1.2.1.aar (androidx.savedstate:savedstate-ktx:1.2.1) with ExtractAarTransform
[        ] Transforming savedstate-ktx-1.2.1.aar (androidx.savedstate:savedstate-ktx:1.2.1) with AarTransform
[        ] Transforming savedstate-1.2.1.aar (androidx.savedstate:savedstate:1.2.1) with JetifyTransform
[        ] Transforming savedstate-1.2.1.aar (androidx.savedstate:savedstate:1.2.1) with ExtractAarTransform
[        ] Transforming savedstate-1.2.1.aar (androidx.savedstate:savedstate:1.2.1) with AarTransform
[        ] Transforming lifecycle-common-2.7.0.jar (androidx.lifecycle:lifecycle-common:2.7.0) with JetifyTransform
[        ] Transforming lifecycle-common-2.7.0.jar (androidx.lifecycle:lifecycle-common:2.7.0) with ExtractJniTransform
[        ] Transforming lifecycle-runtime-2.7.0.aar (androidx.lifecycle:lifecycle-runtime:2.7.0) with JetifyTransform
[        ] Transforming lifecycle-runtime-2.7.0.aar (androidx.lifecycle:lifecycle-runtime:2.7.0) with ExtractAarTransform
[        ] Transforming lifecycle-runtime-2.7.0.aar (androidx.lifecycle:lifecycle-runtime:2.7.0) with AarTransform
[   +3 ms] Transforming lifecycle-viewmodel-savedstate-2.7.0.aar (androidx.lifecycle:lifecycle-viewmodel-savedstate:2.7.0) with JetifyTransform
[        ] Transforming lifecycle-viewmodel-savedstate-2.7.0.aar (androidx.lifecycle:lifecycle-viewmodel-savedstate:2.7.0) with ExtractAarTransform
[        ] Transforming lifecycle-viewmodel-savedstate-2.7.0.aar (androidx.lifecycle:lifecycle-viewmodel-savedstate:2.7.0) with AarTransform
[        ] Transforming core-ktx-1.13.1.aar (androidx.core:core-ktx:1.13.1) with JetifyTransform
[        ] Transforming core-ktx-1.13.1.aar (androidx.core:core-ktx:1.13.1) with ExtractAarTransform
[        ] Transforming core-ktx-1.13.1.aar (androidx.core:core-ktx:1.13.1) with AarTransform
[        ] Transforming viewpager-1.0.0.aar (androidx.viewpager:viewpager:1.0.0) with JetifyTransform
[        ] Transforming viewpager-1.0.0.aar (androidx.viewpager:viewpager:1.0.0) with ExtractAarTransform
[        ] Transforming viewpager-1.0.0.aar (androidx.viewpager:viewpager:1.0.0) with AarTransform
[        ] Transforming viewpager-1.0.0.aar (androidx.viewpager:viewpager:1.0.0) with JetifyTransform
[        ] Transforming viewpager-1.0.0.aar (androidx.viewpager:viewpager:1.0.0) with ExtractAarTransform
[        ] Transforming viewpager-1.0.0.aar (androidx.viewpager:viewpager:1.0.0) with AarTransform
[        ] Transforming drawerlayout-1.0.0.aar (androidx.drawerlayout:drawerlayout:1.0.0) with JetifyTransform
[        ] Transforming drawerlayout-1.0.0.aar (androidx.drawerlayout:drawerlayout:1.0.0) with ExtractAarTransform
[        ] Transforming drawerlayout-1.0.0.aar (androidx.drawerlayout:drawerlayout:1.0.0) with AarTransform
[        ] Transforming drawerlayout-1.0.0.aar (androidx.drawerlayout:drawerlayout:1.0.0) with JetifyTransform
[        ] Transforming drawerlayout-1.0.0.aar (androidx.drawerlayout:drawerlayout:1.0.0) with ExtractAarTransform
[        ] Transforming drawerlayout-1.0.0.aar (androidx.drawerlayout:drawerlayout:1.0.0) with AarTransform
[        ] Transforming coordinatorlayout-1.0.0.aar (androidx.coordinatorlayout:coordinatorlayout:1.0.0) with JetifyTransform
[        ] Transforming coordinatorlayout-1.0.0.aar (androidx.coordinatorlayout:coordinatorlayout:1.0.0) with ExtractAarTransform
[        ] Transforming coordinatorlayout-1.0.0.aar (androidx.coordinatorlayout:coordinatorlayout:1.0.0) with AarTransform
[        ] Transforming customview-1.1.0.aar (androidx.customview:customview:1.1.0) with JetifyTransform
[        ] Transforming customview-1.1.0.aar (androidx.customview:customview:1.1.0) with ExtractAarTransform
[        ] Transforming customview-1.1.0.aar (androidx.customview:customview:1.1.0) with AarTransform
[        ] Transforming customview-1.1.0.aar (androidx.customview:customview:1.1.0) with JetifyTransform
[        ] Transforming customview-1.1.0.aar (androidx.customview:customview:1.1.0) with ExtractAarTransform
[        ] Transforming customview-1.1.0.aar (androidx.customview:customview:1.1.0) with AarTransform
[        ] Transforming transition-1.4.1.aar (androidx.transition:transition:1.4.1) with JetifyTransform
[        ] Transforming transition-1.4.1.aar (androidx.transition:transition:1.4.1) with ExtractAarTransform
[        ] Transforming transition-1.4.1.aar (androidx.transition:transition:1.4.1) with AarTransform
[        ] Transforming swiperefreshlayout-1.0.0.aar (androidx.swiperefreshlayout:swiperefreshlayout:1.0.0) with JetifyTransform
[        ] Transforming swiperefreshlayout-1.0.0.aar (androidx.swiperefreshlayout:swiperefreshlayout:1.0.0) with ExtractAarTransform
[        ] Transforming swiperefreshlayout-1.0.0.aar (androidx.swiperefreshlayout:swiperefreshlayout:1.0.0) with AarTransform
[        ] Transforming asynclayoutinflater-1.0.0.aar (androidx.asynclayoutinflater:asynclayoutinflater:1.0.0) with JetifyTransform
[        ] Transforming asynclayoutinflater-1.0.0.aar (androidx.asynclayoutinflater:asynclayoutinflater:1.0.0) with ExtractAarTransform
[        ] Transforming asynclayoutinflater-1.0.0.aar (androidx.asynclayoutinflater:asynclayoutinflater:1.0.0) with AarTransform
[        ] Transforming vectordrawable-animated-1.1.0.aar (androidx.vectordrawable:vectordrawable-animated:1.1.0) with JetifyTransform
[        ] Transforming vectordrawable-animated-1.1.0.aar (androidx.vectordrawable:vectordrawable-animated:1.1.0) with ExtractAarTransform
[        ] Transforming vectordrawable-animated-1.1.0.aar (androidx.vectordrawable:vectordrawable-animated:1.1.0) with AarTransform
[        ] Transforming vectordrawable-1.1.0.aar (androidx.vectordrawable:vectordrawable:1.1.0) with JetifyTransform
[        ] Transforming vectordrawable-1.1.0.aar (androidx.vectordrawable:vectordrawable:1.1.0) with ExtractAarTransform
[        ] Transforming vectordrawable-1.1.0.aar (androidx.vectordrawable:vectordrawable:1.1.0) with AarTransform
[        ] Transforming vectordrawable-1.1.0.aar (androidx.vectordrawable:vectordrawable:1.1.0) with JetifyTransform
[        ] Transforming vectordrawable-1.1.0.aar (androidx.vectordrawable:vectordrawable:1.1.0) with ExtractAarTransform
[        ] Transforming vectordrawable-1.1.0.aar (androidx.vectordrawable:vectordrawable:1.1.0) with AarTransform
[        ] Transforming core-1.13.1.aar (androidx.core:core:1.13.1) with JetifyTransform
[        ] Transforming core-1.13.1.aar (androidx.core:core:1.13.1) with ExtractAarTransform
[        ] Transforming core-1.13.1.aar (androidx.core:core:1.13.1) with AarTransform
[        ] Transforming core-1.13.1.aar (androidx.core:core:1.13.1) with JetifyTransform
[        ] Transforming core-1.13.1.aar (androidx.core:core:1.13.1) with ExtractAarTransform
[        ] Transforming core-1.13.1.aar (androidx.core:core:1.13.1) with AarTransform
[        ] Transforming exifinterface-1.3.7.aar (androidx.exifinterface:exifinterface:1.3.7) with JetifyTransform
[        ] Transforming exifinterface-1.3.7.aar (androidx.exifinterface:exifinterface:1.3.7) with ExtractAarTransform
[        ] Transforming exifinterface-1.3.7.aar (androidx.exifinterface:exifinterface:1.3.7) with AarTransform
[        ] Transforming exifinterface-1.3.7.aar (androidx.exifinterface:exifinterface:1.3.7) with JetifyTransform
[        ] Transforming exifinterface-1.3.7.aar (androidx.exifinterface:exifinterface:1.3.7) with ExtractAarTransform
[        ] Transforming exifinterface-1.3.7.aar (androidx.exifinterface:exifinterface:1.3.7) with AarTransform
[        ] Transforming tracing-ktx-1.2.0.aar (androidx.tracing:tracing-ktx:1.2.0) with JetifyTransform
[        ] Transforming tracing-ktx-1.2.0.aar (androidx.tracing:tracing-ktx:1.2.0) with ExtractAarTransform
[        ] Transforming tracing-ktx-1.2.0.aar (androidx.tracing:tracing-ktx:1.2.0) with AarTransform
[        ] Transforming profileinstaller-1.3.1.aar (androidx.profileinstaller:profileinstaller:1.3.1) with JetifyTransform
[        ] Transforming profileinstaller-1.3.1.aar (androidx.profileinstaller:profileinstaller:1.3.1) with ExtractAarTransform
[        ] Transforming profileinstaller-1.3.1.aar (androidx.profileinstaller:profileinstaller:1.3.1) with AarTransform
[        ] Transforming startup-runtime-1.1.1.aar (androidx.startup:startup-runtime:1.1.1) with JetifyTransform
[        ] Transforming startup-runtime-1.1.1.aar (androidx.startup:startup-runtime:1.1.1) with ExtractAarTransform
[        ] Transforming startup-runtime-1.1.1.aar (androidx.startup:startup-runtime:1.1.1) with AarTransform
[        ] Transforming tracing-1.2.0.aar (androidx.tracing:tracing:1.2.0) with JetifyTransform
[        ] Transforming tracing-1.2.0.aar (androidx.tracing:tracing:1.2.0) with ExtractAarTransform
[        ] Transforming tracing-1.2.0.aar (androidx.tracing:tracing:1.2.0) with AarTransform
[        ] Transforming interpolator-1.0.0.aar (androidx.interpolator:interpolator:1.0.0) with JetifyTransform
[        ] Transforming interpolator-1.0.0.aar (androidx.interpolator:interpolator:1.0.0) with ExtractAarTransform
[        ] Transforming interpolator-1.0.0.aar (androidx.interpolator:interpolator:1.0.0) with AarTransform
[        ] Transforming interpolator-1.0.0.aar (androidx.interpolator:interpolator:1.0.0) with JetifyTransform
[        ] Transforming interpolator-1.0.0.aar (androidx.interpolator:interpolator:1.0.0) with ExtractAarTransform
[        ] Transforming interpolator-1.0.0.aar (androidx.interpolator:interpolator:1.0.0) with AarTransform
[        ] Transforming versionedparcelable-1.1.1.aar (androidx.versionedparcelable:versionedparcelable:1.1.1) with JetifyTransform
[        ] Transforming versionedparcelable-1.1.1.aar (androidx.versionedparcelable:versionedparcelable:1.1.1) with ExtractAarTransform
[        ] Transforming versionedparcelable-1.1.1.aar (androidx.versionedparcelable:versionedparcelable:1.1.1) with AarTransform
[        ] Transforming concurrent-futures-ktx-1.1.0.jar (androidx.concurrent:concurrent-futures-ktx:1.1.0) with JetifyTransform
[        ] Transforming concurrent-futures-ktx-1.1.0.jar (androidx.concurrent:concurrent-futures-ktx:1.1.0) with ExtractJniTransform
[        ] Transforming concurrent-futures-1.1.0.jar (androidx.concurrent:concurrent-futures:1.1.0) with JetifyTransform
[        ] Transforming concurrent-futures-1.1.0.jar (androidx.concurrent:concurrent-futures:1.1.0) with ExtractJniTransform
[        ] Transforming datastore-preferences-external-protobuf-1.1.3.jar (androidx.datastore:datastore-preferences-external-protobuf:1.1.3) with JetifyTransform
[        ] Transforming datastore-preferences-external-protobuf-1.1.3.jar (androidx.datastore:datastore-preferences-external-protobuf:1.1.3) with ExtractJniTransform
[        ] Transforming datastore-preferences-proto-1.1.3.jar (androidx.datastore:datastore-preferences-proto:1.1.3) with JetifyTransform
[        ] Transforming datastore-preferences-proto-1.1.3.jar (androidx.datastore:datastore-preferences-proto:1.1.3) with ExtractJniTransform
[        ] Transforming datastore-preferences-core-jvm-1.1.3.jar (androidx.datastore:datastore-preferences-core-jvm:1.1.3) with JetifyTransform
[        ] Transforming datastore-preferences-core-jvm-1.1.3.jar (androidx.datastore:datastore-preferences-core-jvm:1.1.3) with ExtractJniTransform
[        ] Transforming datastore-core-okio-jvm-1.1.3.jar (androidx.datastore:datastore-core-okio-jvm:1.1.3) with JetifyTransform
[        ] Transforming datastore-core-okio-jvm-1.1.3.jar (androidx.datastore:datastore-core-okio-jvm:1.1.3) with ExtractJniTransform
[        ] Transforming datastore-core-release.aar (androidx.datastore:datastore-core-android:1.1.3) with JetifyTransform
[        ] Transforming datastore-core-release.aar (androidx.datastore:datastore-core-android:1.1.3) with ExtractAarTransform
[        ] Transforming datastore-core-release.aar (androidx.datastore:datastore-core-android:1.1.3) with AarTransform
[        ] Transforming datastore-preferences-release.aar (androidx.datastore:datastore-preferences-android:1.1.3) with JetifyTransform
[        ] Transforming datastore-preferences-release.aar (androidx.datastore:datastore-preferences-android:1.1.3) with ExtractAarTransform
[        ] Transforming datastore-preferences-release.aar (androidx.datastore:datastore-preferences-android:1.1.3) with AarTransform
[        ] Transforming datastore-release.aar (androidx.datastore:datastore-android:1.1.3) with JetifyTransform
[        ] Transforming datastore-release.aar (androidx.datastore:datastore-android:1.1.3) with ExtractAarTransform
[        ] Transforming datastore-release.aar (androidx.datastore:datastore-android:1.1.3) with AarTransform
[        ] Transforming collection-ktx-1.1.0.jar (androidx.collection:collection-ktx:1.1.0) with JetifyTransform
[        ] Transforming collection-ktx-1.1.0.jar (androidx.collection:collection-ktx:1.1.0) with ExtractJniTransform
[        ] Transforming collection-1.1.0.jar (androidx.collection:collection:1.1.0) with JetifyTransform
[        ] Transforming collection-1.1.0.jar (androidx.collection:collection:1.1.0) with ExtractJniTransform
[        ] Transforming core-runtime-2.2.0.aar (androidx.arch.core:core-runtime:2.2.0) with JetifyTransform
[        ] Transforming core-runtime-2.2.0.aar (androidx.arch.core:core-runtime:2.2.0) with ExtractAarTransform
[        ] Transforming core-runtime-2.2.0.aar (androidx.arch.core:core-runtime:2.2.0) with AarTransform
[   +1 ms] Transforming core-common-2.2.0.jar (androidx.arch.core:core-common:2.2.0) with JetifyTransform
[   +1 ms] Transforming core-common-2.2.0.jar (androidx.arch.core:core-common:2.2.0) with ExtractJniTransform
[   +1 ms] Transforming transport-backend-cct-2.3.3.aar (com.google.android.datatransport:transport-backend-cct:2.3.3) with JetifyTransform
[        ] Transforming transport-backend-cct-2.3.3.aar (com.google.android.datatransport:transport-backend-cct:2.3.3) with ExtractAarTransform
[        ] Transforming transport-backend-cct-2.3.3.aar (com.google.android.datatransport:transport-backend-cct:2.3.3) with AarTransform
[        ] Transforming transport-runtime-2.2.6.aar (com.google.android.datatransport:transport-runtime:2.2.6) with JetifyTransform
[        ] Transforming transport-runtime-2.2.6.aar (com.google.android.datatransport:transport-runtime:2.2.6) with ExtractAarTransform
[        ] Transforming transport-runtime-2.2.6.aar (com.google.android.datatransport:transport-runtime:2.2.6) with AarTransform
[        ] Transforming transport-api-2.2.1.aar (com.google.android.datatransport:transport-api:2.2.1) with JetifyTransform
[        ] Transforming transport-api-2.2.1.aar (com.google.android.datatransport:transport-api:2.2.1) with ExtractAarTransform
[        ] Transforming transport-api-2.2.1.aar (com.google.android.datatransport:transport-api:2.2.1) with AarTransform
[        ] Transforming firebase-components-16.1.0.aar (com.google.firebase:firebase-components:16.1.0) with JetifyTransform
[        ] Transforming firebase-components-16.1.0.aar (com.google.firebase:firebase-components:16.1.0) with ExtractAarTransform
[        ] Transforming firebase-components-16.1.0.aar (com.google.firebase:firebase-components:16.1.0) with AarTransform
[        ] Transforming firebase-encoders-json-17.1.0.aar (com.google.firebase:firebase-encoders-json:17.1.0) with JetifyTransform
[        ] Transforming firebase-encoders-json-17.1.0.aar (com.google.firebase:firebase-encoders-json:17.1.0) with ExtractAarTransform
[        ] Transforming firebase-encoders-json-17.1.0.aar (com.google.firebase:firebase-encoders-json:17.1.0) with AarTransform
[        ] Transforming firebase-encoders-16.1.0.jar (com.google.firebase:firebase-encoders:16.1.0) with JetifyTransform
[        ] Transforming firebase-encoders-16.1.0.jar (com.google.firebase:firebase-encoders:16.1.0) with ExtractJniTransform
[        ] Transforming core-1.0.0.aar (androidx.window.extensions.core:core:1.0.0) with JetifyTransform
[        ] Transforming core-1.0.0.aar (androidx.window.extensions.core:core:1.0.0) with ExtractAarTransform
[        ] Transforming core-1.0.0.aar (androidx.window.extensions.core:core:1.0.0) with AarTransform
[        ] Transforming cursoradapter-1.0.0.aar (androidx.cursoradapter:cursoradapter:1.0.0) with JetifyTransform
[        ] Transforming cursoradapter-1.0.0.aar (androidx.cursoradapter:cursoradapter:1.0.0) with ExtractAarTransform
[        ] Transforming cursoradapter-1.0.0.aar (androidx.cursoradapter:cursoradapter:1.0.0) with AarTransform
[        ] Transforming cursoradapter-1.0.0.aar (androidx.cursoradapter:cursoradapter:1.0.0) with JetifyTransform
[        ] Transforming cursoradapter-1.0.0.aar (androidx.cursoradapter:cursoradapter:1.0.0) with ExtractAarTransform
[        ] Transforming cursoradapter-1.0.0.aar (androidx.cursoradapter:cursoradapter:1.0.0) with AarTransform
[        ] Transforming resourceinspection-annotation-1.0.1.jar (androidx.resourceinspection:resourceinspection-annotation:1.0.1) with JetifyTransform
[        ] Transforming resourceinspection-annotation-1.0.1.jar (androidx.resourceinspection:resourceinspection-annotation:1.0.1) with ExtractJniTransform
[        ] Transforming documentfile-1.0.0.aar (androidx.documentfile:documentfile:1.0.0) with JetifyTransform
[        ] Transforming documentfile-1.0.0.aar (androidx.documentfile:documentfile:1.0.0) with ExtractAarTransform
[        ] Transforming documentfile-1.0.0.aar (androidx.documentfile:documentfile:1.0.0) with AarTransform
[        ] Transforming localbroadcastmanager-1.0.0.aar (androidx.localbroadcastmanager:localbroadcastmanager:1.0.0) with JetifyTransform
[        ] Transforming localbroadcastmanager-1.0.0.aar (androidx.localbroadcastmanager:localbroadcastmanager:1.0.0) with ExtractAarTransform
[        ] Transforming localbroadcastmanager-1.0.0.aar (androidx.localbroadcastmanager:localbroadcastmanager:1.0.0) with AarTransform
[        ] Transforming print-1.0.0.aar (androidx.print:print:1.0.0) with JetifyTransform
[        ] Transforming print-1.0.0.aar (androidx.print:print:1.0.0) with ExtractAarTransform
[        ] Transforming print-1.0.0.aar (androidx.print:print:1.0.0) with AarTransform
[        ] Transforming annotation-jvm-1.9.1.jar (androidx.annotation:annotation-jvm:1.9.1) with JetifyTransform
[        ] Transforming annotation-jvm-1.9.1.jar (androidx.annotation:annotation-jvm:1.9.1) with ExtractJniTransform
[        ] Transforming kotlinx-coroutines-core-jvm-1.7.3.jar (org.jetbrains.kotlinx:kotlinx-coroutines-core-jvm:1.7.3) with JetifyTransform
[        ] Transforming kotlinx-coroutines-core-jvm-1.7.3.jar (org.jetbrains.kotlinx:kotlinx-coroutines-core-jvm:1.7.3) with ExtractJniTransform
[        ] Transforming kotlinx-coroutines-android-1.7.3.jar (org.jetbrains.kotlinx:kotlinx-coroutines-android:1.7.3) with JetifyTransform
[        ] Transforming kotlinx-coroutines-android-1.7.3.jar (org.jetbrains.kotlinx:kotlinx-coroutines-android:1.7.3) with ExtractJniTransform
[        ] Transforming okio-jvm-3.4.0.jar (com.squareup.okio:okio-jvm:3.4.0) with JetifyTransform
[        ] Transforming okio-jvm-3.4.0.jar (com.squareup.okio:okio-jvm:3.4.0) with ExtractJniTransform
[        ] Transforming kotlin-stdlib-jdk8-1.8.20.jar (org.jetbrains.kotlin:kotlin-stdlib-jdk8:1.8.20) with JetifyTransform
[        ] Transforming kotlin-stdlib-jdk8-1.8.20.jar (org.jetbrains.kotlin:kotlin-stdlib-jdk8:1.8.20) with ExtractJniTransform
[        ] Transforming annotation-experimental-1.4.1.aar (androidx.annotation:annotation-experimental:1.4.1) with JetifyTransform
[        ] Transforming annotation-experimental-1.4.1.aar (androidx.annotation:annotation-experimental:1.4.1) with ExtractAarTransform
[        ] Transforming annotation-experimental-1.4.1.aar (androidx.annotation:annotation-experimental:1.4.1) with AarTransform
[        ] Transforming kotlin-stdlib-jdk7-1.8.20.jar (org.jetbrains.kotlin:kotlin-stdlib-jdk7:1.8.20) with JetifyTransform
[        ] Transforming kotlin-stdlib-jdk7-1.8.20.jar (org.jetbrains.kotlin:kotlin-stdlib-jdk7:1.8.20) with ExtractJniTransform
[        ] Transforming kotlin-parcelize-runtime-1.9.22.jar (org.jetbrains.kotlin:kotlin-parcelize-runtime:1.9.22) with JetifyTransform
[        ] Transforming kotlin-parcelize-runtime-1.9.22.jar (org.jetbrains.kotlin:kotlin-parcelize-runtime:1.9.22) with ExtractJniTransform
[        ] Transforming kotlin-android-extensions-runtime-1.9.22.jar (org.jetbrains.kotlin:kotlin-android-extensions-runtime:1.9.22) with JetifyTransform
[        ] Transforming kotlin-android-extensions-runtime-1.9.22.jar (org.jetbrains.kotlin:kotlin-android-extensions-runtime:1.9.22) with ExtractJniTransform
[        ] Transforming kotlin-stdlib-2.1.0.jar (org.jetbrains.kotlin:kotlin-stdlib:2.1.0) with JetifyTransform
[        ] Transforming kotlin-stdlib-2.1.0.jar (org.jetbrains.kotlin:kotlin-stdlib:2.1.0) with ExtractJniTransform
[        ] Transforming armeabi_v7a_release-1.0.0-a8bfdfc394deaed5c57bd45a64ac4294dc976a72.jar (io.flutter:armeabi_v7a_release:1.0.0-a8bfdfc394deaed5c57bd45a64ac4294dc976a72) with JetifyTransform
[        ] Transforming armeabi_v7a_release-1.0.0-a8bfdfc394deaed5c57bd45a64ac4294dc976a72.jar (io.flutter:armeabi_v7a_release:1.0.0-a8bfdfc394deaed5c57bd45a64ac4294dc976a72) with ExtractJniTransform
[        ] Transforming arm64_v8a_release-1.0.0-a8bfdfc394deaed5c57bd45a64ac4294dc976a72.jar (io.flutter:arm64_v8a_release:1.0.0-a8bfdfc394deaed5c57bd45a64ac4294dc976a72) with JetifyTransform
[        ] Transforming arm64_v8a_release-1.0.0-a8bfdfc394deaed5c57bd45a64ac4294dc976a72.jar (io.flutter:arm64_v8a_release:1.0.0-a8bfdfc394deaed5c57bd45a64ac4294dc976a72) with ExtractJniTransform
[        ] Transforming x86_64_release-1.0.0-a8bfdfc394deaed5c57bd45a64ac4294dc976a72.jar (io.flutter:x86_64_release:1.0.0-a8bfdfc394deaed5c57bd45a64ac4294dc976a72) with JetifyTransform
[        ] Transforming x86_64_release-1.0.0-a8bfdfc394deaed5c57bd45a64ac4294dc976a72.jar (io.flutter:x86_64_release:1.0.0-a8bfdfc394deaed5c57bd45a64ac4294dc976a72) with ExtractJniTransform
[        ] Transforming annotations-23.0.0.jar (org.jetbrains:annotations:23.0.0) with JetifyTransform
[        ] Transforming annotations-23.0.0.jar (org.jetbrains:annotations:23.0.0) with ExtractJniTransform
[        ] Transforming relinker-1.4.5.aar (com.getkeepsafe.relinker:relinker:1.4.5) with JetifyTransform
[        ] Transforming relinker-1.4.5.aar (com.getkeepsafe.relinker:relinker:1.4.5) with ExtractAarTransform
[        ] Transforming relinker-1.4.5.aar (com.getkeepsafe.relinker:relinker:1.4.5) with AarTransform
[        ] Transforming auto-value-annotations-1.6.3.jar (com.google.auto.value:auto-value-annotations:1.6.3) with JetifyTransform
[        ] Transforming auto-value-annotations-1.6.3.jar (com.google.auto.value:auto-value-annotations:1.6.3) with ExtractJniTransform
[        ] Transforming listenablefuture-1.0.jar (com.google.guava:listenablefuture:1.0) with JetifyTransform
[        ] Transforming listenablefuture-1.0.jar (com.google.guava:listenablefuture:1.0) with ExtractJniTransform
[        ] Transforming image-1.0.0-beta1.aar (com.google.android.odml:image:1.0.0-beta1) with JetifyTransform
[        ] Transforming image-1.0.0-beta1.aar (com.google.android.odml:image:1.0.0-beta1) with ExtractAarTransform
[        ] Transforming image-1.0.0-beta1.aar (com.google.android.odml:image:1.0.0-beta1) with AarTransform
[        ] Transforming javax.inject-1.jar (javax.inject:javax.inject:1) with JetifyTransform
[        ] Transforming javax.inject-1.jar (javax.inject:javax.inject:1) with ExtractJniTransform
[        ] Transforming firebase-annotations-16.0.0.jar (com.google.firebase:firebase-annotations:16.0.0) with JetifyTransform
[        ] Transforming firebase-annotations-16.0.0.jar (com.google.firebase:firebase-annotations:16.0.0) with ExtractJniTransform
[        ] Caching disabled for task ':app:mergeReleaseNativeLibs' because:
[        ]   Build cache is disabled
[        ]   Caching has been disabled for the task
[        ] Skipping task ':app:mergeReleaseNativeLibs' as it is up-to-date.
[        ] Resolve mutations for :app:stripReleaseDebugSymbols (Thread[#895,Execution worker Thread 6,5,main]) started.
[        ] :app:stripReleaseDebugSymbols (Thread[#895,Execution worker Thread 6,5,main]) started.
[        ] > Task :app:stripReleaseDebugSymbols UP-TO-DATE
[        ] Caching disabled for task ':app:stripReleaseDebugSymbols' because:
[        ]   Build cache is disabled
[        ]   Caching has been disabled for the task
[        ] Skipping task ':app:stripReleaseDebugSymbols' as it is up-to-date.
[        ] Resolve mutations for :app:writeReleaseAppMetadata (Thread[#895,Execution worker Thread 6,5,main]) started.
[        ] :app:writeReleaseAppMetadata (Thread[#895,Execution worker Thread 6,5,main]) started.
[        ] > Task :app:writeReleaseAppMetadata UP-TO-DATE
[        ] Caching disabled for task ':app:writeReleaseAppMetadata' because:
[        ]   Build cache is disabled
[        ]   Caching has been disabled for the task
[        ] Skipping task ':app:writeReleaseAppMetadata' as it is up-to-date.
[        ] Resolve mutations for :app:buildReleasePreBundle (Thread[#895,Execution worker Thread 6,5,main]) started.
[        ] :app:buildReleasePreBundle (Thread[#895,Execution worker Thread 6,5,main]) started.
[        ] > Task :app:buildReleasePreBundle UP-TO-DATE
[        ] Caching disabled for task ':app:buildReleasePreBundle' because:
[        ]   Build cache is disabled
[        ]   Caching has been disabled for the task
[        ] Skipping task ':app:buildReleasePreBundle' as it is up-to-date.
[        ] Resolve mutations for :app:compileReleaseArtProfile (Thread[#895,Execution worker Thread 6,5,main]) started.
[        ] :app:compileReleaseArtProfile (Thread[#895,Execution worker Thread 6,5,main]) started.
[  +91 ms] > Task :app:compileReleaseArtProfile UP-TO-DATE
[        ] Caching disabled for task ':app:compileReleaseArtProfile' because:
[        ]   Build cache is disabled
[        ] Skipping task ':app:compileReleaseArtProfile' as it is up-to-date.
[        ] Resolve mutations for :app:collectReleaseDependencies (Thread[#895,Execution worker Thread 6,5,main]) started.
[        ] :app:collectReleaseDependencies (Thread[#895,Execution worker Thread 6,5,main]) started.
[        ] > Task :app:collectReleaseDependencies UP-TO-DATE
[        ] Caching disabled for task ':app:collectReleaseDependencies' because:
[        ]   Build cache is disabled
[        ]   Caching has been disabled for the task
[        ] Skipping task ':app:collectReleaseDependencies' as it is up-to-date.
[        ] Resolve mutations for :app:configureReleaseDependencies (Thread[#895,Execution worker Thread 6,5,main]) started.
[        ] :app:configureReleaseDependencies (Thread[#895,Execution worker Thread 6,5,main]) started.
[        ] > Task :app:configureReleaseDependencies UP-TO-DATE
[        ] Caching disabled for task ':app:configureReleaseDependencies' because:
[        ]   Build cache is disabled
[        ]   Caching has been disabled for the task
[        ] Skipping task ':app:configureReleaseDependencies' as it is up-to-date.
[        ] Resolve mutations for :app:extractReleaseNativeSymbolTables (Thread[#895,Execution worker Thread 6,5,main]) started.
[        ] :app:extractReleaseNativeSymbolTables (Thread[#895,Execution worker Thread 6,5,main]) started.
[        ] > Task :app:extractReleaseNativeSymbolTables UP-TO-DATE
[        ] Caching disabled for task ':app:extractReleaseNativeSymbolTables' because:
[        ]   Build cache is disabled
[        ] Skipping task ':app:extractReleaseNativeSymbolTables' as it is up-to-date.
[        ] Resolve mutations for :app:parseReleaseIntegrityConfig (Thread[#895,Execution worker Thread 6,5,main]) started.
[        ] :app:parseReleaseIntegrityConfig (Thread[#895,Execution worker Thread 6,5,main]) started.
[        ] > Task :app:parseReleaseIntegrityConfig UP-TO-DATE
[        ] Caching disabled for task ':app:parseReleaseIntegrityConfig' because:
[        ]   Build cache is disabled
[        ] Skipping task ':app:parseReleaseIntegrityConfig' as it is up-to-date.
[        ] Resolve mutations for :app:packageReleaseBundle (Thread[#892,Execution worker Thread 3,5,main]) started.
[        ] :app:packageReleaseBundle (Thread[#892,Execution worker Thread 3,5,main]) started.
[        ] > Task :app:packageReleaseBundle UP-TO-DATE
[        ] Caching disabled for task ':app:packageReleaseBundle' because:
[        ]   Build cache is disabled
[        ]   Caching has been disabled for the task
[        ] Skipping task ':app:packageReleaseBundle' as it is up-to-date.
[        ] Resolve mutations for :app:shrinkBundleReleaseResources (Thread[#895,Execution worker Thread 6,5,main]) started.
[        ] :app:shrinkBundleReleaseResources (Thread[#895,Execution worker Thread 6,5,main]) started.
[        ] > Task :app:shrinkBundleReleaseResources UP-TO-DATE
[        ] Caching disabled for task ':app:shrinkBundleReleaseResources' because:
[        ]   Build cache is disabled
[        ] Skipping task ':app:shrinkBundleReleaseResources' as it is up-to-date.
[        ] Resolve mutations for :app:signReleaseBundle (Thread[#895,Execution worker Thread 6,5,main]) started.
[        ] :app:signReleaseBundle (Thread[#895,Execution worker Thread 6,5,main]) started.
[        ] > Task :app:signReleaseBundle FAILED
[        ] Caching disabled for task ':app:signReleaseBundle' because:
[        ]   Build cache is disabled
[        ]   Caching has been disabled for the task
[        ] Task ':app:signReleaseBundle' is not up-to-date because:
[        ]   Task has failed previously.
[        ] FAILURE: Build failed with an exception.
[   +1 ms] * What went wrong:
[        ] Execution failed for task ':app:signReleaseBundle'.
[        ] > A failure occurred while executing com.android.build.gradle.internal.tasks.FinalizeBundleTask$BundleToolRunnable
[        ]    > java.lang.NullPointerException (no error message)
[        ] * Try:
[        ] > Run with --debug option to get more log output.
[        ] > Run with --scan to get full insights.
[        ] > Get more help at https://help.gradle.org.
[        ] * Exception is:
[        ] org.gradle.api.tasks.TaskExecutionException: Execution failed for task ':app:signReleaseBundle'.
[        ] 	at org.gradle.api.internal.tasks.execution.ExecuteActionsTaskExecuter.lambda$executeIfValid$1(ExecuteActionsTaskExecuter.java:130)
[        ] 	at org.gradle.internal.Try$Failure.ifSuccessfulOrElse(Try.java:293)
[        ] 	at org.gradle.api.internal.tasks.execution.ExecuteActionsTaskExecuter.executeIfValid(ExecuteActionsTaskExecuter.java:128)
[        ] 	at org.gradle.api.internal.tasks.execution.ExecuteActionsTaskExecuter.execute(ExecuteActionsTaskExecuter.java:116)
[        ] 	at org.gradle.api.internal.tasks.execution.FinalizePropertiesTaskExecuter.execute(FinalizePropertiesTaskExecuter.java:46)
[        ] 	at org.gradle.api.internal.tasks.execution.ResolveTaskExecutionModeExecuter.execute(ResolveTaskExecutionModeExecuter.java:51)
[        ] 	at org.gradle.api.internal.tasks.execution.SkipTaskWithNoActionsExecuter.execute(SkipTaskWithNoActionsExecuter.java:57)
[        ] 	at org.gradle.api.internal.tasks.execution.SkipOnlyIfTaskExecuter.execute(SkipOnlyIfTaskExecuter.java:74)
[        ] 	at org.gradle.api.internal.tasks.execution.CatchExceptionTaskExecuter.execute(CatchExceptionTaskExecuter.java:36)
[        ] 	at org.gradle.api.internal.tasks.execution.EventFiringTaskExecuter$1.executeTask(EventFiringTaskExecuter.java:77)
[        ] 	at org.gradle.api.internal.tasks.execution.EventFiringTaskExecuter$1.call(EventFiringTaskExecuter.java:55)
[        ] 	at org.gradle.api.internal.tasks.execution.EventFiringTaskExecuter$1.call(EventFiringTaskExecuter.java:52)
[        ] 	at org.gradle.internal.operations.DefaultBuildOperationRunner$CallableBuildOperationWorker.execute(DefaultBuildOperationRunner.java:209)
[        ] 	at org.gradle.internal.operations.DefaultBuildOperationRunner$CallableBuildOperationWorker.execute(DefaultBuildOperationRunner.java:204)
[        ] 	at org.gradle.internal.operations.DefaultBuildOperationRunner$2.execute(DefaultBuildOperationRunner.java:66)
[        ] 	at org.gradle.internal.operations.DefaultBuildOperationRunner$2.execute(DefaultBuildOperationRunner.java:59)
[        ] 	at org.gradle.internal.operations.DefaultBuildOperationRunner.execute(DefaultBuildOperationRunner.java:166)
[        ] 	at org.gradle.internal.operations.DefaultBuildOperationRunner.execute(DefaultBuildOperationRunner.java:59)
[        ] 	at org.gradle.internal.operations.DefaultBuildOperationRunner.call(DefaultBuildOperationRunner.java:53)
[        ] 	at org.gradle.api.internal.tasks.execution.EventFiringTaskExecuter.execute(EventFiringTaskExecuter.java:52)
[        ] 	at org.gradle.execution.plan.LocalTaskNodeExecutor.execute(LocalTaskNodeExecutor.java:42)
[        ] 	at org.gradle.execution.taskgraph.DefaultTaskExecutionGraph$InvokeNodeExecutorsAction.execute(DefaultTaskExecutionGraph.java:331)
[        ] 	at org.gradle.execution.taskgraph.DefaultTaskExecutionGraph$InvokeNodeExecutorsAction.execute(DefaultTaskExecutionGraph.java:318)
[        ] 	at org.gradle.execution.taskgraph.DefaultTaskExecutionGraph$BuildOperationAwareExecutionAction.lambda$execute$0(DefaultTaskExecutionGraph.java:314)
[        ] 	at org.gradle.internal.operations.CurrentBuildOperationRef.with(CurrentBuildOperationRef.java:85)
[        ] 	at org.gradle.execution.taskgraph.DefaultTaskExecutionGraph$BuildOperationAwareExecutionAction.execute(DefaultTaskExecutionGraph.java:314)
[        ] 	at org.gradle.execution.taskgraph.DefaultTaskExecutionGraph$BuildOperationAwareExecutionAction.execute(DefaultTaskExecutionGraph.java:303)
[        ] 	at org.gradle.execution.plan.DefaultPlanExecutor$ExecutorWorker.execute(DefaultPlanExecutor.java:459)
[        ] 	at org.gradle.execution.plan.DefaultPlanExecutor$ExecutorWorker.run(DefaultPlanExecutor.java:376)
[        ] 	at org.gradle.internal.concurrent.ExecutorPolicy$CatchAndRecordFailures.onExecute(ExecutorPolicy.java:64)
[        ] 	at org.gradle.internal.concurrent.AbstractManagedExecutor$1.run(AbstractManagedExecutor.java:48)
[        ] 	at java.base/java.util.concurrent.ThreadPoolExecutor.runWorker(Unknown Source)
[        ] 	at java.base/java.util.concurrent.ThreadPoolExecutor$Worker.run(Unknown Source)
[        ] 	at java.base/java.lang.Thread.run(Unknown Source)
[        ] Caused by: org.gradle.workers.internal.DefaultWorkerExecutor$WorkExecutionException: A failure occurred while executing com.android.build.gradle.internal.tasks.FinalizeBundleTask$BundleToolRunnable
[        ] 	at org.gradle.workers.internal.DefaultWorkerExecutor$WorkItemExecution.waitForCompletion(DefaultWorkerExecutor.java:287)
[        ] 	at org.gradle.internal.work.DefaultAsyncWorkTracker.lambda$waitForItemsAndGatherFailures$2(DefaultAsyncWorkTracker.java:130)
[        ] 	at org.gradle.internal.Factories$1.create(Factories.java:31)
[        ] 	at org.gradle.internal.work.DefaultWorkerLeaseService.withoutLocks(DefaultWorkerLeaseService.java:339)
[        ] 	at org.gradle.internal.work.DefaultWorkerLeaseService.withoutLocks(DefaultWorkerLeaseService.java:322)
[        ] 	at org.gradle.internal.work.DefaultWorkerLeaseService.withoutLock(DefaultWorkerLeaseService.java:327)
[        ] 	at org.gradle.internal.work.DefaultAsyncWorkTracker.waitForItemsAndGatherFailures(DefaultAsyncWorkTracker.java:126)
[        ] 	at org.gradle.internal.work.DefaultAsyncWorkTracker.waitForItemsAndGatherFailures(DefaultAsyncWorkTracker.java:92)
[        ] 	at org.gradle.internal.work.DefaultAsyncWorkTracker.waitForAll(DefaultAsyncWorkTracker.java:78)
[        ] 	at org.gradle.internal.work.DefaultAsyncWorkTracker.waitForCompletion(DefaultAsyncWorkTracker.java:66)
[        ] 	at org.gradle.api.internal.tasks.execution.TaskExecution$3.run(TaskExecution.java:252)
[        ] 	at org.gradle.internal.operations.DefaultBuildOperationRunner$1.execute(DefaultBuildOperationRunner.java:29)
[        ] 	at org.gradle.internal.operations.DefaultBuildOperationRunner$1.execute(DefaultBuildOperationRunner.java:26)
[        ] 	at org.gradle.internal.operations.DefaultBuildOperationRunner$2.execute(DefaultBuildOperationRunner.java:66)
[        ] 	at org.gradle.internal.operations.DefaultBuildOperationRunner$2.execute(DefaultBuildOperationRunner.java:59)
[        ] 	at org.gradle.internal.operations.DefaultBuildOperationRunner.execute(DefaultBuildOperationRunner.java:166)
[        ] 	at org.gradle.internal.operations.DefaultBuildOperationRunner.execute(DefaultBuildOperationRunner.java:59)
[        ] 	at org.gradle.internal.operations.DefaultBuildOperationRunner.run(DefaultBuildOperationRunner.java:47)
[        ] 	at org.gradle.api.internal.tasks.execution.TaskExecution.executeAction(TaskExecution.java:229)
[        ] 	at org.gradle.api.internal.tasks.execution.TaskExecution.executeActions(TaskExecution.java:212)
[        ] 	at org.gradle.api.internal.tasks.execution.TaskExecution.executeWithPreviousOutputFiles(TaskExecution.java:195)
[        ] 	at org.gradle.api.internal.tasks.execution.TaskExecution.execute(TaskExecution.java:162)
[        ] 	at org.gradle.internal.execution.steps.ExecuteStep.executeInternal(ExecuteStep.java:105)
[        ] 	at org.gradle.internal.execution.steps.ExecuteStep.access$000(ExecuteStep.java:44)
[        ] 	at org.gradle.internal.execution.steps.ExecuteStep$1.call(ExecuteStep.java:59)
[        ] 	at org.gradle.internal.execution.steps.ExecuteStep$1.call(ExecuteStep.java:56)
[        ] 	at org.gradle.internal.operations.DefaultBuildOperationRunner$CallableBuildOperationWorker.execute(DefaultBuildOperationRunner.java:209)
[        ] 	at org.gradle.internal.operations.DefaultBuildOperationRunner$CallableBuildOperationWorker.execute(DefaultBuildOperationRunner.java:204)
[        ] 	at org.gradle.internal.operations.DefaultBuildOperationRunner$2.execute(DefaultBuildOperationRunner.java:66)
[        ] 	at org.gradle.internal.operations.DefaultBuildOperationRunner$2.execute(DefaultBuildOperationRunner.java:59)
[        ] 	at org.gradle.internal.operations.DefaultBuildOperationRunner.execute(DefaultBuildOperationRunner.java:166)
[        ] 	at org.gradle.internal.operations.DefaultBuildOperationRunner.execute(DefaultBuildOperationRunner.java:59)
[        ] 	at org.gradle.internal.operations.DefaultBuildOperationRunner.call(DefaultBuildOperationRunner.java:53)
[        ] 	at org.gradle.internal.execution.steps.ExecuteStep.execute(ExecuteStep.java:56)
[        ] 	at org.gradle.internal.execution.steps.ExecuteStep.execute(ExecuteStep.java:44)
[        ] 	at org.gradle.internal.execution.steps.CancelExecutionStep.execute(CancelExecutionStep.java:42)
[        ] 	at org.gradle.internal.execution.steps.TimeoutStep.executeWithoutTimeout(TimeoutStep.java:75)
[        ] 	at org.gradle.internal.execution.steps.TimeoutStep.execute(TimeoutStep.java:55)
[        ] 	at org.gradle.internal.execution.steps.PreCreateOutputParentsStep.execute(PreCreateOutputParentsStep.java:50)
[        ] 	at org.gradle.internal.execution.steps.PreCreateOutputParentsStep.execute(PreCreateOutputParentsStep.java:28)
[        ] 	at org.gradle.internal.execution.steps.RemovePreviousOutputsStep.execute(RemovePreviousOutputsStep.java:67)
[        ] 	at org.gradle.internal.execution.steps.RemovePreviousOutputsStep.execute(RemovePreviousOutputsStep.java:37)
[        ] 	at org.gradle.internal.execution.steps.BroadcastChangingOutputsStep.execute(BroadcastChangingOutputsStep.java:61)
[        ] 	at org.gradle.internal.execution.steps.BroadcastChangingOutputsStep.execute(BroadcastChangingOutputsStep.java:26)
[        ] 	at org.gradle.internal.execution.steps.CaptureOutputsAfterExecutionStep.execute(CaptureOutputsAfterExecutionStep.java:69)
[        ] 	at org.gradle.internal.execution.steps.CaptureOutputsAfterExecutionStep.execute(CaptureOutputsAfterExecutionStep.java:46)
[        ] 	at org.gradle.internal.execution.steps.ResolveInputChangesStep.execute(ResolveInputChangesStep.java:40)
[        ] 	at org.gradle.internal.execution.steps.ResolveInputChangesStep.execute(ResolveInputChangesStep.java:29)
[        ] 	at org.gradle.internal.execution.steps.BuildCacheStep.executeWithoutCache(BuildCacheStep.java:189)
[        ] 	at org.gradle.internal.execution.steps.BuildCacheStep.lambda$execute$1(BuildCacheStep.java:75)
[        ] 	at org.gradle.internal.Either$Right.fold(Either.java:175)
[        ] 	at org.gradle.internal.execution.caching.CachingState.fold(CachingState.java:62)
[        ] 	at org.gradle.internal.execution.steps.BuildCacheStep.execute(BuildCacheStep.java:73)
[        ] 	at org.gradle.internal.execution.steps.BuildCacheStep.execute(BuildCacheStep.java:48)
[        ] 	at org.gradle.internal.execution.steps.StoreExecutionStateStep.execute(StoreExecutionStateStep.java:46)
[        ] 	at org.gradle.internal.execution.steps.StoreExecutionStateStep.execute(StoreExecutionStateStep.java:35)
[        ] 	at org.gradle.internal.execution.steps.SkipUpToDateStep.executeBecause(SkipUpToDateStep.java:75)
[        ] 	at org.gradle.internal.execution.steps.SkipUpToDateStep.lambda$execute$2(SkipUpToDateStep.java:53)
[        ] 	at java.base/java.util.Optional.orElseGet(Unknown Source)
[        ] 	at org.gradle.internal.execution.steps.SkipUpToDateStep.execute(SkipUpToDateStep.java:53)
[        ] 	at org.gradle.internal.execution.steps.SkipUpToDateStep.execute(SkipUpToDateStep.java:35)
[        ] 	at org.gradle.internal.execution.steps.legacy.MarkSnapshottingInputsFinishedStep.execute(MarkSnapshottingInputsFinishedStep.java:37)
[        ] 	at org.gradle.internal.execution.steps.legacy.MarkSnapshottingInputsFinishedStep.execute(MarkSnapshottingInputsFinishedStep.java:27)
[        ] 	at org.gradle.internal.execution.steps.ResolveIncrementalCachingStateStep.executeDelegate(ResolveIncrementalCachingStateStep.java:49)
[        ] 	at org.gradle.internal.execution.steps.ResolveIncrementalCachingStateStep.executeDelegate(ResolveIncrementalCachingStateStep.java:27)
[        ] 	at org.gradle.internal.execution.steps.AbstractResolveCachingStateStep.execute(AbstractResolveCachingStateStep.java:71)
[        ] 	at org.gradle.internal.execution.steps.AbstractResolveCachingStateStep.execute(AbstractResolveCachingStateStep.java:39)
[        ] 	at org.gradle.internal.execution.steps.ResolveChangesStep.execute(ResolveChangesStep.java:65)
[        ] 	at org.gradle.internal.execution.steps.ResolveChangesStep.execute(ResolveChangesStep.java:36)
[        ] 	at org.gradle.internal.execution.steps.ValidateStep.execute(ValidateStep.java:105)
[        ] 	at org.gradle.internal.execution.steps.ValidateStep.execute(ValidateStep.java:54)
[        ] 	at org.gradle.internal.execution.steps.AbstractCaptureStateBeforeExecutionStep.execute(AbstractCaptureStateBeforeExecutionStep.java:64)
[        ] 	at org.gradle.internal.execution.steps.AbstractCaptureStateBeforeExecutionStep.execute(AbstractCaptureStateBeforeExecutionStep.java:43)
[        ] 	at org.gradle.internal.execution.steps.AbstractSkipEmptyWorkStep.executeWithNonEmptySources(AbstractSkipEmptyWorkStep.java:125)
[        ] 	at org.gradle.internal.execution.steps.AbstractSkipEmptyWorkStep.execute(AbstractSkipEmptyWorkStep.java:56)
[        ] 	at org.gradle.internal.execution.steps.AbstractSkipEmptyWorkStep.execute(AbstractSkipEmptyWorkStep.java:36)
[        ] 	at org.gradle.internal.execution.steps.legacy.MarkSnapshottingInputsStartedStep.execute(MarkSnapshottingInputsStartedStep.java:38)
[        ] 	at org.gradle.internal.execution.steps.LoadPreviousExecutionStateStep.execute(LoadPreviousExecutionStateStep.java:36)
[        ] 	at org.gradle.internal.execution.steps.LoadPreviousExecutionStateStep.execute(LoadPreviousExecutionStateStep.java:23)
[        ] 	at org.gradle.internal.execution.steps.HandleStaleOutputsStep.execute(HandleStaleOutputsStep.java:75)
[        ] 	at org.gradle.internal.execution.steps.HandleStaleOutputsStep.execute(HandleStaleOutputsStep.java:41)
[        ] 	at org.gradle.internal.execution.steps.AssignMutableWorkspaceStep.lambda$execute$0(AssignMutableWorkspaceStep.java:35)
[        ] 	at org.gradle.api.internal.tasks.execution.TaskExecution$4.withWorkspace(TaskExecution.java:289)
[        ] 	at org.gradle.internal.execution.steps.AssignMutableWorkspaceStep.execute(AssignMutableWorkspaceStep.java:31)
[        ] 	at org.gradle.internal.execution.steps.AssignMutableWorkspaceStep.execute(AssignMutableWorkspaceStep.java:22)
[        ] 	at org.gradle.internal.execution.steps.ChoosePipelineStep.execute(ChoosePipelineStep.java:40)
[        ] 	at org.gradle.internal.execution.steps.ChoosePipelineStep.execute(ChoosePipelineStep.java:23)
[        ] 	at org.gradle.internal.execution.steps.ExecuteWorkBuildOperationFiringStep.lambda$execute$2(ExecuteWorkBuildOperationFiringStep.java:67)
[        ] 	at java.base/java.util.Optional.orElseGet(Unknown Source)
[        ] 	at org.gradle.internal.execution.steps.ExecuteWorkBuildOperationFiringStep.execute(ExecuteWorkBuildOperationFiringStep.java:67)
[        ] 	at org.gradle.internal.execution.steps.ExecuteWorkBuildOperationFiringStep.execute(ExecuteWorkBuildOperationFiringStep.java:39)
[        ] 	at org.gradle.internal.execution.steps.IdentityCacheStep.execute(IdentityCacheStep.java:46)
[        ] 	at org.gradle.internal.execution.steps.IdentityCacheStep.execute(IdentityCacheStep.java:34)
[        ] 	at org.gradle.internal.execution.steps.IdentifyStep.execute(IdentifyStep.java:48)
[        ] 	at org.gradle.internal.execution.steps.IdentifyStep.execute(IdentifyStep.java:35)
[        ] 	at org.gradle.internal.execution.impl.DefaultExecutionEngine$1.execute(DefaultExecutionEngine.java:61)
[        ] 	at org.gradle.api.internal.tasks.execution.ExecuteActionsTaskExecuter.executeIfValid(ExecuteActionsTaskExecuter.java:127)
[        ] 	at org.gradle.api.internal.tasks.execution.ExecuteActionsTaskExecuter.execute(ExecuteActionsTaskExecuter.java:116)
[        ] 	at org.gradle.api.internal.tasks.execution.FinalizePropertiesTaskExecuter.execute(FinalizePropertiesTaskExecuter.java:46)
[        ] 	at org.gradle.api.internal.tasks.execution.ResolveTaskExecutionModeExecuter.execute(ResolveTaskExecutionModeExecuter.java:51)
[        ] 	at org.gradle.api.internal.tasks.execution.SkipTaskWithNoActionsExecuter.execute(SkipTaskWithNoActionsExecuter.java:57)
[        ] 	at org.gradle.api.internal.tasks.execution.SkipOnlyIfTaskExecuter.execute(SkipOnlyIfTaskExecuter.java:74)
[        ] 	at org.gradle.api.internal.tasks.execution.CatchExceptionTaskExecuter.execute(CatchExceptionTaskExecuter.java:36)
[        ] 	at org.gradle.api.internal.tasks.execution.EventFiringTaskExecuter$1.executeTask(EventFiringTaskExecuter.java:77)
[        ] 	at org.gradle.api.internal.tasks.execution.EventFiringTaskExecuter$1.call(EventFiringTaskExecuter.java:55)
[        ] 	at org.gradle.api.internal.tasks.execution.EventFiringTaskExecuter$1.call(EventFiringTaskExecuter.java:52)
[        ] 	at org.gradle.internal.operations.DefaultBuildOperationRunner$CallableBuildOperationWorker.execute(DefaultBuildOperationRunner.java:209)
[        ] 	at org.gradle.internal.operations.DefaultBuildOperationRunner$CallableBuildOperationWorker.execute(DefaultBuildOperationRunner.java:204)
[        ] 	at org.gradle.internal.operations.DefaultBuildOperationRunner$2.execute(DefaultBuildOperationRunner.java:66)
[        ] 	at org.gradle.internal.operations.DefaultBuildOperationRunner$2.execute(DefaultBuildOperationRunner.java:59)
[        ] 	at org.gradle.internal.operations.DefaultBuildOperationRunner.execute(DefaultBuildOperationRunner.java:166)
[        ] 	at org.gradle.internal.operations.DefaultBuildOperationRunner.execute(DefaultBuildOperationRunner.java:59)
[        ] 	at org.gradle.internal.operations.DefaultBuildOperationRunner.call(DefaultBuildOperationRunner.java:53)
[        ] 	at org.gradle.api.internal.tasks.execution.EventFiringTaskExecuter.execute(EventFiringTaskExecuter.java:52)
[        ] 	at org.gradle.execution.plan.LocalTaskNodeExecutor.execute(LocalTaskNodeExecutor.java:42)
[        ] 	at org.gradle.execution.taskgraph.DefaultTaskExecutionGraph$InvokeNodeExecutorsAction.execute(DefaultTaskExecutionGraph.java:331)
[        ] 	at org.gradle.execution.taskgraph.DefaultTaskExecutionGraph$InvokeNodeExecutorsAction.execute(DefaultTaskExecutionGraph.java:318)
[        ] 	at org.gradle.execution.taskgraph.DefaultTaskExecutionGraph$BuildOperationAwareExecutionAction.lambda$execute$0(DefaultTaskExecutionGraph.java:314)
[        ] 	at org.gradle.internal.operations.CurrentBuildOperationRef.with(CurrentBuildOperationRef.java:85)
[        ] 	at org.gradle.execution.taskgraph.DefaultTaskExecutionGraph$BuildOperationAwareExecutionAction.execute(DefaultTaskExecutionGraph.java:314)
[        ] 	at org.gradle.execution.taskgraph.DefaultTaskExecutionGraph$BuildOperationAwareExecutionAction.execute(DefaultTaskExecutionGraph.java:303)
[        ] 	at org.gradle.execution.plan.DefaultPlanExecutor$ExecutorWorker.execute(DefaultPlanExecutor.java:459)
[        ] 	at org.gradle.execution.plan.DefaultPlanExecutor$ExecutorWorker.run(DefaultPlanExecutor.java:376)
[        ] 	at org.gradle.internal.concurrent.ExecutorPolicy$CatchAndRecordFailures.onExecute(ExecutorPolicy.java:64)
[        ] 	at org.gradle.internal.concurrent.AbstractManagedExecutor$1.run(AbstractManagedExecutor.java:48)
[        ] 	at java.base/java.util.concurrent.ThreadPoolExecutor.runWorker(Unknown Source)
[        ] 	at java.base/java.util.concurrent.ThreadPoolExecutor$Worker.run(Unknown Source)
[        ] 	at java.base/java.lang.Thread.run(Unknown Source)
[        ] Caused by: java.lang.NullPointerException
[        ] 	at com.android.build.gradle.internal.tasks.FinalizeBundleTask$BundleToolRunnable.run(FinalizeBundleTask.kt:171)
[        ] 	at com.android.build.gradle.internal.profile.ProfileAwareWorkAction.execute(ProfileAwareWorkAction.kt:74)
[        ] 	at org.gradle.workers.internal.DefaultWorkerServer.execute(DefaultWorkerServer.java:63)
[        ] 	at org.gradle.workers.internal.NoIsolationWorkerFactory$1$1.create(NoIsolationWorkerFactory.java:66)
[        ] 	at org.gradle.workers.internal.NoIsolationWorkerFactory$1$1.create(NoIsolationWorkerFactory.java:62)
[        ] 	at org.gradle.internal.classloader.ClassLoaderUtils.executeInClassloader(ClassLoaderUtils.java:100)
[        ] 	at org.gradle.workers.internal.NoIsolationWorkerFactory$1.lambda$execute$0(NoIsolationWorkerFactory.java:62)
[        ] 	at org.gradle.workers.internal.AbstractWorker$1.call(AbstractWorker.java:44)
[        ] 	at org.gradle.workers.internal.AbstractWorker$1.call(AbstractWorker.java:41)
[        ] 	at org.gradle.internal.operations.DefaultBuildOperationRunner$CallableBuildOperationWorker.execute(DefaultBuildOperationRunner.java:209)
[        ] 	at org.gradle.internal.operations.DefaultBuildOperationRunner$CallableBuildOperationWorker.execute(DefaultBuildOperationRunner.java:204)
[        ] 	at org.gradle.internal.operations.DefaultBuildOperationRunner$2.execute(DefaultBuildOperationRunner.java:66)
[        ] 	at org.gradle.internal.operations.DefaultBuildOperationRunner$2.execute(DefaultBuildOperationRunner.java:59)
[        ] 	at org.gradle.internal.operations.DefaultBuildOperationRunner.execute(DefaultBuildOperationRunner.java:166)
[        ] 	at org.gradle.internal.operations.DefaultBuildOperationRunner.execute(DefaultBuildOperationRunner.java:59)
[        ] 	at org.gradle.internal.operations.DefaultBuildOperationRunner.call(DefaultBuildOperationRunner.java:53)
[        ] 	at org.gradle.workers.internal.AbstractWorker.executeWrappedInBuildOperation(AbstractWorker.java:41)
[        ] 	at org.gradle.workers.internal.NoIsolationWorkerFactory$1.execute(NoIsolationWorkerFactory.java:59)
[        ] 	at org.gradle.workers.internal.DefaultWorkerExecutor.lambda$submitWork$0(DefaultWorkerExecutor.java:174)
[        ] 	at java.base/java.util.concurrent.FutureTask.run(Unknown Source)
[        ] 	at org.gradle.internal.work.DefaultConditionalExecutionQueue$ExecutionRunner.runExecution(DefaultConditionalExecutionQueue.java:195)
[        ] 	at org.gradle.internal.work.DefaultConditionalExecutionQueue$ExecutionRunner.access$700(DefaultConditionalExecutionQueue.java:128)
[        ] 	at org.gradle.internal.work.DefaultConditionalExecutionQueue$ExecutionRunner$1.run(DefaultConditionalExecutionQueue.java:170)
[        ] 	at org.gradle.internal.Factories$1.create(Factories.java:31)
[   +3 ms] 	at org.gradle.internal.work.DefaultWorkerLeaseService.withLocks(DefaultWorkerLeaseService.java:267)
[        ] 	at org.gradle.internal.work.DefaultWorkerLeaseService.runAsWorkerThread(DefaultWorkerLeaseService.java:131)
[        ] 	at org.gradle.internal.work.DefaultWorkerLeaseService.runAsWorkerThread(DefaultWorkerLeaseService.java:136)
[        ] 	at org.gradle.internal.work.DefaultConditionalExecutionQueue$ExecutionRunner.runBatch(DefaultConditionalExecutionQueue.java:165)
[        ] 	at org.gradle.internal.work.DefaultConditionalExecutionQueue$ExecutionRunner.run(DefaultConditionalExecutionQueue.java:134)
[        ] 	at java.base/java.util.concurrent.Executors$RunnableAdapter.call(Unknown Source)
[        ] 	at java.base/java.util.concurrent.FutureTask.run(Unknown Source)
[        ] 	... 5 more
[        ] BUILD FAILED in 24s
[        ] 329 actionable tasks: 12 executed, 317 up-to-date
[  +67 ms] Watched directory hierarchies: [C:\dev\flutter\packages\flutter_tools\gradle, C:\Users\jakao\Proyectos\app_gestor\android]
[ +210 ms] Running Gradle task 'bundleRelease'... (completed in 24,8s)
[ +101 ms] "flutter appbundle" took 26.114ms.
[ +141 ms] Gradle task bundleRelease failed with exit code 1
[        ] 
           #0      throwToolExit (package:flutter_tools/src/base/common.dart:34:3)
           #1      AndroidGradleBuilder.buildGradleApp (package:flutter_tools/src/android/gradle.dart:600:7)
           <asynchronous suspension>
           #2      AndroidGradleBuilder.buildAab (package:flutter_tools/src/android/gradle.dart:260:5)
           <asynchronous suspension>
           #3      BuildAppBundleCommand.runCommand (package:flutter_tools/src/commands/build_appbundle.dart:168:5)
           <asynchronous suspension>
           #4      FlutterCommand.run.<anonymous closure> (package:flutter_tools/src/runner/flutter_command.dart:1581:27)
           <asynchronous suspension>
           #5      AppContext.run.<anonymous closure> (package:flutter_tools/src/base/context.dart:154:19)
           <asynchronous suspension>
           #6      CommandRunner.runCommand (package:args/command_runner.dart:212:13)
           <asynchronous suspension>
           #7      FlutterCommandRunner.runCommand.<anonymous closure> (package:flutter_tools/src/runner/flutter_command_runner.dart:503:9)
           <asynchronous suspension>
           #8      AppContext.run.<anonymous closure> (package:flutter_tools/src/base/context.dart:154:19)
           <asynchronous suspension>
           #9      FlutterCommandRunner.runCommand (package:flutter_tools/src/runner/flutter_command_runner.dart:438:5)
           <asynchronous suspension>
           #10     run.<anonymous closure>.<anonymous closure> (package:flutter_tools/runner.dart:98:11)
           <asynchronous suspension>
           #11     AppContext.run.<anonymous closure> (package:flutter_tools/src/base/context.dart:154:19)
           <asynchronous suspension>
           #12     main (package:flutter_tools/executable.dart:101:3)
           <asynchronous suspension>


[        ] Running 1 shutdown hook
[   +1 ms] Shutdown hooks complete
[ +151 ms] exiting with code 1
